OpenBLAS: Detecting fortran compiler failed. Cannot compile LAPACK. Only compile BLAS.
make[1]: 进入目录“/home/gxw/Code/community/OpenBLAS/interface”
cc -O2 -DMAX_STACK_ALLOC=2048 -Wall -m64 -DF_INTERFACE_GFORT -fPIC -DNO_LAPACK -DNO_LAPACKE -DSMP_SERVER -DNO_WARMUP -DMAX_CPU_NUMBER=4 -DMAX_PARALLEL_NUMBER=1 -DBUILD_SINGLE=1 -DBUILD_DOUBLE=1 -DBUILD_COMPLEX=1 -DBUILD_COMPLEX16=1 -DVERSION=\"0.3.17.dev\" -msse3 -mssse3 -msse4.1 -mavx -mavx2 -mavx2 -UASMNAME -UASMFNAME -UNAME -UCNAME -UCHAR_NAME -UCHAR_CNAME -DASMNAME=saxpy -DASMFNAME=saxpy_ -DNAME=saxpy_ -DCNAME=saxpy -DCHAR_NAME=\"saxpy_\" -DCHAR_CNAME=\"saxpy\" -DNO_AFFINITY -I.. -I. -UDOUBLE  -UCOMPLEX -c axpy.c -o saxpy.o
cc -O2 -DMAX_STACK_ALLOC=2048 -Wall -m64 -DF_INTERFACE_GFORT -fPIC -DNO_LAPACK -DNO_LAPACKE -DSMP_SERVER -DNO_WARMUP -DMAX_CPU_NUMBER=4 -DMAX_PARALLEL_NUMBER=1 -DBUILD_SINGLE=1 -DBUILD_DOUBLE=1 -DBUILD_COMPLEX=1 -DBUILD_COMPLEX16=1 -DVERSION=\"0.3.17.dev\" -msse3 -mssse3 -msse4.1 -mavx -mavx2 -mavx2 -UASMNAME -UASMFNAME -UNAME -UCNAME -UCHAR_NAME -UCHAR_CNAME -DASMNAME=sswap -DASMFNAME=sswap_ -DNAME=sswap_ -DCNAME=sswap -DCHAR_NAME=\"sswap_\" -DCHAR_CNAME=\"sswap\" -DNO_AFFINITY -I.. -I. -UDOUBLE  -UCOMPLEX -c swap.c -o sswap.o
cc -O2 -DMAX_STACK_ALLOC=2048 -Wall -m64 -DF_INTERFACE_GFORT -fPIC -DNO_LAPACK -DNO_LAPACKE -DSMP_SERVER -DNO_WARMUP -DMAX_CPU_NUMBER=4 -DMAX_PARALLEL_NUMBER=1 -DBUILD_SINGLE=1 -DBUILD_DOUBLE=1 -DBUILD_COMPLEX=1 -DBUILD_COMPLEX16=1 -DVERSION=\"0.3.17.dev\" -msse3 -mssse3 -msse4.1 -mavx -mavx2 -mavx2 -UASMNAME -UASMFNAME -UNAME -UCNAME -UCHAR_NAME -UCHAR_CNAME -DASMNAME=scopy -DASMFNAME=scopy_ -DNAME=scopy_ -DCNAME=scopy -DCHAR_NAME=\"scopy_\" -DCHAR_CNAME=\"scopy\" -DNO_AFFINITY -I.. -I. -UDOUBLE  -UCOMPLEX -c copy.c -o scopy.o
cc -O2 -DMAX_STACK_ALLOC=2048 -Wall -m64 -DF_INTERFACE_GFORT -fPIC -DNO_LAPACK -DNO_LAPACKE -DSMP_SERVER -DNO_WARMUP -DMAX_CPU_NUMBER=4 -DMAX_PARALLEL_NUMBER=1 -DBUILD_SINGLE=1 -DBUILD_DOUBLE=1 -DBUILD_COMPLEX=1 -DBUILD_COMPLEX16=1 -DVERSION=\"0.3.17.dev\" -msse3 -mssse3 -msse4.1 -mavx -mavx2 -mavx2 -UASMNAME -UASMFNAME -UNAME -UCNAME -UCHAR_NAME -UCHAR_CNAME -DASMNAME=sscal -DASMFNAME=sscal_ -DNAME=sscal_ -DCNAME=sscal -DCHAR_NAME=\"sscal_\" -DCHAR_CNAME=\"sscal\" -DNO_AFFINITY -I.. -I. -UDOUBLE  -UCOMPLEX -c scal.c -o sscal.o
cc -O2 -DMAX_STACK_ALLOC=2048 -Wall -m64 -DF_INTERFACE_GFORT -fPIC -DNO_LAPACK -DNO_LAPACKE -DSMP_SERVER -DNO_WARMUP -DMAX_CPU_NUMBER=4 -DMAX_PARALLEL_NUMBER=1 -DBUILD_SINGLE=1 -DBUILD_DOUBLE=1 -DBUILD_COMPLEX=1 -DBUILD_COMPLEX16=1 -DVERSION=\"0.3.17.dev\" -msse3 -mssse3 -msse4.1 -mavx -mavx2 -mavx2 -UASMNAME -UASMFNAME -UNAME -UCNAME -UCHAR_NAME -UCHAR_CNAME -DASMNAME=sdot -DASMFNAME=sdot_ -DNAME=sdot_ -DCNAME=sdot -DCHAR_NAME=\"sdot_\" -DCHAR_CNAME=\"sdot\" -DNO_AFFINITY -I.. -I. -UDOUBLE  -UCOMPLEX -c dot.c -o sdot.o
cc -O2 -DMAX_STACK_ALLOC=2048 -Wall -m64 -DF_INTERFACE_GFORT -fPIC -DNO_LAPACK -DNO_LAPACKE -DSMP_SERVER -DNO_WARMUP -DMAX_CPU_NUMBER=4 -DMAX_PARALLEL_NUMBER=1 -DBUILD_SINGLE=1 -DBUILD_DOUBLE=1 -DBUILD_COMPLEX=1 -DBUILD_COMPLEX16=1 -DVERSION=\"0.3.17.dev\" -msse3 -mssse3 -msse4.1 -mavx -mavx2 -mavx2 -UASMNAME -UASMFNAME -UNAME -UCNAME -UCHAR_NAME -UCHAR_CNAME -DASMNAME=sdsdot -DASMFNAME=sdsdot_ -DNAME=sdsdot_ -DCNAME=sdsdot -DCHAR_NAME=\"sdsdot_\" -DCHAR_CNAME=\"sdsdot\" -DNO_AFFINITY -I.. -I. -UDOUBLE  -UCOMPLEX -c sdsdot.c -o sdsdot.o
cc -O2 -DMAX_STACK_ALLOC=2048 -Wall -m64 -DF_INTERFACE_GFORT -fPIC -DNO_LAPACK -DNO_LAPACKE -DSMP_SERVER -DNO_WARMUP -DMAX_CPU_NUMBER=4 -DMAX_PARALLEL_NUMBER=1 -DBUILD_SINGLE=1 -DBUILD_DOUBLE=1 -DBUILD_COMPLEX=1 -DBUILD_COMPLEX16=1 -DVERSION=\"0.3.17.dev\" -msse3 -mssse3 -msse4.1 -mavx -mavx2 -mavx2 -UASMNAME -UASMFNAME -UNAME -UCNAME -UCHAR_NAME -UCHAR_CNAME -DASMNAME=dsdot -DASMFNAME=dsdot_ -DNAME=dsdot_ -DCNAME=dsdot -DCHAR_NAME=\"dsdot_\" -DCHAR_CNAME=\"dsdot\" -DNO_AFFINITY -I.. -I. -UDOUBLE  -UCOMPLEX -c dsdot.c -o dsdot.o
cc -O2 -DMAX_STACK_ALLOC=2048 -Wall -m64 -DF_INTERFACE_GFORT -fPIC -DNO_LAPACK -DNO_LAPACKE -DSMP_SERVER -DNO_WARMUP -DMAX_CPU_NUMBER=4 -DMAX_PARALLEL_NUMBER=1 -DBUILD_SINGLE=1 -DBUILD_DOUBLE=1 -DBUILD_COMPLEX=1 -DBUILD_COMPLEX16=1 -DVERSION=\"0.3.17.dev\" -msse3 -mssse3 -msse4.1 -mavx -mavx2 -mavx2 -UASMNAME -UASMFNAME -UNAME -UCNAME -UCHAR_NAME -UCHAR_CNAME -DASMNAME=sasum -DASMFNAME=sasum_ -DNAME=sasum_ -DCNAME=sasum -DCHAR_NAME=\"sasum_\" -DCHAR_CNAME=\"sasum\" -DNO_AFFINITY -I.. -I. -UDOUBLE  -UCOMPLEX -c asum.c -o sasum.o
cc -O2 -DMAX_STACK_ALLOC=2048 -Wall -m64 -DF_INTERFACE_GFORT -fPIC -DNO_LAPACK -DNO_LAPACKE -DSMP_SERVER -DNO_WARMUP -DMAX_CPU_NUMBER=4 -DMAX_PARALLEL_NUMBER=1 -DBUILD_SINGLE=1 -DBUILD_DOUBLE=1 -DBUILD_COMPLEX=1 -DBUILD_COMPLEX16=1 -DVERSION=\"0.3.17.dev\" -msse3 -mssse3 -msse4.1 -mavx -mavx2 -mavx2 -UASMNAME -UASMFNAME -UNAME -UCNAME -UCHAR_NAME -UCHAR_CNAME -DASMNAME=ssum -DASMFNAME=ssum_ -DNAME=ssum_ -DCNAME=ssum -DCHAR_NAME=\"ssum_\" -DCHAR_CNAME=\"ssum\" -DNO_AFFINITY -I.. -I. -UDOUBLE  -UCOMPLEX -c sum.c -o ssum.o
cc -O2 -DMAX_STACK_ALLOC=2048 -Wall -m64 -DF_INTERFACE_GFORT -fPIC -DNO_LAPACK -DNO_LAPACKE -DSMP_SERVER -DNO_WARMUP -DMAX_CPU_NUMBER=4 -DMAX_PARALLEL_NUMBER=1 -DBUILD_SINGLE=1 -DBUILD_DOUBLE=1 -DBUILD_COMPLEX=1 -DBUILD_COMPLEX16=1 -DVERSION=\"0.3.17.dev\" -msse3 -mssse3 -msse4.1 -mavx -mavx2 -mavx2 -UASMNAME -UASMFNAME -UNAME -UCNAME -UCHAR_NAME -UCHAR_CNAME -DASMNAME=snrm2 -DASMFNAME=snrm2_ -DNAME=snrm2_ -DCNAME=snrm2 -DCHAR_NAME=\"snrm2_\" -DCHAR_CNAME=\"snrm2\" -DNO_AFFINITY -I.. -I. -UDOUBLE  -UCOMPLEX -c nrm2.c -o snrm2.o
cc -O2 -DMAX_STACK_ALLOC=2048 -Wall -m64 -DF_INTERFACE_GFORT -fPIC -DNO_LAPACK -DNO_LAPACKE -DSMP_SERVER -DNO_WARMUP -DMAX_CPU_NUMBER=4 -DMAX_PARALLEL_NUMBER=1 -DBUILD_SINGLE=1 -DBUILD_DOUBLE=1 -DBUILD_COMPLEX=1 -DBUILD_COMPLEX16=1 -DVERSION=\"0.3.17.dev\" -msse3 -mssse3 -msse4.1 -mavx -mavx2 -mavx2 -UASMNAME -UASMFNAME -UNAME -UCNAME -UCHAR_NAME -UCHAR_CNAME -DASMNAME=smax -DASMFNAME=smax_ -DNAME=smax_ -DCNAME=smax -DCHAR_NAME=\"smax_\" -DCHAR_CNAME=\"smax\" -DNO_AFFINITY -I.. -I. -UDOUBLE  -UCOMPLEX -c -UUSE_ABS -UUSE_MIN max.c -o smax.o
cc -O2 -DMAX_STACK_ALLOC=2048 -Wall -m64 -DF_INTERFACE_GFORT -fPIC -DNO_LAPACK -DNO_LAPACKE -DSMP_SERVER -DNO_WARMUP -DMAX_CPU_NUMBER=4 -DMAX_PARALLEL_NUMBER=1 -DBUILD_SINGLE=1 -DBUILD_DOUBLE=1 -DBUILD_COMPLEX=1 -DBUILD_COMPLEX16=1 -DVERSION=\"0.3.17.dev\" -msse3 -mssse3 -msse4.1 -mavx -mavx2 -mavx2 -UASMNAME -UASMFNAME -UNAME -UCNAME -UCHAR_NAME -UCHAR_CNAME -DASMNAME=samax -DASMFNAME=samax_ -DNAME=samax_ -DCNAME=samax -DCHAR_NAME=\"samax_\" -DCHAR_CNAME=\"samax\" -DNO_AFFINITY -I.. -I. -UDOUBLE  -UCOMPLEX -c -DUSE_ABS -UUSE_MIN max.c -o samax.o
cc -O2 -DMAX_STACK_ALLOC=2048 -Wall -m64 -DF_INTERFACE_GFORT -fPIC -DNO_LAPACK -DNO_LAPACKE -DSMP_SERVER -DNO_WARMUP -DMAX_CPU_NUMBER=4 -DMAX_PARALLEL_NUMBER=1 -DBUILD_SINGLE=1 -DBUILD_DOUBLE=1 -DBUILD_COMPLEX=1 -DBUILD_COMPLEX16=1 -DVERSION=\"0.3.17.dev\" -msse3 -mssse3 -msse4.1 -mavx -mavx2 -mavx2 -UASMNAME -UASMFNAME -UNAME -UCNAME -UCHAR_NAME -UCHAR_CNAME -DASMNAME=ismax -DASMFNAME=ismax_ -DNAME=ismax_ -DCNAME=ismax -DCHAR_NAME=\"ismax_\" -DCHAR_CNAME=\"ismax\" -DNO_AFFINITY -I.. -I. -UDOUBLE  -UCOMPLEX -c -UUSE_ABS -UUSE_MIN imax.c -o ismax.o
cc -O2 -DMAX_STACK_ALLOC=2048 -Wall -m64 -DF_INTERFACE_GFORT -fPIC -DNO_LAPACK -DNO_LAPACKE -DSMP_SERVER -DNO_WARMUP -DMAX_CPU_NUMBER=4 -DMAX_PARALLEL_NUMBER=1 -DBUILD_SINGLE=1 -DBUILD_DOUBLE=1 -DBUILD_COMPLEX=1 -DBUILD_COMPLEX16=1 -DVERSION=\"0.3.17.dev\" -msse3 -mssse3 -msse4.1 -mavx -mavx2 -mavx2 -UASMNAME -UASMFNAME -UNAME -UCNAME -UCHAR_NAME -UCHAR_CNAME -DASMNAME=isamax -DASMFNAME=isamax_ -DNAME=isamax_ -DCNAME=isamax -DCHAR_NAME=\"isamax_\" -DCHAR_CNAME=\"isamax\" -DNO_AFFINITY -I.. -I. -UDOUBLE  -UCOMPLEX -c -DUSE_ABS -UUSE_MIN imax.c -o isamax.o
cc -O2 -DMAX_STACK_ALLOC=2048 -Wall -m64 -DF_INTERFACE_GFORT -fPIC -DNO_LAPACK -DNO_LAPACKE -DSMP_SERVER -DNO_WARMUP -DMAX_CPU_NUMBER=4 -DMAX_PARALLEL_NUMBER=1 -DBUILD_SINGLE=1 -DBUILD_DOUBLE=1 -DBUILD_COMPLEX=1 -DBUILD_COMPLEX16=1 -DVERSION=\"0.3.17.dev\" -msse3 -mssse3 -msse4.1 -mavx -mavx2 -mavx2 -UASMNAME -UASMFNAME -UNAME -UCNAME -UCHAR_NAME -UCHAR_CNAME -DASMNAME=smin -DASMFNAME=smin_ -DNAME=smin_ -DCNAME=smin -DCHAR_NAME=\"smin_\" -DCHAR_CNAME=\"smin\" -DNO_AFFINITY -I.. -I. -UDOUBLE  -UCOMPLEX -c -UUSE_ABS -DUSE_MIN max.c -o smin.o
cc -O2 -DMAX_STACK_ALLOC=2048 -Wall -m64 -DF_INTERFACE_GFORT -fPIC -DNO_LAPACK -DNO_LAPACKE -DSMP_SERVER -DNO_WARMUP -DMAX_CPU_NUMBER=4 -DMAX_PARALLEL_NUMBER=1 -DBUILD_SINGLE=1 -DBUILD_DOUBLE=1 -DBUILD_COMPLEX=1 -DBUILD_COMPLEX16=1 -DVERSION=\"0.3.17.dev\" -msse3 -mssse3 -msse4.1 -mavx -mavx2 -mavx2 -UASMNAME -UASMFNAME -UNAME -UCNAME -UCHAR_NAME -UCHAR_CNAME -DASMNAME=samin -DASMFNAME=samin_ -DNAME=samin_ -DCNAME=samin -DCHAR_NAME=\"samin_\" -DCHAR_CNAME=\"samin\" -DNO_AFFINITY -I.. -I. -UDOUBLE  -UCOMPLEX -c -DUSE_ABS -DUSE_MIN max.c -o samin.o
cc -O2 -DMAX_STACK_ALLOC=2048 -Wall -m64 -DF_INTERFACE_GFORT -fPIC -DNO_LAPACK -DNO_LAPACKE -DSMP_SERVER -DNO_WARMUP -DMAX_CPU_NUMBER=4 -DMAX_PARALLEL_NUMBER=1 -DBUILD_SINGLE=1 -DBUILD_DOUBLE=1 -DBUILD_COMPLEX=1 -DBUILD_COMPLEX16=1 -DVERSION=\"0.3.17.dev\" -msse3 -mssse3 -msse4.1 -mavx -mavx2 -mavx2 -UASMNAME -UASMFNAME -UNAME -UCNAME -UCHAR_NAME -UCHAR_CNAME -DASMNAME=ismin -DASMFNAME=ismin_ -DNAME=ismin_ -DCNAME=ismin -DCHAR_NAME=\"ismin_\" -DCHAR_CNAME=\"ismin\" -DNO_AFFINITY -I.. -I. -UDOUBLE  -UCOMPLEX -c -UUSE_ABS -DUSE_MIN imax.c -o ismin.o
cc -O2 -DMAX_STACK_ALLOC=2048 -Wall -m64 -DF_INTERFACE_GFORT -fPIC -DNO_LAPACK -DNO_LAPACKE -DSMP_SERVER -DNO_WARMUP -DMAX_CPU_NUMBER=4 -DMAX_PARALLEL_NUMBER=1 -DBUILD_SINGLE=1 -DBUILD_DOUBLE=1 -DBUILD_COMPLEX=1 -DBUILD_COMPLEX16=1 -DVERSION=\"0.3.17.dev\" -msse3 -mssse3 -msse4.1 -mavx -mavx2 -mavx2 -UASMNAME -UASMFNAME -UNAME -UCNAME -UCHAR_NAME -UCHAR_CNAME -DASMNAME=isamin -DASMFNAME=isamin_ -DNAME=isamin_ -DCNAME=isamin -DCHAR_NAME=\"isamin_\" -DCHAR_CNAME=\"isamin\" -DNO_AFFINITY -I.. -I. -UDOUBLE  -UCOMPLEX -c -DUSE_ABS -DUSE_MIN imax.c -o isamin.o
cc -O2 -DMAX_STACK_ALLOC=2048 -Wall -m64 -DF_INTERFACE_GFORT -fPIC -DNO_LAPACK -DNO_LAPACKE -DSMP_SERVER -DNO_WARMUP -DMAX_CPU_NUMBER=4 -DMAX_PARALLEL_NUMBER=1 -DBUILD_SINGLE=1 -DBUILD_DOUBLE=1 -DBUILD_COMPLEX=1 -DBUILD_COMPLEX16=1 -DVERSION=\"0.3.17.dev\" -msse3 -mssse3 -msse4.1 -mavx -mavx2 -mavx2 -UASMNAME -UASMFNAME -UNAME -UCNAME -UCHAR_NAME -UCHAR_CNAME -DASMNAME=srot -DASMFNAME=srot_ -DNAME=srot_ -DCNAME=srot -DCHAR_NAME=\"srot_\" -DCHAR_CNAME=\"srot\" -DNO_AFFINITY -I.. -I. -UDOUBLE  -UCOMPLEX -c rot.c -o srot.o
cc -c -O2 -DMAX_STACK_ALLOC=2048 -Wall -m64 -DF_INTERFACE_GFORT -fPIC -DNO_LAPACK -DNO_LAPACKE -DSMP_SERVER -DNO_WARMUP -DMAX_CPU_NUMBER=4 -DMAX_PARALLEL_NUMBER=1 -DBUILD_SINGLE=1 -DBUILD_DOUBLE=1 -DBUILD_COMPLEX=1 -DBUILD_COMPLEX16=1 -DVERSION=\"0.3.17.dev\" -msse3 -mssse3 -msse4.1 -mavx -mavx2 -mavx2 -UASMNAME -UASMFNAME -UNAME -UCNAME -UCHAR_NAME -UCHAR_CNAME -DASMNAME=srotg -DASMFNAME=srotg_ -DNAME=srotg_ -DCNAME=srotg -DCHAR_NAME=\"srotg_\" -DCHAR_CNAME=\"srotg\" -DNO_AFFINITY -I.. -I. -UDOUBLE  -UCOMPLEX rotg.c -o srotg.o
cc -c -O2 -DMAX_STACK_ALLOC=2048 -Wall -m64 -DF_INTERFACE_GFORT -fPIC -DNO_LAPACK -DNO_LAPACKE -DSMP_SERVER -DNO_WARMUP -DMAX_CPU_NUMBER=4 -DMAX_PARALLEL_NUMBER=1 -DBUILD_SINGLE=1 -DBUILD_DOUBLE=1 -DBUILD_COMPLEX=1 -DBUILD_COMPLEX16=1 -DVERSION=\"0.3.17.dev\" -msse3 -mssse3 -msse4.1 -mavx -mavx2 -mavx2 -UASMNAME -UASMFNAME -UNAME -UCNAME -UCHAR_NAME -UCHAR_CNAME -DASMNAME=srotm -DASMFNAME=srotm_ -DNAME=srotm_ -DCNAME=srotm -DCHAR_NAME=\"srotm_\" -DCHAR_CNAME=\"srotm\" -DNO_AFFINITY -I.. -I. -UDOUBLE  -UCOMPLEX rotm.c -o srotm.o
cc -c -O2 -DMAX_STACK_ALLOC=2048 -Wall -m64 -DF_INTERFACE_GFORT -fPIC -DNO_LAPACK -DNO_LAPACKE -DSMP_SERVER -DNO_WARMUP -DMAX_CPU_NUMBER=4 -DMAX_PARALLEL_NUMBER=1 -DBUILD_SINGLE=1 -DBUILD_DOUBLE=1 -DBUILD_COMPLEX=1 -DBUILD_COMPLEX16=1 -DVERSION=\"0.3.17.dev\" -msse3 -mssse3 -msse4.1 -mavx -mavx2 -mavx2 -UASMNAME -UASMFNAME -UNAME -UCNAME -UCHAR_NAME -UCHAR_CNAME -DASMNAME=srotmg -DASMFNAME=srotmg_ -DNAME=srotmg_ -DCNAME=srotmg -DCHAR_NAME=\"srotmg_\" -DCHAR_CNAME=\"srotmg\" -DNO_AFFINITY -I.. -I. -UDOUBLE  -UCOMPLEX rotmg.c -o srotmg.o
cc -O2 -DMAX_STACK_ALLOC=2048 -Wall -m64 -DF_INTERFACE_GFORT -fPIC -DNO_LAPACK -DNO_LAPACKE -DSMP_SERVER -DNO_WARMUP -DMAX_CPU_NUMBER=4 -DMAX_PARALLEL_NUMBER=1 -DBUILD_SINGLE=1 -DBUILD_DOUBLE=1 -DBUILD_COMPLEX=1 -DBUILD_COMPLEX16=1 -DVERSION=\"0.3.17.dev\" -msse3 -mssse3 -msse4.1 -mavx -mavx2 -mavx2 -UASMNAME -UASMFNAME -UNAME -UCNAME -UCHAR_NAME -UCHAR_CNAME -DASMNAME=saxpby -DASMFNAME=saxpby_ -DNAME=saxpby_ -DCNAME=saxpby -DCHAR_NAME=\"saxpby_\" -DCHAR_CNAME=\"saxpby\" -DNO_AFFINITY -I.. -I. -UDOUBLE  -UCOMPLEX -c axpby.c -o saxpby.o
cc -O2 -DMAX_STACK_ALLOC=2048 -Wall -m64 -DF_INTERFACE_GFORT -fPIC -DNO_LAPACK -DNO_LAPACKE -DSMP_SERVER -DNO_WARMUP -DMAX_CPU_NUMBER=4 -DMAX_PARALLEL_NUMBER=1 -DBUILD_SINGLE=1 -DBUILD_DOUBLE=1 -DBUILD_COMPLEX=1 -DBUILD_COMPLEX16=1 -DVERSION=\"0.3.17.dev\" -msse3 -mssse3 -msse4.1 -mavx -mavx2 -mavx2 -UASMNAME -UASMFNAME -UNAME -UCNAME -UCHAR_NAME -UCHAR_CNAME -DASMNAME=cblas_isamax -DASMFNAME=cblas_isamax_ -DNAME=cblas_isamax_ -DCNAME=cblas_isamax -DCHAR_NAME=\"cblas_isamax_\" -DCHAR_CNAME=\"cblas_isamax\" -DNO_AFFINITY -I.. -I. -UDOUBLE  -UCOMPLEX -DCBLAS -c -DUSE_ABS -UUSE_MIN imax.c -o cblas_isamax.o
cc -O2 -DMAX_STACK_ALLOC=2048 -Wall -m64 -DF_INTERFACE_GFORT -fPIC -DNO_LAPACK -DNO_LAPACKE -DSMP_SERVER -DNO_WARMUP -DMAX_CPU_NUMBER=4 -DMAX_PARALLEL_NUMBER=1 -DBUILD_SINGLE=1 -DBUILD_DOUBLE=1 -DBUILD_COMPLEX=1 -DBUILD_COMPLEX16=1 -DVERSION=\"0.3.17.dev\" -msse3 -mssse3 -msse4.1 -mavx -mavx2 -mavx2 -UASMNAME -UASMFNAME -UNAME -UCNAME -UCHAR_NAME -UCHAR_CNAME -DASMNAME=cblas_isamin -DASMFNAME=cblas_isamin_ -DNAME=cblas_isamin_ -DCNAME=cblas_isamin -DCHAR_NAME=\"cblas_isamin_\" -DCHAR_CNAME=\"cblas_isamin\" -DNO_AFFINITY -I.. -I. -UDOUBLE  -UCOMPLEX -DCBLAS -c -DUSE_ABS -DUSE_MIN imax.c -o cblas_isamin.o
cc -O2 -DMAX_STACK_ALLOC=2048 -Wall -m64 -DF_INTERFACE_GFORT -fPIC -DNO_LAPACK -DNO_LAPACKE -DSMP_SERVER -DNO_WARMUP -DMAX_CPU_NUMBER=4 -DMAX_PARALLEL_NUMBER=1 -DBUILD_SINGLE=1 -DBUILD_DOUBLE=1 -DBUILD_COMPLEX=1 -DBUILD_COMPLEX16=1 -DVERSION=\"0.3.17.dev\" -msse3 -mssse3 -msse4.1 -mavx -mavx2 -mavx2 -UASMNAME -UASMFNAME -UNAME -UCNAME -UCHAR_NAME -UCHAR_CNAME -DASMNAME=cblas_sasum -DASMFNAME=cblas_sasum_ -DNAME=cblas_sasum_ -DCNAME=cblas_sasum -DCHAR_NAME=\"cblas_sasum_\" -DCHAR_CNAME=\"cblas_sasum\" -DNO_AFFINITY -I.. -I. -UDOUBLE  -UCOMPLEX -DCBLAS -c asum.c -o cblas_sasum.o
cc -O2 -DMAX_STACK_ALLOC=2048 -Wall -m64 -DF_INTERFACE_GFORT -fPIC -DNO_LAPACK -DNO_LAPACKE -DSMP_SERVER -DNO_WARMUP -DMAX_CPU_NUMBER=4 -DMAX_PARALLEL_NUMBER=1 -DBUILD_SINGLE=1 -DBUILD_DOUBLE=1 -DBUILD_COMPLEX=1 -DBUILD_COMPLEX16=1 -DVERSION=\"0.3.17.dev\" -msse3 -mssse3 -msse4.1 -mavx -mavx2 -mavx2 -UASMNAME -UASMFNAME -UNAME -UCNAME -UCHAR_NAME -UCHAR_CNAME -DASMNAME=cblas_saxpy -DASMFNAME=cblas_saxpy_ -DNAME=cblas_saxpy_ -DCNAME=cblas_saxpy -DCHAR_NAME=\"cblas_saxpy_\" -DCHAR_CNAME=\"cblas_saxpy\" -DNO_AFFINITY -I.. -I. -UDOUBLE  -UCOMPLEX -DCBLAS -c axpy.c -o cblas_saxpy.o
cc -O2 -DMAX_STACK_ALLOC=2048 -Wall -m64 -DF_INTERFACE_GFORT -fPIC -DNO_LAPACK -DNO_LAPACKE -DSMP_SERVER -DNO_WARMUP -DMAX_CPU_NUMBER=4 -DMAX_PARALLEL_NUMBER=1 -DBUILD_SINGLE=1 -DBUILD_DOUBLE=1 -DBUILD_COMPLEX=1 -DBUILD_COMPLEX16=1 -DVERSION=\"0.3.17.dev\" -msse3 -mssse3 -msse4.1 -mavx -mavx2 -mavx2 -UASMNAME -UASMFNAME -UNAME -UCNAME -UCHAR_NAME -UCHAR_CNAME -DASMNAME=cblas_scopy -DASMFNAME=cblas_scopy_ -DNAME=cblas_scopy_ -DCNAME=cblas_scopy -DCHAR_NAME=\"cblas_scopy_\" -DCHAR_CNAME=\"cblas_scopy\" -DNO_AFFINITY -I.. -I. -UDOUBLE  -UCOMPLEX -DCBLAS -c copy.c -o cblas_scopy.o
cc -O2 -DMAX_STACK_ALLOC=2048 -Wall -m64 -DF_INTERFACE_GFORT -fPIC -DNO_LAPACK -DNO_LAPACKE -DSMP_SERVER -DNO_WARMUP -DMAX_CPU_NUMBER=4 -DMAX_PARALLEL_NUMBER=1 -DBUILD_SINGLE=1 -DBUILD_DOUBLE=1 -DBUILD_COMPLEX=1 -DBUILD_COMPLEX16=1 -DVERSION=\"0.3.17.dev\" -msse3 -mssse3 -msse4.1 -mavx -mavx2 -mavx2 -UASMNAME -UASMFNAME -UNAME -UCNAME -UCHAR_NAME -UCHAR_CNAME -DASMNAME=cblas_sdot -DASMFNAME=cblas_sdot_ -DNAME=cblas_sdot_ -DCNAME=cblas_sdot -DCHAR_NAME=\"cblas_sdot_\" -DCHAR_CNAME=\"cblas_sdot\" -DNO_AFFINITY -I.. -I. -UDOUBLE  -UCOMPLEX -DCBLAS -c dot.c -o cblas_sdot.o
cc -O2 -DMAX_STACK_ALLOC=2048 -Wall -m64 -DF_INTERFACE_GFORT -fPIC -DNO_LAPACK -DNO_LAPACKE -DSMP_SERVER -DNO_WARMUP -DMAX_CPU_NUMBER=4 -DMAX_PARALLEL_NUMBER=1 -DBUILD_SINGLE=1 -DBUILD_DOUBLE=1 -DBUILD_COMPLEX=1 -DBUILD_COMPLEX16=1 -DVERSION=\"0.3.17.dev\" -msse3 -mssse3 -msse4.1 -mavx -mavx2 -mavx2 -UASMNAME -UASMFNAME -UNAME -UCNAME -UCHAR_NAME -UCHAR_CNAME -DASMNAME=cblas_sdsdot -DASMFNAME=cblas_sdsdot_ -DNAME=cblas_sdsdot_ -DCNAME=cblas_sdsdot -DCHAR_NAME=\"cblas_sdsdot_\" -DCHAR_CNAME=\"cblas_sdsdot\" -DNO_AFFINITY -I.. -I. -UDOUBLE  -UCOMPLEX -DCBLAS -c sdsdot.c -o cblas_sdsdot.o
cc -O2 -DMAX_STACK_ALLOC=2048 -Wall -m64 -DF_INTERFACE_GFORT -fPIC -DNO_LAPACK -DNO_LAPACKE -DSMP_SERVER -DNO_WARMUP -DMAX_CPU_NUMBER=4 -DMAX_PARALLEL_NUMBER=1 -DBUILD_SINGLE=1 -DBUILD_DOUBLE=1 -DBUILD_COMPLEX=1 -DBUILD_COMPLEX16=1 -DVERSION=\"0.3.17.dev\" -msse3 -mssse3 -msse4.1 -mavx -mavx2 -mavx2 -UASMNAME -UASMFNAME -UNAME -UCNAME -UCHAR_NAME -UCHAR_CNAME -DASMNAME=cblas_dsdot -DASMFNAME=cblas_dsdot_ -DNAME=cblas_dsdot_ -DCNAME=cblas_dsdot -DCHAR_NAME=\"cblas_dsdot_\" -DCHAR_CNAME=\"cblas_dsdot\" -DNO_AFFINITY -I.. -I. -UDOUBLE  -UCOMPLEX -DCBLAS -c dsdot.c -o cblas_dsdot.o
cc -O2 -DMAX_STACK_ALLOC=2048 -Wall -m64 -DF_INTERFACE_GFORT -fPIC -DNO_LAPACK -DNO_LAPACKE -DSMP_SERVER -DNO_WARMUP -DMAX_CPU_NUMBER=4 -DMAX_PARALLEL_NUMBER=1 -DBUILD_SINGLE=1 -DBUILD_DOUBLE=1 -DBUILD_COMPLEX=1 -DBUILD_COMPLEX16=1 -DVERSION=\"0.3.17.dev\" -msse3 -mssse3 -msse4.1 -mavx -mavx2 -mavx2 -UASMNAME -UASMFNAME -UNAME -UCNAME -UCHAR_NAME -UCHAR_CNAME -DASMNAME=cblas_srot -DASMFNAME=cblas_srot_ -DNAME=cblas_srot_ -DCNAME=cblas_srot -DCHAR_NAME=\"cblas_srot_\" -DCHAR_CNAME=\"cblas_srot\" -DNO_AFFINITY -I.. -I. -UDOUBLE  -UCOMPLEX -DCBLAS -c rot.c -o cblas_srot.o
cc -O2 -DMAX_STACK_ALLOC=2048 -Wall -m64 -DF_INTERFACE_GFORT -fPIC -DNO_LAPACK -DNO_LAPACKE -DSMP_SERVER -DNO_WARMUP -DMAX_CPU_NUMBER=4 -DMAX_PARALLEL_NUMBER=1 -DBUILD_SINGLE=1 -DBUILD_DOUBLE=1 -DBUILD_COMPLEX=1 -DBUILD_COMPLEX16=1 -DVERSION=\"0.3.17.dev\" -msse3 -mssse3 -msse4.1 -mavx -mavx2 -mavx2 -UASMNAME -UASMFNAME -UNAME -UCNAME -UCHAR_NAME -UCHAR_CNAME -DASMNAME=cblas_srotg -DASMFNAME=cblas_srotg_ -DNAME=cblas_srotg_ -DCNAME=cblas_srotg -DCHAR_NAME=\"cblas_srotg_\" -DCHAR_CNAME=\"cblas_srotg\" -DNO_AFFINITY -I.. -I. -UDOUBLE  -UCOMPLEX -DCBLAS -c rotg.c -o cblas_srotg.o
cc -O2 -DMAX_STACK_ALLOC=2048 -Wall -m64 -DF_INTERFACE_GFORT -fPIC -DNO_LAPACK -DNO_LAPACKE -DSMP_SERVER -DNO_WARMUP -DMAX_CPU_NUMBER=4 -DMAX_PARALLEL_NUMBER=1 -DBUILD_SINGLE=1 -DBUILD_DOUBLE=1 -DBUILD_COMPLEX=1 -DBUILD_COMPLEX16=1 -DVERSION=\"0.3.17.dev\" -msse3 -mssse3 -msse4.1 -mavx -mavx2 -mavx2 -UASMNAME -UASMFNAME -UNAME -UCNAME -UCHAR_NAME -UCHAR_CNAME -DASMNAME=cblas_srotm -DASMFNAME=cblas_srotm_ -DNAME=cblas_srotm_ -DCNAME=cblas_srotm -DCHAR_NAME=\"cblas_srotm_\" -DCHAR_CNAME=\"cblas_srotm\" -DNO_AFFINITY -I.. -I. -UDOUBLE  -UCOMPLEX -DCBLAS -c rotm.c -o cblas_srotm.o
cc -O2 -DMAX_STACK_ALLOC=2048 -Wall -m64 -DF_INTERFACE_GFORT -fPIC -DNO_LAPACK -DNO_LAPACKE -DSMP_SERVER -DNO_WARMUP -DMAX_CPU_NUMBER=4 -DMAX_PARALLEL_NUMBER=1 -DBUILD_SINGLE=1 -DBUILD_DOUBLE=1 -DBUILD_COMPLEX=1 -DBUILD_COMPLEX16=1 -DVERSION=\"0.3.17.dev\" -msse3 -mssse3 -msse4.1 -mavx -mavx2 -mavx2 -UASMNAME -UASMFNAME -UNAME -UCNAME -UCHAR_NAME -UCHAR_CNAME -DASMNAME=cblas_srotmg -DASMFNAME=cblas_srotmg_ -DNAME=cblas_srotmg_ -DCNAME=cblas_srotmg -DCHAR_NAME=\"cblas_srotmg_\" -DCHAR_CNAME=\"cblas_srotmg\" -DNO_AFFINITY -I.. -I. -UDOUBLE  -UCOMPLEX -DCBLAS -c rotmg.c -o cblas_srotmg.o
cc -O2 -DMAX_STACK_ALLOC=2048 -Wall -m64 -DF_INTERFACE_GFORT -fPIC -DNO_LAPACK -DNO_LAPACKE -DSMP_SERVER -DNO_WARMUP -DMAX_CPU_NUMBER=4 -DMAX_PARALLEL_NUMBER=1 -DBUILD_SINGLE=1 -DBUILD_DOUBLE=1 -DBUILD_COMPLEX=1 -DBUILD_COMPLEX16=1 -DVERSION=\"0.3.17.dev\" -msse3 -mssse3 -msse4.1 -mavx -mavx2 -mavx2 -UASMNAME -UASMFNAME -UNAME -UCNAME -UCHAR_NAME -UCHAR_CNAME -DASMNAME=cblas_sscal -DASMFNAME=cblas_sscal_ -DNAME=cblas_sscal_ -DCNAME=cblas_sscal -DCHAR_NAME=\"cblas_sscal_\" -DCHAR_CNAME=\"cblas_sscal\" -DNO_AFFINITY -I.. -I. -UDOUBLE  -UCOMPLEX -DCBLAS -c scal.c -o cblas_sscal.o
cc -O2 -DMAX_STACK_ALLOC=2048 -Wall -m64 -DF_INTERFACE_GFORT -fPIC -DNO_LAPACK -DNO_LAPACKE -DSMP_SERVER -DNO_WARMUP -DMAX_CPU_NUMBER=4 -DMAX_PARALLEL_NUMBER=1 -DBUILD_SINGLE=1 -DBUILD_DOUBLE=1 -DBUILD_COMPLEX=1 -DBUILD_COMPLEX16=1 -DVERSION=\"0.3.17.dev\" -msse3 -mssse3 -msse4.1 -mavx -mavx2 -mavx2 -UASMNAME -UASMFNAME -UNAME -UCNAME -UCHAR_NAME -UCHAR_CNAME -DASMNAME=cblas_sswap -DASMFNAME=cblas_sswap_ -DNAME=cblas_sswap_ -DCNAME=cblas_sswap -DCHAR_NAME=\"cblas_sswap_\" -DCHAR_CNAME=\"cblas_sswap\" -DNO_AFFINITY -I.. -I. -UDOUBLE  -UCOMPLEX -DCBLAS -c swap.c -o cblas_sswap.o
cc -O2 -DMAX_STACK_ALLOC=2048 -Wall -m64 -DF_INTERFACE_GFORT -fPIC -DNO_LAPACK -DNO_LAPACKE -DSMP_SERVER -DNO_WARMUP -DMAX_CPU_NUMBER=4 -DMAX_PARALLEL_NUMBER=1 -DBUILD_SINGLE=1 -DBUILD_DOUBLE=1 -DBUILD_COMPLEX=1 -DBUILD_COMPLEX16=1 -DVERSION=\"0.3.17.dev\" -msse3 -mssse3 -msse4.1 -mavx -mavx2 -mavx2 -UASMNAME -UASMFNAME -UNAME -UCNAME -UCHAR_NAME -UCHAR_CNAME -DASMNAME=cblas_snrm2 -DASMFNAME=cblas_snrm2_ -DNAME=cblas_snrm2_ -DCNAME=cblas_snrm2 -DCHAR_NAME=\"cblas_snrm2_\" -DCHAR_CNAME=\"cblas_snrm2\" -DNO_AFFINITY -I.. -I. -UDOUBLE  -UCOMPLEX -DCBLAS -c nrm2.c -o cblas_snrm2.o
cc -O2 -DMAX_STACK_ALLOC=2048 -Wall -m64 -DF_INTERFACE_GFORT -fPIC -DNO_LAPACK -DNO_LAPACKE -DSMP_SERVER -DNO_WARMUP -DMAX_CPU_NUMBER=4 -DMAX_PARALLEL_NUMBER=1 -DBUILD_SINGLE=1 -DBUILD_DOUBLE=1 -DBUILD_COMPLEX=1 -DBUILD_COMPLEX16=1 -DVERSION=\"0.3.17.dev\" -msse3 -mssse3 -msse4.1 -mavx -mavx2 -mavx2 -UASMNAME -UASMFNAME -UNAME -UCNAME -UCHAR_NAME -UCHAR_CNAME -DASMNAME=cblas_saxpby -DASMFNAME=cblas_saxpby_ -DNAME=cblas_saxpby_ -DCNAME=cblas_saxpby -DCHAR_NAME=\"cblas_saxpby_\" -DCHAR_CNAME=\"cblas_saxpby\" -DNO_AFFINITY -I.. -I. -UDOUBLE  -UCOMPLEX -DCBLAS -c axpby.c -o cblas_saxpby.o
cc -O2 -DMAX_STACK_ALLOC=2048 -Wall -m64 -DF_INTERFACE_GFORT -fPIC -DNO_LAPACK -DNO_LAPACKE -DSMP_SERVER -DNO_WARMUP -DMAX_CPU_NUMBER=4 -DMAX_PARALLEL_NUMBER=1 -DBUILD_SINGLE=1 -DBUILD_DOUBLE=1 -DBUILD_COMPLEX=1 -DBUILD_COMPLEX16=1 -DVERSION=\"0.3.17.dev\" -msse3 -mssse3 -msse4.1 -mavx -mavx2 -mavx2 -UASMNAME -UASMFNAME -UNAME -UCNAME -UCHAR_NAME -UCHAR_CNAME -DASMNAME=cblas_ismin -DASMFNAME=cblas_ismin_ -DNAME=cblas_ismin_ -DCNAME=cblas_ismin -DCHAR_NAME=\"cblas_ismin_\" -DCHAR_CNAME=\"cblas_ismin\" -DNO_AFFINITY -I.. -I. -UDOUBLE  -UCOMPLEX -DCBLAS -c -UUSE_ABS -DUSE_MIN imax.c -o cblas_ismin.o
cc -O2 -DMAX_STACK_ALLOC=2048 -Wall -m64 -DF_INTERFACE_GFORT -fPIC -DNO_LAPACK -DNO_LAPACKE -DSMP_SERVER -DNO_WARMUP -DMAX_CPU_NUMBER=4 -DMAX_PARALLEL_NUMBER=1 -DBUILD_SINGLE=1 -DBUILD_DOUBLE=1 -DBUILD_COMPLEX=1 -DBUILD_COMPLEX16=1 -DVERSION=\"0.3.17.dev\" -msse3 -mssse3 -msse4.1 -mavx -mavx2 -mavx2 -UASMNAME -UASMFNAME -UNAME -UCNAME -UCHAR_NAME -UCHAR_CNAME -DASMNAME=cblas_ismax -DASMFNAME=cblas_ismax_ -DNAME=cblas_ismax_ -DCNAME=cblas_ismax -DCHAR_NAME=\"cblas_ismax_\" -DCHAR_CNAME=\"cblas_ismax\" -DNO_AFFINITY -I.. -I. -UDOUBLE  -UCOMPLEX -DCBLAS -c -UUSE_ABS -UUSE_MIN imax.c -o cblas_ismax.o
cc -O2 -DMAX_STACK_ALLOC=2048 -Wall -m64 -DF_INTERFACE_GFORT -fPIC -DNO_LAPACK -DNO_LAPACKE -DSMP_SERVER -DNO_WARMUP -DMAX_CPU_NUMBER=4 -DMAX_PARALLEL_NUMBER=1 -DBUILD_SINGLE=1 -DBUILD_DOUBLE=1 -DBUILD_COMPLEX=1 -DBUILD_COMPLEX16=1 -DVERSION=\"0.3.17.dev\" -msse3 -mssse3 -msse4.1 -mavx -mavx2 -mavx2 -UASMNAME -UASMFNAME -UNAME -UCNAME -UCHAR_NAME -UCHAR_CNAME -DASMNAME=cblas_ssum -DASMFNAME=cblas_ssum_ -DNAME=cblas_ssum_ -DCNAME=cblas_ssum -DCHAR_NAME=\"cblas_ssum_\" -DCHAR_CNAME=\"cblas_ssum\" -DNO_AFFINITY -I.. -I. -UDOUBLE  -UCOMPLEX -DCBLAS -c sum.c -o cblas_ssum.o
cc -c -O2 -DMAX_STACK_ALLOC=2048 -Wall -m64 -DF_INTERFACE_GFORT -fPIC -DNO_LAPACK -DNO_LAPACKE -DSMP_SERVER -DNO_WARMUP -DMAX_CPU_NUMBER=4 -DMAX_PARALLEL_NUMBER=1 -DBUILD_SINGLE=1 -DBUILD_DOUBLE=1 -DBUILD_COMPLEX=1 -DBUILD_COMPLEX16=1 -DVERSION=\"0.3.17.dev\" -msse3 -mssse3 -msse4.1 -mavx -mavx2 -mavx2 -UASMNAME -UASMFNAME -UNAME -UCNAME -UCHAR_NAME -UCHAR_CNAME -DASMNAME=sgemv -DASMFNAME=sgemv_ -DNAME=sgemv_ -DCNAME=sgemv -DCHAR_NAME=\"sgemv_\" -DCHAR_CNAME=\"sgemv\" -DNO_AFFINITY -I.. -I. -UDOUBLE  -UCOMPLEX -o sgemv.o gemv.c
cc -c -O2 -DMAX_STACK_ALLOC=2048 -Wall -m64 -DF_INTERFACE_GFORT -fPIC -DNO_LAPACK -DNO_LAPACKE -DSMP_SERVER -DNO_WARMUP -DMAX_CPU_NUMBER=4 -DMAX_PARALLEL_NUMBER=1 -DBUILD_SINGLE=1 -DBUILD_DOUBLE=1 -DBUILD_COMPLEX=1 -DBUILD_COMPLEX16=1 -DVERSION=\"0.3.17.dev\" -msse3 -mssse3 -msse4.1 -mavx -mavx2 -mavx2 -UASMNAME -UASMFNAME -UNAME -UCNAME -UCHAR_NAME -UCHAR_CNAME -DASMNAME=sger -DASMFNAME=sger_ -DNAME=sger_ -DCNAME=sger -DCHAR_NAME=\"sger_\" -DCHAR_CNAME=\"sger\" -DNO_AFFINITY -I.. -I. -UDOUBLE  -UCOMPLEX ger.c -o sger.o
cc -c -O2 -DMAX_STACK_ALLOC=2048 -Wall -m64 -DF_INTERFACE_GFORT -fPIC -DNO_LAPACK -DNO_LAPACKE -DSMP_SERVER -DNO_WARMUP -DMAX_CPU_NUMBER=4 -DMAX_PARALLEL_NUMBER=1 -DBUILD_SINGLE=1 -DBUILD_DOUBLE=1 -DBUILD_COMPLEX=1 -DBUILD_COMPLEX16=1 -DVERSION=\"0.3.17.dev\" -msse3 -mssse3 -msse4.1 -mavx -mavx2 -mavx2 -UASMNAME -UASMFNAME -UNAME -UCNAME -UCHAR_NAME -UCHAR_CNAME -DASMNAME=strsv -DASMFNAME=strsv_ -DNAME=strsv_ -DCNAME=strsv -DCHAR_NAME=\"strsv_\" -DCHAR_CNAME=\"strsv\" -DNO_AFFINITY -I.. -I. -UDOUBLE  -UCOMPLEX trsv.c -o strsv.o
cc -c -O2 -DMAX_STACK_ALLOC=2048 -Wall -m64 -DF_INTERFACE_GFORT -fPIC -DNO_LAPACK -DNO_LAPACKE -DSMP_SERVER -DNO_WARMUP -DMAX_CPU_NUMBER=4 -DMAX_PARALLEL_NUMBER=1 -DBUILD_SINGLE=1 -DBUILD_DOUBLE=1 -DBUILD_COMPLEX=1 -DBUILD_COMPLEX16=1 -DVERSION=\"0.3.17.dev\" -msse3 -mssse3 -msse4.1 -mavx -mavx2 -mavx2 -UASMNAME -UASMFNAME -UNAME -UCNAME -UCHAR_NAME -UCHAR_CNAME -DASMNAME=strmv -DASMFNAME=strmv_ -DNAME=strmv_ -DCNAME=strmv -DCHAR_NAME=\"strmv_\" -DCHAR_CNAME=\"strmv\" -DNO_AFFINITY -I.. -I. -UDOUBLE  -UCOMPLEX trmv.c -o strmv.o
cc -c -O2 -DMAX_STACK_ALLOC=2048 -Wall -m64 -DF_INTERFACE_GFORT -fPIC -DNO_LAPACK -DNO_LAPACKE -DSMP_SERVER -DNO_WARMUP -DMAX_CPU_NUMBER=4 -DMAX_PARALLEL_NUMBER=1 -DBUILD_SINGLE=1 -DBUILD_DOUBLE=1 -DBUILD_COMPLEX=1 -DBUILD_COMPLEX16=1 -DVERSION=\"0.3.17.dev\" -msse3 -mssse3 -msse4.1 -mavx -mavx2 -mavx2 -UASMNAME -UASMFNAME -UNAME -UCNAME -UCHAR_NAME -UCHAR_CNAME -DASMNAME=ssymv -DASMFNAME=ssymv_ -DNAME=ssymv_ -DCNAME=ssymv -DCHAR_NAME=\"ssymv_\" -DCHAR_CNAME=\"ssymv\" -DNO_AFFINITY -I.. -I. -UDOUBLE  -UCOMPLEX symv.c -o ssymv.o
cc -c -O2 -DMAX_STACK_ALLOC=2048 -Wall -m64 -DF_INTERFACE_GFORT -fPIC -DNO_LAPACK -DNO_LAPACKE -DSMP_SERVER -DNO_WARMUP -DMAX_CPU_NUMBER=4 -DMAX_PARALLEL_NUMBER=1 -DBUILD_SINGLE=1 -DBUILD_DOUBLE=1 -DBUILD_COMPLEX=1 -DBUILD_COMPLEX16=1 -DVERSION=\"0.3.17.dev\" -msse3 -mssse3 -msse4.1 -mavx -mavx2 -mavx2 -UASMNAME -UASMFNAME -UNAME -UCNAME -UCHAR_NAME -UCHAR_CNAME -DASMNAME=ssyr -DASMFNAME=ssyr_ -DNAME=ssyr_ -DCNAME=ssyr -DCHAR_NAME=\"ssyr_\" -DCHAR_CNAME=\"ssyr\" -DNO_AFFINITY -I.. -I. -UDOUBLE  -UCOMPLEX syr.c -o ssyr.o
cc -c -O2 -DMAX_STACK_ALLOC=2048 -Wall -m64 -DF_INTERFACE_GFORT -fPIC -DNO_LAPACK -DNO_LAPACKE -DSMP_SERVER -DNO_WARMUP -DMAX_CPU_NUMBER=4 -DMAX_PARALLEL_NUMBER=1 -DBUILD_SINGLE=1 -DBUILD_DOUBLE=1 -DBUILD_COMPLEX=1 -DBUILD_COMPLEX16=1 -DVERSION=\"0.3.17.dev\" -msse3 -mssse3 -msse4.1 -mavx -mavx2 -mavx2 -UASMNAME -UASMFNAME -UNAME -UCNAME -UCHAR_NAME -UCHAR_CNAME -DASMNAME=ssyr2 -DASMFNAME=ssyr2_ -DNAME=ssyr2_ -DCNAME=ssyr2 -DCHAR_NAME=\"ssyr2_\" -DCHAR_CNAME=\"ssyr2\" -DNO_AFFINITY -I.. -I. -UDOUBLE  -UCOMPLEX syr2.c -o ssyr2.o
cc -c -O2 -DMAX_STACK_ALLOC=2048 -Wall -m64 -DF_INTERFACE_GFORT -fPIC -DNO_LAPACK -DNO_LAPACKE -DSMP_SERVER -DNO_WARMUP -DMAX_CPU_NUMBER=4 -DMAX_PARALLEL_NUMBER=1 -DBUILD_SINGLE=1 -DBUILD_DOUBLE=1 -DBUILD_COMPLEX=1 -DBUILD_COMPLEX16=1 -DVERSION=\"0.3.17.dev\" -msse3 -mssse3 -msse4.1 -mavx -mavx2 -mavx2 -UASMNAME -UASMFNAME -UNAME -UCNAME -UCHAR_NAME -UCHAR_CNAME -DASMNAME=sgbmv -DASMFNAME=sgbmv_ -DNAME=sgbmv_ -DCNAME=sgbmv -DCHAR_NAME=\"sgbmv_\" -DCHAR_CNAME=\"sgbmv\" -DNO_AFFINITY -I.. -I. -UDOUBLE  -UCOMPLEX -o sgbmv.o gbmv.c
cc -c -O2 -DMAX_STACK_ALLOC=2048 -Wall -m64 -DF_INTERFACE_GFORT -fPIC -DNO_LAPACK -DNO_LAPACKE -DSMP_SERVER -DNO_WARMUP -DMAX_CPU_NUMBER=4 -DMAX_PARALLEL_NUMBER=1 -DBUILD_SINGLE=1 -DBUILD_DOUBLE=1 -DBUILD_COMPLEX=1 -DBUILD_COMPLEX16=1 -DVERSION=\"0.3.17.dev\" -msse3 -mssse3 -msse4.1 -mavx -mavx2 -mavx2 -UASMNAME -UASMFNAME -UNAME -UCNAME -UCHAR_NAME -UCHAR_CNAME -DASMNAME=ssbmv -DASMFNAME=ssbmv_ -DNAME=ssbmv_ -DCNAME=ssbmv -DCHAR_NAME=\"ssbmv_\" -DCHAR_CNAME=\"ssbmv\" -DNO_AFFINITY -I.. -I. -UDOUBLE  -UCOMPLEX sbmv.c -o ssbmv.o
cc -c -O2 -DMAX_STACK_ALLOC=2048 -Wall -m64 -DF_INTERFACE_GFORT -fPIC -DNO_LAPACK -DNO_LAPACKE -DSMP_SERVER -DNO_WARMUP -DMAX_CPU_NUMBER=4 -DMAX_PARALLEL_NUMBER=1 -DBUILD_SINGLE=1 -DBUILD_DOUBLE=1 -DBUILD_COMPLEX=1 -DBUILD_COMPLEX16=1 -DVERSION=\"0.3.17.dev\" -msse3 -mssse3 -msse4.1 -mavx -mavx2 -mavx2 -UASMNAME -UASMFNAME -UNAME -UCNAME -UCHAR_NAME -UCHAR_CNAME -DASMNAME=sspmv -DASMFNAME=sspmv_ -DNAME=sspmv_ -DCNAME=sspmv -DCHAR_NAME=\"sspmv_\" -DCHAR_CNAME=\"sspmv\" -DNO_AFFINITY -I.. -I. -UDOUBLE  -UCOMPLEX spmv.c -o sspmv.o
cc -c -O2 -DMAX_STACK_ALLOC=2048 -Wall -m64 -DF_INTERFACE_GFORT -fPIC -DNO_LAPACK -DNO_LAPACKE -DSMP_SERVER -DNO_WARMUP -DMAX_CPU_NUMBER=4 -DMAX_PARALLEL_NUMBER=1 -DBUILD_SINGLE=1 -DBUILD_DOUBLE=1 -DBUILD_COMPLEX=1 -DBUILD_COMPLEX16=1 -DVERSION=\"0.3.17.dev\" -msse3 -mssse3 -msse4.1 -mavx -mavx2 -mavx2 -UASMNAME -UASMFNAME -UNAME -UCNAME -UCHAR_NAME -UCHAR_CNAME -DASMNAME=sspr -DASMFNAME=sspr_ -DNAME=sspr_ -DCNAME=sspr -DCHAR_NAME=\"sspr_\" -DCHAR_CNAME=\"sspr\" -DNO_AFFINITY -I.. -I. -UDOUBLE  -UCOMPLEX spr.c -o sspr.o
cc -c -O2 -DMAX_STACK_ALLOC=2048 -Wall -m64 -DF_INTERFACE_GFORT -fPIC -DNO_LAPACK -DNO_LAPACKE -DSMP_SERVER -DNO_WARMUP -DMAX_CPU_NUMBER=4 -DMAX_PARALLEL_NUMBER=1 -DBUILD_SINGLE=1 -DBUILD_DOUBLE=1 -DBUILD_COMPLEX=1 -DBUILD_COMPLEX16=1 -DVERSION=\"0.3.17.dev\" -msse3 -mssse3 -msse4.1 -mavx -mavx2 -mavx2 -UASMNAME -UASMFNAME -UNAME -UCNAME -UCHAR_NAME -UCHAR_CNAME -DASMNAME=sspr2 -DASMFNAME=sspr2_ -DNAME=sspr2_ -DCNAME=sspr2 -DCHAR_NAME=\"sspr2_\" -DCHAR_CNAME=\"sspr2\" -DNO_AFFINITY -I.. -I. -UDOUBLE  -UCOMPLEX spr2.c -o sspr2.o
cc -c -O2 -DMAX_STACK_ALLOC=2048 -Wall -m64 -DF_INTERFACE_GFORT -fPIC -DNO_LAPACK -DNO_LAPACKE -DSMP_SERVER -DNO_WARMUP -DMAX_CPU_NUMBER=4 -DMAX_PARALLEL_NUMBER=1 -DBUILD_SINGLE=1 -DBUILD_DOUBLE=1 -DBUILD_COMPLEX=1 -DBUILD_COMPLEX16=1 -DVERSION=\"0.3.17.dev\" -msse3 -mssse3 -msse4.1 -mavx -mavx2 -mavx2 -UASMNAME -UASMFNAME -UNAME -UCNAME -UCHAR_NAME -UCHAR_CNAME -DASMNAME=stbsv -DASMFNAME=stbsv_ -DNAME=stbsv_ -DCNAME=stbsv -DCHAR_NAME=\"stbsv_\" -DCHAR_CNAME=\"stbsv\" -DNO_AFFINITY -I.. -I. -UDOUBLE  -UCOMPLEX tbsv.c -o stbsv.o
cc -c -O2 -DMAX_STACK_ALLOC=2048 -Wall -m64 -DF_INTERFACE_GFORT -fPIC -DNO_LAPACK -DNO_LAPACKE -DSMP_SERVER -DNO_WARMUP -DMAX_CPU_NUMBER=4 -DMAX_PARALLEL_NUMBER=1 -DBUILD_SINGLE=1 -DBUILD_DOUBLE=1 -DBUILD_COMPLEX=1 -DBUILD_COMPLEX16=1 -DVERSION=\"0.3.17.dev\" -msse3 -mssse3 -msse4.1 -mavx -mavx2 -mavx2 -UASMNAME -UASMFNAME -UNAME -UCNAME -UCHAR_NAME -UCHAR_CNAME -DASMNAME=stbmv -DASMFNAME=stbmv_ -DNAME=stbmv_ -DCNAME=stbmv -DCHAR_NAME=\"stbmv_\" -DCHAR_CNAME=\"stbmv\" -DNO_AFFINITY -I.. -I. -UDOUBLE  -UCOMPLEX tbmv.c -o stbmv.o
cc -c -O2 -DMAX_STACK_ALLOC=2048 -Wall -m64 -DF_INTERFACE_GFORT -fPIC -DNO_LAPACK -DNO_LAPACKE -DSMP_SERVER -DNO_WARMUP -DMAX_CPU_NUMBER=4 -DMAX_PARALLEL_NUMBER=1 -DBUILD_SINGLE=1 -DBUILD_DOUBLE=1 -DBUILD_COMPLEX=1 -DBUILD_COMPLEX16=1 -DVERSION=\"0.3.17.dev\" -msse3 -mssse3 -msse4.1 -mavx -mavx2 -mavx2 -UASMNAME -UASMFNAME -UNAME -UCNAME -UCHAR_NAME -UCHAR_CNAME -DASMNAME=stpsv -DASMFNAME=stpsv_ -DNAME=stpsv_ -DCNAME=stpsv -DCHAR_NAME=\"stpsv_\" -DCHAR_CNAME=\"stpsv\" -DNO_AFFINITY -I.. -I. -UDOUBLE  -UCOMPLEX tpsv.c -o stpsv.o
cc -c -O2 -DMAX_STACK_ALLOC=2048 -Wall -m64 -DF_INTERFACE_GFORT -fPIC -DNO_LAPACK -DNO_LAPACKE -DSMP_SERVER -DNO_WARMUP -DMAX_CPU_NUMBER=4 -DMAX_PARALLEL_NUMBER=1 -DBUILD_SINGLE=1 -DBUILD_DOUBLE=1 -DBUILD_COMPLEX=1 -DBUILD_COMPLEX16=1 -DVERSION=\"0.3.17.dev\" -msse3 -mssse3 -msse4.1 -mavx -mavx2 -mavx2 -UASMNAME -UASMFNAME -UNAME -UCNAME -UCHAR_NAME -UCHAR_CNAME -DASMNAME=stpmv -DASMFNAME=stpmv_ -DNAME=stpmv_ -DCNAME=stpmv -DCHAR_NAME=\"stpmv_\" -DCHAR_CNAME=\"stpmv\" -DNO_AFFINITY -I.. -I. -UDOUBLE  -UCOMPLEX tpmv.c -o stpmv.o
cc -DCBLAS -c -O2 -DMAX_STACK_ALLOC=2048 -Wall -m64 -DF_INTERFACE_GFORT -fPIC -DNO_LAPACK -DNO_LAPACKE -DSMP_SERVER -DNO_WARMUP -DMAX_CPU_NUMBER=4 -DMAX_PARALLEL_NUMBER=1 -DBUILD_SINGLE=1 -DBUILD_DOUBLE=1 -DBUILD_COMPLEX=1 -DBUILD_COMPLEX16=1 -DVERSION=\"0.3.17.dev\" -msse3 -mssse3 -msse4.1 -mavx -mavx2 -mavx2 -UASMNAME -UASMFNAME -UNAME -UCNAME -UCHAR_NAME -UCHAR_CNAME -DASMNAME=cblas_sgemv -DASMFNAME=cblas_sgemv_ -DNAME=cblas_sgemv_ -DCNAME=cblas_sgemv -DCHAR_NAME=\"cblas_sgemv_\" -DCHAR_CNAME=\"cblas_sgemv\" -DNO_AFFINITY -I.. -I. -UDOUBLE  -UCOMPLEX -o cblas_sgemv.o gemv.c
cc -DCBLAS -c -O2 -DMAX_STACK_ALLOC=2048 -Wall -m64 -DF_INTERFACE_GFORT -fPIC -DNO_LAPACK -DNO_LAPACKE -DSMP_SERVER -DNO_WARMUP -DMAX_CPU_NUMBER=4 -DMAX_PARALLEL_NUMBER=1 -DBUILD_SINGLE=1 -DBUILD_DOUBLE=1 -DBUILD_COMPLEX=1 -DBUILD_COMPLEX16=1 -DVERSION=\"0.3.17.dev\" -msse3 -mssse3 -msse4.1 -mavx -mavx2 -mavx2 -UASMNAME -UASMFNAME -UNAME -UCNAME -UCHAR_NAME -UCHAR_CNAME -DASMNAME=cblas_sger -DASMFNAME=cblas_sger_ -DNAME=cblas_sger_ -DCNAME=cblas_sger -DCHAR_NAME=\"cblas_sger_\" -DCHAR_CNAME=\"cblas_sger\" -DNO_AFFINITY -I.. -I. -UDOUBLE  -UCOMPLEX ger.c -o cblas_sger.o
cc -DCBLAS -c -O2 -DMAX_STACK_ALLOC=2048 -Wall -m64 -DF_INTERFACE_GFORT -fPIC -DNO_LAPACK -DNO_LAPACKE -DSMP_SERVER -DNO_WARMUP -DMAX_CPU_NUMBER=4 -DMAX_PARALLEL_NUMBER=1 -DBUILD_SINGLE=1 -DBUILD_DOUBLE=1 -DBUILD_COMPLEX=1 -DBUILD_COMPLEX16=1 -DVERSION=\"0.3.17.dev\" -msse3 -mssse3 -msse4.1 -mavx -mavx2 -mavx2 -UASMNAME -UASMFNAME -UNAME -UCNAME -UCHAR_NAME -UCHAR_CNAME -DASMNAME=cblas_ssymv -DASMFNAME=cblas_ssymv_ -DNAME=cblas_ssymv_ -DCNAME=cblas_ssymv -DCHAR_NAME=\"cblas_ssymv_\" -DCHAR_CNAME=\"cblas_ssymv\" -DNO_AFFINITY -I.. -I. -UDOUBLE  -UCOMPLEX symv.c -o cblas_ssymv.o
cc -DCBLAS -c -O2 -DMAX_STACK_ALLOC=2048 -Wall -m64 -DF_INTERFACE_GFORT -fPIC -DNO_LAPACK -DNO_LAPACKE -DSMP_SERVER -DNO_WARMUP -DMAX_CPU_NUMBER=4 -DMAX_PARALLEL_NUMBER=1 -DBUILD_SINGLE=1 -DBUILD_DOUBLE=1 -DBUILD_COMPLEX=1 -DBUILD_COMPLEX16=1 -DVERSION=\"0.3.17.dev\" -msse3 -mssse3 -msse4.1 -mavx -mavx2 -mavx2 -UASMNAME -UASMFNAME -UNAME -UCNAME -UCHAR_NAME -UCHAR_CNAME -DASMNAME=cblas_strmv -DASMFNAME=cblas_strmv_ -DNAME=cblas_strmv_ -DCNAME=cblas_strmv -DCHAR_NAME=\"cblas_strmv_\" -DCHAR_CNAME=\"cblas_strmv\" -DNO_AFFINITY -I.. -I. -UDOUBLE  -UCOMPLEX trmv.c -o cblas_strmv.o
cc -DCBLAS -c -O2 -DMAX_STACK_ALLOC=2048 -Wall -m64 -DF_INTERFACE_GFORT -fPIC -DNO_LAPACK -DNO_LAPACKE -DSMP_SERVER -DNO_WARMUP -DMAX_CPU_NUMBER=4 -DMAX_PARALLEL_NUMBER=1 -DBUILD_SINGLE=1 -DBUILD_DOUBLE=1 -DBUILD_COMPLEX=1 -DBUILD_COMPLEX16=1 -DVERSION=\"0.3.17.dev\" -msse3 -mssse3 -msse4.1 -mavx -mavx2 -mavx2 -UASMNAME -UASMFNAME -UNAME -UCNAME -UCHAR_NAME -UCHAR_CNAME -DASMNAME=cblas_strsv -DASMFNAME=cblas_strsv_ -DNAME=cblas_strsv_ -DCNAME=cblas_strsv -DCHAR_NAME=\"cblas_strsv_\" -DCHAR_CNAME=\"cblas_strsv\" -DNO_AFFINITY -I.. -I. -UDOUBLE  -UCOMPLEX trsv.c -o cblas_strsv.o
cc -DCBLAS -c -O2 -DMAX_STACK_ALLOC=2048 -Wall -m64 -DF_INTERFACE_GFORT -fPIC -DNO_LAPACK -DNO_LAPACKE -DSMP_SERVER -DNO_WARMUP -DMAX_CPU_NUMBER=4 -DMAX_PARALLEL_NUMBER=1 -DBUILD_SINGLE=1 -DBUILD_DOUBLE=1 -DBUILD_COMPLEX=1 -DBUILD_COMPLEX16=1 -DVERSION=\"0.3.17.dev\" -msse3 -mssse3 -msse4.1 -mavx -mavx2 -mavx2 -UASMNAME -UASMFNAME -UNAME -UCNAME -UCHAR_NAME -UCHAR_CNAME -DASMNAME=cblas_ssyr -DASMFNAME=cblas_ssyr_ -DNAME=cblas_ssyr_ -DCNAME=cblas_ssyr -DCHAR_NAME=\"cblas_ssyr_\" -DCHAR_CNAME=\"cblas_ssyr\" -DNO_AFFINITY -I.. -I. -UDOUBLE  -UCOMPLEX syr.c -o cblas_ssyr.o
cc -DCBLAS -c -O2 -DMAX_STACK_ALLOC=2048 -Wall -m64 -DF_INTERFACE_GFORT -fPIC -DNO_LAPACK -DNO_LAPACKE -DSMP_SERVER -DNO_WARMUP -DMAX_CPU_NUMBER=4 -DMAX_PARALLEL_NUMBER=1 -DBUILD_SINGLE=1 -DBUILD_DOUBLE=1 -DBUILD_COMPLEX=1 -DBUILD_COMPLEX16=1 -DVERSION=\"0.3.17.dev\" -msse3 -mssse3 -msse4.1 -mavx -mavx2 -mavx2 -UASMNAME -UASMFNAME -UNAME -UCNAME -UCHAR_NAME -UCHAR_CNAME -DASMNAME=cblas_ssyr2 -DASMFNAME=cblas_ssyr2_ -DNAME=cblas_ssyr2_ -DCNAME=cblas_ssyr2 -DCHAR_NAME=\"cblas_ssyr2_\" -DCHAR_CNAME=\"cblas_ssyr2\" -DNO_AFFINITY -I.. -I. -UDOUBLE  -UCOMPLEX syr2.c -o cblas_ssyr2.o
cc -DCBLAS -c -O2 -DMAX_STACK_ALLOC=2048 -Wall -m64 -DF_INTERFACE_GFORT -fPIC -DNO_LAPACK -DNO_LAPACKE -DSMP_SERVER -DNO_WARMUP -DMAX_CPU_NUMBER=4 -DMAX_PARALLEL_NUMBER=1 -DBUILD_SINGLE=1 -DBUILD_DOUBLE=1 -DBUILD_COMPLEX=1 -DBUILD_COMPLEX16=1 -DVERSION=\"0.3.17.dev\" -msse3 -mssse3 -msse4.1 -mavx -mavx2 -mavx2 -UASMNAME -UASMFNAME -UNAME -UCNAME -UCHAR_NAME -UCHAR_CNAME -DASMNAME=cblas_sgbmv -DASMFNAME=cblas_sgbmv_ -DNAME=cblas_sgbmv_ -DCNAME=cblas_sgbmv -DCHAR_NAME=\"cblas_sgbmv_\" -DCHAR_CNAME=\"cblas_sgbmv\" -DNO_AFFINITY -I.. -I. -UDOUBLE  -UCOMPLEX -o cblas_sgbmv.o gbmv.c
cc -DCBLAS -c -O2 -DMAX_STACK_ALLOC=2048 -Wall -m64 -DF_INTERFACE_GFORT -fPIC -DNO_LAPACK -DNO_LAPACKE -DSMP_SERVER -DNO_WARMUP -DMAX_CPU_NUMBER=4 -DMAX_PARALLEL_NUMBER=1 -DBUILD_SINGLE=1 -DBUILD_DOUBLE=1 -DBUILD_COMPLEX=1 -DBUILD_COMPLEX16=1 -DVERSION=\"0.3.17.dev\" -msse3 -mssse3 -msse4.1 -mavx -mavx2 -mavx2 -UASMNAME -UASMFNAME -UNAME -UCNAME -UCHAR_NAME -UCHAR_CNAME -DASMNAME=cblas_ssbmv -DASMFNAME=cblas_ssbmv_ -DNAME=cblas_ssbmv_ -DCNAME=cblas_ssbmv -DCHAR_NAME=\"cblas_ssbmv_\" -DCHAR_CNAME=\"cblas_ssbmv\" -DNO_AFFINITY -I.. -I. -UDOUBLE  -UCOMPLEX sbmv.c -o cblas_ssbmv.o
cc -DCBLAS -c -O2 -DMAX_STACK_ALLOC=2048 -Wall -m64 -DF_INTERFACE_GFORT -fPIC -DNO_LAPACK -DNO_LAPACKE -DSMP_SERVER -DNO_WARMUP -DMAX_CPU_NUMBER=4 -DMAX_PARALLEL_NUMBER=1 -DBUILD_SINGLE=1 -DBUILD_DOUBLE=1 -DBUILD_COMPLEX=1 -DBUILD_COMPLEX16=1 -DVERSION=\"0.3.17.dev\" -msse3 -mssse3 -msse4.1 -mavx -mavx2 -mavx2 -UASMNAME -UASMFNAME -UNAME -UCNAME -UCHAR_NAME -UCHAR_CNAME -DASMNAME=cblas_sspmv -DASMFNAME=cblas_sspmv_ -DNAME=cblas_sspmv_ -DCNAME=cblas_sspmv -DCHAR_NAME=\"cblas_sspmv_\" -DCHAR_CNAME=\"cblas_sspmv\" -DNO_AFFINITY -I.. -I. -UDOUBLE  -UCOMPLEX spmv.c -o cblas_sspmv.o
cc -DCBLAS -c -O2 -DMAX_STACK_ALLOC=2048 -Wall -m64 -DF_INTERFACE_GFORT -fPIC -DNO_LAPACK -DNO_LAPACKE -DSMP_SERVER -DNO_WARMUP -DMAX_CPU_NUMBER=4 -DMAX_PARALLEL_NUMBER=1 -DBUILD_SINGLE=1 -DBUILD_DOUBLE=1 -DBUILD_COMPLEX=1 -DBUILD_COMPLEX16=1 -DVERSION=\"0.3.17.dev\" -msse3 -mssse3 -msse4.1 -mavx -mavx2 -mavx2 -UASMNAME -UASMFNAME -UNAME -UCNAME -UCHAR_NAME -UCHAR_CNAME -DASMNAME=cblas_sspr -DASMFNAME=cblas_sspr_ -DNAME=cblas_sspr_ -DCNAME=cblas_sspr -DCHAR_NAME=\"cblas_sspr_\" -DCHAR_CNAME=\"cblas_sspr\" -DNO_AFFINITY -I.. -I. -UDOUBLE  -UCOMPLEX spr.c -o cblas_sspr.o
cc -DCBLAS -c -O2 -DMAX_STACK_ALLOC=2048 -Wall -m64 -DF_INTERFACE_GFORT -fPIC -DNO_LAPACK -DNO_LAPACKE -DSMP_SERVER -DNO_WARMUP -DMAX_CPU_NUMBER=4 -DMAX_PARALLEL_NUMBER=1 -DBUILD_SINGLE=1 -DBUILD_DOUBLE=1 -DBUILD_COMPLEX=1 -DBUILD_COMPLEX16=1 -DVERSION=\"0.3.17.dev\" -msse3 -mssse3 -msse4.1 -mavx -mavx2 -mavx2 -UASMNAME -UASMFNAME -UNAME -UCNAME -UCHAR_NAME -UCHAR_CNAME -DASMNAME=cblas_sspr2 -DASMFNAME=cblas_sspr2_ -DNAME=cblas_sspr2_ -DCNAME=cblas_sspr2 -DCHAR_NAME=\"cblas_sspr2_\" -DCHAR_CNAME=\"cblas_sspr2\" -DNO_AFFINITY -I.. -I. -UDOUBLE  -UCOMPLEX spr2.c -o cblas_sspr2.o
cc -DCBLAS -c -O2 -DMAX_STACK_ALLOC=2048 -Wall -m64 -DF_INTERFACE_GFORT -fPIC -DNO_LAPACK -DNO_LAPACKE -DSMP_SERVER -DNO_WARMUP -DMAX_CPU_NUMBER=4 -DMAX_PARALLEL_NUMBER=1 -DBUILD_SINGLE=1 -DBUILD_DOUBLE=1 -DBUILD_COMPLEX=1 -DBUILD_COMPLEX16=1 -DVERSION=\"0.3.17.dev\" -msse3 -mssse3 -msse4.1 -mavx -mavx2 -mavx2 -UASMNAME -UASMFNAME -UNAME -UCNAME -UCHAR_NAME -UCHAR_CNAME -DASMNAME=cblas_stbmv -DASMFNAME=cblas_stbmv_ -DNAME=cblas_stbmv_ -DCNAME=cblas_stbmv -DCHAR_NAME=\"cblas_stbmv_\" -DCHAR_CNAME=\"cblas_stbmv\" -DNO_AFFINITY -I.. -I. -UDOUBLE  -UCOMPLEX tbmv.c -o cblas_stbmv.o
cc -DCBLAS -c -O2 -DMAX_STACK_ALLOC=2048 -Wall -m64 -DF_INTERFACE_GFORT -fPIC -DNO_LAPACK -DNO_LAPACKE -DSMP_SERVER -DNO_WARMUP -DMAX_CPU_NUMBER=4 -DMAX_PARALLEL_NUMBER=1 -DBUILD_SINGLE=1 -DBUILD_DOUBLE=1 -DBUILD_COMPLEX=1 -DBUILD_COMPLEX16=1 -DVERSION=\"0.3.17.dev\" -msse3 -mssse3 -msse4.1 -mavx -mavx2 -mavx2 -UASMNAME -UASMFNAME -UNAME -UCNAME -UCHAR_NAME -UCHAR_CNAME -DASMNAME=cblas_stbsv -DASMFNAME=cblas_stbsv_ -DNAME=cblas_stbsv_ -DCNAME=cblas_stbsv -DCHAR_NAME=\"cblas_stbsv_\" -DCHAR_CNAME=\"cblas_stbsv\" -DNO_AFFINITY -I.. -I. -UDOUBLE  -UCOMPLEX tbsv.c -o cblas_stbsv.o
cc -DCBLAS -c -O2 -DMAX_STACK_ALLOC=2048 -Wall -m64 -DF_INTERFACE_GFORT -fPIC -DNO_LAPACK -DNO_LAPACKE -DSMP_SERVER -DNO_WARMUP -DMAX_CPU_NUMBER=4 -DMAX_PARALLEL_NUMBER=1 -DBUILD_SINGLE=1 -DBUILD_DOUBLE=1 -DBUILD_COMPLEX=1 -DBUILD_COMPLEX16=1 -DVERSION=\"0.3.17.dev\" -msse3 -mssse3 -msse4.1 -mavx -mavx2 -mavx2 -UASMNAME -UASMFNAME -UNAME -UCNAME -UCHAR_NAME -UCHAR_CNAME -DASMNAME=cblas_stpmv -DASMFNAME=cblas_stpmv_ -DNAME=cblas_stpmv_ -DCNAME=cblas_stpmv -DCHAR_NAME=\"cblas_stpmv_\" -DCHAR_CNAME=\"cblas_stpmv\" -DNO_AFFINITY -I.. -I. -UDOUBLE  -UCOMPLEX tpmv.c -o cblas_stpmv.o
cc -DCBLAS -c -O2 -DMAX_STACK_ALLOC=2048 -Wall -m64 -DF_INTERFACE_GFORT -fPIC -DNO_LAPACK -DNO_LAPACKE -DSMP_SERVER -DNO_WARMUP -DMAX_CPU_NUMBER=4 -DMAX_PARALLEL_NUMBER=1 -DBUILD_SINGLE=1 -DBUILD_DOUBLE=1 -DBUILD_COMPLEX=1 -DBUILD_COMPLEX16=1 -DVERSION=\"0.3.17.dev\" -msse3 -mssse3 -msse4.1 -mavx -mavx2 -mavx2 -UASMNAME -UASMFNAME -UNAME -UCNAME -UCHAR_NAME -UCHAR_CNAME -DASMNAME=cblas_stpsv -DASMFNAME=cblas_stpsv_ -DNAME=cblas_stpsv_ -DCNAME=cblas_stpsv -DCHAR_NAME=\"cblas_stpsv_\" -DCHAR_CNAME=\"cblas_stpsv\" -DNO_AFFINITY -I.. -I. -UDOUBLE  -UCOMPLEX tpsv.c -o cblas_stpsv.o
cc -c -O2 -DMAX_STACK_ALLOC=2048 -Wall -m64 -DF_INTERFACE_GFORT -fPIC -DNO_LAPACK -DNO_LAPACKE -DSMP_SERVER -DNO_WARMUP -DMAX_CPU_NUMBER=4 -DMAX_PARALLEL_NUMBER=1 -DBUILD_SINGLE=1 -DBUILD_DOUBLE=1 -DBUILD_COMPLEX=1 -DBUILD_COMPLEX16=1 -DVERSION=\"0.3.17.dev\" -msse3 -mssse3 -msse4.1 -mavx -mavx2 -mavx2 -UASMNAME -UASMFNAME -UNAME -UCNAME -UCHAR_NAME -UCHAR_CNAME -DASMNAME=sgemm -DASMFNAME=sgemm_ -DNAME=sgemm_ -DCNAME=sgemm -DCHAR_NAME=\"sgemm_\" -DCHAR_CNAME=\"sgemm\" -DNO_AFFINITY -I.. -I. -UDOUBLE  -UCOMPLEX gemm.c -o sgemm.o
cc -c -O2 -DMAX_STACK_ALLOC=2048 -Wall -m64 -DF_INTERFACE_GFORT -fPIC -DNO_LAPACK -DNO_LAPACKE -DSMP_SERVER -DNO_WARMUP -DMAX_CPU_NUMBER=4 -DMAX_PARALLEL_NUMBER=1 -DBUILD_SINGLE=1 -DBUILD_DOUBLE=1 -DBUILD_COMPLEX=1 -DBUILD_COMPLEX16=1 -DVERSION=\"0.3.17.dev\" -msse3 -mssse3 -msse4.1 -mavx -mavx2 -mavx2 -UASMNAME -UASMFNAME -UNAME -UCNAME -UCHAR_NAME -UCHAR_CNAME -DASMNAME=ssymm -DASMFNAME=ssymm_ -DNAME=ssymm_ -DCNAME=ssymm -DCHAR_NAME=\"ssymm_\" -DCHAR_CNAME=\"ssymm\" -DNO_AFFINITY -I.. -I. -UDOUBLE  -UCOMPLEX symm.c -o ssymm.o
cc -c -O2 -DMAX_STACK_ALLOC=2048 -Wall -m64 -DF_INTERFACE_GFORT -fPIC -DNO_LAPACK -DNO_LAPACKE -DSMP_SERVER -DNO_WARMUP -DMAX_CPU_NUMBER=4 -DMAX_PARALLEL_NUMBER=1 -DBUILD_SINGLE=1 -DBUILD_DOUBLE=1 -DBUILD_COMPLEX=1 -DBUILD_COMPLEX16=1 -DVERSION=\"0.3.17.dev\" -msse3 -mssse3 -msse4.1 -mavx -mavx2 -mavx2 -UASMNAME -UASMFNAME -UNAME -UCNAME -UCHAR_NAME -UCHAR_CNAME -DASMNAME=strmm -DASMFNAME=strmm_ -DNAME=strmm_ -DCNAME=strmm -DCHAR_NAME=\"strmm_\" -DCHAR_CNAME=\"strmm\" -DNO_AFFINITY -I.. -I. -UDOUBLE  -UCOMPLEX -DTRMM trsm.c -o strmm.o
cc -c -O2 -DMAX_STACK_ALLOC=2048 -Wall -m64 -DF_INTERFACE_GFORT -fPIC -DNO_LAPACK -DNO_LAPACKE -DSMP_SERVER -DNO_WARMUP -DMAX_CPU_NUMBER=4 -DMAX_PARALLEL_NUMBER=1 -DBUILD_SINGLE=1 -DBUILD_DOUBLE=1 -DBUILD_COMPLEX=1 -DBUILD_COMPLEX16=1 -DVERSION=\"0.3.17.dev\" -msse3 -mssse3 -msse4.1 -mavx -mavx2 -mavx2 -UASMNAME -UASMFNAME -UNAME -UCNAME -UCHAR_NAME -UCHAR_CNAME -DASMNAME=strsm -DASMFNAME=strsm_ -DNAME=strsm_ -DCNAME=strsm -DCHAR_NAME=\"strsm_\" -DCHAR_CNAME=\"strsm\" -DNO_AFFINITY -I.. -I. -UDOUBLE  -UCOMPLEX trsm.c -o strsm.o
cc -c -O2 -DMAX_STACK_ALLOC=2048 -Wall -m64 -DF_INTERFACE_GFORT -fPIC -DNO_LAPACK -DNO_LAPACKE -DSMP_SERVER -DNO_WARMUP -DMAX_CPU_NUMBER=4 -DMAX_PARALLEL_NUMBER=1 -DBUILD_SINGLE=1 -DBUILD_DOUBLE=1 -DBUILD_COMPLEX=1 -DBUILD_COMPLEX16=1 -DVERSION=\"0.3.17.dev\" -msse3 -mssse3 -msse4.1 -mavx -mavx2 -mavx2 -UASMNAME -UASMFNAME -UNAME -UCNAME -UCHAR_NAME -UCHAR_CNAME -DASMNAME=ssyrk -DASMFNAME=ssyrk_ -DNAME=ssyrk_ -DCNAME=ssyrk -DCHAR_NAME=\"ssyrk_\" -DCHAR_CNAME=\"ssyrk\" -DNO_AFFINITY -I.. -I. -UDOUBLE  -UCOMPLEX syrk.c -o ssyrk.o
cc -c -O2 -DMAX_STACK_ALLOC=2048 -Wall -m64 -DF_INTERFACE_GFORT -fPIC -DNO_LAPACK -DNO_LAPACKE -DSMP_SERVER -DNO_WARMUP -DMAX_CPU_NUMBER=4 -DMAX_PARALLEL_NUMBER=1 -DBUILD_SINGLE=1 -DBUILD_DOUBLE=1 -DBUILD_COMPLEX=1 -DBUILD_COMPLEX16=1 -DVERSION=\"0.3.17.dev\" -msse3 -mssse3 -msse4.1 -mavx -mavx2 -mavx2 -UASMNAME -UASMFNAME -UNAME -UCNAME -UCHAR_NAME -UCHAR_CNAME -DASMNAME=ssyr2k -DASMFNAME=ssyr2k_ -DNAME=ssyr2k_ -DCNAME=ssyr2k -DCHAR_NAME=\"ssyr2k_\" -DCHAR_CNAME=\"ssyr2k\" -DNO_AFFINITY -I.. -I. -UDOUBLE  -UCOMPLEX syr2k.c -o ssyr2k.o
cc -c -O2 -DMAX_STACK_ALLOC=2048 -Wall -m64 -DF_INTERFACE_GFORT -fPIC -DNO_LAPACK -DNO_LAPACKE -DSMP_SERVER -DNO_WARMUP -DMAX_CPU_NUMBER=4 -DMAX_PARALLEL_NUMBER=1 -DBUILD_SINGLE=1 -DBUILD_DOUBLE=1 -DBUILD_COMPLEX=1 -DBUILD_COMPLEX16=1 -DVERSION=\"0.3.17.dev\" -msse3 -mssse3 -msse4.1 -mavx -mavx2 -mavx2 -UASMNAME -UASMFNAME -UNAME -UCNAME -UCHAR_NAME -UCHAR_CNAME -DASMNAME=somatcopy -DASMFNAME=somatcopy_ -DNAME=somatcopy_ -DCNAME=somatcopy -DCHAR_NAME=\"somatcopy_\" -DCHAR_CNAME=\"somatcopy\" -DNO_AFFINITY -I.. -I. -UDOUBLE  -UCOMPLEX omatcopy.c -o somatcopy.o
cc -c -O2 -DMAX_STACK_ALLOC=2048 -Wall -m64 -DF_INTERFACE_GFORT -fPIC -DNO_LAPACK -DNO_LAPACKE -DSMP_SERVER -DNO_WARMUP -DMAX_CPU_NUMBER=4 -DMAX_PARALLEL_NUMBER=1 -DBUILD_SINGLE=1 -DBUILD_DOUBLE=1 -DBUILD_COMPLEX=1 -DBUILD_COMPLEX16=1 -DVERSION=\"0.3.17.dev\" -msse3 -mssse3 -msse4.1 -mavx -mavx2 -mavx2 -UASMNAME -UASMFNAME -UNAME -UCNAME -UCHAR_NAME -UCHAR_CNAME -DASMNAME=simatcopy -DASMFNAME=simatcopy_ -DNAME=simatcopy_ -DCNAME=simatcopy -DCHAR_NAME=\"simatcopy_\" -DCHAR_CNAME=\"simatcopy\" -DNO_AFFINITY -I.. -I. -UDOUBLE  -UCOMPLEX imatcopy.c -o simatcopy.o
cc -c -O2 -DMAX_STACK_ALLOC=2048 -Wall -m64 -DF_INTERFACE_GFORT -fPIC -DNO_LAPACK -DNO_LAPACKE -DSMP_SERVER -DNO_WARMUP -DMAX_CPU_NUMBER=4 -DMAX_PARALLEL_NUMBER=1 -DBUILD_SINGLE=1 -DBUILD_DOUBLE=1 -DBUILD_COMPLEX=1 -DBUILD_COMPLEX16=1 -DVERSION=\"0.3.17.dev\" -msse3 -mssse3 -msse4.1 -mavx -mavx2 -mavx2 -UASMNAME -UASMFNAME -UNAME -UCNAME -UCHAR_NAME -UCHAR_CNAME -DASMNAME=sgeadd -DASMFNAME=sgeadd_ -DNAME=sgeadd_ -DCNAME=sgeadd -DCHAR_NAME=\"sgeadd_\" -DCHAR_CNAME=\"sgeadd\" -DNO_AFFINITY -I.. -I. -UDOUBLE  -UCOMPLEX geadd.c -o sgeadd.o
cc -DCBLAS -c -O2 -DMAX_STACK_ALLOC=2048 -Wall -m64 -DF_INTERFACE_GFORT -fPIC -DNO_LAPACK -DNO_LAPACKE -DSMP_SERVER -DNO_WARMUP -DMAX_CPU_NUMBER=4 -DMAX_PARALLEL_NUMBER=1 -DBUILD_SINGLE=1 -DBUILD_DOUBLE=1 -DBUILD_COMPLEX=1 -DBUILD_COMPLEX16=1 -DVERSION=\"0.3.17.dev\" -msse3 -mssse3 -msse4.1 -mavx -mavx2 -mavx2 -UASMNAME -UASMFNAME -UNAME -UCNAME -UCHAR_NAME -UCHAR_CNAME -DASMNAME=cblas_sgemm -DASMFNAME=cblas_sgemm_ -DNAME=cblas_sgemm_ -DCNAME=cblas_sgemm -DCHAR_NAME=\"cblas_sgemm_\" -DCHAR_CNAME=\"cblas_sgemm\" -DNO_AFFINITY -I.. -I. -UDOUBLE  -UCOMPLEX gemm.c -o cblas_sgemm.o
cc -DCBLAS -c -O2 -DMAX_STACK_ALLOC=2048 -Wall -m64 -DF_INTERFACE_GFORT -fPIC -DNO_LAPACK -DNO_LAPACKE -DSMP_SERVER -DNO_WARMUP -DMAX_CPU_NUMBER=4 -DMAX_PARALLEL_NUMBER=1 -DBUILD_SINGLE=1 -DBUILD_DOUBLE=1 -DBUILD_COMPLEX=1 -DBUILD_COMPLEX16=1 -DVERSION=\"0.3.17.dev\" -msse3 -mssse3 -msse4.1 -mavx -mavx2 -mavx2 -UASMNAME -UASMFNAME -UNAME -UCNAME -UCHAR_NAME -UCHAR_CNAME -DASMNAME=cblas_ssymm -DASMFNAME=cblas_ssymm_ -DNAME=cblas_ssymm_ -DCNAME=cblas_ssymm -DCHAR_NAME=\"cblas_ssymm_\" -DCHAR_CNAME=\"cblas_ssymm\" -DNO_AFFINITY -I.. -I. -UDOUBLE  -UCOMPLEX symm.c -o cblas_ssymm.o
cc -DCBLAS -c -O2 -DMAX_STACK_ALLOC=2048 -Wall -m64 -DF_INTERFACE_GFORT -fPIC -DNO_LAPACK -DNO_LAPACKE -DSMP_SERVER -DNO_WARMUP -DMAX_CPU_NUMBER=4 -DMAX_PARALLEL_NUMBER=1 -DBUILD_SINGLE=1 -DBUILD_DOUBLE=1 -DBUILD_COMPLEX=1 -DBUILD_COMPLEX16=1 -DVERSION=\"0.3.17.dev\" -msse3 -mssse3 -msse4.1 -mavx -mavx2 -mavx2 -UASMNAME -UASMFNAME -UNAME -UCNAME -UCHAR_NAME -UCHAR_CNAME -DASMNAME=cblas_strmm -DASMFNAME=cblas_strmm_ -DNAME=cblas_strmm_ -DCNAME=cblas_strmm -DCHAR_NAME=\"cblas_strmm_\" -DCHAR_CNAME=\"cblas_strmm\" -DNO_AFFINITY -I.. -I. -UDOUBLE  -UCOMPLEX -DTRMM trsm.c -o cblas_strmm.o
cc -DCBLAS -c -O2 -DMAX_STACK_ALLOC=2048 -Wall -m64 -DF_INTERFACE_GFORT -fPIC -DNO_LAPACK -DNO_LAPACKE -DSMP_SERVER -DNO_WARMUP -DMAX_CPU_NUMBER=4 -DMAX_PARALLEL_NUMBER=1 -DBUILD_SINGLE=1 -DBUILD_DOUBLE=1 -DBUILD_COMPLEX=1 -DBUILD_COMPLEX16=1 -DVERSION=\"0.3.17.dev\" -msse3 -mssse3 -msse4.1 -mavx -mavx2 -mavx2 -UASMNAME -UASMFNAME -UNAME -UCNAME -UCHAR_NAME -UCHAR_CNAME -DASMNAME=cblas_strsm -DASMFNAME=cblas_strsm_ -DNAME=cblas_strsm_ -DCNAME=cblas_strsm -DCHAR_NAME=\"cblas_strsm_\" -DCHAR_CNAME=\"cblas_strsm\" -DNO_AFFINITY -I.. -I. -UDOUBLE  -UCOMPLEX trsm.c -o cblas_strsm.o
cc -DCBLAS -c -O2 -DMAX_STACK_ALLOC=2048 -Wall -m64 -DF_INTERFACE_GFORT -fPIC -DNO_LAPACK -DNO_LAPACKE -DSMP_SERVER -DNO_WARMUP -DMAX_CPU_NUMBER=4 -DMAX_PARALLEL_NUMBER=1 -DBUILD_SINGLE=1 -DBUILD_DOUBLE=1 -DBUILD_COMPLEX=1 -DBUILD_COMPLEX16=1 -DVERSION=\"0.3.17.dev\" -msse3 -mssse3 -msse4.1 -mavx -mavx2 -mavx2 -UASMNAME -UASMFNAME -UNAME -UCNAME -UCHAR_NAME -UCHAR_CNAME -DASMNAME=cblas_ssyrk -DASMFNAME=cblas_ssyrk_ -DNAME=cblas_ssyrk_ -DCNAME=cblas_ssyrk -DCHAR_NAME=\"cblas_ssyrk_\" -DCHAR_CNAME=\"cblas_ssyrk\" -DNO_AFFINITY -I.. -I. -UDOUBLE  -UCOMPLEX syrk.c -o cblas_ssyrk.o
cc -DCBLAS -c -O2 -DMAX_STACK_ALLOC=2048 -Wall -m64 -DF_INTERFACE_GFORT -fPIC -DNO_LAPACK -DNO_LAPACKE -DSMP_SERVER -DNO_WARMUP -DMAX_CPU_NUMBER=4 -DMAX_PARALLEL_NUMBER=1 -DBUILD_SINGLE=1 -DBUILD_DOUBLE=1 -DBUILD_COMPLEX=1 -DBUILD_COMPLEX16=1 -DVERSION=\"0.3.17.dev\" -msse3 -mssse3 -msse4.1 -mavx -mavx2 -mavx2 -UASMNAME -UASMFNAME -UNAME -UCNAME -UCHAR_NAME -UCHAR_CNAME -DASMNAME=cblas_ssyr2k -DASMFNAME=cblas_ssyr2k_ -DNAME=cblas_ssyr2k_ -DCNAME=cblas_ssyr2k -DCHAR_NAME=\"cblas_ssyr2k_\" -DCHAR_CNAME=\"cblas_ssyr2k\" -DNO_AFFINITY -I.. -I. -UDOUBLE  -UCOMPLEX syr2k.c -o cblas_ssyr2k.o
cc -c -O2 -DMAX_STACK_ALLOC=2048 -Wall -m64 -DF_INTERFACE_GFORT -fPIC -DNO_LAPACK -DNO_LAPACKE -DSMP_SERVER -DNO_WARMUP -DMAX_CPU_NUMBER=4 -DMAX_PARALLEL_NUMBER=1 -DBUILD_SINGLE=1 -DBUILD_DOUBLE=1 -DBUILD_COMPLEX=1 -DBUILD_COMPLEX16=1 -DVERSION=\"0.3.17.dev\" -msse3 -mssse3 -msse4.1 -mavx -mavx2 -mavx2 -UASMNAME -UASMFNAME -UNAME -UCNAME -UCHAR_NAME -UCHAR_CNAME -DASMNAME=cblas_somatcopy -DASMFNAME=cblas_somatcopy_ -DNAME=cblas_somatcopy_ -DCNAME=cblas_somatcopy -DCHAR_NAME=\"cblas_somatcopy_\" -DCHAR_CNAME=\"cblas_somatcopy\" -DNO_AFFINITY -I.. -I. -UDOUBLE  -UCOMPLEX -DCBLAS omatcopy.c -o cblas_somatcopy.o
cc -c -O2 -DMAX_STACK_ALLOC=2048 -Wall -m64 -DF_INTERFACE_GFORT -fPIC -DNO_LAPACK -DNO_LAPACKE -DSMP_SERVER -DNO_WARMUP -DMAX_CPU_NUMBER=4 -DMAX_PARALLEL_NUMBER=1 -DBUILD_SINGLE=1 -DBUILD_DOUBLE=1 -DBUILD_COMPLEX=1 -DBUILD_COMPLEX16=1 -DVERSION=\"0.3.17.dev\" -msse3 -mssse3 -msse4.1 -mavx -mavx2 -mavx2 -UASMNAME -UASMFNAME -UNAME -UCNAME -UCHAR_NAME -UCHAR_CNAME -DASMNAME=cblas_simatcopy -DASMFNAME=cblas_simatcopy_ -DNAME=cblas_simatcopy_ -DCNAME=cblas_simatcopy -DCHAR_NAME=\"cblas_simatcopy_\" -DCHAR_CNAME=\"cblas_simatcopy\" -DNO_AFFINITY -I.. -I. -UDOUBLE  -UCOMPLEX -DCBLAS imatcopy.c -o cblas_simatcopy.o
cc -c -O2 -DMAX_STACK_ALLOC=2048 -Wall -m64 -DF_INTERFACE_GFORT -fPIC -DNO_LAPACK -DNO_LAPACKE -DSMP_SERVER -DNO_WARMUP -DMAX_CPU_NUMBER=4 -DMAX_PARALLEL_NUMBER=1 -DBUILD_SINGLE=1 -DBUILD_DOUBLE=1 -DBUILD_COMPLEX=1 -DBUILD_COMPLEX16=1 -DVERSION=\"0.3.17.dev\" -msse3 -mssse3 -msse4.1 -mavx -mavx2 -mavx2 -UASMNAME -UASMFNAME -UNAME -UCNAME -UCHAR_NAME -UCHAR_CNAME -DASMNAME=cblas_sgeadd -DASMFNAME=cblas_sgeadd_ -DNAME=cblas_sgeadd_ -DCNAME=cblas_sgeadd -DCHAR_NAME=\"cblas_sgeadd_\" -DCHAR_CNAME=\"cblas_sgeadd\" -DNO_AFFINITY -I.. -I. -UDOUBLE  -UCOMPLEX -DCBLAS geadd.c -o cblas_sgeadd.o
cc -O2 -DMAX_STACK_ALLOC=2048 -Wall -m64 -DF_INTERFACE_GFORT -fPIC -DNO_LAPACK -DNO_LAPACKE -DSMP_SERVER -DNO_WARMUP -DMAX_CPU_NUMBER=4 -DMAX_PARALLEL_NUMBER=1 -DBUILD_SINGLE=1 -DBUILD_DOUBLE=1 -DBUILD_COMPLEX=1 -DBUILD_COMPLEX16=1 -DVERSION=\"0.3.17.dev\" -msse3 -mssse3 -msse4.1 -mavx -mavx2 -mavx2 -UASMNAME -UASMFNAME -UNAME -UCNAME -UCHAR_NAME -UCHAR_CNAME -DASMNAME=daxpy -DASMFNAME=daxpy_ -DNAME=daxpy_ -DCNAME=daxpy -DCHAR_NAME=\"daxpy_\" -DCHAR_CNAME=\"daxpy\" -DNO_AFFINITY -I.. -I. -DDOUBLE  -UCOMPLEX -c axpy.c -o daxpy.o
cc -O2 -DMAX_STACK_ALLOC=2048 -Wall -m64 -DF_INTERFACE_GFORT -fPIC -DNO_LAPACK -DNO_LAPACKE -DSMP_SERVER -DNO_WARMUP -DMAX_CPU_NUMBER=4 -DMAX_PARALLEL_NUMBER=1 -DBUILD_SINGLE=1 -DBUILD_DOUBLE=1 -DBUILD_COMPLEX=1 -DBUILD_COMPLEX16=1 -DVERSION=\"0.3.17.dev\" -msse3 -mssse3 -msse4.1 -mavx -mavx2 -mavx2 -UASMNAME -UASMFNAME -UNAME -UCNAME -UCHAR_NAME -UCHAR_CNAME -DASMNAME=dswap -DASMFNAME=dswap_ -DNAME=dswap_ -DCNAME=dswap -DCHAR_NAME=\"dswap_\" -DCHAR_CNAME=\"dswap\" -DNO_AFFINITY -I.. -I. -DDOUBLE  -UCOMPLEX -c swap.c -o dswap.o
cc -O2 -DMAX_STACK_ALLOC=2048 -Wall -m64 -DF_INTERFACE_GFORT -fPIC -DNO_LAPACK -DNO_LAPACKE -DSMP_SERVER -DNO_WARMUP -DMAX_CPU_NUMBER=4 -DMAX_PARALLEL_NUMBER=1 -DBUILD_SINGLE=1 -DBUILD_DOUBLE=1 -DBUILD_COMPLEX=1 -DBUILD_COMPLEX16=1 -DVERSION=\"0.3.17.dev\" -msse3 -mssse3 -msse4.1 -mavx -mavx2 -mavx2 -UASMNAME -UASMFNAME -UNAME -UCNAME -UCHAR_NAME -UCHAR_CNAME -DASMNAME=dcopy -DASMFNAME=dcopy_ -DNAME=dcopy_ -DCNAME=dcopy -DCHAR_NAME=\"dcopy_\" -DCHAR_CNAME=\"dcopy\" -DNO_AFFINITY -I.. -I. -DDOUBLE  -UCOMPLEX -c copy.c -o dcopy.o
cc -O2 -DMAX_STACK_ALLOC=2048 -Wall -m64 -DF_INTERFACE_GFORT -fPIC -DNO_LAPACK -DNO_LAPACKE -DSMP_SERVER -DNO_WARMUP -DMAX_CPU_NUMBER=4 -DMAX_PARALLEL_NUMBER=1 -DBUILD_SINGLE=1 -DBUILD_DOUBLE=1 -DBUILD_COMPLEX=1 -DBUILD_COMPLEX16=1 -DVERSION=\"0.3.17.dev\" -msse3 -mssse3 -msse4.1 -mavx -mavx2 -mavx2 -UASMNAME -UASMFNAME -UNAME -UCNAME -UCHAR_NAME -UCHAR_CNAME -DASMNAME=dscal -DASMFNAME=dscal_ -DNAME=dscal_ -DCNAME=dscal -DCHAR_NAME=\"dscal_\" -DCHAR_CNAME=\"dscal\" -DNO_AFFINITY -I.. -I. -DDOUBLE  -UCOMPLEX -c scal.c -o dscal.o
cc -O2 -DMAX_STACK_ALLOC=2048 -Wall -m64 -DF_INTERFACE_GFORT -fPIC -DNO_LAPACK -DNO_LAPACKE -DSMP_SERVER -DNO_WARMUP -DMAX_CPU_NUMBER=4 -DMAX_PARALLEL_NUMBER=1 -DBUILD_SINGLE=1 -DBUILD_DOUBLE=1 -DBUILD_COMPLEX=1 -DBUILD_COMPLEX16=1 -DVERSION=\"0.3.17.dev\" -msse3 -mssse3 -msse4.1 -mavx -mavx2 -mavx2 -UASMNAME -UASMFNAME -UNAME -UCNAME -UCHAR_NAME -UCHAR_CNAME -DASMNAME=ddot -DASMFNAME=ddot_ -DNAME=ddot_ -DCNAME=ddot -DCHAR_NAME=\"ddot_\" -DCHAR_CNAME=\"ddot\" -DNO_AFFINITY -I.. -I. -DDOUBLE  -UCOMPLEX -c dot.c -o ddot.o
cc -O2 -DMAX_STACK_ALLOC=2048 -Wall -m64 -DF_INTERFACE_GFORT -fPIC -DNO_LAPACK -DNO_LAPACKE -DSMP_SERVER -DNO_WARMUP -DMAX_CPU_NUMBER=4 -DMAX_PARALLEL_NUMBER=1 -DBUILD_SINGLE=1 -DBUILD_DOUBLE=1 -DBUILD_COMPLEX=1 -DBUILD_COMPLEX16=1 -DVERSION=\"0.3.17.dev\" -msse3 -mssse3 -msse4.1 -mavx -mavx2 -mavx2 -UASMNAME -UASMFNAME -UNAME -UCNAME -UCHAR_NAME -UCHAR_CNAME -DASMNAME=dasum -DASMFNAME=dasum_ -DNAME=dasum_ -DCNAME=dasum -DCHAR_NAME=\"dasum_\" -DCHAR_CNAME=\"dasum\" -DNO_AFFINITY -I.. -I. -DDOUBLE  -UCOMPLEX -c asum.c -o dasum.o
cc -O2 -DMAX_STACK_ALLOC=2048 -Wall -m64 -DF_INTERFACE_GFORT -fPIC -DNO_LAPACK -DNO_LAPACKE -DSMP_SERVER -DNO_WARMUP -DMAX_CPU_NUMBER=4 -DMAX_PARALLEL_NUMBER=1 -DBUILD_SINGLE=1 -DBUILD_DOUBLE=1 -DBUILD_COMPLEX=1 -DBUILD_COMPLEX16=1 -DVERSION=\"0.3.17.dev\" -msse3 -mssse3 -msse4.1 -mavx -mavx2 -mavx2 -UASMNAME -UASMFNAME -UNAME -UCNAME -UCHAR_NAME -UCHAR_CNAME -DASMNAME=dsum -DASMFNAME=dsum_ -DNAME=dsum_ -DCNAME=dsum -DCHAR_NAME=\"dsum_\" -DCHAR_CNAME=\"dsum\" -DNO_AFFINITY -I.. -I. -DDOUBLE  -UCOMPLEX -c sum.c -o dsum.o
cc -O2 -DMAX_STACK_ALLOC=2048 -Wall -m64 -DF_INTERFACE_GFORT -fPIC -DNO_LAPACK -DNO_LAPACKE -DSMP_SERVER -DNO_WARMUP -DMAX_CPU_NUMBER=4 -DMAX_PARALLEL_NUMBER=1 -DBUILD_SINGLE=1 -DBUILD_DOUBLE=1 -DBUILD_COMPLEX=1 -DBUILD_COMPLEX16=1 -DVERSION=\"0.3.17.dev\" -msse3 -mssse3 -msse4.1 -mavx -mavx2 -mavx2 -UASMNAME -UASMFNAME -UNAME -UCNAME -UCHAR_NAME -UCHAR_CNAME -DASMNAME=dnrm2 -DASMFNAME=dnrm2_ -DNAME=dnrm2_ -DCNAME=dnrm2 -DCHAR_NAME=\"dnrm2_\" -DCHAR_CNAME=\"dnrm2\" -DNO_AFFINITY -I.. -I. -DDOUBLE  -UCOMPLEX -c nrm2.c -o dnrm2.o
cc -O2 -DMAX_STACK_ALLOC=2048 -Wall -m64 -DF_INTERFACE_GFORT -fPIC -DNO_LAPACK -DNO_LAPACKE -DSMP_SERVER -DNO_WARMUP -DMAX_CPU_NUMBER=4 -DMAX_PARALLEL_NUMBER=1 -DBUILD_SINGLE=1 -DBUILD_DOUBLE=1 -DBUILD_COMPLEX=1 -DBUILD_COMPLEX16=1 -DVERSION=\"0.3.17.dev\" -msse3 -mssse3 -msse4.1 -mavx -mavx2 -mavx2 -UASMNAME -UASMFNAME -UNAME -UCNAME -UCHAR_NAME -UCHAR_CNAME -DASMNAME=dmax -DASMFNAME=dmax_ -DNAME=dmax_ -DCNAME=dmax -DCHAR_NAME=\"dmax_\" -DCHAR_CNAME=\"dmax\" -DNO_AFFINITY -I.. -I. -DDOUBLE  -UCOMPLEX -c -UUSE_ABS -UUSE_MIN max.c -o dmax.o
cc -O2 -DMAX_STACK_ALLOC=2048 -Wall -m64 -DF_INTERFACE_GFORT -fPIC -DNO_LAPACK -DNO_LAPACKE -DSMP_SERVER -DNO_WARMUP -DMAX_CPU_NUMBER=4 -DMAX_PARALLEL_NUMBER=1 -DBUILD_SINGLE=1 -DBUILD_DOUBLE=1 -DBUILD_COMPLEX=1 -DBUILD_COMPLEX16=1 -DVERSION=\"0.3.17.dev\" -msse3 -mssse3 -msse4.1 -mavx -mavx2 -mavx2 -UASMNAME -UASMFNAME -UNAME -UCNAME -UCHAR_NAME -UCHAR_CNAME -DASMNAME=damax -DASMFNAME=damax_ -DNAME=damax_ -DCNAME=damax -DCHAR_NAME=\"damax_\" -DCHAR_CNAME=\"damax\" -DNO_AFFINITY -I.. -I. -DDOUBLE  -UCOMPLEX -c -DUSE_ABS -UUSE_MIN max.c -o damax.o
cc -O2 -DMAX_STACK_ALLOC=2048 -Wall -m64 -DF_INTERFACE_GFORT -fPIC -DNO_LAPACK -DNO_LAPACKE -DSMP_SERVER -DNO_WARMUP -DMAX_CPU_NUMBER=4 -DMAX_PARALLEL_NUMBER=1 -DBUILD_SINGLE=1 -DBUILD_DOUBLE=1 -DBUILD_COMPLEX=1 -DBUILD_COMPLEX16=1 -DVERSION=\"0.3.17.dev\" -msse3 -mssse3 -msse4.1 -mavx -mavx2 -mavx2 -UASMNAME -UASMFNAME -UNAME -UCNAME -UCHAR_NAME -UCHAR_CNAME -DASMNAME=idmax -DASMFNAME=idmax_ -DNAME=idmax_ -DCNAME=idmax -DCHAR_NAME=\"idmax_\" -DCHAR_CNAME=\"idmax\" -DNO_AFFINITY -I.. -I. -DDOUBLE  -UCOMPLEX -c -UUSE_ABS -UUSE_MIN imax.c -o idmax.o
cc -O2 -DMAX_STACK_ALLOC=2048 -Wall -m64 -DF_INTERFACE_GFORT -fPIC -DNO_LAPACK -DNO_LAPACKE -DSMP_SERVER -DNO_WARMUP -DMAX_CPU_NUMBER=4 -DMAX_PARALLEL_NUMBER=1 -DBUILD_SINGLE=1 -DBUILD_DOUBLE=1 -DBUILD_COMPLEX=1 -DBUILD_COMPLEX16=1 -DVERSION=\"0.3.17.dev\" -msse3 -mssse3 -msse4.1 -mavx -mavx2 -mavx2 -UASMNAME -UASMFNAME -UNAME -UCNAME -UCHAR_NAME -UCHAR_CNAME -DASMNAME=idamax -DASMFNAME=idamax_ -DNAME=idamax_ -DCNAME=idamax -DCHAR_NAME=\"idamax_\" -DCHAR_CNAME=\"idamax\" -DNO_AFFINITY -I.. -I. -DDOUBLE  -UCOMPLEX -c -DUSE_ABS -UUSE_MIN imax.c -o idamax.o
cc -O2 -DMAX_STACK_ALLOC=2048 -Wall -m64 -DF_INTERFACE_GFORT -fPIC -DNO_LAPACK -DNO_LAPACKE -DSMP_SERVER -DNO_WARMUP -DMAX_CPU_NUMBER=4 -DMAX_PARALLEL_NUMBER=1 -DBUILD_SINGLE=1 -DBUILD_DOUBLE=1 -DBUILD_COMPLEX=1 -DBUILD_COMPLEX16=1 -DVERSION=\"0.3.17.dev\" -msse3 -mssse3 -msse4.1 -mavx -mavx2 -mavx2 -UASMNAME -UASMFNAME -UNAME -UCNAME -UCHAR_NAME -UCHAR_CNAME -DASMNAME=dmin -DASMFNAME=dmin_ -DNAME=dmin_ -DCNAME=dmin -DCHAR_NAME=\"dmin_\" -DCHAR_CNAME=\"dmin\" -DNO_AFFINITY -I.. -I. -DDOUBLE  -UCOMPLEX -c -UUSE_ABS -DUSE_MIN max.c -o dmin.o
cc -O2 -DMAX_STACK_ALLOC=2048 -Wall -m64 -DF_INTERFACE_GFORT -fPIC -DNO_LAPACK -DNO_LAPACKE -DSMP_SERVER -DNO_WARMUP -DMAX_CPU_NUMBER=4 -DMAX_PARALLEL_NUMBER=1 -DBUILD_SINGLE=1 -DBUILD_DOUBLE=1 -DBUILD_COMPLEX=1 -DBUILD_COMPLEX16=1 -DVERSION=\"0.3.17.dev\" -msse3 -mssse3 -msse4.1 -mavx -mavx2 -mavx2 -UASMNAME -UASMFNAME -UNAME -UCNAME -UCHAR_NAME -UCHAR_CNAME -DASMNAME=damin -DASMFNAME=damin_ -DNAME=damin_ -DCNAME=damin -DCHAR_NAME=\"damin_\" -DCHAR_CNAME=\"damin\" -DNO_AFFINITY -I.. -I. -DDOUBLE  -UCOMPLEX -c -DUSE_ABS -DUSE_MIN max.c -o damin.o
cc -O2 -DMAX_STACK_ALLOC=2048 -Wall -m64 -DF_INTERFACE_GFORT -fPIC -DNO_LAPACK -DNO_LAPACKE -DSMP_SERVER -DNO_WARMUP -DMAX_CPU_NUMBER=4 -DMAX_PARALLEL_NUMBER=1 -DBUILD_SINGLE=1 -DBUILD_DOUBLE=1 -DBUILD_COMPLEX=1 -DBUILD_COMPLEX16=1 -DVERSION=\"0.3.17.dev\" -msse3 -mssse3 -msse4.1 -mavx -mavx2 -mavx2 -UASMNAME -UASMFNAME -UNAME -UCNAME -UCHAR_NAME -UCHAR_CNAME -DASMNAME=idmin -DASMFNAME=idmin_ -DNAME=idmin_ -DCNAME=idmin -DCHAR_NAME=\"idmin_\" -DCHAR_CNAME=\"idmin\" -DNO_AFFINITY -I.. -I. -DDOUBLE  -UCOMPLEX -c -UUSE_ABS -DUSE_MIN imax.c -o idmin.o
cc -O2 -DMAX_STACK_ALLOC=2048 -Wall -m64 -DF_INTERFACE_GFORT -fPIC -DNO_LAPACK -DNO_LAPACKE -DSMP_SERVER -DNO_WARMUP -DMAX_CPU_NUMBER=4 -DMAX_PARALLEL_NUMBER=1 -DBUILD_SINGLE=1 -DBUILD_DOUBLE=1 -DBUILD_COMPLEX=1 -DBUILD_COMPLEX16=1 -DVERSION=\"0.3.17.dev\" -msse3 -mssse3 -msse4.1 -mavx -mavx2 -mavx2 -UASMNAME -UASMFNAME -UNAME -UCNAME -UCHAR_NAME -UCHAR_CNAME -DASMNAME=idamin -DASMFNAME=idamin_ -DNAME=idamin_ -DCNAME=idamin -DCHAR_NAME=\"idamin_\" -DCHAR_CNAME=\"idamin\" -DNO_AFFINITY -I.. -I. -DDOUBLE  -UCOMPLEX -c -DUSE_ABS -DUSE_MIN imax.c -o idamin.o
cc -O2 -DMAX_STACK_ALLOC=2048 -Wall -m64 -DF_INTERFACE_GFORT -fPIC -DNO_LAPACK -DNO_LAPACKE -DSMP_SERVER -DNO_WARMUP -DMAX_CPU_NUMBER=4 -DMAX_PARALLEL_NUMBER=1 -DBUILD_SINGLE=1 -DBUILD_DOUBLE=1 -DBUILD_COMPLEX=1 -DBUILD_COMPLEX16=1 -DVERSION=\"0.3.17.dev\" -msse3 -mssse3 -msse4.1 -mavx -mavx2 -mavx2 -UASMNAME -UASMFNAME -UNAME -UCNAME -UCHAR_NAME -UCHAR_CNAME -DASMNAME=drot -DASMFNAME=drot_ -DNAME=drot_ -DCNAME=drot -DCHAR_NAME=\"drot_\" -DCHAR_CNAME=\"drot\" -DNO_AFFINITY -I.. -I. -DDOUBLE  -UCOMPLEX -c rot.c -o drot.o
cc -c -O2 -DMAX_STACK_ALLOC=2048 -Wall -m64 -DF_INTERFACE_GFORT -fPIC -DNO_LAPACK -DNO_LAPACKE -DSMP_SERVER -DNO_WARMUP -DMAX_CPU_NUMBER=4 -DMAX_PARALLEL_NUMBER=1 -DBUILD_SINGLE=1 -DBUILD_DOUBLE=1 -DBUILD_COMPLEX=1 -DBUILD_COMPLEX16=1 -DVERSION=\"0.3.17.dev\" -msse3 -mssse3 -msse4.1 -mavx -mavx2 -mavx2 -UASMNAME -UASMFNAME -UNAME -UCNAME -UCHAR_NAME -UCHAR_CNAME -DASMNAME=drotg -DASMFNAME=drotg_ -DNAME=drotg_ -DCNAME=drotg -DCHAR_NAME=\"drotg_\" -DCHAR_CNAME=\"drotg\" -DNO_AFFINITY -I.. -I. -DDOUBLE  -UCOMPLEX rotg.c -o drotg.o
cc -c -O2 -DMAX_STACK_ALLOC=2048 -Wall -m64 -DF_INTERFACE_GFORT -fPIC -DNO_LAPACK -DNO_LAPACKE -DSMP_SERVER -DNO_WARMUP -DMAX_CPU_NUMBER=4 -DMAX_PARALLEL_NUMBER=1 -DBUILD_SINGLE=1 -DBUILD_DOUBLE=1 -DBUILD_COMPLEX=1 -DBUILD_COMPLEX16=1 -DVERSION=\"0.3.17.dev\" -msse3 -mssse3 -msse4.1 -mavx -mavx2 -mavx2 -UASMNAME -UASMFNAME -UNAME -UCNAME -UCHAR_NAME -UCHAR_CNAME -DASMNAME=drotm -DASMFNAME=drotm_ -DNAME=drotm_ -DCNAME=drotm -DCHAR_NAME=\"drotm_\" -DCHAR_CNAME=\"drotm\" -DNO_AFFINITY -I.. -I. -DDOUBLE  -UCOMPLEX rotm.c -o drotm.o
cc -c -O2 -DMAX_STACK_ALLOC=2048 -Wall -m64 -DF_INTERFACE_GFORT -fPIC -DNO_LAPACK -DNO_LAPACKE -DSMP_SERVER -DNO_WARMUP -DMAX_CPU_NUMBER=4 -DMAX_PARALLEL_NUMBER=1 -DBUILD_SINGLE=1 -DBUILD_DOUBLE=1 -DBUILD_COMPLEX=1 -DBUILD_COMPLEX16=1 -DVERSION=\"0.3.17.dev\" -msse3 -mssse3 -msse4.1 -mavx -mavx2 -mavx2 -UASMNAME -UASMFNAME -UNAME -UCNAME -UCHAR_NAME -UCHAR_CNAME -DASMNAME=drotmg -DASMFNAME=drotmg_ -DNAME=drotmg_ -DCNAME=drotmg -DCHAR_NAME=\"drotmg_\" -DCHAR_CNAME=\"drotmg\" -DNO_AFFINITY -I.. -I. -DDOUBLE  -UCOMPLEX rotmg.c -o drotmg.o
cc -O2 -DMAX_STACK_ALLOC=2048 -Wall -m64 -DF_INTERFACE_GFORT -fPIC -DNO_LAPACK -DNO_LAPACKE -DSMP_SERVER -DNO_WARMUP -DMAX_CPU_NUMBER=4 -DMAX_PARALLEL_NUMBER=1 -DBUILD_SINGLE=1 -DBUILD_DOUBLE=1 -DBUILD_COMPLEX=1 -DBUILD_COMPLEX16=1 -DVERSION=\"0.3.17.dev\" -msse3 -mssse3 -msse4.1 -mavx -mavx2 -mavx2 -UASMNAME -UASMFNAME -UNAME -UCNAME -UCHAR_NAME -UCHAR_CNAME -DASMNAME=daxpby -DASMFNAME=daxpby_ -DNAME=daxpby_ -DCNAME=daxpby -DCHAR_NAME=\"daxpby_\" -DCHAR_CNAME=\"daxpby\" -DNO_AFFINITY -I.. -I. -DDOUBLE  -UCOMPLEX -c axpby.c -o daxpby.o
cc -O2 -DMAX_STACK_ALLOC=2048 -Wall -m64 -DF_INTERFACE_GFORT -fPIC -DNO_LAPACK -DNO_LAPACKE -DSMP_SERVER -DNO_WARMUP -DMAX_CPU_NUMBER=4 -DMAX_PARALLEL_NUMBER=1 -DBUILD_SINGLE=1 -DBUILD_DOUBLE=1 -DBUILD_COMPLEX=1 -DBUILD_COMPLEX16=1 -DVERSION=\"0.3.17.dev\" -msse3 -mssse3 -msse4.1 -mavx -mavx2 -mavx2 -UASMNAME -UASMFNAME -UNAME -UCNAME -UCHAR_NAME -UCHAR_CNAME -DASMNAME=cblas_idamax -DASMFNAME=cblas_idamax_ -DNAME=cblas_idamax_ -DCNAME=cblas_idamax -DCHAR_NAME=\"cblas_idamax_\" -DCHAR_CNAME=\"cblas_idamax\" -DNO_AFFINITY -I.. -I. -DDOUBLE  -UCOMPLEX -DCBLAS -c -DUSE_ABS -UUSE_MIN imax.c -o cblas_idamax.o
cc -O2 -DMAX_STACK_ALLOC=2048 -Wall -m64 -DF_INTERFACE_GFORT -fPIC -DNO_LAPACK -DNO_LAPACKE -DSMP_SERVER -DNO_WARMUP -DMAX_CPU_NUMBER=4 -DMAX_PARALLEL_NUMBER=1 -DBUILD_SINGLE=1 -DBUILD_DOUBLE=1 -DBUILD_COMPLEX=1 -DBUILD_COMPLEX16=1 -DVERSION=\"0.3.17.dev\" -msse3 -mssse3 -msse4.1 -mavx -mavx2 -mavx2 -UASMNAME -UASMFNAME -UNAME -UCNAME -UCHAR_NAME -UCHAR_CNAME -DASMNAME=cblas_idamin -DASMFNAME=cblas_idamin_ -DNAME=cblas_idamin_ -DCNAME=cblas_idamin -DCHAR_NAME=\"cblas_idamin_\" -DCHAR_CNAME=\"cblas_idamin\" -DNO_AFFINITY -I.. -I. -DDOUBLE  -UCOMPLEX -DCBLAS -c -DUSE_ABS -DUSE_MIN imax.c -o cblas_idamin.o
cc -O2 -DMAX_STACK_ALLOC=2048 -Wall -m64 -DF_INTERFACE_GFORT -fPIC -DNO_LAPACK -DNO_LAPACKE -DSMP_SERVER -DNO_WARMUP -DMAX_CPU_NUMBER=4 -DMAX_PARALLEL_NUMBER=1 -DBUILD_SINGLE=1 -DBUILD_DOUBLE=1 -DBUILD_COMPLEX=1 -DBUILD_COMPLEX16=1 -DVERSION=\"0.3.17.dev\" -msse3 -mssse3 -msse4.1 -mavx -mavx2 -mavx2 -UASMNAME -UASMFNAME -UNAME -UCNAME -UCHAR_NAME -UCHAR_CNAME -DASMNAME=cblas_dasum -DASMFNAME=cblas_dasum_ -DNAME=cblas_dasum_ -DCNAME=cblas_dasum -DCHAR_NAME=\"cblas_dasum_\" -DCHAR_CNAME=\"cblas_dasum\" -DNO_AFFINITY -I.. -I. -DDOUBLE  -UCOMPLEX -DCBLAS -c asum.c -o cblas_dasum.o
cc -O2 -DMAX_STACK_ALLOC=2048 -Wall -m64 -DF_INTERFACE_GFORT -fPIC -DNO_LAPACK -DNO_LAPACKE -DSMP_SERVER -DNO_WARMUP -DMAX_CPU_NUMBER=4 -DMAX_PARALLEL_NUMBER=1 -DBUILD_SINGLE=1 -DBUILD_DOUBLE=1 -DBUILD_COMPLEX=1 -DBUILD_COMPLEX16=1 -DVERSION=\"0.3.17.dev\" -msse3 -mssse3 -msse4.1 -mavx -mavx2 -mavx2 -UASMNAME -UASMFNAME -UNAME -UCNAME -UCHAR_NAME -UCHAR_CNAME -DASMNAME=cblas_daxpy -DASMFNAME=cblas_daxpy_ -DNAME=cblas_daxpy_ -DCNAME=cblas_daxpy -DCHAR_NAME=\"cblas_daxpy_\" -DCHAR_CNAME=\"cblas_daxpy\" -DNO_AFFINITY -I.. -I. -DDOUBLE  -UCOMPLEX -DCBLAS -c axpy.c -o cblas_daxpy.o
cc -O2 -DMAX_STACK_ALLOC=2048 -Wall -m64 -DF_INTERFACE_GFORT -fPIC -DNO_LAPACK -DNO_LAPACKE -DSMP_SERVER -DNO_WARMUP -DMAX_CPU_NUMBER=4 -DMAX_PARALLEL_NUMBER=1 -DBUILD_SINGLE=1 -DBUILD_DOUBLE=1 -DBUILD_COMPLEX=1 -DBUILD_COMPLEX16=1 -DVERSION=\"0.3.17.dev\" -msse3 -mssse3 -msse4.1 -mavx -mavx2 -mavx2 -UASMNAME -UASMFNAME -UNAME -UCNAME -UCHAR_NAME -UCHAR_CNAME -DASMNAME=cblas_dcopy -DASMFNAME=cblas_dcopy_ -DNAME=cblas_dcopy_ -DCNAME=cblas_dcopy -DCHAR_NAME=\"cblas_dcopy_\" -DCHAR_CNAME=\"cblas_dcopy\" -DNO_AFFINITY -I.. -I. -DDOUBLE  -UCOMPLEX -DCBLAS -c copy.c -o cblas_dcopy.o
cc -O2 -DMAX_STACK_ALLOC=2048 -Wall -m64 -DF_INTERFACE_GFORT -fPIC -DNO_LAPACK -DNO_LAPACKE -DSMP_SERVER -DNO_WARMUP -DMAX_CPU_NUMBER=4 -DMAX_PARALLEL_NUMBER=1 -DBUILD_SINGLE=1 -DBUILD_DOUBLE=1 -DBUILD_COMPLEX=1 -DBUILD_COMPLEX16=1 -DVERSION=\"0.3.17.dev\" -msse3 -mssse3 -msse4.1 -mavx -mavx2 -mavx2 -UASMNAME -UASMFNAME -UNAME -UCNAME -UCHAR_NAME -UCHAR_CNAME -DASMNAME=cblas_ddot -DASMFNAME=cblas_ddot_ -DNAME=cblas_ddot_ -DCNAME=cblas_ddot -DCHAR_NAME=\"cblas_ddot_\" -DCHAR_CNAME=\"cblas_ddot\" -DNO_AFFINITY -I.. -I. -DDOUBLE  -UCOMPLEX -DCBLAS -c dot.c -o cblas_ddot.o
cc -O2 -DMAX_STACK_ALLOC=2048 -Wall -m64 -DF_INTERFACE_GFORT -fPIC -DNO_LAPACK -DNO_LAPACKE -DSMP_SERVER -DNO_WARMUP -DMAX_CPU_NUMBER=4 -DMAX_PARALLEL_NUMBER=1 -DBUILD_SINGLE=1 -DBUILD_DOUBLE=1 -DBUILD_COMPLEX=1 -DBUILD_COMPLEX16=1 -DVERSION=\"0.3.17.dev\" -msse3 -mssse3 -msse4.1 -mavx -mavx2 -mavx2 -UASMNAME -UASMFNAME -UNAME -UCNAME -UCHAR_NAME -UCHAR_CNAME -DASMNAME=cblas_drot -DASMFNAME=cblas_drot_ -DNAME=cblas_drot_ -DCNAME=cblas_drot -DCHAR_NAME=\"cblas_drot_\" -DCHAR_CNAME=\"cblas_drot\" -DNO_AFFINITY -I.. -I. -DDOUBLE  -UCOMPLEX -DCBLAS -c rot.c -o cblas_drot.o
cc -O2 -DMAX_STACK_ALLOC=2048 -Wall -m64 -DF_INTERFACE_GFORT -fPIC -DNO_LAPACK -DNO_LAPACKE -DSMP_SERVER -DNO_WARMUP -DMAX_CPU_NUMBER=4 -DMAX_PARALLEL_NUMBER=1 -DBUILD_SINGLE=1 -DBUILD_DOUBLE=1 -DBUILD_COMPLEX=1 -DBUILD_COMPLEX16=1 -DVERSION=\"0.3.17.dev\" -msse3 -mssse3 -msse4.1 -mavx -mavx2 -mavx2 -UASMNAME -UASMFNAME -UNAME -UCNAME -UCHAR_NAME -UCHAR_CNAME -DASMNAME=cblas_drotg -DASMFNAME=cblas_drotg_ -DNAME=cblas_drotg_ -DCNAME=cblas_drotg -DCHAR_NAME=\"cblas_drotg_\" -DCHAR_CNAME=\"cblas_drotg\" -DNO_AFFINITY -I.. -I. -DDOUBLE  -UCOMPLEX -DCBLAS -c rotg.c -o cblas_drotg.o
cc -O2 -DMAX_STACK_ALLOC=2048 -Wall -m64 -DF_INTERFACE_GFORT -fPIC -DNO_LAPACK -DNO_LAPACKE -DSMP_SERVER -DNO_WARMUP -DMAX_CPU_NUMBER=4 -DMAX_PARALLEL_NUMBER=1 -DBUILD_SINGLE=1 -DBUILD_DOUBLE=1 -DBUILD_COMPLEX=1 -DBUILD_COMPLEX16=1 -DVERSION=\"0.3.17.dev\" -msse3 -mssse3 -msse4.1 -mavx -mavx2 -mavx2 -UASMNAME -UASMFNAME -UNAME -UCNAME -UCHAR_NAME -UCHAR_CNAME -DASMNAME=cblas_drotm -DASMFNAME=cblas_drotm_ -DNAME=cblas_drotm_ -DCNAME=cblas_drotm -DCHAR_NAME=\"cblas_drotm_\" -DCHAR_CNAME=\"cblas_drotm\" -DNO_AFFINITY -I.. -I. -DDOUBLE  -UCOMPLEX -DCBLAS -c rotm.c -o cblas_drotm.o
cc -O2 -DMAX_STACK_ALLOC=2048 -Wall -m64 -DF_INTERFACE_GFORT -fPIC -DNO_LAPACK -DNO_LAPACKE -DSMP_SERVER -DNO_WARMUP -DMAX_CPU_NUMBER=4 -DMAX_PARALLEL_NUMBER=1 -DBUILD_SINGLE=1 -DBUILD_DOUBLE=1 -DBUILD_COMPLEX=1 -DBUILD_COMPLEX16=1 -DVERSION=\"0.3.17.dev\" -msse3 -mssse3 -msse4.1 -mavx -mavx2 -mavx2 -UASMNAME -UASMFNAME -UNAME -UCNAME -UCHAR_NAME -UCHAR_CNAME -DASMNAME=cblas_drotmg -DASMFNAME=cblas_drotmg_ -DNAME=cblas_drotmg_ -DCNAME=cblas_drotmg -DCHAR_NAME=\"cblas_drotmg_\" -DCHAR_CNAME=\"cblas_drotmg\" -DNO_AFFINITY -I.. -I. -DDOUBLE  -UCOMPLEX -DCBLAS -c rotmg.c -o cblas_drotmg.o
cc -O2 -DMAX_STACK_ALLOC=2048 -Wall -m64 -DF_INTERFACE_GFORT -fPIC -DNO_LAPACK -DNO_LAPACKE -DSMP_SERVER -DNO_WARMUP -DMAX_CPU_NUMBER=4 -DMAX_PARALLEL_NUMBER=1 -DBUILD_SINGLE=1 -DBUILD_DOUBLE=1 -DBUILD_COMPLEX=1 -DBUILD_COMPLEX16=1 -DVERSION=\"0.3.17.dev\" -msse3 -mssse3 -msse4.1 -mavx -mavx2 -mavx2 -UASMNAME -UASMFNAME -UNAME -UCNAME -UCHAR_NAME -UCHAR_CNAME -DASMNAME=cblas_dscal -DASMFNAME=cblas_dscal_ -DNAME=cblas_dscal_ -DCNAME=cblas_dscal -DCHAR_NAME=\"cblas_dscal_\" -DCHAR_CNAME=\"cblas_dscal\" -DNO_AFFINITY -I.. -I. -DDOUBLE  -UCOMPLEX -DCBLAS -c scal.c -o cblas_dscal.o
cc -O2 -DMAX_STACK_ALLOC=2048 -Wall -m64 -DF_INTERFACE_GFORT -fPIC -DNO_LAPACK -DNO_LAPACKE -DSMP_SERVER -DNO_WARMUP -DMAX_CPU_NUMBER=4 -DMAX_PARALLEL_NUMBER=1 -DBUILD_SINGLE=1 -DBUILD_DOUBLE=1 -DBUILD_COMPLEX=1 -DBUILD_COMPLEX16=1 -DVERSION=\"0.3.17.dev\" -msse3 -mssse3 -msse4.1 -mavx -mavx2 -mavx2 -UASMNAME -UASMFNAME -UNAME -UCNAME -UCHAR_NAME -UCHAR_CNAME -DASMNAME=cblas_dswap -DASMFNAME=cblas_dswap_ -DNAME=cblas_dswap_ -DCNAME=cblas_dswap -DCHAR_NAME=\"cblas_dswap_\" -DCHAR_CNAME=\"cblas_dswap\" -DNO_AFFINITY -I.. -I. -DDOUBLE  -UCOMPLEX -DCBLAS -c swap.c -o cblas_dswap.o
cc -O2 -DMAX_STACK_ALLOC=2048 -Wall -m64 -DF_INTERFACE_GFORT -fPIC -DNO_LAPACK -DNO_LAPACKE -DSMP_SERVER -DNO_WARMUP -DMAX_CPU_NUMBER=4 -DMAX_PARALLEL_NUMBER=1 -DBUILD_SINGLE=1 -DBUILD_DOUBLE=1 -DBUILD_COMPLEX=1 -DBUILD_COMPLEX16=1 -DVERSION=\"0.3.17.dev\" -msse3 -mssse3 -msse4.1 -mavx -mavx2 -mavx2 -UASMNAME -UASMFNAME -UNAME -UCNAME -UCHAR_NAME -UCHAR_CNAME -DASMNAME=cblas_dnrm2 -DASMFNAME=cblas_dnrm2_ -DNAME=cblas_dnrm2_ -DCNAME=cblas_dnrm2 -DCHAR_NAME=\"cblas_dnrm2_\" -DCHAR_CNAME=\"cblas_dnrm2\" -DNO_AFFINITY -I.. -I. -DDOUBLE  -UCOMPLEX -DCBLAS -c nrm2.c -o cblas_dnrm2.o
cc -O2 -DMAX_STACK_ALLOC=2048 -Wall -m64 -DF_INTERFACE_GFORT -fPIC -DNO_LAPACK -DNO_LAPACKE -DSMP_SERVER -DNO_WARMUP -DMAX_CPU_NUMBER=4 -DMAX_PARALLEL_NUMBER=1 -DBUILD_SINGLE=1 -DBUILD_DOUBLE=1 -DBUILD_COMPLEX=1 -DBUILD_COMPLEX16=1 -DVERSION=\"0.3.17.dev\" -msse3 -mssse3 -msse4.1 -mavx -mavx2 -mavx2 -UASMNAME -UASMFNAME -UNAME -UCNAME -UCHAR_NAME -UCHAR_CNAME -DASMNAME=cblas_daxpby -DASMFNAME=cblas_daxpby_ -DNAME=cblas_daxpby_ -DCNAME=cblas_daxpby -DCHAR_NAME=\"cblas_daxpby_\" -DCHAR_CNAME=\"cblas_daxpby\" -DNO_AFFINITY -I.. -I. -DDOUBLE  -UCOMPLEX -DCBLAS -c axpby.c -o cblas_daxpby.o
cc -O2 -DMAX_STACK_ALLOC=2048 -Wall -m64 -DF_INTERFACE_GFORT -fPIC -DNO_LAPACK -DNO_LAPACKE -DSMP_SERVER -DNO_WARMUP -DMAX_CPU_NUMBER=4 -DMAX_PARALLEL_NUMBER=1 -DBUILD_SINGLE=1 -DBUILD_DOUBLE=1 -DBUILD_COMPLEX=1 -DBUILD_COMPLEX16=1 -DVERSION=\"0.3.17.dev\" -msse3 -mssse3 -msse4.1 -mavx -mavx2 -mavx2 -UASMNAME -UASMFNAME -UNAME -UCNAME -UCHAR_NAME -UCHAR_CNAME -DASMNAME=cblas_idmin -DASMFNAME=cblas_idmin_ -DNAME=cblas_idmin_ -DCNAME=cblas_idmin -DCHAR_NAME=\"cblas_idmin_\" -DCHAR_CNAME=\"cblas_idmin\" -DNO_AFFINITY -I.. -I. -DDOUBLE  -UCOMPLEX -DCBLAS -c -UUSE_ABS -DUSE_MIN imax.c -o cblas_idmin.o
cc -O2 -DMAX_STACK_ALLOC=2048 -Wall -m64 -DF_INTERFACE_GFORT -fPIC -DNO_LAPACK -DNO_LAPACKE -DSMP_SERVER -DNO_WARMUP -DMAX_CPU_NUMBER=4 -DMAX_PARALLEL_NUMBER=1 -DBUILD_SINGLE=1 -DBUILD_DOUBLE=1 -DBUILD_COMPLEX=1 -DBUILD_COMPLEX16=1 -DVERSION=\"0.3.17.dev\" -msse3 -mssse3 -msse4.1 -mavx -mavx2 -mavx2 -UASMNAME -UASMFNAME -UNAME -UCNAME -UCHAR_NAME -UCHAR_CNAME -DASMNAME=cblas_idmax -DASMFNAME=cblas_idmax_ -DNAME=cblas_idmax_ -DCNAME=cblas_idmax -DCHAR_NAME=\"cblas_idmax_\" -DCHAR_CNAME=\"cblas_idmax\" -DNO_AFFINITY -I.. -I. -DDOUBLE  -UCOMPLEX -DCBLAS -c -UUSE_ABS -UUSE_MIN imax.c -o cblas_idmax.o
cc -O2 -DMAX_STACK_ALLOC=2048 -Wall -m64 -DF_INTERFACE_GFORT -fPIC -DNO_LAPACK -DNO_LAPACKE -DSMP_SERVER -DNO_WARMUP -DMAX_CPU_NUMBER=4 -DMAX_PARALLEL_NUMBER=1 -DBUILD_SINGLE=1 -DBUILD_DOUBLE=1 -DBUILD_COMPLEX=1 -DBUILD_COMPLEX16=1 -DVERSION=\"0.3.17.dev\" -msse3 -mssse3 -msse4.1 -mavx -mavx2 -mavx2 -UASMNAME -UASMFNAME -UNAME -UCNAME -UCHAR_NAME -UCHAR_CNAME -DASMNAME=cblas_dsum -DASMFNAME=cblas_dsum_ -DNAME=cblas_dsum_ -DCNAME=cblas_dsum -DCHAR_NAME=\"cblas_dsum_\" -DCHAR_CNAME=\"cblas_dsum\" -DNO_AFFINITY -I.. -I. -DDOUBLE  -UCOMPLEX -DCBLAS -c sum.c -o cblas_dsum.o
cc -c -O2 -DMAX_STACK_ALLOC=2048 -Wall -m64 -DF_INTERFACE_GFORT -fPIC -DNO_LAPACK -DNO_LAPACKE -DSMP_SERVER -DNO_WARMUP -DMAX_CPU_NUMBER=4 -DMAX_PARALLEL_NUMBER=1 -DBUILD_SINGLE=1 -DBUILD_DOUBLE=1 -DBUILD_COMPLEX=1 -DBUILD_COMPLEX16=1 -DVERSION=\"0.3.17.dev\" -msse3 -mssse3 -msse4.1 -mavx -mavx2 -mavx2 -UASMNAME -UASMFNAME -UNAME -UCNAME -UCHAR_NAME -UCHAR_CNAME -DASMNAME=dgemv -DASMFNAME=dgemv_ -DNAME=dgemv_ -DCNAME=dgemv -DCHAR_NAME=\"dgemv_\" -DCHAR_CNAME=\"dgemv\" -DNO_AFFINITY -I.. -I. -DDOUBLE  -UCOMPLEX -o dgemv.o gemv.c
cc -c -O2 -DMAX_STACK_ALLOC=2048 -Wall -m64 -DF_INTERFACE_GFORT -fPIC -DNO_LAPACK -DNO_LAPACKE -DSMP_SERVER -DNO_WARMUP -DMAX_CPU_NUMBER=4 -DMAX_PARALLEL_NUMBER=1 -DBUILD_SINGLE=1 -DBUILD_DOUBLE=1 -DBUILD_COMPLEX=1 -DBUILD_COMPLEX16=1 -DVERSION=\"0.3.17.dev\" -msse3 -mssse3 -msse4.1 -mavx -mavx2 -mavx2 -UASMNAME -UASMFNAME -UNAME -UCNAME -UCHAR_NAME -UCHAR_CNAME -DASMNAME=dger -DASMFNAME=dger_ -DNAME=dger_ -DCNAME=dger -DCHAR_NAME=\"dger_\" -DCHAR_CNAME=\"dger\" -DNO_AFFINITY -I.. -I. -DDOUBLE  -UCOMPLEX ger.c -o dger.o
cc -c -O2 -DMAX_STACK_ALLOC=2048 -Wall -m64 -DF_INTERFACE_GFORT -fPIC -DNO_LAPACK -DNO_LAPACKE -DSMP_SERVER -DNO_WARMUP -DMAX_CPU_NUMBER=4 -DMAX_PARALLEL_NUMBER=1 -DBUILD_SINGLE=1 -DBUILD_DOUBLE=1 -DBUILD_COMPLEX=1 -DBUILD_COMPLEX16=1 -DVERSION=\"0.3.17.dev\" -msse3 -mssse3 -msse4.1 -mavx -mavx2 -mavx2 -UASMNAME -UASMFNAME -UNAME -UCNAME -UCHAR_NAME -UCHAR_CNAME -DASMNAME=dtrsv -DASMFNAME=dtrsv_ -DNAME=dtrsv_ -DCNAME=dtrsv -DCHAR_NAME=\"dtrsv_\" -DCHAR_CNAME=\"dtrsv\" -DNO_AFFINITY -I.. -I. -DDOUBLE  -UCOMPLEX trsv.c -o dtrsv.o
cc -c -O2 -DMAX_STACK_ALLOC=2048 -Wall -m64 -DF_INTERFACE_GFORT -fPIC -DNO_LAPACK -DNO_LAPACKE -DSMP_SERVER -DNO_WARMUP -DMAX_CPU_NUMBER=4 -DMAX_PARALLEL_NUMBER=1 -DBUILD_SINGLE=1 -DBUILD_DOUBLE=1 -DBUILD_COMPLEX=1 -DBUILD_COMPLEX16=1 -DVERSION=\"0.3.17.dev\" -msse3 -mssse3 -msse4.1 -mavx -mavx2 -mavx2 -UASMNAME -UASMFNAME -UNAME -UCNAME -UCHAR_NAME -UCHAR_CNAME -DASMNAME=dtrmv -DASMFNAME=dtrmv_ -DNAME=dtrmv_ -DCNAME=dtrmv -DCHAR_NAME=\"dtrmv_\" -DCHAR_CNAME=\"dtrmv\" -DNO_AFFINITY -I.. -I. -DDOUBLE  -UCOMPLEX trmv.c -o dtrmv.o
cc -c -O2 -DMAX_STACK_ALLOC=2048 -Wall -m64 -DF_INTERFACE_GFORT -fPIC -DNO_LAPACK -DNO_LAPACKE -DSMP_SERVER -DNO_WARMUP -DMAX_CPU_NUMBER=4 -DMAX_PARALLEL_NUMBER=1 -DBUILD_SINGLE=1 -DBUILD_DOUBLE=1 -DBUILD_COMPLEX=1 -DBUILD_COMPLEX16=1 -DVERSION=\"0.3.17.dev\" -msse3 -mssse3 -msse4.1 -mavx -mavx2 -mavx2 -UASMNAME -UASMFNAME -UNAME -UCNAME -UCHAR_NAME -UCHAR_CNAME -DASMNAME=dsymv -DASMFNAME=dsymv_ -DNAME=dsymv_ -DCNAME=dsymv -DCHAR_NAME=\"dsymv_\" -DCHAR_CNAME=\"dsymv\" -DNO_AFFINITY -I.. -I. -DDOUBLE  -UCOMPLEX symv.c -o dsymv.o
cc -c -O2 -DMAX_STACK_ALLOC=2048 -Wall -m64 -DF_INTERFACE_GFORT -fPIC -DNO_LAPACK -DNO_LAPACKE -DSMP_SERVER -DNO_WARMUP -DMAX_CPU_NUMBER=4 -DMAX_PARALLEL_NUMBER=1 -DBUILD_SINGLE=1 -DBUILD_DOUBLE=1 -DBUILD_COMPLEX=1 -DBUILD_COMPLEX16=1 -DVERSION=\"0.3.17.dev\" -msse3 -mssse3 -msse4.1 -mavx -mavx2 -mavx2 -UASMNAME -UASMFNAME -UNAME -UCNAME -UCHAR_NAME -UCHAR_CNAME -DASMNAME=dsyr -DASMFNAME=dsyr_ -DNAME=dsyr_ -DCNAME=dsyr -DCHAR_NAME=\"dsyr_\" -DCHAR_CNAME=\"dsyr\" -DNO_AFFINITY -I.. -I. -DDOUBLE  -UCOMPLEX syr.c -o dsyr.o
cc -c -O2 -DMAX_STACK_ALLOC=2048 -Wall -m64 -DF_INTERFACE_GFORT -fPIC -DNO_LAPACK -DNO_LAPACKE -DSMP_SERVER -DNO_WARMUP -DMAX_CPU_NUMBER=4 -DMAX_PARALLEL_NUMBER=1 -DBUILD_SINGLE=1 -DBUILD_DOUBLE=1 -DBUILD_COMPLEX=1 -DBUILD_COMPLEX16=1 -DVERSION=\"0.3.17.dev\" -msse3 -mssse3 -msse4.1 -mavx -mavx2 -mavx2 -UASMNAME -UASMFNAME -UNAME -UCNAME -UCHAR_NAME -UCHAR_CNAME -DASMNAME=dsyr2 -DASMFNAME=dsyr2_ -DNAME=dsyr2_ -DCNAME=dsyr2 -DCHAR_NAME=\"dsyr2_\" -DCHAR_CNAME=\"dsyr2\" -DNO_AFFINITY -I.. -I. -DDOUBLE  -UCOMPLEX syr2.c -o dsyr2.o
cc -c -O2 -DMAX_STACK_ALLOC=2048 -Wall -m64 -DF_INTERFACE_GFORT -fPIC -DNO_LAPACK -DNO_LAPACKE -DSMP_SERVER -DNO_WARMUP -DMAX_CPU_NUMBER=4 -DMAX_PARALLEL_NUMBER=1 -DBUILD_SINGLE=1 -DBUILD_DOUBLE=1 -DBUILD_COMPLEX=1 -DBUILD_COMPLEX16=1 -DVERSION=\"0.3.17.dev\" -msse3 -mssse3 -msse4.1 -mavx -mavx2 -mavx2 -UASMNAME -UASMFNAME -UNAME -UCNAME -UCHAR_NAME -UCHAR_CNAME -DASMNAME=dgbmv -DASMFNAME=dgbmv_ -DNAME=dgbmv_ -DCNAME=dgbmv -DCHAR_NAME=\"dgbmv_\" -DCHAR_CNAME=\"dgbmv\" -DNO_AFFINITY -I.. -I. -DDOUBLE  -UCOMPLEX -o dgbmv.o gbmv.c
cc -c -O2 -DMAX_STACK_ALLOC=2048 -Wall -m64 -DF_INTERFACE_GFORT -fPIC -DNO_LAPACK -DNO_LAPACKE -DSMP_SERVER -DNO_WARMUP -DMAX_CPU_NUMBER=4 -DMAX_PARALLEL_NUMBER=1 -DBUILD_SINGLE=1 -DBUILD_DOUBLE=1 -DBUILD_COMPLEX=1 -DBUILD_COMPLEX16=1 -DVERSION=\"0.3.17.dev\" -msse3 -mssse3 -msse4.1 -mavx -mavx2 -mavx2 -UASMNAME -UASMFNAME -UNAME -UCNAME -UCHAR_NAME -UCHAR_CNAME -DASMNAME=dsbmv -DASMFNAME=dsbmv_ -DNAME=dsbmv_ -DCNAME=dsbmv -DCHAR_NAME=\"dsbmv_\" -DCHAR_CNAME=\"dsbmv\" -DNO_AFFINITY -I.. -I. -DDOUBLE  -UCOMPLEX sbmv.c -o dsbmv.o
cc -c -O2 -DMAX_STACK_ALLOC=2048 -Wall -m64 -DF_INTERFACE_GFORT -fPIC -DNO_LAPACK -DNO_LAPACKE -DSMP_SERVER -DNO_WARMUP -DMAX_CPU_NUMBER=4 -DMAX_PARALLEL_NUMBER=1 -DBUILD_SINGLE=1 -DBUILD_DOUBLE=1 -DBUILD_COMPLEX=1 -DBUILD_COMPLEX16=1 -DVERSION=\"0.3.17.dev\" -msse3 -mssse3 -msse4.1 -mavx -mavx2 -mavx2 -UASMNAME -UASMFNAME -UNAME -UCNAME -UCHAR_NAME -UCHAR_CNAME -DASMNAME=dspmv -DASMFNAME=dspmv_ -DNAME=dspmv_ -DCNAME=dspmv -DCHAR_NAME=\"dspmv_\" -DCHAR_CNAME=\"dspmv\" -DNO_AFFINITY -I.. -I. -DDOUBLE  -UCOMPLEX spmv.c -o dspmv.o
cc -c -O2 -DMAX_STACK_ALLOC=2048 -Wall -m64 -DF_INTERFACE_GFORT -fPIC -DNO_LAPACK -DNO_LAPACKE -DSMP_SERVER -DNO_WARMUP -DMAX_CPU_NUMBER=4 -DMAX_PARALLEL_NUMBER=1 -DBUILD_SINGLE=1 -DBUILD_DOUBLE=1 -DBUILD_COMPLEX=1 -DBUILD_COMPLEX16=1 -DVERSION=\"0.3.17.dev\" -msse3 -mssse3 -msse4.1 -mavx -mavx2 -mavx2 -UASMNAME -UASMFNAME -UNAME -UCNAME -UCHAR_NAME -UCHAR_CNAME -DASMNAME=dspr -DASMFNAME=dspr_ -DNAME=dspr_ -DCNAME=dspr -DCHAR_NAME=\"dspr_\" -DCHAR_CNAME=\"dspr\" -DNO_AFFINITY -I.. -I. -DDOUBLE  -UCOMPLEX spr.c -o dspr.o
cc -c -O2 -DMAX_STACK_ALLOC=2048 -Wall -m64 -DF_INTERFACE_GFORT -fPIC -DNO_LAPACK -DNO_LAPACKE -DSMP_SERVER -DNO_WARMUP -DMAX_CPU_NUMBER=4 -DMAX_PARALLEL_NUMBER=1 -DBUILD_SINGLE=1 -DBUILD_DOUBLE=1 -DBUILD_COMPLEX=1 -DBUILD_COMPLEX16=1 -DVERSION=\"0.3.17.dev\" -msse3 -mssse3 -msse4.1 -mavx -mavx2 -mavx2 -UASMNAME -UASMFNAME -UNAME -UCNAME -UCHAR_NAME -UCHAR_CNAME -DASMNAME=dspr2 -DASMFNAME=dspr2_ -DNAME=dspr2_ -DCNAME=dspr2 -DCHAR_NAME=\"dspr2_\" -DCHAR_CNAME=\"dspr2\" -DNO_AFFINITY -I.. -I. -DDOUBLE  -UCOMPLEX spr2.c -o dspr2.o
cc -c -O2 -DMAX_STACK_ALLOC=2048 -Wall -m64 -DF_INTERFACE_GFORT -fPIC -DNO_LAPACK -DNO_LAPACKE -DSMP_SERVER -DNO_WARMUP -DMAX_CPU_NUMBER=4 -DMAX_PARALLEL_NUMBER=1 -DBUILD_SINGLE=1 -DBUILD_DOUBLE=1 -DBUILD_COMPLEX=1 -DBUILD_COMPLEX16=1 -DVERSION=\"0.3.17.dev\" -msse3 -mssse3 -msse4.1 -mavx -mavx2 -mavx2 -UASMNAME -UASMFNAME -UNAME -UCNAME -UCHAR_NAME -UCHAR_CNAME -DASMNAME=dtbsv -DASMFNAME=dtbsv_ -DNAME=dtbsv_ -DCNAME=dtbsv -DCHAR_NAME=\"dtbsv_\" -DCHAR_CNAME=\"dtbsv\" -DNO_AFFINITY -I.. -I. -DDOUBLE  -UCOMPLEX tbsv.c -o dtbsv.o
cc -c -O2 -DMAX_STACK_ALLOC=2048 -Wall -m64 -DF_INTERFACE_GFORT -fPIC -DNO_LAPACK -DNO_LAPACKE -DSMP_SERVER -DNO_WARMUP -DMAX_CPU_NUMBER=4 -DMAX_PARALLEL_NUMBER=1 -DBUILD_SINGLE=1 -DBUILD_DOUBLE=1 -DBUILD_COMPLEX=1 -DBUILD_COMPLEX16=1 -DVERSION=\"0.3.17.dev\" -msse3 -mssse3 -msse4.1 -mavx -mavx2 -mavx2 -UASMNAME -UASMFNAME -UNAME -UCNAME -UCHAR_NAME -UCHAR_CNAME -DASMNAME=dtbmv -DASMFNAME=dtbmv_ -DNAME=dtbmv_ -DCNAME=dtbmv -DCHAR_NAME=\"dtbmv_\" -DCHAR_CNAME=\"dtbmv\" -DNO_AFFINITY -I.. -I. -DDOUBLE  -UCOMPLEX tbmv.c -o dtbmv.o
cc -c -O2 -DMAX_STACK_ALLOC=2048 -Wall -m64 -DF_INTERFACE_GFORT -fPIC -DNO_LAPACK -DNO_LAPACKE -DSMP_SERVER -DNO_WARMUP -DMAX_CPU_NUMBER=4 -DMAX_PARALLEL_NUMBER=1 -DBUILD_SINGLE=1 -DBUILD_DOUBLE=1 -DBUILD_COMPLEX=1 -DBUILD_COMPLEX16=1 -DVERSION=\"0.3.17.dev\" -msse3 -mssse3 -msse4.1 -mavx -mavx2 -mavx2 -UASMNAME -UASMFNAME -UNAME -UCNAME -UCHAR_NAME -UCHAR_CNAME -DASMNAME=dtpsv -DASMFNAME=dtpsv_ -DNAME=dtpsv_ -DCNAME=dtpsv -DCHAR_NAME=\"dtpsv_\" -DCHAR_CNAME=\"dtpsv\" -DNO_AFFINITY -I.. -I. -DDOUBLE  -UCOMPLEX tpsv.c -o dtpsv.o
cc -c -O2 -DMAX_STACK_ALLOC=2048 -Wall -m64 -DF_INTERFACE_GFORT -fPIC -DNO_LAPACK -DNO_LAPACKE -DSMP_SERVER -DNO_WARMUP -DMAX_CPU_NUMBER=4 -DMAX_PARALLEL_NUMBER=1 -DBUILD_SINGLE=1 -DBUILD_DOUBLE=1 -DBUILD_COMPLEX=1 -DBUILD_COMPLEX16=1 -DVERSION=\"0.3.17.dev\" -msse3 -mssse3 -msse4.1 -mavx -mavx2 -mavx2 -UASMNAME -UASMFNAME -UNAME -UCNAME -UCHAR_NAME -UCHAR_CNAME -DASMNAME=dtpmv -DASMFNAME=dtpmv_ -DNAME=dtpmv_ -DCNAME=dtpmv -DCHAR_NAME=\"dtpmv_\" -DCHAR_CNAME=\"dtpmv\" -DNO_AFFINITY -I.. -I. -DDOUBLE  -UCOMPLEX tpmv.c -o dtpmv.o
cc -DCBLAS -c -O2 -DMAX_STACK_ALLOC=2048 -Wall -m64 -DF_INTERFACE_GFORT -fPIC -DNO_LAPACK -DNO_LAPACKE -DSMP_SERVER -DNO_WARMUP -DMAX_CPU_NUMBER=4 -DMAX_PARALLEL_NUMBER=1 -DBUILD_SINGLE=1 -DBUILD_DOUBLE=1 -DBUILD_COMPLEX=1 -DBUILD_COMPLEX16=1 -DVERSION=\"0.3.17.dev\" -msse3 -mssse3 -msse4.1 -mavx -mavx2 -mavx2 -UASMNAME -UASMFNAME -UNAME -UCNAME -UCHAR_NAME -UCHAR_CNAME -DASMNAME=cblas_dgemv -DASMFNAME=cblas_dgemv_ -DNAME=cblas_dgemv_ -DCNAME=cblas_dgemv -DCHAR_NAME=\"cblas_dgemv_\" -DCHAR_CNAME=\"cblas_dgemv\" -DNO_AFFINITY -I.. -I. -DDOUBLE  -UCOMPLEX -o cblas_dgemv.o gemv.c
cc -DCBLAS -c -O2 -DMAX_STACK_ALLOC=2048 -Wall -m64 -DF_INTERFACE_GFORT -fPIC -DNO_LAPACK -DNO_LAPACKE -DSMP_SERVER -DNO_WARMUP -DMAX_CPU_NUMBER=4 -DMAX_PARALLEL_NUMBER=1 -DBUILD_SINGLE=1 -DBUILD_DOUBLE=1 -DBUILD_COMPLEX=1 -DBUILD_COMPLEX16=1 -DVERSION=\"0.3.17.dev\" -msse3 -mssse3 -msse4.1 -mavx -mavx2 -mavx2 -UASMNAME -UASMFNAME -UNAME -UCNAME -UCHAR_NAME -UCHAR_CNAME -DASMNAME=cblas_dger -DASMFNAME=cblas_dger_ -DNAME=cblas_dger_ -DCNAME=cblas_dger -DCHAR_NAME=\"cblas_dger_\" -DCHAR_CNAME=\"cblas_dger\" -DNO_AFFINITY -I.. -I. -DDOUBLE  -UCOMPLEX ger.c -o cblas_dger.o
cc -DCBLAS -c -O2 -DMAX_STACK_ALLOC=2048 -Wall -m64 -DF_INTERFACE_GFORT -fPIC -DNO_LAPACK -DNO_LAPACKE -DSMP_SERVER -DNO_WARMUP -DMAX_CPU_NUMBER=4 -DMAX_PARALLEL_NUMBER=1 -DBUILD_SINGLE=1 -DBUILD_DOUBLE=1 -DBUILD_COMPLEX=1 -DBUILD_COMPLEX16=1 -DVERSION=\"0.3.17.dev\" -msse3 -mssse3 -msse4.1 -mavx -mavx2 -mavx2 -UASMNAME -UASMFNAME -UNAME -UCNAME -UCHAR_NAME -UCHAR_CNAME -DASMNAME=cblas_dsymv -DASMFNAME=cblas_dsymv_ -DNAME=cblas_dsymv_ -DCNAME=cblas_dsymv -DCHAR_NAME=\"cblas_dsymv_\" -DCHAR_CNAME=\"cblas_dsymv\" -DNO_AFFINITY -I.. -I. -DDOUBLE  -UCOMPLEX symv.c -o cblas_dsymv.o
cc -DCBLAS -c -O2 -DMAX_STACK_ALLOC=2048 -Wall -m64 -DF_INTERFACE_GFORT -fPIC -DNO_LAPACK -DNO_LAPACKE -DSMP_SERVER -DNO_WARMUP -DMAX_CPU_NUMBER=4 -DMAX_PARALLEL_NUMBER=1 -DBUILD_SINGLE=1 -DBUILD_DOUBLE=1 -DBUILD_COMPLEX=1 -DBUILD_COMPLEX16=1 -DVERSION=\"0.3.17.dev\" -msse3 -mssse3 -msse4.1 -mavx -mavx2 -mavx2 -UASMNAME -UASMFNAME -UNAME -UCNAME -UCHAR_NAME -UCHAR_CNAME -DASMNAME=cblas_dtrmv -DASMFNAME=cblas_dtrmv_ -DNAME=cblas_dtrmv_ -DCNAME=cblas_dtrmv -DCHAR_NAME=\"cblas_dtrmv_\" -DCHAR_CNAME=\"cblas_dtrmv\" -DNO_AFFINITY -I.. -I. -DDOUBLE  -UCOMPLEX trmv.c -o cblas_dtrmv.o
cc -DCBLAS -c -O2 -DMAX_STACK_ALLOC=2048 -Wall -m64 -DF_INTERFACE_GFORT -fPIC -DNO_LAPACK -DNO_LAPACKE -DSMP_SERVER -DNO_WARMUP -DMAX_CPU_NUMBER=4 -DMAX_PARALLEL_NUMBER=1 -DBUILD_SINGLE=1 -DBUILD_DOUBLE=1 -DBUILD_COMPLEX=1 -DBUILD_COMPLEX16=1 -DVERSION=\"0.3.17.dev\" -msse3 -mssse3 -msse4.1 -mavx -mavx2 -mavx2 -UASMNAME -UASMFNAME -UNAME -UCNAME -UCHAR_NAME -UCHAR_CNAME -DASMNAME=cblas_dtrsv -DASMFNAME=cblas_dtrsv_ -DNAME=cblas_dtrsv_ -DCNAME=cblas_dtrsv -DCHAR_NAME=\"cblas_dtrsv_\" -DCHAR_CNAME=\"cblas_dtrsv\" -DNO_AFFINITY -I.. -I. -DDOUBLE  -UCOMPLEX trsv.c -o cblas_dtrsv.o
cc -DCBLAS -c -O2 -DMAX_STACK_ALLOC=2048 -Wall -m64 -DF_INTERFACE_GFORT -fPIC -DNO_LAPACK -DNO_LAPACKE -DSMP_SERVER -DNO_WARMUP -DMAX_CPU_NUMBER=4 -DMAX_PARALLEL_NUMBER=1 -DBUILD_SINGLE=1 -DBUILD_DOUBLE=1 -DBUILD_COMPLEX=1 -DBUILD_COMPLEX16=1 -DVERSION=\"0.3.17.dev\" -msse3 -mssse3 -msse4.1 -mavx -mavx2 -mavx2 -UASMNAME -UASMFNAME -UNAME -UCNAME -UCHAR_NAME -UCHAR_CNAME -DASMNAME=cblas_dsyr -DASMFNAME=cblas_dsyr_ -DNAME=cblas_dsyr_ -DCNAME=cblas_dsyr -DCHAR_NAME=\"cblas_dsyr_\" -DCHAR_CNAME=\"cblas_dsyr\" -DNO_AFFINITY -I.. -I. -DDOUBLE  -UCOMPLEX syr.c -o cblas_dsyr.o
cc -DCBLAS -c -O2 -DMAX_STACK_ALLOC=2048 -Wall -m64 -DF_INTERFACE_GFORT -fPIC -DNO_LAPACK -DNO_LAPACKE -DSMP_SERVER -DNO_WARMUP -DMAX_CPU_NUMBER=4 -DMAX_PARALLEL_NUMBER=1 -DBUILD_SINGLE=1 -DBUILD_DOUBLE=1 -DBUILD_COMPLEX=1 -DBUILD_COMPLEX16=1 -DVERSION=\"0.3.17.dev\" -msse3 -mssse3 -msse4.1 -mavx -mavx2 -mavx2 -UASMNAME -UASMFNAME -UNAME -UCNAME -UCHAR_NAME -UCHAR_CNAME -DASMNAME=cblas_dsyr2 -DASMFNAME=cblas_dsyr2_ -DNAME=cblas_dsyr2_ -DCNAME=cblas_dsyr2 -DCHAR_NAME=\"cblas_dsyr2_\" -DCHAR_CNAME=\"cblas_dsyr2\" -DNO_AFFINITY -I.. -I. -DDOUBLE  -UCOMPLEX syr2.c -o cblas_dsyr2.o
cc -DCBLAS -c -O2 -DMAX_STACK_ALLOC=2048 -Wall -m64 -DF_INTERFACE_GFORT -fPIC -DNO_LAPACK -DNO_LAPACKE -DSMP_SERVER -DNO_WARMUP -DMAX_CPU_NUMBER=4 -DMAX_PARALLEL_NUMBER=1 -DBUILD_SINGLE=1 -DBUILD_DOUBLE=1 -DBUILD_COMPLEX=1 -DBUILD_COMPLEX16=1 -DVERSION=\"0.3.17.dev\" -msse3 -mssse3 -msse4.1 -mavx -mavx2 -mavx2 -UASMNAME -UASMFNAME -UNAME -UCNAME -UCHAR_NAME -UCHAR_CNAME -DASMNAME=cblas_dgbmv -DASMFNAME=cblas_dgbmv_ -DNAME=cblas_dgbmv_ -DCNAME=cblas_dgbmv -DCHAR_NAME=\"cblas_dgbmv_\" -DCHAR_CNAME=\"cblas_dgbmv\" -DNO_AFFINITY -I.. -I. -DDOUBLE  -UCOMPLEX -o cblas_dgbmv.o gbmv.c
cc -DCBLAS -c -O2 -DMAX_STACK_ALLOC=2048 -Wall -m64 -DF_INTERFACE_GFORT -fPIC -DNO_LAPACK -DNO_LAPACKE -DSMP_SERVER -DNO_WARMUP -DMAX_CPU_NUMBER=4 -DMAX_PARALLEL_NUMBER=1 -DBUILD_SINGLE=1 -DBUILD_DOUBLE=1 -DBUILD_COMPLEX=1 -DBUILD_COMPLEX16=1 -DVERSION=\"0.3.17.dev\" -msse3 -mssse3 -msse4.1 -mavx -mavx2 -mavx2 -UASMNAME -UASMFNAME -UNAME -UCNAME -UCHAR_NAME -UCHAR_CNAME -DASMNAME=cblas_dsbmv -DASMFNAME=cblas_dsbmv_ -DNAME=cblas_dsbmv_ -DCNAME=cblas_dsbmv -DCHAR_NAME=\"cblas_dsbmv_\" -DCHAR_CNAME=\"cblas_dsbmv\" -DNO_AFFINITY -I.. -I. -DDOUBLE  -UCOMPLEX sbmv.c -o cblas_dsbmv.o
cc -DCBLAS -c -O2 -DMAX_STACK_ALLOC=2048 -Wall -m64 -DF_INTERFACE_GFORT -fPIC -DNO_LAPACK -DNO_LAPACKE -DSMP_SERVER -DNO_WARMUP -DMAX_CPU_NUMBER=4 -DMAX_PARALLEL_NUMBER=1 -DBUILD_SINGLE=1 -DBUILD_DOUBLE=1 -DBUILD_COMPLEX=1 -DBUILD_COMPLEX16=1 -DVERSION=\"0.3.17.dev\" -msse3 -mssse3 -msse4.1 -mavx -mavx2 -mavx2 -UASMNAME -UASMFNAME -UNAME -UCNAME -UCHAR_NAME -UCHAR_CNAME -DASMNAME=cblas_dspmv -DASMFNAME=cblas_dspmv_ -DNAME=cblas_dspmv_ -DCNAME=cblas_dspmv -DCHAR_NAME=\"cblas_dspmv_\" -DCHAR_CNAME=\"cblas_dspmv\" -DNO_AFFINITY -I.. -I. -DDOUBLE  -UCOMPLEX spmv.c -o cblas_dspmv.o
cc -DCBLAS -c -O2 -DMAX_STACK_ALLOC=2048 -Wall -m64 -DF_INTERFACE_GFORT -fPIC -DNO_LAPACK -DNO_LAPACKE -DSMP_SERVER -DNO_WARMUP -DMAX_CPU_NUMBER=4 -DMAX_PARALLEL_NUMBER=1 -DBUILD_SINGLE=1 -DBUILD_DOUBLE=1 -DBUILD_COMPLEX=1 -DBUILD_COMPLEX16=1 -DVERSION=\"0.3.17.dev\" -msse3 -mssse3 -msse4.1 -mavx -mavx2 -mavx2 -UASMNAME -UASMFNAME -UNAME -UCNAME -UCHAR_NAME -UCHAR_CNAME -DASMNAME=cblas_dspr -DASMFNAME=cblas_dspr_ -DNAME=cblas_dspr_ -DCNAME=cblas_dspr -DCHAR_NAME=\"cblas_dspr_\" -DCHAR_CNAME=\"cblas_dspr\" -DNO_AFFINITY -I.. -I. -DDOUBLE  -UCOMPLEX spr.c -o cblas_dspr.o
cc -DCBLAS -c -O2 -DMAX_STACK_ALLOC=2048 -Wall -m64 -DF_INTERFACE_GFORT -fPIC -DNO_LAPACK -DNO_LAPACKE -DSMP_SERVER -DNO_WARMUP -DMAX_CPU_NUMBER=4 -DMAX_PARALLEL_NUMBER=1 -DBUILD_SINGLE=1 -DBUILD_DOUBLE=1 -DBUILD_COMPLEX=1 -DBUILD_COMPLEX16=1 -DVERSION=\"0.3.17.dev\" -msse3 -mssse3 -msse4.1 -mavx -mavx2 -mavx2 -UASMNAME -UASMFNAME -UNAME -UCNAME -UCHAR_NAME -UCHAR_CNAME -DASMNAME=cblas_dspr2 -DASMFNAME=cblas_dspr2_ -DNAME=cblas_dspr2_ -DCNAME=cblas_dspr2 -DCHAR_NAME=\"cblas_dspr2_\" -DCHAR_CNAME=\"cblas_dspr2\" -DNO_AFFINITY -I.. -I. -DDOUBLE  -UCOMPLEX spr2.c -o cblas_dspr2.o
cc -DCBLAS -c -O2 -DMAX_STACK_ALLOC=2048 -Wall -m64 -DF_INTERFACE_GFORT -fPIC -DNO_LAPACK -DNO_LAPACKE -DSMP_SERVER -DNO_WARMUP -DMAX_CPU_NUMBER=4 -DMAX_PARALLEL_NUMBER=1 -DBUILD_SINGLE=1 -DBUILD_DOUBLE=1 -DBUILD_COMPLEX=1 -DBUILD_COMPLEX16=1 -DVERSION=\"0.3.17.dev\" -msse3 -mssse3 -msse4.1 -mavx -mavx2 -mavx2 -UASMNAME -UASMFNAME -UNAME -UCNAME -UCHAR_NAME -UCHAR_CNAME -DASMNAME=cblas_dtbmv -DASMFNAME=cblas_dtbmv_ -DNAME=cblas_dtbmv_ -DCNAME=cblas_dtbmv -DCHAR_NAME=\"cblas_dtbmv_\" -DCHAR_CNAME=\"cblas_dtbmv\" -DNO_AFFINITY -I.. -I. -DDOUBLE  -UCOMPLEX tbmv.c -o cblas_dtbmv.o
cc -DCBLAS -c -O2 -DMAX_STACK_ALLOC=2048 -Wall -m64 -DF_INTERFACE_GFORT -fPIC -DNO_LAPACK -DNO_LAPACKE -DSMP_SERVER -DNO_WARMUP -DMAX_CPU_NUMBER=4 -DMAX_PARALLEL_NUMBER=1 -DBUILD_SINGLE=1 -DBUILD_DOUBLE=1 -DBUILD_COMPLEX=1 -DBUILD_COMPLEX16=1 -DVERSION=\"0.3.17.dev\" -msse3 -mssse3 -msse4.1 -mavx -mavx2 -mavx2 -UASMNAME -UASMFNAME -UNAME -UCNAME -UCHAR_NAME -UCHAR_CNAME -DASMNAME=cblas_dtbsv -DASMFNAME=cblas_dtbsv_ -DNAME=cblas_dtbsv_ -DCNAME=cblas_dtbsv -DCHAR_NAME=\"cblas_dtbsv_\" -DCHAR_CNAME=\"cblas_dtbsv\" -DNO_AFFINITY -I.. -I. -DDOUBLE  -UCOMPLEX tbsv.c -o cblas_dtbsv.o
cc -DCBLAS -c -O2 -DMAX_STACK_ALLOC=2048 -Wall -m64 -DF_INTERFACE_GFORT -fPIC -DNO_LAPACK -DNO_LAPACKE -DSMP_SERVER -DNO_WARMUP -DMAX_CPU_NUMBER=4 -DMAX_PARALLEL_NUMBER=1 -DBUILD_SINGLE=1 -DBUILD_DOUBLE=1 -DBUILD_COMPLEX=1 -DBUILD_COMPLEX16=1 -DVERSION=\"0.3.17.dev\" -msse3 -mssse3 -msse4.1 -mavx -mavx2 -mavx2 -UASMNAME -UASMFNAME -UNAME -UCNAME -UCHAR_NAME -UCHAR_CNAME -DASMNAME=cblas_dtpmv -DASMFNAME=cblas_dtpmv_ -DNAME=cblas_dtpmv_ -DCNAME=cblas_dtpmv -DCHAR_NAME=\"cblas_dtpmv_\" -DCHAR_CNAME=\"cblas_dtpmv\" -DNO_AFFINITY -I.. -I. -DDOUBLE  -UCOMPLEX tpmv.c -o cblas_dtpmv.o
cc -DCBLAS -c -O2 -DMAX_STACK_ALLOC=2048 -Wall -m64 -DF_INTERFACE_GFORT -fPIC -DNO_LAPACK -DNO_LAPACKE -DSMP_SERVER -DNO_WARMUP -DMAX_CPU_NUMBER=4 -DMAX_PARALLEL_NUMBER=1 -DBUILD_SINGLE=1 -DBUILD_DOUBLE=1 -DBUILD_COMPLEX=1 -DBUILD_COMPLEX16=1 -DVERSION=\"0.3.17.dev\" -msse3 -mssse3 -msse4.1 -mavx -mavx2 -mavx2 -UASMNAME -UASMFNAME -UNAME -UCNAME -UCHAR_NAME -UCHAR_CNAME -DASMNAME=cblas_dtpsv -DASMFNAME=cblas_dtpsv_ -DNAME=cblas_dtpsv_ -DCNAME=cblas_dtpsv -DCHAR_NAME=\"cblas_dtpsv_\" -DCHAR_CNAME=\"cblas_dtpsv\" -DNO_AFFINITY -I.. -I. -DDOUBLE  -UCOMPLEX tpsv.c -o cblas_dtpsv.o
cc -c -O2 -DMAX_STACK_ALLOC=2048 -Wall -m64 -DF_INTERFACE_GFORT -fPIC -DNO_LAPACK -DNO_LAPACKE -DSMP_SERVER -DNO_WARMUP -DMAX_CPU_NUMBER=4 -DMAX_PARALLEL_NUMBER=1 -DBUILD_SINGLE=1 -DBUILD_DOUBLE=1 -DBUILD_COMPLEX=1 -DBUILD_COMPLEX16=1 -DVERSION=\"0.3.17.dev\" -msse3 -mssse3 -msse4.1 -mavx -mavx2 -mavx2 -UASMNAME -UASMFNAME -UNAME -UCNAME -UCHAR_NAME -UCHAR_CNAME -DASMNAME=dgemm -DASMFNAME=dgemm_ -DNAME=dgemm_ -DCNAME=dgemm -DCHAR_NAME=\"dgemm_\" -DCHAR_CNAME=\"dgemm\" -DNO_AFFINITY -I.. -I. -DDOUBLE  -UCOMPLEX gemm.c -o dgemm.o
cc -c -O2 -DMAX_STACK_ALLOC=2048 -Wall -m64 -DF_INTERFACE_GFORT -fPIC -DNO_LAPACK -DNO_LAPACKE -DSMP_SERVER -DNO_WARMUP -DMAX_CPU_NUMBER=4 -DMAX_PARALLEL_NUMBER=1 -DBUILD_SINGLE=1 -DBUILD_DOUBLE=1 -DBUILD_COMPLEX=1 -DBUILD_COMPLEX16=1 -DVERSION=\"0.3.17.dev\" -msse3 -mssse3 -msse4.1 -mavx -mavx2 -mavx2 -UASMNAME -UASMFNAME -UNAME -UCNAME -UCHAR_NAME -UCHAR_CNAME -DASMNAME=dsymm -DASMFNAME=dsymm_ -DNAME=dsymm_ -DCNAME=dsymm -DCHAR_NAME=\"dsymm_\" -DCHAR_CNAME=\"dsymm\" -DNO_AFFINITY -I.. -I. -DDOUBLE  -UCOMPLEX symm.c -o dsymm.o
cc -c -O2 -DMAX_STACK_ALLOC=2048 -Wall -m64 -DF_INTERFACE_GFORT -fPIC -DNO_LAPACK -DNO_LAPACKE -DSMP_SERVER -DNO_WARMUP -DMAX_CPU_NUMBER=4 -DMAX_PARALLEL_NUMBER=1 -DBUILD_SINGLE=1 -DBUILD_DOUBLE=1 -DBUILD_COMPLEX=1 -DBUILD_COMPLEX16=1 -DVERSION=\"0.3.17.dev\" -msse3 -mssse3 -msse4.1 -mavx -mavx2 -mavx2 -UASMNAME -UASMFNAME -UNAME -UCNAME -UCHAR_NAME -UCHAR_CNAME -DASMNAME=dtrmm -DASMFNAME=dtrmm_ -DNAME=dtrmm_ -DCNAME=dtrmm -DCHAR_NAME=\"dtrmm_\" -DCHAR_CNAME=\"dtrmm\" -DNO_AFFINITY -I.. -I. -DDOUBLE  -UCOMPLEX -DTRMM trsm.c -o dtrmm.o
cc -c -O2 -DMAX_STACK_ALLOC=2048 -Wall -m64 -DF_INTERFACE_GFORT -fPIC -DNO_LAPACK -DNO_LAPACKE -DSMP_SERVER -DNO_WARMUP -DMAX_CPU_NUMBER=4 -DMAX_PARALLEL_NUMBER=1 -DBUILD_SINGLE=1 -DBUILD_DOUBLE=1 -DBUILD_COMPLEX=1 -DBUILD_COMPLEX16=1 -DVERSION=\"0.3.17.dev\" -msse3 -mssse3 -msse4.1 -mavx -mavx2 -mavx2 -UASMNAME -UASMFNAME -UNAME -UCNAME -UCHAR_NAME -UCHAR_CNAME -DASMNAME=dtrsm -DASMFNAME=dtrsm_ -DNAME=dtrsm_ -DCNAME=dtrsm -DCHAR_NAME=\"dtrsm_\" -DCHAR_CNAME=\"dtrsm\" -DNO_AFFINITY -I.. -I. -DDOUBLE  -UCOMPLEX trsm.c -o dtrsm.o
cc -c -O2 -DMAX_STACK_ALLOC=2048 -Wall -m64 -DF_INTERFACE_GFORT -fPIC -DNO_LAPACK -DNO_LAPACKE -DSMP_SERVER -DNO_WARMUP -DMAX_CPU_NUMBER=4 -DMAX_PARALLEL_NUMBER=1 -DBUILD_SINGLE=1 -DBUILD_DOUBLE=1 -DBUILD_COMPLEX=1 -DBUILD_COMPLEX16=1 -DVERSION=\"0.3.17.dev\" -msse3 -mssse3 -msse4.1 -mavx -mavx2 -mavx2 -UASMNAME -UASMFNAME -UNAME -UCNAME -UCHAR_NAME -UCHAR_CNAME -DASMNAME=dsyrk -DASMFNAME=dsyrk_ -DNAME=dsyrk_ -DCNAME=dsyrk -DCHAR_NAME=\"dsyrk_\" -DCHAR_CNAME=\"dsyrk\" -DNO_AFFINITY -I.. -I. -DDOUBLE  -UCOMPLEX syrk.c -o dsyrk.o
cc -c -O2 -DMAX_STACK_ALLOC=2048 -Wall -m64 -DF_INTERFACE_GFORT -fPIC -DNO_LAPACK -DNO_LAPACKE -DSMP_SERVER -DNO_WARMUP -DMAX_CPU_NUMBER=4 -DMAX_PARALLEL_NUMBER=1 -DBUILD_SINGLE=1 -DBUILD_DOUBLE=1 -DBUILD_COMPLEX=1 -DBUILD_COMPLEX16=1 -DVERSION=\"0.3.17.dev\" -msse3 -mssse3 -msse4.1 -mavx -mavx2 -mavx2 -UASMNAME -UASMFNAME -UNAME -UCNAME -UCHAR_NAME -UCHAR_CNAME -DASMNAME=dsyr2k -DASMFNAME=dsyr2k_ -DNAME=dsyr2k_ -DCNAME=dsyr2k -DCHAR_NAME=\"dsyr2k_\" -DCHAR_CNAME=\"dsyr2k\" -DNO_AFFINITY -I.. -I. -DDOUBLE  -UCOMPLEX syr2k.c -o dsyr2k.o
cc -c -O2 -DMAX_STACK_ALLOC=2048 -Wall -m64 -DF_INTERFACE_GFORT -fPIC -DNO_LAPACK -DNO_LAPACKE -DSMP_SERVER -DNO_WARMUP -DMAX_CPU_NUMBER=4 -DMAX_PARALLEL_NUMBER=1 -DBUILD_SINGLE=1 -DBUILD_DOUBLE=1 -DBUILD_COMPLEX=1 -DBUILD_COMPLEX16=1 -DVERSION=\"0.3.17.dev\" -msse3 -mssse3 -msse4.1 -mavx -mavx2 -mavx2 -UASMNAME -UASMFNAME -UNAME -UCNAME -UCHAR_NAME -UCHAR_CNAME -DASMNAME=domatcopy -DASMFNAME=domatcopy_ -DNAME=domatcopy_ -DCNAME=domatcopy -DCHAR_NAME=\"domatcopy_\" -DCHAR_CNAME=\"domatcopy\" -DNO_AFFINITY -I.. -I. -DDOUBLE  -UCOMPLEX omatcopy.c -o domatcopy.o
cc -c -O2 -DMAX_STACK_ALLOC=2048 -Wall -m64 -DF_INTERFACE_GFORT -fPIC -DNO_LAPACK -DNO_LAPACKE -DSMP_SERVER -DNO_WARMUP -DMAX_CPU_NUMBER=4 -DMAX_PARALLEL_NUMBER=1 -DBUILD_SINGLE=1 -DBUILD_DOUBLE=1 -DBUILD_COMPLEX=1 -DBUILD_COMPLEX16=1 -DVERSION=\"0.3.17.dev\" -msse3 -mssse3 -msse4.1 -mavx -mavx2 -mavx2 -UASMNAME -UASMFNAME -UNAME -UCNAME -UCHAR_NAME -UCHAR_CNAME -DASMNAME=dimatcopy -DASMFNAME=dimatcopy_ -DNAME=dimatcopy_ -DCNAME=dimatcopy -DCHAR_NAME=\"dimatcopy_\" -DCHAR_CNAME=\"dimatcopy\" -DNO_AFFINITY -I.. -I. -DDOUBLE  -UCOMPLEX imatcopy.c -o dimatcopy.o
cc -c -O2 -DMAX_STACK_ALLOC=2048 -Wall -m64 -DF_INTERFACE_GFORT -fPIC -DNO_LAPACK -DNO_LAPACKE -DSMP_SERVER -DNO_WARMUP -DMAX_CPU_NUMBER=4 -DMAX_PARALLEL_NUMBER=1 -DBUILD_SINGLE=1 -DBUILD_DOUBLE=1 -DBUILD_COMPLEX=1 -DBUILD_COMPLEX16=1 -DVERSION=\"0.3.17.dev\" -msse3 -mssse3 -msse4.1 -mavx -mavx2 -mavx2 -UASMNAME -UASMFNAME -UNAME -UCNAME -UCHAR_NAME -UCHAR_CNAME -DASMNAME=dgeadd -DASMFNAME=dgeadd_ -DNAME=dgeadd_ -DCNAME=dgeadd -DCHAR_NAME=\"dgeadd_\" -DCHAR_CNAME=\"dgeadd\" -DNO_AFFINITY -I.. -I. -DDOUBLE  -UCOMPLEX geadd.c -o dgeadd.o
cc -DCBLAS -c -O2 -DMAX_STACK_ALLOC=2048 -Wall -m64 -DF_INTERFACE_GFORT -fPIC -DNO_LAPACK -DNO_LAPACKE -DSMP_SERVER -DNO_WARMUP -DMAX_CPU_NUMBER=4 -DMAX_PARALLEL_NUMBER=1 -DBUILD_SINGLE=1 -DBUILD_DOUBLE=1 -DBUILD_COMPLEX=1 -DBUILD_COMPLEX16=1 -DVERSION=\"0.3.17.dev\" -msse3 -mssse3 -msse4.1 -mavx -mavx2 -mavx2 -UASMNAME -UASMFNAME -UNAME -UCNAME -UCHAR_NAME -UCHAR_CNAME -DASMNAME=cblas_dgemm -DASMFNAME=cblas_dgemm_ -DNAME=cblas_dgemm_ -DCNAME=cblas_dgemm -DCHAR_NAME=\"cblas_dgemm_\" -DCHAR_CNAME=\"cblas_dgemm\" -DNO_AFFINITY -I.. -I. -DDOUBLE  -UCOMPLEX gemm.c -o cblas_dgemm.o
cc -DCBLAS -c -O2 -DMAX_STACK_ALLOC=2048 -Wall -m64 -DF_INTERFACE_GFORT -fPIC -DNO_LAPACK -DNO_LAPACKE -DSMP_SERVER -DNO_WARMUP -DMAX_CPU_NUMBER=4 -DMAX_PARALLEL_NUMBER=1 -DBUILD_SINGLE=1 -DBUILD_DOUBLE=1 -DBUILD_COMPLEX=1 -DBUILD_COMPLEX16=1 -DVERSION=\"0.3.17.dev\" -msse3 -mssse3 -msse4.1 -mavx -mavx2 -mavx2 -UASMNAME -UASMFNAME -UNAME -UCNAME -UCHAR_NAME -UCHAR_CNAME -DASMNAME=cblas_dsymm -DASMFNAME=cblas_dsymm_ -DNAME=cblas_dsymm_ -DCNAME=cblas_dsymm -DCHAR_NAME=\"cblas_dsymm_\" -DCHAR_CNAME=\"cblas_dsymm\" -DNO_AFFINITY -I.. -I. -DDOUBLE  -UCOMPLEX symm.c -o cblas_dsymm.o
cc -DCBLAS -c -O2 -DMAX_STACK_ALLOC=2048 -Wall -m64 -DF_INTERFACE_GFORT -fPIC -DNO_LAPACK -DNO_LAPACKE -DSMP_SERVER -DNO_WARMUP -DMAX_CPU_NUMBER=4 -DMAX_PARALLEL_NUMBER=1 -DBUILD_SINGLE=1 -DBUILD_DOUBLE=1 -DBUILD_COMPLEX=1 -DBUILD_COMPLEX16=1 -DVERSION=\"0.3.17.dev\" -msse3 -mssse3 -msse4.1 -mavx -mavx2 -mavx2 -UASMNAME -UASMFNAME -UNAME -UCNAME -UCHAR_NAME -UCHAR_CNAME -DASMNAME=cblas_dtrmm -DASMFNAME=cblas_dtrmm_ -DNAME=cblas_dtrmm_ -DCNAME=cblas_dtrmm -DCHAR_NAME=\"cblas_dtrmm_\" -DCHAR_CNAME=\"cblas_dtrmm\" -DNO_AFFINITY -I.. -I. -DDOUBLE  -UCOMPLEX -DTRMM trsm.c -o cblas_dtrmm.o
cc -DCBLAS -c -O2 -DMAX_STACK_ALLOC=2048 -Wall -m64 -DF_INTERFACE_GFORT -fPIC -DNO_LAPACK -DNO_LAPACKE -DSMP_SERVER -DNO_WARMUP -DMAX_CPU_NUMBER=4 -DMAX_PARALLEL_NUMBER=1 -DBUILD_SINGLE=1 -DBUILD_DOUBLE=1 -DBUILD_COMPLEX=1 -DBUILD_COMPLEX16=1 -DVERSION=\"0.3.17.dev\" -msse3 -mssse3 -msse4.1 -mavx -mavx2 -mavx2 -UASMNAME -UASMFNAME -UNAME -UCNAME -UCHAR_NAME -UCHAR_CNAME -DASMNAME=cblas_dtrsm -DASMFNAME=cblas_dtrsm_ -DNAME=cblas_dtrsm_ -DCNAME=cblas_dtrsm -DCHAR_NAME=\"cblas_dtrsm_\" -DCHAR_CNAME=\"cblas_dtrsm\" -DNO_AFFINITY -I.. -I. -DDOUBLE  -UCOMPLEX trsm.c -o cblas_dtrsm.o
cc -DCBLAS -c -O2 -DMAX_STACK_ALLOC=2048 -Wall -m64 -DF_INTERFACE_GFORT -fPIC -DNO_LAPACK -DNO_LAPACKE -DSMP_SERVER -DNO_WARMUP -DMAX_CPU_NUMBER=4 -DMAX_PARALLEL_NUMBER=1 -DBUILD_SINGLE=1 -DBUILD_DOUBLE=1 -DBUILD_COMPLEX=1 -DBUILD_COMPLEX16=1 -DVERSION=\"0.3.17.dev\" -msse3 -mssse3 -msse4.1 -mavx -mavx2 -mavx2 -UASMNAME -UASMFNAME -UNAME -UCNAME -UCHAR_NAME -UCHAR_CNAME -DASMNAME=cblas_dsyrk -DASMFNAME=cblas_dsyrk_ -DNAME=cblas_dsyrk_ -DCNAME=cblas_dsyrk -DCHAR_NAME=\"cblas_dsyrk_\" -DCHAR_CNAME=\"cblas_dsyrk\" -DNO_AFFINITY -I.. -I. -DDOUBLE  -UCOMPLEX syrk.c -o cblas_dsyrk.o
cc -DCBLAS -c -O2 -DMAX_STACK_ALLOC=2048 -Wall -m64 -DF_INTERFACE_GFORT -fPIC -DNO_LAPACK -DNO_LAPACKE -DSMP_SERVER -DNO_WARMUP -DMAX_CPU_NUMBER=4 -DMAX_PARALLEL_NUMBER=1 -DBUILD_SINGLE=1 -DBUILD_DOUBLE=1 -DBUILD_COMPLEX=1 -DBUILD_COMPLEX16=1 -DVERSION=\"0.3.17.dev\" -msse3 -mssse3 -msse4.1 -mavx -mavx2 -mavx2 -UASMNAME -UASMFNAME -UNAME -UCNAME -UCHAR_NAME -UCHAR_CNAME -DASMNAME=cblas_dsyr2k -DASMFNAME=cblas_dsyr2k_ -DNAME=cblas_dsyr2k_ -DCNAME=cblas_dsyr2k -DCHAR_NAME=\"cblas_dsyr2k_\" -DCHAR_CNAME=\"cblas_dsyr2k\" -DNO_AFFINITY -I.. -I. -DDOUBLE  -UCOMPLEX syr2k.c -o cblas_dsyr2k.o
cc -c -O2 -DMAX_STACK_ALLOC=2048 -Wall -m64 -DF_INTERFACE_GFORT -fPIC -DNO_LAPACK -DNO_LAPACKE -DSMP_SERVER -DNO_WARMUP -DMAX_CPU_NUMBER=4 -DMAX_PARALLEL_NUMBER=1 -DBUILD_SINGLE=1 -DBUILD_DOUBLE=1 -DBUILD_COMPLEX=1 -DBUILD_COMPLEX16=1 -DVERSION=\"0.3.17.dev\" -msse3 -mssse3 -msse4.1 -mavx -mavx2 -mavx2 -UASMNAME -UASMFNAME -UNAME -UCNAME -UCHAR_NAME -UCHAR_CNAME -DASMNAME=cblas_domatcopy -DASMFNAME=cblas_domatcopy_ -DNAME=cblas_domatcopy_ -DCNAME=cblas_domatcopy -DCHAR_NAME=\"cblas_domatcopy_\" -DCHAR_CNAME=\"cblas_domatcopy\" -DNO_AFFINITY -I.. -I. -DDOUBLE  -UCOMPLEX -DCBLAS omatcopy.c -o cblas_domatcopy.o 
cc -c -O2 -DMAX_STACK_ALLOC=2048 -Wall -m64 -DF_INTERFACE_GFORT -fPIC -DNO_LAPACK -DNO_LAPACKE -DSMP_SERVER -DNO_WARMUP -DMAX_CPU_NUMBER=4 -DMAX_PARALLEL_NUMBER=1 -DBUILD_SINGLE=1 -DBUILD_DOUBLE=1 -DBUILD_COMPLEX=1 -DBUILD_COMPLEX16=1 -DVERSION=\"0.3.17.dev\" -msse3 -mssse3 -msse4.1 -mavx -mavx2 -mavx2 -UASMNAME -UASMFNAME -UNAME -UCNAME -UCHAR_NAME -UCHAR_CNAME -DASMNAME=cblas_dimatcopy -DASMFNAME=cblas_dimatcopy_ -DNAME=cblas_dimatcopy_ -DCNAME=cblas_dimatcopy -DCHAR_NAME=\"cblas_dimatcopy_\" -DCHAR_CNAME=\"cblas_dimatcopy\" -DNO_AFFINITY -I.. -I. -DDOUBLE  -UCOMPLEX -DCBLAS imatcopy.c -o cblas_dimatcopy.o
cc -c -O2 -DMAX_STACK_ALLOC=2048 -Wall -m64 -DF_INTERFACE_GFORT -fPIC -DNO_LAPACK -DNO_LAPACKE -DSMP_SERVER -DNO_WARMUP -DMAX_CPU_NUMBER=4 -DMAX_PARALLEL_NUMBER=1 -DBUILD_SINGLE=1 -DBUILD_DOUBLE=1 -DBUILD_COMPLEX=1 -DBUILD_COMPLEX16=1 -DVERSION=\"0.3.17.dev\" -msse3 -mssse3 -msse4.1 -mavx -mavx2 -mavx2 -UASMNAME -UASMFNAME -UNAME -UCNAME -UCHAR_NAME -UCHAR_CNAME -DASMNAME=cblas_dgeadd -DASMFNAME=cblas_dgeadd_ -DNAME=cblas_dgeadd_ -DCNAME=cblas_dgeadd -DCHAR_NAME=\"cblas_dgeadd_\" -DCHAR_CNAME=\"cblas_dgeadd\" -DNO_AFFINITY -I.. -I. -DDOUBLE  -UCOMPLEX -DCBLAS geadd.c -o cblas_dgeadd.o
cc -O2 -DMAX_STACK_ALLOC=2048 -Wall -m64 -DF_INTERFACE_GFORT -fPIC -DNO_LAPACK -DNO_LAPACKE -DSMP_SERVER -DNO_WARMUP -DMAX_CPU_NUMBER=4 -DMAX_PARALLEL_NUMBER=1 -DBUILD_SINGLE=1 -DBUILD_DOUBLE=1 -DBUILD_COMPLEX=1 -DBUILD_COMPLEX16=1 -DVERSION=\"0.3.17.dev\" -msse3 -mssse3 -msse4.1 -mavx -mavx2 -mavx2 -UASMNAME -UASMFNAME -UNAME -UCNAME -UCHAR_NAME -UCHAR_CNAME -DASMNAME=caxpy -DASMFNAME=caxpy_ -DNAME=caxpy_ -DCNAME=caxpy -DCHAR_NAME=\"caxpy_\" -DCHAR_CNAME=\"caxpy\" -DNO_AFFINITY -I.. -I. -UDOUBLE  -DCOMPLEX -c zaxpy.c -o caxpy.o
cc -O2 -DMAX_STACK_ALLOC=2048 -Wall -m64 -DF_INTERFACE_GFORT -fPIC -DNO_LAPACK -DNO_LAPACKE -DSMP_SERVER -DNO_WARMUP -DMAX_CPU_NUMBER=4 -DMAX_PARALLEL_NUMBER=1 -DBUILD_SINGLE=1 -DBUILD_DOUBLE=1 -DBUILD_COMPLEX=1 -DBUILD_COMPLEX16=1 -DVERSION=\"0.3.17.dev\" -msse3 -mssse3 -msse4.1 -mavx -mavx2 -mavx2 -UASMNAME -UASMFNAME -UNAME -UCNAME -UCHAR_NAME -UCHAR_CNAME -DASMNAME=caxpyc -DASMFNAME=caxpyc_ -DNAME=caxpyc_ -DCNAME=caxpyc -DCHAR_NAME=\"caxpyc_\" -DCHAR_CNAME=\"caxpyc\" -DNO_AFFINITY -I.. -I. -UDOUBLE  -DCOMPLEX -c -DCONJ zaxpy.c -o caxpyc.o
cc -O2 -DMAX_STACK_ALLOC=2048 -Wall -m64 -DF_INTERFACE_GFORT -fPIC -DNO_LAPACK -DNO_LAPACKE -DSMP_SERVER -DNO_WARMUP -DMAX_CPU_NUMBER=4 -DMAX_PARALLEL_NUMBER=1 -DBUILD_SINGLE=1 -DBUILD_DOUBLE=1 -DBUILD_COMPLEX=1 -DBUILD_COMPLEX16=1 -DVERSION=\"0.3.17.dev\" -msse3 -mssse3 -msse4.1 -mavx -mavx2 -mavx2 -UASMNAME -UASMFNAME -UNAME -UCNAME -UCHAR_NAME -UCHAR_CNAME -DASMNAME=cswap -DASMFNAME=cswap_ -DNAME=cswap_ -DCNAME=cswap -DCHAR_NAME=\"cswap_\" -DCHAR_CNAME=\"cswap\" -DNO_AFFINITY -I.. -I. -UDOUBLE  -DCOMPLEX -c zswap.c -o cswap.o
cc -O2 -DMAX_STACK_ALLOC=2048 -Wall -m64 -DF_INTERFACE_GFORT -fPIC -DNO_LAPACK -DNO_LAPACKE -DSMP_SERVER -DNO_WARMUP -DMAX_CPU_NUMBER=4 -DMAX_PARALLEL_NUMBER=1 -DBUILD_SINGLE=1 -DBUILD_DOUBLE=1 -DBUILD_COMPLEX=1 -DBUILD_COMPLEX16=1 -DVERSION=\"0.3.17.dev\" -msse3 -mssse3 -msse4.1 -mavx -mavx2 -mavx2 -UASMNAME -UASMFNAME -UNAME -UCNAME -UCHAR_NAME -UCHAR_CNAME -DASMNAME=ccopy -DASMFNAME=ccopy_ -DNAME=ccopy_ -DCNAME=ccopy -DCHAR_NAME=\"ccopy_\" -DCHAR_CNAME=\"ccopy\" -DNO_AFFINITY -I.. -I. -UDOUBLE  -DCOMPLEX -c copy.c -o ccopy.o
cc -O2 -DMAX_STACK_ALLOC=2048 -Wall -m64 -DF_INTERFACE_GFORT -fPIC -DNO_LAPACK -DNO_LAPACKE -DSMP_SERVER -DNO_WARMUP -DMAX_CPU_NUMBER=4 -DMAX_PARALLEL_NUMBER=1 -DBUILD_SINGLE=1 -DBUILD_DOUBLE=1 -DBUILD_COMPLEX=1 -DBUILD_COMPLEX16=1 -DVERSION=\"0.3.17.dev\" -msse3 -mssse3 -msse4.1 -mavx -mavx2 -mavx2 -UASMNAME -UASMFNAME -UNAME -UCNAME -UCHAR_NAME -UCHAR_CNAME -DASMNAME=cscal -DASMFNAME=cscal_ -DNAME=cscal_ -DCNAME=cscal -DCHAR_NAME=\"cscal_\" -DCHAR_CNAME=\"cscal\" -DNO_AFFINITY -I.. -I. -UDOUBLE  -DCOMPLEX -c zscal.c -o cscal.o
cc -O2 -DMAX_STACK_ALLOC=2048 -Wall -m64 -DF_INTERFACE_GFORT -fPIC -DNO_LAPACK -DNO_LAPACKE -DSMP_SERVER -DNO_WARMUP -DMAX_CPU_NUMBER=4 -DMAX_PARALLEL_NUMBER=1 -DBUILD_SINGLE=1 -DBUILD_DOUBLE=1 -DBUILD_COMPLEX=1 -DBUILD_COMPLEX16=1 -DVERSION=\"0.3.17.dev\" -msse3 -mssse3 -msse4.1 -mavx -mavx2 -mavx2 -UASMNAME -UASMFNAME -UNAME -UCNAME -UCHAR_NAME -UCHAR_CNAME -DASMNAME=csscal -DASMFNAME=csscal_ -DNAME=csscal_ -DCNAME=csscal -DCHAR_NAME=\"csscal_\" -DCHAR_CNAME=\"csscal\" -DNO_AFFINITY -I.. -I. -UDOUBLE  -DCOMPLEX -c -DSSCAL zscal.c -o csscal.o
cc -O2 -DMAX_STACK_ALLOC=2048 -Wall -m64 -DF_INTERFACE_GFORT -fPIC -DNO_LAPACK -DNO_LAPACKE -DSMP_SERVER -DNO_WARMUP -DMAX_CPU_NUMBER=4 -DMAX_PARALLEL_NUMBER=1 -DBUILD_SINGLE=1 -DBUILD_DOUBLE=1 -DBUILD_COMPLEX=1 -DBUILD_COMPLEX16=1 -DVERSION=\"0.3.17.dev\" -msse3 -mssse3 -msse4.1 -mavx -mavx2 -mavx2 -UASMNAME -UASMFNAME -UNAME -UCNAME -UCHAR_NAME -UCHAR_CNAME -DASMNAME=cdotc -DASMFNAME=cdotc_ -DNAME=cdotc_ -DCNAME=cdotc -DCHAR_NAME=\"cdotc_\" -DCHAR_CNAME=\"cdotc\" -DNO_AFFINITY -I.. -I. -UDOUBLE  -DCOMPLEX -c -DCONJ zdot.c -o cdotc.o
cc -O2 -DMAX_STACK_ALLOC=2048 -Wall -m64 -DF_INTERFACE_GFORT -fPIC -DNO_LAPACK -DNO_LAPACKE -DSMP_SERVER -DNO_WARMUP -DMAX_CPU_NUMBER=4 -DMAX_PARALLEL_NUMBER=1 -DBUILD_SINGLE=1 -DBUILD_DOUBLE=1 -DBUILD_COMPLEX=1 -DBUILD_COMPLEX16=1 -DVERSION=\"0.3.17.dev\" -msse3 -mssse3 -msse4.1 -mavx -mavx2 -mavx2 -UASMNAME -UASMFNAME -UNAME -UCNAME -UCHAR_NAME -UCHAR_CNAME -DASMNAME=cdotu -DASMFNAME=cdotu_ -DNAME=cdotu_ -DCNAME=cdotu -DCHAR_NAME=\"cdotu_\" -DCHAR_CNAME=\"cdotu\" -DNO_AFFINITY -I.. -I. -UDOUBLE  -DCOMPLEX -c -UCONJ zdot.c -o cdotu.o
cc -O2 -DMAX_STACK_ALLOC=2048 -Wall -m64 -DF_INTERFACE_GFORT -fPIC -DNO_LAPACK -DNO_LAPACKE -DSMP_SERVER -DNO_WARMUP -DMAX_CPU_NUMBER=4 -DMAX_PARALLEL_NUMBER=1 -DBUILD_SINGLE=1 -DBUILD_DOUBLE=1 -DBUILD_COMPLEX=1 -DBUILD_COMPLEX16=1 -DVERSION=\"0.3.17.dev\" -msse3 -mssse3 -msse4.1 -mavx -mavx2 -mavx2 -UASMNAME -UASMFNAME -UNAME -UCNAME -UCHAR_NAME -UCHAR_CNAME -DASMNAME=scasum -DASMFNAME=scasum_ -DNAME=scasum_ -DCNAME=scasum -DCHAR_NAME=\"scasum_\" -DCHAR_CNAME=\"scasum\" -DNO_AFFINITY -I.. -I. -UDOUBLE  -DCOMPLEX -c asum.c -o scasum.o
cc -O2 -DMAX_STACK_ALLOC=2048 -Wall -m64 -DF_INTERFACE_GFORT -fPIC -DNO_LAPACK -DNO_LAPACKE -DSMP_SERVER -DNO_WARMUP -DMAX_CPU_NUMBER=4 -DMAX_PARALLEL_NUMBER=1 -DBUILD_SINGLE=1 -DBUILD_DOUBLE=1 -DBUILD_COMPLEX=1 -DBUILD_COMPLEX16=1 -DVERSION=\"0.3.17.dev\" -msse3 -mssse3 -msse4.1 -mavx -mavx2 -mavx2 -UASMNAME -UASMFNAME -UNAME -UCNAME -UCHAR_NAME -UCHAR_CNAME -DASMNAME=scsum -DASMFNAME=scsum_ -DNAME=scsum_ -DCNAME=scsum -DCHAR_NAME=\"scsum_\" -DCHAR_CNAME=\"scsum\" -DNO_AFFINITY -I.. -I. -UDOUBLE  -DCOMPLEX -c sum.c -o scsum.o
cc -O2 -DMAX_STACK_ALLOC=2048 -Wall -m64 -DF_INTERFACE_GFORT -fPIC -DNO_LAPACK -DNO_LAPACKE -DSMP_SERVER -DNO_WARMUP -DMAX_CPU_NUMBER=4 -DMAX_PARALLEL_NUMBER=1 -DBUILD_SINGLE=1 -DBUILD_DOUBLE=1 -DBUILD_COMPLEX=1 -DBUILD_COMPLEX16=1 -DVERSION=\"0.3.17.dev\" -msse3 -mssse3 -msse4.1 -mavx -mavx2 -mavx2 -UASMNAME -UASMFNAME -UNAME -UCNAME -UCHAR_NAME -UCHAR_CNAME -DASMNAME=scnrm2 -DASMFNAME=scnrm2_ -DNAME=scnrm2_ -DCNAME=scnrm2 -DCHAR_NAME=\"scnrm2_\" -DCHAR_CNAME=\"scnrm2\" -DNO_AFFINITY -I.. -I. -UDOUBLE  -DCOMPLEX -c nrm2.c -o scnrm2.o
cc -O2 -DMAX_STACK_ALLOC=2048 -Wall -m64 -DF_INTERFACE_GFORT -fPIC -DNO_LAPACK -DNO_LAPACKE -DSMP_SERVER -DNO_WARMUP -DMAX_CPU_NUMBER=4 -DMAX_PARALLEL_NUMBER=1 -DBUILD_SINGLE=1 -DBUILD_DOUBLE=1 -DBUILD_COMPLEX=1 -DBUILD_COMPLEX16=1 -DVERSION=\"0.3.17.dev\" -msse3 -mssse3 -msse4.1 -mavx -mavx2 -mavx2 -UASMNAME -UASMFNAME -UNAME -UCNAME -UCHAR_NAME -UCHAR_CNAME -DASMNAME=scamax -DASMFNAME=scamax_ -DNAME=scamax_ -DCNAME=scamax -DCHAR_NAME=\"scamax_\" -DCHAR_CNAME=\"scamax\" -DNO_AFFINITY -I.. -I. -UDOUBLE  -DCOMPLEX -c -DUSE_ABS -UUSE_MIN max.c -o scamax.o
cc -O2 -DMAX_STACK_ALLOC=2048 -Wall -m64 -DF_INTERFACE_GFORT -fPIC -DNO_LAPACK -DNO_LAPACKE -DSMP_SERVER -DNO_WARMUP -DMAX_CPU_NUMBER=4 -DMAX_PARALLEL_NUMBER=1 -DBUILD_SINGLE=1 -DBUILD_DOUBLE=1 -DBUILD_COMPLEX=1 -DBUILD_COMPLEX16=1 -DVERSION=\"0.3.17.dev\" -msse3 -mssse3 -msse4.1 -mavx -mavx2 -mavx2 -UASMNAME -UASMFNAME -UNAME -UCNAME -UCHAR_NAME -UCHAR_CNAME -DASMNAME=icamax -DASMFNAME=icamax_ -DNAME=icamax_ -DCNAME=icamax -DCHAR_NAME=\"icamax_\" -DCHAR_CNAME=\"icamax\" -DNO_AFFINITY -I.. -I. -UDOUBLE  -DCOMPLEX -c -DUSE_ABS -UUSE_MIN imax.c -o icamax.o
cc -O2 -DMAX_STACK_ALLOC=2048 -Wall -m64 -DF_INTERFACE_GFORT -fPIC -DNO_LAPACK -DNO_LAPACKE -DSMP_SERVER -DNO_WARMUP -DMAX_CPU_NUMBER=4 -DMAX_PARALLEL_NUMBER=1 -DBUILD_SINGLE=1 -DBUILD_DOUBLE=1 -DBUILD_COMPLEX=1 -DBUILD_COMPLEX16=1 -DVERSION=\"0.3.17.dev\" -msse3 -mssse3 -msse4.1 -mavx -mavx2 -mavx2 -UASMNAME -UASMFNAME -UNAME -UCNAME -UCHAR_NAME -UCHAR_CNAME -DASMNAME=scamin -DASMFNAME=scamin_ -DNAME=scamin_ -DCNAME=scamin -DCHAR_NAME=\"scamin_\" -DCHAR_CNAME=\"scamin\" -DNO_AFFINITY -I.. -I. -UDOUBLE  -DCOMPLEX -c -DUSE_ABS -DUSE_MIN max.c -o scamin.o
cc -O2 -DMAX_STACK_ALLOC=2048 -Wall -m64 -DF_INTERFACE_GFORT -fPIC -DNO_LAPACK -DNO_LAPACKE -DSMP_SERVER -DNO_WARMUP -DMAX_CPU_NUMBER=4 -DMAX_PARALLEL_NUMBER=1 -DBUILD_SINGLE=1 -DBUILD_DOUBLE=1 -DBUILD_COMPLEX=1 -DBUILD_COMPLEX16=1 -DVERSION=\"0.3.17.dev\" -msse3 -mssse3 -msse4.1 -mavx -mavx2 -mavx2 -UASMNAME -UASMFNAME -UNAME -UCNAME -UCHAR_NAME -UCHAR_CNAME -DASMNAME=icamin -DASMFNAME=icamin_ -DNAME=icamin_ -DCNAME=icamin -DCHAR_NAME=\"icamin_\" -DCHAR_CNAME=\"icamin\" -DNO_AFFINITY -I.. -I. -UDOUBLE  -DCOMPLEX -c -DUSE_ABS -DUSE_MIN imax.c -o icamin.o
cc -O2 -DMAX_STACK_ALLOC=2048 -Wall -m64 -DF_INTERFACE_GFORT -fPIC -DNO_LAPACK -DNO_LAPACKE -DSMP_SERVER -DNO_WARMUP -DMAX_CPU_NUMBER=4 -DMAX_PARALLEL_NUMBER=1 -DBUILD_SINGLE=1 -DBUILD_DOUBLE=1 -DBUILD_COMPLEX=1 -DBUILD_COMPLEX16=1 -DVERSION=\"0.3.17.dev\" -msse3 -mssse3 -msse4.1 -mavx -mavx2 -mavx2 -UASMNAME -UASMFNAME -UNAME -UCNAME -UCHAR_NAME -UCHAR_CNAME -DASMNAME=csrot -DASMFNAME=csrot_ -DNAME=csrot_ -DCNAME=csrot -DCHAR_NAME=\"csrot_\" -DCHAR_CNAME=\"csrot\" -DNO_AFFINITY -I.. -I. -UDOUBLE  -DCOMPLEX -c zrot.c -o csrot.o
cc -c -O2 -DMAX_STACK_ALLOC=2048 -Wall -m64 -DF_INTERFACE_GFORT -fPIC -DNO_LAPACK -DNO_LAPACKE -DSMP_SERVER -DNO_WARMUP -DMAX_CPU_NUMBER=4 -DMAX_PARALLEL_NUMBER=1 -DBUILD_SINGLE=1 -DBUILD_DOUBLE=1 -DBUILD_COMPLEX=1 -DBUILD_COMPLEX16=1 -DVERSION=\"0.3.17.dev\" -msse3 -mssse3 -msse4.1 -mavx -mavx2 -mavx2 -UASMNAME -UASMFNAME -UNAME -UCNAME -UCHAR_NAME -UCHAR_CNAME -DASMNAME=crotg -DASMFNAME=crotg_ -DNAME=crotg_ -DCNAME=crotg -DCHAR_NAME=\"crotg_\" -DCHAR_CNAME=\"crotg\" -DNO_AFFINITY -I.. -I. -UDOUBLE  -DCOMPLEX zrotg.c -o crotg.o
cc -O2 -DMAX_STACK_ALLOC=2048 -Wall -m64 -DF_INTERFACE_GFORT -fPIC -DNO_LAPACK -DNO_LAPACKE -DSMP_SERVER -DNO_WARMUP -DMAX_CPU_NUMBER=4 -DMAX_PARALLEL_NUMBER=1 -DBUILD_SINGLE=1 -DBUILD_DOUBLE=1 -DBUILD_COMPLEX=1 -DBUILD_COMPLEX16=1 -DVERSION=\"0.3.17.dev\" -msse3 -mssse3 -msse4.1 -mavx -mavx2 -mavx2 -UASMNAME -UASMFNAME -UNAME -UCNAME -UCHAR_NAME -UCHAR_CNAME -DASMNAME=caxpby -DASMFNAME=caxpby_ -DNAME=caxpby_ -DCNAME=caxpby -DCHAR_NAME=\"caxpby_\" -DCHAR_CNAME=\"caxpby\" -DNO_AFFINITY -I.. -I. -UDOUBLE  -DCOMPLEX -c zaxpby.c -o caxpby.o
cc -O2 -DMAX_STACK_ALLOC=2048 -Wall -m64 -DF_INTERFACE_GFORT -fPIC -DNO_LAPACK -DNO_LAPACKE -DSMP_SERVER -DNO_WARMUP -DMAX_CPU_NUMBER=4 -DMAX_PARALLEL_NUMBER=1 -DBUILD_SINGLE=1 -DBUILD_DOUBLE=1 -DBUILD_COMPLEX=1 -DBUILD_COMPLEX16=1 -DVERSION=\"0.3.17.dev\" -msse3 -mssse3 -msse4.1 -mavx -mavx2 -mavx2 -UASMNAME -UASMFNAME -UNAME -UCNAME -UCHAR_NAME -UCHAR_CNAME -DASMNAME=cblas_icamax -DASMFNAME=cblas_icamax_ -DNAME=cblas_icamax_ -DCNAME=cblas_icamax -DCHAR_NAME=\"cblas_icamax_\" -DCHAR_CNAME=\"cblas_icamax\" -DNO_AFFINITY -I.. -I. -UDOUBLE  -DCOMPLEX -DCBLAS -c -DUSE_ABS -UUSE_MIN imax.c -o cblas_icamax.o
cc -O2 -DMAX_STACK_ALLOC=2048 -Wall -m64 -DF_INTERFACE_GFORT -fPIC -DNO_LAPACK -DNO_LAPACKE -DSMP_SERVER -DNO_WARMUP -DMAX_CPU_NUMBER=4 -DMAX_PARALLEL_NUMBER=1 -DBUILD_SINGLE=1 -DBUILD_DOUBLE=1 -DBUILD_COMPLEX=1 -DBUILD_COMPLEX16=1 -DVERSION=\"0.3.17.dev\" -msse3 -mssse3 -msse4.1 -mavx -mavx2 -mavx2 -UASMNAME -UASMFNAME -UNAME -UCNAME -UCHAR_NAME -UCHAR_CNAME -DASMNAME=cblas_icamin -DASMFNAME=cblas_icamin_ -DNAME=cblas_icamin_ -DCNAME=cblas_icamin -DCHAR_NAME=\"cblas_icamin_\" -DCHAR_CNAME=\"cblas_icamin\" -DNO_AFFINITY -I.. -I. -UDOUBLE  -DCOMPLEX -DCBLAS -c -DUSE_ABS -DUSE_MIN imax.c -o cblas_icamin.o
cc -O2 -DMAX_STACK_ALLOC=2048 -Wall -m64 -DF_INTERFACE_GFORT -fPIC -DNO_LAPACK -DNO_LAPACKE -DSMP_SERVER -DNO_WARMUP -DMAX_CPU_NUMBER=4 -DMAX_PARALLEL_NUMBER=1 -DBUILD_SINGLE=1 -DBUILD_DOUBLE=1 -DBUILD_COMPLEX=1 -DBUILD_COMPLEX16=1 -DVERSION=\"0.3.17.dev\" -msse3 -mssse3 -msse4.1 -mavx -mavx2 -mavx2 -UASMNAME -UASMFNAME -UNAME -UCNAME -UCHAR_NAME -UCHAR_CNAME -DASMNAME=cblas_scasum -DASMFNAME=cblas_scasum_ -DNAME=cblas_scasum_ -DCNAME=cblas_scasum -DCHAR_NAME=\"cblas_scasum_\" -DCHAR_CNAME=\"cblas_scasum\" -DNO_AFFINITY -I.. -I. -UDOUBLE  -DCOMPLEX -DCBLAS -c asum.c -o cblas_scasum.o
cc -O2 -DMAX_STACK_ALLOC=2048 -Wall -m64 -DF_INTERFACE_GFORT -fPIC -DNO_LAPACK -DNO_LAPACKE -DSMP_SERVER -DNO_WARMUP -DMAX_CPU_NUMBER=4 -DMAX_PARALLEL_NUMBER=1 -DBUILD_SINGLE=1 -DBUILD_DOUBLE=1 -DBUILD_COMPLEX=1 -DBUILD_COMPLEX16=1 -DVERSION=\"0.3.17.dev\" -msse3 -mssse3 -msse4.1 -mavx -mavx2 -mavx2 -UASMNAME -UASMFNAME -UNAME -UCNAME -UCHAR_NAME -UCHAR_CNAME -DASMNAME=cblas_caxpy -DASMFNAME=cblas_caxpy_ -DNAME=cblas_caxpy_ -DCNAME=cblas_caxpy -DCHAR_NAME=\"cblas_caxpy_\" -DCHAR_CNAME=\"cblas_caxpy\" -DNO_AFFINITY -I.. -I. -UDOUBLE  -DCOMPLEX -DCBLAS -c zaxpy.c -o cblas_caxpy.o
cc -O2 -DMAX_STACK_ALLOC=2048 -Wall -m64 -DF_INTERFACE_GFORT -fPIC -DNO_LAPACK -DNO_LAPACKE -DSMP_SERVER -DNO_WARMUP -DMAX_CPU_NUMBER=4 -DMAX_PARALLEL_NUMBER=1 -DBUILD_SINGLE=1 -DBUILD_DOUBLE=1 -DBUILD_COMPLEX=1 -DBUILD_COMPLEX16=1 -DVERSION=\"0.3.17.dev\" -msse3 -mssse3 -msse4.1 -mavx -mavx2 -mavx2 -UASMNAME -UASMFNAME -UNAME -UCNAME -UCHAR_NAME -UCHAR_CNAME -DASMNAME=cblas_ccopy -DASMFNAME=cblas_ccopy_ -DNAME=cblas_ccopy_ -DCNAME=cblas_ccopy -DCHAR_NAME=\"cblas_ccopy_\" -DCHAR_CNAME=\"cblas_ccopy\" -DNO_AFFINITY -I.. -I. -UDOUBLE  -DCOMPLEX -DCBLAS -c copy.c -o cblas_ccopy.o
cc -O2 -DMAX_STACK_ALLOC=2048 -Wall -m64 -DF_INTERFACE_GFORT -fPIC -DNO_LAPACK -DNO_LAPACKE -DSMP_SERVER -DNO_WARMUP -DMAX_CPU_NUMBER=4 -DMAX_PARALLEL_NUMBER=1 -DBUILD_SINGLE=1 -DBUILD_DOUBLE=1 -DBUILD_COMPLEX=1 -DBUILD_COMPLEX16=1 -DVERSION=\"0.3.17.dev\" -msse3 -mssse3 -msse4.1 -mavx -mavx2 -mavx2 -UASMNAME -UASMFNAME -UNAME -UCNAME -UCHAR_NAME -UCHAR_CNAME -DASMNAME=cblas_cdotc -DASMFNAME=cblas_cdotc_ -DNAME=cblas_cdotc_ -DCNAME=cblas_cdotc -DCHAR_NAME=\"cblas_cdotc_\" -DCHAR_CNAME=\"cblas_cdotc\" -DNO_AFFINITY -I.. -I. -UDOUBLE  -DCOMPLEX -DCBLAS -c -DCONJ zdot.c -o cblas_cdotc.o
cc -O2 -DMAX_STACK_ALLOC=2048 -Wall -m64 -DF_INTERFACE_GFORT -fPIC -DNO_LAPACK -DNO_LAPACKE -DSMP_SERVER -DNO_WARMUP -DMAX_CPU_NUMBER=4 -DMAX_PARALLEL_NUMBER=1 -DBUILD_SINGLE=1 -DBUILD_DOUBLE=1 -DBUILD_COMPLEX=1 -DBUILD_COMPLEX16=1 -DVERSION=\"0.3.17.dev\" -msse3 -mssse3 -msse4.1 -mavx -mavx2 -mavx2 -UASMNAME -UASMFNAME -UNAME -UCNAME -UCHAR_NAME -UCHAR_CNAME -DASMNAME=cblas_cdotu -DASMFNAME=cblas_cdotu_ -DNAME=cblas_cdotu_ -DCNAME=cblas_cdotu -DCHAR_NAME=\"cblas_cdotu_\" -DCHAR_CNAME=\"cblas_cdotu\" -DNO_AFFINITY -I.. -I. -UDOUBLE  -DCOMPLEX -DCBLAS -c -UCONJ zdot.c -o cblas_cdotu.o
cc -O2 -DMAX_STACK_ALLOC=2048 -Wall -m64 -DF_INTERFACE_GFORT -fPIC -DNO_LAPACK -DNO_LAPACKE -DSMP_SERVER -DNO_WARMUP -DMAX_CPU_NUMBER=4 -DMAX_PARALLEL_NUMBER=1 -DBUILD_SINGLE=1 -DBUILD_DOUBLE=1 -DBUILD_COMPLEX=1 -DBUILD_COMPLEX16=1 -DVERSION=\"0.3.17.dev\" -msse3 -mssse3 -msse4.1 -mavx -mavx2 -mavx2 -UASMNAME -UASMFNAME -UNAME -UCNAME -UCHAR_NAME -UCHAR_CNAME -DASMNAME=cblas_cdotc_sub -DASMFNAME=cblas_cdotc_sub_ -DNAME=cblas_cdotc_sub_ -DCNAME=cblas_cdotc_sub -DCHAR_NAME=\"cblas_cdotc_sub_\" -DCHAR_CNAME=\"cblas_cdotc_sub\" -DNO_AFFINITY -I.. -I. -UDOUBLE  -DCOMPLEX -DCBLAS -DFORCE_USE_STACK -c -DCONJ zdot.c -o cblas_cdotc_sub.o
cc -O2 -DMAX_STACK_ALLOC=2048 -Wall -m64 -DF_INTERFACE_GFORT -fPIC -DNO_LAPACK -DNO_LAPACKE -DSMP_SERVER -DNO_WARMUP -DMAX_CPU_NUMBER=4 -DMAX_PARALLEL_NUMBER=1 -DBUILD_SINGLE=1 -DBUILD_DOUBLE=1 -DBUILD_COMPLEX=1 -DBUILD_COMPLEX16=1 -DVERSION=\"0.3.17.dev\" -msse3 -mssse3 -msse4.1 -mavx -mavx2 -mavx2 -UASMNAME -UASMFNAME -UNAME -UCNAME -UCHAR_NAME -UCHAR_CNAME -DASMNAME=cblas_cdotu_sub -DASMFNAME=cblas_cdotu_sub_ -DNAME=cblas_cdotu_sub_ -DCNAME=cblas_cdotu_sub -DCHAR_NAME=\"cblas_cdotu_sub_\" -DCHAR_CNAME=\"cblas_cdotu_sub\" -DNO_AFFINITY -I.. -I. -UDOUBLE  -DCOMPLEX -DCBLAS -DFORCE_USE_STACK -c -UCONJ zdot.c -o cblas_cdotu_sub.o
cc -O2 -DMAX_STACK_ALLOC=2048 -Wall -m64 -DF_INTERFACE_GFORT -fPIC -DNO_LAPACK -DNO_LAPACKE -DSMP_SERVER -DNO_WARMUP -DMAX_CPU_NUMBER=4 -DMAX_PARALLEL_NUMBER=1 -DBUILD_SINGLE=1 -DBUILD_DOUBLE=1 -DBUILD_COMPLEX=1 -DBUILD_COMPLEX16=1 -DVERSION=\"0.3.17.dev\" -msse3 -mssse3 -msse4.1 -mavx -mavx2 -mavx2 -UASMNAME -UASMFNAME -UNAME -UCNAME -UCHAR_NAME -UCHAR_CNAME -DASMNAME=cblas_cscal -DASMFNAME=cblas_cscal_ -DNAME=cblas_cscal_ -DCNAME=cblas_cscal -DCHAR_NAME=\"cblas_cscal_\" -DCHAR_CNAME=\"cblas_cscal\" -DNO_AFFINITY -I.. -I. -UDOUBLE  -DCOMPLEX -DCBLAS -c zscal.c -o cblas_cscal.o
cc -O2 -DMAX_STACK_ALLOC=2048 -Wall -m64 -DF_INTERFACE_GFORT -fPIC -DNO_LAPACK -DNO_LAPACKE -DSMP_SERVER -DNO_WARMUP -DMAX_CPU_NUMBER=4 -DMAX_PARALLEL_NUMBER=1 -DBUILD_SINGLE=1 -DBUILD_DOUBLE=1 -DBUILD_COMPLEX=1 -DBUILD_COMPLEX16=1 -DVERSION=\"0.3.17.dev\" -msse3 -mssse3 -msse4.1 -mavx -mavx2 -mavx2 -UASMNAME -UASMFNAME -UNAME -UCNAME -UCHAR_NAME -UCHAR_CNAME -DASMNAME=cblas_csscal -DASMFNAME=cblas_csscal_ -DNAME=cblas_csscal_ -DCNAME=cblas_csscal -DCHAR_NAME=\"cblas_csscal_\" -DCHAR_CNAME=\"cblas_csscal\" -DNO_AFFINITY -I.. -I. -UDOUBLE  -DCOMPLEX -DCBLAS -c -DSSCAL zscal.c -o cblas_csscal.o
cc -O2 -DMAX_STACK_ALLOC=2048 -Wall -m64 -DF_INTERFACE_GFORT -fPIC -DNO_LAPACK -DNO_LAPACKE -DSMP_SERVER -DNO_WARMUP -DMAX_CPU_NUMBER=4 -DMAX_PARALLEL_NUMBER=1 -DBUILD_SINGLE=1 -DBUILD_DOUBLE=1 -DBUILD_COMPLEX=1 -DBUILD_COMPLEX16=1 -DVERSION=\"0.3.17.dev\" -msse3 -mssse3 -msse4.1 -mavx -mavx2 -mavx2 -UASMNAME -UASMFNAME -UNAME -UCNAME -UCHAR_NAME -UCHAR_CNAME -DASMNAME=cblas_cswap -DASMFNAME=cblas_cswap_ -DNAME=cblas_cswap_ -DCNAME=cblas_cswap -DCHAR_NAME=\"cblas_cswap_\" -DCHAR_CNAME=\"cblas_cswap\" -DNO_AFFINITY -I.. -I. -UDOUBLE  -DCOMPLEX -DCBLAS -c zswap.c -o cblas_cswap.o
cc -O2 -DMAX_STACK_ALLOC=2048 -Wall -m64 -DF_INTERFACE_GFORT -fPIC -DNO_LAPACK -DNO_LAPACKE -DSMP_SERVER -DNO_WARMUP -DMAX_CPU_NUMBER=4 -DMAX_PARALLEL_NUMBER=1 -DBUILD_SINGLE=1 -DBUILD_DOUBLE=1 -DBUILD_COMPLEX=1 -DBUILD_COMPLEX16=1 -DVERSION=\"0.3.17.dev\" -msse3 -mssse3 -msse4.1 -mavx -mavx2 -mavx2 -UASMNAME -UASMFNAME -UNAME -UCNAME -UCHAR_NAME -UCHAR_CNAME -DASMNAME=cblas_scnrm2 -DASMFNAME=cblas_scnrm2_ -DNAME=cblas_scnrm2_ -DCNAME=cblas_scnrm2 -DCHAR_NAME=\"cblas_scnrm2_\" -DCHAR_CNAME=\"cblas_scnrm2\" -DNO_AFFINITY -I.. -I. -UDOUBLE  -DCOMPLEX -DCBLAS -c nrm2.c -o cblas_scnrm2.o
cc -O2 -DMAX_STACK_ALLOC=2048 -Wall -m64 -DF_INTERFACE_GFORT -fPIC -DNO_LAPACK -DNO_LAPACKE -DSMP_SERVER -DNO_WARMUP -DMAX_CPU_NUMBER=4 -DMAX_PARALLEL_NUMBER=1 -DBUILD_SINGLE=1 -DBUILD_DOUBLE=1 -DBUILD_COMPLEX=1 -DBUILD_COMPLEX16=1 -DVERSION=\"0.3.17.dev\" -msse3 -mssse3 -msse4.1 -mavx -mavx2 -mavx2 -UASMNAME -UASMFNAME -UNAME -UCNAME -UCHAR_NAME -UCHAR_CNAME -DASMNAME=cblas_caxpby -DASMFNAME=cblas_caxpby_ -DNAME=cblas_caxpby_ -DCNAME=cblas_caxpby -DCHAR_NAME=\"cblas_caxpby_\" -DCHAR_CNAME=\"cblas_caxpby\" -DNO_AFFINITY -I.. -I. -UDOUBLE  -DCOMPLEX -DCBLAS -c zaxpby.c -o cblas_caxpby.o
cc -O2 -DMAX_STACK_ALLOC=2048 -Wall -m64 -DF_INTERFACE_GFORT -fPIC -DNO_LAPACK -DNO_LAPACKE -DSMP_SERVER -DNO_WARMUP -DMAX_CPU_NUMBER=4 -DMAX_PARALLEL_NUMBER=1 -DBUILD_SINGLE=1 -DBUILD_DOUBLE=1 -DBUILD_COMPLEX=1 -DBUILD_COMPLEX16=1 -DVERSION=\"0.3.17.dev\" -msse3 -mssse3 -msse4.1 -mavx -mavx2 -mavx2 -UASMNAME -UASMFNAME -UNAME -UCNAME -UCHAR_NAME -UCHAR_CNAME -DASMNAME=cblas_icmin -DASMFNAME=cblas_icmin_ -DNAME=cblas_icmin_ -DCNAME=cblas_icmin -DCHAR_NAME=\"cblas_icmin_\" -DCHAR_CNAME=\"cblas_icmin\" -DNO_AFFINITY -I.. -I. -UDOUBLE  -DCOMPLEX -DCBLAS -c -UUSE_ABS -DUSE_MIN imax.c -o cblas_icmin.o
cc -O2 -DMAX_STACK_ALLOC=2048 -Wall -m64 -DF_INTERFACE_GFORT -fPIC -DNO_LAPACK -DNO_LAPACKE -DSMP_SERVER -DNO_WARMUP -DMAX_CPU_NUMBER=4 -DMAX_PARALLEL_NUMBER=1 -DBUILD_SINGLE=1 -DBUILD_DOUBLE=1 -DBUILD_COMPLEX=1 -DBUILD_COMPLEX16=1 -DVERSION=\"0.3.17.dev\" -msse3 -mssse3 -msse4.1 -mavx -mavx2 -mavx2 -UASMNAME -UASMFNAME -UNAME -UCNAME -UCHAR_NAME -UCHAR_CNAME -DASMNAME=cblas_icmax -DASMFNAME=cblas_icmax_ -DNAME=cblas_icmax_ -DCNAME=cblas_icmax -DCHAR_NAME=\"cblas_icmax_\" -DCHAR_CNAME=\"cblas_icmax\" -DNO_AFFINITY -I.. -I. -UDOUBLE  -DCOMPLEX -DCBLAS -c -UUSE_ABS -UUSE_MIN imax.c -o cblas_icmax.o
cc -O2 -DMAX_STACK_ALLOC=2048 -Wall -m64 -DF_INTERFACE_GFORT -fPIC -DNO_LAPACK -DNO_LAPACKE -DSMP_SERVER -DNO_WARMUP -DMAX_CPU_NUMBER=4 -DMAX_PARALLEL_NUMBER=1 -DBUILD_SINGLE=1 -DBUILD_DOUBLE=1 -DBUILD_COMPLEX=1 -DBUILD_COMPLEX16=1 -DVERSION=\"0.3.17.dev\" -msse3 -mssse3 -msse4.1 -mavx -mavx2 -mavx2 -UASMNAME -UASMFNAME -UNAME -UCNAME -UCHAR_NAME -UCHAR_CNAME -DASMNAME=cblas_scsum -DASMFNAME=cblas_scsum_ -DNAME=cblas_scsum_ -DCNAME=cblas_scsum -DCHAR_NAME=\"cblas_scsum_\" -DCHAR_CNAME=\"cblas_scsum\" -DNO_AFFINITY -I.. -I. -UDOUBLE  -DCOMPLEX -DCBLAS -c sum.c -o cblas_scsum.o
cc -O2 -DMAX_STACK_ALLOC=2048 -Wall -m64 -DF_INTERFACE_GFORT -fPIC -DNO_LAPACK -DNO_LAPACKE -DSMP_SERVER -DNO_WARMUP -DMAX_CPU_NUMBER=4 -DMAX_PARALLEL_NUMBER=1 -DBUILD_SINGLE=1 -DBUILD_DOUBLE=1 -DBUILD_COMPLEX=1 -DBUILD_COMPLEX16=1 -DVERSION=\"0.3.17.dev\" -msse3 -mssse3 -msse4.1 -mavx -mavx2 -mavx2 -UASMNAME -UASMFNAME -UNAME -UCNAME -UCHAR_NAME -UCHAR_CNAME -DASMNAME=cblas_csrot -DASMFNAME=cblas_csrot_ -DNAME=cblas_csrot_ -DCNAME=cblas_csrot -DCHAR_NAME=\"cblas_csrot_\" -DCHAR_CNAME=\"cblas_csrot\" -DNO_AFFINITY -I.. -I. -UDOUBLE  -DCOMPLEX -DCBLAS -c zrot.c -o cblas_csrot.o
cc -c -O2 -DMAX_STACK_ALLOC=2048 -Wall -m64 -DF_INTERFACE_GFORT -fPIC -DNO_LAPACK -DNO_LAPACKE -DSMP_SERVER -DNO_WARMUP -DMAX_CPU_NUMBER=4 -DMAX_PARALLEL_NUMBER=1 -DBUILD_SINGLE=1 -DBUILD_DOUBLE=1 -DBUILD_COMPLEX=1 -DBUILD_COMPLEX16=1 -DVERSION=\"0.3.17.dev\" -msse3 -mssse3 -msse4.1 -mavx -mavx2 -mavx2 -UASMNAME -UASMFNAME -UNAME -UCNAME -UCHAR_NAME -UCHAR_CNAME -DASMNAME=cblas_crotg -DASMFNAME=cblas_crotg_ -DNAME=cblas_crotg_ -DCNAME=cblas_crotg -DCHAR_NAME=\"cblas_crotg_\" -DCHAR_CNAME=\"cblas_crotg\" -DNO_AFFINITY -I.. -I. -UDOUBLE  -DCOMPLEX -DCBLAS zrotg.c -o cblas_crotg.o
cc -c -O2 -DMAX_STACK_ALLOC=2048 -Wall -m64 -DF_INTERFACE_GFORT -fPIC -DNO_LAPACK -DNO_LAPACKE -DSMP_SERVER -DNO_WARMUP -DMAX_CPU_NUMBER=4 -DMAX_PARALLEL_NUMBER=1 -DBUILD_SINGLE=1 -DBUILD_DOUBLE=1 -DBUILD_COMPLEX=1 -DBUILD_COMPLEX16=1 -DVERSION=\"0.3.17.dev\" -msse3 -mssse3 -msse4.1 -mavx -mavx2 -mavx2 -UASMNAME -UASMFNAME -UNAME -UCNAME -UCHAR_NAME -UCHAR_CNAME -DASMNAME=cgemv -DASMFNAME=cgemv_ -DNAME=cgemv_ -DCNAME=cgemv -DCHAR_NAME=\"cgemv_\" -DCHAR_CNAME=\"cgemv\" -DNO_AFFINITY -I.. -I. -UDOUBLE  -DCOMPLEX -o cgemv.o zgemv.c
cc -c -O2 -DMAX_STACK_ALLOC=2048 -Wall -m64 -DF_INTERFACE_GFORT -fPIC -DNO_LAPACK -DNO_LAPACKE -DSMP_SERVER -DNO_WARMUP -DMAX_CPU_NUMBER=4 -DMAX_PARALLEL_NUMBER=1 -DBUILD_SINGLE=1 -DBUILD_DOUBLE=1 -DBUILD_COMPLEX=1 -DBUILD_COMPLEX16=1 -DVERSION=\"0.3.17.dev\" -msse3 -mssse3 -msse4.1 -mavx -mavx2 -mavx2 -UASMNAME -UASMFNAME -UNAME -UCNAME -UCHAR_NAME -UCHAR_CNAME -DASMNAME=cgeru -DASMFNAME=cgeru_ -DNAME=cgeru_ -DCNAME=cgeru -DCHAR_NAME=\"cgeru_\" -DCHAR_CNAME=\"cgeru\" -DNO_AFFINITY -I.. -I. -UDOUBLE  -DCOMPLEX -UCONJ zger.c -o cgeru.o
cc -c -O2 -DMAX_STACK_ALLOC=2048 -Wall -m64 -DF_INTERFACE_GFORT -fPIC -DNO_LAPACK -DNO_LAPACKE -DSMP_SERVER -DNO_WARMUP -DMAX_CPU_NUMBER=4 -DMAX_PARALLEL_NUMBER=1 -DBUILD_SINGLE=1 -DBUILD_DOUBLE=1 -DBUILD_COMPLEX=1 -DBUILD_COMPLEX16=1 -DVERSION=\"0.3.17.dev\" -msse3 -mssse3 -msse4.1 -mavx -mavx2 -mavx2 -UASMNAME -UASMFNAME -UNAME -UCNAME -UCHAR_NAME -UCHAR_CNAME -DASMNAME=cgerc -DASMFNAME=cgerc_ -DNAME=cgerc_ -DCNAME=cgerc -DCHAR_NAME=\"cgerc_\" -DCHAR_CNAME=\"cgerc\" -DNO_AFFINITY -I.. -I. -UDOUBLE  -DCOMPLEX -DCONJ zger.c -o cgerc.o
cc -c -O2 -DMAX_STACK_ALLOC=2048 -Wall -m64 -DF_INTERFACE_GFORT -fPIC -DNO_LAPACK -DNO_LAPACKE -DSMP_SERVER -DNO_WARMUP -DMAX_CPU_NUMBER=4 -DMAX_PARALLEL_NUMBER=1 -DBUILD_SINGLE=1 -DBUILD_DOUBLE=1 -DBUILD_COMPLEX=1 -DBUILD_COMPLEX16=1 -DVERSION=\"0.3.17.dev\" -msse3 -mssse3 -msse4.1 -mavx -mavx2 -mavx2 -UASMNAME -UASMFNAME -UNAME -UCNAME -UCHAR_NAME -UCHAR_CNAME -DASMNAME=ctrsv -DASMFNAME=ctrsv_ -DNAME=ctrsv_ -DCNAME=ctrsv -DCHAR_NAME=\"ctrsv_\" -DCHAR_CNAME=\"ctrsv\" -DNO_AFFINITY -I.. -I. -UDOUBLE  -DCOMPLEX ztrsv.c -o ctrsv.o
cc -c -O2 -DMAX_STACK_ALLOC=2048 -Wall -m64 -DF_INTERFACE_GFORT -fPIC -DNO_LAPACK -DNO_LAPACKE -DSMP_SERVER -DNO_WARMUP -DMAX_CPU_NUMBER=4 -DMAX_PARALLEL_NUMBER=1 -DBUILD_SINGLE=1 -DBUILD_DOUBLE=1 -DBUILD_COMPLEX=1 -DBUILD_COMPLEX16=1 -DVERSION=\"0.3.17.dev\" -msse3 -mssse3 -msse4.1 -mavx -mavx2 -mavx2 -UASMNAME -UASMFNAME -UNAME -UCNAME -UCHAR_NAME -UCHAR_CNAME -DASMNAME=ctrmv -DASMFNAME=ctrmv_ -DNAME=ctrmv_ -DCNAME=ctrmv -DCHAR_NAME=\"ctrmv_\" -DCHAR_CNAME=\"ctrmv\" -DNO_AFFINITY -I.. -I. -UDOUBLE  -DCOMPLEX ztrmv.c -o ctrmv.o
cc -c -O2 -DMAX_STACK_ALLOC=2048 -Wall -m64 -DF_INTERFACE_GFORT -fPIC -DNO_LAPACK -DNO_LAPACKE -DSMP_SERVER -DNO_WARMUP -DMAX_CPU_NUMBER=4 -DMAX_PARALLEL_NUMBER=1 -DBUILD_SINGLE=1 -DBUILD_DOUBLE=1 -DBUILD_COMPLEX=1 -DBUILD_COMPLEX16=1 -DVERSION=\"0.3.17.dev\" -msse3 -mssse3 -msse4.1 -mavx -mavx2 -mavx2 -UASMNAME -UASMFNAME -UNAME -UCNAME -UCHAR_NAME -UCHAR_CNAME -DASMNAME=csyr2 -DASMFNAME=csyr2_ -DNAME=csyr2_ -DCNAME=csyr2 -DCHAR_NAME=\"csyr2_\" -DCHAR_CNAME=\"csyr2\" -DNO_AFFINITY -I.. -I. -UDOUBLE  -DCOMPLEX zsyr2.c -o csyr2.o
cc -c -O2 -DMAX_STACK_ALLOC=2048 -Wall -m64 -DF_INTERFACE_GFORT -fPIC -DNO_LAPACK -DNO_LAPACKE -DSMP_SERVER -DNO_WARMUP -DMAX_CPU_NUMBER=4 -DMAX_PARALLEL_NUMBER=1 -DBUILD_SINGLE=1 -DBUILD_DOUBLE=1 -DBUILD_COMPLEX=1 -DBUILD_COMPLEX16=1 -DVERSION=\"0.3.17.dev\" -msse3 -mssse3 -msse4.1 -mavx -mavx2 -mavx2 -UASMNAME -UASMFNAME -UNAME -UCNAME -UCHAR_NAME -UCHAR_CNAME -DASMNAME=cgbmv -DASMFNAME=cgbmv_ -DNAME=cgbmv_ -DCNAME=cgbmv -DCHAR_NAME=\"cgbmv_\" -DCHAR_CNAME=\"cgbmv\" -DNO_AFFINITY -I.. -I. -UDOUBLE  -DCOMPLEX -o cgbmv.o zgbmv.c
cc -c -O2 -DMAX_STACK_ALLOC=2048 -Wall -m64 -DF_INTERFACE_GFORT -fPIC -DNO_LAPACK -DNO_LAPACKE -DSMP_SERVER -DNO_WARMUP -DMAX_CPU_NUMBER=4 -DMAX_PARALLEL_NUMBER=1 -DBUILD_SINGLE=1 -DBUILD_DOUBLE=1 -DBUILD_COMPLEX=1 -DBUILD_COMPLEX16=1 -DVERSION=\"0.3.17.dev\" -msse3 -mssse3 -msse4.1 -mavx -mavx2 -mavx2 -UASMNAME -UASMFNAME -UNAME -UCNAME -UCHAR_NAME -UCHAR_CNAME -DASMNAME=csbmv -DASMFNAME=csbmv_ -DNAME=csbmv_ -DCNAME=csbmv -DCHAR_NAME=\"csbmv_\" -DCHAR_CNAME=\"csbmv\" -DNO_AFFINITY -I.. -I. -UDOUBLE  -DCOMPLEX zsbmv.c -o csbmv.o
cc -c -O2 -DMAX_STACK_ALLOC=2048 -Wall -m64 -DF_INTERFACE_GFORT -fPIC -DNO_LAPACK -DNO_LAPACKE -DSMP_SERVER -DNO_WARMUP -DMAX_CPU_NUMBER=4 -DMAX_PARALLEL_NUMBER=1 -DBUILD_SINGLE=1 -DBUILD_DOUBLE=1 -DBUILD_COMPLEX=1 -DBUILD_COMPLEX16=1 -DVERSION=\"0.3.17.dev\" -msse3 -mssse3 -msse4.1 -mavx -mavx2 -mavx2 -UASMNAME -UASMFNAME -UNAME -UCNAME -UCHAR_NAME -UCHAR_CNAME -DASMNAME=cspr2 -DASMFNAME=cspr2_ -DNAME=cspr2_ -DCNAME=cspr2 -DCHAR_NAME=\"cspr2_\" -DCHAR_CNAME=\"cspr2\" -DNO_AFFINITY -I.. -I. -UDOUBLE  -DCOMPLEX zspr2.c -o cspr2.o
cc -c -O2 -DMAX_STACK_ALLOC=2048 -Wall -m64 -DF_INTERFACE_GFORT -fPIC -DNO_LAPACK -DNO_LAPACKE -DSMP_SERVER -DNO_WARMUP -DMAX_CPU_NUMBER=4 -DMAX_PARALLEL_NUMBER=1 -DBUILD_SINGLE=1 -DBUILD_DOUBLE=1 -DBUILD_COMPLEX=1 -DBUILD_COMPLEX16=1 -DVERSION=\"0.3.17.dev\" -msse3 -mssse3 -msse4.1 -mavx -mavx2 -mavx2 -UASMNAME -UASMFNAME -UNAME -UCNAME -UCHAR_NAME -UCHAR_CNAME -DASMNAME=ctbsv -DASMFNAME=ctbsv_ -DNAME=ctbsv_ -DCNAME=ctbsv -DCHAR_NAME=\"ctbsv_\" -DCHAR_CNAME=\"ctbsv\" -DNO_AFFINITY -I.. -I. -UDOUBLE  -DCOMPLEX ztbsv.c -o ctbsv.o
cc -c -O2 -DMAX_STACK_ALLOC=2048 -Wall -m64 -DF_INTERFACE_GFORT -fPIC -DNO_LAPACK -DNO_LAPACKE -DSMP_SERVER -DNO_WARMUP -DMAX_CPU_NUMBER=4 -DMAX_PARALLEL_NUMBER=1 -DBUILD_SINGLE=1 -DBUILD_DOUBLE=1 -DBUILD_COMPLEX=1 -DBUILD_COMPLEX16=1 -DVERSION=\"0.3.17.dev\" -msse3 -mssse3 -msse4.1 -mavx -mavx2 -mavx2 -UASMNAME -UASMFNAME -UNAME -UCNAME -UCHAR_NAME -UCHAR_CNAME -DASMNAME=ctbmv -DASMFNAME=ctbmv_ -DNAME=ctbmv_ -DCNAME=ctbmv -DCHAR_NAME=\"ctbmv_\" -DCHAR_CNAME=\"ctbmv\" -DNO_AFFINITY -I.. -I. -UDOUBLE  -DCOMPLEX ztbmv.c -o ctbmv.o
cc -c -O2 -DMAX_STACK_ALLOC=2048 -Wall -m64 -DF_INTERFACE_GFORT -fPIC -DNO_LAPACK -DNO_LAPACKE -DSMP_SERVER -DNO_WARMUP -DMAX_CPU_NUMBER=4 -DMAX_PARALLEL_NUMBER=1 -DBUILD_SINGLE=1 -DBUILD_DOUBLE=1 -DBUILD_COMPLEX=1 -DBUILD_COMPLEX16=1 -DVERSION=\"0.3.17.dev\" -msse3 -mssse3 -msse4.1 -mavx -mavx2 -mavx2 -UASMNAME -UASMFNAME -UNAME -UCNAME -UCHAR_NAME -UCHAR_CNAME -DASMNAME=ctpsv -DASMFNAME=ctpsv_ -DNAME=ctpsv_ -DCNAME=ctpsv -DCHAR_NAME=\"ctpsv_\" -DCHAR_CNAME=\"ctpsv\" -DNO_AFFINITY -I.. -I. -UDOUBLE  -DCOMPLEX ztpsv.c -o ctpsv.o
cc -c -O2 -DMAX_STACK_ALLOC=2048 -Wall -m64 -DF_INTERFACE_GFORT -fPIC -DNO_LAPACK -DNO_LAPACKE -DSMP_SERVER -DNO_WARMUP -DMAX_CPU_NUMBER=4 -DMAX_PARALLEL_NUMBER=1 -DBUILD_SINGLE=1 -DBUILD_DOUBLE=1 -DBUILD_COMPLEX=1 -DBUILD_COMPLEX16=1 -DVERSION=\"0.3.17.dev\" -msse3 -mssse3 -msse4.1 -mavx -mavx2 -mavx2 -UASMNAME -UASMFNAME -UNAME -UCNAME -UCHAR_NAME -UCHAR_CNAME -DASMNAME=ctpmv -DASMFNAME=ctpmv_ -DNAME=ctpmv_ -DCNAME=ctpmv -DCHAR_NAME=\"ctpmv_\" -DCHAR_CNAME=\"ctpmv\" -DNO_AFFINITY -I.. -I. -UDOUBLE  -DCOMPLEX ztpmv.c -o ctpmv.o
cc -c -O2 -DMAX_STACK_ALLOC=2048 -Wall -m64 -DF_INTERFACE_GFORT -fPIC -DNO_LAPACK -DNO_LAPACKE -DSMP_SERVER -DNO_WARMUP -DMAX_CPU_NUMBER=4 -DMAX_PARALLEL_NUMBER=1 -DBUILD_SINGLE=1 -DBUILD_DOUBLE=1 -DBUILD_COMPLEX=1 -DBUILD_COMPLEX16=1 -DVERSION=\"0.3.17.dev\" -msse3 -mssse3 -msse4.1 -mavx -mavx2 -mavx2 -UASMNAME -UASMFNAME -UNAME -UCNAME -UCHAR_NAME -UCHAR_CNAME -DASMNAME=chemv -DASMFNAME=chemv_ -DNAME=chemv_ -DCNAME=chemv -DCHAR_NAME=\"chemv_\" -DCHAR_CNAME=\"chemv\" -DNO_AFFINITY -I.. -I. -UDOUBLE  -DCOMPLEX zhemv.c -o chemv.o
cc -c -O2 -DMAX_STACK_ALLOC=2048 -Wall -m64 -DF_INTERFACE_GFORT -fPIC -DNO_LAPACK -DNO_LAPACKE -DSMP_SERVER -DNO_WARMUP -DMAX_CPU_NUMBER=4 -DMAX_PARALLEL_NUMBER=1 -DBUILD_SINGLE=1 -DBUILD_DOUBLE=1 -DBUILD_COMPLEX=1 -DBUILD_COMPLEX16=1 -DVERSION=\"0.3.17.dev\" -msse3 -mssse3 -msse4.1 -mavx -mavx2 -mavx2 -UASMNAME -UASMFNAME -UNAME -UCNAME -UCHAR_NAME -UCHAR_CNAME -DASMNAME=chbmv -DASMFNAME=chbmv_ -DNAME=chbmv_ -DCNAME=chbmv -DCHAR_NAME=\"chbmv_\" -DCHAR_CNAME=\"chbmv\" -DNO_AFFINITY -I.. -I. -UDOUBLE  -DCOMPLEX zhbmv.c -o chbmv.o
cc -c -O2 -DMAX_STACK_ALLOC=2048 -Wall -m64 -DF_INTERFACE_GFORT -fPIC -DNO_LAPACK -DNO_LAPACKE -DSMP_SERVER -DNO_WARMUP -DMAX_CPU_NUMBER=4 -DMAX_PARALLEL_NUMBER=1 -DBUILD_SINGLE=1 -DBUILD_DOUBLE=1 -DBUILD_COMPLEX=1 -DBUILD_COMPLEX16=1 -DVERSION=\"0.3.17.dev\" -msse3 -mssse3 -msse4.1 -mavx -mavx2 -mavx2 -UASMNAME -UASMFNAME -UNAME -UCNAME -UCHAR_NAME -UCHAR_CNAME -DASMNAME=cher -DASMFNAME=cher_ -DNAME=cher_ -DCNAME=cher -DCHAR_NAME=\"cher_\" -DCHAR_CNAME=\"cher\" -DNO_AFFINITY -I.. -I. -UDOUBLE  -DCOMPLEX zher.c -o cher.o
cc -c -O2 -DMAX_STACK_ALLOC=2048 -Wall -m64 -DF_INTERFACE_GFORT -fPIC -DNO_LAPACK -DNO_LAPACKE -DSMP_SERVER -DNO_WARMUP -DMAX_CPU_NUMBER=4 -DMAX_PARALLEL_NUMBER=1 -DBUILD_SINGLE=1 -DBUILD_DOUBLE=1 -DBUILD_COMPLEX=1 -DBUILD_COMPLEX16=1 -DVERSION=\"0.3.17.dev\" -msse3 -mssse3 -msse4.1 -mavx -mavx2 -mavx2 -UASMNAME -UASMFNAME -UNAME -UCNAME -UCHAR_NAME -UCHAR_CNAME -DASMNAME=cher2 -DASMFNAME=cher2_ -DNAME=cher2_ -DCNAME=cher2 -DCHAR_NAME=\"cher2_\" -DCHAR_CNAME=\"cher2\" -DNO_AFFINITY -I.. -I. -UDOUBLE  -DCOMPLEX zher2.c -o cher2.o
cc -c -O2 -DMAX_STACK_ALLOC=2048 -Wall -m64 -DF_INTERFACE_GFORT -fPIC -DNO_LAPACK -DNO_LAPACKE -DSMP_SERVER -DNO_WARMUP -DMAX_CPU_NUMBER=4 -DMAX_PARALLEL_NUMBER=1 -DBUILD_SINGLE=1 -DBUILD_DOUBLE=1 -DBUILD_COMPLEX=1 -DBUILD_COMPLEX16=1 -DVERSION=\"0.3.17.dev\" -msse3 -mssse3 -msse4.1 -mavx -mavx2 -mavx2 -UASMNAME -UASMFNAME -UNAME -UCNAME -UCHAR_NAME -UCHAR_CNAME -DASMNAME=chpmv -DASMFNAME=chpmv_ -DNAME=chpmv_ -DCNAME=chpmv -DCHAR_NAME=\"chpmv_\" -DCHAR_CNAME=\"chpmv\" -DNO_AFFINITY -I.. -I. -UDOUBLE  -DCOMPLEX zhpmv.c -o chpmv.o
cc -c -O2 -DMAX_STACK_ALLOC=2048 -Wall -m64 -DF_INTERFACE_GFORT -fPIC -DNO_LAPACK -DNO_LAPACKE -DSMP_SERVER -DNO_WARMUP -DMAX_CPU_NUMBER=4 -DMAX_PARALLEL_NUMBER=1 -DBUILD_SINGLE=1 -DBUILD_DOUBLE=1 -DBUILD_COMPLEX=1 -DBUILD_COMPLEX16=1 -DVERSION=\"0.3.17.dev\" -msse3 -mssse3 -msse4.1 -mavx -mavx2 -mavx2 -UASMNAME -UASMFNAME -UNAME -UCNAME -UCHAR_NAME -UCHAR_CNAME -DASMNAME=chpr -DASMFNAME=chpr_ -DNAME=chpr_ -DCNAME=chpr -DCHAR_NAME=\"chpr_\" -DCHAR_CNAME=\"chpr\" -DNO_AFFINITY -I.. -I. -UDOUBLE  -DCOMPLEX zhpr.c -o chpr.o
cc -c -O2 -DMAX_STACK_ALLOC=2048 -Wall -m64 -DF_INTERFACE_GFORT -fPIC -DNO_LAPACK -DNO_LAPACKE -DSMP_SERVER -DNO_WARMUP -DMAX_CPU_NUMBER=4 -DMAX_PARALLEL_NUMBER=1 -DBUILD_SINGLE=1 -DBUILD_DOUBLE=1 -DBUILD_COMPLEX=1 -DBUILD_COMPLEX16=1 -DVERSION=\"0.3.17.dev\" -msse3 -mssse3 -msse4.1 -mavx -mavx2 -mavx2 -UASMNAME -UASMFNAME -UNAME -UCNAME -UCHAR_NAME -UCHAR_CNAME -DASMNAME=chpr2 -DASMFNAME=chpr2_ -DNAME=chpr2_ -DCNAME=chpr2 -DCHAR_NAME=\"chpr2_\" -DCHAR_CNAME=\"chpr2\" -DNO_AFFINITY -I.. -I. -UDOUBLE  -DCOMPLEX zhpr2.c -o chpr2.o
cc -DCBLAS -c -O2 -DMAX_STACK_ALLOC=2048 -Wall -m64 -DF_INTERFACE_GFORT -fPIC -DNO_LAPACK -DNO_LAPACKE -DSMP_SERVER -DNO_WARMUP -DMAX_CPU_NUMBER=4 -DMAX_PARALLEL_NUMBER=1 -DBUILD_SINGLE=1 -DBUILD_DOUBLE=1 -DBUILD_COMPLEX=1 -DBUILD_COMPLEX16=1 -DVERSION=\"0.3.17.dev\" -msse3 -mssse3 -msse4.1 -mavx -mavx2 -mavx2 -UASMNAME -UASMFNAME -UNAME -UCNAME -UCHAR_NAME -UCHAR_CNAME -DASMNAME=cblas_cgemv -DASMFNAME=cblas_cgemv_ -DNAME=cblas_cgemv_ -DCNAME=cblas_cgemv -DCHAR_NAME=\"cblas_cgemv_\" -DCHAR_CNAME=\"cblas_cgemv\" -DNO_AFFINITY -I.. -I. -UDOUBLE  -DCOMPLEX -o cblas_cgemv.o zgemv.c
cc -DCBLAS -c -O2 -DMAX_STACK_ALLOC=2048 -Wall -m64 -DF_INTERFACE_GFORT -fPIC -DNO_LAPACK -DNO_LAPACKE -DSMP_SERVER -DNO_WARMUP -DMAX_CPU_NUMBER=4 -DMAX_PARALLEL_NUMBER=1 -DBUILD_SINGLE=1 -DBUILD_DOUBLE=1 -DBUILD_COMPLEX=1 -DBUILD_COMPLEX16=1 -DVERSION=\"0.3.17.dev\" -msse3 -mssse3 -msse4.1 -mavx -mavx2 -mavx2 -UASMNAME -UASMFNAME -UNAME -UCNAME -UCHAR_NAME -UCHAR_CNAME -DASMNAME=cblas_cgerc -DASMFNAME=cblas_cgerc_ -DNAME=cblas_cgerc_ -DCNAME=cblas_cgerc -DCHAR_NAME=\"cblas_cgerc_\" -DCHAR_CNAME=\"cblas_cgerc\" -DNO_AFFINITY -I.. -I. -UDOUBLE  -DCOMPLEX -DCONJ zger.c -o cblas_cgerc.o
cc -DCBLAS -c -O2 -DMAX_STACK_ALLOC=2048 -Wall -m64 -DF_INTERFACE_GFORT -fPIC -DNO_LAPACK -DNO_LAPACKE -DSMP_SERVER -DNO_WARMUP -DMAX_CPU_NUMBER=4 -DMAX_PARALLEL_NUMBER=1 -DBUILD_SINGLE=1 -DBUILD_DOUBLE=1 -DBUILD_COMPLEX=1 -DBUILD_COMPLEX16=1 -DVERSION=\"0.3.17.dev\" -msse3 -mssse3 -msse4.1 -mavx -mavx2 -mavx2 -UASMNAME -UASMFNAME -UNAME -UCNAME -UCHAR_NAME -UCHAR_CNAME -DASMNAME=cblas_cgeru -DASMFNAME=cblas_cgeru_ -DNAME=cblas_cgeru_ -DCNAME=cblas_cgeru -DCHAR_NAME=\"cblas_cgeru_\" -DCHAR_CNAME=\"cblas_cgeru\" -DNO_AFFINITY -I.. -I. -UDOUBLE  -DCOMPLEX -UCONJ zger.c -o cblas_cgeru.o
cc -DCBLAS -c -O2 -DMAX_STACK_ALLOC=2048 -Wall -m64 -DF_INTERFACE_GFORT -fPIC -DNO_LAPACK -DNO_LAPACKE -DSMP_SERVER -DNO_WARMUP -DMAX_CPU_NUMBER=4 -DMAX_PARALLEL_NUMBER=1 -DBUILD_SINGLE=1 -DBUILD_DOUBLE=1 -DBUILD_COMPLEX=1 -DBUILD_COMPLEX16=1 -DVERSION=\"0.3.17.dev\" -msse3 -mssse3 -msse4.1 -mavx -mavx2 -mavx2 -UASMNAME -UASMFNAME -UNAME -UCNAME -UCHAR_NAME -UCHAR_CNAME -DASMNAME=cblas_cgbmv -DASMFNAME=cblas_cgbmv_ -DNAME=cblas_cgbmv_ -DCNAME=cblas_cgbmv -DCHAR_NAME=\"cblas_cgbmv_\" -DCHAR_CNAME=\"cblas_cgbmv\" -DNO_AFFINITY -I.. -I. -UDOUBLE  -DCOMPLEX -o cblas_cgbmv.o zgbmv.c
cc -DCBLAS -c -O2 -DMAX_STACK_ALLOC=2048 -Wall -m64 -DF_INTERFACE_GFORT -fPIC -DNO_LAPACK -DNO_LAPACKE -DSMP_SERVER -DNO_WARMUP -DMAX_CPU_NUMBER=4 -DMAX_PARALLEL_NUMBER=1 -DBUILD_SINGLE=1 -DBUILD_DOUBLE=1 -DBUILD_COMPLEX=1 -DBUILD_COMPLEX16=1 -DVERSION=\"0.3.17.dev\" -msse3 -mssse3 -msse4.1 -mavx -mavx2 -mavx2 -UASMNAME -UASMFNAME -UNAME -UCNAME -UCHAR_NAME -UCHAR_CNAME -DASMNAME=cblas_chbmv -DASMFNAME=cblas_chbmv_ -DNAME=cblas_chbmv_ -DCNAME=cblas_chbmv -DCHAR_NAME=\"cblas_chbmv_\" -DCHAR_CNAME=\"cblas_chbmv\" -DNO_AFFINITY -I.. -I. -UDOUBLE  -DCOMPLEX zhbmv.c -o cblas_chbmv.o
cc -DCBLAS -c -O2 -DMAX_STACK_ALLOC=2048 -Wall -m64 -DF_INTERFACE_GFORT -fPIC -DNO_LAPACK -DNO_LAPACKE -DSMP_SERVER -DNO_WARMUP -DMAX_CPU_NUMBER=4 -DMAX_PARALLEL_NUMBER=1 -DBUILD_SINGLE=1 -DBUILD_DOUBLE=1 -DBUILD_COMPLEX=1 -DBUILD_COMPLEX16=1 -DVERSION=\"0.3.17.dev\" -msse3 -mssse3 -msse4.1 -mavx -mavx2 -mavx2 -UASMNAME -UASMFNAME -UNAME -UCNAME -UCHAR_NAME -UCHAR_CNAME -DASMNAME=cblas_chemv -DASMFNAME=cblas_chemv_ -DNAME=cblas_chemv_ -DCNAME=cblas_chemv -DCHAR_NAME=\"cblas_chemv_\" -DCHAR_CNAME=\"cblas_chemv\" -DNO_AFFINITY -I.. -I. -UDOUBLE  -DCOMPLEX zhemv.c -o cblas_chemv.o
cc -DCBLAS -c -O2 -DMAX_STACK_ALLOC=2048 -Wall -m64 -DF_INTERFACE_GFORT -fPIC -DNO_LAPACK -DNO_LAPACKE -DSMP_SERVER -DNO_WARMUP -DMAX_CPU_NUMBER=4 -DMAX_PARALLEL_NUMBER=1 -DBUILD_SINGLE=1 -DBUILD_DOUBLE=1 -DBUILD_COMPLEX=1 -DBUILD_COMPLEX16=1 -DVERSION=\"0.3.17.dev\" -msse3 -mssse3 -msse4.1 -mavx -mavx2 -mavx2 -UASMNAME -UASMFNAME -UNAME -UCNAME -UCHAR_NAME -UCHAR_CNAME -DASMNAME=cblas_cher -DASMFNAME=cblas_cher_ -DNAME=cblas_cher_ -DCNAME=cblas_cher -DCHAR_NAME=\"cblas_cher_\" -DCHAR_CNAME=\"cblas_cher\" -DNO_AFFINITY -I.. -I. -UDOUBLE  -DCOMPLEX zher.c -o cblas_cher.o
cc -DCBLAS -c -O2 -DMAX_STACK_ALLOC=2048 -Wall -m64 -DF_INTERFACE_GFORT -fPIC -DNO_LAPACK -DNO_LAPACKE -DSMP_SERVER -DNO_WARMUP -DMAX_CPU_NUMBER=4 -DMAX_PARALLEL_NUMBER=1 -DBUILD_SINGLE=1 -DBUILD_DOUBLE=1 -DBUILD_COMPLEX=1 -DBUILD_COMPLEX16=1 -DVERSION=\"0.3.17.dev\" -msse3 -mssse3 -msse4.1 -mavx -mavx2 -mavx2 -UASMNAME -UASMFNAME -UNAME -UCNAME -UCHAR_NAME -UCHAR_CNAME -DASMNAME=cblas_cher2 -DASMFNAME=cblas_cher2_ -DNAME=cblas_cher2_ -DCNAME=cblas_cher2 -DCHAR_NAME=\"cblas_cher2_\" -DCHAR_CNAME=\"cblas_cher2\" -DNO_AFFINITY -I.. -I. -UDOUBLE  -DCOMPLEX zher2.c -o cblas_cher2.o
cc -DCBLAS -c -O2 -DMAX_STACK_ALLOC=2048 -Wall -m64 -DF_INTERFACE_GFORT -fPIC -DNO_LAPACK -DNO_LAPACKE -DSMP_SERVER -DNO_WARMUP -DMAX_CPU_NUMBER=4 -DMAX_PARALLEL_NUMBER=1 -DBUILD_SINGLE=1 -DBUILD_DOUBLE=1 -DBUILD_COMPLEX=1 -DBUILD_COMPLEX16=1 -DVERSION=\"0.3.17.dev\" -msse3 -mssse3 -msse4.1 -mavx -mavx2 -mavx2 -UASMNAME -UASMFNAME -UNAME -UCNAME -UCHAR_NAME -UCHAR_CNAME -DASMNAME=cblas_chpmv -DASMFNAME=cblas_chpmv_ -DNAME=cblas_chpmv_ -DCNAME=cblas_chpmv -DCHAR_NAME=\"cblas_chpmv_\" -DCHAR_CNAME=\"cblas_chpmv\" -DNO_AFFINITY -I.. -I. -UDOUBLE  -DCOMPLEX zhpmv.c -o cblas_chpmv.o
cc -DCBLAS -c -O2 -DMAX_STACK_ALLOC=2048 -Wall -m64 -DF_INTERFACE_GFORT -fPIC -DNO_LAPACK -DNO_LAPACKE -DSMP_SERVER -DNO_WARMUP -DMAX_CPU_NUMBER=4 -DMAX_PARALLEL_NUMBER=1 -DBUILD_SINGLE=1 -DBUILD_DOUBLE=1 -DBUILD_COMPLEX=1 -DBUILD_COMPLEX16=1 -DVERSION=\"0.3.17.dev\" -msse3 -mssse3 -msse4.1 -mavx -mavx2 -mavx2 -UASMNAME -UASMFNAME -UNAME -UCNAME -UCHAR_NAME -UCHAR_CNAME -DASMNAME=cblas_chpr -DASMFNAME=cblas_chpr_ -DNAME=cblas_chpr_ -DCNAME=cblas_chpr -DCHAR_NAME=\"cblas_chpr_\" -DCHAR_CNAME=\"cblas_chpr\" -DNO_AFFINITY -I.. -I. -UDOUBLE  -DCOMPLEX zhpr.c -o cblas_chpr.o
cc -DCBLAS -c -O2 -DMAX_STACK_ALLOC=2048 -Wall -m64 -DF_INTERFACE_GFORT -fPIC -DNO_LAPACK -DNO_LAPACKE -DSMP_SERVER -DNO_WARMUP -DMAX_CPU_NUMBER=4 -DMAX_PARALLEL_NUMBER=1 -DBUILD_SINGLE=1 -DBUILD_DOUBLE=1 -DBUILD_COMPLEX=1 -DBUILD_COMPLEX16=1 -DVERSION=\"0.3.17.dev\" -msse3 -mssse3 -msse4.1 -mavx -mavx2 -mavx2 -UASMNAME -UASMFNAME -UNAME -UCNAME -UCHAR_NAME -UCHAR_CNAME -DASMNAME=cblas_chpr2 -DASMFNAME=cblas_chpr2_ -DNAME=cblas_chpr2_ -DCNAME=cblas_chpr2 -DCHAR_NAME=\"cblas_chpr2_\" -DCHAR_CNAME=\"cblas_chpr2\" -DNO_AFFINITY -I.. -I. -UDOUBLE  -DCOMPLEX zhpr2.c -o cblas_chpr2.o
cc -DCBLAS -c -O2 -DMAX_STACK_ALLOC=2048 -Wall -m64 -DF_INTERFACE_GFORT -fPIC -DNO_LAPACK -DNO_LAPACKE -DSMP_SERVER -DNO_WARMUP -DMAX_CPU_NUMBER=4 -DMAX_PARALLEL_NUMBER=1 -DBUILD_SINGLE=1 -DBUILD_DOUBLE=1 -DBUILD_COMPLEX=1 -DBUILD_COMPLEX16=1 -DVERSION=\"0.3.17.dev\" -msse3 -mssse3 -msse4.1 -mavx -mavx2 -mavx2 -UASMNAME -UASMFNAME -UNAME -UCNAME -UCHAR_NAME -UCHAR_CNAME -DASMNAME=cblas_ctbmv -DASMFNAME=cblas_ctbmv_ -DNAME=cblas_ctbmv_ -DCNAME=cblas_ctbmv -DCHAR_NAME=\"cblas_ctbmv_\" -DCHAR_CNAME=\"cblas_ctbmv\" -DNO_AFFINITY -I.. -I. -UDOUBLE  -DCOMPLEX ztbmv.c -o cblas_ctbmv.o
cc -DCBLAS -c -O2 -DMAX_STACK_ALLOC=2048 -Wall -m64 -DF_INTERFACE_GFORT -fPIC -DNO_LAPACK -DNO_LAPACKE -DSMP_SERVER -DNO_WARMUP -DMAX_CPU_NUMBER=4 -DMAX_PARALLEL_NUMBER=1 -DBUILD_SINGLE=1 -DBUILD_DOUBLE=1 -DBUILD_COMPLEX=1 -DBUILD_COMPLEX16=1 -DVERSION=\"0.3.17.dev\" -msse3 -mssse3 -msse4.1 -mavx -mavx2 -mavx2 -UASMNAME -UASMFNAME -UNAME -UCNAME -UCHAR_NAME -UCHAR_CNAME -DASMNAME=cblas_ctbsv -DASMFNAME=cblas_ctbsv_ -DNAME=cblas_ctbsv_ -DCNAME=cblas_ctbsv -DCHAR_NAME=\"cblas_ctbsv_\" -DCHAR_CNAME=\"cblas_ctbsv\" -DNO_AFFINITY -I.. -I. -UDOUBLE  -DCOMPLEX ztbsv.c -o cblas_ctbsv.o
cc -DCBLAS -c -O2 -DMAX_STACK_ALLOC=2048 -Wall -m64 -DF_INTERFACE_GFORT -fPIC -DNO_LAPACK -DNO_LAPACKE -DSMP_SERVER -DNO_WARMUP -DMAX_CPU_NUMBER=4 -DMAX_PARALLEL_NUMBER=1 -DBUILD_SINGLE=1 -DBUILD_DOUBLE=1 -DBUILD_COMPLEX=1 -DBUILD_COMPLEX16=1 -DVERSION=\"0.3.17.dev\" -msse3 -mssse3 -msse4.1 -mavx -mavx2 -mavx2 -UASMNAME -UASMFNAME -UNAME -UCNAME -UCHAR_NAME -UCHAR_CNAME -DASMNAME=cblas_ctpmv -DASMFNAME=cblas_ctpmv_ -DNAME=cblas_ctpmv_ -DCNAME=cblas_ctpmv -DCHAR_NAME=\"cblas_ctpmv_\" -DCHAR_CNAME=\"cblas_ctpmv\" -DNO_AFFINITY -I.. -I. -UDOUBLE  -DCOMPLEX ztpmv.c -o cblas_ctpmv.o
cc -DCBLAS -c -O2 -DMAX_STACK_ALLOC=2048 -Wall -m64 -DF_INTERFACE_GFORT -fPIC -DNO_LAPACK -DNO_LAPACKE -DSMP_SERVER -DNO_WARMUP -DMAX_CPU_NUMBER=4 -DMAX_PARALLEL_NUMBER=1 -DBUILD_SINGLE=1 -DBUILD_DOUBLE=1 -DBUILD_COMPLEX=1 -DBUILD_COMPLEX16=1 -DVERSION=\"0.3.17.dev\" -msse3 -mssse3 -msse4.1 -mavx -mavx2 -mavx2 -UASMNAME -UASMFNAME -UNAME -UCNAME -UCHAR_NAME -UCHAR_CNAME -DASMNAME=cblas_ctpsv -DASMFNAME=cblas_ctpsv_ -DNAME=cblas_ctpsv_ -DCNAME=cblas_ctpsv -DCHAR_NAME=\"cblas_ctpsv_\" -DCHAR_CNAME=\"cblas_ctpsv\" -DNO_AFFINITY -I.. -I. -UDOUBLE  -DCOMPLEX ztpsv.c -o cblas_ctpsv.o
cc -DCBLAS -c -O2 -DMAX_STACK_ALLOC=2048 -Wall -m64 -DF_INTERFACE_GFORT -fPIC -DNO_LAPACK -DNO_LAPACKE -DSMP_SERVER -DNO_WARMUP -DMAX_CPU_NUMBER=4 -DMAX_PARALLEL_NUMBER=1 -DBUILD_SINGLE=1 -DBUILD_DOUBLE=1 -DBUILD_COMPLEX=1 -DBUILD_COMPLEX16=1 -DVERSION=\"0.3.17.dev\" -msse3 -mssse3 -msse4.1 -mavx -mavx2 -mavx2 -UASMNAME -UASMFNAME -UNAME -UCNAME -UCHAR_NAME -UCHAR_CNAME -DASMNAME=cblas_ctrmv -DASMFNAME=cblas_ctrmv_ -DNAME=cblas_ctrmv_ -DCNAME=cblas_ctrmv -DCHAR_NAME=\"cblas_ctrmv_\" -DCHAR_CNAME=\"cblas_ctrmv\" -DNO_AFFINITY -I.. -I. -UDOUBLE  -DCOMPLEX ztrmv.c -o cblas_ctrmv.o
cc -DCBLAS -c -O2 -DMAX_STACK_ALLOC=2048 -Wall -m64 -DF_INTERFACE_GFORT -fPIC -DNO_LAPACK -DNO_LAPACKE -DSMP_SERVER -DNO_WARMUP -DMAX_CPU_NUMBER=4 -DMAX_PARALLEL_NUMBER=1 -DBUILD_SINGLE=1 -DBUILD_DOUBLE=1 -DBUILD_COMPLEX=1 -DBUILD_COMPLEX16=1 -DVERSION=\"0.3.17.dev\" -msse3 -mssse3 -msse4.1 -mavx -mavx2 -mavx2 -UASMNAME -UASMFNAME -UNAME -UCNAME -UCHAR_NAME -UCHAR_CNAME -DASMNAME=cblas_ctrsv -DASMFNAME=cblas_ctrsv_ -DNAME=cblas_ctrsv_ -DCNAME=cblas_ctrsv -DCHAR_NAME=\"cblas_ctrsv_\" -DCHAR_CNAME=\"cblas_ctrsv\" -DNO_AFFINITY -I.. -I. -UDOUBLE  -DCOMPLEX ztrsv.c -o cblas_ctrsv.o
cc -c -O2 -DMAX_STACK_ALLOC=2048 -Wall -m64 -DF_INTERFACE_GFORT -fPIC -DNO_LAPACK -DNO_LAPACKE -DSMP_SERVER -DNO_WARMUP -DMAX_CPU_NUMBER=4 -DMAX_PARALLEL_NUMBER=1 -DBUILD_SINGLE=1 -DBUILD_DOUBLE=1 -DBUILD_COMPLEX=1 -DBUILD_COMPLEX16=1 -DVERSION=\"0.3.17.dev\" -msse3 -mssse3 -msse4.1 -mavx -mavx2 -mavx2 -UASMNAME -UASMFNAME -UNAME -UCNAME -UCHAR_NAME -UCHAR_CNAME -DASMNAME=cgemm -DASMFNAME=cgemm_ -DNAME=cgemm_ -DCNAME=cgemm -DCHAR_NAME=\"cgemm_\" -DCHAR_CNAME=\"cgemm\" -DNO_AFFINITY -I.. -I. -UDOUBLE  -DCOMPLEX gemm.c -o cgemm.o
cc -c -O2 -DMAX_STACK_ALLOC=2048 -Wall -m64 -DF_INTERFACE_GFORT -fPIC -DNO_LAPACK -DNO_LAPACKE -DSMP_SERVER -DNO_WARMUP -DMAX_CPU_NUMBER=4 -DMAX_PARALLEL_NUMBER=1 -DBUILD_SINGLE=1 -DBUILD_DOUBLE=1 -DBUILD_COMPLEX=1 -DBUILD_COMPLEX16=1 -DVERSION=\"0.3.17.dev\" -msse3 -mssse3 -msse4.1 -mavx -mavx2 -mavx2 -UASMNAME -UASMFNAME -UNAME -UCNAME -UCHAR_NAME -UCHAR_CNAME -DASMNAME=csymm -DASMFNAME=csymm_ -DNAME=csymm_ -DCNAME=csymm -DCHAR_NAME=\"csymm_\" -DCHAR_CNAME=\"csymm\" -DNO_AFFINITY -I.. -I. -UDOUBLE  -DCOMPLEX symm.c -o csymm.o
cc -c -O2 -DMAX_STACK_ALLOC=2048 -Wall -m64 -DF_INTERFACE_GFORT -fPIC -DNO_LAPACK -DNO_LAPACKE -DSMP_SERVER -DNO_WARMUP -DMAX_CPU_NUMBER=4 -DMAX_PARALLEL_NUMBER=1 -DBUILD_SINGLE=1 -DBUILD_DOUBLE=1 -DBUILD_COMPLEX=1 -DBUILD_COMPLEX16=1 -DVERSION=\"0.3.17.dev\" -msse3 -mssse3 -msse4.1 -mavx -mavx2 -mavx2 -UASMNAME -UASMFNAME -UNAME -UCNAME -UCHAR_NAME -UCHAR_CNAME -DASMNAME=ctrmm -DASMFNAME=ctrmm_ -DNAME=ctrmm_ -DCNAME=ctrmm -DCHAR_NAME=\"ctrmm_\" -DCHAR_CNAME=\"ctrmm\" -DNO_AFFINITY -I.. -I. -UDOUBLE  -DCOMPLEX -DTRMM trsm.c -o ctrmm.o
cc -c -O2 -DMAX_STACK_ALLOC=2048 -Wall -m64 -DF_INTERFACE_GFORT -fPIC -DNO_LAPACK -DNO_LAPACKE -DSMP_SERVER -DNO_WARMUP -DMAX_CPU_NUMBER=4 -DMAX_PARALLEL_NUMBER=1 -DBUILD_SINGLE=1 -DBUILD_DOUBLE=1 -DBUILD_COMPLEX=1 -DBUILD_COMPLEX16=1 -DVERSION=\"0.3.17.dev\" -msse3 -mssse3 -msse4.1 -mavx -mavx2 -mavx2 -UASMNAME -UASMFNAME -UNAME -UCNAME -UCHAR_NAME -UCHAR_CNAME -DASMNAME=ctrsm -DASMFNAME=ctrsm_ -DNAME=ctrsm_ -DCNAME=ctrsm -DCHAR_NAME=\"ctrsm_\" -DCHAR_CNAME=\"ctrsm\" -DNO_AFFINITY -I.. -I. -UDOUBLE  -DCOMPLEX trsm.c -o ctrsm.o
cc -c -O2 -DMAX_STACK_ALLOC=2048 -Wall -m64 -DF_INTERFACE_GFORT -fPIC -DNO_LAPACK -DNO_LAPACKE -DSMP_SERVER -DNO_WARMUP -DMAX_CPU_NUMBER=4 -DMAX_PARALLEL_NUMBER=1 -DBUILD_SINGLE=1 -DBUILD_DOUBLE=1 -DBUILD_COMPLEX=1 -DBUILD_COMPLEX16=1 -DVERSION=\"0.3.17.dev\" -msse3 -mssse3 -msse4.1 -mavx -mavx2 -mavx2 -UASMNAME -UASMFNAME -UNAME -UCNAME -UCHAR_NAME -UCHAR_CNAME -DASMNAME=csyrk -DASMFNAME=csyrk_ -DNAME=csyrk_ -DCNAME=csyrk -DCHAR_NAME=\"csyrk_\" -DCHAR_CNAME=\"csyrk\" -DNO_AFFINITY -I.. -I. -UDOUBLE  -DCOMPLEX syrk.c -o csyrk.o
cc -c -O2 -DMAX_STACK_ALLOC=2048 -Wall -m64 -DF_INTERFACE_GFORT -fPIC -DNO_LAPACK -DNO_LAPACKE -DSMP_SERVER -DNO_WARMUP -DMAX_CPU_NUMBER=4 -DMAX_PARALLEL_NUMBER=1 -DBUILD_SINGLE=1 -DBUILD_DOUBLE=1 -DBUILD_COMPLEX=1 -DBUILD_COMPLEX16=1 -DVERSION=\"0.3.17.dev\" -msse3 -mssse3 -msse4.1 -mavx -mavx2 -mavx2 -UASMNAME -UASMFNAME -UNAME -UCNAME -UCHAR_NAME -UCHAR_CNAME -DASMNAME=csyr2k -DASMFNAME=csyr2k_ -DNAME=csyr2k_ -DCNAME=csyr2k -DCHAR_NAME=\"csyr2k_\" -DCHAR_CNAME=\"csyr2k\" -DNO_AFFINITY -I.. -I. -UDOUBLE  -DCOMPLEX syr2k.c -o csyr2k.o
cc -c -O2 -DMAX_STACK_ALLOC=2048 -Wall -m64 -DF_INTERFACE_GFORT -fPIC -DNO_LAPACK -DNO_LAPACKE -DSMP_SERVER -DNO_WARMUP -DMAX_CPU_NUMBER=4 -DMAX_PARALLEL_NUMBER=1 -DBUILD_SINGLE=1 -DBUILD_DOUBLE=1 -DBUILD_COMPLEX=1 -DBUILD_COMPLEX16=1 -DVERSION=\"0.3.17.dev\" -msse3 -mssse3 -msse4.1 -mavx -mavx2 -mavx2 -UASMNAME -UASMFNAME -UNAME -UCNAME -UCHAR_NAME -UCHAR_CNAME -DASMNAME=chemm -DASMFNAME=chemm_ -DNAME=chemm_ -DCNAME=chemm -DCHAR_NAME=\"chemm_\" -DCHAR_CNAME=\"chemm\" -DNO_AFFINITY -I.. -I. -UDOUBLE  -DCOMPLEX -DHEMM symm.c -o chemm.o
cc -c -O2 -DMAX_STACK_ALLOC=2048 -Wall -m64 -DF_INTERFACE_GFORT -fPIC -DNO_LAPACK -DNO_LAPACKE -DSMP_SERVER -DNO_WARMUP -DMAX_CPU_NUMBER=4 -DMAX_PARALLEL_NUMBER=1 -DBUILD_SINGLE=1 -DBUILD_DOUBLE=1 -DBUILD_COMPLEX=1 -DBUILD_COMPLEX16=1 -DVERSION=\"0.3.17.dev\" -msse3 -mssse3 -msse4.1 -mavx -mavx2 -mavx2 -UASMNAME -UASMFNAME -UNAME -UCNAME -UCHAR_NAME -UCHAR_CNAME -DASMNAME=cherk -DASMFNAME=cherk_ -DNAME=cherk_ -DCNAME=cherk -DCHAR_NAME=\"cherk_\" -DCHAR_CNAME=\"cherk\" -DNO_AFFINITY -I.. -I. -UDOUBLE  -DCOMPLEX -DHEMM syrk.c -o cherk.o
cc -c -O2 -DMAX_STACK_ALLOC=2048 -Wall -m64 -DF_INTERFACE_GFORT -fPIC -DNO_LAPACK -DNO_LAPACKE -DSMP_SERVER -DNO_WARMUP -DMAX_CPU_NUMBER=4 -DMAX_PARALLEL_NUMBER=1 -DBUILD_SINGLE=1 -DBUILD_DOUBLE=1 -DBUILD_COMPLEX=1 -DBUILD_COMPLEX16=1 -DVERSION=\"0.3.17.dev\" -msse3 -mssse3 -msse4.1 -mavx -mavx2 -mavx2 -UASMNAME -UASMFNAME -UNAME -UCNAME -UCHAR_NAME -UCHAR_CNAME -DASMNAME=cher2k -DASMFNAME=cher2k_ -DNAME=cher2k_ -DCNAME=cher2k -DCHAR_NAME=\"cher2k_\" -DCHAR_CNAME=\"cher2k\" -DNO_AFFINITY -I.. -I. -UDOUBLE  -DCOMPLEX -DHEMM syr2k.c -o cher2k.o
cc -c -O2 -DMAX_STACK_ALLOC=2048 -Wall -m64 -DF_INTERFACE_GFORT -fPIC -DNO_LAPACK -DNO_LAPACKE -DSMP_SERVER -DNO_WARMUP -DMAX_CPU_NUMBER=4 -DMAX_PARALLEL_NUMBER=1 -DBUILD_SINGLE=1 -DBUILD_DOUBLE=1 -DBUILD_COMPLEX=1 -DBUILD_COMPLEX16=1 -DVERSION=\"0.3.17.dev\" -msse3 -mssse3 -msse4.1 -mavx -mavx2 -mavx2 -UASMNAME -UASMFNAME -UNAME -UCNAME -UCHAR_NAME -UCHAR_CNAME -DASMNAME=comatcopy -DASMFNAME=comatcopy_ -DNAME=comatcopy_ -DCNAME=comatcopy -DCHAR_NAME=\"comatcopy_\" -DCHAR_CNAME=\"comatcopy\" -DNO_AFFINITY -I.. -I. -UDOUBLE  -DCOMPLEX zomatcopy.c -o comatcopy.o
cc -c -O2 -DMAX_STACK_ALLOC=2048 -Wall -m64 -DF_INTERFACE_GFORT -fPIC -DNO_LAPACK -DNO_LAPACKE -DSMP_SERVER -DNO_WARMUP -DMAX_CPU_NUMBER=4 -DMAX_PARALLEL_NUMBER=1 -DBUILD_SINGLE=1 -DBUILD_DOUBLE=1 -DBUILD_COMPLEX=1 -DBUILD_COMPLEX16=1 -DVERSION=\"0.3.17.dev\" -msse3 -mssse3 -msse4.1 -mavx -mavx2 -mavx2 -UASMNAME -UASMFNAME -UNAME -UCNAME -UCHAR_NAME -UCHAR_CNAME -DASMNAME=cimatcopy -DASMFNAME=cimatcopy_ -DNAME=cimatcopy_ -DCNAME=cimatcopy -DCHAR_NAME=\"cimatcopy_\" -DCHAR_CNAME=\"cimatcopy\" -DNO_AFFINITY -I.. -I. -UDOUBLE  -DCOMPLEX zimatcopy.c -o cimatcopy.o
cc -c -O2 -DMAX_STACK_ALLOC=2048 -Wall -m64 -DF_INTERFACE_GFORT -fPIC -DNO_LAPACK -DNO_LAPACKE -DSMP_SERVER -DNO_WARMUP -DMAX_CPU_NUMBER=4 -DMAX_PARALLEL_NUMBER=1 -DBUILD_SINGLE=1 -DBUILD_DOUBLE=1 -DBUILD_COMPLEX=1 -DBUILD_COMPLEX16=1 -DVERSION=\"0.3.17.dev\" -msse3 -mssse3 -msse4.1 -mavx -mavx2 -mavx2 -UASMNAME -UASMFNAME -UNAME -UCNAME -UCHAR_NAME -UCHAR_CNAME -DASMNAME=cgeadd -DASMFNAME=cgeadd_ -DNAME=cgeadd_ -DCNAME=cgeadd -DCHAR_NAME=\"cgeadd_\" -DCHAR_CNAME=\"cgeadd\" -DNO_AFFINITY -I.. -I. -UDOUBLE  -DCOMPLEX zgeadd.c -o cgeadd.o
cc -c -O2 -DMAX_STACK_ALLOC=2048 -Wall -m64 -DF_INTERFACE_GFORT -fPIC -DNO_LAPACK -DNO_LAPACKE -DSMP_SERVER -DNO_WARMUP -DMAX_CPU_NUMBER=4 -DMAX_PARALLEL_NUMBER=1 -DBUILD_SINGLE=1 -DBUILD_DOUBLE=1 -DBUILD_COMPLEX=1 -DBUILD_COMPLEX16=1 -DVERSION=\"0.3.17.dev\" -msse3 -mssse3 -msse4.1 -mavx -mavx2 -mavx2 -UASMNAME -UASMFNAME -UNAME -UCNAME -UCHAR_NAME -UCHAR_CNAME -DASMNAME=cgemm3m -DASMFNAME=cgemm3m_ -DNAME=cgemm3m_ -DCNAME=cgemm3m -DCHAR_NAME=\"cgemm3m_\" -DCHAR_CNAME=\"cgemm3m\" -DNO_AFFINITY -I.. -I. -UDOUBLE  -DCOMPLEX -DGEMM3M gemm.c -o cgemm3m.o
cc -DCBLAS -c -O2 -DMAX_STACK_ALLOC=2048 -Wall -m64 -DF_INTERFACE_GFORT -fPIC -DNO_LAPACK -DNO_LAPACKE -DSMP_SERVER -DNO_WARMUP -DMAX_CPU_NUMBER=4 -DMAX_PARALLEL_NUMBER=1 -DBUILD_SINGLE=1 -DBUILD_DOUBLE=1 -DBUILD_COMPLEX=1 -DBUILD_COMPLEX16=1 -DVERSION=\"0.3.17.dev\" -msse3 -mssse3 -msse4.1 -mavx -mavx2 -mavx2 -UASMNAME -UASMFNAME -UNAME -UCNAME -UCHAR_NAME -UCHAR_CNAME -DASMNAME=cblas_cgemm -DASMFNAME=cblas_cgemm_ -DNAME=cblas_cgemm_ -DCNAME=cblas_cgemm -DCHAR_NAME=\"cblas_cgemm_\" -DCHAR_CNAME=\"cblas_cgemm\" -DNO_AFFINITY -I.. -I. -UDOUBLE  -DCOMPLEX gemm.c -o cblas_cgemm.o
cc -DCBLAS -c -O2 -DMAX_STACK_ALLOC=2048 -Wall -m64 -DF_INTERFACE_GFORT -fPIC -DNO_LAPACK -DNO_LAPACKE -DSMP_SERVER -DNO_WARMUP -DMAX_CPU_NUMBER=4 -DMAX_PARALLEL_NUMBER=1 -DBUILD_SINGLE=1 -DBUILD_DOUBLE=1 -DBUILD_COMPLEX=1 -DBUILD_COMPLEX16=1 -DVERSION=\"0.3.17.dev\" -msse3 -mssse3 -msse4.1 -mavx -mavx2 -mavx2 -UASMNAME -UASMFNAME -UNAME -UCNAME -UCHAR_NAME -UCHAR_CNAME -DASMNAME=cblas_csymm -DASMFNAME=cblas_csymm_ -DNAME=cblas_csymm_ -DCNAME=cblas_csymm -DCHAR_NAME=\"cblas_csymm_\" -DCHAR_CNAME=\"cblas_csymm\" -DNO_AFFINITY -I.. -I. -UDOUBLE  -DCOMPLEX symm.c -o cblas_csymm.o
cc -DCBLAS -c -O2 -DMAX_STACK_ALLOC=2048 -Wall -m64 -DF_INTERFACE_GFORT -fPIC -DNO_LAPACK -DNO_LAPACKE -DSMP_SERVER -DNO_WARMUP -DMAX_CPU_NUMBER=4 -DMAX_PARALLEL_NUMBER=1 -DBUILD_SINGLE=1 -DBUILD_DOUBLE=1 -DBUILD_COMPLEX=1 -DBUILD_COMPLEX16=1 -DVERSION=\"0.3.17.dev\" -msse3 -mssse3 -msse4.1 -mavx -mavx2 -mavx2 -UASMNAME -UASMFNAME -UNAME -UCNAME -UCHAR_NAME -UCHAR_CNAME -DASMNAME=cblas_ctrmm -DASMFNAME=cblas_ctrmm_ -DNAME=cblas_ctrmm_ -DCNAME=cblas_ctrmm -DCHAR_NAME=\"cblas_ctrmm_\" -DCHAR_CNAME=\"cblas_ctrmm\" -DNO_AFFINITY -I.. -I. -UDOUBLE  -DCOMPLEX -DTRMM trsm.c -o cblas_ctrmm.o
cc -DCBLAS -c -O2 -DMAX_STACK_ALLOC=2048 -Wall -m64 -DF_INTERFACE_GFORT -fPIC -DNO_LAPACK -DNO_LAPACKE -DSMP_SERVER -DNO_WARMUP -DMAX_CPU_NUMBER=4 -DMAX_PARALLEL_NUMBER=1 -DBUILD_SINGLE=1 -DBUILD_DOUBLE=1 -DBUILD_COMPLEX=1 -DBUILD_COMPLEX16=1 -DVERSION=\"0.3.17.dev\" -msse3 -mssse3 -msse4.1 -mavx -mavx2 -mavx2 -UASMNAME -UASMFNAME -UNAME -UCNAME -UCHAR_NAME -UCHAR_CNAME -DASMNAME=cblas_ctrsm -DASMFNAME=cblas_ctrsm_ -DNAME=cblas_ctrsm_ -DCNAME=cblas_ctrsm -DCHAR_NAME=\"cblas_ctrsm_\" -DCHAR_CNAME=\"cblas_ctrsm\" -DNO_AFFINITY -I.. -I. -UDOUBLE  -DCOMPLEX trsm.c -o cblas_ctrsm.o
cc -DCBLAS -c -O2 -DMAX_STACK_ALLOC=2048 -Wall -m64 -DF_INTERFACE_GFORT -fPIC -DNO_LAPACK -DNO_LAPACKE -DSMP_SERVER -DNO_WARMUP -DMAX_CPU_NUMBER=4 -DMAX_PARALLEL_NUMBER=1 -DBUILD_SINGLE=1 -DBUILD_DOUBLE=1 -DBUILD_COMPLEX=1 -DBUILD_COMPLEX16=1 -DVERSION=\"0.3.17.dev\" -msse3 -mssse3 -msse4.1 -mavx -mavx2 -mavx2 -UASMNAME -UASMFNAME -UNAME -UCNAME -UCHAR_NAME -UCHAR_CNAME -DASMNAME=cblas_csyrk -DASMFNAME=cblas_csyrk_ -DNAME=cblas_csyrk_ -DCNAME=cblas_csyrk -DCHAR_NAME=\"cblas_csyrk_\" -DCHAR_CNAME=\"cblas_csyrk\" -DNO_AFFINITY -I.. -I. -UDOUBLE  -DCOMPLEX syrk.c -o cblas_csyrk.o
cc -DCBLAS -c -O2 -DMAX_STACK_ALLOC=2048 -Wall -m64 -DF_INTERFACE_GFORT -fPIC -DNO_LAPACK -DNO_LAPACKE -DSMP_SERVER -DNO_WARMUP -DMAX_CPU_NUMBER=4 -DMAX_PARALLEL_NUMBER=1 -DBUILD_SINGLE=1 -DBUILD_DOUBLE=1 -DBUILD_COMPLEX=1 -DBUILD_COMPLEX16=1 -DVERSION=\"0.3.17.dev\" -msse3 -mssse3 -msse4.1 -mavx -mavx2 -mavx2 -UASMNAME -UASMFNAME -UNAME -UCNAME -UCHAR_NAME -UCHAR_CNAME -DASMNAME=cblas_csyr2k -DASMFNAME=cblas_csyr2k_ -DNAME=cblas_csyr2k_ -DCNAME=cblas_csyr2k -DCHAR_NAME=\"cblas_csyr2k_\" -DCHAR_CNAME=\"cblas_csyr2k\" -DNO_AFFINITY -I.. -I. -UDOUBLE  -DCOMPLEX syr2k.c -o cblas_csyr2k.o
cc -DCBLAS -c -O2 -DMAX_STACK_ALLOC=2048 -Wall -m64 -DF_INTERFACE_GFORT -fPIC -DNO_LAPACK -DNO_LAPACKE -DSMP_SERVER -DNO_WARMUP -DMAX_CPU_NUMBER=4 -DMAX_PARALLEL_NUMBER=1 -DBUILD_SINGLE=1 -DBUILD_DOUBLE=1 -DBUILD_COMPLEX=1 -DBUILD_COMPLEX16=1 -DVERSION=\"0.3.17.dev\" -msse3 -mssse3 -msse4.1 -mavx -mavx2 -mavx2 -UASMNAME -UASMFNAME -UNAME -UCNAME -UCHAR_NAME -UCHAR_CNAME -DASMNAME=cblas_chemm -DASMFNAME=cblas_chemm_ -DNAME=cblas_chemm_ -DCNAME=cblas_chemm -DCHAR_NAME=\"cblas_chemm_\" -DCHAR_CNAME=\"cblas_chemm\" -DNO_AFFINITY -I.. -I. -UDOUBLE  -DCOMPLEX -DHEMM symm.c -o cblas_chemm.o
cc -DCBLAS -c -O2 -DMAX_STACK_ALLOC=2048 -Wall -m64 -DF_INTERFACE_GFORT -fPIC -DNO_LAPACK -DNO_LAPACKE -DSMP_SERVER -DNO_WARMUP -DMAX_CPU_NUMBER=4 -DMAX_PARALLEL_NUMBER=1 -DBUILD_SINGLE=1 -DBUILD_DOUBLE=1 -DBUILD_COMPLEX=1 -DBUILD_COMPLEX16=1 -DVERSION=\"0.3.17.dev\" -msse3 -mssse3 -msse4.1 -mavx -mavx2 -mavx2 -UASMNAME -UASMFNAME -UNAME -UCNAME -UCHAR_NAME -UCHAR_CNAME -DASMNAME=cblas_cherk -DASMFNAME=cblas_cherk_ -DNAME=cblas_cherk_ -DCNAME=cblas_cherk -DCHAR_NAME=\"cblas_cherk_\" -DCHAR_CNAME=\"cblas_cherk\" -DNO_AFFINITY -I.. -I. -UDOUBLE  -DCOMPLEX -DHEMM syrk.c -o cblas_cherk.o
cc -DCBLAS -c -O2 -DMAX_STACK_ALLOC=2048 -Wall -m64 -DF_INTERFACE_GFORT -fPIC -DNO_LAPACK -DNO_LAPACKE -DSMP_SERVER -DNO_WARMUP -DMAX_CPU_NUMBER=4 -DMAX_PARALLEL_NUMBER=1 -DBUILD_SINGLE=1 -DBUILD_DOUBLE=1 -DBUILD_COMPLEX=1 -DBUILD_COMPLEX16=1 -DVERSION=\"0.3.17.dev\" -msse3 -mssse3 -msse4.1 -mavx -mavx2 -mavx2 -UASMNAME -UASMFNAME -UNAME -UCNAME -UCHAR_NAME -UCHAR_CNAME -DASMNAME=cblas_cher2k -DASMFNAME=cblas_cher2k_ -DNAME=cblas_cher2k_ -DCNAME=cblas_cher2k -DCHAR_NAME=\"cblas_cher2k_\" -DCHAR_CNAME=\"cblas_cher2k\" -DNO_AFFINITY -I.. -I. -UDOUBLE  -DCOMPLEX -DHEMM syr2k.c -o cblas_cher2k.o
cc -c -O2 -DMAX_STACK_ALLOC=2048 -Wall -m64 -DF_INTERFACE_GFORT -fPIC -DNO_LAPACK -DNO_LAPACKE -DSMP_SERVER -DNO_WARMUP -DMAX_CPU_NUMBER=4 -DMAX_PARALLEL_NUMBER=1 -DBUILD_SINGLE=1 -DBUILD_DOUBLE=1 -DBUILD_COMPLEX=1 -DBUILD_COMPLEX16=1 -DVERSION=\"0.3.17.dev\" -msse3 -mssse3 -msse4.1 -mavx -mavx2 -mavx2 -UASMNAME -UASMFNAME -UNAME -UCNAME -UCHAR_NAME -UCHAR_CNAME -DASMNAME=cblas_comatcopy -DASMFNAME=cblas_comatcopy_ -DNAME=cblas_comatcopy_ -DCNAME=cblas_comatcopy -DCHAR_NAME=\"cblas_comatcopy_\" -DCHAR_CNAME=\"cblas_comatcopy\" -DNO_AFFINITY -I.. -I. -UDOUBLE  -DCOMPLEX -DCBLAS zomatcopy.c -o cblas_comatcopy.o
cc -c -O2 -DMAX_STACK_ALLOC=2048 -Wall -m64 -DF_INTERFACE_GFORT -fPIC -DNO_LAPACK -DNO_LAPACKE -DSMP_SERVER -DNO_WARMUP -DMAX_CPU_NUMBER=4 -DMAX_PARALLEL_NUMBER=1 -DBUILD_SINGLE=1 -DBUILD_DOUBLE=1 -DBUILD_COMPLEX=1 -DBUILD_COMPLEX16=1 -DVERSION=\"0.3.17.dev\" -msse3 -mssse3 -msse4.1 -mavx -mavx2 -mavx2 -UASMNAME -UASMFNAME -UNAME -UCNAME -UCHAR_NAME -UCHAR_CNAME -DASMNAME=cblas_cimatcopy -DASMFNAME=cblas_cimatcopy_ -DNAME=cblas_cimatcopy_ -DCNAME=cblas_cimatcopy -DCHAR_NAME=\"cblas_cimatcopy_\" -DCHAR_CNAME=\"cblas_cimatcopy\" -DNO_AFFINITY -I.. -I. -UDOUBLE  -DCOMPLEX -DCBLAS zimatcopy.c -o cblas_cimatcopy.o
cc -c -O2 -DMAX_STACK_ALLOC=2048 -Wall -m64 -DF_INTERFACE_GFORT -fPIC -DNO_LAPACK -DNO_LAPACKE -DSMP_SERVER -DNO_WARMUP -DMAX_CPU_NUMBER=4 -DMAX_PARALLEL_NUMBER=1 -DBUILD_SINGLE=1 -DBUILD_DOUBLE=1 -DBUILD_COMPLEX=1 -DBUILD_COMPLEX16=1 -DVERSION=\"0.3.17.dev\" -msse3 -mssse3 -msse4.1 -mavx -mavx2 -mavx2 -UASMNAME -UASMFNAME -UNAME -UCNAME -UCHAR_NAME -UCHAR_CNAME -DASMNAME=cblas_cgeadd -DASMFNAME=cblas_cgeadd_ -DNAME=cblas_cgeadd_ -DCNAME=cblas_cgeadd -DCHAR_NAME=\"cblas_cgeadd_\" -DCHAR_CNAME=\"cblas_cgeadd\" -DNO_AFFINITY -I.. -I. -UDOUBLE  -DCOMPLEX -DCBLAS zgeadd.c -o cblas_cgeadd.o
cc -DCBLAS -c -O2 -DMAX_STACK_ALLOC=2048 -Wall -m64 -DF_INTERFACE_GFORT -fPIC -DNO_LAPACK -DNO_LAPACKE -DSMP_SERVER -DNO_WARMUP -DMAX_CPU_NUMBER=4 -DMAX_PARALLEL_NUMBER=1 -DBUILD_SINGLE=1 -DBUILD_DOUBLE=1 -DBUILD_COMPLEX=1 -DBUILD_COMPLEX16=1 -DVERSION=\"0.3.17.dev\" -msse3 -mssse3 -msse4.1 -mavx -mavx2 -mavx2 -UASMNAME -UASMFNAME -UNAME -UCNAME -UCHAR_NAME -UCHAR_CNAME -DASMNAME=cblas_cgemm3m -DASMFNAME=cblas_cgemm3m_ -DNAME=cblas_cgemm3m_ -DCNAME=cblas_cgemm3m -DCHAR_NAME=\"cblas_cgemm3m_\" -DCHAR_CNAME=\"cblas_cgemm3m\" -DNO_AFFINITY -I.. -I. -UDOUBLE  -DCOMPLEX -DGEMM3M gemm.c -o cblas_cgemm3m.o
cc -O2 -DMAX_STACK_ALLOC=2048 -Wall -m64 -DF_INTERFACE_GFORT -fPIC -DNO_LAPACK -DNO_LAPACKE -DSMP_SERVER -DNO_WARMUP -DMAX_CPU_NUMBER=4 -DMAX_PARALLEL_NUMBER=1 -DBUILD_SINGLE=1 -DBUILD_DOUBLE=1 -DBUILD_COMPLEX=1 -DBUILD_COMPLEX16=1 -DVERSION=\"0.3.17.dev\" -msse3 -mssse3 -msse4.1 -mavx -mavx2 -mavx2 -UASMNAME -UASMFNAME -UNAME -UCNAME -UCHAR_NAME -UCHAR_CNAME -DASMNAME=zaxpy -DASMFNAME=zaxpy_ -DNAME=zaxpy_ -DCNAME=zaxpy -DCHAR_NAME=\"zaxpy_\" -DCHAR_CNAME=\"zaxpy\" -DNO_AFFINITY -I.. -I. -DDOUBLE  -DCOMPLEX -c zaxpy.c -o zaxpy.o
cc -O2 -DMAX_STACK_ALLOC=2048 -Wall -m64 -DF_INTERFACE_GFORT -fPIC -DNO_LAPACK -DNO_LAPACKE -DSMP_SERVER -DNO_WARMUP -DMAX_CPU_NUMBER=4 -DMAX_PARALLEL_NUMBER=1 -DBUILD_SINGLE=1 -DBUILD_DOUBLE=1 -DBUILD_COMPLEX=1 -DBUILD_COMPLEX16=1 -DVERSION=\"0.3.17.dev\" -msse3 -mssse3 -msse4.1 -mavx -mavx2 -mavx2 -UASMNAME -UASMFNAME -UNAME -UCNAME -UCHAR_NAME -UCHAR_CNAME -DASMNAME=zaxpyc -DASMFNAME=zaxpyc_ -DNAME=zaxpyc_ -DCNAME=zaxpyc -DCHAR_NAME=\"zaxpyc_\" -DCHAR_CNAME=\"zaxpyc\" -DNO_AFFINITY -I.. -I. -DDOUBLE  -DCOMPLEX -c -DCONJ zaxpy.c -o zaxpyc.o
cc -O2 -DMAX_STACK_ALLOC=2048 -Wall -m64 -DF_INTERFACE_GFORT -fPIC -DNO_LAPACK -DNO_LAPACKE -DSMP_SERVER -DNO_WARMUP -DMAX_CPU_NUMBER=4 -DMAX_PARALLEL_NUMBER=1 -DBUILD_SINGLE=1 -DBUILD_DOUBLE=1 -DBUILD_COMPLEX=1 -DBUILD_COMPLEX16=1 -DVERSION=\"0.3.17.dev\" -msse3 -mssse3 -msse4.1 -mavx -mavx2 -mavx2 -UASMNAME -UASMFNAME -UNAME -UCNAME -UCHAR_NAME -UCHAR_CNAME -DASMNAME=zswap -DASMFNAME=zswap_ -DNAME=zswap_ -DCNAME=zswap -DCHAR_NAME=\"zswap_\" -DCHAR_CNAME=\"zswap\" -DNO_AFFINITY -I.. -I. -DDOUBLE  -DCOMPLEX -c zswap.c -o zswap.o
cc -O2 -DMAX_STACK_ALLOC=2048 -Wall -m64 -DF_INTERFACE_GFORT -fPIC -DNO_LAPACK -DNO_LAPACKE -DSMP_SERVER -DNO_WARMUP -DMAX_CPU_NUMBER=4 -DMAX_PARALLEL_NUMBER=1 -DBUILD_SINGLE=1 -DBUILD_DOUBLE=1 -DBUILD_COMPLEX=1 -DBUILD_COMPLEX16=1 -DVERSION=\"0.3.17.dev\" -msse3 -mssse3 -msse4.1 -mavx -mavx2 -mavx2 -UASMNAME -UASMFNAME -UNAME -UCNAME -UCHAR_NAME -UCHAR_CNAME -DASMNAME=zcopy -DASMFNAME=zcopy_ -DNAME=zcopy_ -DCNAME=zcopy -DCHAR_NAME=\"zcopy_\" -DCHAR_CNAME=\"zcopy\" -DNO_AFFINITY -I.. -I. -DDOUBLE  -DCOMPLEX -c copy.c -o zcopy.o
cc -O2 -DMAX_STACK_ALLOC=2048 -Wall -m64 -DF_INTERFACE_GFORT -fPIC -DNO_LAPACK -DNO_LAPACKE -DSMP_SERVER -DNO_WARMUP -DMAX_CPU_NUMBER=4 -DMAX_PARALLEL_NUMBER=1 -DBUILD_SINGLE=1 -DBUILD_DOUBLE=1 -DBUILD_COMPLEX=1 -DBUILD_COMPLEX16=1 -DVERSION=\"0.3.17.dev\" -msse3 -mssse3 -msse4.1 -mavx -mavx2 -mavx2 -UASMNAME -UASMFNAME -UNAME -UCNAME -UCHAR_NAME -UCHAR_CNAME -DASMNAME=zscal -DASMFNAME=zscal_ -DNAME=zscal_ -DCNAME=zscal -DCHAR_NAME=\"zscal_\" -DCHAR_CNAME=\"zscal\" -DNO_AFFINITY -I.. -I. -DDOUBLE  -DCOMPLEX -c zscal.c -o zscal.o
cc -O2 -DMAX_STACK_ALLOC=2048 -Wall -m64 -DF_INTERFACE_GFORT -fPIC -DNO_LAPACK -DNO_LAPACKE -DSMP_SERVER -DNO_WARMUP -DMAX_CPU_NUMBER=4 -DMAX_PARALLEL_NUMBER=1 -DBUILD_SINGLE=1 -DBUILD_DOUBLE=1 -DBUILD_COMPLEX=1 -DBUILD_COMPLEX16=1 -DVERSION=\"0.3.17.dev\" -msse3 -mssse3 -msse4.1 -mavx -mavx2 -mavx2 -UASMNAME -UASMFNAME -UNAME -UCNAME -UCHAR_NAME -UCHAR_CNAME -DASMNAME=zdscal -DASMFNAME=zdscal_ -DNAME=zdscal_ -DCNAME=zdscal -DCHAR_NAME=\"zdscal_\" -DCHAR_CNAME=\"zdscal\" -DNO_AFFINITY -I.. -I. -DDOUBLE  -DCOMPLEX -c -DSSCAL zscal.c -o zdscal.o
cc -O2 -DMAX_STACK_ALLOC=2048 -Wall -m64 -DF_INTERFACE_GFORT -fPIC -DNO_LAPACK -DNO_LAPACKE -DSMP_SERVER -DNO_WARMUP -DMAX_CPU_NUMBER=4 -DMAX_PARALLEL_NUMBER=1 -DBUILD_SINGLE=1 -DBUILD_DOUBLE=1 -DBUILD_COMPLEX=1 -DBUILD_COMPLEX16=1 -DVERSION=\"0.3.17.dev\" -msse3 -mssse3 -msse4.1 -mavx -mavx2 -mavx2 -UASMNAME -UASMFNAME -UNAME -UCNAME -UCHAR_NAME -UCHAR_CNAME -DASMNAME=zdotc -DASMFNAME=zdotc_ -DNAME=zdotc_ -DCNAME=zdotc -DCHAR_NAME=\"zdotc_\" -DCHAR_CNAME=\"zdotc\" -DNO_AFFINITY -I.. -I. -DDOUBLE  -DCOMPLEX -c -DCONJ zdot.c -o zdotc.o
cc -O2 -DMAX_STACK_ALLOC=2048 -Wall -m64 -DF_INTERFACE_GFORT -fPIC -DNO_LAPACK -DNO_LAPACKE -DSMP_SERVER -DNO_WARMUP -DMAX_CPU_NUMBER=4 -DMAX_PARALLEL_NUMBER=1 -DBUILD_SINGLE=1 -DBUILD_DOUBLE=1 -DBUILD_COMPLEX=1 -DBUILD_COMPLEX16=1 -DVERSION=\"0.3.17.dev\" -msse3 -mssse3 -msse4.1 -mavx -mavx2 -mavx2 -UASMNAME -UASMFNAME -UNAME -UCNAME -UCHAR_NAME -UCHAR_CNAME -DASMNAME=zdotu -DASMFNAME=zdotu_ -DNAME=zdotu_ -DCNAME=zdotu -DCHAR_NAME=\"zdotu_\" -DCHAR_CNAME=\"zdotu\" -DNO_AFFINITY -I.. -I. -DDOUBLE  -DCOMPLEX -c -UCONJ zdot.c -o zdotu.o
cc -O2 -DMAX_STACK_ALLOC=2048 -Wall -m64 -DF_INTERFACE_GFORT -fPIC -DNO_LAPACK -DNO_LAPACKE -DSMP_SERVER -DNO_WARMUP -DMAX_CPU_NUMBER=4 -DMAX_PARALLEL_NUMBER=1 -DBUILD_SINGLE=1 -DBUILD_DOUBLE=1 -DBUILD_COMPLEX=1 -DBUILD_COMPLEX16=1 -DVERSION=\"0.3.17.dev\" -msse3 -mssse3 -msse4.1 -mavx -mavx2 -mavx2 -UASMNAME -UASMFNAME -UNAME -UCNAME -UCHAR_NAME -UCHAR_CNAME -DASMNAME=dzasum -DASMFNAME=dzasum_ -DNAME=dzasum_ -DCNAME=dzasum -DCHAR_NAME=\"dzasum_\" -DCHAR_CNAME=\"dzasum\" -DNO_AFFINITY -I.. -I. -DDOUBLE  -DCOMPLEX -c asum.c -o dzasum.o
cc -O2 -DMAX_STACK_ALLOC=2048 -Wall -m64 -DF_INTERFACE_GFORT -fPIC -DNO_LAPACK -DNO_LAPACKE -DSMP_SERVER -DNO_WARMUP -DMAX_CPU_NUMBER=4 -DMAX_PARALLEL_NUMBER=1 -DBUILD_SINGLE=1 -DBUILD_DOUBLE=1 -DBUILD_COMPLEX=1 -DBUILD_COMPLEX16=1 -DVERSION=\"0.3.17.dev\" -msse3 -mssse3 -msse4.1 -mavx -mavx2 -mavx2 -UASMNAME -UASMFNAME -UNAME -UCNAME -UCHAR_NAME -UCHAR_CNAME -DASMNAME=dzsum -DASMFNAME=dzsum_ -DNAME=dzsum_ -DCNAME=dzsum -DCHAR_NAME=\"dzsum_\" -DCHAR_CNAME=\"dzsum\" -DNO_AFFINITY -I.. -I. -DDOUBLE  -DCOMPLEX -c sum.c -o dzsum.o
cc -O2 -DMAX_STACK_ALLOC=2048 -Wall -m64 -DF_INTERFACE_GFORT -fPIC -DNO_LAPACK -DNO_LAPACKE -DSMP_SERVER -DNO_WARMUP -DMAX_CPU_NUMBER=4 -DMAX_PARALLEL_NUMBER=1 -DBUILD_SINGLE=1 -DBUILD_DOUBLE=1 -DBUILD_COMPLEX=1 -DBUILD_COMPLEX16=1 -DVERSION=\"0.3.17.dev\" -msse3 -mssse3 -msse4.1 -mavx -mavx2 -mavx2 -UASMNAME -UASMFNAME -UNAME -UCNAME -UCHAR_NAME -UCHAR_CNAME -DASMNAME=dznrm2 -DASMFNAME=dznrm2_ -DNAME=dznrm2_ -DCNAME=dznrm2 -DCHAR_NAME=\"dznrm2_\" -DCHAR_CNAME=\"dznrm2\" -DNO_AFFINITY -I.. -I. -DDOUBLE  -DCOMPLEX -c nrm2.c -o dznrm2.o
cc -O2 -DMAX_STACK_ALLOC=2048 -Wall -m64 -DF_INTERFACE_GFORT -fPIC -DNO_LAPACK -DNO_LAPACKE -DSMP_SERVER -DNO_WARMUP -DMAX_CPU_NUMBER=4 -DMAX_PARALLEL_NUMBER=1 -DBUILD_SINGLE=1 -DBUILD_DOUBLE=1 -DBUILD_COMPLEX=1 -DBUILD_COMPLEX16=1 -DVERSION=\"0.3.17.dev\" -msse3 -mssse3 -msse4.1 -mavx -mavx2 -mavx2 -UASMNAME -UASMFNAME -UNAME -UCNAME -UCHAR_NAME -UCHAR_CNAME -DASMNAME=dzamax -DASMFNAME=dzamax_ -DNAME=dzamax_ -DCNAME=dzamax -DCHAR_NAME=\"dzamax_\" -DCHAR_CNAME=\"dzamax\" -DNO_AFFINITY -I.. -I. -DDOUBLE  -DCOMPLEX -c -DUSE_ABS -UUSE_MIN max.c -o dzamax.o
cc -O2 -DMAX_STACK_ALLOC=2048 -Wall -m64 -DF_INTERFACE_GFORT -fPIC -DNO_LAPACK -DNO_LAPACKE -DSMP_SERVER -DNO_WARMUP -DMAX_CPU_NUMBER=4 -DMAX_PARALLEL_NUMBER=1 -DBUILD_SINGLE=1 -DBUILD_DOUBLE=1 -DBUILD_COMPLEX=1 -DBUILD_COMPLEX16=1 -DVERSION=\"0.3.17.dev\" -msse3 -mssse3 -msse4.1 -mavx -mavx2 -mavx2 -UASMNAME -UASMFNAME -UNAME -UCNAME -UCHAR_NAME -UCHAR_CNAME -DASMNAME=izamax -DASMFNAME=izamax_ -DNAME=izamax_ -DCNAME=izamax -DCHAR_NAME=\"izamax_\" -DCHAR_CNAME=\"izamax\" -DNO_AFFINITY -I.. -I. -DDOUBLE  -DCOMPLEX -c -DUSE_ABS -UUSE_MIN imax.c -o izamax.o
cc -O2 -DMAX_STACK_ALLOC=2048 -Wall -m64 -DF_INTERFACE_GFORT -fPIC -DNO_LAPACK -DNO_LAPACKE -DSMP_SERVER -DNO_WARMUP -DMAX_CPU_NUMBER=4 -DMAX_PARALLEL_NUMBER=1 -DBUILD_SINGLE=1 -DBUILD_DOUBLE=1 -DBUILD_COMPLEX=1 -DBUILD_COMPLEX16=1 -DVERSION=\"0.3.17.dev\" -msse3 -mssse3 -msse4.1 -mavx -mavx2 -mavx2 -UASMNAME -UASMFNAME -UNAME -UCNAME -UCHAR_NAME -UCHAR_CNAME -DASMNAME=dzamin -DASMFNAME=dzamin_ -DNAME=dzamin_ -DCNAME=dzamin -DCHAR_NAME=\"dzamin_\" -DCHAR_CNAME=\"dzamin\" -DNO_AFFINITY -I.. -I. -DDOUBLE  -DCOMPLEX -c -DUSE_ABS -DUSE_MIN max.c -o dzamin.o
cc -O2 -DMAX_STACK_ALLOC=2048 -Wall -m64 -DF_INTERFACE_GFORT -fPIC -DNO_LAPACK -DNO_LAPACKE -DSMP_SERVER -DNO_WARMUP -DMAX_CPU_NUMBER=4 -DMAX_PARALLEL_NUMBER=1 -DBUILD_SINGLE=1 -DBUILD_DOUBLE=1 -DBUILD_COMPLEX=1 -DBUILD_COMPLEX16=1 -DVERSION=\"0.3.17.dev\" -msse3 -mssse3 -msse4.1 -mavx -mavx2 -mavx2 -UASMNAME -UASMFNAME -UNAME -UCNAME -UCHAR_NAME -UCHAR_CNAME -DASMNAME=izamin -DASMFNAME=izamin_ -DNAME=izamin_ -DCNAME=izamin -DCHAR_NAME=\"izamin_\" -DCHAR_CNAME=\"izamin\" -DNO_AFFINITY -I.. -I. -DDOUBLE  -DCOMPLEX -c -DUSE_ABS -DUSE_MIN imax.c -o izamin.o
cc -O2 -DMAX_STACK_ALLOC=2048 -Wall -m64 -DF_INTERFACE_GFORT -fPIC -DNO_LAPACK -DNO_LAPACKE -DSMP_SERVER -DNO_WARMUP -DMAX_CPU_NUMBER=4 -DMAX_PARALLEL_NUMBER=1 -DBUILD_SINGLE=1 -DBUILD_DOUBLE=1 -DBUILD_COMPLEX=1 -DBUILD_COMPLEX16=1 -DVERSION=\"0.3.17.dev\" -msse3 -mssse3 -msse4.1 -mavx -mavx2 -mavx2 -UASMNAME -UASMFNAME -UNAME -UCNAME -UCHAR_NAME -UCHAR_CNAME -DASMNAME=zdrot -DASMFNAME=zdrot_ -DNAME=zdrot_ -DCNAME=zdrot -DCHAR_NAME=\"zdrot_\" -DCHAR_CNAME=\"zdrot\" -DNO_AFFINITY -I.. -I. -DDOUBLE  -DCOMPLEX -c zrot.c -o zdrot.o
cc -c -O2 -DMAX_STACK_ALLOC=2048 -Wall -m64 -DF_INTERFACE_GFORT -fPIC -DNO_LAPACK -DNO_LAPACKE -DSMP_SERVER -DNO_WARMUP -DMAX_CPU_NUMBER=4 -DMAX_PARALLEL_NUMBER=1 -DBUILD_SINGLE=1 -DBUILD_DOUBLE=1 -DBUILD_COMPLEX=1 -DBUILD_COMPLEX16=1 -DVERSION=\"0.3.17.dev\" -msse3 -mssse3 -msse4.1 -mavx -mavx2 -mavx2 -UASMNAME -UASMFNAME -UNAME -UCNAME -UCHAR_NAME -UCHAR_CNAME -DASMNAME=zrotg -DASMFNAME=zrotg_ -DNAME=zrotg_ -DCNAME=zrotg -DCHAR_NAME=\"zrotg_\" -DCHAR_CNAME=\"zrotg\" -DNO_AFFINITY -I.. -I. -DDOUBLE  -DCOMPLEX zrotg.c -o zrotg.o
cc -O2 -DMAX_STACK_ALLOC=2048 -Wall -m64 -DF_INTERFACE_GFORT -fPIC -DNO_LAPACK -DNO_LAPACKE -DSMP_SERVER -DNO_WARMUP -DMAX_CPU_NUMBER=4 -DMAX_PARALLEL_NUMBER=1 -DBUILD_SINGLE=1 -DBUILD_DOUBLE=1 -DBUILD_COMPLEX=1 -DBUILD_COMPLEX16=1 -DVERSION=\"0.3.17.dev\" -msse3 -mssse3 -msse4.1 -mavx -mavx2 -mavx2 -UASMNAME -UASMFNAME -UNAME -UCNAME -UCHAR_NAME -UCHAR_CNAME -DASMNAME=zaxpby -DASMFNAME=zaxpby_ -DNAME=zaxpby_ -DCNAME=zaxpby -DCHAR_NAME=\"zaxpby_\" -DCHAR_CNAME=\"zaxpby\" -DNO_AFFINITY -I.. -I. -DDOUBLE  -DCOMPLEX -c zaxpby.c -o zaxpby.o
cc -O2 -DMAX_STACK_ALLOC=2048 -Wall -m64 -DF_INTERFACE_GFORT -fPIC -DNO_LAPACK -DNO_LAPACKE -DSMP_SERVER -DNO_WARMUP -DMAX_CPU_NUMBER=4 -DMAX_PARALLEL_NUMBER=1 -DBUILD_SINGLE=1 -DBUILD_DOUBLE=1 -DBUILD_COMPLEX=1 -DBUILD_COMPLEX16=1 -DVERSION=\"0.3.17.dev\" -msse3 -mssse3 -msse4.1 -mavx -mavx2 -mavx2 -UASMNAME -UASMFNAME -UNAME -UCNAME -UCHAR_NAME -UCHAR_CNAME -DASMNAME=cblas_izamax -DASMFNAME=cblas_izamax_ -DNAME=cblas_izamax_ -DCNAME=cblas_izamax -DCHAR_NAME=\"cblas_izamax_\" -DCHAR_CNAME=\"cblas_izamax\" -DNO_AFFINITY -I.. -I. -DDOUBLE  -DCOMPLEX -DCBLAS -c -DUSE_ABS -UUSE_MIN imax.c -o cblas_izamax.o
cc -O2 -DMAX_STACK_ALLOC=2048 -Wall -m64 -DF_INTERFACE_GFORT -fPIC -DNO_LAPACK -DNO_LAPACKE -DSMP_SERVER -DNO_WARMUP -DMAX_CPU_NUMBER=4 -DMAX_PARALLEL_NUMBER=1 -DBUILD_SINGLE=1 -DBUILD_DOUBLE=1 -DBUILD_COMPLEX=1 -DBUILD_COMPLEX16=1 -DVERSION=\"0.3.17.dev\" -msse3 -mssse3 -msse4.1 -mavx -mavx2 -mavx2 -UASMNAME -UASMFNAME -UNAME -UCNAME -UCHAR_NAME -UCHAR_CNAME -DASMNAME=cblas_izamin -DASMFNAME=cblas_izamin_ -DNAME=cblas_izamin_ -DCNAME=cblas_izamin -DCHAR_NAME=\"cblas_izamin_\" -DCHAR_CNAME=\"cblas_izamin\" -DNO_AFFINITY -I.. -I. -DDOUBLE  -DCOMPLEX -DCBLAS -c -DUSE_ABS -DUSE_MIN imax.c -o cblas_izamin.o
cc -O2 -DMAX_STACK_ALLOC=2048 -Wall -m64 -DF_INTERFACE_GFORT -fPIC -DNO_LAPACK -DNO_LAPACKE -DSMP_SERVER -DNO_WARMUP -DMAX_CPU_NUMBER=4 -DMAX_PARALLEL_NUMBER=1 -DBUILD_SINGLE=1 -DBUILD_DOUBLE=1 -DBUILD_COMPLEX=1 -DBUILD_COMPLEX16=1 -DVERSION=\"0.3.17.dev\" -msse3 -mssse3 -msse4.1 -mavx -mavx2 -mavx2 -UASMNAME -UASMFNAME -UNAME -UCNAME -UCHAR_NAME -UCHAR_CNAME -DASMNAME=cblas_dzasum -DASMFNAME=cblas_dzasum_ -DNAME=cblas_dzasum_ -DCNAME=cblas_dzasum -DCHAR_NAME=\"cblas_dzasum_\" -DCHAR_CNAME=\"cblas_dzasum\" -DNO_AFFINITY -I.. -I. -DDOUBLE  -DCOMPLEX -DCBLAS -c asum.c -o cblas_dzasum.o
cc -O2 -DMAX_STACK_ALLOC=2048 -Wall -m64 -DF_INTERFACE_GFORT -fPIC -DNO_LAPACK -DNO_LAPACKE -DSMP_SERVER -DNO_WARMUP -DMAX_CPU_NUMBER=4 -DMAX_PARALLEL_NUMBER=1 -DBUILD_SINGLE=1 -DBUILD_DOUBLE=1 -DBUILD_COMPLEX=1 -DBUILD_COMPLEX16=1 -DVERSION=\"0.3.17.dev\" -msse3 -mssse3 -msse4.1 -mavx -mavx2 -mavx2 -UASMNAME -UASMFNAME -UNAME -UCNAME -UCHAR_NAME -UCHAR_CNAME -DASMNAME=cblas_zaxpy -DASMFNAME=cblas_zaxpy_ -DNAME=cblas_zaxpy_ -DCNAME=cblas_zaxpy -DCHAR_NAME=\"cblas_zaxpy_\" -DCHAR_CNAME=\"cblas_zaxpy\" -DNO_AFFINITY -I.. -I. -DDOUBLE  -DCOMPLEX -DCBLAS -c zaxpy.c -o cblas_zaxpy.o
cc -O2 -DMAX_STACK_ALLOC=2048 -Wall -m64 -DF_INTERFACE_GFORT -fPIC -DNO_LAPACK -DNO_LAPACKE -DSMP_SERVER -DNO_WARMUP -DMAX_CPU_NUMBER=4 -DMAX_PARALLEL_NUMBER=1 -DBUILD_SINGLE=1 -DBUILD_DOUBLE=1 -DBUILD_COMPLEX=1 -DBUILD_COMPLEX16=1 -DVERSION=\"0.3.17.dev\" -msse3 -mssse3 -msse4.1 -mavx -mavx2 -mavx2 -UASMNAME -UASMFNAME -UNAME -UCNAME -UCHAR_NAME -UCHAR_CNAME -DASMNAME=cblas_zcopy -DASMFNAME=cblas_zcopy_ -DNAME=cblas_zcopy_ -DCNAME=cblas_zcopy -DCHAR_NAME=\"cblas_zcopy_\" -DCHAR_CNAME=\"cblas_zcopy\" -DNO_AFFINITY -I.. -I. -DDOUBLE  -DCOMPLEX -DCBLAS -c copy.c -o cblas_zcopy.o
cc -O2 -DMAX_STACK_ALLOC=2048 -Wall -m64 -DF_INTERFACE_GFORT -fPIC -DNO_LAPACK -DNO_LAPACKE -DSMP_SERVER -DNO_WARMUP -DMAX_CPU_NUMBER=4 -DMAX_PARALLEL_NUMBER=1 -DBUILD_SINGLE=1 -DBUILD_DOUBLE=1 -DBUILD_COMPLEX=1 -DBUILD_COMPLEX16=1 -DVERSION=\"0.3.17.dev\" -msse3 -mssse3 -msse4.1 -mavx -mavx2 -mavx2 -UASMNAME -UASMFNAME -UNAME -UCNAME -UCHAR_NAME -UCHAR_CNAME -DASMNAME=cblas_zdotc -DASMFNAME=cblas_zdotc_ -DNAME=cblas_zdotc_ -DCNAME=cblas_zdotc -DCHAR_NAME=\"cblas_zdotc_\" -DCHAR_CNAME=\"cblas_zdotc\" -DNO_AFFINITY -I.. -I. -DDOUBLE  -DCOMPLEX -DCBLAS -c -DCONJ zdot.c -o cblas_zdotc.o
cc -O2 -DMAX_STACK_ALLOC=2048 -Wall -m64 -DF_INTERFACE_GFORT -fPIC -DNO_LAPACK -DNO_LAPACKE -DSMP_SERVER -DNO_WARMUP -DMAX_CPU_NUMBER=4 -DMAX_PARALLEL_NUMBER=1 -DBUILD_SINGLE=1 -DBUILD_DOUBLE=1 -DBUILD_COMPLEX=1 -DBUILD_COMPLEX16=1 -DVERSION=\"0.3.17.dev\" -msse3 -mssse3 -msse4.1 -mavx -mavx2 -mavx2 -UASMNAME -UASMFNAME -UNAME -UCNAME -UCHAR_NAME -UCHAR_CNAME -DASMNAME=cblas_zdotu -DASMFNAME=cblas_zdotu_ -DNAME=cblas_zdotu_ -DCNAME=cblas_zdotu -DCHAR_NAME=\"cblas_zdotu_\" -DCHAR_CNAME=\"cblas_zdotu\" -DNO_AFFINITY -I.. -I. -DDOUBLE  -DCOMPLEX -DCBLAS -c -UCONJ zdot.c -o cblas_zdotu.o
cc -O2 -DMAX_STACK_ALLOC=2048 -Wall -m64 -DF_INTERFACE_GFORT -fPIC -DNO_LAPACK -DNO_LAPACKE -DSMP_SERVER -DNO_WARMUP -DMAX_CPU_NUMBER=4 -DMAX_PARALLEL_NUMBER=1 -DBUILD_SINGLE=1 -DBUILD_DOUBLE=1 -DBUILD_COMPLEX=1 -DBUILD_COMPLEX16=1 -DVERSION=\"0.3.17.dev\" -msse3 -mssse3 -msse4.1 -mavx -mavx2 -mavx2 -UASMNAME -UASMFNAME -UNAME -UCNAME -UCHAR_NAME -UCHAR_CNAME -DASMNAME=cblas_zdotc_sub -DASMFNAME=cblas_zdotc_sub_ -DNAME=cblas_zdotc_sub_ -DCNAME=cblas_zdotc_sub -DCHAR_NAME=\"cblas_zdotc_sub_\" -DCHAR_CNAME=\"cblas_zdotc_sub\" -DNO_AFFINITY -I.. -I. -DDOUBLE  -DCOMPLEX -DCBLAS -DFORCE_USE_STACK -c -DCONJ zdot.c -o cblas_zdotc_sub.o
cc -O2 -DMAX_STACK_ALLOC=2048 -Wall -m64 -DF_INTERFACE_GFORT -fPIC -DNO_LAPACK -DNO_LAPACKE -DSMP_SERVER -DNO_WARMUP -DMAX_CPU_NUMBER=4 -DMAX_PARALLEL_NUMBER=1 -DBUILD_SINGLE=1 -DBUILD_DOUBLE=1 -DBUILD_COMPLEX=1 -DBUILD_COMPLEX16=1 -DVERSION=\"0.3.17.dev\" -msse3 -mssse3 -msse4.1 -mavx -mavx2 -mavx2 -UASMNAME -UASMFNAME -UNAME -UCNAME -UCHAR_NAME -UCHAR_CNAME -DASMNAME=cblas_zdotu_sub -DASMFNAME=cblas_zdotu_sub_ -DNAME=cblas_zdotu_sub_ -DCNAME=cblas_zdotu_sub -DCHAR_NAME=\"cblas_zdotu_sub_\" -DCHAR_CNAME=\"cblas_zdotu_sub\" -DNO_AFFINITY -I.. -I. -DDOUBLE  -DCOMPLEX -DCBLAS -DFORCE_USE_STACK -c -UCONJ zdot.c -o cblas_zdotu_sub.o
cc -O2 -DMAX_STACK_ALLOC=2048 -Wall -m64 -DF_INTERFACE_GFORT -fPIC -DNO_LAPACK -DNO_LAPACKE -DSMP_SERVER -DNO_WARMUP -DMAX_CPU_NUMBER=4 -DMAX_PARALLEL_NUMBER=1 -DBUILD_SINGLE=1 -DBUILD_DOUBLE=1 -DBUILD_COMPLEX=1 -DBUILD_COMPLEX16=1 -DVERSION=\"0.3.17.dev\" -msse3 -mssse3 -msse4.1 -mavx -mavx2 -mavx2 -UASMNAME -UASMFNAME -UNAME -UCNAME -UCHAR_NAME -UCHAR_CNAME -DASMNAME=cblas_zscal -DASMFNAME=cblas_zscal_ -DNAME=cblas_zscal_ -DCNAME=cblas_zscal -DCHAR_NAME=\"cblas_zscal_\" -DCHAR_CNAME=\"cblas_zscal\" -DNO_AFFINITY -I.. -I. -DDOUBLE  -DCOMPLEX -DCBLAS -c zscal.c -o cblas_zscal.o
cc -O2 -DMAX_STACK_ALLOC=2048 -Wall -m64 -DF_INTERFACE_GFORT -fPIC -DNO_LAPACK -DNO_LAPACKE -DSMP_SERVER -DNO_WARMUP -DMAX_CPU_NUMBER=4 -DMAX_PARALLEL_NUMBER=1 -DBUILD_SINGLE=1 -DBUILD_DOUBLE=1 -DBUILD_COMPLEX=1 -DBUILD_COMPLEX16=1 -DVERSION=\"0.3.17.dev\" -msse3 -mssse3 -msse4.1 -mavx -mavx2 -mavx2 -UASMNAME -UASMFNAME -UNAME -UCNAME -UCHAR_NAME -UCHAR_CNAME -DASMNAME=cblas_zdscal -DASMFNAME=cblas_zdscal_ -DNAME=cblas_zdscal_ -DCNAME=cblas_zdscal -DCHAR_NAME=\"cblas_zdscal_\" -DCHAR_CNAME=\"cblas_zdscal\" -DNO_AFFINITY -I.. -I. -DDOUBLE  -DCOMPLEX -DCBLAS -c -DSSCAL zscal.c -o cblas_zdscal.o
cc -O2 -DMAX_STACK_ALLOC=2048 -Wall -m64 -DF_INTERFACE_GFORT -fPIC -DNO_LAPACK -DNO_LAPACKE -DSMP_SERVER -DNO_WARMUP -DMAX_CPU_NUMBER=4 -DMAX_PARALLEL_NUMBER=1 -DBUILD_SINGLE=1 -DBUILD_DOUBLE=1 -DBUILD_COMPLEX=1 -DBUILD_COMPLEX16=1 -DVERSION=\"0.3.17.dev\" -msse3 -mssse3 -msse4.1 -mavx -mavx2 -mavx2 -UASMNAME -UASMFNAME -UNAME -UCNAME -UCHAR_NAME -UCHAR_CNAME -DASMNAME=cblas_zswap -DASMFNAME=cblas_zswap_ -DNAME=cblas_zswap_ -DCNAME=cblas_zswap -DCHAR_NAME=\"cblas_zswap_\" -DCHAR_CNAME=\"cblas_zswap\" -DNO_AFFINITY -I.. -I. -DDOUBLE  -DCOMPLEX -DCBLAS -c zswap.c -o cblas_zswap.o
cc -O2 -DMAX_STACK_ALLOC=2048 -Wall -m64 -DF_INTERFACE_GFORT -fPIC -DNO_LAPACK -DNO_LAPACKE -DSMP_SERVER -DNO_WARMUP -DMAX_CPU_NUMBER=4 -DMAX_PARALLEL_NUMBER=1 -DBUILD_SINGLE=1 -DBUILD_DOUBLE=1 -DBUILD_COMPLEX=1 -DBUILD_COMPLEX16=1 -DVERSION=\"0.3.17.dev\" -msse3 -mssse3 -msse4.1 -mavx -mavx2 -mavx2 -UASMNAME -UASMFNAME -UNAME -UCNAME -UCHAR_NAME -UCHAR_CNAME -DASMNAME=cblas_dznrm2 -DASMFNAME=cblas_dznrm2_ -DNAME=cblas_dznrm2_ -DCNAME=cblas_dznrm2 -DCHAR_NAME=\"cblas_dznrm2_\" -DCHAR_CNAME=\"cblas_dznrm2\" -DNO_AFFINITY -I.. -I. -DDOUBLE  -DCOMPLEX -DCBLAS -c nrm2.c -o cblas_dznrm2.o
cc -O2 -DMAX_STACK_ALLOC=2048 -Wall -m64 -DF_INTERFACE_GFORT -fPIC -DNO_LAPACK -DNO_LAPACKE -DSMP_SERVER -DNO_WARMUP -DMAX_CPU_NUMBER=4 -DMAX_PARALLEL_NUMBER=1 -DBUILD_SINGLE=1 -DBUILD_DOUBLE=1 -DBUILD_COMPLEX=1 -DBUILD_COMPLEX16=1 -DVERSION=\"0.3.17.dev\" -msse3 -mssse3 -msse4.1 -mavx -mavx2 -mavx2 -UASMNAME -UASMFNAME -UNAME -UCNAME -UCHAR_NAME -UCHAR_CNAME -DASMNAME=cblas_zaxpby -DASMFNAME=cblas_zaxpby_ -DNAME=cblas_zaxpby_ -DCNAME=cblas_zaxpby -DCHAR_NAME=\"cblas_zaxpby_\" -DCHAR_CNAME=\"cblas_zaxpby\" -DNO_AFFINITY -I.. -I. -DDOUBLE  -DCOMPLEX -DCBLAS -c zaxpby.c -o cblas_zaxpby.o
cc -O2 -DMAX_STACK_ALLOC=2048 -Wall -m64 -DF_INTERFACE_GFORT -fPIC -DNO_LAPACK -DNO_LAPACKE -DSMP_SERVER -DNO_WARMUP -DMAX_CPU_NUMBER=4 -DMAX_PARALLEL_NUMBER=1 -DBUILD_SINGLE=1 -DBUILD_DOUBLE=1 -DBUILD_COMPLEX=1 -DBUILD_COMPLEX16=1 -DVERSION=\"0.3.17.dev\" -msse3 -mssse3 -msse4.1 -mavx -mavx2 -mavx2 -UASMNAME -UASMFNAME -UNAME -UCNAME -UCHAR_NAME -UCHAR_CNAME -DASMNAME=cblas_izmin -DASMFNAME=cblas_izmin_ -DNAME=cblas_izmin_ -DCNAME=cblas_izmin -DCHAR_NAME=\"cblas_izmin_\" -DCHAR_CNAME=\"cblas_izmin\" -DNO_AFFINITY -I.. -I. -DDOUBLE  -DCOMPLEX -DCBLAS -c -UUSE_ABS -DUSE_MIN imax.c -o cblas_izmin.o
cc -O2 -DMAX_STACK_ALLOC=2048 -Wall -m64 -DF_INTERFACE_GFORT -fPIC -DNO_LAPACK -DNO_LAPACKE -DSMP_SERVER -DNO_WARMUP -DMAX_CPU_NUMBER=4 -DMAX_PARALLEL_NUMBER=1 -DBUILD_SINGLE=1 -DBUILD_DOUBLE=1 -DBUILD_COMPLEX=1 -DBUILD_COMPLEX16=1 -DVERSION=\"0.3.17.dev\" -msse3 -mssse3 -msse4.1 -mavx -mavx2 -mavx2 -UASMNAME -UASMFNAME -UNAME -UCNAME -UCHAR_NAME -UCHAR_CNAME -DASMNAME=cblas_izmax -DASMFNAME=cblas_izmax_ -DNAME=cblas_izmax_ -DCNAME=cblas_izmax -DCHAR_NAME=\"cblas_izmax_\" -DCHAR_CNAME=\"cblas_izmax\" -DNO_AFFINITY -I.. -I. -DDOUBLE  -DCOMPLEX -DCBLAS -c -UUSE_ABS -UUSE_MIN imax.c -o cblas_izmax.o
cc -O2 -DMAX_STACK_ALLOC=2048 -Wall -m64 -DF_INTERFACE_GFORT -fPIC -DNO_LAPACK -DNO_LAPACKE -DSMP_SERVER -DNO_WARMUP -DMAX_CPU_NUMBER=4 -DMAX_PARALLEL_NUMBER=1 -DBUILD_SINGLE=1 -DBUILD_DOUBLE=1 -DBUILD_COMPLEX=1 -DBUILD_COMPLEX16=1 -DVERSION=\"0.3.17.dev\" -msse3 -mssse3 -msse4.1 -mavx -mavx2 -mavx2 -UASMNAME -UASMFNAME -UNAME -UCNAME -UCHAR_NAME -UCHAR_CNAME -DASMNAME=cblas_dzsum -DASMFNAME=cblas_dzsum_ -DNAME=cblas_dzsum_ -DCNAME=cblas_dzsum -DCHAR_NAME=\"cblas_dzsum_\" -DCHAR_CNAME=\"cblas_dzsum\" -DNO_AFFINITY -I.. -I. -DDOUBLE  -DCOMPLEX -DCBLAS -c sum.c -o cblas_dzsum.o
cc -O2 -DMAX_STACK_ALLOC=2048 -Wall -m64 -DF_INTERFACE_GFORT -fPIC -DNO_LAPACK -DNO_LAPACKE -DSMP_SERVER -DNO_WARMUP -DMAX_CPU_NUMBER=4 -DMAX_PARALLEL_NUMBER=1 -DBUILD_SINGLE=1 -DBUILD_DOUBLE=1 -DBUILD_COMPLEX=1 -DBUILD_COMPLEX16=1 -DVERSION=\"0.3.17.dev\" -msse3 -mssse3 -msse4.1 -mavx -mavx2 -mavx2 -UASMNAME -UASMFNAME -UNAME -UCNAME -UCHAR_NAME -UCHAR_CNAME -DASMNAME=cblas_zdrot -DASMFNAME=cblas_zdrot_ -DNAME=cblas_zdrot_ -DCNAME=cblas_zdrot -DCHAR_NAME=\"cblas_zdrot_\" -DCHAR_CNAME=\"cblas_zdrot\" -DNO_AFFINITY -I.. -I. -DDOUBLE  -DCOMPLEX -DCBLAS -c zrot.c -o cblas_zdrot.o
cc -c -O2 -DMAX_STACK_ALLOC=2048 -Wall -m64 -DF_INTERFACE_GFORT -fPIC -DNO_LAPACK -DNO_LAPACKE -DSMP_SERVER -DNO_WARMUP -DMAX_CPU_NUMBER=4 -DMAX_PARALLEL_NUMBER=1 -DBUILD_SINGLE=1 -DBUILD_DOUBLE=1 -DBUILD_COMPLEX=1 -DBUILD_COMPLEX16=1 -DVERSION=\"0.3.17.dev\" -msse3 -mssse3 -msse4.1 -mavx -mavx2 -mavx2 -UASMNAME -UASMFNAME -UNAME -UCNAME -UCHAR_NAME -UCHAR_CNAME -DASMNAME=cblas_zrotg -DASMFNAME=cblas_zrotg_ -DNAME=cblas_zrotg_ -DCNAME=cblas_zrotg -DCHAR_NAME=\"cblas_zrotg_\" -DCHAR_CNAME=\"cblas_zrotg\" -DNO_AFFINITY -I.. -I. -DDOUBLE  -DCOMPLEX -DCBLAS zrotg.c -o cblas_zrotg.o
cc -c -O2 -DMAX_STACK_ALLOC=2048 -Wall -m64 -DF_INTERFACE_GFORT -fPIC -DNO_LAPACK -DNO_LAPACKE -DSMP_SERVER -DNO_WARMUP -DMAX_CPU_NUMBER=4 -DMAX_PARALLEL_NUMBER=1 -DBUILD_SINGLE=1 -DBUILD_DOUBLE=1 -DBUILD_COMPLEX=1 -DBUILD_COMPLEX16=1 -DVERSION=\"0.3.17.dev\" -msse3 -mssse3 -msse4.1 -mavx -mavx2 -mavx2 -UASMNAME -UASMFNAME -UNAME -UCNAME -UCHAR_NAME -UCHAR_CNAME -DASMNAME=zgemv -DASMFNAME=zgemv_ -DNAME=zgemv_ -DCNAME=zgemv -DCHAR_NAME=\"zgemv_\" -DCHAR_CNAME=\"zgemv\" -DNO_AFFINITY -I.. -I. -DDOUBLE  -DCOMPLEX -o zgemv.o zgemv.c
cc -c -O2 -DMAX_STACK_ALLOC=2048 -Wall -m64 -DF_INTERFACE_GFORT -fPIC -DNO_LAPACK -DNO_LAPACKE -DSMP_SERVER -DNO_WARMUP -DMAX_CPU_NUMBER=4 -DMAX_PARALLEL_NUMBER=1 -DBUILD_SINGLE=1 -DBUILD_DOUBLE=1 -DBUILD_COMPLEX=1 -DBUILD_COMPLEX16=1 -DVERSION=\"0.3.17.dev\" -msse3 -mssse3 -msse4.1 -mavx -mavx2 -mavx2 -UASMNAME -UASMFNAME -UNAME -UCNAME -UCHAR_NAME -UCHAR_CNAME -DASMNAME=zgeru -DASMFNAME=zgeru_ -DNAME=zgeru_ -DCNAME=zgeru -DCHAR_NAME=\"zgeru_\" -DCHAR_CNAME=\"zgeru\" -DNO_AFFINITY -I.. -I. -DDOUBLE  -DCOMPLEX -UCONJ zger.c -o zgeru.o
cc -c -O2 -DMAX_STACK_ALLOC=2048 -Wall -m64 -DF_INTERFACE_GFORT -fPIC -DNO_LAPACK -DNO_LAPACKE -DSMP_SERVER -DNO_WARMUP -DMAX_CPU_NUMBER=4 -DMAX_PARALLEL_NUMBER=1 -DBUILD_SINGLE=1 -DBUILD_DOUBLE=1 -DBUILD_COMPLEX=1 -DBUILD_COMPLEX16=1 -DVERSION=\"0.3.17.dev\" -msse3 -mssse3 -msse4.1 -mavx -mavx2 -mavx2 -UASMNAME -UASMFNAME -UNAME -UCNAME -UCHAR_NAME -UCHAR_CNAME -DASMNAME=zgerc -DASMFNAME=zgerc_ -DNAME=zgerc_ -DCNAME=zgerc -DCHAR_NAME=\"zgerc_\" -DCHAR_CNAME=\"zgerc\" -DNO_AFFINITY -I.. -I. -DDOUBLE  -DCOMPLEX -DCONJ zger.c -o zgerc.o
cc -c -O2 -DMAX_STACK_ALLOC=2048 -Wall -m64 -DF_INTERFACE_GFORT -fPIC -DNO_LAPACK -DNO_LAPACKE -DSMP_SERVER -DNO_WARMUP -DMAX_CPU_NUMBER=4 -DMAX_PARALLEL_NUMBER=1 -DBUILD_SINGLE=1 -DBUILD_DOUBLE=1 -DBUILD_COMPLEX=1 -DBUILD_COMPLEX16=1 -DVERSION=\"0.3.17.dev\" -msse3 -mssse3 -msse4.1 -mavx -mavx2 -mavx2 -UASMNAME -UASMFNAME -UNAME -UCNAME -UCHAR_NAME -UCHAR_CNAME -DASMNAME=ztrsv -DASMFNAME=ztrsv_ -DNAME=ztrsv_ -DCNAME=ztrsv -DCHAR_NAME=\"ztrsv_\" -DCHAR_CNAME=\"ztrsv\" -DNO_AFFINITY -I.. -I. -DDOUBLE  -DCOMPLEX ztrsv.c -o ztrsv.o
cc -c -O2 -DMAX_STACK_ALLOC=2048 -Wall -m64 -DF_INTERFACE_GFORT -fPIC -DNO_LAPACK -DNO_LAPACKE -DSMP_SERVER -DNO_WARMUP -DMAX_CPU_NUMBER=4 -DMAX_PARALLEL_NUMBER=1 -DBUILD_SINGLE=1 -DBUILD_DOUBLE=1 -DBUILD_COMPLEX=1 -DBUILD_COMPLEX16=1 -DVERSION=\"0.3.17.dev\" -msse3 -mssse3 -msse4.1 -mavx -mavx2 -mavx2 -UASMNAME -UASMFNAME -UNAME -UCNAME -UCHAR_NAME -UCHAR_CNAME -DASMNAME=ztrmv -DASMFNAME=ztrmv_ -DNAME=ztrmv_ -DCNAME=ztrmv -DCHAR_NAME=\"ztrmv_\" -DCHAR_CNAME=\"ztrmv\" -DNO_AFFINITY -I.. -I. -DDOUBLE  -DCOMPLEX ztrmv.c -o ztrmv.o
cc -c -O2 -DMAX_STACK_ALLOC=2048 -Wall -m64 -DF_INTERFACE_GFORT -fPIC -DNO_LAPACK -DNO_LAPACKE -DSMP_SERVER -DNO_WARMUP -DMAX_CPU_NUMBER=4 -DMAX_PARALLEL_NUMBER=1 -DBUILD_SINGLE=1 -DBUILD_DOUBLE=1 -DBUILD_COMPLEX=1 -DBUILD_COMPLEX16=1 -DVERSION=\"0.3.17.dev\" -msse3 -mssse3 -msse4.1 -mavx -mavx2 -mavx2 -UASMNAME -UASMFNAME -UNAME -UCNAME -UCHAR_NAME -UCHAR_CNAME -DASMNAME=zsyr2 -DASMFNAME=zsyr2_ -DNAME=zsyr2_ -DCNAME=zsyr2 -DCHAR_NAME=\"zsyr2_\" -DCHAR_CNAME=\"zsyr2\" -DNO_AFFINITY -I.. -I. -DDOUBLE  -DCOMPLEX zsyr2.c -o zsyr2.o
cc -c -O2 -DMAX_STACK_ALLOC=2048 -Wall -m64 -DF_INTERFACE_GFORT -fPIC -DNO_LAPACK -DNO_LAPACKE -DSMP_SERVER -DNO_WARMUP -DMAX_CPU_NUMBER=4 -DMAX_PARALLEL_NUMBER=1 -DBUILD_SINGLE=1 -DBUILD_DOUBLE=1 -DBUILD_COMPLEX=1 -DBUILD_COMPLEX16=1 -DVERSION=\"0.3.17.dev\" -msse3 -mssse3 -msse4.1 -mavx -mavx2 -mavx2 -UASMNAME -UASMFNAME -UNAME -UCNAME -UCHAR_NAME -UCHAR_CNAME -DASMNAME=zgbmv -DASMFNAME=zgbmv_ -DNAME=zgbmv_ -DCNAME=zgbmv -DCHAR_NAME=\"zgbmv_\" -DCHAR_CNAME=\"zgbmv\" -DNO_AFFINITY -I.. -I. -DDOUBLE  -DCOMPLEX -o zgbmv.o zgbmv.c
cc -c -O2 -DMAX_STACK_ALLOC=2048 -Wall -m64 -DF_INTERFACE_GFORT -fPIC -DNO_LAPACK -DNO_LAPACKE -DSMP_SERVER -DNO_WARMUP -DMAX_CPU_NUMBER=4 -DMAX_PARALLEL_NUMBER=1 -DBUILD_SINGLE=1 -DBUILD_DOUBLE=1 -DBUILD_COMPLEX=1 -DBUILD_COMPLEX16=1 -DVERSION=\"0.3.17.dev\" -msse3 -mssse3 -msse4.1 -mavx -mavx2 -mavx2 -UASMNAME -UASMFNAME -UNAME -UCNAME -UCHAR_NAME -UCHAR_CNAME -DASMNAME=zsbmv -DASMFNAME=zsbmv_ -DNAME=zsbmv_ -DCNAME=zsbmv -DCHAR_NAME=\"zsbmv_\" -DCHAR_CNAME=\"zsbmv\" -DNO_AFFINITY -I.. -I. -DDOUBLE  -DCOMPLEX zsbmv.c -o zsbmv.o
cc -c -O2 -DMAX_STACK_ALLOC=2048 -Wall -m64 -DF_INTERFACE_GFORT -fPIC -DNO_LAPACK -DNO_LAPACKE -DSMP_SERVER -DNO_WARMUP -DMAX_CPU_NUMBER=4 -DMAX_PARALLEL_NUMBER=1 -DBUILD_SINGLE=1 -DBUILD_DOUBLE=1 -DBUILD_COMPLEX=1 -DBUILD_COMPLEX16=1 -DVERSION=\"0.3.17.dev\" -msse3 -mssse3 -msse4.1 -mavx -mavx2 -mavx2 -UASMNAME -UASMFNAME -UNAME -UCNAME -UCHAR_NAME -UCHAR_CNAME -DASMNAME=zspr2 -DASMFNAME=zspr2_ -DNAME=zspr2_ -DCNAME=zspr2 -DCHAR_NAME=\"zspr2_\" -DCHAR_CNAME=\"zspr2\" -DNO_AFFINITY -I.. -I. -DDOUBLE  -DCOMPLEX zspr2.c -o zspr2.o
cc -c -O2 -DMAX_STACK_ALLOC=2048 -Wall -m64 -DF_INTERFACE_GFORT -fPIC -DNO_LAPACK -DNO_LAPACKE -DSMP_SERVER -DNO_WARMUP -DMAX_CPU_NUMBER=4 -DMAX_PARALLEL_NUMBER=1 -DBUILD_SINGLE=1 -DBUILD_DOUBLE=1 -DBUILD_COMPLEX=1 -DBUILD_COMPLEX16=1 -DVERSION=\"0.3.17.dev\" -msse3 -mssse3 -msse4.1 -mavx -mavx2 -mavx2 -UASMNAME -UASMFNAME -UNAME -UCNAME -UCHAR_NAME -UCHAR_CNAME -DASMNAME=ztbsv -DASMFNAME=ztbsv_ -DNAME=ztbsv_ -DCNAME=ztbsv -DCHAR_NAME=\"ztbsv_\" -DCHAR_CNAME=\"ztbsv\" -DNO_AFFINITY -I.. -I. -DDOUBLE  -DCOMPLEX ztbsv.c -o ztbsv.o
cc -c -O2 -DMAX_STACK_ALLOC=2048 -Wall -m64 -DF_INTERFACE_GFORT -fPIC -DNO_LAPACK -DNO_LAPACKE -DSMP_SERVER -DNO_WARMUP -DMAX_CPU_NUMBER=4 -DMAX_PARALLEL_NUMBER=1 -DBUILD_SINGLE=1 -DBUILD_DOUBLE=1 -DBUILD_COMPLEX=1 -DBUILD_COMPLEX16=1 -DVERSION=\"0.3.17.dev\" -msse3 -mssse3 -msse4.1 -mavx -mavx2 -mavx2 -UASMNAME -UASMFNAME -UNAME -UCNAME -UCHAR_NAME -UCHAR_CNAME -DASMNAME=ztbmv -DASMFNAME=ztbmv_ -DNAME=ztbmv_ -DCNAME=ztbmv -DCHAR_NAME=\"ztbmv_\" -DCHAR_CNAME=\"ztbmv\" -DNO_AFFINITY -I.. -I. -DDOUBLE  -DCOMPLEX ztbmv.c -o ztbmv.o
cc -c -O2 -DMAX_STACK_ALLOC=2048 -Wall -m64 -DF_INTERFACE_GFORT -fPIC -DNO_LAPACK -DNO_LAPACKE -DSMP_SERVER -DNO_WARMUP -DMAX_CPU_NUMBER=4 -DMAX_PARALLEL_NUMBER=1 -DBUILD_SINGLE=1 -DBUILD_DOUBLE=1 -DBUILD_COMPLEX=1 -DBUILD_COMPLEX16=1 -DVERSION=\"0.3.17.dev\" -msse3 -mssse3 -msse4.1 -mavx -mavx2 -mavx2 -UASMNAME -UASMFNAME -UNAME -UCNAME -UCHAR_NAME -UCHAR_CNAME -DASMNAME=ztpsv -DASMFNAME=ztpsv_ -DNAME=ztpsv_ -DCNAME=ztpsv -DCHAR_NAME=\"ztpsv_\" -DCHAR_CNAME=\"ztpsv\" -DNO_AFFINITY -I.. -I. -DDOUBLE  -DCOMPLEX ztpsv.c -o ztpsv.o
cc -c -O2 -DMAX_STACK_ALLOC=2048 -Wall -m64 -DF_INTERFACE_GFORT -fPIC -DNO_LAPACK -DNO_LAPACKE -DSMP_SERVER -DNO_WARMUP -DMAX_CPU_NUMBER=4 -DMAX_PARALLEL_NUMBER=1 -DBUILD_SINGLE=1 -DBUILD_DOUBLE=1 -DBUILD_COMPLEX=1 -DBUILD_COMPLEX16=1 -DVERSION=\"0.3.17.dev\" -msse3 -mssse3 -msse4.1 -mavx -mavx2 -mavx2 -UASMNAME -UASMFNAME -UNAME -UCNAME -UCHAR_NAME -UCHAR_CNAME -DASMNAME=ztpmv -DASMFNAME=ztpmv_ -DNAME=ztpmv_ -DCNAME=ztpmv -DCHAR_NAME=\"ztpmv_\" -DCHAR_CNAME=\"ztpmv\" -DNO_AFFINITY -I.. -I. -DDOUBLE  -DCOMPLEX ztpmv.c -o ztpmv.o
cc -c -O2 -DMAX_STACK_ALLOC=2048 -Wall -m64 -DF_INTERFACE_GFORT -fPIC -DNO_LAPACK -DNO_LAPACKE -DSMP_SERVER -DNO_WARMUP -DMAX_CPU_NUMBER=4 -DMAX_PARALLEL_NUMBER=1 -DBUILD_SINGLE=1 -DBUILD_DOUBLE=1 -DBUILD_COMPLEX=1 -DBUILD_COMPLEX16=1 -DVERSION=\"0.3.17.dev\" -msse3 -mssse3 -msse4.1 -mavx -mavx2 -mavx2 -UASMNAME -UASMFNAME -UNAME -UCNAME -UCHAR_NAME -UCHAR_CNAME -DASMNAME=zhemv -DASMFNAME=zhemv_ -DNAME=zhemv_ -DCNAME=zhemv -DCHAR_NAME=\"zhemv_\" -DCHAR_CNAME=\"zhemv\" -DNO_AFFINITY -I.. -I. -DDOUBLE  -DCOMPLEX zhemv.c -o zhemv.o
cc -c -O2 -DMAX_STACK_ALLOC=2048 -Wall -m64 -DF_INTERFACE_GFORT -fPIC -DNO_LAPACK -DNO_LAPACKE -DSMP_SERVER -DNO_WARMUP -DMAX_CPU_NUMBER=4 -DMAX_PARALLEL_NUMBER=1 -DBUILD_SINGLE=1 -DBUILD_DOUBLE=1 -DBUILD_COMPLEX=1 -DBUILD_COMPLEX16=1 -DVERSION=\"0.3.17.dev\" -msse3 -mssse3 -msse4.1 -mavx -mavx2 -mavx2 -UASMNAME -UASMFNAME -UNAME -UCNAME -UCHAR_NAME -UCHAR_CNAME -DASMNAME=zhbmv -DASMFNAME=zhbmv_ -DNAME=zhbmv_ -DCNAME=zhbmv -DCHAR_NAME=\"zhbmv_\" -DCHAR_CNAME=\"zhbmv\" -DNO_AFFINITY -I.. -I. -DDOUBLE  -DCOMPLEX zhbmv.c -o zhbmv.o
cc -c -O2 -DMAX_STACK_ALLOC=2048 -Wall -m64 -DF_INTERFACE_GFORT -fPIC -DNO_LAPACK -DNO_LAPACKE -DSMP_SERVER -DNO_WARMUP -DMAX_CPU_NUMBER=4 -DMAX_PARALLEL_NUMBER=1 -DBUILD_SINGLE=1 -DBUILD_DOUBLE=1 -DBUILD_COMPLEX=1 -DBUILD_COMPLEX16=1 -DVERSION=\"0.3.17.dev\" -msse3 -mssse3 -msse4.1 -mavx -mavx2 -mavx2 -UASMNAME -UASMFNAME -UNAME -UCNAME -UCHAR_NAME -UCHAR_CNAME -DASMNAME=zher -DASMFNAME=zher_ -DNAME=zher_ -DCNAME=zher -DCHAR_NAME=\"zher_\" -DCHAR_CNAME=\"zher\" -DNO_AFFINITY -I.. -I. -DDOUBLE  -DCOMPLEX zher.c -o zher.o
cc -c -O2 -DMAX_STACK_ALLOC=2048 -Wall -m64 -DF_INTERFACE_GFORT -fPIC -DNO_LAPACK -DNO_LAPACKE -DSMP_SERVER -DNO_WARMUP -DMAX_CPU_NUMBER=4 -DMAX_PARALLEL_NUMBER=1 -DBUILD_SINGLE=1 -DBUILD_DOUBLE=1 -DBUILD_COMPLEX=1 -DBUILD_COMPLEX16=1 -DVERSION=\"0.3.17.dev\" -msse3 -mssse3 -msse4.1 -mavx -mavx2 -mavx2 -UASMNAME -UASMFNAME -UNAME -UCNAME -UCHAR_NAME -UCHAR_CNAME -DASMNAME=zher2 -DASMFNAME=zher2_ -DNAME=zher2_ -DCNAME=zher2 -DCHAR_NAME=\"zher2_\" -DCHAR_CNAME=\"zher2\" -DNO_AFFINITY -I.. -I. -DDOUBLE  -DCOMPLEX zher2.c -o zher2.o
cc -c -O2 -DMAX_STACK_ALLOC=2048 -Wall -m64 -DF_INTERFACE_GFORT -fPIC -DNO_LAPACK -DNO_LAPACKE -DSMP_SERVER -DNO_WARMUP -DMAX_CPU_NUMBER=4 -DMAX_PARALLEL_NUMBER=1 -DBUILD_SINGLE=1 -DBUILD_DOUBLE=1 -DBUILD_COMPLEX=1 -DBUILD_COMPLEX16=1 -DVERSION=\"0.3.17.dev\" -msse3 -mssse3 -msse4.1 -mavx -mavx2 -mavx2 -UASMNAME -UASMFNAME -UNAME -UCNAME -UCHAR_NAME -UCHAR_CNAME -DASMNAME=zhpmv -DASMFNAME=zhpmv_ -DNAME=zhpmv_ -DCNAME=zhpmv -DCHAR_NAME=\"zhpmv_\" -DCHAR_CNAME=\"zhpmv\" -DNO_AFFINITY -I.. -I. -DDOUBLE  -DCOMPLEX zhpmv.c -o zhpmv.o
cc -c -O2 -DMAX_STACK_ALLOC=2048 -Wall -m64 -DF_INTERFACE_GFORT -fPIC -DNO_LAPACK -DNO_LAPACKE -DSMP_SERVER -DNO_WARMUP -DMAX_CPU_NUMBER=4 -DMAX_PARALLEL_NUMBER=1 -DBUILD_SINGLE=1 -DBUILD_DOUBLE=1 -DBUILD_COMPLEX=1 -DBUILD_COMPLEX16=1 -DVERSION=\"0.3.17.dev\" -msse3 -mssse3 -msse4.1 -mavx -mavx2 -mavx2 -UASMNAME -UASMFNAME -UNAME -UCNAME -UCHAR_NAME -UCHAR_CNAME -DASMNAME=zhpr -DASMFNAME=zhpr_ -DNAME=zhpr_ -DCNAME=zhpr -DCHAR_NAME=\"zhpr_\" -DCHAR_CNAME=\"zhpr\" -DNO_AFFINITY -I.. -I. -DDOUBLE  -DCOMPLEX zhpr.c -o zhpr.o
cc -c -O2 -DMAX_STACK_ALLOC=2048 -Wall -m64 -DF_INTERFACE_GFORT -fPIC -DNO_LAPACK -DNO_LAPACKE -DSMP_SERVER -DNO_WARMUP -DMAX_CPU_NUMBER=4 -DMAX_PARALLEL_NUMBER=1 -DBUILD_SINGLE=1 -DBUILD_DOUBLE=1 -DBUILD_COMPLEX=1 -DBUILD_COMPLEX16=1 -DVERSION=\"0.3.17.dev\" -msse3 -mssse3 -msse4.1 -mavx -mavx2 -mavx2 -UASMNAME -UASMFNAME -UNAME -UCNAME -UCHAR_NAME -UCHAR_CNAME -DASMNAME=zhpr2 -DASMFNAME=zhpr2_ -DNAME=zhpr2_ -DCNAME=zhpr2 -DCHAR_NAME=\"zhpr2_\" -DCHAR_CNAME=\"zhpr2\" -DNO_AFFINITY -I.. -I. -DDOUBLE  -DCOMPLEX zhpr2.c -o zhpr2.o
cc -DCBLAS -c -O2 -DMAX_STACK_ALLOC=2048 -Wall -m64 -DF_INTERFACE_GFORT -fPIC -DNO_LAPACK -DNO_LAPACKE -DSMP_SERVER -DNO_WARMUP -DMAX_CPU_NUMBER=4 -DMAX_PARALLEL_NUMBER=1 -DBUILD_SINGLE=1 -DBUILD_DOUBLE=1 -DBUILD_COMPLEX=1 -DBUILD_COMPLEX16=1 -DVERSION=\"0.3.17.dev\" -msse3 -mssse3 -msse4.1 -mavx -mavx2 -mavx2 -UASMNAME -UASMFNAME -UNAME -UCNAME -UCHAR_NAME -UCHAR_CNAME -DASMNAME=cblas_zgemv -DASMFNAME=cblas_zgemv_ -DNAME=cblas_zgemv_ -DCNAME=cblas_zgemv -DCHAR_NAME=\"cblas_zgemv_\" -DCHAR_CNAME=\"cblas_zgemv\" -DNO_AFFINITY -I.. -I. -DDOUBLE  -DCOMPLEX -o cblas_zgemv.o zgemv.c
cc -DCBLAS -c -O2 -DMAX_STACK_ALLOC=2048 -Wall -m64 -DF_INTERFACE_GFORT -fPIC -DNO_LAPACK -DNO_LAPACKE -DSMP_SERVER -DNO_WARMUP -DMAX_CPU_NUMBER=4 -DMAX_PARALLEL_NUMBER=1 -DBUILD_SINGLE=1 -DBUILD_DOUBLE=1 -DBUILD_COMPLEX=1 -DBUILD_COMPLEX16=1 -DVERSION=\"0.3.17.dev\" -msse3 -mssse3 -msse4.1 -mavx -mavx2 -mavx2 -UASMNAME -UASMFNAME -UNAME -UCNAME -UCHAR_NAME -UCHAR_CNAME -DASMNAME=cblas_zgerc -DASMFNAME=cblas_zgerc_ -DNAME=cblas_zgerc_ -DCNAME=cblas_zgerc -DCHAR_NAME=\"cblas_zgerc_\" -DCHAR_CNAME=\"cblas_zgerc\" -DNO_AFFINITY -I.. -I. -DDOUBLE  -DCOMPLEX -DCONJ zger.c -o cblas_zgerc.o
cc -DCBLAS -c -O2 -DMAX_STACK_ALLOC=2048 -Wall -m64 -DF_INTERFACE_GFORT -fPIC -DNO_LAPACK -DNO_LAPACKE -DSMP_SERVER -DNO_WARMUP -DMAX_CPU_NUMBER=4 -DMAX_PARALLEL_NUMBER=1 -DBUILD_SINGLE=1 -DBUILD_DOUBLE=1 -DBUILD_COMPLEX=1 -DBUILD_COMPLEX16=1 -DVERSION=\"0.3.17.dev\" -msse3 -mssse3 -msse4.1 -mavx -mavx2 -mavx2 -UASMNAME -UASMFNAME -UNAME -UCNAME -UCHAR_NAME -UCHAR_CNAME -DASMNAME=cblas_zgeru -DASMFNAME=cblas_zgeru_ -DNAME=cblas_zgeru_ -DCNAME=cblas_zgeru -DCHAR_NAME=\"cblas_zgeru_\" -DCHAR_CNAME=\"cblas_zgeru\" -DNO_AFFINITY -I.. -I. -DDOUBLE  -DCOMPLEX -UCONJ zger.c -o cblas_zgeru.o
cc -DCBLAS -c -O2 -DMAX_STACK_ALLOC=2048 -Wall -m64 -DF_INTERFACE_GFORT -fPIC -DNO_LAPACK -DNO_LAPACKE -DSMP_SERVER -DNO_WARMUP -DMAX_CPU_NUMBER=4 -DMAX_PARALLEL_NUMBER=1 -DBUILD_SINGLE=1 -DBUILD_DOUBLE=1 -DBUILD_COMPLEX=1 -DBUILD_COMPLEX16=1 -DVERSION=\"0.3.17.dev\" -msse3 -mssse3 -msse4.1 -mavx -mavx2 -mavx2 -UASMNAME -UASMFNAME -UNAME -UCNAME -UCHAR_NAME -UCHAR_CNAME -DASMNAME=cblas_zgbmv -DASMFNAME=cblas_zgbmv_ -DNAME=cblas_zgbmv_ -DCNAME=cblas_zgbmv -DCHAR_NAME=\"cblas_zgbmv_\" -DCHAR_CNAME=\"cblas_zgbmv\" -DNO_AFFINITY -I.. -I. -DDOUBLE  -DCOMPLEX -o cblas_zgbmv.o zgbmv.c
cc -DCBLAS -c -O2 -DMAX_STACK_ALLOC=2048 -Wall -m64 -DF_INTERFACE_GFORT -fPIC -DNO_LAPACK -DNO_LAPACKE -DSMP_SERVER -DNO_WARMUP -DMAX_CPU_NUMBER=4 -DMAX_PARALLEL_NUMBER=1 -DBUILD_SINGLE=1 -DBUILD_DOUBLE=1 -DBUILD_COMPLEX=1 -DBUILD_COMPLEX16=1 -DVERSION=\"0.3.17.dev\" -msse3 -mssse3 -msse4.1 -mavx -mavx2 -mavx2 -UASMNAME -UASMFNAME -UNAME -UCNAME -UCHAR_NAME -UCHAR_CNAME -DASMNAME=cblas_zhbmv -DASMFNAME=cblas_zhbmv_ -DNAME=cblas_zhbmv_ -DCNAME=cblas_zhbmv -DCHAR_NAME=\"cblas_zhbmv_\" -DCHAR_CNAME=\"cblas_zhbmv\" -DNO_AFFINITY -I.. -I. -DDOUBLE  -DCOMPLEX zhbmv.c -o cblas_zhbmv.o
cc -DCBLAS -c -O2 -DMAX_STACK_ALLOC=2048 -Wall -m64 -DF_INTERFACE_GFORT -fPIC -DNO_LAPACK -DNO_LAPACKE -DSMP_SERVER -DNO_WARMUP -DMAX_CPU_NUMBER=4 -DMAX_PARALLEL_NUMBER=1 -DBUILD_SINGLE=1 -DBUILD_DOUBLE=1 -DBUILD_COMPLEX=1 -DBUILD_COMPLEX16=1 -DVERSION=\"0.3.17.dev\" -msse3 -mssse3 -msse4.1 -mavx -mavx2 -mavx2 -UASMNAME -UASMFNAME -UNAME -UCNAME -UCHAR_NAME -UCHAR_CNAME -DASMNAME=cblas_zhemv -DASMFNAME=cblas_zhemv_ -DNAME=cblas_zhemv_ -DCNAME=cblas_zhemv -DCHAR_NAME=\"cblas_zhemv_\" -DCHAR_CNAME=\"cblas_zhemv\" -DNO_AFFINITY -I.. -I. -DDOUBLE  -DCOMPLEX zhemv.c -o cblas_zhemv.o
cc -DCBLAS -c -O2 -DMAX_STACK_ALLOC=2048 -Wall -m64 -DF_INTERFACE_GFORT -fPIC -DNO_LAPACK -DNO_LAPACKE -DSMP_SERVER -DNO_WARMUP -DMAX_CPU_NUMBER=4 -DMAX_PARALLEL_NUMBER=1 -DBUILD_SINGLE=1 -DBUILD_DOUBLE=1 -DBUILD_COMPLEX=1 -DBUILD_COMPLEX16=1 -DVERSION=\"0.3.17.dev\" -msse3 -mssse3 -msse4.1 -mavx -mavx2 -mavx2 -UASMNAME -UASMFNAME -UNAME -UCNAME -UCHAR_NAME -UCHAR_CNAME -DASMNAME=cblas_zher -DASMFNAME=cblas_zher_ -DNAME=cblas_zher_ -DCNAME=cblas_zher -DCHAR_NAME=\"cblas_zher_\" -DCHAR_CNAME=\"cblas_zher\" -DNO_AFFINITY -I.. -I. -DDOUBLE  -DCOMPLEX zher.c -o cblas_zher.o
cc -DCBLAS -c -O2 -DMAX_STACK_ALLOC=2048 -Wall -m64 -DF_INTERFACE_GFORT -fPIC -DNO_LAPACK -DNO_LAPACKE -DSMP_SERVER -DNO_WARMUP -DMAX_CPU_NUMBER=4 -DMAX_PARALLEL_NUMBER=1 -DBUILD_SINGLE=1 -DBUILD_DOUBLE=1 -DBUILD_COMPLEX=1 -DBUILD_COMPLEX16=1 -DVERSION=\"0.3.17.dev\" -msse3 -mssse3 -msse4.1 -mavx -mavx2 -mavx2 -UASMNAME -UASMFNAME -UNAME -UCNAME -UCHAR_NAME -UCHAR_CNAME -DASMNAME=cblas_zher2 -DASMFNAME=cblas_zher2_ -DNAME=cblas_zher2_ -DCNAME=cblas_zher2 -DCHAR_NAME=\"cblas_zher2_\" -DCHAR_CNAME=\"cblas_zher2\" -DNO_AFFINITY -I.. -I. -DDOUBLE  -DCOMPLEX zher2.c -o cblas_zher2.o
cc -DCBLAS -c -O2 -DMAX_STACK_ALLOC=2048 -Wall -m64 -DF_INTERFACE_GFORT -fPIC -DNO_LAPACK -DNO_LAPACKE -DSMP_SERVER -DNO_WARMUP -DMAX_CPU_NUMBER=4 -DMAX_PARALLEL_NUMBER=1 -DBUILD_SINGLE=1 -DBUILD_DOUBLE=1 -DBUILD_COMPLEX=1 -DBUILD_COMPLEX16=1 -DVERSION=\"0.3.17.dev\" -msse3 -mssse3 -msse4.1 -mavx -mavx2 -mavx2 -UASMNAME -UASMFNAME -UNAME -UCNAME -UCHAR_NAME -UCHAR_CNAME -DASMNAME=cblas_zhpmv -DASMFNAME=cblas_zhpmv_ -DNAME=cblas_zhpmv_ -DCNAME=cblas_zhpmv -DCHAR_NAME=\"cblas_zhpmv_\" -DCHAR_CNAME=\"cblas_zhpmv\" -DNO_AFFINITY -I.. -I. -DDOUBLE  -DCOMPLEX zhpmv.c -o cblas_zhpmv.o
cc -DCBLAS -c -O2 -DMAX_STACK_ALLOC=2048 -Wall -m64 -DF_INTERFACE_GFORT -fPIC -DNO_LAPACK -DNO_LAPACKE -DSMP_SERVER -DNO_WARMUP -DMAX_CPU_NUMBER=4 -DMAX_PARALLEL_NUMBER=1 -DBUILD_SINGLE=1 -DBUILD_DOUBLE=1 -DBUILD_COMPLEX=1 -DBUILD_COMPLEX16=1 -DVERSION=\"0.3.17.dev\" -msse3 -mssse3 -msse4.1 -mavx -mavx2 -mavx2 -UASMNAME -UASMFNAME -UNAME -UCNAME -UCHAR_NAME -UCHAR_CNAME -DASMNAME=cblas_zhpr -DASMFNAME=cblas_zhpr_ -DNAME=cblas_zhpr_ -DCNAME=cblas_zhpr -DCHAR_NAME=\"cblas_zhpr_\" -DCHAR_CNAME=\"cblas_zhpr\" -DNO_AFFINITY -I.. -I. -DDOUBLE  -DCOMPLEX zhpr.c -o cblas_zhpr.o
cc -DCBLAS -c -O2 -DMAX_STACK_ALLOC=2048 -Wall -m64 -DF_INTERFACE_GFORT -fPIC -DNO_LAPACK -DNO_LAPACKE -DSMP_SERVER -DNO_WARMUP -DMAX_CPU_NUMBER=4 -DMAX_PARALLEL_NUMBER=1 -DBUILD_SINGLE=1 -DBUILD_DOUBLE=1 -DBUILD_COMPLEX=1 -DBUILD_COMPLEX16=1 -DVERSION=\"0.3.17.dev\" -msse3 -mssse3 -msse4.1 -mavx -mavx2 -mavx2 -UASMNAME -UASMFNAME -UNAME -UCNAME -UCHAR_NAME -UCHAR_CNAME -DASMNAME=cblas_zhpr2 -DASMFNAME=cblas_zhpr2_ -DNAME=cblas_zhpr2_ -DCNAME=cblas_zhpr2 -DCHAR_NAME=\"cblas_zhpr2_\" -DCHAR_CNAME=\"cblas_zhpr2\" -DNO_AFFINITY -I.. -I. -DDOUBLE  -DCOMPLEX zhpr2.c -o cblas_zhpr2.o
cc -DCBLAS -c -O2 -DMAX_STACK_ALLOC=2048 -Wall -m64 -DF_INTERFACE_GFORT -fPIC -DNO_LAPACK -DNO_LAPACKE -DSMP_SERVER -DNO_WARMUP -DMAX_CPU_NUMBER=4 -DMAX_PARALLEL_NUMBER=1 -DBUILD_SINGLE=1 -DBUILD_DOUBLE=1 -DBUILD_COMPLEX=1 -DBUILD_COMPLEX16=1 -DVERSION=\"0.3.17.dev\" -msse3 -mssse3 -msse4.1 -mavx -mavx2 -mavx2 -UASMNAME -UASMFNAME -UNAME -UCNAME -UCHAR_NAME -UCHAR_CNAME -DASMNAME=cblas_ztbmv -DASMFNAME=cblas_ztbmv_ -DNAME=cblas_ztbmv_ -DCNAME=cblas_ztbmv -DCHAR_NAME=\"cblas_ztbmv_\" -DCHAR_CNAME=\"cblas_ztbmv\" -DNO_AFFINITY -I.. -I. -DDOUBLE  -DCOMPLEX ztbmv.c -o cblas_ztbmv.o
cc -DCBLAS -c -O2 -DMAX_STACK_ALLOC=2048 -Wall -m64 -DF_INTERFACE_GFORT -fPIC -DNO_LAPACK -DNO_LAPACKE -DSMP_SERVER -DNO_WARMUP -DMAX_CPU_NUMBER=4 -DMAX_PARALLEL_NUMBER=1 -DBUILD_SINGLE=1 -DBUILD_DOUBLE=1 -DBUILD_COMPLEX=1 -DBUILD_COMPLEX16=1 -DVERSION=\"0.3.17.dev\" -msse3 -mssse3 -msse4.1 -mavx -mavx2 -mavx2 -UASMNAME -UASMFNAME -UNAME -UCNAME -UCHAR_NAME -UCHAR_CNAME -DASMNAME=cblas_ztbsv -DASMFNAME=cblas_ztbsv_ -DNAME=cblas_ztbsv_ -DCNAME=cblas_ztbsv -DCHAR_NAME=\"cblas_ztbsv_\" -DCHAR_CNAME=\"cblas_ztbsv\" -DNO_AFFINITY -I.. -I. -DDOUBLE  -DCOMPLEX ztbsv.c -o cblas_ztbsv.o
cc -DCBLAS -c -O2 -DMAX_STACK_ALLOC=2048 -Wall -m64 -DF_INTERFACE_GFORT -fPIC -DNO_LAPACK -DNO_LAPACKE -DSMP_SERVER -DNO_WARMUP -DMAX_CPU_NUMBER=4 -DMAX_PARALLEL_NUMBER=1 -DBUILD_SINGLE=1 -DBUILD_DOUBLE=1 -DBUILD_COMPLEX=1 -DBUILD_COMPLEX16=1 -DVERSION=\"0.3.17.dev\" -msse3 -mssse3 -msse4.1 -mavx -mavx2 -mavx2 -UASMNAME -UASMFNAME -UNAME -UCNAME -UCHAR_NAME -UCHAR_CNAME -DASMNAME=cblas_ztpmv -DASMFNAME=cblas_ztpmv_ -DNAME=cblas_ztpmv_ -DCNAME=cblas_ztpmv -DCHAR_NAME=\"cblas_ztpmv_\" -DCHAR_CNAME=\"cblas_ztpmv\" -DNO_AFFINITY -I.. -I. -DDOUBLE  -DCOMPLEX ztpmv.c -o cblas_ztpmv.o
cc -DCBLAS -c -O2 -DMAX_STACK_ALLOC=2048 -Wall -m64 -DF_INTERFACE_GFORT -fPIC -DNO_LAPACK -DNO_LAPACKE -DSMP_SERVER -DNO_WARMUP -DMAX_CPU_NUMBER=4 -DMAX_PARALLEL_NUMBER=1 -DBUILD_SINGLE=1 -DBUILD_DOUBLE=1 -DBUILD_COMPLEX=1 -DBUILD_COMPLEX16=1 -DVERSION=\"0.3.17.dev\" -msse3 -mssse3 -msse4.1 -mavx -mavx2 -mavx2 -UASMNAME -UASMFNAME -UNAME -UCNAME -UCHAR_NAME -UCHAR_CNAME -DASMNAME=cblas_ztpsv -DASMFNAME=cblas_ztpsv_ -DNAME=cblas_ztpsv_ -DCNAME=cblas_ztpsv -DCHAR_NAME=\"cblas_ztpsv_\" -DCHAR_CNAME=\"cblas_ztpsv\" -DNO_AFFINITY -I.. -I. -DDOUBLE  -DCOMPLEX ztpsv.c -o cblas_ztpsv.o
cc -DCBLAS -c -O2 -DMAX_STACK_ALLOC=2048 -Wall -m64 -DF_INTERFACE_GFORT -fPIC -DNO_LAPACK -DNO_LAPACKE -DSMP_SERVER -DNO_WARMUP -DMAX_CPU_NUMBER=4 -DMAX_PARALLEL_NUMBER=1 -DBUILD_SINGLE=1 -DBUILD_DOUBLE=1 -DBUILD_COMPLEX=1 -DBUILD_COMPLEX16=1 -DVERSION=\"0.3.17.dev\" -msse3 -mssse3 -msse4.1 -mavx -mavx2 -mavx2 -UASMNAME -UASMFNAME -UNAME -UCNAME -UCHAR_NAME -UCHAR_CNAME -DASMNAME=cblas_ztrmv -DASMFNAME=cblas_ztrmv_ -DNAME=cblas_ztrmv_ -DCNAME=cblas_ztrmv -DCHAR_NAME=\"cblas_ztrmv_\" -DCHAR_CNAME=\"cblas_ztrmv\" -DNO_AFFINITY -I.. -I. -DDOUBLE  -DCOMPLEX ztrmv.c -o cblas_ztrmv.o
cc -DCBLAS -c -O2 -DMAX_STACK_ALLOC=2048 -Wall -m64 -DF_INTERFACE_GFORT -fPIC -DNO_LAPACK -DNO_LAPACKE -DSMP_SERVER -DNO_WARMUP -DMAX_CPU_NUMBER=4 -DMAX_PARALLEL_NUMBER=1 -DBUILD_SINGLE=1 -DBUILD_DOUBLE=1 -DBUILD_COMPLEX=1 -DBUILD_COMPLEX16=1 -DVERSION=\"0.3.17.dev\" -msse3 -mssse3 -msse4.1 -mavx -mavx2 -mavx2 -UASMNAME -UASMFNAME -UNAME -UCNAME -UCHAR_NAME -UCHAR_CNAME -DASMNAME=cblas_ztrsv -DASMFNAME=cblas_ztrsv_ -DNAME=cblas_ztrsv_ -DCNAME=cblas_ztrsv -DCHAR_NAME=\"cblas_ztrsv_\" -DCHAR_CNAME=\"cblas_ztrsv\" -DNO_AFFINITY -I.. -I. -DDOUBLE  -DCOMPLEX ztrsv.c -o cblas_ztrsv.o
cc -c -O2 -DMAX_STACK_ALLOC=2048 -Wall -m64 -DF_INTERFACE_GFORT -fPIC -DNO_LAPACK -DNO_LAPACKE -DSMP_SERVER -DNO_WARMUP -DMAX_CPU_NUMBER=4 -DMAX_PARALLEL_NUMBER=1 -DBUILD_SINGLE=1 -DBUILD_DOUBLE=1 -DBUILD_COMPLEX=1 -DBUILD_COMPLEX16=1 -DVERSION=\"0.3.17.dev\" -msse3 -mssse3 -msse4.1 -mavx -mavx2 -mavx2 -UASMNAME -UASMFNAME -UNAME -UCNAME -UCHAR_NAME -UCHAR_CNAME -DASMNAME=zgemm -DASMFNAME=zgemm_ -DNAME=zgemm_ -DCNAME=zgemm -DCHAR_NAME=\"zgemm_\" -DCHAR_CNAME=\"zgemm\" -DNO_AFFINITY -I.. -I. -DDOUBLE  -DCOMPLEX gemm.c -o zgemm.o
cc -c -O2 -DMAX_STACK_ALLOC=2048 -Wall -m64 -DF_INTERFACE_GFORT -fPIC -DNO_LAPACK -DNO_LAPACKE -DSMP_SERVER -DNO_WARMUP -DMAX_CPU_NUMBER=4 -DMAX_PARALLEL_NUMBER=1 -DBUILD_SINGLE=1 -DBUILD_DOUBLE=1 -DBUILD_COMPLEX=1 -DBUILD_COMPLEX16=1 -DVERSION=\"0.3.17.dev\" -msse3 -mssse3 -msse4.1 -mavx -mavx2 -mavx2 -UASMNAME -UASMFNAME -UNAME -UCNAME -UCHAR_NAME -UCHAR_CNAME -DASMNAME=zsymm -DASMFNAME=zsymm_ -DNAME=zsymm_ -DCNAME=zsymm -DCHAR_NAME=\"zsymm_\" -DCHAR_CNAME=\"zsymm\" -DNO_AFFINITY -I.. -I. -DDOUBLE  -DCOMPLEX symm.c -o zsymm.o
cc -c -O2 -DMAX_STACK_ALLOC=2048 -Wall -m64 -DF_INTERFACE_GFORT -fPIC -DNO_LAPACK -DNO_LAPACKE -DSMP_SERVER -DNO_WARMUP -DMAX_CPU_NUMBER=4 -DMAX_PARALLEL_NUMBER=1 -DBUILD_SINGLE=1 -DBUILD_DOUBLE=1 -DBUILD_COMPLEX=1 -DBUILD_COMPLEX16=1 -DVERSION=\"0.3.17.dev\" -msse3 -mssse3 -msse4.1 -mavx -mavx2 -mavx2 -UASMNAME -UASMFNAME -UNAME -UCNAME -UCHAR_NAME -UCHAR_CNAME -DASMNAME=ztrmm -DASMFNAME=ztrmm_ -DNAME=ztrmm_ -DCNAME=ztrmm -DCHAR_NAME=\"ztrmm_\" -DCHAR_CNAME=\"ztrmm\" -DNO_AFFINITY -I.. -I. -DDOUBLE  -DCOMPLEX -DTRMM trsm.c -o ztrmm.o
cc -c -O2 -DMAX_STACK_ALLOC=2048 -Wall -m64 -DF_INTERFACE_GFORT -fPIC -DNO_LAPACK -DNO_LAPACKE -DSMP_SERVER -DNO_WARMUP -DMAX_CPU_NUMBER=4 -DMAX_PARALLEL_NUMBER=1 -DBUILD_SINGLE=1 -DBUILD_DOUBLE=1 -DBUILD_COMPLEX=1 -DBUILD_COMPLEX16=1 -DVERSION=\"0.3.17.dev\" -msse3 -mssse3 -msse4.1 -mavx -mavx2 -mavx2 -UASMNAME -UASMFNAME -UNAME -UCNAME -UCHAR_NAME -UCHAR_CNAME -DASMNAME=ztrsm -DASMFNAME=ztrsm_ -DNAME=ztrsm_ -DCNAME=ztrsm -DCHAR_NAME=\"ztrsm_\" -DCHAR_CNAME=\"ztrsm\" -DNO_AFFINITY -I.. -I. -DDOUBLE  -DCOMPLEX trsm.c -o ztrsm.o
cc -c -O2 -DMAX_STACK_ALLOC=2048 -Wall -m64 -DF_INTERFACE_GFORT -fPIC -DNO_LAPACK -DNO_LAPACKE -DSMP_SERVER -DNO_WARMUP -DMAX_CPU_NUMBER=4 -DMAX_PARALLEL_NUMBER=1 -DBUILD_SINGLE=1 -DBUILD_DOUBLE=1 -DBUILD_COMPLEX=1 -DBUILD_COMPLEX16=1 -DVERSION=\"0.3.17.dev\" -msse3 -mssse3 -msse4.1 -mavx -mavx2 -mavx2 -UASMNAME -UASMFNAME -UNAME -UCNAME -UCHAR_NAME -UCHAR_CNAME -DASMNAME=zsyrk -DASMFNAME=zsyrk_ -DNAME=zsyrk_ -DCNAME=zsyrk -DCHAR_NAME=\"zsyrk_\" -DCHAR_CNAME=\"zsyrk\" -DNO_AFFINITY -I.. -I. -DDOUBLE  -DCOMPLEX syrk.c -o zsyrk.o
cc -c -O2 -DMAX_STACK_ALLOC=2048 -Wall -m64 -DF_INTERFACE_GFORT -fPIC -DNO_LAPACK -DNO_LAPACKE -DSMP_SERVER -DNO_WARMUP -DMAX_CPU_NUMBER=4 -DMAX_PARALLEL_NUMBER=1 -DBUILD_SINGLE=1 -DBUILD_DOUBLE=1 -DBUILD_COMPLEX=1 -DBUILD_COMPLEX16=1 -DVERSION=\"0.3.17.dev\" -msse3 -mssse3 -msse4.1 -mavx -mavx2 -mavx2 -UASMNAME -UASMFNAME -UNAME -UCNAME -UCHAR_NAME -UCHAR_CNAME -DASMNAME=zsyr2k -DASMFNAME=zsyr2k_ -DNAME=zsyr2k_ -DCNAME=zsyr2k -DCHAR_NAME=\"zsyr2k_\" -DCHAR_CNAME=\"zsyr2k\" -DNO_AFFINITY -I.. -I. -DDOUBLE  -DCOMPLEX syr2k.c -o zsyr2k.o
cc -c -O2 -DMAX_STACK_ALLOC=2048 -Wall -m64 -DF_INTERFACE_GFORT -fPIC -DNO_LAPACK -DNO_LAPACKE -DSMP_SERVER -DNO_WARMUP -DMAX_CPU_NUMBER=4 -DMAX_PARALLEL_NUMBER=1 -DBUILD_SINGLE=1 -DBUILD_DOUBLE=1 -DBUILD_COMPLEX=1 -DBUILD_COMPLEX16=1 -DVERSION=\"0.3.17.dev\" -msse3 -mssse3 -msse4.1 -mavx -mavx2 -mavx2 -UASMNAME -UASMFNAME -UNAME -UCNAME -UCHAR_NAME -UCHAR_CNAME -DASMNAME=zhemm -DASMFNAME=zhemm_ -DNAME=zhemm_ -DCNAME=zhemm -DCHAR_NAME=\"zhemm_\" -DCHAR_CNAME=\"zhemm\" -DNO_AFFINITY -I.. -I. -DDOUBLE  -DCOMPLEX -DHEMM symm.c -o zhemm.o
cc -c -O2 -DMAX_STACK_ALLOC=2048 -Wall -m64 -DF_INTERFACE_GFORT -fPIC -DNO_LAPACK -DNO_LAPACKE -DSMP_SERVER -DNO_WARMUP -DMAX_CPU_NUMBER=4 -DMAX_PARALLEL_NUMBER=1 -DBUILD_SINGLE=1 -DBUILD_DOUBLE=1 -DBUILD_COMPLEX=1 -DBUILD_COMPLEX16=1 -DVERSION=\"0.3.17.dev\" -msse3 -mssse3 -msse4.1 -mavx -mavx2 -mavx2 -UASMNAME -UASMFNAME -UNAME -UCNAME -UCHAR_NAME -UCHAR_CNAME -DASMNAME=zherk -DASMFNAME=zherk_ -DNAME=zherk_ -DCNAME=zherk -DCHAR_NAME=\"zherk_\" -DCHAR_CNAME=\"zherk\" -DNO_AFFINITY -I.. -I. -DDOUBLE  -DCOMPLEX -DHEMM syrk.c -o zherk.o
cc -c -O2 -DMAX_STACK_ALLOC=2048 -Wall -m64 -DF_INTERFACE_GFORT -fPIC -DNO_LAPACK -DNO_LAPACKE -DSMP_SERVER -DNO_WARMUP -DMAX_CPU_NUMBER=4 -DMAX_PARALLEL_NUMBER=1 -DBUILD_SINGLE=1 -DBUILD_DOUBLE=1 -DBUILD_COMPLEX=1 -DBUILD_COMPLEX16=1 -DVERSION=\"0.3.17.dev\" -msse3 -mssse3 -msse4.1 -mavx -mavx2 -mavx2 -UASMNAME -UASMFNAME -UNAME -UCNAME -UCHAR_NAME -UCHAR_CNAME -DASMNAME=zher2k -DASMFNAME=zher2k_ -DNAME=zher2k_ -DCNAME=zher2k -DCHAR_NAME=\"zher2k_\" -DCHAR_CNAME=\"zher2k\" -DNO_AFFINITY -I.. -I. -DDOUBLE  -DCOMPLEX -DHEMM syr2k.c -o zher2k.o
cc -c -O2 -DMAX_STACK_ALLOC=2048 -Wall -m64 -DF_INTERFACE_GFORT -fPIC -DNO_LAPACK -DNO_LAPACKE -DSMP_SERVER -DNO_WARMUP -DMAX_CPU_NUMBER=4 -DMAX_PARALLEL_NUMBER=1 -DBUILD_SINGLE=1 -DBUILD_DOUBLE=1 -DBUILD_COMPLEX=1 -DBUILD_COMPLEX16=1 -DVERSION=\"0.3.17.dev\" -msse3 -mssse3 -msse4.1 -mavx -mavx2 -mavx2 -UASMNAME -UASMFNAME -UNAME -UCNAME -UCHAR_NAME -UCHAR_CNAME -DASMNAME=zomatcopy -DASMFNAME=zomatcopy_ -DNAME=zomatcopy_ -DCNAME=zomatcopy -DCHAR_NAME=\"zomatcopy_\" -DCHAR_CNAME=\"zomatcopy\" -DNO_AFFINITY -I.. -I. -DDOUBLE  -DCOMPLEX zomatcopy.c -o zomatcopy.o
cc -c -O2 -DMAX_STACK_ALLOC=2048 -Wall -m64 -DF_INTERFACE_GFORT -fPIC -DNO_LAPACK -DNO_LAPACKE -DSMP_SERVER -DNO_WARMUP -DMAX_CPU_NUMBER=4 -DMAX_PARALLEL_NUMBER=1 -DBUILD_SINGLE=1 -DBUILD_DOUBLE=1 -DBUILD_COMPLEX=1 -DBUILD_COMPLEX16=1 -DVERSION=\"0.3.17.dev\" -msse3 -mssse3 -msse4.1 -mavx -mavx2 -mavx2 -UASMNAME -UASMFNAME -UNAME -UCNAME -UCHAR_NAME -UCHAR_CNAME -DASMNAME=zimatcopy -DASMFNAME=zimatcopy_ -DNAME=zimatcopy_ -DCNAME=zimatcopy -DCHAR_NAME=\"zimatcopy_\" -DCHAR_CNAME=\"zimatcopy\" -DNO_AFFINITY -I.. -I. -DDOUBLE  -DCOMPLEX zimatcopy.c -o zimatcopy.o
cc -c -O2 -DMAX_STACK_ALLOC=2048 -Wall -m64 -DF_INTERFACE_GFORT -fPIC -DNO_LAPACK -DNO_LAPACKE -DSMP_SERVER -DNO_WARMUP -DMAX_CPU_NUMBER=4 -DMAX_PARALLEL_NUMBER=1 -DBUILD_SINGLE=1 -DBUILD_DOUBLE=1 -DBUILD_COMPLEX=1 -DBUILD_COMPLEX16=1 -DVERSION=\"0.3.17.dev\" -msse3 -mssse3 -msse4.1 -mavx -mavx2 -mavx2 -UASMNAME -UASMFNAME -UNAME -UCNAME -UCHAR_NAME -UCHAR_CNAME -DASMNAME=zgeadd -DASMFNAME=zgeadd_ -DNAME=zgeadd_ -DCNAME=zgeadd -DCHAR_NAME=\"zgeadd_\" -DCHAR_CNAME=\"zgeadd\" -DNO_AFFINITY -I.. -I. -DDOUBLE  -DCOMPLEX zgeadd.c -o zgeadd.o
cc -c -O2 -DMAX_STACK_ALLOC=2048 -Wall -m64 -DF_INTERFACE_GFORT -fPIC -DNO_LAPACK -DNO_LAPACKE -DSMP_SERVER -DNO_WARMUP -DMAX_CPU_NUMBER=4 -DMAX_PARALLEL_NUMBER=1 -DBUILD_SINGLE=1 -DBUILD_DOUBLE=1 -DBUILD_COMPLEX=1 -DBUILD_COMPLEX16=1 -DVERSION=\"0.3.17.dev\" -msse3 -mssse3 -msse4.1 -mavx -mavx2 -mavx2 -UASMNAME -UASMFNAME -UNAME -UCNAME -UCHAR_NAME -UCHAR_CNAME -DASMNAME=zgemm3m -DASMFNAME=zgemm3m_ -DNAME=zgemm3m_ -DCNAME=zgemm3m -DCHAR_NAME=\"zgemm3m_\" -DCHAR_CNAME=\"zgemm3m\" -DNO_AFFINITY -I.. -I. -DDOUBLE  -DCOMPLEX -DGEMM3M gemm.c -o zgemm3m.o
cc -DCBLAS -c -O2 -DMAX_STACK_ALLOC=2048 -Wall -m64 -DF_INTERFACE_GFORT -fPIC -DNO_LAPACK -DNO_LAPACKE -DSMP_SERVER -DNO_WARMUP -DMAX_CPU_NUMBER=4 -DMAX_PARALLEL_NUMBER=1 -DBUILD_SINGLE=1 -DBUILD_DOUBLE=1 -DBUILD_COMPLEX=1 -DBUILD_COMPLEX16=1 -DVERSION=\"0.3.17.dev\" -msse3 -mssse3 -msse4.1 -mavx -mavx2 -mavx2 -UASMNAME -UASMFNAME -UNAME -UCNAME -UCHAR_NAME -UCHAR_CNAME -DASMNAME=cblas_zgemm -DASMFNAME=cblas_zgemm_ -DNAME=cblas_zgemm_ -DCNAME=cblas_zgemm -DCHAR_NAME=\"cblas_zgemm_\" -DCHAR_CNAME=\"cblas_zgemm\" -DNO_AFFINITY -I.. -I. -DDOUBLE  -DCOMPLEX gemm.c -o cblas_zgemm.o
cc -DCBLAS -c -O2 -DMAX_STACK_ALLOC=2048 -Wall -m64 -DF_INTERFACE_GFORT -fPIC -DNO_LAPACK -DNO_LAPACKE -DSMP_SERVER -DNO_WARMUP -DMAX_CPU_NUMBER=4 -DMAX_PARALLEL_NUMBER=1 -DBUILD_SINGLE=1 -DBUILD_DOUBLE=1 -DBUILD_COMPLEX=1 -DBUILD_COMPLEX16=1 -DVERSION=\"0.3.17.dev\" -msse3 -mssse3 -msse4.1 -mavx -mavx2 -mavx2 -UASMNAME -UASMFNAME -UNAME -UCNAME -UCHAR_NAME -UCHAR_CNAME -DASMNAME=cblas_zsymm -DASMFNAME=cblas_zsymm_ -DNAME=cblas_zsymm_ -DCNAME=cblas_zsymm -DCHAR_NAME=\"cblas_zsymm_\" -DCHAR_CNAME=\"cblas_zsymm\" -DNO_AFFINITY -I.. -I. -DDOUBLE  -DCOMPLEX symm.c -o cblas_zsymm.o
cc -DCBLAS -c -O2 -DMAX_STACK_ALLOC=2048 -Wall -m64 -DF_INTERFACE_GFORT -fPIC -DNO_LAPACK -DNO_LAPACKE -DSMP_SERVER -DNO_WARMUP -DMAX_CPU_NUMBER=4 -DMAX_PARALLEL_NUMBER=1 -DBUILD_SINGLE=1 -DBUILD_DOUBLE=1 -DBUILD_COMPLEX=1 -DBUILD_COMPLEX16=1 -DVERSION=\"0.3.17.dev\" -msse3 -mssse3 -msse4.1 -mavx -mavx2 -mavx2 -UASMNAME -UASMFNAME -UNAME -UCNAME -UCHAR_NAME -UCHAR_CNAME -DASMNAME=cblas_ztrmm -DASMFNAME=cblas_ztrmm_ -DNAME=cblas_ztrmm_ -DCNAME=cblas_ztrmm -DCHAR_NAME=\"cblas_ztrmm_\" -DCHAR_CNAME=\"cblas_ztrmm\" -DNO_AFFINITY -I.. -I. -DDOUBLE  -DCOMPLEX -DTRMM trsm.c -o cblas_ztrmm.o
cc -DCBLAS -c -O2 -DMAX_STACK_ALLOC=2048 -Wall -m64 -DF_INTERFACE_GFORT -fPIC -DNO_LAPACK -DNO_LAPACKE -DSMP_SERVER -DNO_WARMUP -DMAX_CPU_NUMBER=4 -DMAX_PARALLEL_NUMBER=1 -DBUILD_SINGLE=1 -DBUILD_DOUBLE=1 -DBUILD_COMPLEX=1 -DBUILD_COMPLEX16=1 -DVERSION=\"0.3.17.dev\" -msse3 -mssse3 -msse4.1 -mavx -mavx2 -mavx2 -UASMNAME -UASMFNAME -UNAME -UCNAME -UCHAR_NAME -UCHAR_CNAME -DASMNAME=cblas_ztrsm -DASMFNAME=cblas_ztrsm_ -DNAME=cblas_ztrsm_ -DCNAME=cblas_ztrsm -DCHAR_NAME=\"cblas_ztrsm_\" -DCHAR_CNAME=\"cblas_ztrsm\" -DNO_AFFINITY -I.. -I. -DDOUBLE  -DCOMPLEX trsm.c -o cblas_ztrsm.o
cc -DCBLAS -c -O2 -DMAX_STACK_ALLOC=2048 -Wall -m64 -DF_INTERFACE_GFORT -fPIC -DNO_LAPACK -DNO_LAPACKE -DSMP_SERVER -DNO_WARMUP -DMAX_CPU_NUMBER=4 -DMAX_PARALLEL_NUMBER=1 -DBUILD_SINGLE=1 -DBUILD_DOUBLE=1 -DBUILD_COMPLEX=1 -DBUILD_COMPLEX16=1 -DVERSION=\"0.3.17.dev\" -msse3 -mssse3 -msse4.1 -mavx -mavx2 -mavx2 -UASMNAME -UASMFNAME -UNAME -UCNAME -UCHAR_NAME -UCHAR_CNAME -DASMNAME=cblas_zsyrk -DASMFNAME=cblas_zsyrk_ -DNAME=cblas_zsyrk_ -DCNAME=cblas_zsyrk -DCHAR_NAME=\"cblas_zsyrk_\" -DCHAR_CNAME=\"cblas_zsyrk\" -DNO_AFFINITY -I.. -I. -DDOUBLE  -DCOMPLEX syrk.c -o cblas_zsyrk.o
cc -DCBLAS -c -O2 -DMAX_STACK_ALLOC=2048 -Wall -m64 -DF_INTERFACE_GFORT -fPIC -DNO_LAPACK -DNO_LAPACKE -DSMP_SERVER -DNO_WARMUP -DMAX_CPU_NUMBER=4 -DMAX_PARALLEL_NUMBER=1 -DBUILD_SINGLE=1 -DBUILD_DOUBLE=1 -DBUILD_COMPLEX=1 -DBUILD_COMPLEX16=1 -DVERSION=\"0.3.17.dev\" -msse3 -mssse3 -msse4.1 -mavx -mavx2 -mavx2 -UASMNAME -UASMFNAME -UNAME -UCNAME -UCHAR_NAME -UCHAR_CNAME -DASMNAME=cblas_zsyr2k -DASMFNAME=cblas_zsyr2k_ -DNAME=cblas_zsyr2k_ -DCNAME=cblas_zsyr2k -DCHAR_NAME=\"cblas_zsyr2k_\" -DCHAR_CNAME=\"cblas_zsyr2k\" -DNO_AFFINITY -I.. -I. -DDOUBLE  -DCOMPLEX syr2k.c -o cblas_zsyr2k.o
cc -DCBLAS -c -O2 -DMAX_STACK_ALLOC=2048 -Wall -m64 -DF_INTERFACE_GFORT -fPIC -DNO_LAPACK -DNO_LAPACKE -DSMP_SERVER -DNO_WARMUP -DMAX_CPU_NUMBER=4 -DMAX_PARALLEL_NUMBER=1 -DBUILD_SINGLE=1 -DBUILD_DOUBLE=1 -DBUILD_COMPLEX=1 -DBUILD_COMPLEX16=1 -DVERSION=\"0.3.17.dev\" -msse3 -mssse3 -msse4.1 -mavx -mavx2 -mavx2 -UASMNAME -UASMFNAME -UNAME -UCNAME -UCHAR_NAME -UCHAR_CNAME -DASMNAME=cblas_zhemm -DASMFNAME=cblas_zhemm_ -DNAME=cblas_zhemm_ -DCNAME=cblas_zhemm -DCHAR_NAME=\"cblas_zhemm_\" -DCHAR_CNAME=\"cblas_zhemm\" -DNO_AFFINITY -I.. -I. -DDOUBLE  -DCOMPLEX -DHEMM symm.c -o cblas_zhemm.o
cc -DCBLAS -c -O2 -DMAX_STACK_ALLOC=2048 -Wall -m64 -DF_INTERFACE_GFORT -fPIC -DNO_LAPACK -DNO_LAPACKE -DSMP_SERVER -DNO_WARMUP -DMAX_CPU_NUMBER=4 -DMAX_PARALLEL_NUMBER=1 -DBUILD_SINGLE=1 -DBUILD_DOUBLE=1 -DBUILD_COMPLEX=1 -DBUILD_COMPLEX16=1 -DVERSION=\"0.3.17.dev\" -msse3 -mssse3 -msse4.1 -mavx -mavx2 -mavx2 -UASMNAME -UASMFNAME -UNAME -UCNAME -UCHAR_NAME -UCHAR_CNAME -DASMNAME=cblas_zherk -DASMFNAME=cblas_zherk_ -DNAME=cblas_zherk_ -DCNAME=cblas_zherk -DCHAR_NAME=\"cblas_zherk_\" -DCHAR_CNAME=\"cblas_zherk\" -DNO_AFFINITY -I.. -I. -DDOUBLE  -DCOMPLEX -DHEMM syrk.c -o cblas_zherk.o
cc -DCBLAS -c -O2 -DMAX_STACK_ALLOC=2048 -Wall -m64 -DF_INTERFACE_GFORT -fPIC -DNO_LAPACK -DNO_LAPACKE -DSMP_SERVER -DNO_WARMUP -DMAX_CPU_NUMBER=4 -DMAX_PARALLEL_NUMBER=1 -DBUILD_SINGLE=1 -DBUILD_DOUBLE=1 -DBUILD_COMPLEX=1 -DBUILD_COMPLEX16=1 -DVERSION=\"0.3.17.dev\" -msse3 -mssse3 -msse4.1 -mavx -mavx2 -mavx2 -UASMNAME -UASMFNAME -UNAME -UCNAME -UCHAR_NAME -UCHAR_CNAME -DASMNAME=cblas_zher2k -DASMFNAME=cblas_zher2k_ -DNAME=cblas_zher2k_ -DCNAME=cblas_zher2k -DCHAR_NAME=\"cblas_zher2k_\" -DCHAR_CNAME=\"cblas_zher2k\" -DNO_AFFINITY -I.. -I. -DDOUBLE  -DCOMPLEX -DHEMM syr2k.c -o cblas_zher2k.o
cc -c -O2 -DMAX_STACK_ALLOC=2048 -Wall -m64 -DF_INTERFACE_GFORT -fPIC -DNO_LAPACK -DNO_LAPACKE -DSMP_SERVER -DNO_WARMUP -DMAX_CPU_NUMBER=4 -DMAX_PARALLEL_NUMBER=1 -DBUILD_SINGLE=1 -DBUILD_DOUBLE=1 -DBUILD_COMPLEX=1 -DBUILD_COMPLEX16=1 -DVERSION=\"0.3.17.dev\" -msse3 -mssse3 -msse4.1 -mavx -mavx2 -mavx2 -UASMNAME -UASMFNAME -UNAME -UCNAME -UCHAR_NAME -UCHAR_CNAME -DASMNAME=cblas_zomatcopy -DASMFNAME=cblas_zomatcopy_ -DNAME=cblas_zomatcopy_ -DCNAME=cblas_zomatcopy -DCHAR_NAME=\"cblas_zomatcopy_\" -DCHAR_CNAME=\"cblas_zomatcopy\" -DNO_AFFINITY -I.. -I. -DDOUBLE  -DCOMPLEX -DCBLAS zomatcopy.c -o cblas_zomatcopy.o
cc -c -O2 -DMAX_STACK_ALLOC=2048 -Wall -m64 -DF_INTERFACE_GFORT -fPIC -DNO_LAPACK -DNO_LAPACKE -DSMP_SERVER -DNO_WARMUP -DMAX_CPU_NUMBER=4 -DMAX_PARALLEL_NUMBER=1 -DBUILD_SINGLE=1 -DBUILD_DOUBLE=1 -DBUILD_COMPLEX=1 -DBUILD_COMPLEX16=1 -DVERSION=\"0.3.17.dev\" -msse3 -mssse3 -msse4.1 -mavx -mavx2 -mavx2 -UASMNAME -UASMFNAME -UNAME -UCNAME -UCHAR_NAME -UCHAR_CNAME -DASMNAME=cblas_zimatcopy -DASMFNAME=cblas_zimatcopy_ -DNAME=cblas_zimatcopy_ -DCNAME=cblas_zimatcopy -DCHAR_NAME=\"cblas_zimatcopy_\" -DCHAR_CNAME=\"cblas_zimatcopy\" -DNO_AFFINITY -I.. -I. -DDOUBLE  -DCOMPLEX -DCBLAS zimatcopy.c -o cblas_zimatcopy.o
cc -c -O2 -DMAX_STACK_ALLOC=2048 -Wall -m64 -DF_INTERFACE_GFORT -fPIC -DNO_LAPACK -DNO_LAPACKE -DSMP_SERVER -DNO_WARMUP -DMAX_CPU_NUMBER=4 -DMAX_PARALLEL_NUMBER=1 -DBUILD_SINGLE=1 -DBUILD_DOUBLE=1 -DBUILD_COMPLEX=1 -DBUILD_COMPLEX16=1 -DVERSION=\"0.3.17.dev\" -msse3 -mssse3 -msse4.1 -mavx -mavx2 -mavx2 -UASMNAME -UASMFNAME -UNAME -UCNAME -UCHAR_NAME -UCHAR_CNAME -DASMNAME=cblas_zgeadd -DASMFNAME=cblas_zgeadd_ -DNAME=cblas_zgeadd_ -DCNAME=cblas_zgeadd -DCHAR_NAME=\"cblas_zgeadd_\" -DCHAR_CNAME=\"cblas_zgeadd\" -DNO_AFFINITY -I.. -I. -DDOUBLE  -DCOMPLEX -DCBLAS zgeadd.c -o cblas_zgeadd.o
cc -DCBLAS -c -O2 -DMAX_STACK_ALLOC=2048 -Wall -m64 -DF_INTERFACE_GFORT -fPIC -DNO_LAPACK -DNO_LAPACKE -DSMP_SERVER -DNO_WARMUP -DMAX_CPU_NUMBER=4 -DMAX_PARALLEL_NUMBER=1 -DBUILD_SINGLE=1 -DBUILD_DOUBLE=1 -DBUILD_COMPLEX=1 -DBUILD_COMPLEX16=1 -DVERSION=\"0.3.17.dev\" -msse3 -mssse3 -msse4.1 -mavx -mavx2 -mavx2 -UASMNAME -UASMFNAME -UNAME -UCNAME -UCHAR_NAME -UCHAR_CNAME -DASMNAME=cblas_zgemm3m -DASMFNAME=cblas_zgemm3m_ -DNAME=cblas_zgemm3m_ -DCNAME=cblas_zgemm3m -DCHAR_NAME=\"cblas_zgemm3m_\" -DCHAR_CNAME=\"cblas_zgemm3m\" -DNO_AFFINITY -I.. -I. -DDOUBLE  -DCOMPLEX -DGEMM3M gemm.c -o cblas_zgemm3m.o
cc -c -O2 -DMAX_STACK_ALLOC=2048 -Wall -m64 -DF_INTERFACE_GFORT -fPIC -DNO_LAPACK -DNO_LAPACKE -DSMP_SERVER -DNO_WARMUP -DMAX_CPU_NUMBER=4 -DMAX_PARALLEL_NUMBER=1 -DBUILD_SINGLE=1 -DBUILD_DOUBLE=1 -DBUILD_COMPLEX=1 -DBUILD_COMPLEX16=1 -DVERSION=\"0.3.17.dev\" -msse3 -mssse3 -msse4.1 -mavx -mavx2 -mavx2 -UASMNAME -UASMFNAME -UNAME -UCNAME -UCHAR_NAME -UCHAR_CNAME -DASMNAME=cblas_xerbla -DASMFNAME=cblas_xerbla_ -DNAME=cblas_xerbla_ -DCNAME=cblas_xerbla -DCHAR_NAME=\"cblas_xerbla_\" -DCHAR_CNAME=\"cblas_xerbla\" -DNO_AFFINITY -I.. -I. -DCBLAS xerbla.c -o cblas_xerbla.o
ar  -ru ../libopenblas_haswellp-r0.3.17.dev.a saxpy.o sswap.o scopy.o sscal.o sdot.o sdsdot.o dsdot.o sasum.o ssum.o snrm2.o smax.o samax.o ismax.o isamax.o smin.o samin.o ismin.o isamin.o srot.o srotg.o srotm.o srotmg.o saxpby.o cblas_isamax.o cblas_isamin.o cblas_sasum.o cblas_saxpy.o cblas_scopy.o cblas_sdot.o cblas_sdsdot.o cblas_dsdot.o cblas_srot.o cblas_srotg.o cblas_srotm.o cblas_srotmg.o cblas_sscal.o cblas_sswap.o cblas_snrm2.o cblas_saxpby.o cblas_ismin.o cblas_ismax.o cblas_ssum.o sgemv.o sger.o strsv.o strmv.o ssymv.o ssyr.o ssyr2.o sgbmv.o ssbmv.o sspmv.o sspr.o sspr2.o stbsv.o stbmv.o stpsv.o stpmv.o cblas_sgemv.o cblas_sger.o cblas_ssymv.o cblas_strmv.o cblas_strsv.o cblas_ssyr.o cblas_ssyr2.o cblas_sgbmv.o cblas_ssbmv.o cblas_sspmv.o cblas_sspr.o cblas_sspr2.o cblas_stbmv.o cblas_stbsv.o cblas_stpmv.o cblas_stpsv.o sgemm.o ssymm.o strmm.o strsm.o ssyrk.o ssyr2k.o somatcopy.o simatcopy.o sgeadd.o cblas_sgemm.o cblas_ssymm.o cblas_strmm.o cblas_strsm.o cblas_ssyrk.o cblas_ssyr2k.o cblas_somatcopy.o cblas_simatcopy.o cblas_sgeadd.o daxpy.o dswap.o dcopy.o dscal.o ddot.o dasum.o dsum.o dnrm2.o dmax.o damax.o idmax.o idamax.o dmin.o damin.o idmin.o idamin.o drot.o drotg.o drotm.o drotmg.o daxpby.o cblas_idamax.o cblas_idamin.o cblas_dasum.o cblas_daxpy.o cblas_dcopy.o cblas_ddot.o cblas_drot.o cblas_drotg.o cblas_drotm.o cblas_drotmg.o cblas_dscal.o cblas_dswap.o cblas_dnrm2.o cblas_daxpby.o cblas_idmin.o cblas_idmax.o cblas_dsum.o dgemv.o dger.o dtrsv.o dtrmv.o dsymv.o dsyr.o dsyr2.o dgbmv.o dsbmv.o dspmv.o dspr.o dspr2.o dtbsv.o dtbmv.o dtpsv.o dtpmv.o cblas_dgemv.o cblas_dger.o cblas_dsymv.o cblas_dtrmv.o cblas_dtrsv.o cblas_dsyr.o cblas_dsyr2.o cblas_dgbmv.o cblas_dsbmv.o cblas_dspmv.o cblas_dspr.o cblas_dspr2.o cblas_dtbmv.o cblas_dtbsv.o cblas_dtpmv.o cblas_dtpsv.o dgemm.o dsymm.o dtrmm.o dtrsm.o dsyrk.o dsyr2k.o domatcopy.o dimatcopy.o dgeadd.o cblas_dgemm.o cblas_dsymm.o cblas_dtrmm.o cblas_dtrsm.o cblas_dsyrk.o cblas_dsyr2k.o cblas_domatcopy.o cblas_dimatcopy.o cblas_dgeadd.o caxpy.o caxpyc.o cswap.o ccopy.o cscal.o csscal.o cdotc.o cdotu.o scasum.o scsum.o scnrm2.o scamax.o icamax.o scamin.o icamin.o csrot.o crotg.o caxpby.o cblas_icamax.o cblas_icamin.o cblas_scasum.o cblas_caxpy.o cblas_ccopy.o cblas_cdotc.o cblas_cdotu.o cblas_cdotc_sub.o cblas_cdotu_sub.o cblas_cscal.o cblas_csscal.o cblas_cswap.o cblas_scnrm2.o cblas_caxpby.o cblas_icmin.o cblas_icmax.o cblas_scsum.o cblas_csrot.o cblas_crotg.o cgemv.o cgeru.o cgerc.o ctrsv.o ctrmv.o csyr2.o cgbmv.o csbmv.o cspr2.o ctbsv.o ctbmv.o ctpsv.o ctpmv.o chemv.o chbmv.o cher.o cher2.o chpmv.o chpr.o chpr2.o cblas_cgemv.o cblas_cgerc.o cblas_cgeru.o cblas_cgbmv.o cblas_chbmv.o cblas_chemv.o cblas_cher.o cblas_cher2.o cblas_chpmv.o cblas_chpr.o cblas_chpr2.o cblas_ctbmv.o cblas_ctbsv.o cblas_ctpmv.o cblas_ctpsv.o cblas_ctrmv.o cblas_ctrsv.o cgemm.o csymm.o ctrmm.o ctrsm.o csyrk.o csyr2k.o chemm.o cherk.o cher2k.o comatcopy.o cimatcopy.o cgeadd.o cgemm3m.o cblas_cgemm.o cblas_csymm.o cblas_ctrmm.o cblas_ctrsm.o cblas_csyrk.o cblas_csyr2k.o cblas_chemm.o cblas_cherk.o cblas_cher2k.o cblas_comatcopy.o cblas_cimatcopy.o cblas_cgeadd.o cblas_cgemm3m.o zaxpy.o zaxpyc.o zswap.o zcopy.o zscal.o zdscal.o zdotc.o zdotu.o dzasum.o dzsum.o dznrm2.o dzamax.o izamax.o dzamin.o izamin.o zdrot.o zrotg.o zaxpby.o cblas_izamax.o cblas_izamin.o cblas_dzasum.o cblas_zaxpy.o cblas_zcopy.o cblas_zdotc.o cblas_zdotu.o cblas_zdotc_sub.o cblas_zdotu_sub.o cblas_zscal.o cblas_zdscal.o cblas_zswap.o cblas_dznrm2.o cblas_zaxpby.o cblas_izmin.o cblas_izmax.o cblas_dzsum.o cblas_zdrot.o cblas_zrotg.o zgemv.o zgeru.o zgerc.o ztrsv.o ztrmv.o zsyr2.o zgbmv.o zsbmv.o zspr2.o ztbsv.o ztbmv.o ztpsv.o ztpmv.o zhemv.o zhbmv.o zher.o zher2.o zhpmv.o zhpr.o zhpr2.o cblas_zgemv.o cblas_zgerc.o cblas_zgeru.o cblas_zgbmv.o cblas_zhbmv.o cblas_zhemv.o cblas_zher.o cblas_zher2.o cblas_zhpmv.o cblas_zhpr.o cblas_zhpr2.o cblas_ztbmv.o cblas_ztbsv.o cblas_ztpmv.o cblas_ztpsv.o cblas_ztrmv.o cblas_ztrsv.o zgemm.o zsymm.o ztrmm.o ztrsm.o zsyrk.o zsyr2k.o zhemm.o zherk.o zher2k.o zomatcopy.o zimatcopy.o zgeadd.o zgemm3m.o cblas_zgemm.o cblas_zsymm.o cblas_ztrmm.o cblas_ztrsm.o cblas_zsyrk.o cblas_zsyr2k.o cblas_zhemm.o cblas_zherk.o cblas_zher2k.o cblas_zomatcopy.o cblas_zimatcopy.o cblas_zgeadd.o cblas_zgemm3m.o cblas_xerbla.o
make[1]: 离开目录“/home/gxw/Code/community/OpenBLAS/interface”
make[1]: 进入目录“/home/gxw/Code/community/OpenBLAS/driver/level2”
cc -c -UCOMPLEX -UDOUBLE -UTRANS -O2 -DMAX_STACK_ALLOC=2048 -Wall -m64 -DF_INTERFACE_GFORT -fPIC -DNO_LAPACK -DNO_LAPACKE -DSMP_SERVER -DNO_WARMUP -DMAX_CPU_NUMBER=4 -DMAX_PARALLEL_NUMBER=1 -DBUILD_SINGLE=1 -DBUILD_DOUBLE=1 -DBUILD_COMPLEX=1 -DBUILD_COMPLEX16=1 -DVERSION=\"0.3.17.dev\" -msse3 -mssse3 -msse4.1 -mavx -mavx2 -mavx2 -UASMNAME -UASMFNAME -UNAME -UCNAME -UCHAR_NAME -UCHAR_CNAME -DASMNAME=sgbmv_n -DASMFNAME=sgbmv_n_ -DNAME=sgbmv_n_ -DCNAME=sgbmv_n -DCHAR_NAME=\"sgbmv_n_\" -DCHAR_CNAME=\"sgbmv_n\" -DNO_AFFINITY -I../.. -UDOUBLE  -UCOMPLEX -o sgbmv_n.o gbmv_k.c
cc -c -UCOMPLEX -UDOUBLE -DTRANS -O2 -DMAX_STACK_ALLOC=2048 -Wall -m64 -DF_INTERFACE_GFORT -fPIC -DNO_LAPACK -DNO_LAPACKE -DSMP_SERVER -DNO_WARMUP -DMAX_CPU_NUMBER=4 -DMAX_PARALLEL_NUMBER=1 -DBUILD_SINGLE=1 -DBUILD_DOUBLE=1 -DBUILD_COMPLEX=1 -DBUILD_COMPLEX16=1 -DVERSION=\"0.3.17.dev\" -msse3 -mssse3 -msse4.1 -mavx -mavx2 -mavx2 -UASMNAME -UASMFNAME -UNAME -UCNAME -UCHAR_NAME -UCHAR_CNAME -DASMNAME=sgbmv_t -DASMFNAME=sgbmv_t_ -DNAME=sgbmv_t_ -DCNAME=sgbmv_t -DCHAR_NAME=\"sgbmv_t_\" -DCHAR_CNAME=\"sgbmv_t\" -DNO_AFFINITY -I../.. -UDOUBLE  -UCOMPLEX -o sgbmv_t.o gbmv_k.c
cc -c -O2 -DMAX_STACK_ALLOC=2048 -Wall -m64 -DF_INTERFACE_GFORT -fPIC -DNO_LAPACK -DNO_LAPACKE -DSMP_SERVER -DNO_WARMUP -DMAX_CPU_NUMBER=4 -DMAX_PARALLEL_NUMBER=1 -DBUILD_SINGLE=1 -DBUILD_DOUBLE=1 -DBUILD_COMPLEX=1 -DBUILD_COMPLEX16=1 -DVERSION=\"0.3.17.dev\" -msse3 -mssse3 -msse4.1 -mavx -mavx2 -mavx2 -UASMNAME -UASMFNAME -UNAME -UCNAME -UCHAR_NAME -UCHAR_CNAME -DASMNAME=ssbmv_U -DASMFNAME=ssbmv_U_ -DNAME=ssbmv_U_ -DCNAME=ssbmv_U -DCHAR_NAME=\"ssbmv_U_\" -DCHAR_CNAME=\"ssbmv_U\" -DNO_AFFINITY -I../.. -UDOUBLE  -UCOMPLEX -UCOMPLEX -UDOUBLE -ULOWER sbmv_k.c -o ssbmv_U.o
cc -c -O2 -DMAX_STACK_ALLOC=2048 -Wall -m64 -DF_INTERFACE_GFORT -fPIC -DNO_LAPACK -DNO_LAPACKE -DSMP_SERVER -DNO_WARMUP -DMAX_CPU_NUMBER=4 -DMAX_PARALLEL_NUMBER=1 -DBUILD_SINGLE=1 -DBUILD_DOUBLE=1 -DBUILD_COMPLEX=1 -DBUILD_COMPLEX16=1 -DVERSION=\"0.3.17.dev\" -msse3 -mssse3 -msse4.1 -mavx -mavx2 -mavx2 -UASMNAME -UASMFNAME -UNAME -UCNAME -UCHAR_NAME -UCHAR_CNAME -DASMNAME=ssbmv_L -DASMFNAME=ssbmv_L_ -DNAME=ssbmv_L_ -DCNAME=ssbmv_L -DCHAR_NAME=\"ssbmv_L_\" -DCHAR_CNAME=\"ssbmv_L\" -DNO_AFFINITY -I../.. -UDOUBLE  -UCOMPLEX -UCOMPLEX -UDOUBLE -DLOWER sbmv_k.c -o ssbmv_L.o
cc -c -O2 -DMAX_STACK_ALLOC=2048 -Wall -m64 -DF_INTERFACE_GFORT -fPIC -DNO_LAPACK -DNO_LAPACKE -DSMP_SERVER -DNO_WARMUP -DMAX_CPU_NUMBER=4 -DMAX_PARALLEL_NUMBER=1 -DBUILD_SINGLE=1 -DBUILD_DOUBLE=1 -DBUILD_COMPLEX=1 -DBUILD_COMPLEX16=1 -DVERSION=\"0.3.17.dev\" -msse3 -mssse3 -msse4.1 -mavx -mavx2 -mavx2 -UASMNAME -UASMFNAME -UNAME -UCNAME -UCHAR_NAME -UCHAR_CNAME -DASMNAME=sspmv_U -DASMFNAME=sspmv_U_ -DNAME=sspmv_U_ -DCNAME=sspmv_U -DCHAR_NAME=\"sspmv_U_\" -DCHAR_CNAME=\"sspmv_U\" -DNO_AFFINITY -I../.. -UDOUBLE  -UCOMPLEX -UCOMPLEX -UDOUBLE -ULOWER spmv_k.c -o sspmv_U.o
cc -c -O2 -DMAX_STACK_ALLOC=2048 -Wall -m64 -DF_INTERFACE_GFORT -fPIC -DNO_LAPACK -DNO_LAPACKE -DSMP_SERVER -DNO_WARMUP -DMAX_CPU_NUMBER=4 -DMAX_PARALLEL_NUMBER=1 -DBUILD_SINGLE=1 -DBUILD_DOUBLE=1 -DBUILD_COMPLEX=1 -DBUILD_COMPLEX16=1 -DVERSION=\"0.3.17.dev\" -msse3 -mssse3 -msse4.1 -mavx -mavx2 -mavx2 -UASMNAME -UASMFNAME -UNAME -UCNAME -UCHAR_NAME -UCHAR_CNAME -DASMNAME=sspmv_L -DASMFNAME=sspmv_L_ -DNAME=sspmv_L_ -DCNAME=sspmv_L -DCHAR_NAME=\"sspmv_L_\" -DCHAR_CNAME=\"sspmv_L\" -DNO_AFFINITY -I../.. -UDOUBLE  -UCOMPLEX -UCOMPLEX -UDOUBLE -DLOWER spmv_k.c -o sspmv_L.o
cc -c -O2 -DMAX_STACK_ALLOC=2048 -Wall -m64 -DF_INTERFACE_GFORT -fPIC -DNO_LAPACK -DNO_LAPACKE -DSMP_SERVER -DNO_WARMUP -DMAX_CPU_NUMBER=4 -DMAX_PARALLEL_NUMBER=1 -DBUILD_SINGLE=1 -DBUILD_DOUBLE=1 -DBUILD_COMPLEX=1 -DBUILD_COMPLEX16=1 -DVERSION=\"0.3.17.dev\" -msse3 -mssse3 -msse4.1 -mavx -mavx2 -mavx2 -UASMNAME -UASMFNAME -UNAME -UCNAME -UCHAR_NAME -UCHAR_CNAME -DASMNAME=sspr_U -DASMFNAME=sspr_U_ -DNAME=sspr_U_ -DCNAME=sspr_U -DCHAR_NAME=\"sspr_U_\" -DCHAR_CNAME=\"sspr_U\" -DNO_AFFINITY -I../.. -UDOUBLE  -UCOMPLEX -UCOMPLEX -UDOUBLE -ULOWER spr_k.c -o sspr_U.o
cc -c -O2 -DMAX_STACK_ALLOC=2048 -Wall -m64 -DF_INTERFACE_GFORT -fPIC -DNO_LAPACK -DNO_LAPACKE -DSMP_SERVER -DNO_WARMUP -DMAX_CPU_NUMBER=4 -DMAX_PARALLEL_NUMBER=1 -DBUILD_SINGLE=1 -DBUILD_DOUBLE=1 -DBUILD_COMPLEX=1 -DBUILD_COMPLEX16=1 -DVERSION=\"0.3.17.dev\" -msse3 -mssse3 -msse4.1 -mavx -mavx2 -mavx2 -UASMNAME -UASMFNAME -UNAME -UCNAME -UCHAR_NAME -UCHAR_CNAME -DASMNAME=sspr_L -DASMFNAME=sspr_L_ -DNAME=sspr_L_ -DCNAME=sspr_L -DCHAR_NAME=\"sspr_L_\" -DCHAR_CNAME=\"sspr_L\" -DNO_AFFINITY -I../.. -UDOUBLE  -UCOMPLEX -UCOMPLEX -UDOUBLE -DLOWER spr_k.c -o sspr_L.o
cc -c -O2 -DMAX_STACK_ALLOC=2048 -Wall -m64 -DF_INTERFACE_GFORT -fPIC -DNO_LAPACK -DNO_LAPACKE -DSMP_SERVER -DNO_WARMUP -DMAX_CPU_NUMBER=4 -DMAX_PARALLEL_NUMBER=1 -DBUILD_SINGLE=1 -DBUILD_DOUBLE=1 -DBUILD_COMPLEX=1 -DBUILD_COMPLEX16=1 -DVERSION=\"0.3.17.dev\" -msse3 -mssse3 -msse4.1 -mavx -mavx2 -mavx2 -UASMNAME -UASMFNAME -UNAME -UCNAME -UCHAR_NAME -UCHAR_CNAME -DASMNAME=sspr2_U -DASMFNAME=sspr2_U_ -DNAME=sspr2_U_ -DCNAME=sspr2_U -DCHAR_NAME=\"sspr2_U_\" -DCHAR_CNAME=\"sspr2_U\" -DNO_AFFINITY -I../.. -UDOUBLE  -UCOMPLEX -UCOMPLEX -UDOUBLE -ULOWER spr2_k.c -o sspr2_U.o
cc -c -O2 -DMAX_STACK_ALLOC=2048 -Wall -m64 -DF_INTERFACE_GFORT -fPIC -DNO_LAPACK -DNO_LAPACKE -DSMP_SERVER -DNO_WARMUP -DMAX_CPU_NUMBER=4 -DMAX_PARALLEL_NUMBER=1 -DBUILD_SINGLE=1 -DBUILD_DOUBLE=1 -DBUILD_COMPLEX=1 -DBUILD_COMPLEX16=1 -DVERSION=\"0.3.17.dev\" -msse3 -mssse3 -msse4.1 -mavx -mavx2 -mavx2 -UASMNAME -UASMFNAME -UNAME -UCNAME -UCHAR_NAME -UCHAR_CNAME -DASMNAME=sspr2_L -DASMFNAME=sspr2_L_ -DNAME=sspr2_L_ -DCNAME=sspr2_L -DCHAR_NAME=\"sspr2_L_\" -DCHAR_CNAME=\"sspr2_L\" -DNO_AFFINITY -I../.. -UDOUBLE  -UCOMPLEX -UCOMPLEX -UDOUBLE -DLOWER spr2_k.c -o sspr2_L.o
cc -c -O2 -DMAX_STACK_ALLOC=2048 -Wall -m64 -DF_INTERFACE_GFORT -fPIC -DNO_LAPACK -DNO_LAPACKE -DSMP_SERVER -DNO_WARMUP -DMAX_CPU_NUMBER=4 -DMAX_PARALLEL_NUMBER=1 -DBUILD_SINGLE=1 -DBUILD_DOUBLE=1 -DBUILD_COMPLEX=1 -DBUILD_COMPLEX16=1 -DVERSION=\"0.3.17.dev\" -msse3 -mssse3 -msse4.1 -mavx -mavx2 -mavx2 -UASMNAME -UASMFNAME -UNAME -UCNAME -UCHAR_NAME -UCHAR_CNAME -DASMNAME=ssyr_U -DASMFNAME=ssyr_U_ -DNAME=ssyr_U_ -DCNAME=ssyr_U -DCHAR_NAME=\"ssyr_U_\" -DCHAR_CNAME=\"ssyr_U\" -DNO_AFFINITY -I../.. -UDOUBLE  -UCOMPLEX -UCOMPLEX -UDOUBLE -ULOWER syr_k.c -o ssyr_U.o
cc -c -O2 -DMAX_STACK_ALLOC=2048 -Wall -m64 -DF_INTERFACE_GFORT -fPIC -DNO_LAPACK -DNO_LAPACKE -DSMP_SERVER -DNO_WARMUP -DMAX_CPU_NUMBER=4 -DMAX_PARALLEL_NUMBER=1 -DBUILD_SINGLE=1 -DBUILD_DOUBLE=1 -DBUILD_COMPLEX=1 -DBUILD_COMPLEX16=1 -DVERSION=\"0.3.17.dev\" -msse3 -mssse3 -msse4.1 -mavx -mavx2 -mavx2 -UASMNAME -UASMFNAME -UNAME -UCNAME -UCHAR_NAME -UCHAR_CNAME -DASMNAME=ssyr_L -DASMFNAME=ssyr_L_ -DNAME=ssyr_L_ -DCNAME=ssyr_L -DCHAR_NAME=\"ssyr_L_\" -DCHAR_CNAME=\"ssyr_L\" -DNO_AFFINITY -I../.. -UDOUBLE  -UCOMPLEX -UCOMPLEX -UDOUBLE -DLOWER syr_k.c -o ssyr_L.o
cc -c -O2 -DMAX_STACK_ALLOC=2048 -Wall -m64 -DF_INTERFACE_GFORT -fPIC -DNO_LAPACK -DNO_LAPACKE -DSMP_SERVER -DNO_WARMUP -DMAX_CPU_NUMBER=4 -DMAX_PARALLEL_NUMBER=1 -DBUILD_SINGLE=1 -DBUILD_DOUBLE=1 -DBUILD_COMPLEX=1 -DBUILD_COMPLEX16=1 -DVERSION=\"0.3.17.dev\" -msse3 -mssse3 -msse4.1 -mavx -mavx2 -mavx2 -UASMNAME -UASMFNAME -UNAME -UCNAME -UCHAR_NAME -UCHAR_CNAME -DASMNAME=ssyr2_U -DASMFNAME=ssyr2_U_ -DNAME=ssyr2_U_ -DCNAME=ssyr2_U -DCHAR_NAME=\"ssyr2_U_\" -DCHAR_CNAME=\"ssyr2_U\" -DNO_AFFINITY -I../.. -UDOUBLE  -UCOMPLEX -UCOMPLEX -UDOUBLE -ULOWER syr2_k.c -o ssyr2_U.o
cc -c -O2 -DMAX_STACK_ALLOC=2048 -Wall -m64 -DF_INTERFACE_GFORT -fPIC -DNO_LAPACK -DNO_LAPACKE -DSMP_SERVER -DNO_WARMUP -DMAX_CPU_NUMBER=4 -DMAX_PARALLEL_NUMBER=1 -DBUILD_SINGLE=1 -DBUILD_DOUBLE=1 -DBUILD_COMPLEX=1 -DBUILD_COMPLEX16=1 -DVERSION=\"0.3.17.dev\" -msse3 -mssse3 -msse4.1 -mavx -mavx2 -mavx2 -UASMNAME -UASMFNAME -UNAME -UCNAME -UCHAR_NAME -UCHAR_CNAME -DASMNAME=ssyr2_L -DASMFNAME=ssyr2_L_ -DNAME=ssyr2_L_ -DCNAME=ssyr2_L -DCHAR_NAME=\"ssyr2_L_\" -DCHAR_CNAME=\"ssyr2_L\" -DNO_AFFINITY -I../.. -UDOUBLE  -UCOMPLEX -UCOMPLEX -UDOUBLE -DLOWER syr2_k.c -o ssyr2_L.o
cc -c -O2 -DMAX_STACK_ALLOC=2048 -Wall -m64 -DF_INTERFACE_GFORT -fPIC -DNO_LAPACK -DNO_LAPACKE -DSMP_SERVER -DNO_WARMUP -DMAX_CPU_NUMBER=4 -DMAX_PARALLEL_NUMBER=1 -DBUILD_SINGLE=1 -DBUILD_DOUBLE=1 -DBUILD_COMPLEX=1 -DBUILD_COMPLEX16=1 -DVERSION=\"0.3.17.dev\" -msse3 -mssse3 -msse4.1 -mavx -mavx2 -mavx2 -UASMNAME -UASMFNAME -UNAME -UCNAME -UCHAR_NAME -UCHAR_CNAME -DASMNAME=stbmv_NUU -DASMFNAME=stbmv_NUU_ -DNAME=stbmv_NUU_ -DCNAME=stbmv_NUU -DCHAR_NAME=\"stbmv_NUU_\" -DCHAR_CNAME=\"stbmv_NUU\" -DNO_AFFINITY -I../.. -UDOUBLE  -UCOMPLEX -UCOMPLEX -UDOUBLE -UTRANSA -DUNIT tbmv_U.c -o stbmv_NUU.o
cc -c -O2 -DMAX_STACK_ALLOC=2048 -Wall -m64 -DF_INTERFACE_GFORT -fPIC -DNO_LAPACK -DNO_LAPACKE -DSMP_SERVER -DNO_WARMUP -DMAX_CPU_NUMBER=4 -DMAX_PARALLEL_NUMBER=1 -DBUILD_SINGLE=1 -DBUILD_DOUBLE=1 -DBUILD_COMPLEX=1 -DBUILD_COMPLEX16=1 -DVERSION=\"0.3.17.dev\" -msse3 -mssse3 -msse4.1 -mavx -mavx2 -mavx2 -UASMNAME -UASMFNAME -UNAME -UCNAME -UCHAR_NAME -UCHAR_CNAME -DASMNAME=stbmv_NUN -DASMFNAME=stbmv_NUN_ -DNAME=stbmv_NUN_ -DCNAME=stbmv_NUN -DCHAR_NAME=\"stbmv_NUN_\" -DCHAR_CNAME=\"stbmv_NUN\" -DNO_AFFINITY -I../.. -UDOUBLE  -UCOMPLEX -UCOMPLEX -UDOUBLE -UTRANSA -UUNIT tbmv_U.c -o stbmv_NUN.o
cc -c -O2 -DMAX_STACK_ALLOC=2048 -Wall -m64 -DF_INTERFACE_GFORT -fPIC -DNO_LAPACK -DNO_LAPACKE -DSMP_SERVER -DNO_WARMUP -DMAX_CPU_NUMBER=4 -DMAX_PARALLEL_NUMBER=1 -DBUILD_SINGLE=1 -DBUILD_DOUBLE=1 -DBUILD_COMPLEX=1 -DBUILD_COMPLEX16=1 -DVERSION=\"0.3.17.dev\" -msse3 -mssse3 -msse4.1 -mavx -mavx2 -mavx2 -UASMNAME -UASMFNAME -UNAME -UCNAME -UCHAR_NAME -UCHAR_CNAME -DASMNAME=stbmv_NLU -DASMFNAME=stbmv_NLU_ -DNAME=stbmv_NLU_ -DCNAME=stbmv_NLU -DCHAR_NAME=\"stbmv_NLU_\" -DCHAR_CNAME=\"stbmv_NLU\" -DNO_AFFINITY -I../.. -UDOUBLE  -UCOMPLEX -UCOMPLEX -UDOUBLE -UTRANSA -DUNIT tbmv_L.c -o stbmv_NLU.o
cc -c -O2 -DMAX_STACK_ALLOC=2048 -Wall -m64 -DF_INTERFACE_GFORT -fPIC -DNO_LAPACK -DNO_LAPACKE -DSMP_SERVER -DNO_WARMUP -DMAX_CPU_NUMBER=4 -DMAX_PARALLEL_NUMBER=1 -DBUILD_SINGLE=1 -DBUILD_DOUBLE=1 -DBUILD_COMPLEX=1 -DBUILD_COMPLEX16=1 -DVERSION=\"0.3.17.dev\" -msse3 -mssse3 -msse4.1 -mavx -mavx2 -mavx2 -UASMNAME -UASMFNAME -UNAME -UCNAME -UCHAR_NAME -UCHAR_CNAME -DASMNAME=stbmv_NLN -DASMFNAME=stbmv_NLN_ -DNAME=stbmv_NLN_ -DCNAME=stbmv_NLN -DCHAR_NAME=\"stbmv_NLN_\" -DCHAR_CNAME=\"stbmv_NLN\" -DNO_AFFINITY -I../.. -UDOUBLE  -UCOMPLEX -UCOMPLEX -UDOUBLE -UTRANSA -UUNIT tbmv_L.c -o stbmv_NLN.o
cc -c -O2 -DMAX_STACK_ALLOC=2048 -Wall -m64 -DF_INTERFACE_GFORT -fPIC -DNO_LAPACK -DNO_LAPACKE -DSMP_SERVER -DNO_WARMUP -DMAX_CPU_NUMBER=4 -DMAX_PARALLEL_NUMBER=1 -DBUILD_SINGLE=1 -DBUILD_DOUBLE=1 -DBUILD_COMPLEX=1 -DBUILD_COMPLEX16=1 -DVERSION=\"0.3.17.dev\" -msse3 -mssse3 -msse4.1 -mavx -mavx2 -mavx2 -UASMNAME -UASMFNAME -UNAME -UCNAME -UCHAR_NAME -UCHAR_CNAME -DASMNAME=stbmv_TUU -DASMFNAME=stbmv_TUU_ -DNAME=stbmv_TUU_ -DCNAME=stbmv_TUU -DCHAR_NAME=\"stbmv_TUU_\" -DCHAR_CNAME=\"stbmv_TUU\" -DNO_AFFINITY -I../.. -UDOUBLE  -UCOMPLEX -UCOMPLEX -UDOUBLE -DTRANSA -DUNIT tbmv_L.c -o stbmv_TUU.o
cc -c -O2 -DMAX_STACK_ALLOC=2048 -Wall -m64 -DF_INTERFACE_GFORT -fPIC -DNO_LAPACK -DNO_LAPACKE -DSMP_SERVER -DNO_WARMUP -DMAX_CPU_NUMBER=4 -DMAX_PARALLEL_NUMBER=1 -DBUILD_SINGLE=1 -DBUILD_DOUBLE=1 -DBUILD_COMPLEX=1 -DBUILD_COMPLEX16=1 -DVERSION=\"0.3.17.dev\" -msse3 -mssse3 -msse4.1 -mavx -mavx2 -mavx2 -UASMNAME -UASMFNAME -UNAME -UCNAME -UCHAR_NAME -UCHAR_CNAME -DASMNAME=stbmv_TUN -DASMFNAME=stbmv_TUN_ -DNAME=stbmv_TUN_ -DCNAME=stbmv_TUN -DCHAR_NAME=\"stbmv_TUN_\" -DCHAR_CNAME=\"stbmv_TUN\" -DNO_AFFINITY -I../.. -UDOUBLE  -UCOMPLEX -UCOMPLEX -UDOUBLE -DTRANSA -UUNIT tbmv_L.c -o stbmv_TUN.o
cc -c -O2 -DMAX_STACK_ALLOC=2048 -Wall -m64 -DF_INTERFACE_GFORT -fPIC -DNO_LAPACK -DNO_LAPACKE -DSMP_SERVER -DNO_WARMUP -DMAX_CPU_NUMBER=4 -DMAX_PARALLEL_NUMBER=1 -DBUILD_SINGLE=1 -DBUILD_DOUBLE=1 -DBUILD_COMPLEX=1 -DBUILD_COMPLEX16=1 -DVERSION=\"0.3.17.dev\" -msse3 -mssse3 -msse4.1 -mavx -mavx2 -mavx2 -UASMNAME -UASMFNAME -UNAME -UCNAME -UCHAR_NAME -UCHAR_CNAME -DASMNAME=stbmv_TLU -DASMFNAME=stbmv_TLU_ -DNAME=stbmv_TLU_ -DCNAME=stbmv_TLU -DCHAR_NAME=\"stbmv_TLU_\" -DCHAR_CNAME=\"stbmv_TLU\" -DNO_AFFINITY -I../.. -UDOUBLE  -UCOMPLEX -UCOMPLEX -UDOUBLE -DTRANSA -DUNIT tbmv_U.c -o stbmv_TLU.o
cc -c -O2 -DMAX_STACK_ALLOC=2048 -Wall -m64 -DF_INTERFACE_GFORT -fPIC -DNO_LAPACK -DNO_LAPACKE -DSMP_SERVER -DNO_WARMUP -DMAX_CPU_NUMBER=4 -DMAX_PARALLEL_NUMBER=1 -DBUILD_SINGLE=1 -DBUILD_DOUBLE=1 -DBUILD_COMPLEX=1 -DBUILD_COMPLEX16=1 -DVERSION=\"0.3.17.dev\" -msse3 -mssse3 -msse4.1 -mavx -mavx2 -mavx2 -UASMNAME -UASMFNAME -UNAME -UCNAME -UCHAR_NAME -UCHAR_CNAME -DASMNAME=stbmv_TLN -DASMFNAME=stbmv_TLN_ -DNAME=stbmv_TLN_ -DCNAME=stbmv_TLN -DCHAR_NAME=\"stbmv_TLN_\" -DCHAR_CNAME=\"stbmv_TLN\" -DNO_AFFINITY -I../.. -UDOUBLE  -UCOMPLEX -UCOMPLEX -UDOUBLE -DTRANSA -UUNIT tbmv_U.c -o stbmv_TLN.o
cc -c -O2 -DMAX_STACK_ALLOC=2048 -Wall -m64 -DF_INTERFACE_GFORT -fPIC -DNO_LAPACK -DNO_LAPACKE -DSMP_SERVER -DNO_WARMUP -DMAX_CPU_NUMBER=4 -DMAX_PARALLEL_NUMBER=1 -DBUILD_SINGLE=1 -DBUILD_DOUBLE=1 -DBUILD_COMPLEX=1 -DBUILD_COMPLEX16=1 -DVERSION=\"0.3.17.dev\" -msse3 -mssse3 -msse4.1 -mavx -mavx2 -mavx2 -UASMNAME -UASMFNAME -UNAME -UCNAME -UCHAR_NAME -UCHAR_CNAME -DASMNAME=stbsv_NUU -DASMFNAME=stbsv_NUU_ -DNAME=stbsv_NUU_ -DCNAME=stbsv_NUU -DCHAR_NAME=\"stbsv_NUU_\" -DCHAR_CNAME=\"stbsv_NUU\" -DNO_AFFINITY -I../.. -UDOUBLE  -UCOMPLEX -UCOMPLEX -UDOUBLE -UTRANSA -DUNIT tbsv_U.c -o stbsv_NUU.o
cc -c -O2 -DMAX_STACK_ALLOC=2048 -Wall -m64 -DF_INTERFACE_GFORT -fPIC -DNO_LAPACK -DNO_LAPACKE -DSMP_SERVER -DNO_WARMUP -DMAX_CPU_NUMBER=4 -DMAX_PARALLEL_NUMBER=1 -DBUILD_SINGLE=1 -DBUILD_DOUBLE=1 -DBUILD_COMPLEX=1 -DBUILD_COMPLEX16=1 -DVERSION=\"0.3.17.dev\" -msse3 -mssse3 -msse4.1 -mavx -mavx2 -mavx2 -UASMNAME -UASMFNAME -UNAME -UCNAME -UCHAR_NAME -UCHAR_CNAME -DASMNAME=stbsv_NUN -DASMFNAME=stbsv_NUN_ -DNAME=stbsv_NUN_ -DCNAME=stbsv_NUN -DCHAR_NAME=\"stbsv_NUN_\" -DCHAR_CNAME=\"stbsv_NUN\" -DNO_AFFINITY -I../.. -UDOUBLE  -UCOMPLEX -UCOMPLEX -UDOUBLE -UTRANSA -UUNIT tbsv_U.c -o stbsv_NUN.o
cc -c -O2 -DMAX_STACK_ALLOC=2048 -Wall -m64 -DF_INTERFACE_GFORT -fPIC -DNO_LAPACK -DNO_LAPACKE -DSMP_SERVER -DNO_WARMUP -DMAX_CPU_NUMBER=4 -DMAX_PARALLEL_NUMBER=1 -DBUILD_SINGLE=1 -DBUILD_DOUBLE=1 -DBUILD_COMPLEX=1 -DBUILD_COMPLEX16=1 -DVERSION=\"0.3.17.dev\" -msse3 -mssse3 -msse4.1 -mavx -mavx2 -mavx2 -UASMNAME -UASMFNAME -UNAME -UCNAME -UCHAR_NAME -UCHAR_CNAME -DASMNAME=stbsv_NLU -DASMFNAME=stbsv_NLU_ -DNAME=stbsv_NLU_ -DCNAME=stbsv_NLU -DCHAR_NAME=\"stbsv_NLU_\" -DCHAR_CNAME=\"stbsv_NLU\" -DNO_AFFINITY -I../.. -UDOUBLE  -UCOMPLEX -UCOMPLEX -UDOUBLE -UTRANSA -DUNIT tbsv_L.c -o stbsv_NLU.o
cc -c -O2 -DMAX_STACK_ALLOC=2048 -Wall -m64 -DF_INTERFACE_GFORT -fPIC -DNO_LAPACK -DNO_LAPACKE -DSMP_SERVER -DNO_WARMUP -DMAX_CPU_NUMBER=4 -DMAX_PARALLEL_NUMBER=1 -DBUILD_SINGLE=1 -DBUILD_DOUBLE=1 -DBUILD_COMPLEX=1 -DBUILD_COMPLEX16=1 -DVERSION=\"0.3.17.dev\" -msse3 -mssse3 -msse4.1 -mavx -mavx2 -mavx2 -UASMNAME -UASMFNAME -UNAME -UCNAME -UCHAR_NAME -UCHAR_CNAME -DASMNAME=stbsv_NLN -DASMFNAME=stbsv_NLN_ -DNAME=stbsv_NLN_ -DCNAME=stbsv_NLN -DCHAR_NAME=\"stbsv_NLN_\" -DCHAR_CNAME=\"stbsv_NLN\" -DNO_AFFINITY -I../.. -UDOUBLE  -UCOMPLEX -UCOMPLEX -UDOUBLE -UTRANSA -UUNIT tbsv_L.c -o stbsv_NLN.o
cc -c -O2 -DMAX_STACK_ALLOC=2048 -Wall -m64 -DF_INTERFACE_GFORT -fPIC -DNO_LAPACK -DNO_LAPACKE -DSMP_SERVER -DNO_WARMUP -DMAX_CPU_NUMBER=4 -DMAX_PARALLEL_NUMBER=1 -DBUILD_SINGLE=1 -DBUILD_DOUBLE=1 -DBUILD_COMPLEX=1 -DBUILD_COMPLEX16=1 -DVERSION=\"0.3.17.dev\" -msse3 -mssse3 -msse4.1 -mavx -mavx2 -mavx2 -UASMNAME -UASMFNAME -UNAME -UCNAME -UCHAR_NAME -UCHAR_CNAME -DASMNAME=stbsv_TUU -DASMFNAME=stbsv_TUU_ -DNAME=stbsv_TUU_ -DCNAME=stbsv_TUU -DCHAR_NAME=\"stbsv_TUU_\" -DCHAR_CNAME=\"stbsv_TUU\" -DNO_AFFINITY -I../.. -UDOUBLE  -UCOMPLEX -UCOMPLEX -UDOUBLE -DTRANSA -DUNIT tbsv_L.c -o stbsv_TUU.o
cc -c -O2 -DMAX_STACK_ALLOC=2048 -Wall -m64 -DF_INTERFACE_GFORT -fPIC -DNO_LAPACK -DNO_LAPACKE -DSMP_SERVER -DNO_WARMUP -DMAX_CPU_NUMBER=4 -DMAX_PARALLEL_NUMBER=1 -DBUILD_SINGLE=1 -DBUILD_DOUBLE=1 -DBUILD_COMPLEX=1 -DBUILD_COMPLEX16=1 -DVERSION=\"0.3.17.dev\" -msse3 -mssse3 -msse4.1 -mavx -mavx2 -mavx2 -UASMNAME -UASMFNAME -UNAME -UCNAME -UCHAR_NAME -UCHAR_CNAME -DASMNAME=stbsv_TUN -DASMFNAME=stbsv_TUN_ -DNAME=stbsv_TUN_ -DCNAME=stbsv_TUN -DCHAR_NAME=\"stbsv_TUN_\" -DCHAR_CNAME=\"stbsv_TUN\" -DNO_AFFINITY -I../.. -UDOUBLE  -UCOMPLEX -UCOMPLEX -UDOUBLE -DTRANSA -UUNIT tbsv_L.c -o stbsv_TUN.o
cc -c -O2 -DMAX_STACK_ALLOC=2048 -Wall -m64 -DF_INTERFACE_GFORT -fPIC -DNO_LAPACK -DNO_LAPACKE -DSMP_SERVER -DNO_WARMUP -DMAX_CPU_NUMBER=4 -DMAX_PARALLEL_NUMBER=1 -DBUILD_SINGLE=1 -DBUILD_DOUBLE=1 -DBUILD_COMPLEX=1 -DBUILD_COMPLEX16=1 -DVERSION=\"0.3.17.dev\" -msse3 -mssse3 -msse4.1 -mavx -mavx2 -mavx2 -UASMNAME -UASMFNAME -UNAME -UCNAME -UCHAR_NAME -UCHAR_CNAME -DASMNAME=stbsv_TLU -DASMFNAME=stbsv_TLU_ -DNAME=stbsv_TLU_ -DCNAME=stbsv_TLU -DCHAR_NAME=\"stbsv_TLU_\" -DCHAR_CNAME=\"stbsv_TLU\" -DNO_AFFINITY -I../.. -UDOUBLE  -UCOMPLEX -UCOMPLEX -UDOUBLE -DTRANSA -DUNIT tbsv_U.c -o stbsv_TLU.o
cc -c -O2 -DMAX_STACK_ALLOC=2048 -Wall -m64 -DF_INTERFACE_GFORT -fPIC -DNO_LAPACK -DNO_LAPACKE -DSMP_SERVER -DNO_WARMUP -DMAX_CPU_NUMBER=4 -DMAX_PARALLEL_NUMBER=1 -DBUILD_SINGLE=1 -DBUILD_DOUBLE=1 -DBUILD_COMPLEX=1 -DBUILD_COMPLEX16=1 -DVERSION=\"0.3.17.dev\" -msse3 -mssse3 -msse4.1 -mavx -mavx2 -mavx2 -UASMNAME -UASMFNAME -UNAME -UCNAME -UCHAR_NAME -UCHAR_CNAME -DASMNAME=stbsv_TLN -DASMFNAME=stbsv_TLN_ -DNAME=stbsv_TLN_ -DCNAME=stbsv_TLN -DCHAR_NAME=\"stbsv_TLN_\" -DCHAR_CNAME=\"stbsv_TLN\" -DNO_AFFINITY -I../.. -UDOUBLE  -UCOMPLEX -UCOMPLEX -UDOUBLE -DTRANSA -UUNIT tbsv_U.c -o stbsv_TLN.o
cc -c -O2 -DMAX_STACK_ALLOC=2048 -Wall -m64 -DF_INTERFACE_GFORT -fPIC -DNO_LAPACK -DNO_LAPACKE -DSMP_SERVER -DNO_WARMUP -DMAX_CPU_NUMBER=4 -DMAX_PARALLEL_NUMBER=1 -DBUILD_SINGLE=1 -DBUILD_DOUBLE=1 -DBUILD_COMPLEX=1 -DBUILD_COMPLEX16=1 -DVERSION=\"0.3.17.dev\" -msse3 -mssse3 -msse4.1 -mavx -mavx2 -mavx2 -UASMNAME -UASMFNAME -UNAME -UCNAME -UCHAR_NAME -UCHAR_CNAME -DASMNAME=stpmv_NUU -DASMFNAME=stpmv_NUU_ -DNAME=stpmv_NUU_ -DCNAME=stpmv_NUU -DCHAR_NAME=\"stpmv_NUU_\" -DCHAR_CNAME=\"stpmv_NUU\" -DNO_AFFINITY -I../.. -UDOUBLE  -UCOMPLEX -UCOMPLEX -UDOUBLE -UTRANSA -DUNIT tpmv_U.c -o stpmv_NUU.o
cc -c -O2 -DMAX_STACK_ALLOC=2048 -Wall -m64 -DF_INTERFACE_GFORT -fPIC -DNO_LAPACK -DNO_LAPACKE -DSMP_SERVER -DNO_WARMUP -DMAX_CPU_NUMBER=4 -DMAX_PARALLEL_NUMBER=1 -DBUILD_SINGLE=1 -DBUILD_DOUBLE=1 -DBUILD_COMPLEX=1 -DBUILD_COMPLEX16=1 -DVERSION=\"0.3.17.dev\" -msse3 -mssse3 -msse4.1 -mavx -mavx2 -mavx2 -UASMNAME -UASMFNAME -UNAME -UCNAME -UCHAR_NAME -UCHAR_CNAME -DASMNAME=stpmv_NUN -DASMFNAME=stpmv_NUN_ -DNAME=stpmv_NUN_ -DCNAME=stpmv_NUN -DCHAR_NAME=\"stpmv_NUN_\" -DCHAR_CNAME=\"stpmv_NUN\" -DNO_AFFINITY -I../.. -UDOUBLE  -UCOMPLEX -UCOMPLEX -UDOUBLE -UTRANSA -UUNIT tpmv_U.c -o stpmv_NUN.o
cc -c -O2 -DMAX_STACK_ALLOC=2048 -Wall -m64 -DF_INTERFACE_GFORT -fPIC -DNO_LAPACK -DNO_LAPACKE -DSMP_SERVER -DNO_WARMUP -DMAX_CPU_NUMBER=4 -DMAX_PARALLEL_NUMBER=1 -DBUILD_SINGLE=1 -DBUILD_DOUBLE=1 -DBUILD_COMPLEX=1 -DBUILD_COMPLEX16=1 -DVERSION=\"0.3.17.dev\" -msse3 -mssse3 -msse4.1 -mavx -mavx2 -mavx2 -UASMNAME -UASMFNAME -UNAME -UCNAME -UCHAR_NAME -UCHAR_CNAME -DASMNAME=stpmv_NLU -DASMFNAME=stpmv_NLU_ -DNAME=stpmv_NLU_ -DCNAME=stpmv_NLU -DCHAR_NAME=\"stpmv_NLU_\" -DCHAR_CNAME=\"stpmv_NLU\" -DNO_AFFINITY -I../.. -UDOUBLE  -UCOMPLEX -UCOMPLEX -UDOUBLE -UTRANSA -DUNIT tpmv_L.c -o stpmv_NLU.o
cc -c -O2 -DMAX_STACK_ALLOC=2048 -Wall -m64 -DF_INTERFACE_GFORT -fPIC -DNO_LAPACK -DNO_LAPACKE -DSMP_SERVER -DNO_WARMUP -DMAX_CPU_NUMBER=4 -DMAX_PARALLEL_NUMBER=1 -DBUILD_SINGLE=1 -DBUILD_DOUBLE=1 -DBUILD_COMPLEX=1 -DBUILD_COMPLEX16=1 -DVERSION=\"0.3.17.dev\" -msse3 -mssse3 -msse4.1 -mavx -mavx2 -mavx2 -UASMNAME -UASMFNAME -UNAME -UCNAME -UCHAR_NAME -UCHAR_CNAME -DASMNAME=stpmv_NLN -DASMFNAME=stpmv_NLN_ -DNAME=stpmv_NLN_ -DCNAME=stpmv_NLN -DCHAR_NAME=\"stpmv_NLN_\" -DCHAR_CNAME=\"stpmv_NLN\" -DNO_AFFINITY -I../.. -UDOUBLE  -UCOMPLEX -UCOMPLEX -UDOUBLE -UTRANSA -UUNIT tpmv_L.c -o stpmv_NLN.o
cc -c -O2 -DMAX_STACK_ALLOC=2048 -Wall -m64 -DF_INTERFACE_GFORT -fPIC -DNO_LAPACK -DNO_LAPACKE -DSMP_SERVER -DNO_WARMUP -DMAX_CPU_NUMBER=4 -DMAX_PARALLEL_NUMBER=1 -DBUILD_SINGLE=1 -DBUILD_DOUBLE=1 -DBUILD_COMPLEX=1 -DBUILD_COMPLEX16=1 -DVERSION=\"0.3.17.dev\" -msse3 -mssse3 -msse4.1 -mavx -mavx2 -mavx2 -UASMNAME -UASMFNAME -UNAME -UCNAME -UCHAR_NAME -UCHAR_CNAME -DASMNAME=stpmv_TUU -DASMFNAME=stpmv_TUU_ -DNAME=stpmv_TUU_ -DCNAME=stpmv_TUU -DCHAR_NAME=\"stpmv_TUU_\" -DCHAR_CNAME=\"stpmv_TUU\" -DNO_AFFINITY -I../.. -UDOUBLE  -UCOMPLEX -UCOMPLEX -UDOUBLE -DTRANSA -DUNIT tpmv_L.c -o stpmv_TUU.o
cc -c -O2 -DMAX_STACK_ALLOC=2048 -Wall -m64 -DF_INTERFACE_GFORT -fPIC -DNO_LAPACK -DNO_LAPACKE -DSMP_SERVER -DNO_WARMUP -DMAX_CPU_NUMBER=4 -DMAX_PARALLEL_NUMBER=1 -DBUILD_SINGLE=1 -DBUILD_DOUBLE=1 -DBUILD_COMPLEX=1 -DBUILD_COMPLEX16=1 -DVERSION=\"0.3.17.dev\" -msse3 -mssse3 -msse4.1 -mavx -mavx2 -mavx2 -UASMNAME -UASMFNAME -UNAME -UCNAME -UCHAR_NAME -UCHAR_CNAME -DASMNAME=stpmv_TUN -DASMFNAME=stpmv_TUN_ -DNAME=stpmv_TUN_ -DCNAME=stpmv_TUN -DCHAR_NAME=\"stpmv_TUN_\" -DCHAR_CNAME=\"stpmv_TUN\" -DNO_AFFINITY -I../.. -UDOUBLE  -UCOMPLEX -UCOMPLEX -UDOUBLE -DTRANSA -UUNIT tpmv_L.c -o stpmv_TUN.o
cc -c -O2 -DMAX_STACK_ALLOC=2048 -Wall -m64 -DF_INTERFACE_GFORT -fPIC -DNO_LAPACK -DNO_LAPACKE -DSMP_SERVER -DNO_WARMUP -DMAX_CPU_NUMBER=4 -DMAX_PARALLEL_NUMBER=1 -DBUILD_SINGLE=1 -DBUILD_DOUBLE=1 -DBUILD_COMPLEX=1 -DBUILD_COMPLEX16=1 -DVERSION=\"0.3.17.dev\" -msse3 -mssse3 -msse4.1 -mavx -mavx2 -mavx2 -UASMNAME -UASMFNAME -UNAME -UCNAME -UCHAR_NAME -UCHAR_CNAME -DASMNAME=stpmv_TLU -DASMFNAME=stpmv_TLU_ -DNAME=stpmv_TLU_ -DCNAME=stpmv_TLU -DCHAR_NAME=\"stpmv_TLU_\" -DCHAR_CNAME=\"stpmv_TLU\" -DNO_AFFINITY -I../.. -UDOUBLE  -UCOMPLEX -UCOMPLEX -UDOUBLE -DTRANSA -DUNIT tpmv_U.c -o stpmv_TLU.o
cc -c -O2 -DMAX_STACK_ALLOC=2048 -Wall -m64 -DF_INTERFACE_GFORT -fPIC -DNO_LAPACK -DNO_LAPACKE -DSMP_SERVER -DNO_WARMUP -DMAX_CPU_NUMBER=4 -DMAX_PARALLEL_NUMBER=1 -DBUILD_SINGLE=1 -DBUILD_DOUBLE=1 -DBUILD_COMPLEX=1 -DBUILD_COMPLEX16=1 -DVERSION=\"0.3.17.dev\" -msse3 -mssse3 -msse4.1 -mavx -mavx2 -mavx2 -UASMNAME -UASMFNAME -UNAME -UCNAME -UCHAR_NAME -UCHAR_CNAME -DASMNAME=stpmv_TLN -DASMFNAME=stpmv_TLN_ -DNAME=stpmv_TLN_ -DCNAME=stpmv_TLN -DCHAR_NAME=\"stpmv_TLN_\" -DCHAR_CNAME=\"stpmv_TLN\" -DNO_AFFINITY -I../.. -UDOUBLE  -UCOMPLEX -UCOMPLEX -UDOUBLE -DTRANSA -UUNIT tpmv_U.c -o stpmv_TLN.o
cc -c -O2 -DMAX_STACK_ALLOC=2048 -Wall -m64 -DF_INTERFACE_GFORT -fPIC -DNO_LAPACK -DNO_LAPACKE -DSMP_SERVER -DNO_WARMUP -DMAX_CPU_NUMBER=4 -DMAX_PARALLEL_NUMBER=1 -DBUILD_SINGLE=1 -DBUILD_DOUBLE=1 -DBUILD_COMPLEX=1 -DBUILD_COMPLEX16=1 -DVERSION=\"0.3.17.dev\" -msse3 -mssse3 -msse4.1 -mavx -mavx2 -mavx2 -UASMNAME -UASMFNAME -UNAME -UCNAME -UCHAR_NAME -UCHAR_CNAME -DASMNAME=stpsv_NUU -DASMFNAME=stpsv_NUU_ -DNAME=stpsv_NUU_ -DCNAME=stpsv_NUU -DCHAR_NAME=\"stpsv_NUU_\" -DCHAR_CNAME=\"stpsv_NUU\" -DNO_AFFINITY -I../.. -UDOUBLE  -UCOMPLEX -UDOUBLE -UTRANSA -DUNIT tpsv_U.c -o stpsv_NUU.o
cc -c -O2 -DMAX_STACK_ALLOC=2048 -Wall -m64 -DF_INTERFACE_GFORT -fPIC -DNO_LAPACK -DNO_LAPACKE -DSMP_SERVER -DNO_WARMUP -DMAX_CPU_NUMBER=4 -DMAX_PARALLEL_NUMBER=1 -DBUILD_SINGLE=1 -DBUILD_DOUBLE=1 -DBUILD_COMPLEX=1 -DBUILD_COMPLEX16=1 -DVERSION=\"0.3.17.dev\" -msse3 -mssse3 -msse4.1 -mavx -mavx2 -mavx2 -UASMNAME -UASMFNAME -UNAME -UCNAME -UCHAR_NAME -UCHAR_CNAME -DASMNAME=stpsv_NUN -DASMFNAME=stpsv_NUN_ -DNAME=stpsv_NUN_ -DCNAME=stpsv_NUN -DCHAR_NAME=\"stpsv_NUN_\" -DCHAR_CNAME=\"stpsv_NUN\" -DNO_AFFINITY -I../.. -UDOUBLE  -UCOMPLEX -UDOUBLE -UTRANSA -UUNIT tpsv_U.c -o stpsv_NUN.o
cc -c -O2 -DMAX_STACK_ALLOC=2048 -Wall -m64 -DF_INTERFACE_GFORT -fPIC -DNO_LAPACK -DNO_LAPACKE -DSMP_SERVER -DNO_WARMUP -DMAX_CPU_NUMBER=4 -DMAX_PARALLEL_NUMBER=1 -DBUILD_SINGLE=1 -DBUILD_DOUBLE=1 -DBUILD_COMPLEX=1 -DBUILD_COMPLEX16=1 -DVERSION=\"0.3.17.dev\" -msse3 -mssse3 -msse4.1 -mavx -mavx2 -mavx2 -UASMNAME -UASMFNAME -UNAME -UCNAME -UCHAR_NAME -UCHAR_CNAME -DASMNAME=stpsv_NLU -DASMFNAME=stpsv_NLU_ -DNAME=stpsv_NLU_ -DCNAME=stpsv_NLU -DCHAR_NAME=\"stpsv_NLU_\" -DCHAR_CNAME=\"stpsv_NLU\" -DNO_AFFINITY -I../.. -UDOUBLE  -UCOMPLEX -UDOUBLE -UTRANSA -DUNIT tpsv_L.c -o stpsv_NLU.o
cc -c -O2 -DMAX_STACK_ALLOC=2048 -Wall -m64 -DF_INTERFACE_GFORT -fPIC -DNO_LAPACK -DNO_LAPACKE -DSMP_SERVER -DNO_WARMUP -DMAX_CPU_NUMBER=4 -DMAX_PARALLEL_NUMBER=1 -DBUILD_SINGLE=1 -DBUILD_DOUBLE=1 -DBUILD_COMPLEX=1 -DBUILD_COMPLEX16=1 -DVERSION=\"0.3.17.dev\" -msse3 -mssse3 -msse4.1 -mavx -mavx2 -mavx2 -UASMNAME -UASMFNAME -UNAME -UCNAME -UCHAR_NAME -UCHAR_CNAME -DASMNAME=stpsv_NLN -DASMFNAME=stpsv_NLN_ -DNAME=stpsv_NLN_ -DCNAME=stpsv_NLN -DCHAR_NAME=\"stpsv_NLN_\" -DCHAR_CNAME=\"stpsv_NLN\" -DNO_AFFINITY -I../.. -UDOUBLE  -UCOMPLEX -UDOUBLE -UTRANSA -UUNIT tpsv_L.c -o stpsv_NLN.o
cc -c -O2 -DMAX_STACK_ALLOC=2048 -Wall -m64 -DF_INTERFACE_GFORT -fPIC -DNO_LAPACK -DNO_LAPACKE -DSMP_SERVER -DNO_WARMUP -DMAX_CPU_NUMBER=4 -DMAX_PARALLEL_NUMBER=1 -DBUILD_SINGLE=1 -DBUILD_DOUBLE=1 -DBUILD_COMPLEX=1 -DBUILD_COMPLEX16=1 -DVERSION=\"0.3.17.dev\" -msse3 -mssse3 -msse4.1 -mavx -mavx2 -mavx2 -UASMNAME -UASMFNAME -UNAME -UCNAME -UCHAR_NAME -UCHAR_CNAME -DASMNAME=stpsv_TUU -DASMFNAME=stpsv_TUU_ -DNAME=stpsv_TUU_ -DCNAME=stpsv_TUU -DCHAR_NAME=\"stpsv_TUU_\" -DCHAR_CNAME=\"stpsv_TUU\" -DNO_AFFINITY -I../.. -UDOUBLE  -UCOMPLEX -UDOUBLE -DTRANSA -DUNIT tpsv_L.c -o stpsv_TUU.o
cc -c -O2 -DMAX_STACK_ALLOC=2048 -Wall -m64 -DF_INTERFACE_GFORT -fPIC -DNO_LAPACK -DNO_LAPACKE -DSMP_SERVER -DNO_WARMUP -DMAX_CPU_NUMBER=4 -DMAX_PARALLEL_NUMBER=1 -DBUILD_SINGLE=1 -DBUILD_DOUBLE=1 -DBUILD_COMPLEX=1 -DBUILD_COMPLEX16=1 -DVERSION=\"0.3.17.dev\" -msse3 -mssse3 -msse4.1 -mavx -mavx2 -mavx2 -UASMNAME -UASMFNAME -UNAME -UCNAME -UCHAR_NAME -UCHAR_CNAME -DASMNAME=stpsv_TUN -DASMFNAME=stpsv_TUN_ -DNAME=stpsv_TUN_ -DCNAME=stpsv_TUN -DCHAR_NAME=\"stpsv_TUN_\" -DCHAR_CNAME=\"stpsv_TUN\" -DNO_AFFINITY -I../.. -UDOUBLE  -UCOMPLEX -UDOUBLE -DTRANSA -UUNIT tpsv_L.c -o stpsv_TUN.o
cc -c -O2 -DMAX_STACK_ALLOC=2048 -Wall -m64 -DF_INTERFACE_GFORT -fPIC -DNO_LAPACK -DNO_LAPACKE -DSMP_SERVER -DNO_WARMUP -DMAX_CPU_NUMBER=4 -DMAX_PARALLEL_NUMBER=1 -DBUILD_SINGLE=1 -DBUILD_DOUBLE=1 -DBUILD_COMPLEX=1 -DBUILD_COMPLEX16=1 -DVERSION=\"0.3.17.dev\" -msse3 -mssse3 -msse4.1 -mavx -mavx2 -mavx2 -UASMNAME -UASMFNAME -UNAME -UCNAME -UCHAR_NAME -UCHAR_CNAME -DASMNAME=stpsv_TLU -DASMFNAME=stpsv_TLU_ -DNAME=stpsv_TLU_ -DCNAME=stpsv_TLU -DCHAR_NAME=\"stpsv_TLU_\" -DCHAR_CNAME=\"stpsv_TLU\" -DNO_AFFINITY -I../.. -UDOUBLE  -UCOMPLEX -UDOUBLE -DTRANSA -DUNIT tpsv_U.c -o stpsv_TLU.o
cc -c -O2 -DMAX_STACK_ALLOC=2048 -Wall -m64 -DF_INTERFACE_GFORT -fPIC -DNO_LAPACK -DNO_LAPACKE -DSMP_SERVER -DNO_WARMUP -DMAX_CPU_NUMBER=4 -DMAX_PARALLEL_NUMBER=1 -DBUILD_SINGLE=1 -DBUILD_DOUBLE=1 -DBUILD_COMPLEX=1 -DBUILD_COMPLEX16=1 -DVERSION=\"0.3.17.dev\" -msse3 -mssse3 -msse4.1 -mavx -mavx2 -mavx2 -UASMNAME -UASMFNAME -UNAME -UCNAME -UCHAR_NAME -UCHAR_CNAME -DASMNAME=stpsv_TLN -DASMFNAME=stpsv_TLN_ -DNAME=stpsv_TLN_ -DCNAME=stpsv_TLN -DCHAR_NAME=\"stpsv_TLN_\" -DCHAR_CNAME=\"stpsv_TLN\" -DNO_AFFINITY -I../.. -UDOUBLE  -UCOMPLEX -UDOUBLE -DTRANSA -UUNIT tpsv_U.c -o stpsv_TLN.o
cc -c -O2 -DMAX_STACK_ALLOC=2048 -Wall -m64 -DF_INTERFACE_GFORT -fPIC -DNO_LAPACK -DNO_LAPACKE -DSMP_SERVER -DNO_WARMUP -DMAX_CPU_NUMBER=4 -DMAX_PARALLEL_NUMBER=1 -DBUILD_SINGLE=1 -DBUILD_DOUBLE=1 -DBUILD_COMPLEX=1 -DBUILD_COMPLEX16=1 -DVERSION=\"0.3.17.dev\" -msse3 -mssse3 -msse4.1 -mavx -mavx2 -mavx2 -UASMNAME -UASMFNAME -UNAME -UCNAME -UCHAR_NAME -UCHAR_CNAME -DASMNAME=strmv_NUU -DASMFNAME=strmv_NUU_ -DNAME=strmv_NUU_ -DCNAME=strmv_NUU -DCHAR_NAME=\"strmv_NUU_\" -DCHAR_CNAME=\"strmv_NUU\" -DNO_AFFINITY -I../.. -UDOUBLE  -UCOMPLEX -UCOMPLEX -UDOUBLE -UTRANSA -DUNIT trmv_U.c -o strmv_NUU.o
cc -c -O2 -DMAX_STACK_ALLOC=2048 -Wall -m64 -DF_INTERFACE_GFORT -fPIC -DNO_LAPACK -DNO_LAPACKE -DSMP_SERVER -DNO_WARMUP -DMAX_CPU_NUMBER=4 -DMAX_PARALLEL_NUMBER=1 -DBUILD_SINGLE=1 -DBUILD_DOUBLE=1 -DBUILD_COMPLEX=1 -DBUILD_COMPLEX16=1 -DVERSION=\"0.3.17.dev\" -msse3 -mssse3 -msse4.1 -mavx -mavx2 -mavx2 -UASMNAME -UASMFNAME -UNAME -UCNAME -UCHAR_NAME -UCHAR_CNAME -DASMNAME=strmv_NUN -DASMFNAME=strmv_NUN_ -DNAME=strmv_NUN_ -DCNAME=strmv_NUN -DCHAR_NAME=\"strmv_NUN_\" -DCHAR_CNAME=\"strmv_NUN\" -DNO_AFFINITY -I../.. -UDOUBLE  -UCOMPLEX -UCOMPLEX -UDOUBLE -UTRANSA -UUNIT trmv_U.c -o strmv_NUN.o
cc -c -O2 -DMAX_STACK_ALLOC=2048 -Wall -m64 -DF_INTERFACE_GFORT -fPIC -DNO_LAPACK -DNO_LAPACKE -DSMP_SERVER -DNO_WARMUP -DMAX_CPU_NUMBER=4 -DMAX_PARALLEL_NUMBER=1 -DBUILD_SINGLE=1 -DBUILD_DOUBLE=1 -DBUILD_COMPLEX=1 -DBUILD_COMPLEX16=1 -DVERSION=\"0.3.17.dev\" -msse3 -mssse3 -msse4.1 -mavx -mavx2 -mavx2 -UASMNAME -UASMFNAME -UNAME -UCNAME -UCHAR_NAME -UCHAR_CNAME -DASMNAME=strmv_NLU -DASMFNAME=strmv_NLU_ -DNAME=strmv_NLU_ -DCNAME=strmv_NLU -DCHAR_NAME=\"strmv_NLU_\" -DCHAR_CNAME=\"strmv_NLU\" -DNO_AFFINITY -I../.. -UDOUBLE  -UCOMPLEX -UCOMPLEX -UDOUBLE -UTRANSA -DUNIT trmv_L.c -o strmv_NLU.o
cc -c -O2 -DMAX_STACK_ALLOC=2048 -Wall -m64 -DF_INTERFACE_GFORT -fPIC -DNO_LAPACK -DNO_LAPACKE -DSMP_SERVER -DNO_WARMUP -DMAX_CPU_NUMBER=4 -DMAX_PARALLEL_NUMBER=1 -DBUILD_SINGLE=1 -DBUILD_DOUBLE=1 -DBUILD_COMPLEX=1 -DBUILD_COMPLEX16=1 -DVERSION=\"0.3.17.dev\" -msse3 -mssse3 -msse4.1 -mavx -mavx2 -mavx2 -UASMNAME -UASMFNAME -UNAME -UCNAME -UCHAR_NAME -UCHAR_CNAME -DASMNAME=strmv_NLN -DASMFNAME=strmv_NLN_ -DNAME=strmv_NLN_ -DCNAME=strmv_NLN -DCHAR_NAME=\"strmv_NLN_\" -DCHAR_CNAME=\"strmv_NLN\" -DNO_AFFINITY -I../.. -UDOUBLE  -UCOMPLEX -UCOMPLEX -UDOUBLE -UTRANSA -UUNIT trmv_L.c -o strmv_NLN.o
cc -c -O2 -DMAX_STACK_ALLOC=2048 -Wall -m64 -DF_INTERFACE_GFORT -fPIC -DNO_LAPACK -DNO_LAPACKE -DSMP_SERVER -DNO_WARMUP -DMAX_CPU_NUMBER=4 -DMAX_PARALLEL_NUMBER=1 -DBUILD_SINGLE=1 -DBUILD_DOUBLE=1 -DBUILD_COMPLEX=1 -DBUILD_COMPLEX16=1 -DVERSION=\"0.3.17.dev\" -msse3 -mssse3 -msse4.1 -mavx -mavx2 -mavx2 -UASMNAME -UASMFNAME -UNAME -UCNAME -UCHAR_NAME -UCHAR_CNAME -DASMNAME=strmv_TUU -DASMFNAME=strmv_TUU_ -DNAME=strmv_TUU_ -DCNAME=strmv_TUU -DCHAR_NAME=\"strmv_TUU_\" -DCHAR_CNAME=\"strmv_TUU\" -DNO_AFFINITY -I../.. -UDOUBLE  -UCOMPLEX -UCOMPLEX -UDOUBLE -DTRANSA -DUNIT trmv_L.c -o strmv_TUU.o
cc -c -O2 -DMAX_STACK_ALLOC=2048 -Wall -m64 -DF_INTERFACE_GFORT -fPIC -DNO_LAPACK -DNO_LAPACKE -DSMP_SERVER -DNO_WARMUP -DMAX_CPU_NUMBER=4 -DMAX_PARALLEL_NUMBER=1 -DBUILD_SINGLE=1 -DBUILD_DOUBLE=1 -DBUILD_COMPLEX=1 -DBUILD_COMPLEX16=1 -DVERSION=\"0.3.17.dev\" -msse3 -mssse3 -msse4.1 -mavx -mavx2 -mavx2 -UASMNAME -UASMFNAME -UNAME -UCNAME -UCHAR_NAME -UCHAR_CNAME -DASMNAME=strmv_TUN -DASMFNAME=strmv_TUN_ -DNAME=strmv_TUN_ -DCNAME=strmv_TUN -DCHAR_NAME=\"strmv_TUN_\" -DCHAR_CNAME=\"strmv_TUN\" -DNO_AFFINITY -I../.. -UDOUBLE  -UCOMPLEX -UCOMPLEX -UDOUBLE -DTRANSA -UUNIT trmv_L.c -o strmv_TUN.o
cc -c -O2 -DMAX_STACK_ALLOC=2048 -Wall -m64 -DF_INTERFACE_GFORT -fPIC -DNO_LAPACK -DNO_LAPACKE -DSMP_SERVER -DNO_WARMUP -DMAX_CPU_NUMBER=4 -DMAX_PARALLEL_NUMBER=1 -DBUILD_SINGLE=1 -DBUILD_DOUBLE=1 -DBUILD_COMPLEX=1 -DBUILD_COMPLEX16=1 -DVERSION=\"0.3.17.dev\" -msse3 -mssse3 -msse4.1 -mavx -mavx2 -mavx2 -UASMNAME -UASMFNAME -UNAME -UCNAME -UCHAR_NAME -UCHAR_CNAME -DASMNAME=strmv_TLU -DASMFNAME=strmv_TLU_ -DNAME=strmv_TLU_ -DCNAME=strmv_TLU -DCHAR_NAME=\"strmv_TLU_\" -DCHAR_CNAME=\"strmv_TLU\" -DNO_AFFINITY -I../.. -UDOUBLE  -UCOMPLEX -UCOMPLEX -UDOUBLE -DTRANSA -DUNIT trmv_U.c -o strmv_TLU.o
cc -c -O2 -DMAX_STACK_ALLOC=2048 -Wall -m64 -DF_INTERFACE_GFORT -fPIC -DNO_LAPACK -DNO_LAPACKE -DSMP_SERVER -DNO_WARMUP -DMAX_CPU_NUMBER=4 -DMAX_PARALLEL_NUMBER=1 -DBUILD_SINGLE=1 -DBUILD_DOUBLE=1 -DBUILD_COMPLEX=1 -DBUILD_COMPLEX16=1 -DVERSION=\"0.3.17.dev\" -msse3 -mssse3 -msse4.1 -mavx -mavx2 -mavx2 -UASMNAME -UASMFNAME -UNAME -UCNAME -UCHAR_NAME -UCHAR_CNAME -DASMNAME=strmv_TLN -DASMFNAME=strmv_TLN_ -DNAME=strmv_TLN_ -DCNAME=strmv_TLN -DCHAR_NAME=\"strmv_TLN_\" -DCHAR_CNAME=\"strmv_TLN\" -DNO_AFFINITY -I../.. -UDOUBLE  -UCOMPLEX -UCOMPLEX -UDOUBLE -DTRANSA -UUNIT trmv_U.c -o strmv_TLN.o
cc -c -O2 -DMAX_STACK_ALLOC=2048 -Wall -m64 -DF_INTERFACE_GFORT -fPIC -DNO_LAPACK -DNO_LAPACKE -DSMP_SERVER -DNO_WARMUP -DMAX_CPU_NUMBER=4 -DMAX_PARALLEL_NUMBER=1 -DBUILD_SINGLE=1 -DBUILD_DOUBLE=1 -DBUILD_COMPLEX=1 -DBUILD_COMPLEX16=1 -DVERSION=\"0.3.17.dev\" -msse3 -mssse3 -msse4.1 -mavx -mavx2 -mavx2 -UASMNAME -UASMFNAME -UNAME -UCNAME -UCHAR_NAME -UCHAR_CNAME -DASMNAME=strsv_NUU -DASMFNAME=strsv_NUU_ -DNAME=strsv_NUU_ -DCNAME=strsv_NUU -DCHAR_NAME=\"strsv_NUU_\" -DCHAR_CNAME=\"strsv_NUU\" -DNO_AFFINITY -I../.. -UDOUBLE  -UCOMPLEX -UDOUBLE -UTRANSA -DUNIT trsv_U.c -o strsv_NUU.o
cc -c -O2 -DMAX_STACK_ALLOC=2048 -Wall -m64 -DF_INTERFACE_GFORT -fPIC -DNO_LAPACK -DNO_LAPACKE -DSMP_SERVER -DNO_WARMUP -DMAX_CPU_NUMBER=4 -DMAX_PARALLEL_NUMBER=1 -DBUILD_SINGLE=1 -DBUILD_DOUBLE=1 -DBUILD_COMPLEX=1 -DBUILD_COMPLEX16=1 -DVERSION=\"0.3.17.dev\" -msse3 -mssse3 -msse4.1 -mavx -mavx2 -mavx2 -UASMNAME -UASMFNAME -UNAME -UCNAME -UCHAR_NAME -UCHAR_CNAME -DASMNAME=strsv_NUN -DASMFNAME=strsv_NUN_ -DNAME=strsv_NUN_ -DCNAME=strsv_NUN -DCHAR_NAME=\"strsv_NUN_\" -DCHAR_CNAME=\"strsv_NUN\" -DNO_AFFINITY -I../.. -UDOUBLE  -UCOMPLEX -UDOUBLE -UTRANSA -UUNIT trsv_U.c -o strsv_NUN.o
cc -c -O2 -DMAX_STACK_ALLOC=2048 -Wall -m64 -DF_INTERFACE_GFORT -fPIC -DNO_LAPACK -DNO_LAPACKE -DSMP_SERVER -DNO_WARMUP -DMAX_CPU_NUMBER=4 -DMAX_PARALLEL_NUMBER=1 -DBUILD_SINGLE=1 -DBUILD_DOUBLE=1 -DBUILD_COMPLEX=1 -DBUILD_COMPLEX16=1 -DVERSION=\"0.3.17.dev\" -msse3 -mssse3 -msse4.1 -mavx -mavx2 -mavx2 -UASMNAME -UASMFNAME -UNAME -UCNAME -UCHAR_NAME -UCHAR_CNAME -DASMNAME=strsv_NLU -DASMFNAME=strsv_NLU_ -DNAME=strsv_NLU_ -DCNAME=strsv_NLU -DCHAR_NAME=\"strsv_NLU_\" -DCHAR_CNAME=\"strsv_NLU\" -DNO_AFFINITY -I../.. -UDOUBLE  -UCOMPLEX -UDOUBLE -UTRANSA -DUNIT trsv_L.c -o strsv_NLU.o
cc -c -O2 -DMAX_STACK_ALLOC=2048 -Wall -m64 -DF_INTERFACE_GFORT -fPIC -DNO_LAPACK -DNO_LAPACKE -DSMP_SERVER -DNO_WARMUP -DMAX_CPU_NUMBER=4 -DMAX_PARALLEL_NUMBER=1 -DBUILD_SINGLE=1 -DBUILD_DOUBLE=1 -DBUILD_COMPLEX=1 -DBUILD_COMPLEX16=1 -DVERSION=\"0.3.17.dev\" -msse3 -mssse3 -msse4.1 -mavx -mavx2 -mavx2 -UASMNAME -UASMFNAME -UNAME -UCNAME -UCHAR_NAME -UCHAR_CNAME -DASMNAME=strsv_NLN -DASMFNAME=strsv_NLN_ -DNAME=strsv_NLN_ -DCNAME=strsv_NLN -DCHAR_NAME=\"strsv_NLN_\" -DCHAR_CNAME=\"strsv_NLN\" -DNO_AFFINITY -I../.. -UDOUBLE  -UCOMPLEX -UDOUBLE -UTRANSA -UUNIT trsv_L.c -o strsv_NLN.o
cc -c -O2 -DMAX_STACK_ALLOC=2048 -Wall -m64 -DF_INTERFACE_GFORT -fPIC -DNO_LAPACK -DNO_LAPACKE -DSMP_SERVER -DNO_WARMUP -DMAX_CPU_NUMBER=4 -DMAX_PARALLEL_NUMBER=1 -DBUILD_SINGLE=1 -DBUILD_DOUBLE=1 -DBUILD_COMPLEX=1 -DBUILD_COMPLEX16=1 -DVERSION=\"0.3.17.dev\" -msse3 -mssse3 -msse4.1 -mavx -mavx2 -mavx2 -UASMNAME -UASMFNAME -UNAME -UCNAME -UCHAR_NAME -UCHAR_CNAME -DASMNAME=strsv_TUU -DASMFNAME=strsv_TUU_ -DNAME=strsv_TUU_ -DCNAME=strsv_TUU -DCHAR_NAME=\"strsv_TUU_\" -DCHAR_CNAME=\"strsv_TUU\" -DNO_AFFINITY -I../.. -UDOUBLE  -UCOMPLEX -UDOUBLE -DTRANSA -DUNIT trsv_L.c -o strsv_TUU.o
cc -c -O2 -DMAX_STACK_ALLOC=2048 -Wall -m64 -DF_INTERFACE_GFORT -fPIC -DNO_LAPACK -DNO_LAPACKE -DSMP_SERVER -DNO_WARMUP -DMAX_CPU_NUMBER=4 -DMAX_PARALLEL_NUMBER=1 -DBUILD_SINGLE=1 -DBUILD_DOUBLE=1 -DBUILD_COMPLEX=1 -DBUILD_COMPLEX16=1 -DVERSION=\"0.3.17.dev\" -msse3 -mssse3 -msse4.1 -mavx -mavx2 -mavx2 -UASMNAME -UASMFNAME -UNAME -UCNAME -UCHAR_NAME -UCHAR_CNAME -DASMNAME=strsv_TUN -DASMFNAME=strsv_TUN_ -DNAME=strsv_TUN_ -DCNAME=strsv_TUN -DCHAR_NAME=\"strsv_TUN_\" -DCHAR_CNAME=\"strsv_TUN\" -DNO_AFFINITY -I../.. -UDOUBLE  -UCOMPLEX -UDOUBLE -DTRANSA -UUNIT trsv_L.c -o strsv_TUN.o
cc -c -O2 -DMAX_STACK_ALLOC=2048 -Wall -m64 -DF_INTERFACE_GFORT -fPIC -DNO_LAPACK -DNO_LAPACKE -DSMP_SERVER -DNO_WARMUP -DMAX_CPU_NUMBER=4 -DMAX_PARALLEL_NUMBER=1 -DBUILD_SINGLE=1 -DBUILD_DOUBLE=1 -DBUILD_COMPLEX=1 -DBUILD_COMPLEX16=1 -DVERSION=\"0.3.17.dev\" -msse3 -mssse3 -msse4.1 -mavx -mavx2 -mavx2 -UASMNAME -UASMFNAME -UNAME -UCNAME -UCHAR_NAME -UCHAR_CNAME -DASMNAME=strsv_TLU -DASMFNAME=strsv_TLU_ -DNAME=strsv_TLU_ -DCNAME=strsv_TLU -DCHAR_NAME=\"strsv_TLU_\" -DCHAR_CNAME=\"strsv_TLU\" -DNO_AFFINITY -I../.. -UDOUBLE  -UCOMPLEX -UDOUBLE -DTRANSA -DUNIT trsv_U.c -o strsv_TLU.o
cc -c -O2 -DMAX_STACK_ALLOC=2048 -Wall -m64 -DF_INTERFACE_GFORT -fPIC -DNO_LAPACK -DNO_LAPACKE -DSMP_SERVER -DNO_WARMUP -DMAX_CPU_NUMBER=4 -DMAX_PARALLEL_NUMBER=1 -DBUILD_SINGLE=1 -DBUILD_DOUBLE=1 -DBUILD_COMPLEX=1 -DBUILD_COMPLEX16=1 -DVERSION=\"0.3.17.dev\" -msse3 -mssse3 -msse4.1 -mavx -mavx2 -mavx2 -UASMNAME -UASMFNAME -UNAME -UCNAME -UCHAR_NAME -UCHAR_CNAME -DASMNAME=strsv_TLN -DASMFNAME=strsv_TLN_ -DNAME=strsv_TLN_ -DCNAME=strsv_TLN -DCHAR_NAME=\"strsv_TLN_\" -DCHAR_CNAME=\"strsv_TLN\" -DNO_AFFINITY -I../.. -UDOUBLE  -UCOMPLEX -UDOUBLE -DTRANSA -UUNIT trsv_U.c -o strsv_TLN.o
cc -c -O2 -DMAX_STACK_ALLOC=2048 -Wall -m64 -DF_INTERFACE_GFORT -fPIC -DNO_LAPACK -DNO_LAPACKE -DSMP_SERVER -DNO_WARMUP -DMAX_CPU_NUMBER=4 -DMAX_PARALLEL_NUMBER=1 -DBUILD_SINGLE=1 -DBUILD_DOUBLE=1 -DBUILD_COMPLEX=1 -DBUILD_COMPLEX16=1 -DVERSION=\"0.3.17.dev\" -msse3 -mssse3 -msse4.1 -mavx -mavx2 -mavx2 -UASMNAME -UASMFNAME -UNAME -UCNAME -UCHAR_NAME -UCHAR_CNAME -DASMNAME=sgemv_thread_n -DASMFNAME=sgemv_thread_n_ -DNAME=sgemv_thread_n_ -DCNAME=sgemv_thread_n -DCHAR_NAME=\"sgemv_thread_n_\" -DCHAR_CNAME=\"sgemv_thread_n\" -DNO_AFFINITY -I../.. -UDOUBLE  -UCOMPLEX -UCOMPLEX -UDOUBLE  -UTRANSA -UCONJ -UXCONJ gemv_thread.c -o sgemv_thread_n.o
cc -c -O2 -DMAX_STACK_ALLOC=2048 -Wall -m64 -DF_INTERFACE_GFORT -fPIC -DNO_LAPACK -DNO_LAPACKE -DSMP_SERVER -DNO_WARMUP -DMAX_CPU_NUMBER=4 -DMAX_PARALLEL_NUMBER=1 -DBUILD_SINGLE=1 -DBUILD_DOUBLE=1 -DBUILD_COMPLEX=1 -DBUILD_COMPLEX16=1 -DVERSION=\"0.3.17.dev\" -msse3 -mssse3 -msse4.1 -mavx -mavx2 -mavx2 -UASMNAME -UASMFNAME -UNAME -UCNAME -UCHAR_NAME -UCHAR_CNAME -DASMNAME=sgemv_thread_t -DASMFNAME=sgemv_thread_t_ -DNAME=sgemv_thread_t_ -DCNAME=sgemv_thread_t -DCHAR_NAME=\"sgemv_thread_t_\" -DCHAR_CNAME=\"sgemv_thread_t\" -DNO_AFFINITY -I../.. -UDOUBLE  -UCOMPLEX -UCOMPLEX -UDOUBLE  -DTRANSA -UCONJ -UXCONJ gemv_thread.c -o sgemv_thread_t.o
cc -c -O2 -DMAX_STACK_ALLOC=2048 -Wall -m64 -DF_INTERFACE_GFORT -fPIC -DNO_LAPACK -DNO_LAPACKE -DSMP_SERVER -DNO_WARMUP -DMAX_CPU_NUMBER=4 -DMAX_PARALLEL_NUMBER=1 -DBUILD_SINGLE=1 -DBUILD_DOUBLE=1 -DBUILD_COMPLEX=1 -DBUILD_COMPLEX16=1 -DVERSION=\"0.3.17.dev\" -msse3 -mssse3 -msse4.1 -mavx -mavx2 -mavx2 -UASMNAME -UASMFNAME -UNAME -UCNAME -UCHAR_NAME -UCHAR_CNAME -DASMNAME=sger_thread -DASMFNAME=sger_thread_ -DNAME=sger_thread_ -DCNAME=sger_thread -DCHAR_NAME=\"sger_thread_\" -DCHAR_CNAME=\"sger_thread\" -DNO_AFFINITY -I../.. -UDOUBLE  -UCOMPLEX -UCOMPLEX -UDOUBLE  -UCONJ -UXCONJ ger_thread.c -o sger_thread.o
cc -c -O2 -DMAX_STACK_ALLOC=2048 -Wall -m64 -DF_INTERFACE_GFORT -fPIC -DNO_LAPACK -DNO_LAPACKE -DSMP_SERVER -DNO_WARMUP -DMAX_CPU_NUMBER=4 -DMAX_PARALLEL_NUMBER=1 -DBUILD_SINGLE=1 -DBUILD_DOUBLE=1 -DBUILD_COMPLEX=1 -DBUILD_COMPLEX16=1 -DVERSION=\"0.3.17.dev\" -msse3 -mssse3 -msse4.1 -mavx -mavx2 -mavx2 -UASMNAME -UASMFNAME -UNAME -UCNAME -UCHAR_NAME -UCHAR_CNAME -DASMNAME=ssymv_thread_U -DASMFNAME=ssymv_thread_U_ -DNAME=ssymv_thread_U_ -DCNAME=ssymv_thread_U -DCHAR_NAME=\"ssymv_thread_U_\" -DCHAR_CNAME=\"ssymv_thread_U\" -DNO_AFFINITY -I../.. -UDOUBLE  -UCOMPLEX -UCOMPLEX -UDOUBLE -ULOWER symv_thread.c -o ssymv_thread_U.o
cc -c -O2 -DMAX_STACK_ALLOC=2048 -Wall -m64 -DF_INTERFACE_GFORT -fPIC -DNO_LAPACK -DNO_LAPACKE -DSMP_SERVER -DNO_WARMUP -DMAX_CPU_NUMBER=4 -DMAX_PARALLEL_NUMBER=1 -DBUILD_SINGLE=1 -DBUILD_DOUBLE=1 -DBUILD_COMPLEX=1 -DBUILD_COMPLEX16=1 -DVERSION=\"0.3.17.dev\" -msse3 -mssse3 -msse4.1 -mavx -mavx2 -mavx2 -UASMNAME -UASMFNAME -UNAME -UCNAME -UCHAR_NAME -UCHAR_CNAME -DASMNAME=ssymv_thread_L -DASMFNAME=ssymv_thread_L_ -DNAME=ssymv_thread_L_ -DCNAME=ssymv_thread_L -DCHAR_NAME=\"ssymv_thread_L_\" -DCHAR_CNAME=\"ssymv_thread_L\" -DNO_AFFINITY -I../.. -UDOUBLE  -UCOMPLEX -UCOMPLEX -UDOUBLE -DLOWER symv_thread.c -o ssymv_thread_L.o
cc -c -O2 -DMAX_STACK_ALLOC=2048 -Wall -m64 -DF_INTERFACE_GFORT -fPIC -DNO_LAPACK -DNO_LAPACKE -DSMP_SERVER -DNO_WARMUP -DMAX_CPU_NUMBER=4 -DMAX_PARALLEL_NUMBER=1 -DBUILD_SINGLE=1 -DBUILD_DOUBLE=1 -DBUILD_COMPLEX=1 -DBUILD_COMPLEX16=1 -DVERSION=\"0.3.17.dev\" -msse3 -mssse3 -msse4.1 -mavx -mavx2 -mavx2 -UASMNAME -UASMFNAME -UNAME -UCNAME -UCHAR_NAME -UCHAR_CNAME -DASMNAME=ssyr_thread_U -DASMFNAME=ssyr_thread_U_ -DNAME=ssyr_thread_U_ -DCNAME=ssyr_thread_U -DCHAR_NAME=\"ssyr_thread_U_\" -DCHAR_CNAME=\"ssyr_thread_U\" -DNO_AFFINITY -I../.. -UDOUBLE  -UCOMPLEX -UCOMPLEX -UDOUBLE -ULOWER syr_thread.c -o ssyr_thread_U.o
cc -c -O2 -DMAX_STACK_ALLOC=2048 -Wall -m64 -DF_INTERFACE_GFORT -fPIC -DNO_LAPACK -DNO_LAPACKE -DSMP_SERVER -DNO_WARMUP -DMAX_CPU_NUMBER=4 -DMAX_PARALLEL_NUMBER=1 -DBUILD_SINGLE=1 -DBUILD_DOUBLE=1 -DBUILD_COMPLEX=1 -DBUILD_COMPLEX16=1 -DVERSION=\"0.3.17.dev\" -msse3 -mssse3 -msse4.1 -mavx -mavx2 -mavx2 -UASMNAME -UASMFNAME -UNAME -UCNAME -UCHAR_NAME -UCHAR_CNAME -DASMNAME=ssyr_thread_L -DASMFNAME=ssyr_thread_L_ -DNAME=ssyr_thread_L_ -DCNAME=ssyr_thread_L -DCHAR_NAME=\"ssyr_thread_L_\" -DCHAR_CNAME=\"ssyr_thread_L\" -DNO_AFFINITY -I../.. -UDOUBLE  -UCOMPLEX -UCOMPLEX -UDOUBLE -DLOWER syr_thread.c -o ssyr_thread_L.o
cc -c -O2 -DMAX_STACK_ALLOC=2048 -Wall -m64 -DF_INTERFACE_GFORT -fPIC -DNO_LAPACK -DNO_LAPACKE -DSMP_SERVER -DNO_WARMUP -DMAX_CPU_NUMBER=4 -DMAX_PARALLEL_NUMBER=1 -DBUILD_SINGLE=1 -DBUILD_DOUBLE=1 -DBUILD_COMPLEX=1 -DBUILD_COMPLEX16=1 -DVERSION=\"0.3.17.dev\" -msse3 -mssse3 -msse4.1 -mavx -mavx2 -mavx2 -UASMNAME -UASMFNAME -UNAME -UCNAME -UCHAR_NAME -UCHAR_CNAME -DASMNAME=ssyr2_thread_U -DASMFNAME=ssyr2_thread_U_ -DNAME=ssyr2_thread_U_ -DCNAME=ssyr2_thread_U -DCHAR_NAME=\"ssyr2_thread_U_\" -DCHAR_CNAME=\"ssyr2_thread_U\" -DNO_AFFINITY -I../.. -UDOUBLE  -UCOMPLEX -UCOMPLEX -UDOUBLE -ULOWER syr2_thread.c -o ssyr2_thread_U.o
cc -c -O2 -DMAX_STACK_ALLOC=2048 -Wall -m64 -DF_INTERFACE_GFORT -fPIC -DNO_LAPACK -DNO_LAPACKE -DSMP_SERVER -DNO_WARMUP -DMAX_CPU_NUMBER=4 -DMAX_PARALLEL_NUMBER=1 -DBUILD_SINGLE=1 -DBUILD_DOUBLE=1 -DBUILD_COMPLEX=1 -DBUILD_COMPLEX16=1 -DVERSION=\"0.3.17.dev\" -msse3 -mssse3 -msse4.1 -mavx -mavx2 -mavx2 -UASMNAME -UASMFNAME -UNAME -UCNAME -UCHAR_NAME -UCHAR_CNAME -DASMNAME=ssyr2_thread_L -DASMFNAME=ssyr2_thread_L_ -DNAME=ssyr2_thread_L_ -DCNAME=ssyr2_thread_L -DCHAR_NAME=\"ssyr2_thread_L_\" -DCHAR_CNAME=\"ssyr2_thread_L\" -DNO_AFFINITY -I../.. -UDOUBLE  -UCOMPLEX -UCOMPLEX -UDOUBLE -DLOWER syr2_thread.c -o ssyr2_thread_L.o
cc -c -O2 -DMAX_STACK_ALLOC=2048 -Wall -m64 -DF_INTERFACE_GFORT -fPIC -DNO_LAPACK -DNO_LAPACKE -DSMP_SERVER -DNO_WARMUP -DMAX_CPU_NUMBER=4 -DMAX_PARALLEL_NUMBER=1 -DBUILD_SINGLE=1 -DBUILD_DOUBLE=1 -DBUILD_COMPLEX=1 -DBUILD_COMPLEX16=1 -DVERSION=\"0.3.17.dev\" -msse3 -mssse3 -msse4.1 -mavx -mavx2 -mavx2 -UASMNAME -UASMFNAME -UNAME -UCNAME -UCHAR_NAME -UCHAR_CNAME -DASMNAME=sspr_thread_U -DASMFNAME=sspr_thread_U_ -DNAME=sspr_thread_U_ -DCNAME=sspr_thread_U -DCHAR_NAME=\"sspr_thread_U_\" -DCHAR_CNAME=\"sspr_thread_U\" -DNO_AFFINITY -I../.. -UDOUBLE  -UCOMPLEX -UCOMPLEX -UDOUBLE -ULOWER spr_thread.c -o sspr_thread_U.o
cc -c -O2 -DMAX_STACK_ALLOC=2048 -Wall -m64 -DF_INTERFACE_GFORT -fPIC -DNO_LAPACK -DNO_LAPACKE -DSMP_SERVER -DNO_WARMUP -DMAX_CPU_NUMBER=4 -DMAX_PARALLEL_NUMBER=1 -DBUILD_SINGLE=1 -DBUILD_DOUBLE=1 -DBUILD_COMPLEX=1 -DBUILD_COMPLEX16=1 -DVERSION=\"0.3.17.dev\" -msse3 -mssse3 -msse4.1 -mavx -mavx2 -mavx2 -UASMNAME -UASMFNAME -UNAME -UCNAME -UCHAR_NAME -UCHAR_CNAME -DASMNAME=sspr_thread_L -DASMFNAME=sspr_thread_L_ -DNAME=sspr_thread_L_ -DCNAME=sspr_thread_L -DCHAR_NAME=\"sspr_thread_L_\" -DCHAR_CNAME=\"sspr_thread_L\" -DNO_AFFINITY -I../.. -UDOUBLE  -UCOMPLEX -UCOMPLEX -UDOUBLE -DLOWER spr_thread.c -o sspr_thread_L.o
cc -c -O2 -DMAX_STACK_ALLOC=2048 -Wall -m64 -DF_INTERFACE_GFORT -fPIC -DNO_LAPACK -DNO_LAPACKE -DSMP_SERVER -DNO_WARMUP -DMAX_CPU_NUMBER=4 -DMAX_PARALLEL_NUMBER=1 -DBUILD_SINGLE=1 -DBUILD_DOUBLE=1 -DBUILD_COMPLEX=1 -DBUILD_COMPLEX16=1 -DVERSION=\"0.3.17.dev\" -msse3 -mssse3 -msse4.1 -mavx -mavx2 -mavx2 -UASMNAME -UASMFNAME -UNAME -UCNAME -UCHAR_NAME -UCHAR_CNAME -DASMNAME=sspr2_thread_U -DASMFNAME=sspr2_thread_U_ -DNAME=sspr2_thread_U_ -DCNAME=sspr2_thread_U -DCHAR_NAME=\"sspr2_thread_U_\" -DCHAR_CNAME=\"sspr2_thread_U\" -DNO_AFFINITY -I../.. -UDOUBLE  -UCOMPLEX -UCOMPLEX -UDOUBLE -ULOWER spr2_thread.c -o sspr2_thread_U.o
cc -c -O2 -DMAX_STACK_ALLOC=2048 -Wall -m64 -DF_INTERFACE_GFORT -fPIC -DNO_LAPACK -DNO_LAPACKE -DSMP_SERVER -DNO_WARMUP -DMAX_CPU_NUMBER=4 -DMAX_PARALLEL_NUMBER=1 -DBUILD_SINGLE=1 -DBUILD_DOUBLE=1 -DBUILD_COMPLEX=1 -DBUILD_COMPLEX16=1 -DVERSION=\"0.3.17.dev\" -msse3 -mssse3 -msse4.1 -mavx -mavx2 -mavx2 -UASMNAME -UASMFNAME -UNAME -UCNAME -UCHAR_NAME -UCHAR_CNAME -DASMNAME=sspr2_thread_L -DASMFNAME=sspr2_thread_L_ -DNAME=sspr2_thread_L_ -DCNAME=sspr2_thread_L -DCHAR_NAME=\"sspr2_thread_L_\" -DCHAR_CNAME=\"sspr2_thread_L\" -DNO_AFFINITY -I../.. -UDOUBLE  -UCOMPLEX -UCOMPLEX -UDOUBLE -DLOWER spr2_thread.c -o sspr2_thread_L.o
cc -c -O2 -DMAX_STACK_ALLOC=2048 -Wall -m64 -DF_INTERFACE_GFORT -fPIC -DNO_LAPACK -DNO_LAPACKE -DSMP_SERVER -DNO_WARMUP -DMAX_CPU_NUMBER=4 -DMAX_PARALLEL_NUMBER=1 -DBUILD_SINGLE=1 -DBUILD_DOUBLE=1 -DBUILD_COMPLEX=1 -DBUILD_COMPLEX16=1 -DVERSION=\"0.3.17.dev\" -msse3 -mssse3 -msse4.1 -mavx -mavx2 -mavx2 -UASMNAME -UASMFNAME -UNAME -UCNAME -UCHAR_NAME -UCHAR_CNAME -DASMNAME=strmv_thread_NUU -DASMFNAME=strmv_thread_NUU_ -DNAME=strmv_thread_NUU_ -DCNAME=strmv_thread_NUU -DCHAR_NAME=\"strmv_thread_NUU_\" -DCHAR_CNAME=\"strmv_thread_NUU\" -DNO_AFFINITY -I../.. -UDOUBLE  -UCOMPLEX -UCOMPLEX -UDOUBLE -ULOWER -UTRANSA -DUNIT trmv_thread.c -o strmv_thread_NUU.o
cc -c -O2 -DMAX_STACK_ALLOC=2048 -Wall -m64 -DF_INTERFACE_GFORT -fPIC -DNO_LAPACK -DNO_LAPACKE -DSMP_SERVER -DNO_WARMUP -DMAX_CPU_NUMBER=4 -DMAX_PARALLEL_NUMBER=1 -DBUILD_SINGLE=1 -DBUILD_DOUBLE=1 -DBUILD_COMPLEX=1 -DBUILD_COMPLEX16=1 -DVERSION=\"0.3.17.dev\" -msse3 -mssse3 -msse4.1 -mavx -mavx2 -mavx2 -UASMNAME -UASMFNAME -UNAME -UCNAME -UCHAR_NAME -UCHAR_CNAME -DASMNAME=strmv_thread_NUN -DASMFNAME=strmv_thread_NUN_ -DNAME=strmv_thread_NUN_ -DCNAME=strmv_thread_NUN -DCHAR_NAME=\"strmv_thread_NUN_\" -DCHAR_CNAME=\"strmv_thread_NUN\" -DNO_AFFINITY -I../.. -UDOUBLE  -UCOMPLEX -UCOMPLEX -UDOUBLE -ULOWER -UTRANSA -UUNIT trmv_thread.c -o strmv_thread_NUN.o
cc -c -O2 -DMAX_STACK_ALLOC=2048 -Wall -m64 -DF_INTERFACE_GFORT -fPIC -DNO_LAPACK -DNO_LAPACKE -DSMP_SERVER -DNO_WARMUP -DMAX_CPU_NUMBER=4 -DMAX_PARALLEL_NUMBER=1 -DBUILD_SINGLE=1 -DBUILD_DOUBLE=1 -DBUILD_COMPLEX=1 -DBUILD_COMPLEX16=1 -DVERSION=\"0.3.17.dev\" -msse3 -mssse3 -msse4.1 -mavx -mavx2 -mavx2 -UASMNAME -UASMFNAME -UNAME -UCNAME -UCHAR_NAME -UCHAR_CNAME -DASMNAME=strmv_thread_NLU -DASMFNAME=strmv_thread_NLU_ -DNAME=strmv_thread_NLU_ -DCNAME=strmv_thread_NLU -DCHAR_NAME=\"strmv_thread_NLU_\" -DCHAR_CNAME=\"strmv_thread_NLU\" -DNO_AFFINITY -I../.. -UDOUBLE  -UCOMPLEX -UCOMPLEX -UDOUBLE -DLOWER -UTRANSA -DUNIT trmv_thread.c -o strmv_thread_NLU.o
cc -c -O2 -DMAX_STACK_ALLOC=2048 -Wall -m64 -DF_INTERFACE_GFORT -fPIC -DNO_LAPACK -DNO_LAPACKE -DSMP_SERVER -DNO_WARMUP -DMAX_CPU_NUMBER=4 -DMAX_PARALLEL_NUMBER=1 -DBUILD_SINGLE=1 -DBUILD_DOUBLE=1 -DBUILD_COMPLEX=1 -DBUILD_COMPLEX16=1 -DVERSION=\"0.3.17.dev\" -msse3 -mssse3 -msse4.1 -mavx -mavx2 -mavx2 -UASMNAME -UASMFNAME -UNAME -UCNAME -UCHAR_NAME -UCHAR_CNAME -DASMNAME=strmv_thread_NLN -DASMFNAME=strmv_thread_NLN_ -DNAME=strmv_thread_NLN_ -DCNAME=strmv_thread_NLN -DCHAR_NAME=\"strmv_thread_NLN_\" -DCHAR_CNAME=\"strmv_thread_NLN\" -DNO_AFFINITY -I../.. -UDOUBLE  -UCOMPLEX -UCOMPLEX -UDOUBLE -DLOWER -UTRANSA -UUNIT trmv_thread.c -o strmv_thread_NLN.o
cc -c -O2 -DMAX_STACK_ALLOC=2048 -Wall -m64 -DF_INTERFACE_GFORT -fPIC -DNO_LAPACK -DNO_LAPACKE -DSMP_SERVER -DNO_WARMUP -DMAX_CPU_NUMBER=4 -DMAX_PARALLEL_NUMBER=1 -DBUILD_SINGLE=1 -DBUILD_DOUBLE=1 -DBUILD_COMPLEX=1 -DBUILD_COMPLEX16=1 -DVERSION=\"0.3.17.dev\" -msse3 -mssse3 -msse4.1 -mavx -mavx2 -mavx2 -UASMNAME -UASMFNAME -UNAME -UCNAME -UCHAR_NAME -UCHAR_CNAME -DASMNAME=strmv_thread_TUU -DASMFNAME=strmv_thread_TUU_ -DNAME=strmv_thread_TUU_ -DCNAME=strmv_thread_TUU -DCHAR_NAME=\"strmv_thread_TUU_\" -DCHAR_CNAME=\"strmv_thread_TUU\" -DNO_AFFINITY -I../.. -UDOUBLE  -UCOMPLEX -UCOMPLEX -UDOUBLE -ULOWER -DTRANSA -DUNIT trmv_thread.c -o strmv_thread_TUU.o
cc -c -O2 -DMAX_STACK_ALLOC=2048 -Wall -m64 -DF_INTERFACE_GFORT -fPIC -DNO_LAPACK -DNO_LAPACKE -DSMP_SERVER -DNO_WARMUP -DMAX_CPU_NUMBER=4 -DMAX_PARALLEL_NUMBER=1 -DBUILD_SINGLE=1 -DBUILD_DOUBLE=1 -DBUILD_COMPLEX=1 -DBUILD_COMPLEX16=1 -DVERSION=\"0.3.17.dev\" -msse3 -mssse3 -msse4.1 -mavx -mavx2 -mavx2 -UASMNAME -UASMFNAME -UNAME -UCNAME -UCHAR_NAME -UCHAR_CNAME -DASMNAME=strmv_thread_TUN -DASMFNAME=strmv_thread_TUN_ -DNAME=strmv_thread_TUN_ -DCNAME=strmv_thread_TUN -DCHAR_NAME=\"strmv_thread_TUN_\" -DCHAR_CNAME=\"strmv_thread_TUN\" -DNO_AFFINITY -I../.. -UDOUBLE  -UCOMPLEX -UCOMPLEX -UDOUBLE -ULOWER -DTRANSA -UUNIT trmv_thread.c -o strmv_thread_TUN.o
cc -c -O2 -DMAX_STACK_ALLOC=2048 -Wall -m64 -DF_INTERFACE_GFORT -fPIC -DNO_LAPACK -DNO_LAPACKE -DSMP_SERVER -DNO_WARMUP -DMAX_CPU_NUMBER=4 -DMAX_PARALLEL_NUMBER=1 -DBUILD_SINGLE=1 -DBUILD_DOUBLE=1 -DBUILD_COMPLEX=1 -DBUILD_COMPLEX16=1 -DVERSION=\"0.3.17.dev\" -msse3 -mssse3 -msse4.1 -mavx -mavx2 -mavx2 -UASMNAME -UASMFNAME -UNAME -UCNAME -UCHAR_NAME -UCHAR_CNAME -DASMNAME=strmv_thread_TLU -DASMFNAME=strmv_thread_TLU_ -DNAME=strmv_thread_TLU_ -DCNAME=strmv_thread_TLU -DCHAR_NAME=\"strmv_thread_TLU_\" -DCHAR_CNAME=\"strmv_thread_TLU\" -DNO_AFFINITY -I../.. -UDOUBLE  -UCOMPLEX -UCOMPLEX -UDOUBLE -DLOWER -DTRANSA -DUNIT trmv_thread.c -o strmv_thread_TLU.o
cc -c -O2 -DMAX_STACK_ALLOC=2048 -Wall -m64 -DF_INTERFACE_GFORT -fPIC -DNO_LAPACK -DNO_LAPACKE -DSMP_SERVER -DNO_WARMUP -DMAX_CPU_NUMBER=4 -DMAX_PARALLEL_NUMBER=1 -DBUILD_SINGLE=1 -DBUILD_DOUBLE=1 -DBUILD_COMPLEX=1 -DBUILD_COMPLEX16=1 -DVERSION=\"0.3.17.dev\" -msse3 -mssse3 -msse4.1 -mavx -mavx2 -mavx2 -UASMNAME -UASMFNAME -UNAME -UCNAME -UCHAR_NAME -UCHAR_CNAME -DASMNAME=strmv_thread_TLN -DASMFNAME=strmv_thread_TLN_ -DNAME=strmv_thread_TLN_ -DCNAME=strmv_thread_TLN -DCHAR_NAME=\"strmv_thread_TLN_\" -DCHAR_CNAME=\"strmv_thread_TLN\" -DNO_AFFINITY -I../.. -UDOUBLE  -UCOMPLEX -UCOMPLEX -UDOUBLE -DLOWER -DTRANSA -UUNIT trmv_thread.c -o strmv_thread_TLN.o
cc -c -O2 -DMAX_STACK_ALLOC=2048 -Wall -m64 -DF_INTERFACE_GFORT -fPIC -DNO_LAPACK -DNO_LAPACKE -DSMP_SERVER -DNO_WARMUP -DMAX_CPU_NUMBER=4 -DMAX_PARALLEL_NUMBER=1 -DBUILD_SINGLE=1 -DBUILD_DOUBLE=1 -DBUILD_COMPLEX=1 -DBUILD_COMPLEX16=1 -DVERSION=\"0.3.17.dev\" -msse3 -mssse3 -msse4.1 -mavx -mavx2 -mavx2 -UASMNAME -UASMFNAME -UNAME -UCNAME -UCHAR_NAME -UCHAR_CNAME -DASMNAME=sspmv_thread_U -DASMFNAME=sspmv_thread_U_ -DNAME=sspmv_thread_U_ -DCNAME=sspmv_thread_U -DCHAR_NAME=\"sspmv_thread_U_\" -DCHAR_CNAME=\"sspmv_thread_U\" -DNO_AFFINITY -I../.. -UDOUBLE  -UCOMPLEX -UCOMPLEX -UDOUBLE -ULOWER spmv_thread.c -o sspmv_thread_U.o
cc -c -O2 -DMAX_STACK_ALLOC=2048 -Wall -m64 -DF_INTERFACE_GFORT -fPIC -DNO_LAPACK -DNO_LAPACKE -DSMP_SERVER -DNO_WARMUP -DMAX_CPU_NUMBER=4 -DMAX_PARALLEL_NUMBER=1 -DBUILD_SINGLE=1 -DBUILD_DOUBLE=1 -DBUILD_COMPLEX=1 -DBUILD_COMPLEX16=1 -DVERSION=\"0.3.17.dev\" -msse3 -mssse3 -msse4.1 -mavx -mavx2 -mavx2 -UASMNAME -UASMFNAME -UNAME -UCNAME -UCHAR_NAME -UCHAR_CNAME -DASMNAME=sspmv_thread_L -DASMFNAME=sspmv_thread_L_ -DNAME=sspmv_thread_L_ -DCNAME=sspmv_thread_L -DCHAR_NAME=\"sspmv_thread_L_\" -DCHAR_CNAME=\"sspmv_thread_L\" -DNO_AFFINITY -I../.. -UDOUBLE  -UCOMPLEX -UCOMPLEX -UDOUBLE -DLOWER spmv_thread.c -o sspmv_thread_L.o
cc -c -O2 -DMAX_STACK_ALLOC=2048 -Wall -m64 -DF_INTERFACE_GFORT -fPIC -DNO_LAPACK -DNO_LAPACKE -DSMP_SERVER -DNO_WARMUP -DMAX_CPU_NUMBER=4 -DMAX_PARALLEL_NUMBER=1 -DBUILD_SINGLE=1 -DBUILD_DOUBLE=1 -DBUILD_COMPLEX=1 -DBUILD_COMPLEX16=1 -DVERSION=\"0.3.17.dev\" -msse3 -mssse3 -msse4.1 -mavx -mavx2 -mavx2 -UASMNAME -UASMFNAME -UNAME -UCNAME -UCHAR_NAME -UCHAR_CNAME -DASMNAME=stpmv_thread_NUU -DASMFNAME=stpmv_thread_NUU_ -DNAME=stpmv_thread_NUU_ -DCNAME=stpmv_thread_NUU -DCHAR_NAME=\"stpmv_thread_NUU_\" -DCHAR_CNAME=\"stpmv_thread_NUU\" -DNO_AFFINITY -I../.. -UDOUBLE  -UCOMPLEX -UCOMPLEX -UDOUBLE -ULOWER -UTRANSA -DUNIT tpmv_thread.c -o stpmv_thread_NUU.o
cc -c -O2 -DMAX_STACK_ALLOC=2048 -Wall -m64 -DF_INTERFACE_GFORT -fPIC -DNO_LAPACK -DNO_LAPACKE -DSMP_SERVER -DNO_WARMUP -DMAX_CPU_NUMBER=4 -DMAX_PARALLEL_NUMBER=1 -DBUILD_SINGLE=1 -DBUILD_DOUBLE=1 -DBUILD_COMPLEX=1 -DBUILD_COMPLEX16=1 -DVERSION=\"0.3.17.dev\" -msse3 -mssse3 -msse4.1 -mavx -mavx2 -mavx2 -UASMNAME -UASMFNAME -UNAME -UCNAME -UCHAR_NAME -UCHAR_CNAME -DASMNAME=stpmv_thread_NUN -DASMFNAME=stpmv_thread_NUN_ -DNAME=stpmv_thread_NUN_ -DCNAME=stpmv_thread_NUN -DCHAR_NAME=\"stpmv_thread_NUN_\" -DCHAR_CNAME=\"stpmv_thread_NUN\" -DNO_AFFINITY -I../.. -UDOUBLE  -UCOMPLEX -UCOMPLEX -UDOUBLE -ULOWER -UTRANSA -UUNIT tpmv_thread.c -o stpmv_thread_NUN.o
cc -c -O2 -DMAX_STACK_ALLOC=2048 -Wall -m64 -DF_INTERFACE_GFORT -fPIC -DNO_LAPACK -DNO_LAPACKE -DSMP_SERVER -DNO_WARMUP -DMAX_CPU_NUMBER=4 -DMAX_PARALLEL_NUMBER=1 -DBUILD_SINGLE=1 -DBUILD_DOUBLE=1 -DBUILD_COMPLEX=1 -DBUILD_COMPLEX16=1 -DVERSION=\"0.3.17.dev\" -msse3 -mssse3 -msse4.1 -mavx -mavx2 -mavx2 -UASMNAME -UASMFNAME -UNAME -UCNAME -UCHAR_NAME -UCHAR_CNAME -DASMNAME=stpmv_thread_NLU -DASMFNAME=stpmv_thread_NLU_ -DNAME=stpmv_thread_NLU_ -DCNAME=stpmv_thread_NLU -DCHAR_NAME=\"stpmv_thread_NLU_\" -DCHAR_CNAME=\"stpmv_thread_NLU\" -DNO_AFFINITY -I../.. -UDOUBLE  -UCOMPLEX -UCOMPLEX -UDOUBLE -DLOWER -UTRANSA -DUNIT tpmv_thread.c -o stpmv_thread_NLU.o
cc -c -O2 -DMAX_STACK_ALLOC=2048 -Wall -m64 -DF_INTERFACE_GFORT -fPIC -DNO_LAPACK -DNO_LAPACKE -DSMP_SERVER -DNO_WARMUP -DMAX_CPU_NUMBER=4 -DMAX_PARALLEL_NUMBER=1 -DBUILD_SINGLE=1 -DBUILD_DOUBLE=1 -DBUILD_COMPLEX=1 -DBUILD_COMPLEX16=1 -DVERSION=\"0.3.17.dev\" -msse3 -mssse3 -msse4.1 -mavx -mavx2 -mavx2 -UASMNAME -UASMFNAME -UNAME -UCNAME -UCHAR_NAME -UCHAR_CNAME -DASMNAME=stpmv_thread_NLN -DASMFNAME=stpmv_thread_NLN_ -DNAME=stpmv_thread_NLN_ -DCNAME=stpmv_thread_NLN -DCHAR_NAME=\"stpmv_thread_NLN_\" -DCHAR_CNAME=\"stpmv_thread_NLN\" -DNO_AFFINITY -I../.. -UDOUBLE  -UCOMPLEX -UCOMPLEX -UDOUBLE -DLOWER -UTRANSA -UUNIT tpmv_thread.c -o stpmv_thread_NLN.o
cc -c -O2 -DMAX_STACK_ALLOC=2048 -Wall -m64 -DF_INTERFACE_GFORT -fPIC -DNO_LAPACK -DNO_LAPACKE -DSMP_SERVER -DNO_WARMUP -DMAX_CPU_NUMBER=4 -DMAX_PARALLEL_NUMBER=1 -DBUILD_SINGLE=1 -DBUILD_DOUBLE=1 -DBUILD_COMPLEX=1 -DBUILD_COMPLEX16=1 -DVERSION=\"0.3.17.dev\" -msse3 -mssse3 -msse4.1 -mavx -mavx2 -mavx2 -UASMNAME -UASMFNAME -UNAME -UCNAME -UCHAR_NAME -UCHAR_CNAME -DASMNAME=stpmv_thread_TUU -DASMFNAME=stpmv_thread_TUU_ -DNAME=stpmv_thread_TUU_ -DCNAME=stpmv_thread_TUU -DCHAR_NAME=\"stpmv_thread_TUU_\" -DCHAR_CNAME=\"stpmv_thread_TUU\" -DNO_AFFINITY -I../.. -UDOUBLE  -UCOMPLEX -UCOMPLEX -UDOUBLE -ULOWER -DTRANSA -DUNIT tpmv_thread.c -o stpmv_thread_TUU.o
cc -c -O2 -DMAX_STACK_ALLOC=2048 -Wall -m64 -DF_INTERFACE_GFORT -fPIC -DNO_LAPACK -DNO_LAPACKE -DSMP_SERVER -DNO_WARMUP -DMAX_CPU_NUMBER=4 -DMAX_PARALLEL_NUMBER=1 -DBUILD_SINGLE=1 -DBUILD_DOUBLE=1 -DBUILD_COMPLEX=1 -DBUILD_COMPLEX16=1 -DVERSION=\"0.3.17.dev\" -msse3 -mssse3 -msse4.1 -mavx -mavx2 -mavx2 -UASMNAME -UASMFNAME -UNAME -UCNAME -UCHAR_NAME -UCHAR_CNAME -DASMNAME=stpmv_thread_TUN -DASMFNAME=stpmv_thread_TUN_ -DNAME=stpmv_thread_TUN_ -DCNAME=stpmv_thread_TUN -DCHAR_NAME=\"stpmv_thread_TUN_\" -DCHAR_CNAME=\"stpmv_thread_TUN\" -DNO_AFFINITY -I../.. -UDOUBLE  -UCOMPLEX -UCOMPLEX -UDOUBLE -ULOWER -DTRANSA -UUNIT tpmv_thread.c -o stpmv_thread_TUN.o
cc -c -O2 -DMAX_STACK_ALLOC=2048 -Wall -m64 -DF_INTERFACE_GFORT -fPIC -DNO_LAPACK -DNO_LAPACKE -DSMP_SERVER -DNO_WARMUP -DMAX_CPU_NUMBER=4 -DMAX_PARALLEL_NUMBER=1 -DBUILD_SINGLE=1 -DBUILD_DOUBLE=1 -DBUILD_COMPLEX=1 -DBUILD_COMPLEX16=1 -DVERSION=\"0.3.17.dev\" -msse3 -mssse3 -msse4.1 -mavx -mavx2 -mavx2 -UASMNAME -UASMFNAME -UNAME -UCNAME -UCHAR_NAME -UCHAR_CNAME -DASMNAME=stpmv_thread_TLU -DASMFNAME=stpmv_thread_TLU_ -DNAME=stpmv_thread_TLU_ -DCNAME=stpmv_thread_TLU -DCHAR_NAME=\"stpmv_thread_TLU_\" -DCHAR_CNAME=\"stpmv_thread_TLU\" -DNO_AFFINITY -I../.. -UDOUBLE  -UCOMPLEX -UCOMPLEX -UDOUBLE -DLOWER -DTRANSA -DUNIT tpmv_thread.c -o stpmv_thread_TLU.o
cc -c -O2 -DMAX_STACK_ALLOC=2048 -Wall -m64 -DF_INTERFACE_GFORT -fPIC -DNO_LAPACK -DNO_LAPACKE -DSMP_SERVER -DNO_WARMUP -DMAX_CPU_NUMBER=4 -DMAX_PARALLEL_NUMBER=1 -DBUILD_SINGLE=1 -DBUILD_DOUBLE=1 -DBUILD_COMPLEX=1 -DBUILD_COMPLEX16=1 -DVERSION=\"0.3.17.dev\" -msse3 -mssse3 -msse4.1 -mavx -mavx2 -mavx2 -UASMNAME -UASMFNAME -UNAME -UCNAME -UCHAR_NAME -UCHAR_CNAME -DASMNAME=stpmv_thread_TLN -DASMFNAME=stpmv_thread_TLN_ -DNAME=stpmv_thread_TLN_ -DCNAME=stpmv_thread_TLN -DCHAR_NAME=\"stpmv_thread_TLN_\" -DCHAR_CNAME=\"stpmv_thread_TLN\" -DNO_AFFINITY -I../.. -UDOUBLE  -UCOMPLEX -UCOMPLEX -UDOUBLE -DLOWER -DTRANSA -UUNIT tpmv_thread.c -o stpmv_thread_TLN.o
cc -c -UCOMPLEX -UDOUBLE -UTRANSA -O2 -DMAX_STACK_ALLOC=2048 -Wall -m64 -DF_INTERFACE_GFORT -fPIC -DNO_LAPACK -DNO_LAPACKE -DSMP_SERVER -DNO_WARMUP -DMAX_CPU_NUMBER=4 -DMAX_PARALLEL_NUMBER=1 -DBUILD_SINGLE=1 -DBUILD_DOUBLE=1 -DBUILD_COMPLEX=1 -DBUILD_COMPLEX16=1 -DVERSION=\"0.3.17.dev\" -msse3 -mssse3 -msse4.1 -mavx -mavx2 -mavx2 -UASMNAME -UASMFNAME -UNAME -UCNAME -UCHAR_NAME -UCHAR_CNAME -DASMNAME=sgbmv_thread_n -DASMFNAME=sgbmv_thread_n_ -DNAME=sgbmv_thread_n_ -DCNAME=sgbmv_thread_n -DCHAR_NAME=\"sgbmv_thread_n_\" -DCHAR_CNAME=\"sgbmv_thread_n\" -DNO_AFFINITY -I../.. -UDOUBLE  -UCOMPLEX -o sgbmv_thread_n.o gbmv_thread.c
cc -c -UCOMPLEX -UDOUBLE -DTRANSA -O2 -DMAX_STACK_ALLOC=2048 -Wall -m64 -DF_INTERFACE_GFORT -fPIC -DNO_LAPACK -DNO_LAPACKE -DSMP_SERVER -DNO_WARMUP -DMAX_CPU_NUMBER=4 -DMAX_PARALLEL_NUMBER=1 -DBUILD_SINGLE=1 -DBUILD_DOUBLE=1 -DBUILD_COMPLEX=1 -DBUILD_COMPLEX16=1 -DVERSION=\"0.3.17.dev\" -msse3 -mssse3 -msse4.1 -mavx -mavx2 -mavx2 -UASMNAME -UASMFNAME -UNAME -UCNAME -UCHAR_NAME -UCHAR_CNAME -DASMNAME=sgbmv_thread_t -DASMFNAME=sgbmv_thread_t_ -DNAME=sgbmv_thread_t_ -DCNAME=sgbmv_thread_t -DCHAR_NAME=\"sgbmv_thread_t_\" -DCHAR_CNAME=\"sgbmv_thread_t\" -DNO_AFFINITY -I../.. -UDOUBLE  -UCOMPLEX -o sgbmv_thread_t.o gbmv_thread.c
cc -c -O2 -DMAX_STACK_ALLOC=2048 -Wall -m64 -DF_INTERFACE_GFORT -fPIC -DNO_LAPACK -DNO_LAPACKE -DSMP_SERVER -DNO_WARMUP -DMAX_CPU_NUMBER=4 -DMAX_PARALLEL_NUMBER=1 -DBUILD_SINGLE=1 -DBUILD_DOUBLE=1 -DBUILD_COMPLEX=1 -DBUILD_COMPLEX16=1 -DVERSION=\"0.3.17.dev\" -msse3 -mssse3 -msse4.1 -mavx -mavx2 -mavx2 -UASMNAME -UASMFNAME -UNAME -UCNAME -UCHAR_NAME -UCHAR_CNAME -DASMNAME=ssbmv_thread_U -DASMFNAME=ssbmv_thread_U_ -DNAME=ssbmv_thread_U_ -DCNAME=ssbmv_thread_U -DCHAR_NAME=\"ssbmv_thread_U_\" -DCHAR_CNAME=\"ssbmv_thread_U\" -DNO_AFFINITY -I../.. -UDOUBLE  -UCOMPLEX -UCOMPLEX -UDOUBLE -ULOWER sbmv_thread.c -o ssbmv_thread_U.o
cc -c -O2 -DMAX_STACK_ALLOC=2048 -Wall -m64 -DF_INTERFACE_GFORT -fPIC -DNO_LAPACK -DNO_LAPACKE -DSMP_SERVER -DNO_WARMUP -DMAX_CPU_NUMBER=4 -DMAX_PARALLEL_NUMBER=1 -DBUILD_SINGLE=1 -DBUILD_DOUBLE=1 -DBUILD_COMPLEX=1 -DBUILD_COMPLEX16=1 -DVERSION=\"0.3.17.dev\" -msse3 -mssse3 -msse4.1 -mavx -mavx2 -mavx2 -UASMNAME -UASMFNAME -UNAME -UCNAME -UCHAR_NAME -UCHAR_CNAME -DASMNAME=ssbmv_thread_L -DASMFNAME=ssbmv_thread_L_ -DNAME=ssbmv_thread_L_ -DCNAME=ssbmv_thread_L -DCHAR_NAME=\"ssbmv_thread_L_\" -DCHAR_CNAME=\"ssbmv_thread_L\" -DNO_AFFINITY -I../.. -UDOUBLE  -UCOMPLEX -UCOMPLEX -UDOUBLE -DLOWER sbmv_thread.c -o ssbmv_thread_L.o
cc -c -O2 -DMAX_STACK_ALLOC=2048 -Wall -m64 -DF_INTERFACE_GFORT -fPIC -DNO_LAPACK -DNO_LAPACKE -DSMP_SERVER -DNO_WARMUP -DMAX_CPU_NUMBER=4 -DMAX_PARALLEL_NUMBER=1 -DBUILD_SINGLE=1 -DBUILD_DOUBLE=1 -DBUILD_COMPLEX=1 -DBUILD_COMPLEX16=1 -DVERSION=\"0.3.17.dev\" -msse3 -mssse3 -msse4.1 -mavx -mavx2 -mavx2 -UASMNAME -UASMFNAME -UNAME -UCNAME -UCHAR_NAME -UCHAR_CNAME -DASMNAME=stbmv_thread_NUU -DASMFNAME=stbmv_thread_NUU_ -DNAME=stbmv_thread_NUU_ -DCNAME=stbmv_thread_NUU -DCHAR_NAME=\"stbmv_thread_NUU_\" -DCHAR_CNAME=\"stbmv_thread_NUU\" -DNO_AFFINITY -I../.. -UDOUBLE  -UCOMPLEX -UCOMPLEX -UDOUBLE -ULOWER -UTRANSA -DUNIT tbmv_thread.c -o stbmv_thread_NUU.o
cc -c -O2 -DMAX_STACK_ALLOC=2048 -Wall -m64 -DF_INTERFACE_GFORT -fPIC -DNO_LAPACK -DNO_LAPACKE -DSMP_SERVER -DNO_WARMUP -DMAX_CPU_NUMBER=4 -DMAX_PARALLEL_NUMBER=1 -DBUILD_SINGLE=1 -DBUILD_DOUBLE=1 -DBUILD_COMPLEX=1 -DBUILD_COMPLEX16=1 -DVERSION=\"0.3.17.dev\" -msse3 -mssse3 -msse4.1 -mavx -mavx2 -mavx2 -UASMNAME -UASMFNAME -UNAME -UCNAME -UCHAR_NAME -UCHAR_CNAME -DASMNAME=stbmv_thread_NUN -DASMFNAME=stbmv_thread_NUN_ -DNAME=stbmv_thread_NUN_ -DCNAME=stbmv_thread_NUN -DCHAR_NAME=\"stbmv_thread_NUN_\" -DCHAR_CNAME=\"stbmv_thread_NUN\" -DNO_AFFINITY -I../.. -UDOUBLE  -UCOMPLEX -UCOMPLEX -UDOUBLE -ULOWER -UTRANSA -UUNIT tbmv_thread.c -o stbmv_thread_NUN.o
cc -c -O2 -DMAX_STACK_ALLOC=2048 -Wall -m64 -DF_INTERFACE_GFORT -fPIC -DNO_LAPACK -DNO_LAPACKE -DSMP_SERVER -DNO_WARMUP -DMAX_CPU_NUMBER=4 -DMAX_PARALLEL_NUMBER=1 -DBUILD_SINGLE=1 -DBUILD_DOUBLE=1 -DBUILD_COMPLEX=1 -DBUILD_COMPLEX16=1 -DVERSION=\"0.3.17.dev\" -msse3 -mssse3 -msse4.1 -mavx -mavx2 -mavx2 -UASMNAME -UASMFNAME -UNAME -UCNAME -UCHAR_NAME -UCHAR_CNAME -DASMNAME=stbmv_thread_NLU -DASMFNAME=stbmv_thread_NLU_ -DNAME=stbmv_thread_NLU_ -DCNAME=stbmv_thread_NLU -DCHAR_NAME=\"stbmv_thread_NLU_\" -DCHAR_CNAME=\"stbmv_thread_NLU\" -DNO_AFFINITY -I../.. -UDOUBLE  -UCOMPLEX -UCOMPLEX -UDOUBLE -DLOWER -UTRANSA -DUNIT tbmv_thread.c -o stbmv_thread_NLU.o
cc -c -O2 -DMAX_STACK_ALLOC=2048 -Wall -m64 -DF_INTERFACE_GFORT -fPIC -DNO_LAPACK -DNO_LAPACKE -DSMP_SERVER -DNO_WARMUP -DMAX_CPU_NUMBER=4 -DMAX_PARALLEL_NUMBER=1 -DBUILD_SINGLE=1 -DBUILD_DOUBLE=1 -DBUILD_COMPLEX=1 -DBUILD_COMPLEX16=1 -DVERSION=\"0.3.17.dev\" -msse3 -mssse3 -msse4.1 -mavx -mavx2 -mavx2 -UASMNAME -UASMFNAME -UNAME -UCNAME -UCHAR_NAME -UCHAR_CNAME -DASMNAME=stbmv_thread_NLN -DASMFNAME=stbmv_thread_NLN_ -DNAME=stbmv_thread_NLN_ -DCNAME=stbmv_thread_NLN -DCHAR_NAME=\"stbmv_thread_NLN_\" -DCHAR_CNAME=\"stbmv_thread_NLN\" -DNO_AFFINITY -I../.. -UDOUBLE  -UCOMPLEX -UCOMPLEX -UDOUBLE -DLOWER -UTRANSA -UUNIT tbmv_thread.c -o stbmv_thread_NLN.o
cc -c -O2 -DMAX_STACK_ALLOC=2048 -Wall -m64 -DF_INTERFACE_GFORT -fPIC -DNO_LAPACK -DNO_LAPACKE -DSMP_SERVER -DNO_WARMUP -DMAX_CPU_NUMBER=4 -DMAX_PARALLEL_NUMBER=1 -DBUILD_SINGLE=1 -DBUILD_DOUBLE=1 -DBUILD_COMPLEX=1 -DBUILD_COMPLEX16=1 -DVERSION=\"0.3.17.dev\" -msse3 -mssse3 -msse4.1 -mavx -mavx2 -mavx2 -UASMNAME -UASMFNAME -UNAME -UCNAME -UCHAR_NAME -UCHAR_CNAME -DASMNAME=stbmv_thread_TUU -DASMFNAME=stbmv_thread_TUU_ -DNAME=stbmv_thread_TUU_ -DCNAME=stbmv_thread_TUU -DCHAR_NAME=\"stbmv_thread_TUU_\" -DCHAR_CNAME=\"stbmv_thread_TUU\" -DNO_AFFINITY -I../.. -UDOUBLE  -UCOMPLEX -UCOMPLEX -UDOUBLE -ULOWER -DTRANSA -DUNIT tbmv_thread.c -o stbmv_thread_TUU.o
cc -c -O2 -DMAX_STACK_ALLOC=2048 -Wall -m64 -DF_INTERFACE_GFORT -fPIC -DNO_LAPACK -DNO_LAPACKE -DSMP_SERVER -DNO_WARMUP -DMAX_CPU_NUMBER=4 -DMAX_PARALLEL_NUMBER=1 -DBUILD_SINGLE=1 -DBUILD_DOUBLE=1 -DBUILD_COMPLEX=1 -DBUILD_COMPLEX16=1 -DVERSION=\"0.3.17.dev\" -msse3 -mssse3 -msse4.1 -mavx -mavx2 -mavx2 -UASMNAME -UASMFNAME -UNAME -UCNAME -UCHAR_NAME -UCHAR_CNAME -DASMNAME=stbmv_thread_TUN -DASMFNAME=stbmv_thread_TUN_ -DNAME=stbmv_thread_TUN_ -DCNAME=stbmv_thread_TUN -DCHAR_NAME=\"stbmv_thread_TUN_\" -DCHAR_CNAME=\"stbmv_thread_TUN\" -DNO_AFFINITY -I../.. -UDOUBLE  -UCOMPLEX -UCOMPLEX -UDOUBLE -ULOWER -DTRANSA -UUNIT tbmv_thread.c -o stbmv_thread_TUN.o
cc -c -O2 -DMAX_STACK_ALLOC=2048 -Wall -m64 -DF_INTERFACE_GFORT -fPIC -DNO_LAPACK -DNO_LAPACKE -DSMP_SERVER -DNO_WARMUP -DMAX_CPU_NUMBER=4 -DMAX_PARALLEL_NUMBER=1 -DBUILD_SINGLE=1 -DBUILD_DOUBLE=1 -DBUILD_COMPLEX=1 -DBUILD_COMPLEX16=1 -DVERSION=\"0.3.17.dev\" -msse3 -mssse3 -msse4.1 -mavx -mavx2 -mavx2 -UASMNAME -UASMFNAME -UNAME -UCNAME -UCHAR_NAME -UCHAR_CNAME -DASMNAME=stbmv_thread_TLU -DASMFNAME=stbmv_thread_TLU_ -DNAME=stbmv_thread_TLU_ -DCNAME=stbmv_thread_TLU -DCHAR_NAME=\"stbmv_thread_TLU_\" -DCHAR_CNAME=\"stbmv_thread_TLU\" -DNO_AFFINITY -I../.. -UDOUBLE  -UCOMPLEX -UCOMPLEX -UDOUBLE -DLOWER -DTRANSA -DUNIT tbmv_thread.c -o stbmv_thread_TLU.o
cc -c -O2 -DMAX_STACK_ALLOC=2048 -Wall -m64 -DF_INTERFACE_GFORT -fPIC -DNO_LAPACK -DNO_LAPACKE -DSMP_SERVER -DNO_WARMUP -DMAX_CPU_NUMBER=4 -DMAX_PARALLEL_NUMBER=1 -DBUILD_SINGLE=1 -DBUILD_DOUBLE=1 -DBUILD_COMPLEX=1 -DBUILD_COMPLEX16=1 -DVERSION=\"0.3.17.dev\" -msse3 -mssse3 -msse4.1 -mavx -mavx2 -mavx2 -UASMNAME -UASMFNAME -UNAME -UCNAME -UCHAR_NAME -UCHAR_CNAME -DASMNAME=stbmv_thread_TLN -DASMFNAME=stbmv_thread_TLN_ -DNAME=stbmv_thread_TLN_ -DCNAME=stbmv_thread_TLN -DCHAR_NAME=\"stbmv_thread_TLN_\" -DCHAR_CNAME=\"stbmv_thread_TLN\" -DNO_AFFINITY -I../.. -UDOUBLE  -UCOMPLEX -UCOMPLEX -UDOUBLE -DLOWER -DTRANSA -UUNIT tbmv_thread.c -o stbmv_thread_TLN.o
cc -c -UCOMPLEX -DDOUBLE -UTRANS -O2 -DMAX_STACK_ALLOC=2048 -Wall -m64 -DF_INTERFACE_GFORT -fPIC -DNO_LAPACK -DNO_LAPACKE -DSMP_SERVER -DNO_WARMUP -DMAX_CPU_NUMBER=4 -DMAX_PARALLEL_NUMBER=1 -DBUILD_SINGLE=1 -DBUILD_DOUBLE=1 -DBUILD_COMPLEX=1 -DBUILD_COMPLEX16=1 -DVERSION=\"0.3.17.dev\" -msse3 -mssse3 -msse4.1 -mavx -mavx2 -mavx2 -UASMNAME -UASMFNAME -UNAME -UCNAME -UCHAR_NAME -UCHAR_CNAME -DASMNAME=dgbmv_n -DASMFNAME=dgbmv_n_ -DNAME=dgbmv_n_ -DCNAME=dgbmv_n -DCHAR_NAME=\"dgbmv_n_\" -DCHAR_CNAME=\"dgbmv_n\" -DNO_AFFINITY -I../.. -DDOUBLE  -UCOMPLEX -o dgbmv_n.o gbmv_k.c
cc -c -UCOMPLEX -DDOUBLE -DTRANS -O2 -DMAX_STACK_ALLOC=2048 -Wall -m64 -DF_INTERFACE_GFORT -fPIC -DNO_LAPACK -DNO_LAPACKE -DSMP_SERVER -DNO_WARMUP -DMAX_CPU_NUMBER=4 -DMAX_PARALLEL_NUMBER=1 -DBUILD_SINGLE=1 -DBUILD_DOUBLE=1 -DBUILD_COMPLEX=1 -DBUILD_COMPLEX16=1 -DVERSION=\"0.3.17.dev\" -msse3 -mssse3 -msse4.1 -mavx -mavx2 -mavx2 -UASMNAME -UASMFNAME -UNAME -UCNAME -UCHAR_NAME -UCHAR_CNAME -DASMNAME=dgbmv_t -DASMFNAME=dgbmv_t_ -DNAME=dgbmv_t_ -DCNAME=dgbmv_t -DCHAR_NAME=\"dgbmv_t_\" -DCHAR_CNAME=\"dgbmv_t\" -DNO_AFFINITY -I../.. -DDOUBLE  -UCOMPLEX -o dgbmv_t.o gbmv_k.c
cc -c -O2 -DMAX_STACK_ALLOC=2048 -Wall -m64 -DF_INTERFACE_GFORT -fPIC -DNO_LAPACK -DNO_LAPACKE -DSMP_SERVER -DNO_WARMUP -DMAX_CPU_NUMBER=4 -DMAX_PARALLEL_NUMBER=1 -DBUILD_SINGLE=1 -DBUILD_DOUBLE=1 -DBUILD_COMPLEX=1 -DBUILD_COMPLEX16=1 -DVERSION=\"0.3.17.dev\" -msse3 -mssse3 -msse4.1 -mavx -mavx2 -mavx2 -UASMNAME -UASMFNAME -UNAME -UCNAME -UCHAR_NAME -UCHAR_CNAME -DASMNAME=dsbmv_U -DASMFNAME=dsbmv_U_ -DNAME=dsbmv_U_ -DCNAME=dsbmv_U -DCHAR_NAME=\"dsbmv_U_\" -DCHAR_CNAME=\"dsbmv_U\" -DNO_AFFINITY -I../.. -DDOUBLE  -UCOMPLEX -UCOMPLEX -DDOUBLE -ULOWER sbmv_k.c -o dsbmv_U.o
cc -c -O2 -DMAX_STACK_ALLOC=2048 -Wall -m64 -DF_INTERFACE_GFORT -fPIC -DNO_LAPACK -DNO_LAPACKE -DSMP_SERVER -DNO_WARMUP -DMAX_CPU_NUMBER=4 -DMAX_PARALLEL_NUMBER=1 -DBUILD_SINGLE=1 -DBUILD_DOUBLE=1 -DBUILD_COMPLEX=1 -DBUILD_COMPLEX16=1 -DVERSION=\"0.3.17.dev\" -msse3 -mssse3 -msse4.1 -mavx -mavx2 -mavx2 -UASMNAME -UASMFNAME -UNAME -UCNAME -UCHAR_NAME -UCHAR_CNAME -DASMNAME=dsbmv_L -DASMFNAME=dsbmv_L_ -DNAME=dsbmv_L_ -DCNAME=dsbmv_L -DCHAR_NAME=\"dsbmv_L_\" -DCHAR_CNAME=\"dsbmv_L\" -DNO_AFFINITY -I../.. -DDOUBLE  -UCOMPLEX -UCOMPLEX -DDOUBLE -DLOWER sbmv_k.c -o dsbmv_L.o
cc -c -O2 -DMAX_STACK_ALLOC=2048 -Wall -m64 -DF_INTERFACE_GFORT -fPIC -DNO_LAPACK -DNO_LAPACKE -DSMP_SERVER -DNO_WARMUP -DMAX_CPU_NUMBER=4 -DMAX_PARALLEL_NUMBER=1 -DBUILD_SINGLE=1 -DBUILD_DOUBLE=1 -DBUILD_COMPLEX=1 -DBUILD_COMPLEX16=1 -DVERSION=\"0.3.17.dev\" -msse3 -mssse3 -msse4.1 -mavx -mavx2 -mavx2 -UASMNAME -UASMFNAME -UNAME -UCNAME -UCHAR_NAME -UCHAR_CNAME -DASMNAME=dspmv_U -DASMFNAME=dspmv_U_ -DNAME=dspmv_U_ -DCNAME=dspmv_U -DCHAR_NAME=\"dspmv_U_\" -DCHAR_CNAME=\"dspmv_U\" -DNO_AFFINITY -I../.. -DDOUBLE  -UCOMPLEX -UCOMPLEX -DDOUBLE -ULOWER spmv_k.c -o dspmv_U.o
cc -c -O2 -DMAX_STACK_ALLOC=2048 -Wall -m64 -DF_INTERFACE_GFORT -fPIC -DNO_LAPACK -DNO_LAPACKE -DSMP_SERVER -DNO_WARMUP -DMAX_CPU_NUMBER=4 -DMAX_PARALLEL_NUMBER=1 -DBUILD_SINGLE=1 -DBUILD_DOUBLE=1 -DBUILD_COMPLEX=1 -DBUILD_COMPLEX16=1 -DVERSION=\"0.3.17.dev\" -msse3 -mssse3 -msse4.1 -mavx -mavx2 -mavx2 -UASMNAME -UASMFNAME -UNAME -UCNAME -UCHAR_NAME -UCHAR_CNAME -DASMNAME=dspmv_L -DASMFNAME=dspmv_L_ -DNAME=dspmv_L_ -DCNAME=dspmv_L -DCHAR_NAME=\"dspmv_L_\" -DCHAR_CNAME=\"dspmv_L\" -DNO_AFFINITY -I../.. -DDOUBLE  -UCOMPLEX -UCOMPLEX -DDOUBLE -DLOWER spmv_k.c -o dspmv_L.o
cc -c -O2 -DMAX_STACK_ALLOC=2048 -Wall -m64 -DF_INTERFACE_GFORT -fPIC -DNO_LAPACK -DNO_LAPACKE -DSMP_SERVER -DNO_WARMUP -DMAX_CPU_NUMBER=4 -DMAX_PARALLEL_NUMBER=1 -DBUILD_SINGLE=1 -DBUILD_DOUBLE=1 -DBUILD_COMPLEX=1 -DBUILD_COMPLEX16=1 -DVERSION=\"0.3.17.dev\" -msse3 -mssse3 -msse4.1 -mavx -mavx2 -mavx2 -UASMNAME -UASMFNAME -UNAME -UCNAME -UCHAR_NAME -UCHAR_CNAME -DASMNAME=dspr_U -DASMFNAME=dspr_U_ -DNAME=dspr_U_ -DCNAME=dspr_U -DCHAR_NAME=\"dspr_U_\" -DCHAR_CNAME=\"dspr_U\" -DNO_AFFINITY -I../.. -DDOUBLE  -UCOMPLEX -UCOMPLEX -DDOUBLE -ULOWER spr_k.c -o dspr_U.o
cc -c -O2 -DMAX_STACK_ALLOC=2048 -Wall -m64 -DF_INTERFACE_GFORT -fPIC -DNO_LAPACK -DNO_LAPACKE -DSMP_SERVER -DNO_WARMUP -DMAX_CPU_NUMBER=4 -DMAX_PARALLEL_NUMBER=1 -DBUILD_SINGLE=1 -DBUILD_DOUBLE=1 -DBUILD_COMPLEX=1 -DBUILD_COMPLEX16=1 -DVERSION=\"0.3.17.dev\" -msse3 -mssse3 -msse4.1 -mavx -mavx2 -mavx2 -UASMNAME -UASMFNAME -UNAME -UCNAME -UCHAR_NAME -UCHAR_CNAME -DASMNAME=dspr_L -DASMFNAME=dspr_L_ -DNAME=dspr_L_ -DCNAME=dspr_L -DCHAR_NAME=\"dspr_L_\" -DCHAR_CNAME=\"dspr_L\" -DNO_AFFINITY -I../.. -DDOUBLE  -UCOMPLEX -UCOMPLEX -DDOUBLE -DLOWER spr_k.c -o dspr_L.o
cc -c -O2 -DMAX_STACK_ALLOC=2048 -Wall -m64 -DF_INTERFACE_GFORT -fPIC -DNO_LAPACK -DNO_LAPACKE -DSMP_SERVER -DNO_WARMUP -DMAX_CPU_NUMBER=4 -DMAX_PARALLEL_NUMBER=1 -DBUILD_SINGLE=1 -DBUILD_DOUBLE=1 -DBUILD_COMPLEX=1 -DBUILD_COMPLEX16=1 -DVERSION=\"0.3.17.dev\" -msse3 -mssse3 -msse4.1 -mavx -mavx2 -mavx2 -UASMNAME -UASMFNAME -UNAME -UCNAME -UCHAR_NAME -UCHAR_CNAME -DASMNAME=dspr2_U -DASMFNAME=dspr2_U_ -DNAME=dspr2_U_ -DCNAME=dspr2_U -DCHAR_NAME=\"dspr2_U_\" -DCHAR_CNAME=\"dspr2_U\" -DNO_AFFINITY -I../.. -DDOUBLE  -UCOMPLEX -UCOMPLEX -DDOUBLE -ULOWER spr2_k.c -o dspr2_U.o
cc -c -O2 -DMAX_STACK_ALLOC=2048 -Wall -m64 -DF_INTERFACE_GFORT -fPIC -DNO_LAPACK -DNO_LAPACKE -DSMP_SERVER -DNO_WARMUP -DMAX_CPU_NUMBER=4 -DMAX_PARALLEL_NUMBER=1 -DBUILD_SINGLE=1 -DBUILD_DOUBLE=1 -DBUILD_COMPLEX=1 -DBUILD_COMPLEX16=1 -DVERSION=\"0.3.17.dev\" -msse3 -mssse3 -msse4.1 -mavx -mavx2 -mavx2 -UASMNAME -UASMFNAME -UNAME -UCNAME -UCHAR_NAME -UCHAR_CNAME -DASMNAME=dspr2_L -DASMFNAME=dspr2_L_ -DNAME=dspr2_L_ -DCNAME=dspr2_L -DCHAR_NAME=\"dspr2_L_\" -DCHAR_CNAME=\"dspr2_L\" -DNO_AFFINITY -I../.. -DDOUBLE  -UCOMPLEX -UCOMPLEX -DDOUBLE -DLOWER spr2_k.c -o dspr2_L.o
cc -c -O2 -DMAX_STACK_ALLOC=2048 -Wall -m64 -DF_INTERFACE_GFORT -fPIC -DNO_LAPACK -DNO_LAPACKE -DSMP_SERVER -DNO_WARMUP -DMAX_CPU_NUMBER=4 -DMAX_PARALLEL_NUMBER=1 -DBUILD_SINGLE=1 -DBUILD_DOUBLE=1 -DBUILD_COMPLEX=1 -DBUILD_COMPLEX16=1 -DVERSION=\"0.3.17.dev\" -msse3 -mssse3 -msse4.1 -mavx -mavx2 -mavx2 -UASMNAME -UASMFNAME -UNAME -UCNAME -UCHAR_NAME -UCHAR_CNAME -DASMNAME=dsyr_U -DASMFNAME=dsyr_U_ -DNAME=dsyr_U_ -DCNAME=dsyr_U -DCHAR_NAME=\"dsyr_U_\" -DCHAR_CNAME=\"dsyr_U\" -DNO_AFFINITY -I../.. -DDOUBLE  -UCOMPLEX -UCOMPLEX -DDOUBLE -ULOWER syr_k.c -o dsyr_U.o
cc -c -O2 -DMAX_STACK_ALLOC=2048 -Wall -m64 -DF_INTERFACE_GFORT -fPIC -DNO_LAPACK -DNO_LAPACKE -DSMP_SERVER -DNO_WARMUP -DMAX_CPU_NUMBER=4 -DMAX_PARALLEL_NUMBER=1 -DBUILD_SINGLE=1 -DBUILD_DOUBLE=1 -DBUILD_COMPLEX=1 -DBUILD_COMPLEX16=1 -DVERSION=\"0.3.17.dev\" -msse3 -mssse3 -msse4.1 -mavx -mavx2 -mavx2 -UASMNAME -UASMFNAME -UNAME -UCNAME -UCHAR_NAME -UCHAR_CNAME -DASMNAME=dsyr_L -DASMFNAME=dsyr_L_ -DNAME=dsyr_L_ -DCNAME=dsyr_L -DCHAR_NAME=\"dsyr_L_\" -DCHAR_CNAME=\"dsyr_L\" -DNO_AFFINITY -I../.. -DDOUBLE  -UCOMPLEX -UCOMPLEX -DDOUBLE -DLOWER syr_k.c -o dsyr_L.o
cc -c -O2 -DMAX_STACK_ALLOC=2048 -Wall -m64 -DF_INTERFACE_GFORT -fPIC -DNO_LAPACK -DNO_LAPACKE -DSMP_SERVER -DNO_WARMUP -DMAX_CPU_NUMBER=4 -DMAX_PARALLEL_NUMBER=1 -DBUILD_SINGLE=1 -DBUILD_DOUBLE=1 -DBUILD_COMPLEX=1 -DBUILD_COMPLEX16=1 -DVERSION=\"0.3.17.dev\" -msse3 -mssse3 -msse4.1 -mavx -mavx2 -mavx2 -UASMNAME -UASMFNAME -UNAME -UCNAME -UCHAR_NAME -UCHAR_CNAME -DASMNAME=dsyr2_U -DASMFNAME=dsyr2_U_ -DNAME=dsyr2_U_ -DCNAME=dsyr2_U -DCHAR_NAME=\"dsyr2_U_\" -DCHAR_CNAME=\"dsyr2_U\" -DNO_AFFINITY -I../.. -DDOUBLE  -UCOMPLEX -UCOMPLEX -DDOUBLE -ULOWER syr2_k.c -o dsyr2_U.o
cc -c -O2 -DMAX_STACK_ALLOC=2048 -Wall -m64 -DF_INTERFACE_GFORT -fPIC -DNO_LAPACK -DNO_LAPACKE -DSMP_SERVER -DNO_WARMUP -DMAX_CPU_NUMBER=4 -DMAX_PARALLEL_NUMBER=1 -DBUILD_SINGLE=1 -DBUILD_DOUBLE=1 -DBUILD_COMPLEX=1 -DBUILD_COMPLEX16=1 -DVERSION=\"0.3.17.dev\" -msse3 -mssse3 -msse4.1 -mavx -mavx2 -mavx2 -UASMNAME -UASMFNAME -UNAME -UCNAME -UCHAR_NAME -UCHAR_CNAME -DASMNAME=dsyr2_L -DASMFNAME=dsyr2_L_ -DNAME=dsyr2_L_ -DCNAME=dsyr2_L -DCHAR_NAME=\"dsyr2_L_\" -DCHAR_CNAME=\"dsyr2_L\" -DNO_AFFINITY -I../.. -DDOUBLE  -UCOMPLEX -UCOMPLEX -DDOUBLE -DLOWER syr2_k.c -o dsyr2_L.o
cc -c -O2 -DMAX_STACK_ALLOC=2048 -Wall -m64 -DF_INTERFACE_GFORT -fPIC -DNO_LAPACK -DNO_LAPACKE -DSMP_SERVER -DNO_WARMUP -DMAX_CPU_NUMBER=4 -DMAX_PARALLEL_NUMBER=1 -DBUILD_SINGLE=1 -DBUILD_DOUBLE=1 -DBUILD_COMPLEX=1 -DBUILD_COMPLEX16=1 -DVERSION=\"0.3.17.dev\" -msse3 -mssse3 -msse4.1 -mavx -mavx2 -mavx2 -UASMNAME -UASMFNAME -UNAME -UCNAME -UCHAR_NAME -UCHAR_CNAME -DASMNAME=dtbmv_NUU -DASMFNAME=dtbmv_NUU_ -DNAME=dtbmv_NUU_ -DCNAME=dtbmv_NUU -DCHAR_NAME=\"dtbmv_NUU_\" -DCHAR_CNAME=\"dtbmv_NUU\" -DNO_AFFINITY -I../.. -DDOUBLE  -UCOMPLEX -UCOMPLEX -DDOUBLE -UTRANSA -DUNIT tbmv_U.c -o dtbmv_NUU.o
cc -c -O2 -DMAX_STACK_ALLOC=2048 -Wall -m64 -DF_INTERFACE_GFORT -fPIC -DNO_LAPACK -DNO_LAPACKE -DSMP_SERVER -DNO_WARMUP -DMAX_CPU_NUMBER=4 -DMAX_PARALLEL_NUMBER=1 -DBUILD_SINGLE=1 -DBUILD_DOUBLE=1 -DBUILD_COMPLEX=1 -DBUILD_COMPLEX16=1 -DVERSION=\"0.3.17.dev\" -msse3 -mssse3 -msse4.1 -mavx -mavx2 -mavx2 -UASMNAME -UASMFNAME -UNAME -UCNAME -UCHAR_NAME -UCHAR_CNAME -DASMNAME=dtbmv_NUN -DASMFNAME=dtbmv_NUN_ -DNAME=dtbmv_NUN_ -DCNAME=dtbmv_NUN -DCHAR_NAME=\"dtbmv_NUN_\" -DCHAR_CNAME=\"dtbmv_NUN\" -DNO_AFFINITY -I../.. -DDOUBLE  -UCOMPLEX -UCOMPLEX -DDOUBLE -UTRANSA -UUNIT tbmv_U.c -o dtbmv_NUN.o
cc -c -O2 -DMAX_STACK_ALLOC=2048 -Wall -m64 -DF_INTERFACE_GFORT -fPIC -DNO_LAPACK -DNO_LAPACKE -DSMP_SERVER -DNO_WARMUP -DMAX_CPU_NUMBER=4 -DMAX_PARALLEL_NUMBER=1 -DBUILD_SINGLE=1 -DBUILD_DOUBLE=1 -DBUILD_COMPLEX=1 -DBUILD_COMPLEX16=1 -DVERSION=\"0.3.17.dev\" -msse3 -mssse3 -msse4.1 -mavx -mavx2 -mavx2 -UASMNAME -UASMFNAME -UNAME -UCNAME -UCHAR_NAME -UCHAR_CNAME -DASMNAME=dtbmv_NLU -DASMFNAME=dtbmv_NLU_ -DNAME=dtbmv_NLU_ -DCNAME=dtbmv_NLU -DCHAR_NAME=\"dtbmv_NLU_\" -DCHAR_CNAME=\"dtbmv_NLU\" -DNO_AFFINITY -I../.. -DDOUBLE  -UCOMPLEX -UCOMPLEX -DDOUBLE -UTRANSA -DUNIT tbmv_L.c -o dtbmv_NLU.o
cc -c -O2 -DMAX_STACK_ALLOC=2048 -Wall -m64 -DF_INTERFACE_GFORT -fPIC -DNO_LAPACK -DNO_LAPACKE -DSMP_SERVER -DNO_WARMUP -DMAX_CPU_NUMBER=4 -DMAX_PARALLEL_NUMBER=1 -DBUILD_SINGLE=1 -DBUILD_DOUBLE=1 -DBUILD_COMPLEX=1 -DBUILD_COMPLEX16=1 -DVERSION=\"0.3.17.dev\" -msse3 -mssse3 -msse4.1 -mavx -mavx2 -mavx2 -UASMNAME -UASMFNAME -UNAME -UCNAME -UCHAR_NAME -UCHAR_CNAME -DASMNAME=dtbmv_NLN -DASMFNAME=dtbmv_NLN_ -DNAME=dtbmv_NLN_ -DCNAME=dtbmv_NLN -DCHAR_NAME=\"dtbmv_NLN_\" -DCHAR_CNAME=\"dtbmv_NLN\" -DNO_AFFINITY -I../.. -DDOUBLE  -UCOMPLEX -UCOMPLEX -DDOUBLE -UTRANSA -UUNIT tbmv_L.c -o dtbmv_NLN.o
cc -c -O2 -DMAX_STACK_ALLOC=2048 -Wall -m64 -DF_INTERFACE_GFORT -fPIC -DNO_LAPACK -DNO_LAPACKE -DSMP_SERVER -DNO_WARMUP -DMAX_CPU_NUMBER=4 -DMAX_PARALLEL_NUMBER=1 -DBUILD_SINGLE=1 -DBUILD_DOUBLE=1 -DBUILD_COMPLEX=1 -DBUILD_COMPLEX16=1 -DVERSION=\"0.3.17.dev\" -msse3 -mssse3 -msse4.1 -mavx -mavx2 -mavx2 -UASMNAME -UASMFNAME -UNAME -UCNAME -UCHAR_NAME -UCHAR_CNAME -DASMNAME=dtbmv_TUU -DASMFNAME=dtbmv_TUU_ -DNAME=dtbmv_TUU_ -DCNAME=dtbmv_TUU -DCHAR_NAME=\"dtbmv_TUU_\" -DCHAR_CNAME=\"dtbmv_TUU\" -DNO_AFFINITY -I../.. -DDOUBLE  -UCOMPLEX -UCOMPLEX -DDOUBLE -DTRANSA -DUNIT tbmv_L.c -o dtbmv_TUU.o
cc -c -O2 -DMAX_STACK_ALLOC=2048 -Wall -m64 -DF_INTERFACE_GFORT -fPIC -DNO_LAPACK -DNO_LAPACKE -DSMP_SERVER -DNO_WARMUP -DMAX_CPU_NUMBER=4 -DMAX_PARALLEL_NUMBER=1 -DBUILD_SINGLE=1 -DBUILD_DOUBLE=1 -DBUILD_COMPLEX=1 -DBUILD_COMPLEX16=1 -DVERSION=\"0.3.17.dev\" -msse3 -mssse3 -msse4.1 -mavx -mavx2 -mavx2 -UASMNAME -UASMFNAME -UNAME -UCNAME -UCHAR_NAME -UCHAR_CNAME -DASMNAME=dtbmv_TUN -DASMFNAME=dtbmv_TUN_ -DNAME=dtbmv_TUN_ -DCNAME=dtbmv_TUN -DCHAR_NAME=\"dtbmv_TUN_\" -DCHAR_CNAME=\"dtbmv_TUN\" -DNO_AFFINITY -I../.. -DDOUBLE  -UCOMPLEX -UCOMPLEX -DDOUBLE -DTRANSA -UUNIT tbmv_L.c -o dtbmv_TUN.o
cc -c -O2 -DMAX_STACK_ALLOC=2048 -Wall -m64 -DF_INTERFACE_GFORT -fPIC -DNO_LAPACK -DNO_LAPACKE -DSMP_SERVER -DNO_WARMUP -DMAX_CPU_NUMBER=4 -DMAX_PARALLEL_NUMBER=1 -DBUILD_SINGLE=1 -DBUILD_DOUBLE=1 -DBUILD_COMPLEX=1 -DBUILD_COMPLEX16=1 -DVERSION=\"0.3.17.dev\" -msse3 -mssse3 -msse4.1 -mavx -mavx2 -mavx2 -UASMNAME -UASMFNAME -UNAME -UCNAME -UCHAR_NAME -UCHAR_CNAME -DASMNAME=dtbmv_TLU -DASMFNAME=dtbmv_TLU_ -DNAME=dtbmv_TLU_ -DCNAME=dtbmv_TLU -DCHAR_NAME=\"dtbmv_TLU_\" -DCHAR_CNAME=\"dtbmv_TLU\" -DNO_AFFINITY -I../.. -DDOUBLE  -UCOMPLEX -UCOMPLEX -DDOUBLE -DTRANSA -DUNIT tbmv_U.c -o dtbmv_TLU.o
cc -c -O2 -DMAX_STACK_ALLOC=2048 -Wall -m64 -DF_INTERFACE_GFORT -fPIC -DNO_LAPACK -DNO_LAPACKE -DSMP_SERVER -DNO_WARMUP -DMAX_CPU_NUMBER=4 -DMAX_PARALLEL_NUMBER=1 -DBUILD_SINGLE=1 -DBUILD_DOUBLE=1 -DBUILD_COMPLEX=1 -DBUILD_COMPLEX16=1 -DVERSION=\"0.3.17.dev\" -msse3 -mssse3 -msse4.1 -mavx -mavx2 -mavx2 -UASMNAME -UASMFNAME -UNAME -UCNAME -UCHAR_NAME -UCHAR_CNAME -DASMNAME=dtbmv_TLN -DASMFNAME=dtbmv_TLN_ -DNAME=dtbmv_TLN_ -DCNAME=dtbmv_TLN -DCHAR_NAME=\"dtbmv_TLN_\" -DCHAR_CNAME=\"dtbmv_TLN\" -DNO_AFFINITY -I../.. -DDOUBLE  -UCOMPLEX -UCOMPLEX -DDOUBLE -DTRANSA -UUNIT tbmv_U.c -o dtbmv_TLN.o
cc -c -O2 -DMAX_STACK_ALLOC=2048 -Wall -m64 -DF_INTERFACE_GFORT -fPIC -DNO_LAPACK -DNO_LAPACKE -DSMP_SERVER -DNO_WARMUP -DMAX_CPU_NUMBER=4 -DMAX_PARALLEL_NUMBER=1 -DBUILD_SINGLE=1 -DBUILD_DOUBLE=1 -DBUILD_COMPLEX=1 -DBUILD_COMPLEX16=1 -DVERSION=\"0.3.17.dev\" -msse3 -mssse3 -msse4.1 -mavx -mavx2 -mavx2 -UASMNAME -UASMFNAME -UNAME -UCNAME -UCHAR_NAME -UCHAR_CNAME -DASMNAME=dtbsv_NUU -DASMFNAME=dtbsv_NUU_ -DNAME=dtbsv_NUU_ -DCNAME=dtbsv_NUU -DCHAR_NAME=\"dtbsv_NUU_\" -DCHAR_CNAME=\"dtbsv_NUU\" -DNO_AFFINITY -I../.. -DDOUBLE  -UCOMPLEX -UCOMPLEX -DDOUBLE -UTRANSA -DUNIT tbsv_U.c -o dtbsv_NUU.o
cc -c -O2 -DMAX_STACK_ALLOC=2048 -Wall -m64 -DF_INTERFACE_GFORT -fPIC -DNO_LAPACK -DNO_LAPACKE -DSMP_SERVER -DNO_WARMUP -DMAX_CPU_NUMBER=4 -DMAX_PARALLEL_NUMBER=1 -DBUILD_SINGLE=1 -DBUILD_DOUBLE=1 -DBUILD_COMPLEX=1 -DBUILD_COMPLEX16=1 -DVERSION=\"0.3.17.dev\" -msse3 -mssse3 -msse4.1 -mavx -mavx2 -mavx2 -UASMNAME -UASMFNAME -UNAME -UCNAME -UCHAR_NAME -UCHAR_CNAME -DASMNAME=dtbsv_NUN -DASMFNAME=dtbsv_NUN_ -DNAME=dtbsv_NUN_ -DCNAME=dtbsv_NUN -DCHAR_NAME=\"dtbsv_NUN_\" -DCHAR_CNAME=\"dtbsv_NUN\" -DNO_AFFINITY -I../.. -DDOUBLE  -UCOMPLEX -UCOMPLEX -DDOUBLE -UTRANSA -UUNIT tbsv_U.c -o dtbsv_NUN.o
cc -c -O2 -DMAX_STACK_ALLOC=2048 -Wall -m64 -DF_INTERFACE_GFORT -fPIC -DNO_LAPACK -DNO_LAPACKE -DSMP_SERVER -DNO_WARMUP -DMAX_CPU_NUMBER=4 -DMAX_PARALLEL_NUMBER=1 -DBUILD_SINGLE=1 -DBUILD_DOUBLE=1 -DBUILD_COMPLEX=1 -DBUILD_COMPLEX16=1 -DVERSION=\"0.3.17.dev\" -msse3 -mssse3 -msse4.1 -mavx -mavx2 -mavx2 -UASMNAME -UASMFNAME -UNAME -UCNAME -UCHAR_NAME -UCHAR_CNAME -DASMNAME=dtbsv_NLU -DASMFNAME=dtbsv_NLU_ -DNAME=dtbsv_NLU_ -DCNAME=dtbsv_NLU -DCHAR_NAME=\"dtbsv_NLU_\" -DCHAR_CNAME=\"dtbsv_NLU\" -DNO_AFFINITY -I../.. -DDOUBLE  -UCOMPLEX -UCOMPLEX -DDOUBLE -UTRANSA -DUNIT tbsv_L.c -o dtbsv_NLU.o
cc -c -O2 -DMAX_STACK_ALLOC=2048 -Wall -m64 -DF_INTERFACE_GFORT -fPIC -DNO_LAPACK -DNO_LAPACKE -DSMP_SERVER -DNO_WARMUP -DMAX_CPU_NUMBER=4 -DMAX_PARALLEL_NUMBER=1 -DBUILD_SINGLE=1 -DBUILD_DOUBLE=1 -DBUILD_COMPLEX=1 -DBUILD_COMPLEX16=1 -DVERSION=\"0.3.17.dev\" -msse3 -mssse3 -msse4.1 -mavx -mavx2 -mavx2 -UASMNAME -UASMFNAME -UNAME -UCNAME -UCHAR_NAME -UCHAR_CNAME -DASMNAME=dtbsv_NLN -DASMFNAME=dtbsv_NLN_ -DNAME=dtbsv_NLN_ -DCNAME=dtbsv_NLN -DCHAR_NAME=\"dtbsv_NLN_\" -DCHAR_CNAME=\"dtbsv_NLN\" -DNO_AFFINITY -I../.. -DDOUBLE  -UCOMPLEX -UCOMPLEX -DDOUBLE -UTRANSA -UUNIT tbsv_L.c -o dtbsv_NLN.o
cc -c -O2 -DMAX_STACK_ALLOC=2048 -Wall -m64 -DF_INTERFACE_GFORT -fPIC -DNO_LAPACK -DNO_LAPACKE -DSMP_SERVER -DNO_WARMUP -DMAX_CPU_NUMBER=4 -DMAX_PARALLEL_NUMBER=1 -DBUILD_SINGLE=1 -DBUILD_DOUBLE=1 -DBUILD_COMPLEX=1 -DBUILD_COMPLEX16=1 -DVERSION=\"0.3.17.dev\" -msse3 -mssse3 -msse4.1 -mavx -mavx2 -mavx2 -UASMNAME -UASMFNAME -UNAME -UCNAME -UCHAR_NAME -UCHAR_CNAME -DASMNAME=dtbsv_TUU -DASMFNAME=dtbsv_TUU_ -DNAME=dtbsv_TUU_ -DCNAME=dtbsv_TUU -DCHAR_NAME=\"dtbsv_TUU_\" -DCHAR_CNAME=\"dtbsv_TUU\" -DNO_AFFINITY -I../.. -DDOUBLE  -UCOMPLEX -UCOMPLEX -DDOUBLE -DTRANSA -DUNIT tbsv_L.c -o dtbsv_TUU.o
cc -c -O2 -DMAX_STACK_ALLOC=2048 -Wall -m64 -DF_INTERFACE_GFORT -fPIC -DNO_LAPACK -DNO_LAPACKE -DSMP_SERVER -DNO_WARMUP -DMAX_CPU_NUMBER=4 -DMAX_PARALLEL_NUMBER=1 -DBUILD_SINGLE=1 -DBUILD_DOUBLE=1 -DBUILD_COMPLEX=1 -DBUILD_COMPLEX16=1 -DVERSION=\"0.3.17.dev\" -msse3 -mssse3 -msse4.1 -mavx -mavx2 -mavx2 -UASMNAME -UASMFNAME -UNAME -UCNAME -UCHAR_NAME -UCHAR_CNAME -DASMNAME=dtbsv_TUN -DASMFNAME=dtbsv_TUN_ -DNAME=dtbsv_TUN_ -DCNAME=dtbsv_TUN -DCHAR_NAME=\"dtbsv_TUN_\" -DCHAR_CNAME=\"dtbsv_TUN\" -DNO_AFFINITY -I../.. -DDOUBLE  -UCOMPLEX -UCOMPLEX -DDOUBLE -DTRANSA -UUNIT tbsv_L.c -o dtbsv_TUN.o
cc -c -O2 -DMAX_STACK_ALLOC=2048 -Wall -m64 -DF_INTERFACE_GFORT -fPIC -DNO_LAPACK -DNO_LAPACKE -DSMP_SERVER -DNO_WARMUP -DMAX_CPU_NUMBER=4 -DMAX_PARALLEL_NUMBER=1 -DBUILD_SINGLE=1 -DBUILD_DOUBLE=1 -DBUILD_COMPLEX=1 -DBUILD_COMPLEX16=1 -DVERSION=\"0.3.17.dev\" -msse3 -mssse3 -msse4.1 -mavx -mavx2 -mavx2 -UASMNAME -UASMFNAME -UNAME -UCNAME -UCHAR_NAME -UCHAR_CNAME -DASMNAME=dtbsv_TLU -DASMFNAME=dtbsv_TLU_ -DNAME=dtbsv_TLU_ -DCNAME=dtbsv_TLU -DCHAR_NAME=\"dtbsv_TLU_\" -DCHAR_CNAME=\"dtbsv_TLU\" -DNO_AFFINITY -I../.. -DDOUBLE  -UCOMPLEX -UCOMPLEX -DDOUBLE -DTRANSA -DUNIT tbsv_U.c -o dtbsv_TLU.o
cc -c -O2 -DMAX_STACK_ALLOC=2048 -Wall -m64 -DF_INTERFACE_GFORT -fPIC -DNO_LAPACK -DNO_LAPACKE -DSMP_SERVER -DNO_WARMUP -DMAX_CPU_NUMBER=4 -DMAX_PARALLEL_NUMBER=1 -DBUILD_SINGLE=1 -DBUILD_DOUBLE=1 -DBUILD_COMPLEX=1 -DBUILD_COMPLEX16=1 -DVERSION=\"0.3.17.dev\" -msse3 -mssse3 -msse4.1 -mavx -mavx2 -mavx2 -UASMNAME -UASMFNAME -UNAME -UCNAME -UCHAR_NAME -UCHAR_CNAME -DASMNAME=dtbsv_TLN -DASMFNAME=dtbsv_TLN_ -DNAME=dtbsv_TLN_ -DCNAME=dtbsv_TLN -DCHAR_NAME=\"dtbsv_TLN_\" -DCHAR_CNAME=\"dtbsv_TLN\" -DNO_AFFINITY -I../.. -DDOUBLE  -UCOMPLEX -UCOMPLEX -DDOUBLE -DTRANSA -UUNIT tbsv_U.c -o dtbsv_TLN.o
cc -c -O2 -DMAX_STACK_ALLOC=2048 -Wall -m64 -DF_INTERFACE_GFORT -fPIC -DNO_LAPACK -DNO_LAPACKE -DSMP_SERVER -DNO_WARMUP -DMAX_CPU_NUMBER=4 -DMAX_PARALLEL_NUMBER=1 -DBUILD_SINGLE=1 -DBUILD_DOUBLE=1 -DBUILD_COMPLEX=1 -DBUILD_COMPLEX16=1 -DVERSION=\"0.3.17.dev\" -msse3 -mssse3 -msse4.1 -mavx -mavx2 -mavx2 -UASMNAME -UASMFNAME -UNAME -UCNAME -UCHAR_NAME -UCHAR_CNAME -DASMNAME=dtpmv_NUU -DASMFNAME=dtpmv_NUU_ -DNAME=dtpmv_NUU_ -DCNAME=dtpmv_NUU -DCHAR_NAME=\"dtpmv_NUU_\" -DCHAR_CNAME=\"dtpmv_NUU\" -DNO_AFFINITY -I../.. -DDOUBLE  -UCOMPLEX -UCOMPLEX -DDOUBLE -UTRANSA -DUNIT tpmv_U.c -o dtpmv_NUU.o
cc -c -O2 -DMAX_STACK_ALLOC=2048 -Wall -m64 -DF_INTERFACE_GFORT -fPIC -DNO_LAPACK -DNO_LAPACKE -DSMP_SERVER -DNO_WARMUP -DMAX_CPU_NUMBER=4 -DMAX_PARALLEL_NUMBER=1 -DBUILD_SINGLE=1 -DBUILD_DOUBLE=1 -DBUILD_COMPLEX=1 -DBUILD_COMPLEX16=1 -DVERSION=\"0.3.17.dev\" -msse3 -mssse3 -msse4.1 -mavx -mavx2 -mavx2 -UASMNAME -UASMFNAME -UNAME -UCNAME -UCHAR_NAME -UCHAR_CNAME -DASMNAME=dtpmv_NUN -DASMFNAME=dtpmv_NUN_ -DNAME=dtpmv_NUN_ -DCNAME=dtpmv_NUN -DCHAR_NAME=\"dtpmv_NUN_\" -DCHAR_CNAME=\"dtpmv_NUN\" -DNO_AFFINITY -I../.. -DDOUBLE  -UCOMPLEX -UCOMPLEX -DDOUBLE -UTRANSA -UUNIT tpmv_U.c -o dtpmv_NUN.o
cc -c -O2 -DMAX_STACK_ALLOC=2048 -Wall -m64 -DF_INTERFACE_GFORT -fPIC -DNO_LAPACK -DNO_LAPACKE -DSMP_SERVER -DNO_WARMUP -DMAX_CPU_NUMBER=4 -DMAX_PARALLEL_NUMBER=1 -DBUILD_SINGLE=1 -DBUILD_DOUBLE=1 -DBUILD_COMPLEX=1 -DBUILD_COMPLEX16=1 -DVERSION=\"0.3.17.dev\" -msse3 -mssse3 -msse4.1 -mavx -mavx2 -mavx2 -UASMNAME -UASMFNAME -UNAME -UCNAME -UCHAR_NAME -UCHAR_CNAME -DASMNAME=dtpmv_NLU -DASMFNAME=dtpmv_NLU_ -DNAME=dtpmv_NLU_ -DCNAME=dtpmv_NLU -DCHAR_NAME=\"dtpmv_NLU_\" -DCHAR_CNAME=\"dtpmv_NLU\" -DNO_AFFINITY -I../.. -DDOUBLE  -UCOMPLEX -UCOMPLEX -DDOUBLE -UTRANSA -DUNIT tpmv_L.c -o dtpmv_NLU.o
cc -c -O2 -DMAX_STACK_ALLOC=2048 -Wall -m64 -DF_INTERFACE_GFORT -fPIC -DNO_LAPACK -DNO_LAPACKE -DSMP_SERVER -DNO_WARMUP -DMAX_CPU_NUMBER=4 -DMAX_PARALLEL_NUMBER=1 -DBUILD_SINGLE=1 -DBUILD_DOUBLE=1 -DBUILD_COMPLEX=1 -DBUILD_COMPLEX16=1 -DVERSION=\"0.3.17.dev\" -msse3 -mssse3 -msse4.1 -mavx -mavx2 -mavx2 -UASMNAME -UASMFNAME -UNAME -UCNAME -UCHAR_NAME -UCHAR_CNAME -DASMNAME=dtpmv_NLN -DASMFNAME=dtpmv_NLN_ -DNAME=dtpmv_NLN_ -DCNAME=dtpmv_NLN -DCHAR_NAME=\"dtpmv_NLN_\" -DCHAR_CNAME=\"dtpmv_NLN\" -DNO_AFFINITY -I../.. -DDOUBLE  -UCOMPLEX -UCOMPLEX -DDOUBLE -UTRANSA -UUNIT tpmv_L.c -o dtpmv_NLN.o
cc -c -O2 -DMAX_STACK_ALLOC=2048 -Wall -m64 -DF_INTERFACE_GFORT -fPIC -DNO_LAPACK -DNO_LAPACKE -DSMP_SERVER -DNO_WARMUP -DMAX_CPU_NUMBER=4 -DMAX_PARALLEL_NUMBER=1 -DBUILD_SINGLE=1 -DBUILD_DOUBLE=1 -DBUILD_COMPLEX=1 -DBUILD_COMPLEX16=1 -DVERSION=\"0.3.17.dev\" -msse3 -mssse3 -msse4.1 -mavx -mavx2 -mavx2 -UASMNAME -UASMFNAME -UNAME -UCNAME -UCHAR_NAME -UCHAR_CNAME -DASMNAME=dtpmv_TUU -DASMFNAME=dtpmv_TUU_ -DNAME=dtpmv_TUU_ -DCNAME=dtpmv_TUU -DCHAR_NAME=\"dtpmv_TUU_\" -DCHAR_CNAME=\"dtpmv_TUU\" -DNO_AFFINITY -I../.. -DDOUBLE  -UCOMPLEX -UCOMPLEX -DDOUBLE -DTRANSA -DUNIT tpmv_L.c -o dtpmv_TUU.o
cc -c -O2 -DMAX_STACK_ALLOC=2048 -Wall -m64 -DF_INTERFACE_GFORT -fPIC -DNO_LAPACK -DNO_LAPACKE -DSMP_SERVER -DNO_WARMUP -DMAX_CPU_NUMBER=4 -DMAX_PARALLEL_NUMBER=1 -DBUILD_SINGLE=1 -DBUILD_DOUBLE=1 -DBUILD_COMPLEX=1 -DBUILD_COMPLEX16=1 -DVERSION=\"0.3.17.dev\" -msse3 -mssse3 -msse4.1 -mavx -mavx2 -mavx2 -UASMNAME -UASMFNAME -UNAME -UCNAME -UCHAR_NAME -UCHAR_CNAME -DASMNAME=dtpmv_TUN -DASMFNAME=dtpmv_TUN_ -DNAME=dtpmv_TUN_ -DCNAME=dtpmv_TUN -DCHAR_NAME=\"dtpmv_TUN_\" -DCHAR_CNAME=\"dtpmv_TUN\" -DNO_AFFINITY -I../.. -DDOUBLE  -UCOMPLEX -UCOMPLEX -DDOUBLE -DTRANSA -UUNIT tpmv_L.c -o dtpmv_TUN.o
cc -c -O2 -DMAX_STACK_ALLOC=2048 -Wall -m64 -DF_INTERFACE_GFORT -fPIC -DNO_LAPACK -DNO_LAPACKE -DSMP_SERVER -DNO_WARMUP -DMAX_CPU_NUMBER=4 -DMAX_PARALLEL_NUMBER=1 -DBUILD_SINGLE=1 -DBUILD_DOUBLE=1 -DBUILD_COMPLEX=1 -DBUILD_COMPLEX16=1 -DVERSION=\"0.3.17.dev\" -msse3 -mssse3 -msse4.1 -mavx -mavx2 -mavx2 -UASMNAME -UASMFNAME -UNAME -UCNAME -UCHAR_NAME -UCHAR_CNAME -DASMNAME=dtpmv_TLU -DASMFNAME=dtpmv_TLU_ -DNAME=dtpmv_TLU_ -DCNAME=dtpmv_TLU -DCHAR_NAME=\"dtpmv_TLU_\" -DCHAR_CNAME=\"dtpmv_TLU\" -DNO_AFFINITY -I../.. -DDOUBLE  -UCOMPLEX -UCOMPLEX -DDOUBLE -DTRANSA -DUNIT tpmv_U.c -o dtpmv_TLU.o
cc -c -O2 -DMAX_STACK_ALLOC=2048 -Wall -m64 -DF_INTERFACE_GFORT -fPIC -DNO_LAPACK -DNO_LAPACKE -DSMP_SERVER -DNO_WARMUP -DMAX_CPU_NUMBER=4 -DMAX_PARALLEL_NUMBER=1 -DBUILD_SINGLE=1 -DBUILD_DOUBLE=1 -DBUILD_COMPLEX=1 -DBUILD_COMPLEX16=1 -DVERSION=\"0.3.17.dev\" -msse3 -mssse3 -msse4.1 -mavx -mavx2 -mavx2 -UASMNAME -UASMFNAME -UNAME -UCNAME -UCHAR_NAME -UCHAR_CNAME -DASMNAME=dtpmv_TLN -DASMFNAME=dtpmv_TLN_ -DNAME=dtpmv_TLN_ -DCNAME=dtpmv_TLN -DCHAR_NAME=\"dtpmv_TLN_\" -DCHAR_CNAME=\"dtpmv_TLN\" -DNO_AFFINITY -I../.. -DDOUBLE  -UCOMPLEX -UCOMPLEX -DDOUBLE -DTRANSA -UUNIT tpmv_U.c -o dtpmv_TLN.o
cc -c -O2 -DMAX_STACK_ALLOC=2048 -Wall -m64 -DF_INTERFACE_GFORT -fPIC -DNO_LAPACK -DNO_LAPACKE -DSMP_SERVER -DNO_WARMUP -DMAX_CPU_NUMBER=4 -DMAX_PARALLEL_NUMBER=1 -DBUILD_SINGLE=1 -DBUILD_DOUBLE=1 -DBUILD_COMPLEX=1 -DBUILD_COMPLEX16=1 -DVERSION=\"0.3.17.dev\" -msse3 -mssse3 -msse4.1 -mavx -mavx2 -mavx2 -UASMNAME -UASMFNAME -UNAME -UCNAME -UCHAR_NAME -UCHAR_CNAME -DASMNAME=dtpsv_NUU -DASMFNAME=dtpsv_NUU_ -DNAME=dtpsv_NUU_ -DCNAME=dtpsv_NUU -DCHAR_NAME=\"dtpsv_NUU_\" -DCHAR_CNAME=\"dtpsv_NUU\" -DNO_AFFINITY -I../.. -DDOUBLE  -UCOMPLEX -DDOUBLE -UTRANSA -DUNIT tpsv_U.c -o dtpsv_NUU.o
cc -c -O2 -DMAX_STACK_ALLOC=2048 -Wall -m64 -DF_INTERFACE_GFORT -fPIC -DNO_LAPACK -DNO_LAPACKE -DSMP_SERVER -DNO_WARMUP -DMAX_CPU_NUMBER=4 -DMAX_PARALLEL_NUMBER=1 -DBUILD_SINGLE=1 -DBUILD_DOUBLE=1 -DBUILD_COMPLEX=1 -DBUILD_COMPLEX16=1 -DVERSION=\"0.3.17.dev\" -msse3 -mssse3 -msse4.1 -mavx -mavx2 -mavx2 -UASMNAME -UASMFNAME -UNAME -UCNAME -UCHAR_NAME -UCHAR_CNAME -DASMNAME=dtpsv_NUN -DASMFNAME=dtpsv_NUN_ -DNAME=dtpsv_NUN_ -DCNAME=dtpsv_NUN -DCHAR_NAME=\"dtpsv_NUN_\" -DCHAR_CNAME=\"dtpsv_NUN\" -DNO_AFFINITY -I../.. -DDOUBLE  -UCOMPLEX -DDOUBLE -UTRANSA -UUNIT tpsv_U.c -o dtpsv_NUN.o
cc -c -O2 -DMAX_STACK_ALLOC=2048 -Wall -m64 -DF_INTERFACE_GFORT -fPIC -DNO_LAPACK -DNO_LAPACKE -DSMP_SERVER -DNO_WARMUP -DMAX_CPU_NUMBER=4 -DMAX_PARALLEL_NUMBER=1 -DBUILD_SINGLE=1 -DBUILD_DOUBLE=1 -DBUILD_COMPLEX=1 -DBUILD_COMPLEX16=1 -DVERSION=\"0.3.17.dev\" -msse3 -mssse3 -msse4.1 -mavx -mavx2 -mavx2 -UASMNAME -UASMFNAME -UNAME -UCNAME -UCHAR_NAME -UCHAR_CNAME -DASMNAME=dtpsv_NLU -DASMFNAME=dtpsv_NLU_ -DNAME=dtpsv_NLU_ -DCNAME=dtpsv_NLU -DCHAR_NAME=\"dtpsv_NLU_\" -DCHAR_CNAME=\"dtpsv_NLU\" -DNO_AFFINITY -I../.. -DDOUBLE  -UCOMPLEX -DDOUBLE -UTRANSA -DUNIT tpsv_L.c -o dtpsv_NLU.o
cc -c -O2 -DMAX_STACK_ALLOC=2048 -Wall -m64 -DF_INTERFACE_GFORT -fPIC -DNO_LAPACK -DNO_LAPACKE -DSMP_SERVER -DNO_WARMUP -DMAX_CPU_NUMBER=4 -DMAX_PARALLEL_NUMBER=1 -DBUILD_SINGLE=1 -DBUILD_DOUBLE=1 -DBUILD_COMPLEX=1 -DBUILD_COMPLEX16=1 -DVERSION=\"0.3.17.dev\" -msse3 -mssse3 -msse4.1 -mavx -mavx2 -mavx2 -UASMNAME -UASMFNAME -UNAME -UCNAME -UCHAR_NAME -UCHAR_CNAME -DASMNAME=dtpsv_NLN -DASMFNAME=dtpsv_NLN_ -DNAME=dtpsv_NLN_ -DCNAME=dtpsv_NLN -DCHAR_NAME=\"dtpsv_NLN_\" -DCHAR_CNAME=\"dtpsv_NLN\" -DNO_AFFINITY -I../.. -DDOUBLE  -UCOMPLEX -DDOUBLE -UTRANSA -UUNIT tpsv_L.c -o dtpsv_NLN.o
cc -c -O2 -DMAX_STACK_ALLOC=2048 -Wall -m64 -DF_INTERFACE_GFORT -fPIC -DNO_LAPACK -DNO_LAPACKE -DSMP_SERVER -DNO_WARMUP -DMAX_CPU_NUMBER=4 -DMAX_PARALLEL_NUMBER=1 -DBUILD_SINGLE=1 -DBUILD_DOUBLE=1 -DBUILD_COMPLEX=1 -DBUILD_COMPLEX16=1 -DVERSION=\"0.3.17.dev\" -msse3 -mssse3 -msse4.1 -mavx -mavx2 -mavx2 -UASMNAME -UASMFNAME -UNAME -UCNAME -UCHAR_NAME -UCHAR_CNAME -DASMNAME=dtpsv_TUU -DASMFNAME=dtpsv_TUU_ -DNAME=dtpsv_TUU_ -DCNAME=dtpsv_TUU -DCHAR_NAME=\"dtpsv_TUU_\" -DCHAR_CNAME=\"dtpsv_TUU\" -DNO_AFFINITY -I../.. -DDOUBLE  -UCOMPLEX -DDOUBLE -DTRANSA -DUNIT tpsv_L.c -o dtpsv_TUU.o
cc -c -O2 -DMAX_STACK_ALLOC=2048 -Wall -m64 -DF_INTERFACE_GFORT -fPIC -DNO_LAPACK -DNO_LAPACKE -DSMP_SERVER -DNO_WARMUP -DMAX_CPU_NUMBER=4 -DMAX_PARALLEL_NUMBER=1 -DBUILD_SINGLE=1 -DBUILD_DOUBLE=1 -DBUILD_COMPLEX=1 -DBUILD_COMPLEX16=1 -DVERSION=\"0.3.17.dev\" -msse3 -mssse3 -msse4.1 -mavx -mavx2 -mavx2 -UASMNAME -UASMFNAME -UNAME -UCNAME -UCHAR_NAME -UCHAR_CNAME -DASMNAME=dtpsv_TUN -DASMFNAME=dtpsv_TUN_ -DNAME=dtpsv_TUN_ -DCNAME=dtpsv_TUN -DCHAR_NAME=\"dtpsv_TUN_\" -DCHAR_CNAME=\"dtpsv_TUN\" -DNO_AFFINITY -I../.. -DDOUBLE  -UCOMPLEX -DDOUBLE -DTRANSA -UUNIT tpsv_L.c -o dtpsv_TUN.o
cc -c -O2 -DMAX_STACK_ALLOC=2048 -Wall -m64 -DF_INTERFACE_GFORT -fPIC -DNO_LAPACK -DNO_LAPACKE -DSMP_SERVER -DNO_WARMUP -DMAX_CPU_NUMBER=4 -DMAX_PARALLEL_NUMBER=1 -DBUILD_SINGLE=1 -DBUILD_DOUBLE=1 -DBUILD_COMPLEX=1 -DBUILD_COMPLEX16=1 -DVERSION=\"0.3.17.dev\" -msse3 -mssse3 -msse4.1 -mavx -mavx2 -mavx2 -UASMNAME -UASMFNAME -UNAME -UCNAME -UCHAR_NAME -UCHAR_CNAME -DASMNAME=dtpsv_TLU -DASMFNAME=dtpsv_TLU_ -DNAME=dtpsv_TLU_ -DCNAME=dtpsv_TLU -DCHAR_NAME=\"dtpsv_TLU_\" -DCHAR_CNAME=\"dtpsv_TLU\" -DNO_AFFINITY -I../.. -DDOUBLE  -UCOMPLEX -DDOUBLE -DTRANSA -DUNIT tpsv_U.c -o dtpsv_TLU.o
cc -c -O2 -DMAX_STACK_ALLOC=2048 -Wall -m64 -DF_INTERFACE_GFORT -fPIC -DNO_LAPACK -DNO_LAPACKE -DSMP_SERVER -DNO_WARMUP -DMAX_CPU_NUMBER=4 -DMAX_PARALLEL_NUMBER=1 -DBUILD_SINGLE=1 -DBUILD_DOUBLE=1 -DBUILD_COMPLEX=1 -DBUILD_COMPLEX16=1 -DVERSION=\"0.3.17.dev\" -msse3 -mssse3 -msse4.1 -mavx -mavx2 -mavx2 -UASMNAME -UASMFNAME -UNAME -UCNAME -UCHAR_NAME -UCHAR_CNAME -DASMNAME=dtpsv_TLN -DASMFNAME=dtpsv_TLN_ -DNAME=dtpsv_TLN_ -DCNAME=dtpsv_TLN -DCHAR_NAME=\"dtpsv_TLN_\" -DCHAR_CNAME=\"dtpsv_TLN\" -DNO_AFFINITY -I../.. -DDOUBLE  -UCOMPLEX -DDOUBLE -DTRANSA -UUNIT tpsv_U.c -o dtpsv_TLN.o
cc -c -O2 -DMAX_STACK_ALLOC=2048 -Wall -m64 -DF_INTERFACE_GFORT -fPIC -DNO_LAPACK -DNO_LAPACKE -DSMP_SERVER -DNO_WARMUP -DMAX_CPU_NUMBER=4 -DMAX_PARALLEL_NUMBER=1 -DBUILD_SINGLE=1 -DBUILD_DOUBLE=1 -DBUILD_COMPLEX=1 -DBUILD_COMPLEX16=1 -DVERSION=\"0.3.17.dev\" -msse3 -mssse3 -msse4.1 -mavx -mavx2 -mavx2 -UASMNAME -UASMFNAME -UNAME -UCNAME -UCHAR_NAME -UCHAR_CNAME -DASMNAME=dtrmv_NUU -DASMFNAME=dtrmv_NUU_ -DNAME=dtrmv_NUU_ -DCNAME=dtrmv_NUU -DCHAR_NAME=\"dtrmv_NUU_\" -DCHAR_CNAME=\"dtrmv_NUU\" -DNO_AFFINITY -I../.. -DDOUBLE  -UCOMPLEX -UCOMPLEX -DDOUBLE -UTRANSA -DUNIT trmv_U.c -o dtrmv_NUU.o
cc -c -O2 -DMAX_STACK_ALLOC=2048 -Wall -m64 -DF_INTERFACE_GFORT -fPIC -DNO_LAPACK -DNO_LAPACKE -DSMP_SERVER -DNO_WARMUP -DMAX_CPU_NUMBER=4 -DMAX_PARALLEL_NUMBER=1 -DBUILD_SINGLE=1 -DBUILD_DOUBLE=1 -DBUILD_COMPLEX=1 -DBUILD_COMPLEX16=1 -DVERSION=\"0.3.17.dev\" -msse3 -mssse3 -msse4.1 -mavx -mavx2 -mavx2 -UASMNAME -UASMFNAME -UNAME -UCNAME -UCHAR_NAME -UCHAR_CNAME -DASMNAME=dtrmv_NUN -DASMFNAME=dtrmv_NUN_ -DNAME=dtrmv_NUN_ -DCNAME=dtrmv_NUN -DCHAR_NAME=\"dtrmv_NUN_\" -DCHAR_CNAME=\"dtrmv_NUN\" -DNO_AFFINITY -I../.. -DDOUBLE  -UCOMPLEX -UCOMPLEX -DDOUBLE -UTRANSA -UUNIT trmv_U.c -o dtrmv_NUN.o
cc -c -O2 -DMAX_STACK_ALLOC=2048 -Wall -m64 -DF_INTERFACE_GFORT -fPIC -DNO_LAPACK -DNO_LAPACKE -DSMP_SERVER -DNO_WARMUP -DMAX_CPU_NUMBER=4 -DMAX_PARALLEL_NUMBER=1 -DBUILD_SINGLE=1 -DBUILD_DOUBLE=1 -DBUILD_COMPLEX=1 -DBUILD_COMPLEX16=1 -DVERSION=\"0.3.17.dev\" -msse3 -mssse3 -msse4.1 -mavx -mavx2 -mavx2 -UASMNAME -UASMFNAME -UNAME -UCNAME -UCHAR_NAME -UCHAR_CNAME -DASMNAME=dtrmv_NLU -DASMFNAME=dtrmv_NLU_ -DNAME=dtrmv_NLU_ -DCNAME=dtrmv_NLU -DCHAR_NAME=\"dtrmv_NLU_\" -DCHAR_CNAME=\"dtrmv_NLU\" -DNO_AFFINITY -I../.. -DDOUBLE  -UCOMPLEX -UCOMPLEX -DDOUBLE -UTRANSA -DUNIT trmv_L.c -o dtrmv_NLU.o
cc -c -O2 -DMAX_STACK_ALLOC=2048 -Wall -m64 -DF_INTERFACE_GFORT -fPIC -DNO_LAPACK -DNO_LAPACKE -DSMP_SERVER -DNO_WARMUP -DMAX_CPU_NUMBER=4 -DMAX_PARALLEL_NUMBER=1 -DBUILD_SINGLE=1 -DBUILD_DOUBLE=1 -DBUILD_COMPLEX=1 -DBUILD_COMPLEX16=1 -DVERSION=\"0.3.17.dev\" -msse3 -mssse3 -msse4.1 -mavx -mavx2 -mavx2 -UASMNAME -UASMFNAME -UNAME -UCNAME -UCHAR_NAME -UCHAR_CNAME -DASMNAME=dtrmv_NLN -DASMFNAME=dtrmv_NLN_ -DNAME=dtrmv_NLN_ -DCNAME=dtrmv_NLN -DCHAR_NAME=\"dtrmv_NLN_\" -DCHAR_CNAME=\"dtrmv_NLN\" -DNO_AFFINITY -I../.. -DDOUBLE  -UCOMPLEX -UCOMPLEX -DDOUBLE -UTRANSA -UUNIT trmv_L.c -o dtrmv_NLN.o
cc -c -O2 -DMAX_STACK_ALLOC=2048 -Wall -m64 -DF_INTERFACE_GFORT -fPIC -DNO_LAPACK -DNO_LAPACKE -DSMP_SERVER -DNO_WARMUP -DMAX_CPU_NUMBER=4 -DMAX_PARALLEL_NUMBER=1 -DBUILD_SINGLE=1 -DBUILD_DOUBLE=1 -DBUILD_COMPLEX=1 -DBUILD_COMPLEX16=1 -DVERSION=\"0.3.17.dev\" -msse3 -mssse3 -msse4.1 -mavx -mavx2 -mavx2 -UASMNAME -UASMFNAME -UNAME -UCNAME -UCHAR_NAME -UCHAR_CNAME -DASMNAME=dtrmv_TUU -DASMFNAME=dtrmv_TUU_ -DNAME=dtrmv_TUU_ -DCNAME=dtrmv_TUU -DCHAR_NAME=\"dtrmv_TUU_\" -DCHAR_CNAME=\"dtrmv_TUU\" -DNO_AFFINITY -I../.. -DDOUBLE  -UCOMPLEX -UCOMPLEX -DDOUBLE -DTRANSA -DUNIT trmv_L.c -o dtrmv_TUU.o
cc -c -O2 -DMAX_STACK_ALLOC=2048 -Wall -m64 -DF_INTERFACE_GFORT -fPIC -DNO_LAPACK -DNO_LAPACKE -DSMP_SERVER -DNO_WARMUP -DMAX_CPU_NUMBER=4 -DMAX_PARALLEL_NUMBER=1 -DBUILD_SINGLE=1 -DBUILD_DOUBLE=1 -DBUILD_COMPLEX=1 -DBUILD_COMPLEX16=1 -DVERSION=\"0.3.17.dev\" -msse3 -mssse3 -msse4.1 -mavx -mavx2 -mavx2 -UASMNAME -UASMFNAME -UNAME -UCNAME -UCHAR_NAME -UCHAR_CNAME -DASMNAME=dtrmv_TUN -DASMFNAME=dtrmv_TUN_ -DNAME=dtrmv_TUN_ -DCNAME=dtrmv_TUN -DCHAR_NAME=\"dtrmv_TUN_\" -DCHAR_CNAME=\"dtrmv_TUN\" -DNO_AFFINITY -I../.. -DDOUBLE  -UCOMPLEX -UCOMPLEX -DDOUBLE -DTRANSA -UUNIT trmv_L.c -o dtrmv_TUN.o
cc -c -O2 -DMAX_STACK_ALLOC=2048 -Wall -m64 -DF_INTERFACE_GFORT -fPIC -DNO_LAPACK -DNO_LAPACKE -DSMP_SERVER -DNO_WARMUP -DMAX_CPU_NUMBER=4 -DMAX_PARALLEL_NUMBER=1 -DBUILD_SINGLE=1 -DBUILD_DOUBLE=1 -DBUILD_COMPLEX=1 -DBUILD_COMPLEX16=1 -DVERSION=\"0.3.17.dev\" -msse3 -mssse3 -msse4.1 -mavx -mavx2 -mavx2 -UASMNAME -UASMFNAME -UNAME -UCNAME -UCHAR_NAME -UCHAR_CNAME -DASMNAME=dtrmv_TLU -DASMFNAME=dtrmv_TLU_ -DNAME=dtrmv_TLU_ -DCNAME=dtrmv_TLU -DCHAR_NAME=\"dtrmv_TLU_\" -DCHAR_CNAME=\"dtrmv_TLU\" -DNO_AFFINITY -I../.. -DDOUBLE  -UCOMPLEX -UCOMPLEX -DDOUBLE -DTRANSA -DUNIT trmv_U.c -o dtrmv_TLU.o
cc -c -O2 -DMAX_STACK_ALLOC=2048 -Wall -m64 -DF_INTERFACE_GFORT -fPIC -DNO_LAPACK -DNO_LAPACKE -DSMP_SERVER -DNO_WARMUP -DMAX_CPU_NUMBER=4 -DMAX_PARALLEL_NUMBER=1 -DBUILD_SINGLE=1 -DBUILD_DOUBLE=1 -DBUILD_COMPLEX=1 -DBUILD_COMPLEX16=1 -DVERSION=\"0.3.17.dev\" -msse3 -mssse3 -msse4.1 -mavx -mavx2 -mavx2 -UASMNAME -UASMFNAME -UNAME -UCNAME -UCHAR_NAME -UCHAR_CNAME -DASMNAME=dtrmv_TLN -DASMFNAME=dtrmv_TLN_ -DNAME=dtrmv_TLN_ -DCNAME=dtrmv_TLN -DCHAR_NAME=\"dtrmv_TLN_\" -DCHAR_CNAME=\"dtrmv_TLN\" -DNO_AFFINITY -I../.. -DDOUBLE  -UCOMPLEX -UCOMPLEX -DDOUBLE -DTRANSA -UUNIT trmv_U.c -o dtrmv_TLN.o
cc -c -O2 -DMAX_STACK_ALLOC=2048 -Wall -m64 -DF_INTERFACE_GFORT -fPIC -DNO_LAPACK -DNO_LAPACKE -DSMP_SERVER -DNO_WARMUP -DMAX_CPU_NUMBER=4 -DMAX_PARALLEL_NUMBER=1 -DBUILD_SINGLE=1 -DBUILD_DOUBLE=1 -DBUILD_COMPLEX=1 -DBUILD_COMPLEX16=1 -DVERSION=\"0.3.17.dev\" -msse3 -mssse3 -msse4.1 -mavx -mavx2 -mavx2 -UASMNAME -UASMFNAME -UNAME -UCNAME -UCHAR_NAME -UCHAR_CNAME -DASMNAME=dtrsv_NUU -DASMFNAME=dtrsv_NUU_ -DNAME=dtrsv_NUU_ -DCNAME=dtrsv_NUU -DCHAR_NAME=\"dtrsv_NUU_\" -DCHAR_CNAME=\"dtrsv_NUU\" -DNO_AFFINITY -I../.. -DDOUBLE  -UCOMPLEX -DDOUBLE -UTRANSA -DUNIT trsv_U.c -o dtrsv_NUU.o
cc -c -O2 -DMAX_STACK_ALLOC=2048 -Wall -m64 -DF_INTERFACE_GFORT -fPIC -DNO_LAPACK -DNO_LAPACKE -DSMP_SERVER -DNO_WARMUP -DMAX_CPU_NUMBER=4 -DMAX_PARALLEL_NUMBER=1 -DBUILD_SINGLE=1 -DBUILD_DOUBLE=1 -DBUILD_COMPLEX=1 -DBUILD_COMPLEX16=1 -DVERSION=\"0.3.17.dev\" -msse3 -mssse3 -msse4.1 -mavx -mavx2 -mavx2 -UASMNAME -UASMFNAME -UNAME -UCNAME -UCHAR_NAME -UCHAR_CNAME -DASMNAME=dtrsv_NUN -DASMFNAME=dtrsv_NUN_ -DNAME=dtrsv_NUN_ -DCNAME=dtrsv_NUN -DCHAR_NAME=\"dtrsv_NUN_\" -DCHAR_CNAME=\"dtrsv_NUN\" -DNO_AFFINITY -I../.. -DDOUBLE  -UCOMPLEX -DDOUBLE -UTRANSA -UUNIT trsv_U.c -o dtrsv_NUN.o
cc -c -O2 -DMAX_STACK_ALLOC=2048 -Wall -m64 -DF_INTERFACE_GFORT -fPIC -DNO_LAPACK -DNO_LAPACKE -DSMP_SERVER -DNO_WARMUP -DMAX_CPU_NUMBER=4 -DMAX_PARALLEL_NUMBER=1 -DBUILD_SINGLE=1 -DBUILD_DOUBLE=1 -DBUILD_COMPLEX=1 -DBUILD_COMPLEX16=1 -DVERSION=\"0.3.17.dev\" -msse3 -mssse3 -msse4.1 -mavx -mavx2 -mavx2 -UASMNAME -UASMFNAME -UNAME -UCNAME -UCHAR_NAME -UCHAR_CNAME -DASMNAME=dtrsv_NLU -DASMFNAME=dtrsv_NLU_ -DNAME=dtrsv_NLU_ -DCNAME=dtrsv_NLU -DCHAR_NAME=\"dtrsv_NLU_\" -DCHAR_CNAME=\"dtrsv_NLU\" -DNO_AFFINITY -I../.. -DDOUBLE  -UCOMPLEX -DDOUBLE -UTRANSA -DUNIT trsv_L.c -o dtrsv_NLU.o
cc -c -O2 -DMAX_STACK_ALLOC=2048 -Wall -m64 -DF_INTERFACE_GFORT -fPIC -DNO_LAPACK -DNO_LAPACKE -DSMP_SERVER -DNO_WARMUP -DMAX_CPU_NUMBER=4 -DMAX_PARALLEL_NUMBER=1 -DBUILD_SINGLE=1 -DBUILD_DOUBLE=1 -DBUILD_COMPLEX=1 -DBUILD_COMPLEX16=1 -DVERSION=\"0.3.17.dev\" -msse3 -mssse3 -msse4.1 -mavx -mavx2 -mavx2 -UASMNAME -UASMFNAME -UNAME -UCNAME -UCHAR_NAME -UCHAR_CNAME -DASMNAME=dtrsv_NLN -DASMFNAME=dtrsv_NLN_ -DNAME=dtrsv_NLN_ -DCNAME=dtrsv_NLN -DCHAR_NAME=\"dtrsv_NLN_\" -DCHAR_CNAME=\"dtrsv_NLN\" -DNO_AFFINITY -I../.. -DDOUBLE  -UCOMPLEX -DDOUBLE -UTRANSA -UUNIT trsv_L.c -o dtrsv_NLN.o
cc -c -O2 -DMAX_STACK_ALLOC=2048 -Wall -m64 -DF_INTERFACE_GFORT -fPIC -DNO_LAPACK -DNO_LAPACKE -DSMP_SERVER -DNO_WARMUP -DMAX_CPU_NUMBER=4 -DMAX_PARALLEL_NUMBER=1 -DBUILD_SINGLE=1 -DBUILD_DOUBLE=1 -DBUILD_COMPLEX=1 -DBUILD_COMPLEX16=1 -DVERSION=\"0.3.17.dev\" -msse3 -mssse3 -msse4.1 -mavx -mavx2 -mavx2 -UASMNAME -UASMFNAME -UNAME -UCNAME -UCHAR_NAME -UCHAR_CNAME -DASMNAME=dtrsv_TUU -DASMFNAME=dtrsv_TUU_ -DNAME=dtrsv_TUU_ -DCNAME=dtrsv_TUU -DCHAR_NAME=\"dtrsv_TUU_\" -DCHAR_CNAME=\"dtrsv_TUU\" -DNO_AFFINITY -I../.. -DDOUBLE  -UCOMPLEX -DDOUBLE -DTRANSA -DUNIT trsv_L.c -o dtrsv_TUU.o
cc -c -O2 -DMAX_STACK_ALLOC=2048 -Wall -m64 -DF_INTERFACE_GFORT -fPIC -DNO_LAPACK -DNO_LAPACKE -DSMP_SERVER -DNO_WARMUP -DMAX_CPU_NUMBER=4 -DMAX_PARALLEL_NUMBER=1 -DBUILD_SINGLE=1 -DBUILD_DOUBLE=1 -DBUILD_COMPLEX=1 -DBUILD_COMPLEX16=1 -DVERSION=\"0.3.17.dev\" -msse3 -mssse3 -msse4.1 -mavx -mavx2 -mavx2 -UASMNAME -UASMFNAME -UNAME -UCNAME -UCHAR_NAME -UCHAR_CNAME -DASMNAME=dtrsv_TUN -DASMFNAME=dtrsv_TUN_ -DNAME=dtrsv_TUN_ -DCNAME=dtrsv_TUN -DCHAR_NAME=\"dtrsv_TUN_\" -DCHAR_CNAME=\"dtrsv_TUN\" -DNO_AFFINITY -I../.. -DDOUBLE  -UCOMPLEX -DDOUBLE -DTRANSA -UUNIT trsv_L.c -o dtrsv_TUN.o
cc -c -O2 -DMAX_STACK_ALLOC=2048 -Wall -m64 -DF_INTERFACE_GFORT -fPIC -DNO_LAPACK -DNO_LAPACKE -DSMP_SERVER -DNO_WARMUP -DMAX_CPU_NUMBER=4 -DMAX_PARALLEL_NUMBER=1 -DBUILD_SINGLE=1 -DBUILD_DOUBLE=1 -DBUILD_COMPLEX=1 -DBUILD_COMPLEX16=1 -DVERSION=\"0.3.17.dev\" -msse3 -mssse3 -msse4.1 -mavx -mavx2 -mavx2 -UASMNAME -UASMFNAME -UNAME -UCNAME -UCHAR_NAME -UCHAR_CNAME -DASMNAME=dtrsv_TLU -DASMFNAME=dtrsv_TLU_ -DNAME=dtrsv_TLU_ -DCNAME=dtrsv_TLU -DCHAR_NAME=\"dtrsv_TLU_\" -DCHAR_CNAME=\"dtrsv_TLU\" -DNO_AFFINITY -I../.. -DDOUBLE  -UCOMPLEX -DDOUBLE -DTRANSA -DUNIT trsv_U.c -o dtrsv_TLU.o
cc -c -O2 -DMAX_STACK_ALLOC=2048 -Wall -m64 -DF_INTERFACE_GFORT -fPIC -DNO_LAPACK -DNO_LAPACKE -DSMP_SERVER -DNO_WARMUP -DMAX_CPU_NUMBER=4 -DMAX_PARALLEL_NUMBER=1 -DBUILD_SINGLE=1 -DBUILD_DOUBLE=1 -DBUILD_COMPLEX=1 -DBUILD_COMPLEX16=1 -DVERSION=\"0.3.17.dev\" -msse3 -mssse3 -msse4.1 -mavx -mavx2 -mavx2 -UASMNAME -UASMFNAME -UNAME -UCNAME -UCHAR_NAME -UCHAR_CNAME -DASMNAME=dtrsv_TLN -DASMFNAME=dtrsv_TLN_ -DNAME=dtrsv_TLN_ -DCNAME=dtrsv_TLN -DCHAR_NAME=\"dtrsv_TLN_\" -DCHAR_CNAME=\"dtrsv_TLN\" -DNO_AFFINITY -I../.. -DDOUBLE  -UCOMPLEX -DDOUBLE -DTRANSA -UUNIT trsv_U.c -o dtrsv_TLN.o
cc -c -O2 -DMAX_STACK_ALLOC=2048 -Wall -m64 -DF_INTERFACE_GFORT -fPIC -DNO_LAPACK -DNO_LAPACKE -DSMP_SERVER -DNO_WARMUP -DMAX_CPU_NUMBER=4 -DMAX_PARALLEL_NUMBER=1 -DBUILD_SINGLE=1 -DBUILD_DOUBLE=1 -DBUILD_COMPLEX=1 -DBUILD_COMPLEX16=1 -DVERSION=\"0.3.17.dev\" -msse3 -mssse3 -msse4.1 -mavx -mavx2 -mavx2 -UASMNAME -UASMFNAME -UNAME -UCNAME -UCHAR_NAME -UCHAR_CNAME -DASMNAME=dgemv_thread_n -DASMFNAME=dgemv_thread_n_ -DNAME=dgemv_thread_n_ -DCNAME=dgemv_thread_n -DCHAR_NAME=\"dgemv_thread_n_\" -DCHAR_CNAME=\"dgemv_thread_n\" -DNO_AFFINITY -I../.. -DDOUBLE  -UCOMPLEX -UCOMPLEX -DDOUBLE  -UTRANSA -UCONJ -UXCONJ gemv_thread.c -o dgemv_thread_n.o
cc -c -O2 -DMAX_STACK_ALLOC=2048 -Wall -m64 -DF_INTERFACE_GFORT -fPIC -DNO_LAPACK -DNO_LAPACKE -DSMP_SERVER -DNO_WARMUP -DMAX_CPU_NUMBER=4 -DMAX_PARALLEL_NUMBER=1 -DBUILD_SINGLE=1 -DBUILD_DOUBLE=1 -DBUILD_COMPLEX=1 -DBUILD_COMPLEX16=1 -DVERSION=\"0.3.17.dev\" -msse3 -mssse3 -msse4.1 -mavx -mavx2 -mavx2 -UASMNAME -UASMFNAME -UNAME -UCNAME -UCHAR_NAME -UCHAR_CNAME -DASMNAME=dgemv_thread_t -DASMFNAME=dgemv_thread_t_ -DNAME=dgemv_thread_t_ -DCNAME=dgemv_thread_t -DCHAR_NAME=\"dgemv_thread_t_\" -DCHAR_CNAME=\"dgemv_thread_t\" -DNO_AFFINITY -I../.. -DDOUBLE  -UCOMPLEX -UCOMPLEX -DDOUBLE  -DTRANSA -UCONJ -UXCONJ gemv_thread.c -o dgemv_thread_t.o
cc -c -O2 -DMAX_STACK_ALLOC=2048 -Wall -m64 -DF_INTERFACE_GFORT -fPIC -DNO_LAPACK -DNO_LAPACKE -DSMP_SERVER -DNO_WARMUP -DMAX_CPU_NUMBER=4 -DMAX_PARALLEL_NUMBER=1 -DBUILD_SINGLE=1 -DBUILD_DOUBLE=1 -DBUILD_COMPLEX=1 -DBUILD_COMPLEX16=1 -DVERSION=\"0.3.17.dev\" -msse3 -mssse3 -msse4.1 -mavx -mavx2 -mavx2 -UASMNAME -UASMFNAME -UNAME -UCNAME -UCHAR_NAME -UCHAR_CNAME -DASMNAME=dger_thread -DASMFNAME=dger_thread_ -DNAME=dger_thread_ -DCNAME=dger_thread -DCHAR_NAME=\"dger_thread_\" -DCHAR_CNAME=\"dger_thread\" -DNO_AFFINITY -I../.. -DDOUBLE  -UCOMPLEX -UCOMPLEX -DDOUBLE  -UCONJ -UXCONJ ger_thread.c -o dger_thread.o
cc -c -O2 -DMAX_STACK_ALLOC=2048 -Wall -m64 -DF_INTERFACE_GFORT -fPIC -DNO_LAPACK -DNO_LAPACKE -DSMP_SERVER -DNO_WARMUP -DMAX_CPU_NUMBER=4 -DMAX_PARALLEL_NUMBER=1 -DBUILD_SINGLE=1 -DBUILD_DOUBLE=1 -DBUILD_COMPLEX=1 -DBUILD_COMPLEX16=1 -DVERSION=\"0.3.17.dev\" -msse3 -mssse3 -msse4.1 -mavx -mavx2 -mavx2 -UASMNAME -UASMFNAME -UNAME -UCNAME -UCHAR_NAME -UCHAR_CNAME -DASMNAME=dsymv_thread_U -DASMFNAME=dsymv_thread_U_ -DNAME=dsymv_thread_U_ -DCNAME=dsymv_thread_U -DCHAR_NAME=\"dsymv_thread_U_\" -DCHAR_CNAME=\"dsymv_thread_U\" -DNO_AFFINITY -I../.. -DDOUBLE  -UCOMPLEX -UCOMPLEX -DDOUBLE -ULOWER symv_thread.c -o dsymv_thread_U.o
cc -c -O2 -DMAX_STACK_ALLOC=2048 -Wall -m64 -DF_INTERFACE_GFORT -fPIC -DNO_LAPACK -DNO_LAPACKE -DSMP_SERVER -DNO_WARMUP -DMAX_CPU_NUMBER=4 -DMAX_PARALLEL_NUMBER=1 -DBUILD_SINGLE=1 -DBUILD_DOUBLE=1 -DBUILD_COMPLEX=1 -DBUILD_COMPLEX16=1 -DVERSION=\"0.3.17.dev\" -msse3 -mssse3 -msse4.1 -mavx -mavx2 -mavx2 -UASMNAME -UASMFNAME -UNAME -UCNAME -UCHAR_NAME -UCHAR_CNAME -DASMNAME=dsymv_thread_L -DASMFNAME=dsymv_thread_L_ -DNAME=dsymv_thread_L_ -DCNAME=dsymv_thread_L -DCHAR_NAME=\"dsymv_thread_L_\" -DCHAR_CNAME=\"dsymv_thread_L\" -DNO_AFFINITY -I../.. -DDOUBLE  -UCOMPLEX -UCOMPLEX -DDOUBLE -DLOWER symv_thread.c -o dsymv_thread_L.o
cc -c -O2 -DMAX_STACK_ALLOC=2048 -Wall -m64 -DF_INTERFACE_GFORT -fPIC -DNO_LAPACK -DNO_LAPACKE -DSMP_SERVER -DNO_WARMUP -DMAX_CPU_NUMBER=4 -DMAX_PARALLEL_NUMBER=1 -DBUILD_SINGLE=1 -DBUILD_DOUBLE=1 -DBUILD_COMPLEX=1 -DBUILD_COMPLEX16=1 -DVERSION=\"0.3.17.dev\" -msse3 -mssse3 -msse4.1 -mavx -mavx2 -mavx2 -UASMNAME -UASMFNAME -UNAME -UCNAME -UCHAR_NAME -UCHAR_CNAME -DASMNAME=dsyr_thread_U -DASMFNAME=dsyr_thread_U_ -DNAME=dsyr_thread_U_ -DCNAME=dsyr_thread_U -DCHAR_NAME=\"dsyr_thread_U_\" -DCHAR_CNAME=\"dsyr_thread_U\" -DNO_AFFINITY -I../.. -DDOUBLE  -UCOMPLEX -UCOMPLEX -DDOUBLE -ULOWER syr_thread.c -o dsyr_thread_U.o
cc -c -O2 -DMAX_STACK_ALLOC=2048 -Wall -m64 -DF_INTERFACE_GFORT -fPIC -DNO_LAPACK -DNO_LAPACKE -DSMP_SERVER -DNO_WARMUP -DMAX_CPU_NUMBER=4 -DMAX_PARALLEL_NUMBER=1 -DBUILD_SINGLE=1 -DBUILD_DOUBLE=1 -DBUILD_COMPLEX=1 -DBUILD_COMPLEX16=1 -DVERSION=\"0.3.17.dev\" -msse3 -mssse3 -msse4.1 -mavx -mavx2 -mavx2 -UASMNAME -UASMFNAME -UNAME -UCNAME -UCHAR_NAME -UCHAR_CNAME -DASMNAME=dsyr_thread_L -DASMFNAME=dsyr_thread_L_ -DNAME=dsyr_thread_L_ -DCNAME=dsyr_thread_L -DCHAR_NAME=\"dsyr_thread_L_\" -DCHAR_CNAME=\"dsyr_thread_L\" -DNO_AFFINITY -I../.. -DDOUBLE  -UCOMPLEX -UCOMPLEX -DDOUBLE -DLOWER syr_thread.c -o dsyr_thread_L.o
cc -c -O2 -DMAX_STACK_ALLOC=2048 -Wall -m64 -DF_INTERFACE_GFORT -fPIC -DNO_LAPACK -DNO_LAPACKE -DSMP_SERVER -DNO_WARMUP -DMAX_CPU_NUMBER=4 -DMAX_PARALLEL_NUMBER=1 -DBUILD_SINGLE=1 -DBUILD_DOUBLE=1 -DBUILD_COMPLEX=1 -DBUILD_COMPLEX16=1 -DVERSION=\"0.3.17.dev\" -msse3 -mssse3 -msse4.1 -mavx -mavx2 -mavx2 -UASMNAME -UASMFNAME -UNAME -UCNAME -UCHAR_NAME -UCHAR_CNAME -DASMNAME=dsyr2_thread_U -DASMFNAME=dsyr2_thread_U_ -DNAME=dsyr2_thread_U_ -DCNAME=dsyr2_thread_U -DCHAR_NAME=\"dsyr2_thread_U_\" -DCHAR_CNAME=\"dsyr2_thread_U\" -DNO_AFFINITY -I../.. -DDOUBLE  -UCOMPLEX -UCOMPLEX -DDOUBLE -ULOWER syr2_thread.c -o dsyr2_thread_U.o
cc -c -O2 -DMAX_STACK_ALLOC=2048 -Wall -m64 -DF_INTERFACE_GFORT -fPIC -DNO_LAPACK -DNO_LAPACKE -DSMP_SERVER -DNO_WARMUP -DMAX_CPU_NUMBER=4 -DMAX_PARALLEL_NUMBER=1 -DBUILD_SINGLE=1 -DBUILD_DOUBLE=1 -DBUILD_COMPLEX=1 -DBUILD_COMPLEX16=1 -DVERSION=\"0.3.17.dev\" -msse3 -mssse3 -msse4.1 -mavx -mavx2 -mavx2 -UASMNAME -UASMFNAME -UNAME -UCNAME -UCHAR_NAME -UCHAR_CNAME -DASMNAME=dsyr2_thread_L -DASMFNAME=dsyr2_thread_L_ -DNAME=dsyr2_thread_L_ -DCNAME=dsyr2_thread_L -DCHAR_NAME=\"dsyr2_thread_L_\" -DCHAR_CNAME=\"dsyr2_thread_L\" -DNO_AFFINITY -I../.. -DDOUBLE  -UCOMPLEX -UCOMPLEX -DDOUBLE -DLOWER syr2_thread.c -o dsyr2_thread_L.o
cc -c -O2 -DMAX_STACK_ALLOC=2048 -Wall -m64 -DF_INTERFACE_GFORT -fPIC -DNO_LAPACK -DNO_LAPACKE -DSMP_SERVER -DNO_WARMUP -DMAX_CPU_NUMBER=4 -DMAX_PARALLEL_NUMBER=1 -DBUILD_SINGLE=1 -DBUILD_DOUBLE=1 -DBUILD_COMPLEX=1 -DBUILD_COMPLEX16=1 -DVERSION=\"0.3.17.dev\" -msse3 -mssse3 -msse4.1 -mavx -mavx2 -mavx2 -UASMNAME -UASMFNAME -UNAME -UCNAME -UCHAR_NAME -UCHAR_CNAME -DASMNAME=dspr_thread_U -DASMFNAME=dspr_thread_U_ -DNAME=dspr_thread_U_ -DCNAME=dspr_thread_U -DCHAR_NAME=\"dspr_thread_U_\" -DCHAR_CNAME=\"dspr_thread_U\" -DNO_AFFINITY -I../.. -DDOUBLE  -UCOMPLEX -UCOMPLEX -DDOUBLE -ULOWER spr_thread.c -o dspr_thread_U.o
cc -c -O2 -DMAX_STACK_ALLOC=2048 -Wall -m64 -DF_INTERFACE_GFORT -fPIC -DNO_LAPACK -DNO_LAPACKE -DSMP_SERVER -DNO_WARMUP -DMAX_CPU_NUMBER=4 -DMAX_PARALLEL_NUMBER=1 -DBUILD_SINGLE=1 -DBUILD_DOUBLE=1 -DBUILD_COMPLEX=1 -DBUILD_COMPLEX16=1 -DVERSION=\"0.3.17.dev\" -msse3 -mssse3 -msse4.1 -mavx -mavx2 -mavx2 -UASMNAME -UASMFNAME -UNAME -UCNAME -UCHAR_NAME -UCHAR_CNAME -DASMNAME=dspr_thread_L -DASMFNAME=dspr_thread_L_ -DNAME=dspr_thread_L_ -DCNAME=dspr_thread_L -DCHAR_NAME=\"dspr_thread_L_\" -DCHAR_CNAME=\"dspr_thread_L\" -DNO_AFFINITY -I../.. -DDOUBLE  -UCOMPLEX -UCOMPLEX -DDOUBLE -DLOWER spr_thread.c -o dspr_thread_L.o
cc -c -O2 -DMAX_STACK_ALLOC=2048 -Wall -m64 -DF_INTERFACE_GFORT -fPIC -DNO_LAPACK -DNO_LAPACKE -DSMP_SERVER -DNO_WARMUP -DMAX_CPU_NUMBER=4 -DMAX_PARALLEL_NUMBER=1 -DBUILD_SINGLE=1 -DBUILD_DOUBLE=1 -DBUILD_COMPLEX=1 -DBUILD_COMPLEX16=1 -DVERSION=\"0.3.17.dev\" -msse3 -mssse3 -msse4.1 -mavx -mavx2 -mavx2 -UASMNAME -UASMFNAME -UNAME -UCNAME -UCHAR_NAME -UCHAR_CNAME -DASMNAME=dspr2_thread_U -DASMFNAME=dspr2_thread_U_ -DNAME=dspr2_thread_U_ -DCNAME=dspr2_thread_U -DCHAR_NAME=\"dspr2_thread_U_\" -DCHAR_CNAME=\"dspr2_thread_U\" -DNO_AFFINITY -I../.. -DDOUBLE  -UCOMPLEX -UCOMPLEX -DDOUBLE -ULOWER spr2_thread.c -o dspr2_thread_U.o
cc -c -O2 -DMAX_STACK_ALLOC=2048 -Wall -m64 -DF_INTERFACE_GFORT -fPIC -DNO_LAPACK -DNO_LAPACKE -DSMP_SERVER -DNO_WARMUP -DMAX_CPU_NUMBER=4 -DMAX_PARALLEL_NUMBER=1 -DBUILD_SINGLE=1 -DBUILD_DOUBLE=1 -DBUILD_COMPLEX=1 -DBUILD_COMPLEX16=1 -DVERSION=\"0.3.17.dev\" -msse3 -mssse3 -msse4.1 -mavx -mavx2 -mavx2 -UASMNAME -UASMFNAME -UNAME -UCNAME -UCHAR_NAME -UCHAR_CNAME -DASMNAME=dspr2_thread_L -DASMFNAME=dspr2_thread_L_ -DNAME=dspr2_thread_L_ -DCNAME=dspr2_thread_L -DCHAR_NAME=\"dspr2_thread_L_\" -DCHAR_CNAME=\"dspr2_thread_L\" -DNO_AFFINITY -I../.. -DDOUBLE  -UCOMPLEX -UCOMPLEX -DDOUBLE -DLOWER spr2_thread.c -o dspr2_thread_L.o
cc -c -O2 -DMAX_STACK_ALLOC=2048 -Wall -m64 -DF_INTERFACE_GFORT -fPIC -DNO_LAPACK -DNO_LAPACKE -DSMP_SERVER -DNO_WARMUP -DMAX_CPU_NUMBER=4 -DMAX_PARALLEL_NUMBER=1 -DBUILD_SINGLE=1 -DBUILD_DOUBLE=1 -DBUILD_COMPLEX=1 -DBUILD_COMPLEX16=1 -DVERSION=\"0.3.17.dev\" -msse3 -mssse3 -msse4.1 -mavx -mavx2 -mavx2 -UASMNAME -UASMFNAME -UNAME -UCNAME -UCHAR_NAME -UCHAR_CNAME -DASMNAME=dtrmv_thread_NUU -DASMFNAME=dtrmv_thread_NUU_ -DNAME=dtrmv_thread_NUU_ -DCNAME=dtrmv_thread_NUU -DCHAR_NAME=\"dtrmv_thread_NUU_\" -DCHAR_CNAME=\"dtrmv_thread_NUU\" -DNO_AFFINITY -I../.. -DDOUBLE  -UCOMPLEX -UCOMPLEX -DDOUBLE -ULOWER -UTRANSA -DUNIT trmv_thread.c -o dtrmv_thread_NUU.o
cc -c -O2 -DMAX_STACK_ALLOC=2048 -Wall -m64 -DF_INTERFACE_GFORT -fPIC -DNO_LAPACK -DNO_LAPACKE -DSMP_SERVER -DNO_WARMUP -DMAX_CPU_NUMBER=4 -DMAX_PARALLEL_NUMBER=1 -DBUILD_SINGLE=1 -DBUILD_DOUBLE=1 -DBUILD_COMPLEX=1 -DBUILD_COMPLEX16=1 -DVERSION=\"0.3.17.dev\" -msse3 -mssse3 -msse4.1 -mavx -mavx2 -mavx2 -UASMNAME -UASMFNAME -UNAME -UCNAME -UCHAR_NAME -UCHAR_CNAME -DASMNAME=dtrmv_thread_NUN -DASMFNAME=dtrmv_thread_NUN_ -DNAME=dtrmv_thread_NUN_ -DCNAME=dtrmv_thread_NUN -DCHAR_NAME=\"dtrmv_thread_NUN_\" -DCHAR_CNAME=\"dtrmv_thread_NUN\" -DNO_AFFINITY -I../.. -DDOUBLE  -UCOMPLEX -UCOMPLEX -DDOUBLE -ULOWER -UTRANSA -UUNIT trmv_thread.c -o dtrmv_thread_NUN.o
cc -c -O2 -DMAX_STACK_ALLOC=2048 -Wall -m64 -DF_INTERFACE_GFORT -fPIC -DNO_LAPACK -DNO_LAPACKE -DSMP_SERVER -DNO_WARMUP -DMAX_CPU_NUMBER=4 -DMAX_PARALLEL_NUMBER=1 -DBUILD_SINGLE=1 -DBUILD_DOUBLE=1 -DBUILD_COMPLEX=1 -DBUILD_COMPLEX16=1 -DVERSION=\"0.3.17.dev\" -msse3 -mssse3 -msse4.1 -mavx -mavx2 -mavx2 -UASMNAME -UASMFNAME -UNAME -UCNAME -UCHAR_NAME -UCHAR_CNAME -DASMNAME=dtrmv_thread_NLU -DASMFNAME=dtrmv_thread_NLU_ -DNAME=dtrmv_thread_NLU_ -DCNAME=dtrmv_thread_NLU -DCHAR_NAME=\"dtrmv_thread_NLU_\" -DCHAR_CNAME=\"dtrmv_thread_NLU\" -DNO_AFFINITY -I../.. -DDOUBLE  -UCOMPLEX -UCOMPLEX -DDOUBLE -DLOWER -UTRANSA -DUNIT trmv_thread.c -o dtrmv_thread_NLU.o
cc -c -O2 -DMAX_STACK_ALLOC=2048 -Wall -m64 -DF_INTERFACE_GFORT -fPIC -DNO_LAPACK -DNO_LAPACKE -DSMP_SERVER -DNO_WARMUP -DMAX_CPU_NUMBER=4 -DMAX_PARALLEL_NUMBER=1 -DBUILD_SINGLE=1 -DBUILD_DOUBLE=1 -DBUILD_COMPLEX=1 -DBUILD_COMPLEX16=1 -DVERSION=\"0.3.17.dev\" -msse3 -mssse3 -msse4.1 -mavx -mavx2 -mavx2 -UASMNAME -UASMFNAME -UNAME -UCNAME -UCHAR_NAME -UCHAR_CNAME -DASMNAME=dtrmv_thread_NLN -DASMFNAME=dtrmv_thread_NLN_ -DNAME=dtrmv_thread_NLN_ -DCNAME=dtrmv_thread_NLN -DCHAR_NAME=\"dtrmv_thread_NLN_\" -DCHAR_CNAME=\"dtrmv_thread_NLN\" -DNO_AFFINITY -I../.. -DDOUBLE  -UCOMPLEX -UCOMPLEX -DDOUBLE -DLOWER -UTRANSA -UUNIT trmv_thread.c -o dtrmv_thread_NLN.o
cc -c -O2 -DMAX_STACK_ALLOC=2048 -Wall -m64 -DF_INTERFACE_GFORT -fPIC -DNO_LAPACK -DNO_LAPACKE -DSMP_SERVER -DNO_WARMUP -DMAX_CPU_NUMBER=4 -DMAX_PARALLEL_NUMBER=1 -DBUILD_SINGLE=1 -DBUILD_DOUBLE=1 -DBUILD_COMPLEX=1 -DBUILD_COMPLEX16=1 -DVERSION=\"0.3.17.dev\" -msse3 -mssse3 -msse4.1 -mavx -mavx2 -mavx2 -UASMNAME -UASMFNAME -UNAME -UCNAME -UCHAR_NAME -UCHAR_CNAME -DASMNAME=dtrmv_thread_TUU -DASMFNAME=dtrmv_thread_TUU_ -DNAME=dtrmv_thread_TUU_ -DCNAME=dtrmv_thread_TUU -DCHAR_NAME=\"dtrmv_thread_TUU_\" -DCHAR_CNAME=\"dtrmv_thread_TUU\" -DNO_AFFINITY -I../.. -DDOUBLE  -UCOMPLEX -UCOMPLEX -DDOUBLE -ULOWER -DTRANSA -DUNIT trmv_thread.c -o dtrmv_thread_TUU.o
cc -c -O2 -DMAX_STACK_ALLOC=2048 -Wall -m64 -DF_INTERFACE_GFORT -fPIC -DNO_LAPACK -DNO_LAPACKE -DSMP_SERVER -DNO_WARMUP -DMAX_CPU_NUMBER=4 -DMAX_PARALLEL_NUMBER=1 -DBUILD_SINGLE=1 -DBUILD_DOUBLE=1 -DBUILD_COMPLEX=1 -DBUILD_COMPLEX16=1 -DVERSION=\"0.3.17.dev\" -msse3 -mssse3 -msse4.1 -mavx -mavx2 -mavx2 -UASMNAME -UASMFNAME -UNAME -UCNAME -UCHAR_NAME -UCHAR_CNAME -DASMNAME=dtrmv_thread_TUN -DASMFNAME=dtrmv_thread_TUN_ -DNAME=dtrmv_thread_TUN_ -DCNAME=dtrmv_thread_TUN -DCHAR_NAME=\"dtrmv_thread_TUN_\" -DCHAR_CNAME=\"dtrmv_thread_TUN\" -DNO_AFFINITY -I../.. -DDOUBLE  -UCOMPLEX -UCOMPLEX -DDOUBLE -ULOWER -DTRANSA -UUNIT trmv_thread.c -o dtrmv_thread_TUN.o
cc -c -O2 -DMAX_STACK_ALLOC=2048 -Wall -m64 -DF_INTERFACE_GFORT -fPIC -DNO_LAPACK -DNO_LAPACKE -DSMP_SERVER -DNO_WARMUP -DMAX_CPU_NUMBER=4 -DMAX_PARALLEL_NUMBER=1 -DBUILD_SINGLE=1 -DBUILD_DOUBLE=1 -DBUILD_COMPLEX=1 -DBUILD_COMPLEX16=1 -DVERSION=\"0.3.17.dev\" -msse3 -mssse3 -msse4.1 -mavx -mavx2 -mavx2 -UASMNAME -UASMFNAME -UNAME -UCNAME -UCHAR_NAME -UCHAR_CNAME -DASMNAME=dtrmv_thread_TLU -DASMFNAME=dtrmv_thread_TLU_ -DNAME=dtrmv_thread_TLU_ -DCNAME=dtrmv_thread_TLU -DCHAR_NAME=\"dtrmv_thread_TLU_\" -DCHAR_CNAME=\"dtrmv_thread_TLU\" -DNO_AFFINITY -I../.. -DDOUBLE  -UCOMPLEX -UCOMPLEX -DDOUBLE -DLOWER -DTRANSA -DUNIT trmv_thread.c -o dtrmv_thread_TLU.o
cc -c -O2 -DMAX_STACK_ALLOC=2048 -Wall -m64 -DF_INTERFACE_GFORT -fPIC -DNO_LAPACK -DNO_LAPACKE -DSMP_SERVER -DNO_WARMUP -DMAX_CPU_NUMBER=4 -DMAX_PARALLEL_NUMBER=1 -DBUILD_SINGLE=1 -DBUILD_DOUBLE=1 -DBUILD_COMPLEX=1 -DBUILD_COMPLEX16=1 -DVERSION=\"0.3.17.dev\" -msse3 -mssse3 -msse4.1 -mavx -mavx2 -mavx2 -UASMNAME -UASMFNAME -UNAME -UCNAME -UCHAR_NAME -UCHAR_CNAME -DASMNAME=dtrmv_thread_TLN -DASMFNAME=dtrmv_thread_TLN_ -DNAME=dtrmv_thread_TLN_ -DCNAME=dtrmv_thread_TLN -DCHAR_NAME=\"dtrmv_thread_TLN_\" -DCHAR_CNAME=\"dtrmv_thread_TLN\" -DNO_AFFINITY -I../.. -DDOUBLE  -UCOMPLEX -UCOMPLEX -DDOUBLE -DLOWER -DTRANSA -UUNIT trmv_thread.c -o dtrmv_thread_TLN.o
cc -c -O2 -DMAX_STACK_ALLOC=2048 -Wall -m64 -DF_INTERFACE_GFORT -fPIC -DNO_LAPACK -DNO_LAPACKE -DSMP_SERVER -DNO_WARMUP -DMAX_CPU_NUMBER=4 -DMAX_PARALLEL_NUMBER=1 -DBUILD_SINGLE=1 -DBUILD_DOUBLE=1 -DBUILD_COMPLEX=1 -DBUILD_COMPLEX16=1 -DVERSION=\"0.3.17.dev\" -msse3 -mssse3 -msse4.1 -mavx -mavx2 -mavx2 -UASMNAME -UASMFNAME -UNAME -UCNAME -UCHAR_NAME -UCHAR_CNAME -DASMNAME=dspmv_thread_U -DASMFNAME=dspmv_thread_U_ -DNAME=dspmv_thread_U_ -DCNAME=dspmv_thread_U -DCHAR_NAME=\"dspmv_thread_U_\" -DCHAR_CNAME=\"dspmv_thread_U\" -DNO_AFFINITY -I../.. -DDOUBLE  -UCOMPLEX -UCOMPLEX -DDOUBLE -ULOWER spmv_thread.c -o dspmv_thread_U.o
cc -c -O2 -DMAX_STACK_ALLOC=2048 -Wall -m64 -DF_INTERFACE_GFORT -fPIC -DNO_LAPACK -DNO_LAPACKE -DSMP_SERVER -DNO_WARMUP -DMAX_CPU_NUMBER=4 -DMAX_PARALLEL_NUMBER=1 -DBUILD_SINGLE=1 -DBUILD_DOUBLE=1 -DBUILD_COMPLEX=1 -DBUILD_COMPLEX16=1 -DVERSION=\"0.3.17.dev\" -msse3 -mssse3 -msse4.1 -mavx -mavx2 -mavx2 -UASMNAME -UASMFNAME -UNAME -UCNAME -UCHAR_NAME -UCHAR_CNAME -DASMNAME=dspmv_thread_L -DASMFNAME=dspmv_thread_L_ -DNAME=dspmv_thread_L_ -DCNAME=dspmv_thread_L -DCHAR_NAME=\"dspmv_thread_L_\" -DCHAR_CNAME=\"dspmv_thread_L\" -DNO_AFFINITY -I../.. -DDOUBLE  -UCOMPLEX -UCOMPLEX -DDOUBLE -DLOWER spmv_thread.c -o dspmv_thread_L.o
cc -c -O2 -DMAX_STACK_ALLOC=2048 -Wall -m64 -DF_INTERFACE_GFORT -fPIC -DNO_LAPACK -DNO_LAPACKE -DSMP_SERVER -DNO_WARMUP -DMAX_CPU_NUMBER=4 -DMAX_PARALLEL_NUMBER=1 -DBUILD_SINGLE=1 -DBUILD_DOUBLE=1 -DBUILD_COMPLEX=1 -DBUILD_COMPLEX16=1 -DVERSION=\"0.3.17.dev\" -msse3 -mssse3 -msse4.1 -mavx -mavx2 -mavx2 -UASMNAME -UASMFNAME -UNAME -UCNAME -UCHAR_NAME -UCHAR_CNAME -DASMNAME=dtpmv_thread_NUU -DASMFNAME=dtpmv_thread_NUU_ -DNAME=dtpmv_thread_NUU_ -DCNAME=dtpmv_thread_NUU -DCHAR_NAME=\"dtpmv_thread_NUU_\" -DCHAR_CNAME=\"dtpmv_thread_NUU\" -DNO_AFFINITY -I../.. -DDOUBLE  -UCOMPLEX -UCOMPLEX -DDOUBLE -ULOWER -UTRANSA -DUNIT tpmv_thread.c -o dtpmv_thread_NUU.o
cc -c -O2 -DMAX_STACK_ALLOC=2048 -Wall -m64 -DF_INTERFACE_GFORT -fPIC -DNO_LAPACK -DNO_LAPACKE -DSMP_SERVER -DNO_WARMUP -DMAX_CPU_NUMBER=4 -DMAX_PARALLEL_NUMBER=1 -DBUILD_SINGLE=1 -DBUILD_DOUBLE=1 -DBUILD_COMPLEX=1 -DBUILD_COMPLEX16=1 -DVERSION=\"0.3.17.dev\" -msse3 -mssse3 -msse4.1 -mavx -mavx2 -mavx2 -UASMNAME -UASMFNAME -UNAME -UCNAME -UCHAR_NAME -UCHAR_CNAME -DASMNAME=dtpmv_thread_NUN -DASMFNAME=dtpmv_thread_NUN_ -DNAME=dtpmv_thread_NUN_ -DCNAME=dtpmv_thread_NUN -DCHAR_NAME=\"dtpmv_thread_NUN_\" -DCHAR_CNAME=\"dtpmv_thread_NUN\" -DNO_AFFINITY -I../.. -DDOUBLE  -UCOMPLEX -UCOMPLEX -DDOUBLE -ULOWER -UTRANSA -UUNIT tpmv_thread.c -o dtpmv_thread_NUN.o
cc -c -O2 -DMAX_STACK_ALLOC=2048 -Wall -m64 -DF_INTERFACE_GFORT -fPIC -DNO_LAPACK -DNO_LAPACKE -DSMP_SERVER -DNO_WARMUP -DMAX_CPU_NUMBER=4 -DMAX_PARALLEL_NUMBER=1 -DBUILD_SINGLE=1 -DBUILD_DOUBLE=1 -DBUILD_COMPLEX=1 -DBUILD_COMPLEX16=1 -DVERSION=\"0.3.17.dev\" -msse3 -mssse3 -msse4.1 -mavx -mavx2 -mavx2 -UASMNAME -UASMFNAME -UNAME -UCNAME -UCHAR_NAME -UCHAR_CNAME -DASMNAME=dtpmv_thread_NLU -DASMFNAME=dtpmv_thread_NLU_ -DNAME=dtpmv_thread_NLU_ -DCNAME=dtpmv_thread_NLU -DCHAR_NAME=\"dtpmv_thread_NLU_\" -DCHAR_CNAME=\"dtpmv_thread_NLU\" -DNO_AFFINITY -I../.. -DDOUBLE  -UCOMPLEX -UCOMPLEX -DDOUBLE -DLOWER -UTRANSA -DUNIT tpmv_thread.c -o dtpmv_thread_NLU.o
cc -c -O2 -DMAX_STACK_ALLOC=2048 -Wall -m64 -DF_INTERFACE_GFORT -fPIC -DNO_LAPACK -DNO_LAPACKE -DSMP_SERVER -DNO_WARMUP -DMAX_CPU_NUMBER=4 -DMAX_PARALLEL_NUMBER=1 -DBUILD_SINGLE=1 -DBUILD_DOUBLE=1 -DBUILD_COMPLEX=1 -DBUILD_COMPLEX16=1 -DVERSION=\"0.3.17.dev\" -msse3 -mssse3 -msse4.1 -mavx -mavx2 -mavx2 -UASMNAME -UASMFNAME -UNAME -UCNAME -UCHAR_NAME -UCHAR_CNAME -DASMNAME=dtpmv_thread_NLN -DASMFNAME=dtpmv_thread_NLN_ -DNAME=dtpmv_thread_NLN_ -DCNAME=dtpmv_thread_NLN -DCHAR_NAME=\"dtpmv_thread_NLN_\" -DCHAR_CNAME=\"dtpmv_thread_NLN\" -DNO_AFFINITY -I../.. -DDOUBLE  -UCOMPLEX -UCOMPLEX -DDOUBLE -DLOWER -UTRANSA -UUNIT tpmv_thread.c -o dtpmv_thread_NLN.o
cc -c -O2 -DMAX_STACK_ALLOC=2048 -Wall -m64 -DF_INTERFACE_GFORT -fPIC -DNO_LAPACK -DNO_LAPACKE -DSMP_SERVER -DNO_WARMUP -DMAX_CPU_NUMBER=4 -DMAX_PARALLEL_NUMBER=1 -DBUILD_SINGLE=1 -DBUILD_DOUBLE=1 -DBUILD_COMPLEX=1 -DBUILD_COMPLEX16=1 -DVERSION=\"0.3.17.dev\" -msse3 -mssse3 -msse4.1 -mavx -mavx2 -mavx2 -UASMNAME -UASMFNAME -UNAME -UCNAME -UCHAR_NAME -UCHAR_CNAME -DASMNAME=dtpmv_thread_TUU -DASMFNAME=dtpmv_thread_TUU_ -DNAME=dtpmv_thread_TUU_ -DCNAME=dtpmv_thread_TUU -DCHAR_NAME=\"dtpmv_thread_TUU_\" -DCHAR_CNAME=\"dtpmv_thread_TUU\" -DNO_AFFINITY -I../.. -DDOUBLE  -UCOMPLEX -UCOMPLEX -DDOUBLE -ULOWER -DTRANSA -DUNIT tpmv_thread.c -o dtpmv_thread_TUU.o
cc -c -O2 -DMAX_STACK_ALLOC=2048 -Wall -m64 -DF_INTERFACE_GFORT -fPIC -DNO_LAPACK -DNO_LAPACKE -DSMP_SERVER -DNO_WARMUP -DMAX_CPU_NUMBER=4 -DMAX_PARALLEL_NUMBER=1 -DBUILD_SINGLE=1 -DBUILD_DOUBLE=1 -DBUILD_COMPLEX=1 -DBUILD_COMPLEX16=1 -DVERSION=\"0.3.17.dev\" -msse3 -mssse3 -msse4.1 -mavx -mavx2 -mavx2 -UASMNAME -UASMFNAME -UNAME -UCNAME -UCHAR_NAME -UCHAR_CNAME -DASMNAME=dtpmv_thread_TUN -DASMFNAME=dtpmv_thread_TUN_ -DNAME=dtpmv_thread_TUN_ -DCNAME=dtpmv_thread_TUN -DCHAR_NAME=\"dtpmv_thread_TUN_\" -DCHAR_CNAME=\"dtpmv_thread_TUN\" -DNO_AFFINITY -I../.. -DDOUBLE  -UCOMPLEX -UCOMPLEX -DDOUBLE -ULOWER -DTRANSA -UUNIT tpmv_thread.c -o dtpmv_thread_TUN.o
cc -c -O2 -DMAX_STACK_ALLOC=2048 -Wall -m64 -DF_INTERFACE_GFORT -fPIC -DNO_LAPACK -DNO_LAPACKE -DSMP_SERVER -DNO_WARMUP -DMAX_CPU_NUMBER=4 -DMAX_PARALLEL_NUMBER=1 -DBUILD_SINGLE=1 -DBUILD_DOUBLE=1 -DBUILD_COMPLEX=1 -DBUILD_COMPLEX16=1 -DVERSION=\"0.3.17.dev\" -msse3 -mssse3 -msse4.1 -mavx -mavx2 -mavx2 -UASMNAME -UASMFNAME -UNAME -UCNAME -UCHAR_NAME -UCHAR_CNAME -DASMNAME=dtpmv_thread_TLU -DASMFNAME=dtpmv_thread_TLU_ -DNAME=dtpmv_thread_TLU_ -DCNAME=dtpmv_thread_TLU -DCHAR_NAME=\"dtpmv_thread_TLU_\" -DCHAR_CNAME=\"dtpmv_thread_TLU\" -DNO_AFFINITY -I../.. -DDOUBLE  -UCOMPLEX -UCOMPLEX -DDOUBLE -DLOWER -DTRANSA -DUNIT tpmv_thread.c -o dtpmv_thread_TLU.o
cc -c -O2 -DMAX_STACK_ALLOC=2048 -Wall -m64 -DF_INTERFACE_GFORT -fPIC -DNO_LAPACK -DNO_LAPACKE -DSMP_SERVER -DNO_WARMUP -DMAX_CPU_NUMBER=4 -DMAX_PARALLEL_NUMBER=1 -DBUILD_SINGLE=1 -DBUILD_DOUBLE=1 -DBUILD_COMPLEX=1 -DBUILD_COMPLEX16=1 -DVERSION=\"0.3.17.dev\" -msse3 -mssse3 -msse4.1 -mavx -mavx2 -mavx2 -UASMNAME -UASMFNAME -UNAME -UCNAME -UCHAR_NAME -UCHAR_CNAME -DASMNAME=dtpmv_thread_TLN -DASMFNAME=dtpmv_thread_TLN_ -DNAME=dtpmv_thread_TLN_ -DCNAME=dtpmv_thread_TLN -DCHAR_NAME=\"dtpmv_thread_TLN_\" -DCHAR_CNAME=\"dtpmv_thread_TLN\" -DNO_AFFINITY -I../.. -DDOUBLE  -UCOMPLEX -UCOMPLEX -DDOUBLE -DLOWER -DTRANSA -UUNIT tpmv_thread.c -o dtpmv_thread_TLN.o
cc -c -UCOMPLEX -DDOUBLE -UTRANSA -O2 -DMAX_STACK_ALLOC=2048 -Wall -m64 -DF_INTERFACE_GFORT -fPIC -DNO_LAPACK -DNO_LAPACKE -DSMP_SERVER -DNO_WARMUP -DMAX_CPU_NUMBER=4 -DMAX_PARALLEL_NUMBER=1 -DBUILD_SINGLE=1 -DBUILD_DOUBLE=1 -DBUILD_COMPLEX=1 -DBUILD_COMPLEX16=1 -DVERSION=\"0.3.17.dev\" -msse3 -mssse3 -msse4.1 -mavx -mavx2 -mavx2 -UASMNAME -UASMFNAME -UNAME -UCNAME -UCHAR_NAME -UCHAR_CNAME -DASMNAME=dgbmv_thread_n -DASMFNAME=dgbmv_thread_n_ -DNAME=dgbmv_thread_n_ -DCNAME=dgbmv_thread_n -DCHAR_NAME=\"dgbmv_thread_n_\" -DCHAR_CNAME=\"dgbmv_thread_n\" -DNO_AFFINITY -I../.. -DDOUBLE  -UCOMPLEX -o dgbmv_thread_n.o gbmv_thread.c
cc -c -UCOMPLEX -DDOUBLE -DTRANSA -O2 -DMAX_STACK_ALLOC=2048 -Wall -m64 -DF_INTERFACE_GFORT -fPIC -DNO_LAPACK -DNO_LAPACKE -DSMP_SERVER -DNO_WARMUP -DMAX_CPU_NUMBER=4 -DMAX_PARALLEL_NUMBER=1 -DBUILD_SINGLE=1 -DBUILD_DOUBLE=1 -DBUILD_COMPLEX=1 -DBUILD_COMPLEX16=1 -DVERSION=\"0.3.17.dev\" -msse3 -mssse3 -msse4.1 -mavx -mavx2 -mavx2 -UASMNAME -UASMFNAME -UNAME -UCNAME -UCHAR_NAME -UCHAR_CNAME -DASMNAME=dgbmv_thread_t -DASMFNAME=dgbmv_thread_t_ -DNAME=dgbmv_thread_t_ -DCNAME=dgbmv_thread_t -DCHAR_NAME=\"dgbmv_thread_t_\" -DCHAR_CNAME=\"dgbmv_thread_t\" -DNO_AFFINITY -I../.. -DDOUBLE  -UCOMPLEX -o dgbmv_thread_t.o gbmv_thread.c
cc -c -O2 -DMAX_STACK_ALLOC=2048 -Wall -m64 -DF_INTERFACE_GFORT -fPIC -DNO_LAPACK -DNO_LAPACKE -DSMP_SERVER -DNO_WARMUP -DMAX_CPU_NUMBER=4 -DMAX_PARALLEL_NUMBER=1 -DBUILD_SINGLE=1 -DBUILD_DOUBLE=1 -DBUILD_COMPLEX=1 -DBUILD_COMPLEX16=1 -DVERSION=\"0.3.17.dev\" -msse3 -mssse3 -msse4.1 -mavx -mavx2 -mavx2 -UASMNAME -UASMFNAME -UNAME -UCNAME -UCHAR_NAME -UCHAR_CNAME -DASMNAME=dsbmv_thread_U -DASMFNAME=dsbmv_thread_U_ -DNAME=dsbmv_thread_U_ -DCNAME=dsbmv_thread_U -DCHAR_NAME=\"dsbmv_thread_U_\" -DCHAR_CNAME=\"dsbmv_thread_U\" -DNO_AFFINITY -I../.. -DDOUBLE  -UCOMPLEX -UCOMPLEX -DDOUBLE -ULOWER sbmv_thread.c -o dsbmv_thread_U.o
cc -c -O2 -DMAX_STACK_ALLOC=2048 -Wall -m64 -DF_INTERFACE_GFORT -fPIC -DNO_LAPACK -DNO_LAPACKE -DSMP_SERVER -DNO_WARMUP -DMAX_CPU_NUMBER=4 -DMAX_PARALLEL_NUMBER=1 -DBUILD_SINGLE=1 -DBUILD_DOUBLE=1 -DBUILD_COMPLEX=1 -DBUILD_COMPLEX16=1 -DVERSION=\"0.3.17.dev\" -msse3 -mssse3 -msse4.1 -mavx -mavx2 -mavx2 -UASMNAME -UASMFNAME -UNAME -UCNAME -UCHAR_NAME -UCHAR_CNAME -DASMNAME=dsbmv_thread_L -DASMFNAME=dsbmv_thread_L_ -DNAME=dsbmv_thread_L_ -DCNAME=dsbmv_thread_L -DCHAR_NAME=\"dsbmv_thread_L_\" -DCHAR_CNAME=\"dsbmv_thread_L\" -DNO_AFFINITY -I../.. -DDOUBLE  -UCOMPLEX -UCOMPLEX -DDOUBLE -DLOWER sbmv_thread.c -o dsbmv_thread_L.o
cc -c -O2 -DMAX_STACK_ALLOC=2048 -Wall -m64 -DF_INTERFACE_GFORT -fPIC -DNO_LAPACK -DNO_LAPACKE -DSMP_SERVER -DNO_WARMUP -DMAX_CPU_NUMBER=4 -DMAX_PARALLEL_NUMBER=1 -DBUILD_SINGLE=1 -DBUILD_DOUBLE=1 -DBUILD_COMPLEX=1 -DBUILD_COMPLEX16=1 -DVERSION=\"0.3.17.dev\" -msse3 -mssse3 -msse4.1 -mavx -mavx2 -mavx2 -UASMNAME -UASMFNAME -UNAME -UCNAME -UCHAR_NAME -UCHAR_CNAME -DASMNAME=dtbmv_thread_NUU -DASMFNAME=dtbmv_thread_NUU_ -DNAME=dtbmv_thread_NUU_ -DCNAME=dtbmv_thread_NUU -DCHAR_NAME=\"dtbmv_thread_NUU_\" -DCHAR_CNAME=\"dtbmv_thread_NUU\" -DNO_AFFINITY -I../.. -DDOUBLE  -UCOMPLEX -UCOMPLEX -DDOUBLE -ULOWER -UTRANSA -DUNIT tbmv_thread.c -o dtbmv_thread_NUU.o
cc -c -O2 -DMAX_STACK_ALLOC=2048 -Wall -m64 -DF_INTERFACE_GFORT -fPIC -DNO_LAPACK -DNO_LAPACKE -DSMP_SERVER -DNO_WARMUP -DMAX_CPU_NUMBER=4 -DMAX_PARALLEL_NUMBER=1 -DBUILD_SINGLE=1 -DBUILD_DOUBLE=1 -DBUILD_COMPLEX=1 -DBUILD_COMPLEX16=1 -DVERSION=\"0.3.17.dev\" -msse3 -mssse3 -msse4.1 -mavx -mavx2 -mavx2 -UASMNAME -UASMFNAME -UNAME -UCNAME -UCHAR_NAME -UCHAR_CNAME -DASMNAME=dtbmv_thread_NUN -DASMFNAME=dtbmv_thread_NUN_ -DNAME=dtbmv_thread_NUN_ -DCNAME=dtbmv_thread_NUN -DCHAR_NAME=\"dtbmv_thread_NUN_\" -DCHAR_CNAME=\"dtbmv_thread_NUN\" -DNO_AFFINITY -I../.. -DDOUBLE  -UCOMPLEX -UCOMPLEX -DDOUBLE -ULOWER -UTRANSA -UUNIT tbmv_thread.c -o dtbmv_thread_NUN.o
cc -c -O2 -DMAX_STACK_ALLOC=2048 -Wall -m64 -DF_INTERFACE_GFORT -fPIC -DNO_LAPACK -DNO_LAPACKE -DSMP_SERVER -DNO_WARMUP -DMAX_CPU_NUMBER=4 -DMAX_PARALLEL_NUMBER=1 -DBUILD_SINGLE=1 -DBUILD_DOUBLE=1 -DBUILD_COMPLEX=1 -DBUILD_COMPLEX16=1 -DVERSION=\"0.3.17.dev\" -msse3 -mssse3 -msse4.1 -mavx -mavx2 -mavx2 -UASMNAME -UASMFNAME -UNAME -UCNAME -UCHAR_NAME -UCHAR_CNAME -DASMNAME=dtbmv_thread_NLU -DASMFNAME=dtbmv_thread_NLU_ -DNAME=dtbmv_thread_NLU_ -DCNAME=dtbmv_thread_NLU -DCHAR_NAME=\"dtbmv_thread_NLU_\" -DCHAR_CNAME=\"dtbmv_thread_NLU\" -DNO_AFFINITY -I../.. -DDOUBLE  -UCOMPLEX -UCOMPLEX -DDOUBLE -DLOWER -UTRANSA -DUNIT tbmv_thread.c -o dtbmv_thread_NLU.o
cc -c -O2 -DMAX_STACK_ALLOC=2048 -Wall -m64 -DF_INTERFACE_GFORT -fPIC -DNO_LAPACK -DNO_LAPACKE -DSMP_SERVER -DNO_WARMUP -DMAX_CPU_NUMBER=4 -DMAX_PARALLEL_NUMBER=1 -DBUILD_SINGLE=1 -DBUILD_DOUBLE=1 -DBUILD_COMPLEX=1 -DBUILD_COMPLEX16=1 -DVERSION=\"0.3.17.dev\" -msse3 -mssse3 -msse4.1 -mavx -mavx2 -mavx2 -UASMNAME -UASMFNAME -UNAME -UCNAME -UCHAR_NAME -UCHAR_CNAME -DASMNAME=dtbmv_thread_NLN -DASMFNAME=dtbmv_thread_NLN_ -DNAME=dtbmv_thread_NLN_ -DCNAME=dtbmv_thread_NLN -DCHAR_NAME=\"dtbmv_thread_NLN_\" -DCHAR_CNAME=\"dtbmv_thread_NLN\" -DNO_AFFINITY -I../.. -DDOUBLE  -UCOMPLEX -UCOMPLEX -DDOUBLE -DLOWER -UTRANSA -UUNIT tbmv_thread.c -o dtbmv_thread_NLN.o
cc -c -O2 -DMAX_STACK_ALLOC=2048 -Wall -m64 -DF_INTERFACE_GFORT -fPIC -DNO_LAPACK -DNO_LAPACKE -DSMP_SERVER -DNO_WARMUP -DMAX_CPU_NUMBER=4 -DMAX_PARALLEL_NUMBER=1 -DBUILD_SINGLE=1 -DBUILD_DOUBLE=1 -DBUILD_COMPLEX=1 -DBUILD_COMPLEX16=1 -DVERSION=\"0.3.17.dev\" -msse3 -mssse3 -msse4.1 -mavx -mavx2 -mavx2 -UASMNAME -UASMFNAME -UNAME -UCNAME -UCHAR_NAME -UCHAR_CNAME -DASMNAME=dtbmv_thread_TUU -DASMFNAME=dtbmv_thread_TUU_ -DNAME=dtbmv_thread_TUU_ -DCNAME=dtbmv_thread_TUU -DCHAR_NAME=\"dtbmv_thread_TUU_\" -DCHAR_CNAME=\"dtbmv_thread_TUU\" -DNO_AFFINITY -I../.. -DDOUBLE  -UCOMPLEX -UCOMPLEX -DDOUBLE -ULOWER -DTRANSA -DUNIT tbmv_thread.c -o dtbmv_thread_TUU.o
cc -c -O2 -DMAX_STACK_ALLOC=2048 -Wall -m64 -DF_INTERFACE_GFORT -fPIC -DNO_LAPACK -DNO_LAPACKE -DSMP_SERVER -DNO_WARMUP -DMAX_CPU_NUMBER=4 -DMAX_PARALLEL_NUMBER=1 -DBUILD_SINGLE=1 -DBUILD_DOUBLE=1 -DBUILD_COMPLEX=1 -DBUILD_COMPLEX16=1 -DVERSION=\"0.3.17.dev\" -msse3 -mssse3 -msse4.1 -mavx -mavx2 -mavx2 -UASMNAME -UASMFNAME -UNAME -UCNAME -UCHAR_NAME -UCHAR_CNAME -DASMNAME=dtbmv_thread_TUN -DASMFNAME=dtbmv_thread_TUN_ -DNAME=dtbmv_thread_TUN_ -DCNAME=dtbmv_thread_TUN -DCHAR_NAME=\"dtbmv_thread_TUN_\" -DCHAR_CNAME=\"dtbmv_thread_TUN\" -DNO_AFFINITY -I../.. -DDOUBLE  -UCOMPLEX -UCOMPLEX -DDOUBLE -ULOWER -DTRANSA -UUNIT tbmv_thread.c -o dtbmv_thread_TUN.o
cc -c -O2 -DMAX_STACK_ALLOC=2048 -Wall -m64 -DF_INTERFACE_GFORT -fPIC -DNO_LAPACK -DNO_LAPACKE -DSMP_SERVER -DNO_WARMUP -DMAX_CPU_NUMBER=4 -DMAX_PARALLEL_NUMBER=1 -DBUILD_SINGLE=1 -DBUILD_DOUBLE=1 -DBUILD_COMPLEX=1 -DBUILD_COMPLEX16=1 -DVERSION=\"0.3.17.dev\" -msse3 -mssse3 -msse4.1 -mavx -mavx2 -mavx2 -UASMNAME -UASMFNAME -UNAME -UCNAME -UCHAR_NAME -UCHAR_CNAME -DASMNAME=dtbmv_thread_TLU -DASMFNAME=dtbmv_thread_TLU_ -DNAME=dtbmv_thread_TLU_ -DCNAME=dtbmv_thread_TLU -DCHAR_NAME=\"dtbmv_thread_TLU_\" -DCHAR_CNAME=\"dtbmv_thread_TLU\" -DNO_AFFINITY -I../.. -DDOUBLE  -UCOMPLEX -UCOMPLEX -DDOUBLE -DLOWER -DTRANSA -DUNIT tbmv_thread.c -o dtbmv_thread_TLU.o
cc -c -O2 -DMAX_STACK_ALLOC=2048 -Wall -m64 -DF_INTERFACE_GFORT -fPIC -DNO_LAPACK -DNO_LAPACKE -DSMP_SERVER -DNO_WARMUP -DMAX_CPU_NUMBER=4 -DMAX_PARALLEL_NUMBER=1 -DBUILD_SINGLE=1 -DBUILD_DOUBLE=1 -DBUILD_COMPLEX=1 -DBUILD_COMPLEX16=1 -DVERSION=\"0.3.17.dev\" -msse3 -mssse3 -msse4.1 -mavx -mavx2 -mavx2 -UASMNAME -UASMFNAME -UNAME -UCNAME -UCHAR_NAME -UCHAR_CNAME -DASMNAME=dtbmv_thread_TLN -DASMFNAME=dtbmv_thread_TLN_ -DNAME=dtbmv_thread_TLN_ -DCNAME=dtbmv_thread_TLN -DCHAR_NAME=\"dtbmv_thread_TLN_\" -DCHAR_CNAME=\"dtbmv_thread_TLN\" -DNO_AFFINITY -I../.. -DDOUBLE  -UCOMPLEX -UCOMPLEX -DDOUBLE -DLOWER -DTRANSA -UUNIT tbmv_thread.c -o dtbmv_thread_TLN.o
cc -c -DCOMPLEX -UDOUBLE -UTRANS -UCONJ -UXCONJ -O2 -DMAX_STACK_ALLOC=2048 -Wall -m64 -DF_INTERFACE_GFORT -fPIC -DNO_LAPACK -DNO_LAPACKE -DSMP_SERVER -DNO_WARMUP -DMAX_CPU_NUMBER=4 -DMAX_PARALLEL_NUMBER=1 -DBUILD_SINGLE=1 -DBUILD_DOUBLE=1 -DBUILD_COMPLEX=1 -DBUILD_COMPLEX16=1 -DVERSION=\"0.3.17.dev\" -msse3 -mssse3 -msse4.1 -mavx -mavx2 -mavx2 -UASMNAME -UASMFNAME -UNAME -UCNAME -UCHAR_NAME -UCHAR_CNAME -DASMNAME=cgbmv_n -DASMFNAME=cgbmv_n_ -DNAME=cgbmv_n_ -DCNAME=cgbmv_n -DCHAR_NAME=\"cgbmv_n_\" -DCHAR_CNAME=\"cgbmv_n\" -DNO_AFFINITY -I../.. -UDOUBLE  -DCOMPLEX -o cgbmv_n.o zgbmv_k.c
cc -c -DCOMPLEX -UDOUBLE -DTRANS -UCONJ -UXCONJ -O2 -DMAX_STACK_ALLOC=2048 -Wall -m64 -DF_INTERFACE_GFORT -fPIC -DNO_LAPACK -DNO_LAPACKE -DSMP_SERVER -DNO_WARMUP -DMAX_CPU_NUMBER=4 -DMAX_PARALLEL_NUMBER=1 -DBUILD_SINGLE=1 -DBUILD_DOUBLE=1 -DBUILD_COMPLEX=1 -DBUILD_COMPLEX16=1 -DVERSION=\"0.3.17.dev\" -msse3 -mssse3 -msse4.1 -mavx -mavx2 -mavx2 -UASMNAME -UASMFNAME -UNAME -UCNAME -UCHAR_NAME -UCHAR_CNAME -DASMNAME=cgbmv_t -DASMFNAME=cgbmv_t_ -DNAME=cgbmv_t_ -DCNAME=cgbmv_t -DCHAR_NAME=\"cgbmv_t_\" -DCHAR_CNAME=\"cgbmv_t\" -DNO_AFFINITY -I../.. -UDOUBLE  -DCOMPLEX -o cgbmv_t.o zgbmv_k.c
cc -c -DCOMPLEX -UDOUBLE -UTRANS -DCONJ -UXCONJ -O2 -DMAX_STACK_ALLOC=2048 -Wall -m64 -DF_INTERFACE_GFORT -fPIC -DNO_LAPACK -DNO_LAPACKE -DSMP_SERVER -DNO_WARMUP -DMAX_CPU_NUMBER=4 -DMAX_PARALLEL_NUMBER=1 -DBUILD_SINGLE=1 -DBUILD_DOUBLE=1 -DBUILD_COMPLEX=1 -DBUILD_COMPLEX16=1 -DVERSION=\"0.3.17.dev\" -msse3 -mssse3 -msse4.1 -mavx -mavx2 -mavx2 -UASMNAME -UASMFNAME -UNAME -UCNAME -UCHAR_NAME -UCHAR_CNAME -DASMNAME=cgbmv_r -DASMFNAME=cgbmv_r_ -DNAME=cgbmv_r_ -DCNAME=cgbmv_r -DCHAR_NAME=\"cgbmv_r_\" -DCHAR_CNAME=\"cgbmv_r\" -DNO_AFFINITY -I../.. -UDOUBLE  -DCOMPLEX -o cgbmv_r.o zgbmv_k.c
cc -c -DCOMPLEX -UDOUBLE -DTRANS -DCONJ -UXCONJ -O2 -DMAX_STACK_ALLOC=2048 -Wall -m64 -DF_INTERFACE_GFORT -fPIC -DNO_LAPACK -DNO_LAPACKE -DSMP_SERVER -DNO_WARMUP -DMAX_CPU_NUMBER=4 -DMAX_PARALLEL_NUMBER=1 -DBUILD_SINGLE=1 -DBUILD_DOUBLE=1 -DBUILD_COMPLEX=1 -DBUILD_COMPLEX16=1 -DVERSION=\"0.3.17.dev\" -msse3 -mssse3 -msse4.1 -mavx -mavx2 -mavx2 -UASMNAME -UASMFNAME -UNAME -UCNAME -UCHAR_NAME -UCHAR_CNAME -DASMNAME=cgbmv_c -DASMFNAME=cgbmv_c_ -DNAME=cgbmv_c_ -DCNAME=cgbmv_c -DCHAR_NAME=\"cgbmv_c_\" -DCHAR_CNAME=\"cgbmv_c\" -DNO_AFFINITY -I../.. -UDOUBLE  -DCOMPLEX -o cgbmv_c.o zgbmv_k.c
cc -c -DCOMPLEX -UDOUBLE -UTRANS -UCONJ -DXCONJ -O2 -DMAX_STACK_ALLOC=2048 -Wall -m64 -DF_INTERFACE_GFORT -fPIC -DNO_LAPACK -DNO_LAPACKE -DSMP_SERVER -DNO_WARMUP -DMAX_CPU_NUMBER=4 -DMAX_PARALLEL_NUMBER=1 -DBUILD_SINGLE=1 -DBUILD_DOUBLE=1 -DBUILD_COMPLEX=1 -DBUILD_COMPLEX16=1 -DVERSION=\"0.3.17.dev\" -msse3 -mssse3 -msse4.1 -mavx -mavx2 -mavx2 -UASMNAME -UASMFNAME -UNAME -UCNAME -UCHAR_NAME -UCHAR_CNAME -DASMNAME=cgbmv_o -DASMFNAME=cgbmv_o_ -DNAME=cgbmv_o_ -DCNAME=cgbmv_o -DCHAR_NAME=\"cgbmv_o_\" -DCHAR_CNAME=\"cgbmv_o\" -DNO_AFFINITY -I../.. -UDOUBLE  -DCOMPLEX -o cgbmv_o.o zgbmv_k.c
cc -c -DCOMPLEX -UDOUBLE -DTRANS -UCONJ -DXCONJ -O2 -DMAX_STACK_ALLOC=2048 -Wall -m64 -DF_INTERFACE_GFORT -fPIC -DNO_LAPACK -DNO_LAPACKE -DSMP_SERVER -DNO_WARMUP -DMAX_CPU_NUMBER=4 -DMAX_PARALLEL_NUMBER=1 -DBUILD_SINGLE=1 -DBUILD_DOUBLE=1 -DBUILD_COMPLEX=1 -DBUILD_COMPLEX16=1 -DVERSION=\"0.3.17.dev\" -msse3 -mssse3 -msse4.1 -mavx -mavx2 -mavx2 -UASMNAME -UASMFNAME -UNAME -UCNAME -UCHAR_NAME -UCHAR_CNAME -DASMNAME=cgbmv_u -DASMFNAME=cgbmv_u_ -DNAME=cgbmv_u_ -DCNAME=cgbmv_u -DCHAR_NAME=\"cgbmv_u_\" -DCHAR_CNAME=\"cgbmv_u\" -DNO_AFFINITY -I../.. -UDOUBLE  -DCOMPLEX -o cgbmv_u.o zgbmv_k.c
cc -c -DCOMPLEX -UDOUBLE -UTRANS -DCONJ -DXCONJ -O2 -DMAX_STACK_ALLOC=2048 -Wall -m64 -DF_INTERFACE_GFORT -fPIC -DNO_LAPACK -DNO_LAPACKE -DSMP_SERVER -DNO_WARMUP -DMAX_CPU_NUMBER=4 -DMAX_PARALLEL_NUMBER=1 -DBUILD_SINGLE=1 -DBUILD_DOUBLE=1 -DBUILD_COMPLEX=1 -DBUILD_COMPLEX16=1 -DVERSION=\"0.3.17.dev\" -msse3 -mssse3 -msse4.1 -mavx -mavx2 -mavx2 -UASMNAME -UASMFNAME -UNAME -UCNAME -UCHAR_NAME -UCHAR_CNAME -DASMNAME=cgbmv_s -DASMFNAME=cgbmv_s_ -DNAME=cgbmv_s_ -DCNAME=cgbmv_s -DCHAR_NAME=\"cgbmv_s_\" -DCHAR_CNAME=\"cgbmv_s\" -DNO_AFFINITY -I../.. -UDOUBLE  -DCOMPLEX -o cgbmv_s.o zgbmv_k.c
cc -c -DCOMPLEX -UDOUBLE -DTRANS -DCONJ -DXCONJ -O2 -DMAX_STACK_ALLOC=2048 -Wall -m64 -DF_INTERFACE_GFORT -fPIC -DNO_LAPACK -DNO_LAPACKE -DSMP_SERVER -DNO_WARMUP -DMAX_CPU_NUMBER=4 -DMAX_PARALLEL_NUMBER=1 -DBUILD_SINGLE=1 -DBUILD_DOUBLE=1 -DBUILD_COMPLEX=1 -DBUILD_COMPLEX16=1 -DVERSION=\"0.3.17.dev\" -msse3 -mssse3 -msse4.1 -mavx -mavx2 -mavx2 -UASMNAME -UASMFNAME -UNAME -UCNAME -UCHAR_NAME -UCHAR_CNAME -DASMNAME=cgbmv_d -DASMFNAME=cgbmv_d_ -DNAME=cgbmv_d_ -DCNAME=cgbmv_d -DCHAR_NAME=\"cgbmv_d_\" -DCHAR_CNAME=\"cgbmv_d\" -DNO_AFFINITY -I../.. -UDOUBLE  -DCOMPLEX -o cgbmv_d.o zgbmv_k.c
cc -c -O2 -DMAX_STACK_ALLOC=2048 -Wall -m64 -DF_INTERFACE_GFORT -fPIC -DNO_LAPACK -DNO_LAPACKE -DSMP_SERVER -DNO_WARMUP -DMAX_CPU_NUMBER=4 -DMAX_PARALLEL_NUMBER=1 -DBUILD_SINGLE=1 -DBUILD_DOUBLE=1 -DBUILD_COMPLEX=1 -DBUILD_COMPLEX16=1 -DVERSION=\"0.3.17.dev\" -msse3 -mssse3 -msse4.1 -mavx -mavx2 -mavx2 -UASMNAME -UASMFNAME -UNAME -UCNAME -UCHAR_NAME -UCHAR_CNAME -DASMNAME=chbmv_U -DASMFNAME=chbmv_U_ -DNAME=chbmv_U_ -DCNAME=chbmv_U -DCHAR_NAME=\"chbmv_U_\" -DCHAR_CNAME=\"chbmv_U\" -DNO_AFFINITY -I../.. -UDOUBLE  -DCOMPLEX -DCOMPLEX -UDOUBLE -ULOWER zhbmv_k.c -o chbmv_U.o
cc -c -O2 -DMAX_STACK_ALLOC=2048 -Wall -m64 -DF_INTERFACE_GFORT -fPIC -DNO_LAPACK -DNO_LAPACKE -DSMP_SERVER -DNO_WARMUP -DMAX_CPU_NUMBER=4 -DMAX_PARALLEL_NUMBER=1 -DBUILD_SINGLE=1 -DBUILD_DOUBLE=1 -DBUILD_COMPLEX=1 -DBUILD_COMPLEX16=1 -DVERSION=\"0.3.17.dev\" -msse3 -mssse3 -msse4.1 -mavx -mavx2 -mavx2 -UASMNAME -UASMFNAME -UNAME -UCNAME -UCHAR_NAME -UCHAR_CNAME -DASMNAME=chbmv_L -DASMFNAME=chbmv_L_ -DNAME=chbmv_L_ -DCNAME=chbmv_L -DCHAR_NAME=\"chbmv_L_\" -DCHAR_CNAME=\"chbmv_L\" -DNO_AFFINITY -I../.. -UDOUBLE  -DCOMPLEX -DCOMPLEX -UDOUBLE -DLOWER zhbmv_k.c -o chbmv_L.o
cc -c -O2 -DMAX_STACK_ALLOC=2048 -Wall -m64 -DF_INTERFACE_GFORT -fPIC -DNO_LAPACK -DNO_LAPACKE -DSMP_SERVER -DNO_WARMUP -DMAX_CPU_NUMBER=4 -DMAX_PARALLEL_NUMBER=1 -DBUILD_SINGLE=1 -DBUILD_DOUBLE=1 -DBUILD_COMPLEX=1 -DBUILD_COMPLEX16=1 -DVERSION=\"0.3.17.dev\" -msse3 -mssse3 -msse4.1 -mavx -mavx2 -mavx2 -UASMNAME -UASMFNAME -UNAME -UCNAME -UCHAR_NAME -UCHAR_CNAME -DASMNAME=chbmv_V -DASMFNAME=chbmv_V_ -DNAME=chbmv_V_ -DCNAME=chbmv_V -DCHAR_NAME=\"chbmv_V_\" -DCHAR_CNAME=\"chbmv_V\" -DNO_AFFINITY -I../.. -UDOUBLE  -DCOMPLEX -DCOMPLEX -UDOUBLE -ULOWER -DHEMVREV zhbmv_k.c -o chbmv_V.o
cc -c -O2 -DMAX_STACK_ALLOC=2048 -Wall -m64 -DF_INTERFACE_GFORT -fPIC -DNO_LAPACK -DNO_LAPACKE -DSMP_SERVER -DNO_WARMUP -DMAX_CPU_NUMBER=4 -DMAX_PARALLEL_NUMBER=1 -DBUILD_SINGLE=1 -DBUILD_DOUBLE=1 -DBUILD_COMPLEX=1 -DBUILD_COMPLEX16=1 -DVERSION=\"0.3.17.dev\" -msse3 -mssse3 -msse4.1 -mavx -mavx2 -mavx2 -UASMNAME -UASMFNAME -UNAME -UCNAME -UCHAR_NAME -UCHAR_CNAME -DASMNAME=chbmv_M -DASMFNAME=chbmv_M_ -DNAME=chbmv_M_ -DCNAME=chbmv_M -DCHAR_NAME=\"chbmv_M_\" -DCHAR_CNAME=\"chbmv_M\" -DNO_AFFINITY -I../.. -UDOUBLE  -DCOMPLEX -DCOMPLEX -UDOUBLE -DLOWER -DHEMVREV zhbmv_k.c -o chbmv_M.o
cc -c -O2 -DMAX_STACK_ALLOC=2048 -Wall -m64 -DF_INTERFACE_GFORT -fPIC -DNO_LAPACK -DNO_LAPACKE -DSMP_SERVER -DNO_WARMUP -DMAX_CPU_NUMBER=4 -DMAX_PARALLEL_NUMBER=1 -DBUILD_SINGLE=1 -DBUILD_DOUBLE=1 -DBUILD_COMPLEX=1 -DBUILD_COMPLEX16=1 -DVERSION=\"0.3.17.dev\" -msse3 -mssse3 -msse4.1 -mavx -mavx2 -mavx2 -UASMNAME -UASMFNAME -UNAME -UCNAME -UCHAR_NAME -UCHAR_CNAME -DASMNAME=cher_U -DASMFNAME=cher_U_ -DNAME=cher_U_ -DCNAME=cher_U -DCHAR_NAME=\"cher_U_\" -DCHAR_CNAME=\"cher_U\" -DNO_AFFINITY -I../.. -UDOUBLE  -DCOMPLEX -UDOUBLE -ULOWER zher_k.c -o cher_U.o
cc -c -O2 -DMAX_STACK_ALLOC=2048 -Wall -m64 -DF_INTERFACE_GFORT -fPIC -DNO_LAPACK -DNO_LAPACKE -DSMP_SERVER -DNO_WARMUP -DMAX_CPU_NUMBER=4 -DMAX_PARALLEL_NUMBER=1 -DBUILD_SINGLE=1 -DBUILD_DOUBLE=1 -DBUILD_COMPLEX=1 -DBUILD_COMPLEX16=1 -DVERSION=\"0.3.17.dev\" -msse3 -mssse3 -msse4.1 -mavx -mavx2 -mavx2 -UASMNAME -UASMFNAME -UNAME -UCNAME -UCHAR_NAME -UCHAR_CNAME -DASMNAME=cher_L -DASMFNAME=cher_L_ -DNAME=cher_L_ -DCNAME=cher_L -DCHAR_NAME=\"cher_L_\" -DCHAR_CNAME=\"cher_L\" -DNO_AFFINITY -I../.. -UDOUBLE  -DCOMPLEX -UDOUBLE -DLOWER zher_k.c -o cher_L.o
cc -c -O2 -DMAX_STACK_ALLOC=2048 -Wall -m64 -DF_INTERFACE_GFORT -fPIC -DNO_LAPACK -DNO_LAPACKE -DSMP_SERVER -DNO_WARMUP -DMAX_CPU_NUMBER=4 -DMAX_PARALLEL_NUMBER=1 -DBUILD_SINGLE=1 -DBUILD_DOUBLE=1 -DBUILD_COMPLEX=1 -DBUILD_COMPLEX16=1 -DVERSION=\"0.3.17.dev\" -msse3 -mssse3 -msse4.1 -mavx -mavx2 -mavx2 -UASMNAME -UASMFNAME -UNAME -UCNAME -UCHAR_NAME -UCHAR_CNAME -DASMNAME=cher_V -DASMFNAME=cher_V_ -DNAME=cher_V_ -DCNAME=cher_V -DCHAR_NAME=\"cher_V_\" -DCHAR_CNAME=\"cher_V\" -DNO_AFFINITY -I../.. -UDOUBLE  -DCOMPLEX -UDOUBLE -ULOWER -DHEMVREV zher_k.c -o cher_V.o
cc -c -O2 -DMAX_STACK_ALLOC=2048 -Wall -m64 -DF_INTERFACE_GFORT -fPIC -DNO_LAPACK -DNO_LAPACKE -DSMP_SERVER -DNO_WARMUP -DMAX_CPU_NUMBER=4 -DMAX_PARALLEL_NUMBER=1 -DBUILD_SINGLE=1 -DBUILD_DOUBLE=1 -DBUILD_COMPLEX=1 -DBUILD_COMPLEX16=1 -DVERSION=\"0.3.17.dev\" -msse3 -mssse3 -msse4.1 -mavx -mavx2 -mavx2 -UASMNAME -UASMFNAME -UNAME -UCNAME -UCHAR_NAME -UCHAR_CNAME -DASMNAME=cher_M -DASMFNAME=cher_M_ -DNAME=cher_M_ -DCNAME=cher_M -DCHAR_NAME=\"cher_M_\" -DCHAR_CNAME=\"cher_M\" -DNO_AFFINITY -I../.. -UDOUBLE  -DCOMPLEX -UDOUBLE -DLOWER -DHEMVREV zher_k.c -o cher_M.o
cc -c -O2 -DMAX_STACK_ALLOC=2048 -Wall -m64 -DF_INTERFACE_GFORT -fPIC -DNO_LAPACK -DNO_LAPACKE -DSMP_SERVER -DNO_WARMUP -DMAX_CPU_NUMBER=4 -DMAX_PARALLEL_NUMBER=1 -DBUILD_SINGLE=1 -DBUILD_DOUBLE=1 -DBUILD_COMPLEX=1 -DBUILD_COMPLEX16=1 -DVERSION=\"0.3.17.dev\" -msse3 -mssse3 -msse4.1 -mavx -mavx2 -mavx2 -UASMNAME -UASMFNAME -UNAME -UCNAME -UCHAR_NAME -UCHAR_CNAME -DASMNAME=cher2_U -DASMFNAME=cher2_U_ -DNAME=cher2_U_ -DCNAME=cher2_U -DCHAR_NAME=\"cher2_U_\" -DCHAR_CNAME=\"cher2_U\" -DNO_AFFINITY -I../.. -UDOUBLE  -DCOMPLEX -UDOUBLE -DCOMPLEX -ULOWER zher2_k.c -o cher2_U.o
cc -c -O2 -DMAX_STACK_ALLOC=2048 -Wall -m64 -DF_INTERFACE_GFORT -fPIC -DNO_LAPACK -DNO_LAPACKE -DSMP_SERVER -DNO_WARMUP -DMAX_CPU_NUMBER=4 -DMAX_PARALLEL_NUMBER=1 -DBUILD_SINGLE=1 -DBUILD_DOUBLE=1 -DBUILD_COMPLEX=1 -DBUILD_COMPLEX16=1 -DVERSION=\"0.3.17.dev\" -msse3 -mssse3 -msse4.1 -mavx -mavx2 -mavx2 -UASMNAME -UASMFNAME -UNAME -UCNAME -UCHAR_NAME -UCHAR_CNAME -DASMNAME=cher2_L -DASMFNAME=cher2_L_ -DNAME=cher2_L_ -DCNAME=cher2_L -DCHAR_NAME=\"cher2_L_\" -DCHAR_CNAME=\"cher2_L\" -DNO_AFFINITY -I../.. -UDOUBLE  -DCOMPLEX -UDOUBLE -DCOMPLEX -DLOWER zher2_k.c -o cher2_L.o
cc -c -O2 -DMAX_STACK_ALLOC=2048 -Wall -m64 -DF_INTERFACE_GFORT -fPIC -DNO_LAPACK -DNO_LAPACKE -DSMP_SERVER -DNO_WARMUP -DMAX_CPU_NUMBER=4 -DMAX_PARALLEL_NUMBER=1 -DBUILD_SINGLE=1 -DBUILD_DOUBLE=1 -DBUILD_COMPLEX=1 -DBUILD_COMPLEX16=1 -DVERSION=\"0.3.17.dev\" -msse3 -mssse3 -msse4.1 -mavx -mavx2 -mavx2 -UASMNAME -UASMFNAME -UNAME -UCNAME -UCHAR_NAME -UCHAR_CNAME -DASMNAME=cher2_V -DASMFNAME=cher2_V_ -DNAME=cher2_V_ -DCNAME=cher2_V -DCHAR_NAME=\"cher2_V_\" -DCHAR_CNAME=\"cher2_V\" -DNO_AFFINITY -I../.. -UDOUBLE  -DCOMPLEX -UDOUBLE -DCOMPLEX -ULOWER -DHEMVREV zher2_k.c -o cher2_V.o
cc -c -O2 -DMAX_STACK_ALLOC=2048 -Wall -m64 -DF_INTERFACE_GFORT -fPIC -DNO_LAPACK -DNO_LAPACKE -DSMP_SERVER -DNO_WARMUP -DMAX_CPU_NUMBER=4 -DMAX_PARALLEL_NUMBER=1 -DBUILD_SINGLE=1 -DBUILD_DOUBLE=1 -DBUILD_COMPLEX=1 -DBUILD_COMPLEX16=1 -DVERSION=\"0.3.17.dev\" -msse3 -mssse3 -msse4.1 -mavx -mavx2 -mavx2 -UASMNAME -UASMFNAME -UNAME -UCNAME -UCHAR_NAME -UCHAR_CNAME -DASMNAME=cher2_M -DASMFNAME=cher2_M_ -DNAME=cher2_M_ -DCNAME=cher2_M -DCHAR_NAME=\"cher2_M_\" -DCHAR_CNAME=\"cher2_M\" -DNO_AFFINITY -I../.. -UDOUBLE  -DCOMPLEX -UDOUBLE -DCOMPLEX -DLOWER -DHEMVREV zher2_k.c -o cher2_M.o
cc -c -O2 -DMAX_STACK_ALLOC=2048 -Wall -m64 -DF_INTERFACE_GFORT -fPIC -DNO_LAPACK -DNO_LAPACKE -DSMP_SERVER -DNO_WARMUP -DMAX_CPU_NUMBER=4 -DMAX_PARALLEL_NUMBER=1 -DBUILD_SINGLE=1 -DBUILD_DOUBLE=1 -DBUILD_COMPLEX=1 -DBUILD_COMPLEX16=1 -DVERSION=\"0.3.17.dev\" -msse3 -mssse3 -msse4.1 -mavx -mavx2 -mavx2 -UASMNAME -UASMFNAME -UNAME -UCNAME -UCHAR_NAME -UCHAR_CNAME -DASMNAME=chpmv_U -DASMFNAME=chpmv_U_ -DNAME=chpmv_U_ -DCNAME=chpmv_U -DCHAR_NAME=\"chpmv_U_\" -DCHAR_CNAME=\"chpmv_U\" -DNO_AFFINITY -I../.. -UDOUBLE  -DCOMPLEX -DCOMPLEX -UDOUBLE -ULOWER zhpmv_k.c -o chpmv_U.o
cc -c -O2 -DMAX_STACK_ALLOC=2048 -Wall -m64 -DF_INTERFACE_GFORT -fPIC -DNO_LAPACK -DNO_LAPACKE -DSMP_SERVER -DNO_WARMUP -DMAX_CPU_NUMBER=4 -DMAX_PARALLEL_NUMBER=1 -DBUILD_SINGLE=1 -DBUILD_DOUBLE=1 -DBUILD_COMPLEX=1 -DBUILD_COMPLEX16=1 -DVERSION=\"0.3.17.dev\" -msse3 -mssse3 -msse4.1 -mavx -mavx2 -mavx2 -UASMNAME -UASMFNAME -UNAME -UCNAME -UCHAR_NAME -UCHAR_CNAME -DASMNAME=chpmv_L -DASMFNAME=chpmv_L_ -DNAME=chpmv_L_ -DCNAME=chpmv_L -DCHAR_NAME=\"chpmv_L_\" -DCHAR_CNAME=\"chpmv_L\" -DNO_AFFINITY -I../.. -UDOUBLE  -DCOMPLEX -DCOMPLEX -UDOUBLE -DLOWER zhpmv_k.c -o chpmv_L.o
cc -c -O2 -DMAX_STACK_ALLOC=2048 -Wall -m64 -DF_INTERFACE_GFORT -fPIC -DNO_LAPACK -DNO_LAPACKE -DSMP_SERVER -DNO_WARMUP -DMAX_CPU_NUMBER=4 -DMAX_PARALLEL_NUMBER=1 -DBUILD_SINGLE=1 -DBUILD_DOUBLE=1 -DBUILD_COMPLEX=1 -DBUILD_COMPLEX16=1 -DVERSION=\"0.3.17.dev\" -msse3 -mssse3 -msse4.1 -mavx -mavx2 -mavx2 -UASMNAME -UASMFNAME -UNAME -UCNAME -UCHAR_NAME -UCHAR_CNAME -DASMNAME=chpmv_V -DASMFNAME=chpmv_V_ -DNAME=chpmv_V_ -DCNAME=chpmv_V -DCHAR_NAME=\"chpmv_V_\" -DCHAR_CNAME=\"chpmv_V\" -DNO_AFFINITY -I../.. -UDOUBLE  -DCOMPLEX -DCOMPLEX -UDOUBLE -ULOWER -DHEMVREV zhpmv_k.c -o chpmv_V.o
cc -c -O2 -DMAX_STACK_ALLOC=2048 -Wall -m64 -DF_INTERFACE_GFORT -fPIC -DNO_LAPACK -DNO_LAPACKE -DSMP_SERVER -DNO_WARMUP -DMAX_CPU_NUMBER=4 -DMAX_PARALLEL_NUMBER=1 -DBUILD_SINGLE=1 -DBUILD_DOUBLE=1 -DBUILD_COMPLEX=1 -DBUILD_COMPLEX16=1 -DVERSION=\"0.3.17.dev\" -msse3 -mssse3 -msse4.1 -mavx -mavx2 -mavx2 -UASMNAME -UASMFNAME -UNAME -UCNAME -UCHAR_NAME -UCHAR_CNAME -DASMNAME=chpmv_M -DASMFNAME=chpmv_M_ -DNAME=chpmv_M_ -DCNAME=chpmv_M -DCHAR_NAME=\"chpmv_M_\" -DCHAR_CNAME=\"chpmv_M\" -DNO_AFFINITY -I../.. -UDOUBLE  -DCOMPLEX -DCOMPLEX -UDOUBLE -DLOWER -DHEMVREV zhpmv_k.c -o chpmv_M.o
cc -c -O2 -DMAX_STACK_ALLOC=2048 -Wall -m64 -DF_INTERFACE_GFORT -fPIC -DNO_LAPACK -DNO_LAPACKE -DSMP_SERVER -DNO_WARMUP -DMAX_CPU_NUMBER=4 -DMAX_PARALLEL_NUMBER=1 -DBUILD_SINGLE=1 -DBUILD_DOUBLE=1 -DBUILD_COMPLEX=1 -DBUILD_COMPLEX16=1 -DVERSION=\"0.3.17.dev\" -msse3 -mssse3 -msse4.1 -mavx -mavx2 -mavx2 -UASMNAME -UASMFNAME -UNAME -UCNAME -UCHAR_NAME -UCHAR_CNAME -DASMNAME=chpr_U -DASMFNAME=chpr_U_ -DNAME=chpr_U_ -DCNAME=chpr_U -DCHAR_NAME=\"chpr_U_\" -DCHAR_CNAME=\"chpr_U\" -DNO_AFFINITY -I../.. -UDOUBLE  -DCOMPLEX -UDOUBLE -ULOWER zhpr_k.c -o chpr_U.o
cc -c -O2 -DMAX_STACK_ALLOC=2048 -Wall -m64 -DF_INTERFACE_GFORT -fPIC -DNO_LAPACK -DNO_LAPACKE -DSMP_SERVER -DNO_WARMUP -DMAX_CPU_NUMBER=4 -DMAX_PARALLEL_NUMBER=1 -DBUILD_SINGLE=1 -DBUILD_DOUBLE=1 -DBUILD_COMPLEX=1 -DBUILD_COMPLEX16=1 -DVERSION=\"0.3.17.dev\" -msse3 -mssse3 -msse4.1 -mavx -mavx2 -mavx2 -UASMNAME -UASMFNAME -UNAME -UCNAME -UCHAR_NAME -UCHAR_CNAME -DASMNAME=chpr_L -DASMFNAME=chpr_L_ -DNAME=chpr_L_ -DCNAME=chpr_L -DCHAR_NAME=\"chpr_L_\" -DCHAR_CNAME=\"chpr_L\" -DNO_AFFINITY -I../.. -UDOUBLE  -DCOMPLEX -UDOUBLE -DLOWER zhpr_k.c -o chpr_L.o
cc -c -O2 -DMAX_STACK_ALLOC=2048 -Wall -m64 -DF_INTERFACE_GFORT -fPIC -DNO_LAPACK -DNO_LAPACKE -DSMP_SERVER -DNO_WARMUP -DMAX_CPU_NUMBER=4 -DMAX_PARALLEL_NUMBER=1 -DBUILD_SINGLE=1 -DBUILD_DOUBLE=1 -DBUILD_COMPLEX=1 -DBUILD_COMPLEX16=1 -DVERSION=\"0.3.17.dev\" -msse3 -mssse3 -msse4.1 -mavx -mavx2 -mavx2 -UASMNAME -UASMFNAME -UNAME -UCNAME -UCHAR_NAME -UCHAR_CNAME -DASMNAME=chpr_V -DASMFNAME=chpr_V_ -DNAME=chpr_V_ -DCNAME=chpr_V -DCHAR_NAME=\"chpr_V_\" -DCHAR_CNAME=\"chpr_V\" -DNO_AFFINITY -I../.. -UDOUBLE  -DCOMPLEX -UDOUBLE -ULOWER -DHEMVREV zhpr_k.c -o chpr_V.o
cc -c -O2 -DMAX_STACK_ALLOC=2048 -Wall -m64 -DF_INTERFACE_GFORT -fPIC -DNO_LAPACK -DNO_LAPACKE -DSMP_SERVER -DNO_WARMUP -DMAX_CPU_NUMBER=4 -DMAX_PARALLEL_NUMBER=1 -DBUILD_SINGLE=1 -DBUILD_DOUBLE=1 -DBUILD_COMPLEX=1 -DBUILD_COMPLEX16=1 -DVERSION=\"0.3.17.dev\" -msse3 -mssse3 -msse4.1 -mavx -mavx2 -mavx2 -UASMNAME -UASMFNAME -UNAME -UCNAME -UCHAR_NAME -UCHAR_CNAME -DASMNAME=chpr_M -DASMFNAME=chpr_M_ -DNAME=chpr_M_ -DCNAME=chpr_M -DCHAR_NAME=\"chpr_M_\" -DCHAR_CNAME=\"chpr_M\" -DNO_AFFINITY -I../.. -UDOUBLE  -DCOMPLEX -UDOUBLE -DLOWER -DHEMVREV zhpr_k.c -o chpr_M.o
cc -c -O2 -DMAX_STACK_ALLOC=2048 -Wall -m64 -DF_INTERFACE_GFORT -fPIC -DNO_LAPACK -DNO_LAPACKE -DSMP_SERVER -DNO_WARMUP -DMAX_CPU_NUMBER=4 -DMAX_PARALLEL_NUMBER=1 -DBUILD_SINGLE=1 -DBUILD_DOUBLE=1 -DBUILD_COMPLEX=1 -DBUILD_COMPLEX16=1 -DVERSION=\"0.3.17.dev\" -msse3 -mssse3 -msse4.1 -mavx -mavx2 -mavx2 -UASMNAME -UASMFNAME -UNAME -UCNAME -UCHAR_NAME -UCHAR_CNAME -DASMNAME=chpr2_U -DASMFNAME=chpr2_U_ -DNAME=chpr2_U_ -DCNAME=chpr2_U -DCHAR_NAME=\"chpr2_U_\" -DCHAR_CNAME=\"chpr2_U\" -DNO_AFFINITY -I../.. -UDOUBLE  -DCOMPLEX -UDOUBLE -DCOMPLEX -ULOWER zhpr2_k.c -o chpr2_U.o
cc -c -O2 -DMAX_STACK_ALLOC=2048 -Wall -m64 -DF_INTERFACE_GFORT -fPIC -DNO_LAPACK -DNO_LAPACKE -DSMP_SERVER -DNO_WARMUP -DMAX_CPU_NUMBER=4 -DMAX_PARALLEL_NUMBER=1 -DBUILD_SINGLE=1 -DBUILD_DOUBLE=1 -DBUILD_COMPLEX=1 -DBUILD_COMPLEX16=1 -DVERSION=\"0.3.17.dev\" -msse3 -mssse3 -msse4.1 -mavx -mavx2 -mavx2 -UASMNAME -UASMFNAME -UNAME -UCNAME -UCHAR_NAME -UCHAR_CNAME -DASMNAME=chpr2_L -DASMFNAME=chpr2_L_ -DNAME=chpr2_L_ -DCNAME=chpr2_L -DCHAR_NAME=\"chpr2_L_\" -DCHAR_CNAME=\"chpr2_L\" -DNO_AFFINITY -I../.. -UDOUBLE  -DCOMPLEX -UDOUBLE -DCOMPLEX -DLOWER zhpr2_k.c -o chpr2_L.o
cc -c -O2 -DMAX_STACK_ALLOC=2048 -Wall -m64 -DF_INTERFACE_GFORT -fPIC -DNO_LAPACK -DNO_LAPACKE -DSMP_SERVER -DNO_WARMUP -DMAX_CPU_NUMBER=4 -DMAX_PARALLEL_NUMBER=1 -DBUILD_SINGLE=1 -DBUILD_DOUBLE=1 -DBUILD_COMPLEX=1 -DBUILD_COMPLEX16=1 -DVERSION=\"0.3.17.dev\" -msse3 -mssse3 -msse4.1 -mavx -mavx2 -mavx2 -UASMNAME -UASMFNAME -UNAME -UCNAME -UCHAR_NAME -UCHAR_CNAME -DASMNAME=chpr2_V -DASMFNAME=chpr2_V_ -DNAME=chpr2_V_ -DCNAME=chpr2_V -DCHAR_NAME=\"chpr2_V_\" -DCHAR_CNAME=\"chpr2_V\" -DNO_AFFINITY -I../.. -UDOUBLE  -DCOMPLEX -UDOUBLE -DCOMPLEX -ULOWER -DHEMVREV zhpr2_k.c -o chpr2_V.o
cc -c -O2 -DMAX_STACK_ALLOC=2048 -Wall -m64 -DF_INTERFACE_GFORT -fPIC -DNO_LAPACK -DNO_LAPACKE -DSMP_SERVER -DNO_WARMUP -DMAX_CPU_NUMBER=4 -DMAX_PARALLEL_NUMBER=1 -DBUILD_SINGLE=1 -DBUILD_DOUBLE=1 -DBUILD_COMPLEX=1 -DBUILD_COMPLEX16=1 -DVERSION=\"0.3.17.dev\" -msse3 -mssse3 -msse4.1 -mavx -mavx2 -mavx2 -UASMNAME -UASMFNAME -UNAME -UCNAME -UCHAR_NAME -UCHAR_CNAME -DASMNAME=chpr2_M -DASMFNAME=chpr2_M_ -DNAME=chpr2_M_ -DCNAME=chpr2_M -DCHAR_NAME=\"chpr2_M_\" -DCHAR_CNAME=\"chpr2_M\" -DNO_AFFINITY -I../.. -UDOUBLE  -DCOMPLEX -UDOUBLE -DCOMPLEX -DLOWER -DHEMVREV zhpr2_k.c -o chpr2_M.o
cc -c -O2 -DMAX_STACK_ALLOC=2048 -Wall -m64 -DF_INTERFACE_GFORT -fPIC -DNO_LAPACK -DNO_LAPACKE -DSMP_SERVER -DNO_WARMUP -DMAX_CPU_NUMBER=4 -DMAX_PARALLEL_NUMBER=1 -DBUILD_SINGLE=1 -DBUILD_DOUBLE=1 -DBUILD_COMPLEX=1 -DBUILD_COMPLEX16=1 -DVERSION=\"0.3.17.dev\" -msse3 -mssse3 -msse4.1 -mavx -mavx2 -mavx2 -UASMNAME -UASMFNAME -UNAME -UCNAME -UCHAR_NAME -UCHAR_CNAME -DASMNAME=csbmv_U -DASMFNAME=csbmv_U_ -DNAME=csbmv_U_ -DCNAME=csbmv_U -DCHAR_NAME=\"csbmv_U_\" -DCHAR_CNAME=\"csbmv_U\" -DNO_AFFINITY -I../.. -UDOUBLE  -DCOMPLEX -DCOMPLEX -UDOUBLE -ULOWER zsbmv_k.c -o csbmv_U.o
cc -c -O2 -DMAX_STACK_ALLOC=2048 -Wall -m64 -DF_INTERFACE_GFORT -fPIC -DNO_LAPACK -DNO_LAPACKE -DSMP_SERVER -DNO_WARMUP -DMAX_CPU_NUMBER=4 -DMAX_PARALLEL_NUMBER=1 -DBUILD_SINGLE=1 -DBUILD_DOUBLE=1 -DBUILD_COMPLEX=1 -DBUILD_COMPLEX16=1 -DVERSION=\"0.3.17.dev\" -msse3 -mssse3 -msse4.1 -mavx -mavx2 -mavx2 -UASMNAME -UASMFNAME -UNAME -UCNAME -UCHAR_NAME -UCHAR_CNAME -DASMNAME=csbmv_L -DASMFNAME=csbmv_L_ -DNAME=csbmv_L_ -DCNAME=csbmv_L -DCHAR_NAME=\"csbmv_L_\" -DCHAR_CNAME=\"csbmv_L\" -DNO_AFFINITY -I../.. -UDOUBLE  -DCOMPLEX -DCOMPLEX -UDOUBLE -DLOWER zsbmv_k.c -o csbmv_L.o
cc -c -O2 -DMAX_STACK_ALLOC=2048 -Wall -m64 -DF_INTERFACE_GFORT -fPIC -DNO_LAPACK -DNO_LAPACKE -DSMP_SERVER -DNO_WARMUP -DMAX_CPU_NUMBER=4 -DMAX_PARALLEL_NUMBER=1 -DBUILD_SINGLE=1 -DBUILD_DOUBLE=1 -DBUILD_COMPLEX=1 -DBUILD_COMPLEX16=1 -DVERSION=\"0.3.17.dev\" -msse3 -mssse3 -msse4.1 -mavx -mavx2 -mavx2 -UASMNAME -UASMFNAME -UNAME -UCNAME -UCHAR_NAME -UCHAR_CNAME -DASMNAME=cspmv_U -DASMFNAME=cspmv_U_ -DNAME=cspmv_U_ -DCNAME=cspmv_U -DCHAR_NAME=\"cspmv_U_\" -DCHAR_CNAME=\"cspmv_U\" -DNO_AFFINITY -I../.. -UDOUBLE  -DCOMPLEX -DCOMPLEX -UDOUBLE -ULOWER zspmv_k.c -o cspmv_U.o
cc -c -O2 -DMAX_STACK_ALLOC=2048 -Wall -m64 -DF_INTERFACE_GFORT -fPIC -DNO_LAPACK -DNO_LAPACKE -DSMP_SERVER -DNO_WARMUP -DMAX_CPU_NUMBER=4 -DMAX_PARALLEL_NUMBER=1 -DBUILD_SINGLE=1 -DBUILD_DOUBLE=1 -DBUILD_COMPLEX=1 -DBUILD_COMPLEX16=1 -DVERSION=\"0.3.17.dev\" -msse3 -mssse3 -msse4.1 -mavx -mavx2 -mavx2 -UASMNAME -UASMFNAME -UNAME -UCNAME -UCHAR_NAME -UCHAR_CNAME -DASMNAME=cspmv_L -DASMFNAME=cspmv_L_ -DNAME=cspmv_L_ -DCNAME=cspmv_L -DCHAR_NAME=\"cspmv_L_\" -DCHAR_CNAME=\"cspmv_L\" -DNO_AFFINITY -I../.. -UDOUBLE  -DCOMPLEX -DCOMPLEX -UDOUBLE -DLOWER zspmv_k.c -o cspmv_L.o
cc -c -O2 -DMAX_STACK_ALLOC=2048 -Wall -m64 -DF_INTERFACE_GFORT -fPIC -DNO_LAPACK -DNO_LAPACKE -DSMP_SERVER -DNO_WARMUP -DMAX_CPU_NUMBER=4 -DMAX_PARALLEL_NUMBER=1 -DBUILD_SINGLE=1 -DBUILD_DOUBLE=1 -DBUILD_COMPLEX=1 -DBUILD_COMPLEX16=1 -DVERSION=\"0.3.17.dev\" -msse3 -mssse3 -msse4.1 -mavx -mavx2 -mavx2 -UASMNAME -UASMFNAME -UNAME -UCNAME -UCHAR_NAME -UCHAR_CNAME -DASMNAME=cspr_U -DASMFNAME=cspr_U_ -DNAME=cspr_U_ -DCNAME=cspr_U -DCHAR_NAME=\"cspr_U_\" -DCHAR_CNAME=\"cspr_U\" -DNO_AFFINITY -I../.. -UDOUBLE  -DCOMPLEX -DCOMPLEX -UDOUBLE -ULOWER zspr_k.c -o cspr_U.o
cc -c -O2 -DMAX_STACK_ALLOC=2048 -Wall -m64 -DF_INTERFACE_GFORT -fPIC -DNO_LAPACK -DNO_LAPACKE -DSMP_SERVER -DNO_WARMUP -DMAX_CPU_NUMBER=4 -DMAX_PARALLEL_NUMBER=1 -DBUILD_SINGLE=1 -DBUILD_DOUBLE=1 -DBUILD_COMPLEX=1 -DBUILD_COMPLEX16=1 -DVERSION=\"0.3.17.dev\" -msse3 -mssse3 -msse4.1 -mavx -mavx2 -mavx2 -UASMNAME -UASMFNAME -UNAME -UCNAME -UCHAR_NAME -UCHAR_CNAME -DASMNAME=cspr_L -DASMFNAME=cspr_L_ -DNAME=cspr_L_ -DCNAME=cspr_L -DCHAR_NAME=\"cspr_L_\" -DCHAR_CNAME=\"cspr_L\" -DNO_AFFINITY -I../.. -UDOUBLE  -DCOMPLEX -DCOMPLEX -UDOUBLE -DLOWER zspr_k.c -o cspr_L.o
cc -c -O2 -DMAX_STACK_ALLOC=2048 -Wall -m64 -DF_INTERFACE_GFORT -fPIC -DNO_LAPACK -DNO_LAPACKE -DSMP_SERVER -DNO_WARMUP -DMAX_CPU_NUMBER=4 -DMAX_PARALLEL_NUMBER=1 -DBUILD_SINGLE=1 -DBUILD_DOUBLE=1 -DBUILD_COMPLEX=1 -DBUILD_COMPLEX16=1 -DVERSION=\"0.3.17.dev\" -msse3 -mssse3 -msse4.1 -mavx -mavx2 -mavx2 -UASMNAME -UASMFNAME -UNAME -UCNAME -UCHAR_NAME -UCHAR_CNAME -DASMNAME=cspr2_U -DASMFNAME=cspr2_U_ -DNAME=cspr2_U_ -DCNAME=cspr2_U -DCHAR_NAME=\"cspr2_U_\" -DCHAR_CNAME=\"cspr2_U\" -DNO_AFFINITY -I../.. -UDOUBLE  -DCOMPLEX -DCOMPLEX -UDOUBLE -ULOWER zspr2_k.c -o cspr2_U.o
cc -c -O2 -DMAX_STACK_ALLOC=2048 -Wall -m64 -DF_INTERFACE_GFORT -fPIC -DNO_LAPACK -DNO_LAPACKE -DSMP_SERVER -DNO_WARMUP -DMAX_CPU_NUMBER=4 -DMAX_PARALLEL_NUMBER=1 -DBUILD_SINGLE=1 -DBUILD_DOUBLE=1 -DBUILD_COMPLEX=1 -DBUILD_COMPLEX16=1 -DVERSION=\"0.3.17.dev\" -msse3 -mssse3 -msse4.1 -mavx -mavx2 -mavx2 -UASMNAME -UASMFNAME -UNAME -UCNAME -UCHAR_NAME -UCHAR_CNAME -DASMNAME=cspr2_L -DASMFNAME=cspr2_L_ -DNAME=cspr2_L_ -DCNAME=cspr2_L -DCHAR_NAME=\"cspr2_L_\" -DCHAR_CNAME=\"cspr2_L\" -DNO_AFFINITY -I../.. -UDOUBLE  -DCOMPLEX -DCOMPLEX -UDOUBLE -DLOWER zspr2_k.c -o cspr2_L.o
cc -c -O2 -DMAX_STACK_ALLOC=2048 -Wall -m64 -DF_INTERFACE_GFORT -fPIC -DNO_LAPACK -DNO_LAPACKE -DSMP_SERVER -DNO_WARMUP -DMAX_CPU_NUMBER=4 -DMAX_PARALLEL_NUMBER=1 -DBUILD_SINGLE=1 -DBUILD_DOUBLE=1 -DBUILD_COMPLEX=1 -DBUILD_COMPLEX16=1 -DVERSION=\"0.3.17.dev\" -msse3 -mssse3 -msse4.1 -mavx -mavx2 -mavx2 -UASMNAME -UASMFNAME -UNAME -UCNAME -UCHAR_NAME -UCHAR_CNAME -DASMNAME=csyr_U -DASMFNAME=csyr_U_ -DNAME=csyr_U_ -DCNAME=csyr_U -DCHAR_NAME=\"csyr_U_\" -DCHAR_CNAME=\"csyr_U\" -DNO_AFFINITY -I../.. -UDOUBLE  -DCOMPLEX -DCOMPLEX -UDOUBLE -ULOWER zsyr_k.c -o csyr_U.o
cc -c -O2 -DMAX_STACK_ALLOC=2048 -Wall -m64 -DF_INTERFACE_GFORT -fPIC -DNO_LAPACK -DNO_LAPACKE -DSMP_SERVER -DNO_WARMUP -DMAX_CPU_NUMBER=4 -DMAX_PARALLEL_NUMBER=1 -DBUILD_SINGLE=1 -DBUILD_DOUBLE=1 -DBUILD_COMPLEX=1 -DBUILD_COMPLEX16=1 -DVERSION=\"0.3.17.dev\" -msse3 -mssse3 -msse4.1 -mavx -mavx2 -mavx2 -UASMNAME -UASMFNAME -UNAME -UCNAME -UCHAR_NAME -UCHAR_CNAME -DASMNAME=csyr_L -DASMFNAME=csyr_L_ -DNAME=csyr_L_ -DCNAME=csyr_L -DCHAR_NAME=\"csyr_L_\" -DCHAR_CNAME=\"csyr_L\" -DNO_AFFINITY -I../.. -UDOUBLE  -DCOMPLEX -DCOMPLEX -UDOUBLE -DLOWER zsyr_k.c -o csyr_L.o
cc -c -O2 -DMAX_STACK_ALLOC=2048 -Wall -m64 -DF_INTERFACE_GFORT -fPIC -DNO_LAPACK -DNO_LAPACKE -DSMP_SERVER -DNO_WARMUP -DMAX_CPU_NUMBER=4 -DMAX_PARALLEL_NUMBER=1 -DBUILD_SINGLE=1 -DBUILD_DOUBLE=1 -DBUILD_COMPLEX=1 -DBUILD_COMPLEX16=1 -DVERSION=\"0.3.17.dev\" -msse3 -mssse3 -msse4.1 -mavx -mavx2 -mavx2 -UASMNAME -UASMFNAME -UNAME -UCNAME -UCHAR_NAME -UCHAR_CNAME -DASMNAME=csyr2_U -DASMFNAME=csyr2_U_ -DNAME=csyr2_U_ -DCNAME=csyr2_U -DCHAR_NAME=\"csyr2_U_\" -DCHAR_CNAME=\"csyr2_U\" -DNO_AFFINITY -I../.. -UDOUBLE  -DCOMPLEX -DCOMPLEX -UDOUBLE -ULOWER zsyr2_k.c -o csyr2_U.o
cc -c -O2 -DMAX_STACK_ALLOC=2048 -Wall -m64 -DF_INTERFACE_GFORT -fPIC -DNO_LAPACK -DNO_LAPACKE -DSMP_SERVER -DNO_WARMUP -DMAX_CPU_NUMBER=4 -DMAX_PARALLEL_NUMBER=1 -DBUILD_SINGLE=1 -DBUILD_DOUBLE=1 -DBUILD_COMPLEX=1 -DBUILD_COMPLEX16=1 -DVERSION=\"0.3.17.dev\" -msse3 -mssse3 -msse4.1 -mavx -mavx2 -mavx2 -UASMNAME -UASMFNAME -UNAME -UCNAME -UCHAR_NAME -UCHAR_CNAME -DASMNAME=csyr2_L -DASMFNAME=csyr2_L_ -DNAME=csyr2_L_ -DCNAME=csyr2_L -DCHAR_NAME=\"csyr2_L_\" -DCHAR_CNAME=\"csyr2_L\" -DNO_AFFINITY -I../.. -UDOUBLE  -DCOMPLEX -DCOMPLEX -UDOUBLE -DLOWER zsyr2_k.c -o csyr2_L.o
cc -c -O2 -DMAX_STACK_ALLOC=2048 -Wall -m64 -DF_INTERFACE_GFORT -fPIC -DNO_LAPACK -DNO_LAPACKE -DSMP_SERVER -DNO_WARMUP -DMAX_CPU_NUMBER=4 -DMAX_PARALLEL_NUMBER=1 -DBUILD_SINGLE=1 -DBUILD_DOUBLE=1 -DBUILD_COMPLEX=1 -DBUILD_COMPLEX16=1 -DVERSION=\"0.3.17.dev\" -msse3 -mssse3 -msse4.1 -mavx -mavx2 -mavx2 -UASMNAME -UASMFNAME -UNAME -UCNAME -UCHAR_NAME -UCHAR_CNAME -DASMNAME=ctbmv_NUU -DASMFNAME=ctbmv_NUU_ -DNAME=ctbmv_NUU_ -DCNAME=ctbmv_NUU -DCHAR_NAME=\"ctbmv_NUU_\" -DCHAR_CNAME=\"ctbmv_NUU\" -DNO_AFFINITY -I../.. -UDOUBLE  -DCOMPLEX -DCOMPLEX -UDOUBLE -DTRANSA=1 -DUNIT ztbmv_U.c -o ctbmv_NUU.o
cc -c -O2 -DMAX_STACK_ALLOC=2048 -Wall -m64 -DF_INTERFACE_GFORT -fPIC -DNO_LAPACK -DNO_LAPACKE -DSMP_SERVER -DNO_WARMUP -DMAX_CPU_NUMBER=4 -DMAX_PARALLEL_NUMBER=1 -DBUILD_SINGLE=1 -DBUILD_DOUBLE=1 -DBUILD_COMPLEX=1 -DBUILD_COMPLEX16=1 -DVERSION=\"0.3.17.dev\" -msse3 -mssse3 -msse4.1 -mavx -mavx2 -mavx2 -UASMNAME -UASMFNAME -UNAME -UCNAME -UCHAR_NAME -UCHAR_CNAME -DASMNAME=ctbmv_NUN -DASMFNAME=ctbmv_NUN_ -DNAME=ctbmv_NUN_ -DCNAME=ctbmv_NUN -DCHAR_NAME=\"ctbmv_NUN_\" -DCHAR_CNAME=\"ctbmv_NUN\" -DNO_AFFINITY -I../.. -UDOUBLE  -DCOMPLEX -DCOMPLEX -UDOUBLE -DTRANSA=1 -UUNIT ztbmv_U.c -o ctbmv_NUN.o
cc -c -O2 -DMAX_STACK_ALLOC=2048 -Wall -m64 -DF_INTERFACE_GFORT -fPIC -DNO_LAPACK -DNO_LAPACKE -DSMP_SERVER -DNO_WARMUP -DMAX_CPU_NUMBER=4 -DMAX_PARALLEL_NUMBER=1 -DBUILD_SINGLE=1 -DBUILD_DOUBLE=1 -DBUILD_COMPLEX=1 -DBUILD_COMPLEX16=1 -DVERSION=\"0.3.17.dev\" -msse3 -mssse3 -msse4.1 -mavx -mavx2 -mavx2 -UASMNAME -UASMFNAME -UNAME -UCNAME -UCHAR_NAME -UCHAR_CNAME -DASMNAME=ctbmv_NLU -DASMFNAME=ctbmv_NLU_ -DNAME=ctbmv_NLU_ -DCNAME=ctbmv_NLU -DCHAR_NAME=\"ctbmv_NLU_\" -DCHAR_CNAME=\"ctbmv_NLU\" -DNO_AFFINITY -I../.. -UDOUBLE  -DCOMPLEX -DCOMPLEX -UDOUBLE -DTRANSA=1 -DUNIT ztbmv_L.c -o ctbmv_NLU.o
cc -c -O2 -DMAX_STACK_ALLOC=2048 -Wall -m64 -DF_INTERFACE_GFORT -fPIC -DNO_LAPACK -DNO_LAPACKE -DSMP_SERVER -DNO_WARMUP -DMAX_CPU_NUMBER=4 -DMAX_PARALLEL_NUMBER=1 -DBUILD_SINGLE=1 -DBUILD_DOUBLE=1 -DBUILD_COMPLEX=1 -DBUILD_COMPLEX16=1 -DVERSION=\"0.3.17.dev\" -msse3 -mssse3 -msse4.1 -mavx -mavx2 -mavx2 -UASMNAME -UASMFNAME -UNAME -UCNAME -UCHAR_NAME -UCHAR_CNAME -DASMNAME=ctbmv_NLN -DASMFNAME=ctbmv_NLN_ -DNAME=ctbmv_NLN_ -DCNAME=ctbmv_NLN -DCHAR_NAME=\"ctbmv_NLN_\" -DCHAR_CNAME=\"ctbmv_NLN\" -DNO_AFFINITY -I../.. -UDOUBLE  -DCOMPLEX -DCOMPLEX -UDOUBLE -DTRANSA=1 -UUNIT ztbmv_L.c -o ctbmv_NLN.o
cc -c -O2 -DMAX_STACK_ALLOC=2048 -Wall -m64 -DF_INTERFACE_GFORT -fPIC -DNO_LAPACK -DNO_LAPACKE -DSMP_SERVER -DNO_WARMUP -DMAX_CPU_NUMBER=4 -DMAX_PARALLEL_NUMBER=1 -DBUILD_SINGLE=1 -DBUILD_DOUBLE=1 -DBUILD_COMPLEX=1 -DBUILD_COMPLEX16=1 -DVERSION=\"0.3.17.dev\" -msse3 -mssse3 -msse4.1 -mavx -mavx2 -mavx2 -UASMNAME -UASMFNAME -UNAME -UCNAME -UCHAR_NAME -UCHAR_CNAME -DASMNAME=ctbmv_TUU -DASMFNAME=ctbmv_TUU_ -DNAME=ctbmv_TUU_ -DCNAME=ctbmv_TUU -DCHAR_NAME=\"ctbmv_TUU_\" -DCHAR_CNAME=\"ctbmv_TUU\" -DNO_AFFINITY -I../.. -UDOUBLE  -DCOMPLEX -DCOMPLEX -UDOUBLE -DTRANSA=2 -DUNIT ztbmv_L.c -o ctbmv_TUU.o
cc -c -O2 -DMAX_STACK_ALLOC=2048 -Wall -m64 -DF_INTERFACE_GFORT -fPIC -DNO_LAPACK -DNO_LAPACKE -DSMP_SERVER -DNO_WARMUP -DMAX_CPU_NUMBER=4 -DMAX_PARALLEL_NUMBER=1 -DBUILD_SINGLE=1 -DBUILD_DOUBLE=1 -DBUILD_COMPLEX=1 -DBUILD_COMPLEX16=1 -DVERSION=\"0.3.17.dev\" -msse3 -mssse3 -msse4.1 -mavx -mavx2 -mavx2 -UASMNAME -UASMFNAME -UNAME -UCNAME -UCHAR_NAME -UCHAR_CNAME -DASMNAME=ctbmv_TUN -DASMFNAME=ctbmv_TUN_ -DNAME=ctbmv_TUN_ -DCNAME=ctbmv_TUN -DCHAR_NAME=\"ctbmv_TUN_\" -DCHAR_CNAME=\"ctbmv_TUN\" -DNO_AFFINITY -I../.. -UDOUBLE  -DCOMPLEX -DCOMPLEX -UDOUBLE -DTRANSA=2 -UUNIT ztbmv_L.c -o ctbmv_TUN.o
cc -c -O2 -DMAX_STACK_ALLOC=2048 -Wall -m64 -DF_INTERFACE_GFORT -fPIC -DNO_LAPACK -DNO_LAPACKE -DSMP_SERVER -DNO_WARMUP -DMAX_CPU_NUMBER=4 -DMAX_PARALLEL_NUMBER=1 -DBUILD_SINGLE=1 -DBUILD_DOUBLE=1 -DBUILD_COMPLEX=1 -DBUILD_COMPLEX16=1 -DVERSION=\"0.3.17.dev\" -msse3 -mssse3 -msse4.1 -mavx -mavx2 -mavx2 -UASMNAME -UASMFNAME -UNAME -UCNAME -UCHAR_NAME -UCHAR_CNAME -DASMNAME=ctbmv_TLU -DASMFNAME=ctbmv_TLU_ -DNAME=ctbmv_TLU_ -DCNAME=ctbmv_TLU -DCHAR_NAME=\"ctbmv_TLU_\" -DCHAR_CNAME=\"ctbmv_TLU\" -DNO_AFFINITY -I../.. -UDOUBLE  -DCOMPLEX -DCOMPLEX -UDOUBLE -DTRANSA=2 -DUNIT ztbmv_U.c -o ctbmv_TLU.o
cc -c -O2 -DMAX_STACK_ALLOC=2048 -Wall -m64 -DF_INTERFACE_GFORT -fPIC -DNO_LAPACK -DNO_LAPACKE -DSMP_SERVER -DNO_WARMUP -DMAX_CPU_NUMBER=4 -DMAX_PARALLEL_NUMBER=1 -DBUILD_SINGLE=1 -DBUILD_DOUBLE=1 -DBUILD_COMPLEX=1 -DBUILD_COMPLEX16=1 -DVERSION=\"0.3.17.dev\" -msse3 -mssse3 -msse4.1 -mavx -mavx2 -mavx2 -UASMNAME -UASMFNAME -UNAME -UCNAME -UCHAR_NAME -UCHAR_CNAME -DASMNAME=ctbmv_TLN -DASMFNAME=ctbmv_TLN_ -DNAME=ctbmv_TLN_ -DCNAME=ctbmv_TLN -DCHAR_NAME=\"ctbmv_TLN_\" -DCHAR_CNAME=\"ctbmv_TLN\" -DNO_AFFINITY -I../.. -UDOUBLE  -DCOMPLEX -DCOMPLEX -UDOUBLE -DTRANSA=2 -UUNIT ztbmv_U.c -o ctbmv_TLN.o
cc -c -O2 -DMAX_STACK_ALLOC=2048 -Wall -m64 -DF_INTERFACE_GFORT -fPIC -DNO_LAPACK -DNO_LAPACKE -DSMP_SERVER -DNO_WARMUP -DMAX_CPU_NUMBER=4 -DMAX_PARALLEL_NUMBER=1 -DBUILD_SINGLE=1 -DBUILD_DOUBLE=1 -DBUILD_COMPLEX=1 -DBUILD_COMPLEX16=1 -DVERSION=\"0.3.17.dev\" -msse3 -mssse3 -msse4.1 -mavx -mavx2 -mavx2 -UASMNAME -UASMFNAME -UNAME -UCNAME -UCHAR_NAME -UCHAR_CNAME -DASMNAME=ctbmv_RUU -DASMFNAME=ctbmv_RUU_ -DNAME=ctbmv_RUU_ -DCNAME=ctbmv_RUU -DCHAR_NAME=\"ctbmv_RUU_\" -DCHAR_CNAME=\"ctbmv_RUU\" -DNO_AFFINITY -I../.. -UDOUBLE  -DCOMPLEX -DCOMPLEX -UDOUBLE -DTRANSA=3 -DUNIT ztbmv_U.c -o ctbmv_RUU.o
cc -c -O2 -DMAX_STACK_ALLOC=2048 -Wall -m64 -DF_INTERFACE_GFORT -fPIC -DNO_LAPACK -DNO_LAPACKE -DSMP_SERVER -DNO_WARMUP -DMAX_CPU_NUMBER=4 -DMAX_PARALLEL_NUMBER=1 -DBUILD_SINGLE=1 -DBUILD_DOUBLE=1 -DBUILD_COMPLEX=1 -DBUILD_COMPLEX16=1 -DVERSION=\"0.3.17.dev\" -msse3 -mssse3 -msse4.1 -mavx -mavx2 -mavx2 -UASMNAME -UASMFNAME -UNAME -UCNAME -UCHAR_NAME -UCHAR_CNAME -DASMNAME=ctbmv_RUN -DASMFNAME=ctbmv_RUN_ -DNAME=ctbmv_RUN_ -DCNAME=ctbmv_RUN -DCHAR_NAME=\"ctbmv_RUN_\" -DCHAR_CNAME=\"ctbmv_RUN\" -DNO_AFFINITY -I../.. -UDOUBLE  -DCOMPLEX -DCOMPLEX -UDOUBLE -DTRANSA=3 -UUNIT ztbmv_U.c -o ctbmv_RUN.o
cc -c -O2 -DMAX_STACK_ALLOC=2048 -Wall -m64 -DF_INTERFACE_GFORT -fPIC -DNO_LAPACK -DNO_LAPACKE -DSMP_SERVER -DNO_WARMUP -DMAX_CPU_NUMBER=4 -DMAX_PARALLEL_NUMBER=1 -DBUILD_SINGLE=1 -DBUILD_DOUBLE=1 -DBUILD_COMPLEX=1 -DBUILD_COMPLEX16=1 -DVERSION=\"0.3.17.dev\" -msse3 -mssse3 -msse4.1 -mavx -mavx2 -mavx2 -UASMNAME -UASMFNAME -UNAME -UCNAME -UCHAR_NAME -UCHAR_CNAME -DASMNAME=ctbmv_RLU -DASMFNAME=ctbmv_RLU_ -DNAME=ctbmv_RLU_ -DCNAME=ctbmv_RLU -DCHAR_NAME=\"ctbmv_RLU_\" -DCHAR_CNAME=\"ctbmv_RLU\" -DNO_AFFINITY -I../.. -UDOUBLE  -DCOMPLEX -DCOMPLEX -UDOUBLE -DTRANSA=3 -DUNIT ztbmv_L.c -o ctbmv_RLU.o
cc -c -O2 -DMAX_STACK_ALLOC=2048 -Wall -m64 -DF_INTERFACE_GFORT -fPIC -DNO_LAPACK -DNO_LAPACKE -DSMP_SERVER -DNO_WARMUP -DMAX_CPU_NUMBER=4 -DMAX_PARALLEL_NUMBER=1 -DBUILD_SINGLE=1 -DBUILD_DOUBLE=1 -DBUILD_COMPLEX=1 -DBUILD_COMPLEX16=1 -DVERSION=\"0.3.17.dev\" -msse3 -mssse3 -msse4.1 -mavx -mavx2 -mavx2 -UASMNAME -UASMFNAME -UNAME -UCNAME -UCHAR_NAME -UCHAR_CNAME -DASMNAME=ctbmv_RLN -DASMFNAME=ctbmv_RLN_ -DNAME=ctbmv_RLN_ -DCNAME=ctbmv_RLN -DCHAR_NAME=\"ctbmv_RLN_\" -DCHAR_CNAME=\"ctbmv_RLN\" -DNO_AFFINITY -I../.. -UDOUBLE  -DCOMPLEX -DCOMPLEX -UDOUBLE -DTRANSA=3 -UUNIT ztbmv_L.c -o ctbmv_RLN.o
cc -c -O2 -DMAX_STACK_ALLOC=2048 -Wall -m64 -DF_INTERFACE_GFORT -fPIC -DNO_LAPACK -DNO_LAPACKE -DSMP_SERVER -DNO_WARMUP -DMAX_CPU_NUMBER=4 -DMAX_PARALLEL_NUMBER=1 -DBUILD_SINGLE=1 -DBUILD_DOUBLE=1 -DBUILD_COMPLEX=1 -DBUILD_COMPLEX16=1 -DVERSION=\"0.3.17.dev\" -msse3 -mssse3 -msse4.1 -mavx -mavx2 -mavx2 -UASMNAME -UASMFNAME -UNAME -UCNAME -UCHAR_NAME -UCHAR_CNAME -DASMNAME=ctbmv_CUU -DASMFNAME=ctbmv_CUU_ -DNAME=ctbmv_CUU_ -DCNAME=ctbmv_CUU -DCHAR_NAME=\"ctbmv_CUU_\" -DCHAR_CNAME=\"ctbmv_CUU\" -DNO_AFFINITY -I../.. -UDOUBLE  -DCOMPLEX -DCOMPLEX -UDOUBLE -DTRANSA=4 -DUNIT ztbmv_L.c -o ctbmv_CUU.o
cc -c -O2 -DMAX_STACK_ALLOC=2048 -Wall -m64 -DF_INTERFACE_GFORT -fPIC -DNO_LAPACK -DNO_LAPACKE -DSMP_SERVER -DNO_WARMUP -DMAX_CPU_NUMBER=4 -DMAX_PARALLEL_NUMBER=1 -DBUILD_SINGLE=1 -DBUILD_DOUBLE=1 -DBUILD_COMPLEX=1 -DBUILD_COMPLEX16=1 -DVERSION=\"0.3.17.dev\" -msse3 -mssse3 -msse4.1 -mavx -mavx2 -mavx2 -UASMNAME -UASMFNAME -UNAME -UCNAME -UCHAR_NAME -UCHAR_CNAME -DASMNAME=ctbmv_CUN -DASMFNAME=ctbmv_CUN_ -DNAME=ctbmv_CUN_ -DCNAME=ctbmv_CUN -DCHAR_NAME=\"ctbmv_CUN_\" -DCHAR_CNAME=\"ctbmv_CUN\" -DNO_AFFINITY -I../.. -UDOUBLE  -DCOMPLEX -DCOMPLEX -UDOUBLE -DTRANSA=4 -UUNIT ztbmv_L.c -o ctbmv_CUN.o
cc -c -O2 -DMAX_STACK_ALLOC=2048 -Wall -m64 -DF_INTERFACE_GFORT -fPIC -DNO_LAPACK -DNO_LAPACKE -DSMP_SERVER -DNO_WARMUP -DMAX_CPU_NUMBER=4 -DMAX_PARALLEL_NUMBER=1 -DBUILD_SINGLE=1 -DBUILD_DOUBLE=1 -DBUILD_COMPLEX=1 -DBUILD_COMPLEX16=1 -DVERSION=\"0.3.17.dev\" -msse3 -mssse3 -msse4.1 -mavx -mavx2 -mavx2 -UASMNAME -UASMFNAME -UNAME -UCNAME -UCHAR_NAME -UCHAR_CNAME -DASMNAME=ctbmv_CLU -DASMFNAME=ctbmv_CLU_ -DNAME=ctbmv_CLU_ -DCNAME=ctbmv_CLU -DCHAR_NAME=\"ctbmv_CLU_\" -DCHAR_CNAME=\"ctbmv_CLU\" -DNO_AFFINITY -I../.. -UDOUBLE  -DCOMPLEX -DCOMPLEX -UDOUBLE -DTRANSA=4 -DUNIT ztbmv_U.c -o ctbmv_CLU.o
cc -c -O2 -DMAX_STACK_ALLOC=2048 -Wall -m64 -DF_INTERFACE_GFORT -fPIC -DNO_LAPACK -DNO_LAPACKE -DSMP_SERVER -DNO_WARMUP -DMAX_CPU_NUMBER=4 -DMAX_PARALLEL_NUMBER=1 -DBUILD_SINGLE=1 -DBUILD_DOUBLE=1 -DBUILD_COMPLEX=1 -DBUILD_COMPLEX16=1 -DVERSION=\"0.3.17.dev\" -msse3 -mssse3 -msse4.1 -mavx -mavx2 -mavx2 -UASMNAME -UASMFNAME -UNAME -UCNAME -UCHAR_NAME -UCHAR_CNAME -DASMNAME=ctbmv_CLN -DASMFNAME=ctbmv_CLN_ -DNAME=ctbmv_CLN_ -DCNAME=ctbmv_CLN -DCHAR_NAME=\"ctbmv_CLN_\" -DCHAR_CNAME=\"ctbmv_CLN\" -DNO_AFFINITY -I../.. -UDOUBLE  -DCOMPLEX -DCOMPLEX -UDOUBLE -DTRANSA=4 -UUNIT ztbmv_U.c -o ctbmv_CLN.o
cc -c -O2 -DMAX_STACK_ALLOC=2048 -Wall -m64 -DF_INTERFACE_GFORT -fPIC -DNO_LAPACK -DNO_LAPACKE -DSMP_SERVER -DNO_WARMUP -DMAX_CPU_NUMBER=4 -DMAX_PARALLEL_NUMBER=1 -DBUILD_SINGLE=1 -DBUILD_DOUBLE=1 -DBUILD_COMPLEX=1 -DBUILD_COMPLEX16=1 -DVERSION=\"0.3.17.dev\" -msse3 -mssse3 -msse4.1 -mavx -mavx2 -mavx2 -UASMNAME -UASMFNAME -UNAME -UCNAME -UCHAR_NAME -UCHAR_CNAME -DASMNAME=ctbsv_NUU -DASMFNAME=ctbsv_NUU_ -DNAME=ctbsv_NUU_ -DCNAME=ctbsv_NUU -DCHAR_NAME=\"ctbsv_NUU_\" -DCHAR_CNAME=\"ctbsv_NUU\" -DNO_AFFINITY -I../.. -UDOUBLE  -DCOMPLEX -DCOMPLEX -UDOUBLE -DTRANSA=1 -DUNIT ztbsv_U.c -o ctbsv_NUU.o
cc -c -O2 -DMAX_STACK_ALLOC=2048 -Wall -m64 -DF_INTERFACE_GFORT -fPIC -DNO_LAPACK -DNO_LAPACKE -DSMP_SERVER -DNO_WARMUP -DMAX_CPU_NUMBER=4 -DMAX_PARALLEL_NUMBER=1 -DBUILD_SINGLE=1 -DBUILD_DOUBLE=1 -DBUILD_COMPLEX=1 -DBUILD_COMPLEX16=1 -DVERSION=\"0.3.17.dev\" -msse3 -mssse3 -msse4.1 -mavx -mavx2 -mavx2 -UASMNAME -UASMFNAME -UNAME -UCNAME -UCHAR_NAME -UCHAR_CNAME -DASMNAME=ctbsv_NUN -DASMFNAME=ctbsv_NUN_ -DNAME=ctbsv_NUN_ -DCNAME=ctbsv_NUN -DCHAR_NAME=\"ctbsv_NUN_\" -DCHAR_CNAME=\"ctbsv_NUN\" -DNO_AFFINITY -I../.. -UDOUBLE  -DCOMPLEX -DCOMPLEX -UDOUBLE -DTRANSA=1 -UUNIT ztbsv_U.c -o ctbsv_NUN.o
cc -c -O2 -DMAX_STACK_ALLOC=2048 -Wall -m64 -DF_INTERFACE_GFORT -fPIC -DNO_LAPACK -DNO_LAPACKE -DSMP_SERVER -DNO_WARMUP -DMAX_CPU_NUMBER=4 -DMAX_PARALLEL_NUMBER=1 -DBUILD_SINGLE=1 -DBUILD_DOUBLE=1 -DBUILD_COMPLEX=1 -DBUILD_COMPLEX16=1 -DVERSION=\"0.3.17.dev\" -msse3 -mssse3 -msse4.1 -mavx -mavx2 -mavx2 -UASMNAME -UASMFNAME -UNAME -UCNAME -UCHAR_NAME -UCHAR_CNAME -DASMNAME=ctbsv_NLU -DASMFNAME=ctbsv_NLU_ -DNAME=ctbsv_NLU_ -DCNAME=ctbsv_NLU -DCHAR_NAME=\"ctbsv_NLU_\" -DCHAR_CNAME=\"ctbsv_NLU\" -DNO_AFFINITY -I../.. -UDOUBLE  -DCOMPLEX -DCOMPLEX -UDOUBLE -DTRANSA=1 -DUNIT ztbsv_L.c -o ctbsv_NLU.o
cc -c -O2 -DMAX_STACK_ALLOC=2048 -Wall -m64 -DF_INTERFACE_GFORT -fPIC -DNO_LAPACK -DNO_LAPACKE -DSMP_SERVER -DNO_WARMUP -DMAX_CPU_NUMBER=4 -DMAX_PARALLEL_NUMBER=1 -DBUILD_SINGLE=1 -DBUILD_DOUBLE=1 -DBUILD_COMPLEX=1 -DBUILD_COMPLEX16=1 -DVERSION=\"0.3.17.dev\" -msse3 -mssse3 -msse4.1 -mavx -mavx2 -mavx2 -UASMNAME -UASMFNAME -UNAME -UCNAME -UCHAR_NAME -UCHAR_CNAME -DASMNAME=ctbsv_NLN -DASMFNAME=ctbsv_NLN_ -DNAME=ctbsv_NLN_ -DCNAME=ctbsv_NLN -DCHAR_NAME=\"ctbsv_NLN_\" -DCHAR_CNAME=\"ctbsv_NLN\" -DNO_AFFINITY -I../.. -UDOUBLE  -DCOMPLEX -DCOMPLEX -UDOUBLE -DTRANSA=1 -UUNIT ztbsv_L.c -o ctbsv_NLN.o
cc -c -O2 -DMAX_STACK_ALLOC=2048 -Wall -m64 -DF_INTERFACE_GFORT -fPIC -DNO_LAPACK -DNO_LAPACKE -DSMP_SERVER -DNO_WARMUP -DMAX_CPU_NUMBER=4 -DMAX_PARALLEL_NUMBER=1 -DBUILD_SINGLE=1 -DBUILD_DOUBLE=1 -DBUILD_COMPLEX=1 -DBUILD_COMPLEX16=1 -DVERSION=\"0.3.17.dev\" -msse3 -mssse3 -msse4.1 -mavx -mavx2 -mavx2 -UASMNAME -UASMFNAME -UNAME -UCNAME -UCHAR_NAME -UCHAR_CNAME -DASMNAME=ctbsv_TUU -DASMFNAME=ctbsv_TUU_ -DNAME=ctbsv_TUU_ -DCNAME=ctbsv_TUU -DCHAR_NAME=\"ctbsv_TUU_\" -DCHAR_CNAME=\"ctbsv_TUU\" -DNO_AFFINITY -I../.. -UDOUBLE  -DCOMPLEX -DCOMPLEX -UDOUBLE -DTRANSA=2 -DUNIT ztbsv_L.c -o ctbsv_TUU.o
cc -c -O2 -DMAX_STACK_ALLOC=2048 -Wall -m64 -DF_INTERFACE_GFORT -fPIC -DNO_LAPACK -DNO_LAPACKE -DSMP_SERVER -DNO_WARMUP -DMAX_CPU_NUMBER=4 -DMAX_PARALLEL_NUMBER=1 -DBUILD_SINGLE=1 -DBUILD_DOUBLE=1 -DBUILD_COMPLEX=1 -DBUILD_COMPLEX16=1 -DVERSION=\"0.3.17.dev\" -msse3 -mssse3 -msse4.1 -mavx -mavx2 -mavx2 -UASMNAME -UASMFNAME -UNAME -UCNAME -UCHAR_NAME -UCHAR_CNAME -DASMNAME=ctbsv_TUN -DASMFNAME=ctbsv_TUN_ -DNAME=ctbsv_TUN_ -DCNAME=ctbsv_TUN -DCHAR_NAME=\"ctbsv_TUN_\" -DCHAR_CNAME=\"ctbsv_TUN\" -DNO_AFFINITY -I../.. -UDOUBLE  -DCOMPLEX -DCOMPLEX -UDOUBLE -DTRANSA=2 -UUNIT ztbsv_L.c -o ctbsv_TUN.o
cc -c -O2 -DMAX_STACK_ALLOC=2048 -Wall -m64 -DF_INTERFACE_GFORT -fPIC -DNO_LAPACK -DNO_LAPACKE -DSMP_SERVER -DNO_WARMUP -DMAX_CPU_NUMBER=4 -DMAX_PARALLEL_NUMBER=1 -DBUILD_SINGLE=1 -DBUILD_DOUBLE=1 -DBUILD_COMPLEX=1 -DBUILD_COMPLEX16=1 -DVERSION=\"0.3.17.dev\" -msse3 -mssse3 -msse4.1 -mavx -mavx2 -mavx2 -UASMNAME -UASMFNAME -UNAME -UCNAME -UCHAR_NAME -UCHAR_CNAME -DASMNAME=ctbsv_TLU -DASMFNAME=ctbsv_TLU_ -DNAME=ctbsv_TLU_ -DCNAME=ctbsv_TLU -DCHAR_NAME=\"ctbsv_TLU_\" -DCHAR_CNAME=\"ctbsv_TLU\" -DNO_AFFINITY -I../.. -UDOUBLE  -DCOMPLEX -DCOMPLEX -UDOUBLE -DTRANSA=2 -DUNIT ztbsv_U.c -o ctbsv_TLU.o
cc -c -O2 -DMAX_STACK_ALLOC=2048 -Wall -m64 -DF_INTERFACE_GFORT -fPIC -DNO_LAPACK -DNO_LAPACKE -DSMP_SERVER -DNO_WARMUP -DMAX_CPU_NUMBER=4 -DMAX_PARALLEL_NUMBER=1 -DBUILD_SINGLE=1 -DBUILD_DOUBLE=1 -DBUILD_COMPLEX=1 -DBUILD_COMPLEX16=1 -DVERSION=\"0.3.17.dev\" -msse3 -mssse3 -msse4.1 -mavx -mavx2 -mavx2 -UASMNAME -UASMFNAME -UNAME -UCNAME -UCHAR_NAME -UCHAR_CNAME -DASMNAME=ctbsv_TLN -DASMFNAME=ctbsv_TLN_ -DNAME=ctbsv_TLN_ -DCNAME=ctbsv_TLN -DCHAR_NAME=\"ctbsv_TLN_\" -DCHAR_CNAME=\"ctbsv_TLN\" -DNO_AFFINITY -I../.. -UDOUBLE  -DCOMPLEX -DCOMPLEX -UDOUBLE -DTRANSA=2 -UUNIT ztbsv_U.c -o ctbsv_TLN.o
cc -c -O2 -DMAX_STACK_ALLOC=2048 -Wall -m64 -DF_INTERFACE_GFORT -fPIC -DNO_LAPACK -DNO_LAPACKE -DSMP_SERVER -DNO_WARMUP -DMAX_CPU_NUMBER=4 -DMAX_PARALLEL_NUMBER=1 -DBUILD_SINGLE=1 -DBUILD_DOUBLE=1 -DBUILD_COMPLEX=1 -DBUILD_COMPLEX16=1 -DVERSION=\"0.3.17.dev\" -msse3 -mssse3 -msse4.1 -mavx -mavx2 -mavx2 -UASMNAME -UASMFNAME -UNAME -UCNAME -UCHAR_NAME -UCHAR_CNAME -DASMNAME=ctbsv_RUU -DASMFNAME=ctbsv_RUU_ -DNAME=ctbsv_RUU_ -DCNAME=ctbsv_RUU -DCHAR_NAME=\"ctbsv_RUU_\" -DCHAR_CNAME=\"ctbsv_RUU\" -DNO_AFFINITY -I../.. -UDOUBLE  -DCOMPLEX -DCOMPLEX -UDOUBLE -DTRANSA=3 -DUNIT ztbsv_U.c -o ctbsv_RUU.o
cc -c -O2 -DMAX_STACK_ALLOC=2048 -Wall -m64 -DF_INTERFACE_GFORT -fPIC -DNO_LAPACK -DNO_LAPACKE -DSMP_SERVER -DNO_WARMUP -DMAX_CPU_NUMBER=4 -DMAX_PARALLEL_NUMBER=1 -DBUILD_SINGLE=1 -DBUILD_DOUBLE=1 -DBUILD_COMPLEX=1 -DBUILD_COMPLEX16=1 -DVERSION=\"0.3.17.dev\" -msse3 -mssse3 -msse4.1 -mavx -mavx2 -mavx2 -UASMNAME -UASMFNAME -UNAME -UCNAME -UCHAR_NAME -UCHAR_CNAME -DASMNAME=ctbsv_RUN -DASMFNAME=ctbsv_RUN_ -DNAME=ctbsv_RUN_ -DCNAME=ctbsv_RUN -DCHAR_NAME=\"ctbsv_RUN_\" -DCHAR_CNAME=\"ctbsv_RUN\" -DNO_AFFINITY -I../.. -UDOUBLE  -DCOMPLEX -DCOMPLEX -UDOUBLE -DTRANSA=3 -UUNIT ztbsv_U.c -o ctbsv_RUN.o
cc -c -O2 -DMAX_STACK_ALLOC=2048 -Wall -m64 -DF_INTERFACE_GFORT -fPIC -DNO_LAPACK -DNO_LAPACKE -DSMP_SERVER -DNO_WARMUP -DMAX_CPU_NUMBER=4 -DMAX_PARALLEL_NUMBER=1 -DBUILD_SINGLE=1 -DBUILD_DOUBLE=1 -DBUILD_COMPLEX=1 -DBUILD_COMPLEX16=1 -DVERSION=\"0.3.17.dev\" -msse3 -mssse3 -msse4.1 -mavx -mavx2 -mavx2 -UASMNAME -UASMFNAME -UNAME -UCNAME -UCHAR_NAME -UCHAR_CNAME -DASMNAME=ctbsv_RLU -DASMFNAME=ctbsv_RLU_ -DNAME=ctbsv_RLU_ -DCNAME=ctbsv_RLU -DCHAR_NAME=\"ctbsv_RLU_\" -DCHAR_CNAME=\"ctbsv_RLU\" -DNO_AFFINITY -I../.. -UDOUBLE  -DCOMPLEX -DCOMPLEX -UDOUBLE -DTRANSA=3 -DUNIT ztbsv_L.c -o ctbsv_RLU.o
cc -c -O2 -DMAX_STACK_ALLOC=2048 -Wall -m64 -DF_INTERFACE_GFORT -fPIC -DNO_LAPACK -DNO_LAPACKE -DSMP_SERVER -DNO_WARMUP -DMAX_CPU_NUMBER=4 -DMAX_PARALLEL_NUMBER=1 -DBUILD_SINGLE=1 -DBUILD_DOUBLE=1 -DBUILD_COMPLEX=1 -DBUILD_COMPLEX16=1 -DVERSION=\"0.3.17.dev\" -msse3 -mssse3 -msse4.1 -mavx -mavx2 -mavx2 -UASMNAME -UASMFNAME -UNAME -UCNAME -UCHAR_NAME -UCHAR_CNAME -DASMNAME=ctbsv_RLN -DASMFNAME=ctbsv_RLN_ -DNAME=ctbsv_RLN_ -DCNAME=ctbsv_RLN -DCHAR_NAME=\"ctbsv_RLN_\" -DCHAR_CNAME=\"ctbsv_RLN\" -DNO_AFFINITY -I../.. -UDOUBLE  -DCOMPLEX -DCOMPLEX -UDOUBLE -DTRANSA=3 -UUNIT ztbsv_L.c -o ctbsv_RLN.o
cc -c -O2 -DMAX_STACK_ALLOC=2048 -Wall -m64 -DF_INTERFACE_GFORT -fPIC -DNO_LAPACK -DNO_LAPACKE -DSMP_SERVER -DNO_WARMUP -DMAX_CPU_NUMBER=4 -DMAX_PARALLEL_NUMBER=1 -DBUILD_SINGLE=1 -DBUILD_DOUBLE=1 -DBUILD_COMPLEX=1 -DBUILD_COMPLEX16=1 -DVERSION=\"0.3.17.dev\" -msse3 -mssse3 -msse4.1 -mavx -mavx2 -mavx2 -UASMNAME -UASMFNAME -UNAME -UCNAME -UCHAR_NAME -UCHAR_CNAME -DASMNAME=ctbsv_CUU -DASMFNAME=ctbsv_CUU_ -DNAME=ctbsv_CUU_ -DCNAME=ctbsv_CUU -DCHAR_NAME=\"ctbsv_CUU_\" -DCHAR_CNAME=\"ctbsv_CUU\" -DNO_AFFINITY -I../.. -UDOUBLE  -DCOMPLEX -DCOMPLEX -UDOUBLE -DTRANSA=4 -DUNIT ztbsv_L.c -o ctbsv_CUU.o
cc -c -O2 -DMAX_STACK_ALLOC=2048 -Wall -m64 -DF_INTERFACE_GFORT -fPIC -DNO_LAPACK -DNO_LAPACKE -DSMP_SERVER -DNO_WARMUP -DMAX_CPU_NUMBER=4 -DMAX_PARALLEL_NUMBER=1 -DBUILD_SINGLE=1 -DBUILD_DOUBLE=1 -DBUILD_COMPLEX=1 -DBUILD_COMPLEX16=1 -DVERSION=\"0.3.17.dev\" -msse3 -mssse3 -msse4.1 -mavx -mavx2 -mavx2 -UASMNAME -UASMFNAME -UNAME -UCNAME -UCHAR_NAME -UCHAR_CNAME -DASMNAME=ctbsv_CUN -DASMFNAME=ctbsv_CUN_ -DNAME=ctbsv_CUN_ -DCNAME=ctbsv_CUN -DCHAR_NAME=\"ctbsv_CUN_\" -DCHAR_CNAME=\"ctbsv_CUN\" -DNO_AFFINITY -I../.. -UDOUBLE  -DCOMPLEX -DCOMPLEX -UDOUBLE -DTRANSA=4 -UUNIT ztbsv_L.c -o ctbsv_CUN.o
cc -c -O2 -DMAX_STACK_ALLOC=2048 -Wall -m64 -DF_INTERFACE_GFORT -fPIC -DNO_LAPACK -DNO_LAPACKE -DSMP_SERVER -DNO_WARMUP -DMAX_CPU_NUMBER=4 -DMAX_PARALLEL_NUMBER=1 -DBUILD_SINGLE=1 -DBUILD_DOUBLE=1 -DBUILD_COMPLEX=1 -DBUILD_COMPLEX16=1 -DVERSION=\"0.3.17.dev\" -msse3 -mssse3 -msse4.1 -mavx -mavx2 -mavx2 -UASMNAME -UASMFNAME -UNAME -UCNAME -UCHAR_NAME -UCHAR_CNAME -DASMNAME=ctbsv_CLU -DASMFNAME=ctbsv_CLU_ -DNAME=ctbsv_CLU_ -DCNAME=ctbsv_CLU -DCHAR_NAME=\"ctbsv_CLU_\" -DCHAR_CNAME=\"ctbsv_CLU\" -DNO_AFFINITY -I../.. -UDOUBLE  -DCOMPLEX -DCOMPLEX -UDOUBLE -DTRANSA=4 -DUNIT ztbsv_U.c -o ctbsv_CLU.o
cc -c -O2 -DMAX_STACK_ALLOC=2048 -Wall -m64 -DF_INTERFACE_GFORT -fPIC -DNO_LAPACK -DNO_LAPACKE -DSMP_SERVER -DNO_WARMUP -DMAX_CPU_NUMBER=4 -DMAX_PARALLEL_NUMBER=1 -DBUILD_SINGLE=1 -DBUILD_DOUBLE=1 -DBUILD_COMPLEX=1 -DBUILD_COMPLEX16=1 -DVERSION=\"0.3.17.dev\" -msse3 -mssse3 -msse4.1 -mavx -mavx2 -mavx2 -UASMNAME -UASMFNAME -UNAME -UCNAME -UCHAR_NAME -UCHAR_CNAME -DASMNAME=ctbsv_CLN -DASMFNAME=ctbsv_CLN_ -DNAME=ctbsv_CLN_ -DCNAME=ctbsv_CLN -DCHAR_NAME=\"ctbsv_CLN_\" -DCHAR_CNAME=\"ctbsv_CLN\" -DNO_AFFINITY -I../.. -UDOUBLE  -DCOMPLEX -DCOMPLEX -UDOUBLE -DTRANSA=4 -UUNIT ztbsv_U.c -o ctbsv_CLN.o
cc -c -O2 -DMAX_STACK_ALLOC=2048 -Wall -m64 -DF_INTERFACE_GFORT -fPIC -DNO_LAPACK -DNO_LAPACKE -DSMP_SERVER -DNO_WARMUP -DMAX_CPU_NUMBER=4 -DMAX_PARALLEL_NUMBER=1 -DBUILD_SINGLE=1 -DBUILD_DOUBLE=1 -DBUILD_COMPLEX=1 -DBUILD_COMPLEX16=1 -DVERSION=\"0.3.17.dev\" -msse3 -mssse3 -msse4.1 -mavx -mavx2 -mavx2 -UASMNAME -UASMFNAME -UNAME -UCNAME -UCHAR_NAME -UCHAR_CNAME -DASMNAME=ctpmv_NUU -DASMFNAME=ctpmv_NUU_ -DNAME=ctpmv_NUU_ -DCNAME=ctpmv_NUU -DCHAR_NAME=\"ctpmv_NUU_\" -DCHAR_CNAME=\"ctpmv_NUU\" -DNO_AFFINITY -I../.. -UDOUBLE  -DCOMPLEX -DCOMPLEX -UDOUBLE -DTRANSA=1 -DUNIT ztpmv_U.c -o ctpmv_NUU.o
cc -c -O2 -DMAX_STACK_ALLOC=2048 -Wall -m64 -DF_INTERFACE_GFORT -fPIC -DNO_LAPACK -DNO_LAPACKE -DSMP_SERVER -DNO_WARMUP -DMAX_CPU_NUMBER=4 -DMAX_PARALLEL_NUMBER=1 -DBUILD_SINGLE=1 -DBUILD_DOUBLE=1 -DBUILD_COMPLEX=1 -DBUILD_COMPLEX16=1 -DVERSION=\"0.3.17.dev\" -msse3 -mssse3 -msse4.1 -mavx -mavx2 -mavx2 -UASMNAME -UASMFNAME -UNAME -UCNAME -UCHAR_NAME -UCHAR_CNAME -DASMNAME=ctpmv_NUN -DASMFNAME=ctpmv_NUN_ -DNAME=ctpmv_NUN_ -DCNAME=ctpmv_NUN -DCHAR_NAME=\"ctpmv_NUN_\" -DCHAR_CNAME=\"ctpmv_NUN\" -DNO_AFFINITY -I../.. -UDOUBLE  -DCOMPLEX -DCOMPLEX -UDOUBLE -DTRANSA=1 -UUNIT ztpmv_U.c -o ctpmv_NUN.o
cc -c -O2 -DMAX_STACK_ALLOC=2048 -Wall -m64 -DF_INTERFACE_GFORT -fPIC -DNO_LAPACK -DNO_LAPACKE -DSMP_SERVER -DNO_WARMUP -DMAX_CPU_NUMBER=4 -DMAX_PARALLEL_NUMBER=1 -DBUILD_SINGLE=1 -DBUILD_DOUBLE=1 -DBUILD_COMPLEX=1 -DBUILD_COMPLEX16=1 -DVERSION=\"0.3.17.dev\" -msse3 -mssse3 -msse4.1 -mavx -mavx2 -mavx2 -UASMNAME -UASMFNAME -UNAME -UCNAME -UCHAR_NAME -UCHAR_CNAME -DASMNAME=ctpmv_NLU -DASMFNAME=ctpmv_NLU_ -DNAME=ctpmv_NLU_ -DCNAME=ctpmv_NLU -DCHAR_NAME=\"ctpmv_NLU_\" -DCHAR_CNAME=\"ctpmv_NLU\" -DNO_AFFINITY -I../.. -UDOUBLE  -DCOMPLEX -DCOMPLEX -UDOUBLE -DTRANSA=1 -DUNIT ztpmv_L.c -o ctpmv_NLU.o
cc -c -O2 -DMAX_STACK_ALLOC=2048 -Wall -m64 -DF_INTERFACE_GFORT -fPIC -DNO_LAPACK -DNO_LAPACKE -DSMP_SERVER -DNO_WARMUP -DMAX_CPU_NUMBER=4 -DMAX_PARALLEL_NUMBER=1 -DBUILD_SINGLE=1 -DBUILD_DOUBLE=1 -DBUILD_COMPLEX=1 -DBUILD_COMPLEX16=1 -DVERSION=\"0.3.17.dev\" -msse3 -mssse3 -msse4.1 -mavx -mavx2 -mavx2 -UASMNAME -UASMFNAME -UNAME -UCNAME -UCHAR_NAME -UCHAR_CNAME -DASMNAME=ctpmv_NLN -DASMFNAME=ctpmv_NLN_ -DNAME=ctpmv_NLN_ -DCNAME=ctpmv_NLN -DCHAR_NAME=\"ctpmv_NLN_\" -DCHAR_CNAME=\"ctpmv_NLN\" -DNO_AFFINITY -I../.. -UDOUBLE  -DCOMPLEX -DCOMPLEX -UDOUBLE -DTRANSA=1 -UUNIT ztpmv_L.c -o ctpmv_NLN.o
cc -c -O2 -DMAX_STACK_ALLOC=2048 -Wall -m64 -DF_INTERFACE_GFORT -fPIC -DNO_LAPACK -DNO_LAPACKE -DSMP_SERVER -DNO_WARMUP -DMAX_CPU_NUMBER=4 -DMAX_PARALLEL_NUMBER=1 -DBUILD_SINGLE=1 -DBUILD_DOUBLE=1 -DBUILD_COMPLEX=1 -DBUILD_COMPLEX16=1 -DVERSION=\"0.3.17.dev\" -msse3 -mssse3 -msse4.1 -mavx -mavx2 -mavx2 -UASMNAME -UASMFNAME -UNAME -UCNAME -UCHAR_NAME -UCHAR_CNAME -DASMNAME=ctpmv_TUU -DASMFNAME=ctpmv_TUU_ -DNAME=ctpmv_TUU_ -DCNAME=ctpmv_TUU -DCHAR_NAME=\"ctpmv_TUU_\" -DCHAR_CNAME=\"ctpmv_TUU\" -DNO_AFFINITY -I../.. -UDOUBLE  -DCOMPLEX -DCOMPLEX -UDOUBLE -DTRANSA=2 -DUNIT ztpmv_L.c -o ctpmv_TUU.o
cc -c -O2 -DMAX_STACK_ALLOC=2048 -Wall -m64 -DF_INTERFACE_GFORT -fPIC -DNO_LAPACK -DNO_LAPACKE -DSMP_SERVER -DNO_WARMUP -DMAX_CPU_NUMBER=4 -DMAX_PARALLEL_NUMBER=1 -DBUILD_SINGLE=1 -DBUILD_DOUBLE=1 -DBUILD_COMPLEX=1 -DBUILD_COMPLEX16=1 -DVERSION=\"0.3.17.dev\" -msse3 -mssse3 -msse4.1 -mavx -mavx2 -mavx2 -UASMNAME -UASMFNAME -UNAME -UCNAME -UCHAR_NAME -UCHAR_CNAME -DASMNAME=ctpmv_TUN -DASMFNAME=ctpmv_TUN_ -DNAME=ctpmv_TUN_ -DCNAME=ctpmv_TUN -DCHAR_NAME=\"ctpmv_TUN_\" -DCHAR_CNAME=\"ctpmv_TUN\" -DNO_AFFINITY -I../.. -UDOUBLE  -DCOMPLEX -DCOMPLEX -UDOUBLE -DTRANSA=2 -UUNIT ztpmv_L.c -o ctpmv_TUN.o
cc -c -O2 -DMAX_STACK_ALLOC=2048 -Wall -m64 -DF_INTERFACE_GFORT -fPIC -DNO_LAPACK -DNO_LAPACKE -DSMP_SERVER -DNO_WARMUP -DMAX_CPU_NUMBER=4 -DMAX_PARALLEL_NUMBER=1 -DBUILD_SINGLE=1 -DBUILD_DOUBLE=1 -DBUILD_COMPLEX=1 -DBUILD_COMPLEX16=1 -DVERSION=\"0.3.17.dev\" -msse3 -mssse3 -msse4.1 -mavx -mavx2 -mavx2 -UASMNAME -UASMFNAME -UNAME -UCNAME -UCHAR_NAME -UCHAR_CNAME -DASMNAME=ctpmv_TLU -DASMFNAME=ctpmv_TLU_ -DNAME=ctpmv_TLU_ -DCNAME=ctpmv_TLU -DCHAR_NAME=\"ctpmv_TLU_\" -DCHAR_CNAME=\"ctpmv_TLU\" -DNO_AFFINITY -I../.. -UDOUBLE  -DCOMPLEX -DCOMPLEX -UDOUBLE -DTRANSA=2 -DUNIT ztpmv_U.c -o ctpmv_TLU.o
cc -c -O2 -DMAX_STACK_ALLOC=2048 -Wall -m64 -DF_INTERFACE_GFORT -fPIC -DNO_LAPACK -DNO_LAPACKE -DSMP_SERVER -DNO_WARMUP -DMAX_CPU_NUMBER=4 -DMAX_PARALLEL_NUMBER=1 -DBUILD_SINGLE=1 -DBUILD_DOUBLE=1 -DBUILD_COMPLEX=1 -DBUILD_COMPLEX16=1 -DVERSION=\"0.3.17.dev\" -msse3 -mssse3 -msse4.1 -mavx -mavx2 -mavx2 -UASMNAME -UASMFNAME -UNAME -UCNAME -UCHAR_NAME -UCHAR_CNAME -DASMNAME=ctpmv_TLN -DASMFNAME=ctpmv_TLN_ -DNAME=ctpmv_TLN_ -DCNAME=ctpmv_TLN -DCHAR_NAME=\"ctpmv_TLN_\" -DCHAR_CNAME=\"ctpmv_TLN\" -DNO_AFFINITY -I../.. -UDOUBLE  -DCOMPLEX -DCOMPLEX -UDOUBLE -DTRANSA=2 -UUNIT ztpmv_U.c -o ctpmv_TLN.o
cc -c -O2 -DMAX_STACK_ALLOC=2048 -Wall -m64 -DF_INTERFACE_GFORT -fPIC -DNO_LAPACK -DNO_LAPACKE -DSMP_SERVER -DNO_WARMUP -DMAX_CPU_NUMBER=4 -DMAX_PARALLEL_NUMBER=1 -DBUILD_SINGLE=1 -DBUILD_DOUBLE=1 -DBUILD_COMPLEX=1 -DBUILD_COMPLEX16=1 -DVERSION=\"0.3.17.dev\" -msse3 -mssse3 -msse4.1 -mavx -mavx2 -mavx2 -UASMNAME -UASMFNAME -UNAME -UCNAME -UCHAR_NAME -UCHAR_CNAME -DASMNAME=ctpmv_RUU -DASMFNAME=ctpmv_RUU_ -DNAME=ctpmv_RUU_ -DCNAME=ctpmv_RUU -DCHAR_NAME=\"ctpmv_RUU_\" -DCHAR_CNAME=\"ctpmv_RUU\" -DNO_AFFINITY -I../.. -UDOUBLE  -DCOMPLEX -DCOMPLEX -UDOUBLE -DTRANSA=3 -DUNIT ztpmv_U.c -o ctpmv_RUU.o
cc -c -O2 -DMAX_STACK_ALLOC=2048 -Wall -m64 -DF_INTERFACE_GFORT -fPIC -DNO_LAPACK -DNO_LAPACKE -DSMP_SERVER -DNO_WARMUP -DMAX_CPU_NUMBER=4 -DMAX_PARALLEL_NUMBER=1 -DBUILD_SINGLE=1 -DBUILD_DOUBLE=1 -DBUILD_COMPLEX=1 -DBUILD_COMPLEX16=1 -DVERSION=\"0.3.17.dev\" -msse3 -mssse3 -msse4.1 -mavx -mavx2 -mavx2 -UASMNAME -UASMFNAME -UNAME -UCNAME -UCHAR_NAME -UCHAR_CNAME -DASMNAME=ctpmv_RUN -DASMFNAME=ctpmv_RUN_ -DNAME=ctpmv_RUN_ -DCNAME=ctpmv_RUN -DCHAR_NAME=\"ctpmv_RUN_\" -DCHAR_CNAME=\"ctpmv_RUN\" -DNO_AFFINITY -I../.. -UDOUBLE  -DCOMPLEX -DCOMPLEX -UDOUBLE -DTRANSA=3 -UUNIT ztpmv_U.c -o ctpmv_RUN.o
cc -c -O2 -DMAX_STACK_ALLOC=2048 -Wall -m64 -DF_INTERFACE_GFORT -fPIC -DNO_LAPACK -DNO_LAPACKE -DSMP_SERVER -DNO_WARMUP -DMAX_CPU_NUMBER=4 -DMAX_PARALLEL_NUMBER=1 -DBUILD_SINGLE=1 -DBUILD_DOUBLE=1 -DBUILD_COMPLEX=1 -DBUILD_COMPLEX16=1 -DVERSION=\"0.3.17.dev\" -msse3 -mssse3 -msse4.1 -mavx -mavx2 -mavx2 -UASMNAME -UASMFNAME -UNAME -UCNAME -UCHAR_NAME -UCHAR_CNAME -DASMNAME=ctpmv_RLU -DASMFNAME=ctpmv_RLU_ -DNAME=ctpmv_RLU_ -DCNAME=ctpmv_RLU -DCHAR_NAME=\"ctpmv_RLU_\" -DCHAR_CNAME=\"ctpmv_RLU\" -DNO_AFFINITY -I../.. -UDOUBLE  -DCOMPLEX -DCOMPLEX -UDOUBLE -DTRANSA=3 -DUNIT ztpmv_L.c -o ctpmv_RLU.o
cc -c -O2 -DMAX_STACK_ALLOC=2048 -Wall -m64 -DF_INTERFACE_GFORT -fPIC -DNO_LAPACK -DNO_LAPACKE -DSMP_SERVER -DNO_WARMUP -DMAX_CPU_NUMBER=4 -DMAX_PARALLEL_NUMBER=1 -DBUILD_SINGLE=1 -DBUILD_DOUBLE=1 -DBUILD_COMPLEX=1 -DBUILD_COMPLEX16=1 -DVERSION=\"0.3.17.dev\" -msse3 -mssse3 -msse4.1 -mavx -mavx2 -mavx2 -UASMNAME -UASMFNAME -UNAME -UCNAME -UCHAR_NAME -UCHAR_CNAME -DASMNAME=ctpmv_RLN -DASMFNAME=ctpmv_RLN_ -DNAME=ctpmv_RLN_ -DCNAME=ctpmv_RLN -DCHAR_NAME=\"ctpmv_RLN_\" -DCHAR_CNAME=\"ctpmv_RLN\" -DNO_AFFINITY -I../.. -UDOUBLE  -DCOMPLEX -DCOMPLEX -UDOUBLE -DTRANSA=3 -UUNIT ztpmv_L.c -o ctpmv_RLN.o
cc -c -O2 -DMAX_STACK_ALLOC=2048 -Wall -m64 -DF_INTERFACE_GFORT -fPIC -DNO_LAPACK -DNO_LAPACKE -DSMP_SERVER -DNO_WARMUP -DMAX_CPU_NUMBER=4 -DMAX_PARALLEL_NUMBER=1 -DBUILD_SINGLE=1 -DBUILD_DOUBLE=1 -DBUILD_COMPLEX=1 -DBUILD_COMPLEX16=1 -DVERSION=\"0.3.17.dev\" -msse3 -mssse3 -msse4.1 -mavx -mavx2 -mavx2 -UASMNAME -UASMFNAME -UNAME -UCNAME -UCHAR_NAME -UCHAR_CNAME -DASMNAME=ctpmv_CUU -DASMFNAME=ctpmv_CUU_ -DNAME=ctpmv_CUU_ -DCNAME=ctpmv_CUU -DCHAR_NAME=\"ctpmv_CUU_\" -DCHAR_CNAME=\"ctpmv_CUU\" -DNO_AFFINITY -I../.. -UDOUBLE  -DCOMPLEX -DCOMPLEX -UDOUBLE -DTRANSA=4 -DUNIT ztpmv_L.c -o ctpmv_CUU.o
cc -c -O2 -DMAX_STACK_ALLOC=2048 -Wall -m64 -DF_INTERFACE_GFORT -fPIC -DNO_LAPACK -DNO_LAPACKE -DSMP_SERVER -DNO_WARMUP -DMAX_CPU_NUMBER=4 -DMAX_PARALLEL_NUMBER=1 -DBUILD_SINGLE=1 -DBUILD_DOUBLE=1 -DBUILD_COMPLEX=1 -DBUILD_COMPLEX16=1 -DVERSION=\"0.3.17.dev\" -msse3 -mssse3 -msse4.1 -mavx -mavx2 -mavx2 -UASMNAME -UASMFNAME -UNAME -UCNAME -UCHAR_NAME -UCHAR_CNAME -DASMNAME=ctpmv_CUN -DASMFNAME=ctpmv_CUN_ -DNAME=ctpmv_CUN_ -DCNAME=ctpmv_CUN -DCHAR_NAME=\"ctpmv_CUN_\" -DCHAR_CNAME=\"ctpmv_CUN\" -DNO_AFFINITY -I../.. -UDOUBLE  -DCOMPLEX -DCOMPLEX -UDOUBLE -DTRANSA=4 -UUNIT ztpmv_L.c -o ctpmv_CUN.o
cc -c -O2 -DMAX_STACK_ALLOC=2048 -Wall -m64 -DF_INTERFACE_GFORT -fPIC -DNO_LAPACK -DNO_LAPACKE -DSMP_SERVER -DNO_WARMUP -DMAX_CPU_NUMBER=4 -DMAX_PARALLEL_NUMBER=1 -DBUILD_SINGLE=1 -DBUILD_DOUBLE=1 -DBUILD_COMPLEX=1 -DBUILD_COMPLEX16=1 -DVERSION=\"0.3.17.dev\" -msse3 -mssse3 -msse4.1 -mavx -mavx2 -mavx2 -UASMNAME -UASMFNAME -UNAME -UCNAME -UCHAR_NAME -UCHAR_CNAME -DASMNAME=ctpmv_CLU -DASMFNAME=ctpmv_CLU_ -DNAME=ctpmv_CLU_ -DCNAME=ctpmv_CLU -DCHAR_NAME=\"ctpmv_CLU_\" -DCHAR_CNAME=\"ctpmv_CLU\" -DNO_AFFINITY -I../.. -UDOUBLE  -DCOMPLEX -DCOMPLEX -UDOUBLE -DTRANSA=4 -DUNIT ztpmv_U.c -o ctpmv_CLU.o
cc -c -O2 -DMAX_STACK_ALLOC=2048 -Wall -m64 -DF_INTERFACE_GFORT -fPIC -DNO_LAPACK -DNO_LAPACKE -DSMP_SERVER -DNO_WARMUP -DMAX_CPU_NUMBER=4 -DMAX_PARALLEL_NUMBER=1 -DBUILD_SINGLE=1 -DBUILD_DOUBLE=1 -DBUILD_COMPLEX=1 -DBUILD_COMPLEX16=1 -DVERSION=\"0.3.17.dev\" -msse3 -mssse3 -msse4.1 -mavx -mavx2 -mavx2 -UASMNAME -UASMFNAME -UNAME -UCNAME -UCHAR_NAME -UCHAR_CNAME -DASMNAME=ctpmv_CLN -DASMFNAME=ctpmv_CLN_ -DNAME=ctpmv_CLN_ -DCNAME=ctpmv_CLN -DCHAR_NAME=\"ctpmv_CLN_\" -DCHAR_CNAME=\"ctpmv_CLN\" -DNO_AFFINITY -I../.. -UDOUBLE  -DCOMPLEX -DCOMPLEX -UDOUBLE -DTRANSA=4 -UUNIT ztpmv_U.c -o ctpmv_CLN.o
cc -c -O2 -DMAX_STACK_ALLOC=2048 -Wall -m64 -DF_INTERFACE_GFORT -fPIC -DNO_LAPACK -DNO_LAPACKE -DSMP_SERVER -DNO_WARMUP -DMAX_CPU_NUMBER=4 -DMAX_PARALLEL_NUMBER=1 -DBUILD_SINGLE=1 -DBUILD_DOUBLE=1 -DBUILD_COMPLEX=1 -DBUILD_COMPLEX16=1 -DVERSION=\"0.3.17.dev\" -msse3 -mssse3 -msse4.1 -mavx -mavx2 -mavx2 -UASMNAME -UASMFNAME -UNAME -UCNAME -UCHAR_NAME -UCHAR_CNAME -DASMNAME=ctpsv_NUU -DASMFNAME=ctpsv_NUU_ -DNAME=ctpsv_NUU_ -DCNAME=ctpsv_NUU -DCHAR_NAME=\"ctpsv_NUU_\" -DCHAR_CNAME=\"ctpsv_NUU\" -DNO_AFFINITY -I../.. -UDOUBLE  -DCOMPLEX -UDOUBLE -DCOMPLEX -DTRANSA=1 -DUNIT ztpsv_U.c -o ctpsv_NUU.o
cc -c -O2 -DMAX_STACK_ALLOC=2048 -Wall -m64 -DF_INTERFACE_GFORT -fPIC -DNO_LAPACK -DNO_LAPACKE -DSMP_SERVER -DNO_WARMUP -DMAX_CPU_NUMBER=4 -DMAX_PARALLEL_NUMBER=1 -DBUILD_SINGLE=1 -DBUILD_DOUBLE=1 -DBUILD_COMPLEX=1 -DBUILD_COMPLEX16=1 -DVERSION=\"0.3.17.dev\" -msse3 -mssse3 -msse4.1 -mavx -mavx2 -mavx2 -UASMNAME -UASMFNAME -UNAME -UCNAME -UCHAR_NAME -UCHAR_CNAME -DASMNAME=ctpsv_NUN -DASMFNAME=ctpsv_NUN_ -DNAME=ctpsv_NUN_ -DCNAME=ctpsv_NUN -DCHAR_NAME=\"ctpsv_NUN_\" -DCHAR_CNAME=\"ctpsv_NUN\" -DNO_AFFINITY -I../.. -UDOUBLE  -DCOMPLEX -UDOUBLE -DCOMPLEX -DTRANSA=1 -UUNIT ztpsv_U.c -o ctpsv_NUN.o
cc -c -O2 -DMAX_STACK_ALLOC=2048 -Wall -m64 -DF_INTERFACE_GFORT -fPIC -DNO_LAPACK -DNO_LAPACKE -DSMP_SERVER -DNO_WARMUP -DMAX_CPU_NUMBER=4 -DMAX_PARALLEL_NUMBER=1 -DBUILD_SINGLE=1 -DBUILD_DOUBLE=1 -DBUILD_COMPLEX=1 -DBUILD_COMPLEX16=1 -DVERSION=\"0.3.17.dev\" -msse3 -mssse3 -msse4.1 -mavx -mavx2 -mavx2 -UASMNAME -UASMFNAME -UNAME -UCNAME -UCHAR_NAME -UCHAR_CNAME -DASMNAME=ctpsv_NLU -DASMFNAME=ctpsv_NLU_ -DNAME=ctpsv_NLU_ -DCNAME=ctpsv_NLU -DCHAR_NAME=\"ctpsv_NLU_\" -DCHAR_CNAME=\"ctpsv_NLU\" -DNO_AFFINITY -I../.. -UDOUBLE  -DCOMPLEX -UDOUBLE -DCOMPLEX -DTRANSA=1 -DUNIT ztpsv_L.c -o ctpsv_NLU.o
cc -c -O2 -DMAX_STACK_ALLOC=2048 -Wall -m64 -DF_INTERFACE_GFORT -fPIC -DNO_LAPACK -DNO_LAPACKE -DSMP_SERVER -DNO_WARMUP -DMAX_CPU_NUMBER=4 -DMAX_PARALLEL_NUMBER=1 -DBUILD_SINGLE=1 -DBUILD_DOUBLE=1 -DBUILD_COMPLEX=1 -DBUILD_COMPLEX16=1 -DVERSION=\"0.3.17.dev\" -msse3 -mssse3 -msse4.1 -mavx -mavx2 -mavx2 -UASMNAME -UASMFNAME -UNAME -UCNAME -UCHAR_NAME -UCHAR_CNAME -DASMNAME=ctpsv_NLN -DASMFNAME=ctpsv_NLN_ -DNAME=ctpsv_NLN_ -DCNAME=ctpsv_NLN -DCHAR_NAME=\"ctpsv_NLN_\" -DCHAR_CNAME=\"ctpsv_NLN\" -DNO_AFFINITY -I../.. -UDOUBLE  -DCOMPLEX -UDOUBLE -DCOMPLEX -DTRANSA=1 -UUNIT ztpsv_L.c -o ctpsv_NLN.o
cc -c -O2 -DMAX_STACK_ALLOC=2048 -Wall -m64 -DF_INTERFACE_GFORT -fPIC -DNO_LAPACK -DNO_LAPACKE -DSMP_SERVER -DNO_WARMUP -DMAX_CPU_NUMBER=4 -DMAX_PARALLEL_NUMBER=1 -DBUILD_SINGLE=1 -DBUILD_DOUBLE=1 -DBUILD_COMPLEX=1 -DBUILD_COMPLEX16=1 -DVERSION=\"0.3.17.dev\" -msse3 -mssse3 -msse4.1 -mavx -mavx2 -mavx2 -UASMNAME -UASMFNAME -UNAME -UCNAME -UCHAR_NAME -UCHAR_CNAME -DASMNAME=ctpsv_TUU -DASMFNAME=ctpsv_TUU_ -DNAME=ctpsv_TUU_ -DCNAME=ctpsv_TUU -DCHAR_NAME=\"ctpsv_TUU_\" -DCHAR_CNAME=\"ctpsv_TUU\" -DNO_AFFINITY -I../.. -UDOUBLE  -DCOMPLEX -UDOUBLE -DCOMPLEX -DTRANSA=2 -DUNIT ztpsv_L.c -o ctpsv_TUU.o
cc -c -O2 -DMAX_STACK_ALLOC=2048 -Wall -m64 -DF_INTERFACE_GFORT -fPIC -DNO_LAPACK -DNO_LAPACKE -DSMP_SERVER -DNO_WARMUP -DMAX_CPU_NUMBER=4 -DMAX_PARALLEL_NUMBER=1 -DBUILD_SINGLE=1 -DBUILD_DOUBLE=1 -DBUILD_COMPLEX=1 -DBUILD_COMPLEX16=1 -DVERSION=\"0.3.17.dev\" -msse3 -mssse3 -msse4.1 -mavx -mavx2 -mavx2 -UASMNAME -UASMFNAME -UNAME -UCNAME -UCHAR_NAME -UCHAR_CNAME -DASMNAME=ctpsv_TUN -DASMFNAME=ctpsv_TUN_ -DNAME=ctpsv_TUN_ -DCNAME=ctpsv_TUN -DCHAR_NAME=\"ctpsv_TUN_\" -DCHAR_CNAME=\"ctpsv_TUN\" -DNO_AFFINITY -I../.. -UDOUBLE  -DCOMPLEX -UDOUBLE -DCOMPLEX -DTRANSA=2 -UUNIT ztpsv_L.c -o ctpsv_TUN.o
cc -c -O2 -DMAX_STACK_ALLOC=2048 -Wall -m64 -DF_INTERFACE_GFORT -fPIC -DNO_LAPACK -DNO_LAPACKE -DSMP_SERVER -DNO_WARMUP -DMAX_CPU_NUMBER=4 -DMAX_PARALLEL_NUMBER=1 -DBUILD_SINGLE=1 -DBUILD_DOUBLE=1 -DBUILD_COMPLEX=1 -DBUILD_COMPLEX16=1 -DVERSION=\"0.3.17.dev\" -msse3 -mssse3 -msse4.1 -mavx -mavx2 -mavx2 -UASMNAME -UASMFNAME -UNAME -UCNAME -UCHAR_NAME -UCHAR_CNAME -DASMNAME=ctpsv_TLU -DASMFNAME=ctpsv_TLU_ -DNAME=ctpsv_TLU_ -DCNAME=ctpsv_TLU -DCHAR_NAME=\"ctpsv_TLU_\" -DCHAR_CNAME=\"ctpsv_TLU\" -DNO_AFFINITY -I../.. -UDOUBLE  -DCOMPLEX -UDOUBLE -DCOMPLEX -DTRANSA=2 -DUNIT ztpsv_U.c -o ctpsv_TLU.o
cc -c -O2 -DMAX_STACK_ALLOC=2048 -Wall -m64 -DF_INTERFACE_GFORT -fPIC -DNO_LAPACK -DNO_LAPACKE -DSMP_SERVER -DNO_WARMUP -DMAX_CPU_NUMBER=4 -DMAX_PARALLEL_NUMBER=1 -DBUILD_SINGLE=1 -DBUILD_DOUBLE=1 -DBUILD_COMPLEX=1 -DBUILD_COMPLEX16=1 -DVERSION=\"0.3.17.dev\" -msse3 -mssse3 -msse4.1 -mavx -mavx2 -mavx2 -UASMNAME -UASMFNAME -UNAME -UCNAME -UCHAR_NAME -UCHAR_CNAME -DASMNAME=ctpsv_TLN -DASMFNAME=ctpsv_TLN_ -DNAME=ctpsv_TLN_ -DCNAME=ctpsv_TLN -DCHAR_NAME=\"ctpsv_TLN_\" -DCHAR_CNAME=\"ctpsv_TLN\" -DNO_AFFINITY -I../.. -UDOUBLE  -DCOMPLEX -UDOUBLE -DCOMPLEX -DTRANSA=2 -UUNIT ztpsv_U.c -o ctpsv_TLN.o
cc -c -O2 -DMAX_STACK_ALLOC=2048 -Wall -m64 -DF_INTERFACE_GFORT -fPIC -DNO_LAPACK -DNO_LAPACKE -DSMP_SERVER -DNO_WARMUP -DMAX_CPU_NUMBER=4 -DMAX_PARALLEL_NUMBER=1 -DBUILD_SINGLE=1 -DBUILD_DOUBLE=1 -DBUILD_COMPLEX=1 -DBUILD_COMPLEX16=1 -DVERSION=\"0.3.17.dev\" -msse3 -mssse3 -msse4.1 -mavx -mavx2 -mavx2 -UASMNAME -UASMFNAME -UNAME -UCNAME -UCHAR_NAME -UCHAR_CNAME -DASMNAME=ctpsv_RUU -DASMFNAME=ctpsv_RUU_ -DNAME=ctpsv_RUU_ -DCNAME=ctpsv_RUU -DCHAR_NAME=\"ctpsv_RUU_\" -DCHAR_CNAME=\"ctpsv_RUU\" -DNO_AFFINITY -I../.. -UDOUBLE  -DCOMPLEX -UDOUBLE -DCOMPLEX -DTRANSA=3 -DUNIT ztpsv_U.c -o ctpsv_RUU.o
cc -c -O2 -DMAX_STACK_ALLOC=2048 -Wall -m64 -DF_INTERFACE_GFORT -fPIC -DNO_LAPACK -DNO_LAPACKE -DSMP_SERVER -DNO_WARMUP -DMAX_CPU_NUMBER=4 -DMAX_PARALLEL_NUMBER=1 -DBUILD_SINGLE=1 -DBUILD_DOUBLE=1 -DBUILD_COMPLEX=1 -DBUILD_COMPLEX16=1 -DVERSION=\"0.3.17.dev\" -msse3 -mssse3 -msse4.1 -mavx -mavx2 -mavx2 -UASMNAME -UASMFNAME -UNAME -UCNAME -UCHAR_NAME -UCHAR_CNAME -DASMNAME=ctpsv_RUN -DASMFNAME=ctpsv_RUN_ -DNAME=ctpsv_RUN_ -DCNAME=ctpsv_RUN -DCHAR_NAME=\"ctpsv_RUN_\" -DCHAR_CNAME=\"ctpsv_RUN\" -DNO_AFFINITY -I../.. -UDOUBLE  -DCOMPLEX -UDOUBLE -DCOMPLEX -DTRANSA=3 -UUNIT ztpsv_U.c -o ctpsv_RUN.o
cc -c -O2 -DMAX_STACK_ALLOC=2048 -Wall -m64 -DF_INTERFACE_GFORT -fPIC -DNO_LAPACK -DNO_LAPACKE -DSMP_SERVER -DNO_WARMUP -DMAX_CPU_NUMBER=4 -DMAX_PARALLEL_NUMBER=1 -DBUILD_SINGLE=1 -DBUILD_DOUBLE=1 -DBUILD_COMPLEX=1 -DBUILD_COMPLEX16=1 -DVERSION=\"0.3.17.dev\" -msse3 -mssse3 -msse4.1 -mavx -mavx2 -mavx2 -UASMNAME -UASMFNAME -UNAME -UCNAME -UCHAR_NAME -UCHAR_CNAME -DASMNAME=ctpsv_RLU -DASMFNAME=ctpsv_RLU_ -DNAME=ctpsv_RLU_ -DCNAME=ctpsv_RLU -DCHAR_NAME=\"ctpsv_RLU_\" -DCHAR_CNAME=\"ctpsv_RLU\" -DNO_AFFINITY -I../.. -UDOUBLE  -DCOMPLEX -UDOUBLE -DCOMPLEX -DTRANSA=3 -DUNIT ztpsv_L.c -o ctpsv_RLU.o
cc -c -O2 -DMAX_STACK_ALLOC=2048 -Wall -m64 -DF_INTERFACE_GFORT -fPIC -DNO_LAPACK -DNO_LAPACKE -DSMP_SERVER -DNO_WARMUP -DMAX_CPU_NUMBER=4 -DMAX_PARALLEL_NUMBER=1 -DBUILD_SINGLE=1 -DBUILD_DOUBLE=1 -DBUILD_COMPLEX=1 -DBUILD_COMPLEX16=1 -DVERSION=\"0.3.17.dev\" -msse3 -mssse3 -msse4.1 -mavx -mavx2 -mavx2 -UASMNAME -UASMFNAME -UNAME -UCNAME -UCHAR_NAME -UCHAR_CNAME -DASMNAME=ctpsv_RLN -DASMFNAME=ctpsv_RLN_ -DNAME=ctpsv_RLN_ -DCNAME=ctpsv_RLN -DCHAR_NAME=\"ctpsv_RLN_\" -DCHAR_CNAME=\"ctpsv_RLN\" -DNO_AFFINITY -I../.. -UDOUBLE  -DCOMPLEX -UDOUBLE -DCOMPLEX -DTRANSA=3 -UUNIT ztpsv_L.c -o ctpsv_RLN.o
cc -c -O2 -DMAX_STACK_ALLOC=2048 -Wall -m64 -DF_INTERFACE_GFORT -fPIC -DNO_LAPACK -DNO_LAPACKE -DSMP_SERVER -DNO_WARMUP -DMAX_CPU_NUMBER=4 -DMAX_PARALLEL_NUMBER=1 -DBUILD_SINGLE=1 -DBUILD_DOUBLE=1 -DBUILD_COMPLEX=1 -DBUILD_COMPLEX16=1 -DVERSION=\"0.3.17.dev\" -msse3 -mssse3 -msse4.1 -mavx -mavx2 -mavx2 -UASMNAME -UASMFNAME -UNAME -UCNAME -UCHAR_NAME -UCHAR_CNAME -DASMNAME=ctpsv_CUU -DASMFNAME=ctpsv_CUU_ -DNAME=ctpsv_CUU_ -DCNAME=ctpsv_CUU -DCHAR_NAME=\"ctpsv_CUU_\" -DCHAR_CNAME=\"ctpsv_CUU\" -DNO_AFFINITY -I../.. -UDOUBLE  -DCOMPLEX -UDOUBLE -DCOMPLEX -DTRANSA=4 -DUNIT ztpsv_L.c -o ctpsv_CUU.o
cc -c -O2 -DMAX_STACK_ALLOC=2048 -Wall -m64 -DF_INTERFACE_GFORT -fPIC -DNO_LAPACK -DNO_LAPACKE -DSMP_SERVER -DNO_WARMUP -DMAX_CPU_NUMBER=4 -DMAX_PARALLEL_NUMBER=1 -DBUILD_SINGLE=1 -DBUILD_DOUBLE=1 -DBUILD_COMPLEX=1 -DBUILD_COMPLEX16=1 -DVERSION=\"0.3.17.dev\" -msse3 -mssse3 -msse4.1 -mavx -mavx2 -mavx2 -UASMNAME -UASMFNAME -UNAME -UCNAME -UCHAR_NAME -UCHAR_CNAME -DASMNAME=ctpsv_CUN -DASMFNAME=ctpsv_CUN_ -DNAME=ctpsv_CUN_ -DCNAME=ctpsv_CUN -DCHAR_NAME=\"ctpsv_CUN_\" -DCHAR_CNAME=\"ctpsv_CUN\" -DNO_AFFINITY -I../.. -UDOUBLE  -DCOMPLEX -UDOUBLE -DCOMPLEX -DTRANSA=4 -UUNIT ztpsv_L.c -o ctpsv_CUN.o
cc -c -O2 -DMAX_STACK_ALLOC=2048 -Wall -m64 -DF_INTERFACE_GFORT -fPIC -DNO_LAPACK -DNO_LAPACKE -DSMP_SERVER -DNO_WARMUP -DMAX_CPU_NUMBER=4 -DMAX_PARALLEL_NUMBER=1 -DBUILD_SINGLE=1 -DBUILD_DOUBLE=1 -DBUILD_COMPLEX=1 -DBUILD_COMPLEX16=1 -DVERSION=\"0.3.17.dev\" -msse3 -mssse3 -msse4.1 -mavx -mavx2 -mavx2 -UASMNAME -UASMFNAME -UNAME -UCNAME -UCHAR_NAME -UCHAR_CNAME -DASMNAME=ctpsv_CLU -DASMFNAME=ctpsv_CLU_ -DNAME=ctpsv_CLU_ -DCNAME=ctpsv_CLU -DCHAR_NAME=\"ctpsv_CLU_\" -DCHAR_CNAME=\"ctpsv_CLU\" -DNO_AFFINITY -I../.. -UDOUBLE  -DCOMPLEX -UDOUBLE -DCOMPLEX -DTRANSA=4 -DUNIT ztpsv_U.c -o ctpsv_CLU.o
cc -c -O2 -DMAX_STACK_ALLOC=2048 -Wall -m64 -DF_INTERFACE_GFORT -fPIC -DNO_LAPACK -DNO_LAPACKE -DSMP_SERVER -DNO_WARMUP -DMAX_CPU_NUMBER=4 -DMAX_PARALLEL_NUMBER=1 -DBUILD_SINGLE=1 -DBUILD_DOUBLE=1 -DBUILD_COMPLEX=1 -DBUILD_COMPLEX16=1 -DVERSION=\"0.3.17.dev\" -msse3 -mssse3 -msse4.1 -mavx -mavx2 -mavx2 -UASMNAME -UASMFNAME -UNAME -UCNAME -UCHAR_NAME -UCHAR_CNAME -DASMNAME=ctpsv_CLN -DASMFNAME=ctpsv_CLN_ -DNAME=ctpsv_CLN_ -DCNAME=ctpsv_CLN -DCHAR_NAME=\"ctpsv_CLN_\" -DCHAR_CNAME=\"ctpsv_CLN\" -DNO_AFFINITY -I../.. -UDOUBLE  -DCOMPLEX -UDOUBLE -DCOMPLEX -DTRANSA=4 -UUNIT ztpsv_U.c -o ctpsv_CLN.o
cc -c -O2 -DMAX_STACK_ALLOC=2048 -Wall -m64 -DF_INTERFACE_GFORT -fPIC -DNO_LAPACK -DNO_LAPACKE -DSMP_SERVER -DNO_WARMUP -DMAX_CPU_NUMBER=4 -DMAX_PARALLEL_NUMBER=1 -DBUILD_SINGLE=1 -DBUILD_DOUBLE=1 -DBUILD_COMPLEX=1 -DBUILD_COMPLEX16=1 -DVERSION=\"0.3.17.dev\" -msse3 -mssse3 -msse4.1 -mavx -mavx2 -mavx2 -UASMNAME -UASMFNAME -UNAME -UCNAME -UCHAR_NAME -UCHAR_CNAME -DASMNAME=ctrmv_NUU -DASMFNAME=ctrmv_NUU_ -DNAME=ctrmv_NUU_ -DCNAME=ctrmv_NUU -DCHAR_NAME=\"ctrmv_NUU_\" -DCHAR_CNAME=\"ctrmv_NUU\" -DNO_AFFINITY -I../.. -UDOUBLE  -DCOMPLEX -DCOMPLEX -UDOUBLE -DTRANSA=1 -DUNIT ztrmv_U.c -o ctrmv_NUU.o
cc -c -O2 -DMAX_STACK_ALLOC=2048 -Wall -m64 -DF_INTERFACE_GFORT -fPIC -DNO_LAPACK -DNO_LAPACKE -DSMP_SERVER -DNO_WARMUP -DMAX_CPU_NUMBER=4 -DMAX_PARALLEL_NUMBER=1 -DBUILD_SINGLE=1 -DBUILD_DOUBLE=1 -DBUILD_COMPLEX=1 -DBUILD_COMPLEX16=1 -DVERSION=\"0.3.17.dev\" -msse3 -mssse3 -msse4.1 -mavx -mavx2 -mavx2 -UASMNAME -UASMFNAME -UNAME -UCNAME -UCHAR_NAME -UCHAR_CNAME -DASMNAME=ctrmv_NUN -DASMFNAME=ctrmv_NUN_ -DNAME=ctrmv_NUN_ -DCNAME=ctrmv_NUN -DCHAR_NAME=\"ctrmv_NUN_\" -DCHAR_CNAME=\"ctrmv_NUN\" -DNO_AFFINITY -I../.. -UDOUBLE  -DCOMPLEX -DCOMPLEX -UDOUBLE -DTRANSA=1 -UUNIT ztrmv_U.c -o ctrmv_NUN.o
cc -c -O2 -DMAX_STACK_ALLOC=2048 -Wall -m64 -DF_INTERFACE_GFORT -fPIC -DNO_LAPACK -DNO_LAPACKE -DSMP_SERVER -DNO_WARMUP -DMAX_CPU_NUMBER=4 -DMAX_PARALLEL_NUMBER=1 -DBUILD_SINGLE=1 -DBUILD_DOUBLE=1 -DBUILD_COMPLEX=1 -DBUILD_COMPLEX16=1 -DVERSION=\"0.3.17.dev\" -msse3 -mssse3 -msse4.1 -mavx -mavx2 -mavx2 -UASMNAME -UASMFNAME -UNAME -UCNAME -UCHAR_NAME -UCHAR_CNAME -DASMNAME=ctrmv_NLU -DASMFNAME=ctrmv_NLU_ -DNAME=ctrmv_NLU_ -DCNAME=ctrmv_NLU -DCHAR_NAME=\"ctrmv_NLU_\" -DCHAR_CNAME=\"ctrmv_NLU\" -DNO_AFFINITY -I../.. -UDOUBLE  -DCOMPLEX -DCOMPLEX -UDOUBLE -DTRANSA=1 -DUNIT ztrmv_L.c -o ctrmv_NLU.o
cc -c -O2 -DMAX_STACK_ALLOC=2048 -Wall -m64 -DF_INTERFACE_GFORT -fPIC -DNO_LAPACK -DNO_LAPACKE -DSMP_SERVER -DNO_WARMUP -DMAX_CPU_NUMBER=4 -DMAX_PARALLEL_NUMBER=1 -DBUILD_SINGLE=1 -DBUILD_DOUBLE=1 -DBUILD_COMPLEX=1 -DBUILD_COMPLEX16=1 -DVERSION=\"0.3.17.dev\" -msse3 -mssse3 -msse4.1 -mavx -mavx2 -mavx2 -UASMNAME -UASMFNAME -UNAME -UCNAME -UCHAR_NAME -UCHAR_CNAME -DASMNAME=ctrmv_NLN -DASMFNAME=ctrmv_NLN_ -DNAME=ctrmv_NLN_ -DCNAME=ctrmv_NLN -DCHAR_NAME=\"ctrmv_NLN_\" -DCHAR_CNAME=\"ctrmv_NLN\" -DNO_AFFINITY -I../.. -UDOUBLE  -DCOMPLEX -DCOMPLEX -UDOUBLE -DTRANSA=1 -UUNIT ztrmv_L.c -o ctrmv_NLN.o
cc -c -O2 -DMAX_STACK_ALLOC=2048 -Wall -m64 -DF_INTERFACE_GFORT -fPIC -DNO_LAPACK -DNO_LAPACKE -DSMP_SERVER -DNO_WARMUP -DMAX_CPU_NUMBER=4 -DMAX_PARALLEL_NUMBER=1 -DBUILD_SINGLE=1 -DBUILD_DOUBLE=1 -DBUILD_COMPLEX=1 -DBUILD_COMPLEX16=1 -DVERSION=\"0.3.17.dev\" -msse3 -mssse3 -msse4.1 -mavx -mavx2 -mavx2 -UASMNAME -UASMFNAME -UNAME -UCNAME -UCHAR_NAME -UCHAR_CNAME -DASMNAME=ctrmv_TUU -DASMFNAME=ctrmv_TUU_ -DNAME=ctrmv_TUU_ -DCNAME=ctrmv_TUU -DCHAR_NAME=\"ctrmv_TUU_\" -DCHAR_CNAME=\"ctrmv_TUU\" -DNO_AFFINITY -I../.. -UDOUBLE  -DCOMPLEX -DCOMPLEX -UDOUBLE -DTRANSA=2 -DUNIT ztrmv_L.c -o ctrmv_TUU.o
cc -c -O2 -DMAX_STACK_ALLOC=2048 -Wall -m64 -DF_INTERFACE_GFORT -fPIC -DNO_LAPACK -DNO_LAPACKE -DSMP_SERVER -DNO_WARMUP -DMAX_CPU_NUMBER=4 -DMAX_PARALLEL_NUMBER=1 -DBUILD_SINGLE=1 -DBUILD_DOUBLE=1 -DBUILD_COMPLEX=1 -DBUILD_COMPLEX16=1 -DVERSION=\"0.3.17.dev\" -msse3 -mssse3 -msse4.1 -mavx -mavx2 -mavx2 -UASMNAME -UASMFNAME -UNAME -UCNAME -UCHAR_NAME -UCHAR_CNAME -DASMNAME=ctrmv_TUN -DASMFNAME=ctrmv_TUN_ -DNAME=ctrmv_TUN_ -DCNAME=ctrmv_TUN -DCHAR_NAME=\"ctrmv_TUN_\" -DCHAR_CNAME=\"ctrmv_TUN\" -DNO_AFFINITY -I../.. -UDOUBLE  -DCOMPLEX -DCOMPLEX -UDOUBLE -DTRANSA=2 -UUNIT ztrmv_L.c -o ctrmv_TUN.o
cc -c -O2 -DMAX_STACK_ALLOC=2048 -Wall -m64 -DF_INTERFACE_GFORT -fPIC -DNO_LAPACK -DNO_LAPACKE -DSMP_SERVER -DNO_WARMUP -DMAX_CPU_NUMBER=4 -DMAX_PARALLEL_NUMBER=1 -DBUILD_SINGLE=1 -DBUILD_DOUBLE=1 -DBUILD_COMPLEX=1 -DBUILD_COMPLEX16=1 -DVERSION=\"0.3.17.dev\" -msse3 -mssse3 -msse4.1 -mavx -mavx2 -mavx2 -UASMNAME -UASMFNAME -UNAME -UCNAME -UCHAR_NAME -UCHAR_CNAME -DASMNAME=ctrmv_TLU -DASMFNAME=ctrmv_TLU_ -DNAME=ctrmv_TLU_ -DCNAME=ctrmv_TLU -DCHAR_NAME=\"ctrmv_TLU_\" -DCHAR_CNAME=\"ctrmv_TLU\" -DNO_AFFINITY -I../.. -UDOUBLE  -DCOMPLEX -DCOMPLEX -UDOUBLE -DTRANSA=2 -DUNIT ztrmv_U.c -o ctrmv_TLU.o
cc -c -O2 -DMAX_STACK_ALLOC=2048 -Wall -m64 -DF_INTERFACE_GFORT -fPIC -DNO_LAPACK -DNO_LAPACKE -DSMP_SERVER -DNO_WARMUP -DMAX_CPU_NUMBER=4 -DMAX_PARALLEL_NUMBER=1 -DBUILD_SINGLE=1 -DBUILD_DOUBLE=1 -DBUILD_COMPLEX=1 -DBUILD_COMPLEX16=1 -DVERSION=\"0.3.17.dev\" -msse3 -mssse3 -msse4.1 -mavx -mavx2 -mavx2 -UASMNAME -UASMFNAME -UNAME -UCNAME -UCHAR_NAME -UCHAR_CNAME -DASMNAME=ctrmv_TLN -DASMFNAME=ctrmv_TLN_ -DNAME=ctrmv_TLN_ -DCNAME=ctrmv_TLN -DCHAR_NAME=\"ctrmv_TLN_\" -DCHAR_CNAME=\"ctrmv_TLN\" -DNO_AFFINITY -I../.. -UDOUBLE  -DCOMPLEX -DCOMPLEX -UDOUBLE -DTRANSA=2 -UUNIT ztrmv_U.c -o ctrmv_TLN.o
cc -c -O2 -DMAX_STACK_ALLOC=2048 -Wall -m64 -DF_INTERFACE_GFORT -fPIC -DNO_LAPACK -DNO_LAPACKE -DSMP_SERVER -DNO_WARMUP -DMAX_CPU_NUMBER=4 -DMAX_PARALLEL_NUMBER=1 -DBUILD_SINGLE=1 -DBUILD_DOUBLE=1 -DBUILD_COMPLEX=1 -DBUILD_COMPLEX16=1 -DVERSION=\"0.3.17.dev\" -msse3 -mssse3 -msse4.1 -mavx -mavx2 -mavx2 -UASMNAME -UASMFNAME -UNAME -UCNAME -UCHAR_NAME -UCHAR_CNAME -DASMNAME=ctrmv_RUU -DASMFNAME=ctrmv_RUU_ -DNAME=ctrmv_RUU_ -DCNAME=ctrmv_RUU -DCHAR_NAME=\"ctrmv_RUU_\" -DCHAR_CNAME=\"ctrmv_RUU\" -DNO_AFFINITY -I../.. -UDOUBLE  -DCOMPLEX -DCOMPLEX -UDOUBLE -DTRANSA=3 -DUNIT ztrmv_U.c -o ctrmv_RUU.o
cc -c -O2 -DMAX_STACK_ALLOC=2048 -Wall -m64 -DF_INTERFACE_GFORT -fPIC -DNO_LAPACK -DNO_LAPACKE -DSMP_SERVER -DNO_WARMUP -DMAX_CPU_NUMBER=4 -DMAX_PARALLEL_NUMBER=1 -DBUILD_SINGLE=1 -DBUILD_DOUBLE=1 -DBUILD_COMPLEX=1 -DBUILD_COMPLEX16=1 -DVERSION=\"0.3.17.dev\" -msse3 -mssse3 -msse4.1 -mavx -mavx2 -mavx2 -UASMNAME -UASMFNAME -UNAME -UCNAME -UCHAR_NAME -UCHAR_CNAME -DASMNAME=ctrmv_RUN -DASMFNAME=ctrmv_RUN_ -DNAME=ctrmv_RUN_ -DCNAME=ctrmv_RUN -DCHAR_NAME=\"ctrmv_RUN_\" -DCHAR_CNAME=\"ctrmv_RUN\" -DNO_AFFINITY -I../.. -UDOUBLE  -DCOMPLEX -DCOMPLEX -UDOUBLE -DTRANSA=3 -UUNIT ztrmv_U.c -o ctrmv_RUN.o
cc -c -O2 -DMAX_STACK_ALLOC=2048 -Wall -m64 -DF_INTERFACE_GFORT -fPIC -DNO_LAPACK -DNO_LAPACKE -DSMP_SERVER -DNO_WARMUP -DMAX_CPU_NUMBER=4 -DMAX_PARALLEL_NUMBER=1 -DBUILD_SINGLE=1 -DBUILD_DOUBLE=1 -DBUILD_COMPLEX=1 -DBUILD_COMPLEX16=1 -DVERSION=\"0.3.17.dev\" -msse3 -mssse3 -msse4.1 -mavx -mavx2 -mavx2 -UASMNAME -UASMFNAME -UNAME -UCNAME -UCHAR_NAME -UCHAR_CNAME -DASMNAME=ctrmv_RLU -DASMFNAME=ctrmv_RLU_ -DNAME=ctrmv_RLU_ -DCNAME=ctrmv_RLU -DCHAR_NAME=\"ctrmv_RLU_\" -DCHAR_CNAME=\"ctrmv_RLU\" -DNO_AFFINITY -I../.. -UDOUBLE  -DCOMPLEX -DCOMPLEX -UDOUBLE -DTRANSA=3 -DUNIT ztrmv_L.c -o ctrmv_RLU.o
cc -c -O2 -DMAX_STACK_ALLOC=2048 -Wall -m64 -DF_INTERFACE_GFORT -fPIC -DNO_LAPACK -DNO_LAPACKE -DSMP_SERVER -DNO_WARMUP -DMAX_CPU_NUMBER=4 -DMAX_PARALLEL_NUMBER=1 -DBUILD_SINGLE=1 -DBUILD_DOUBLE=1 -DBUILD_COMPLEX=1 -DBUILD_COMPLEX16=1 -DVERSION=\"0.3.17.dev\" -msse3 -mssse3 -msse4.1 -mavx -mavx2 -mavx2 -UASMNAME -UASMFNAME -UNAME -UCNAME -UCHAR_NAME -UCHAR_CNAME -DASMNAME=ctrmv_RLN -DASMFNAME=ctrmv_RLN_ -DNAME=ctrmv_RLN_ -DCNAME=ctrmv_RLN -DCHAR_NAME=\"ctrmv_RLN_\" -DCHAR_CNAME=\"ctrmv_RLN\" -DNO_AFFINITY -I../.. -UDOUBLE  -DCOMPLEX -DCOMPLEX -UDOUBLE -DTRANSA=3 -UUNIT ztrmv_L.c -o ctrmv_RLN.o
cc -c -O2 -DMAX_STACK_ALLOC=2048 -Wall -m64 -DF_INTERFACE_GFORT -fPIC -DNO_LAPACK -DNO_LAPACKE -DSMP_SERVER -DNO_WARMUP -DMAX_CPU_NUMBER=4 -DMAX_PARALLEL_NUMBER=1 -DBUILD_SINGLE=1 -DBUILD_DOUBLE=1 -DBUILD_COMPLEX=1 -DBUILD_COMPLEX16=1 -DVERSION=\"0.3.17.dev\" -msse3 -mssse3 -msse4.1 -mavx -mavx2 -mavx2 -UASMNAME -UASMFNAME -UNAME -UCNAME -UCHAR_NAME -UCHAR_CNAME -DASMNAME=ctrmv_CUU -DASMFNAME=ctrmv_CUU_ -DNAME=ctrmv_CUU_ -DCNAME=ctrmv_CUU -DCHAR_NAME=\"ctrmv_CUU_\" -DCHAR_CNAME=\"ctrmv_CUU\" -DNO_AFFINITY -I../.. -UDOUBLE  -DCOMPLEX -DCOMPLEX -UDOUBLE -DTRANSA=4 -DUNIT ztrmv_L.c -o ctrmv_CUU.o
cc -c -O2 -DMAX_STACK_ALLOC=2048 -Wall -m64 -DF_INTERFACE_GFORT -fPIC -DNO_LAPACK -DNO_LAPACKE -DSMP_SERVER -DNO_WARMUP -DMAX_CPU_NUMBER=4 -DMAX_PARALLEL_NUMBER=1 -DBUILD_SINGLE=1 -DBUILD_DOUBLE=1 -DBUILD_COMPLEX=1 -DBUILD_COMPLEX16=1 -DVERSION=\"0.3.17.dev\" -msse3 -mssse3 -msse4.1 -mavx -mavx2 -mavx2 -UASMNAME -UASMFNAME -UNAME -UCNAME -UCHAR_NAME -UCHAR_CNAME -DASMNAME=ctrmv_CUN -DASMFNAME=ctrmv_CUN_ -DNAME=ctrmv_CUN_ -DCNAME=ctrmv_CUN -DCHAR_NAME=\"ctrmv_CUN_\" -DCHAR_CNAME=\"ctrmv_CUN\" -DNO_AFFINITY -I../.. -UDOUBLE  -DCOMPLEX -DCOMPLEX -UDOUBLE -DTRANSA=4 -UUNIT ztrmv_L.c -o ctrmv_CUN.o
cc -c -O2 -DMAX_STACK_ALLOC=2048 -Wall -m64 -DF_INTERFACE_GFORT -fPIC -DNO_LAPACK -DNO_LAPACKE -DSMP_SERVER -DNO_WARMUP -DMAX_CPU_NUMBER=4 -DMAX_PARALLEL_NUMBER=1 -DBUILD_SINGLE=1 -DBUILD_DOUBLE=1 -DBUILD_COMPLEX=1 -DBUILD_COMPLEX16=1 -DVERSION=\"0.3.17.dev\" -msse3 -mssse3 -msse4.1 -mavx -mavx2 -mavx2 -UASMNAME -UASMFNAME -UNAME -UCNAME -UCHAR_NAME -UCHAR_CNAME -DASMNAME=ctrmv_CLU -DASMFNAME=ctrmv_CLU_ -DNAME=ctrmv_CLU_ -DCNAME=ctrmv_CLU -DCHAR_NAME=\"ctrmv_CLU_\" -DCHAR_CNAME=\"ctrmv_CLU\" -DNO_AFFINITY -I../.. -UDOUBLE  -DCOMPLEX -DCOMPLEX -UDOUBLE -DTRANSA=4 -DUNIT ztrmv_U.c -o ctrmv_CLU.o
cc -c -O2 -DMAX_STACK_ALLOC=2048 -Wall -m64 -DF_INTERFACE_GFORT -fPIC -DNO_LAPACK -DNO_LAPACKE -DSMP_SERVER -DNO_WARMUP -DMAX_CPU_NUMBER=4 -DMAX_PARALLEL_NUMBER=1 -DBUILD_SINGLE=1 -DBUILD_DOUBLE=1 -DBUILD_COMPLEX=1 -DBUILD_COMPLEX16=1 -DVERSION=\"0.3.17.dev\" -msse3 -mssse3 -msse4.1 -mavx -mavx2 -mavx2 -UASMNAME -UASMFNAME -UNAME -UCNAME -UCHAR_NAME -UCHAR_CNAME -DASMNAME=ctrmv_CLN -DASMFNAME=ctrmv_CLN_ -DNAME=ctrmv_CLN_ -DCNAME=ctrmv_CLN -DCHAR_NAME=\"ctrmv_CLN_\" -DCHAR_CNAME=\"ctrmv_CLN\" -DNO_AFFINITY -I../.. -UDOUBLE  -DCOMPLEX -DCOMPLEX -UDOUBLE -DTRANSA=4 -UUNIT ztrmv_U.c -o ctrmv_CLN.o
cc -c -O2 -DMAX_STACK_ALLOC=2048 -Wall -m64 -DF_INTERFACE_GFORT -fPIC -DNO_LAPACK -DNO_LAPACKE -DSMP_SERVER -DNO_WARMUP -DMAX_CPU_NUMBER=4 -DMAX_PARALLEL_NUMBER=1 -DBUILD_SINGLE=1 -DBUILD_DOUBLE=1 -DBUILD_COMPLEX=1 -DBUILD_COMPLEX16=1 -DVERSION=\"0.3.17.dev\" -msse3 -mssse3 -msse4.1 -mavx -mavx2 -mavx2 -UASMNAME -UASMFNAME -UNAME -UCNAME -UCHAR_NAME -UCHAR_CNAME -DASMNAME=ctrsv_NUU -DASMFNAME=ctrsv_NUU_ -DNAME=ctrsv_NUU_ -DCNAME=ctrsv_NUU -DCHAR_NAME=\"ctrsv_NUU_\" -DCHAR_CNAME=\"ctrsv_NUU\" -DNO_AFFINITY -I../.. -UDOUBLE  -DCOMPLEX -UDOUBLE -DCOMPLEX -DTRANSA=1 -DUNIT ztrsv_U.c -o ctrsv_NUU.o
cc -c -O2 -DMAX_STACK_ALLOC=2048 -Wall -m64 -DF_INTERFACE_GFORT -fPIC -DNO_LAPACK -DNO_LAPACKE -DSMP_SERVER -DNO_WARMUP -DMAX_CPU_NUMBER=4 -DMAX_PARALLEL_NUMBER=1 -DBUILD_SINGLE=1 -DBUILD_DOUBLE=1 -DBUILD_COMPLEX=1 -DBUILD_COMPLEX16=1 -DVERSION=\"0.3.17.dev\" -msse3 -mssse3 -msse4.1 -mavx -mavx2 -mavx2 -UASMNAME -UASMFNAME -UNAME -UCNAME -UCHAR_NAME -UCHAR_CNAME -DASMNAME=ctrsv_NUN -DASMFNAME=ctrsv_NUN_ -DNAME=ctrsv_NUN_ -DCNAME=ctrsv_NUN -DCHAR_NAME=\"ctrsv_NUN_\" -DCHAR_CNAME=\"ctrsv_NUN\" -DNO_AFFINITY -I../.. -UDOUBLE  -DCOMPLEX -UDOUBLE -DCOMPLEX -DTRANSA=1 -UUNIT ztrsv_U.c -o ctrsv_NUN.o
cc -c -O2 -DMAX_STACK_ALLOC=2048 -Wall -m64 -DF_INTERFACE_GFORT -fPIC -DNO_LAPACK -DNO_LAPACKE -DSMP_SERVER -DNO_WARMUP -DMAX_CPU_NUMBER=4 -DMAX_PARALLEL_NUMBER=1 -DBUILD_SINGLE=1 -DBUILD_DOUBLE=1 -DBUILD_COMPLEX=1 -DBUILD_COMPLEX16=1 -DVERSION=\"0.3.17.dev\" -msse3 -mssse3 -msse4.1 -mavx -mavx2 -mavx2 -UASMNAME -UASMFNAME -UNAME -UCNAME -UCHAR_NAME -UCHAR_CNAME -DASMNAME=ctrsv_NLU -DASMFNAME=ctrsv_NLU_ -DNAME=ctrsv_NLU_ -DCNAME=ctrsv_NLU -DCHAR_NAME=\"ctrsv_NLU_\" -DCHAR_CNAME=\"ctrsv_NLU\" -DNO_AFFINITY -I../.. -UDOUBLE  -DCOMPLEX -UDOUBLE -DCOMPLEX -DTRANSA=1 -DUNIT ztrsv_L.c -o ctrsv_NLU.o
cc -c -O2 -DMAX_STACK_ALLOC=2048 -Wall -m64 -DF_INTERFACE_GFORT -fPIC -DNO_LAPACK -DNO_LAPACKE -DSMP_SERVER -DNO_WARMUP -DMAX_CPU_NUMBER=4 -DMAX_PARALLEL_NUMBER=1 -DBUILD_SINGLE=1 -DBUILD_DOUBLE=1 -DBUILD_COMPLEX=1 -DBUILD_COMPLEX16=1 -DVERSION=\"0.3.17.dev\" -msse3 -mssse3 -msse4.1 -mavx -mavx2 -mavx2 -UASMNAME -UASMFNAME -UNAME -UCNAME -UCHAR_NAME -UCHAR_CNAME -DASMNAME=ctrsv_NLN -DASMFNAME=ctrsv_NLN_ -DNAME=ctrsv_NLN_ -DCNAME=ctrsv_NLN -DCHAR_NAME=\"ctrsv_NLN_\" -DCHAR_CNAME=\"ctrsv_NLN\" -DNO_AFFINITY -I../.. -UDOUBLE  -DCOMPLEX -UDOUBLE -DCOMPLEX -DTRANSA=1 -UUNIT ztrsv_L.c -o ctrsv_NLN.o
cc -c -O2 -DMAX_STACK_ALLOC=2048 -Wall -m64 -DF_INTERFACE_GFORT -fPIC -DNO_LAPACK -DNO_LAPACKE -DSMP_SERVER -DNO_WARMUP -DMAX_CPU_NUMBER=4 -DMAX_PARALLEL_NUMBER=1 -DBUILD_SINGLE=1 -DBUILD_DOUBLE=1 -DBUILD_COMPLEX=1 -DBUILD_COMPLEX16=1 -DVERSION=\"0.3.17.dev\" -msse3 -mssse3 -msse4.1 -mavx -mavx2 -mavx2 -UASMNAME -UASMFNAME -UNAME -UCNAME -UCHAR_NAME -UCHAR_CNAME -DASMNAME=ctrsv_TUU -DASMFNAME=ctrsv_TUU_ -DNAME=ctrsv_TUU_ -DCNAME=ctrsv_TUU -DCHAR_NAME=\"ctrsv_TUU_\" -DCHAR_CNAME=\"ctrsv_TUU\" -DNO_AFFINITY -I../.. -UDOUBLE  -DCOMPLEX -UDOUBLE -DCOMPLEX -DTRANSA=2 -DUNIT ztrsv_L.c -o ctrsv_TUU.o
cc -c -O2 -DMAX_STACK_ALLOC=2048 -Wall -m64 -DF_INTERFACE_GFORT -fPIC -DNO_LAPACK -DNO_LAPACKE -DSMP_SERVER -DNO_WARMUP -DMAX_CPU_NUMBER=4 -DMAX_PARALLEL_NUMBER=1 -DBUILD_SINGLE=1 -DBUILD_DOUBLE=1 -DBUILD_COMPLEX=1 -DBUILD_COMPLEX16=1 -DVERSION=\"0.3.17.dev\" -msse3 -mssse3 -msse4.1 -mavx -mavx2 -mavx2 -UASMNAME -UASMFNAME -UNAME -UCNAME -UCHAR_NAME -UCHAR_CNAME -DASMNAME=ctrsv_TUN -DASMFNAME=ctrsv_TUN_ -DNAME=ctrsv_TUN_ -DCNAME=ctrsv_TUN -DCHAR_NAME=\"ctrsv_TUN_\" -DCHAR_CNAME=\"ctrsv_TUN\" -DNO_AFFINITY -I../.. -UDOUBLE  -DCOMPLEX -UDOUBLE -DCOMPLEX -DTRANSA=2 -UUNIT ztrsv_L.c -o ctrsv_TUN.o
cc -c -O2 -DMAX_STACK_ALLOC=2048 -Wall -m64 -DF_INTERFACE_GFORT -fPIC -DNO_LAPACK -DNO_LAPACKE -DSMP_SERVER -DNO_WARMUP -DMAX_CPU_NUMBER=4 -DMAX_PARALLEL_NUMBER=1 -DBUILD_SINGLE=1 -DBUILD_DOUBLE=1 -DBUILD_COMPLEX=1 -DBUILD_COMPLEX16=1 -DVERSION=\"0.3.17.dev\" -msse3 -mssse3 -msse4.1 -mavx -mavx2 -mavx2 -UASMNAME -UASMFNAME -UNAME -UCNAME -UCHAR_NAME -UCHAR_CNAME -DASMNAME=ctrsv_TLU -DASMFNAME=ctrsv_TLU_ -DNAME=ctrsv_TLU_ -DCNAME=ctrsv_TLU -DCHAR_NAME=\"ctrsv_TLU_\" -DCHAR_CNAME=\"ctrsv_TLU\" -DNO_AFFINITY -I../.. -UDOUBLE  -DCOMPLEX -UDOUBLE -DCOMPLEX -DTRANSA=2 -DUNIT ztrsv_U.c -o ctrsv_TLU.o
cc -c -O2 -DMAX_STACK_ALLOC=2048 -Wall -m64 -DF_INTERFACE_GFORT -fPIC -DNO_LAPACK -DNO_LAPACKE -DSMP_SERVER -DNO_WARMUP -DMAX_CPU_NUMBER=4 -DMAX_PARALLEL_NUMBER=1 -DBUILD_SINGLE=1 -DBUILD_DOUBLE=1 -DBUILD_COMPLEX=1 -DBUILD_COMPLEX16=1 -DVERSION=\"0.3.17.dev\" -msse3 -mssse3 -msse4.1 -mavx -mavx2 -mavx2 -UASMNAME -UASMFNAME -UNAME -UCNAME -UCHAR_NAME -UCHAR_CNAME -DASMNAME=ctrsv_TLN -DASMFNAME=ctrsv_TLN_ -DNAME=ctrsv_TLN_ -DCNAME=ctrsv_TLN -DCHAR_NAME=\"ctrsv_TLN_\" -DCHAR_CNAME=\"ctrsv_TLN\" -DNO_AFFINITY -I../.. -UDOUBLE  -DCOMPLEX -UDOUBLE -DCOMPLEX -DTRANSA=2 -UUNIT ztrsv_U.c -o ctrsv_TLN.o
cc -c -O2 -DMAX_STACK_ALLOC=2048 -Wall -m64 -DF_INTERFACE_GFORT -fPIC -DNO_LAPACK -DNO_LAPACKE -DSMP_SERVER -DNO_WARMUP -DMAX_CPU_NUMBER=4 -DMAX_PARALLEL_NUMBER=1 -DBUILD_SINGLE=1 -DBUILD_DOUBLE=1 -DBUILD_COMPLEX=1 -DBUILD_COMPLEX16=1 -DVERSION=\"0.3.17.dev\" -msse3 -mssse3 -msse4.1 -mavx -mavx2 -mavx2 -UASMNAME -UASMFNAME -UNAME -UCNAME -UCHAR_NAME -UCHAR_CNAME -DASMNAME=ctrsv_RUU -DASMFNAME=ctrsv_RUU_ -DNAME=ctrsv_RUU_ -DCNAME=ctrsv_RUU -DCHAR_NAME=\"ctrsv_RUU_\" -DCHAR_CNAME=\"ctrsv_RUU\" -DNO_AFFINITY -I../.. -UDOUBLE  -DCOMPLEX -UDOUBLE -DCOMPLEX -DTRANSA=3 -DUNIT ztrsv_U.c -o ctrsv_RUU.o
cc -c -O2 -DMAX_STACK_ALLOC=2048 -Wall -m64 -DF_INTERFACE_GFORT -fPIC -DNO_LAPACK -DNO_LAPACKE -DSMP_SERVER -DNO_WARMUP -DMAX_CPU_NUMBER=4 -DMAX_PARALLEL_NUMBER=1 -DBUILD_SINGLE=1 -DBUILD_DOUBLE=1 -DBUILD_COMPLEX=1 -DBUILD_COMPLEX16=1 -DVERSION=\"0.3.17.dev\" -msse3 -mssse3 -msse4.1 -mavx -mavx2 -mavx2 -UASMNAME -UASMFNAME -UNAME -UCNAME -UCHAR_NAME -UCHAR_CNAME -DASMNAME=ctrsv_RUN -DASMFNAME=ctrsv_RUN_ -DNAME=ctrsv_RUN_ -DCNAME=ctrsv_RUN -DCHAR_NAME=\"ctrsv_RUN_\" -DCHAR_CNAME=\"ctrsv_RUN\" -DNO_AFFINITY -I../.. -UDOUBLE  -DCOMPLEX -UDOUBLE -DCOMPLEX -DTRANSA=3 -UUNIT ztrsv_U.c -o ctrsv_RUN.o
cc -c -O2 -DMAX_STACK_ALLOC=2048 -Wall -m64 -DF_INTERFACE_GFORT -fPIC -DNO_LAPACK -DNO_LAPACKE -DSMP_SERVER -DNO_WARMUP -DMAX_CPU_NUMBER=4 -DMAX_PARALLEL_NUMBER=1 -DBUILD_SINGLE=1 -DBUILD_DOUBLE=1 -DBUILD_COMPLEX=1 -DBUILD_COMPLEX16=1 -DVERSION=\"0.3.17.dev\" -msse3 -mssse3 -msse4.1 -mavx -mavx2 -mavx2 -UASMNAME -UASMFNAME -UNAME -UCNAME -UCHAR_NAME -UCHAR_CNAME -DASMNAME=ctrsv_RLU -DASMFNAME=ctrsv_RLU_ -DNAME=ctrsv_RLU_ -DCNAME=ctrsv_RLU -DCHAR_NAME=\"ctrsv_RLU_\" -DCHAR_CNAME=\"ctrsv_RLU\" -DNO_AFFINITY -I../.. -UDOUBLE  -DCOMPLEX -UDOUBLE -DCOMPLEX -DTRANSA=3 -DUNIT ztrsv_L.c -o ctrsv_RLU.o
cc -c -O2 -DMAX_STACK_ALLOC=2048 -Wall -m64 -DF_INTERFACE_GFORT -fPIC -DNO_LAPACK -DNO_LAPACKE -DSMP_SERVER -DNO_WARMUP -DMAX_CPU_NUMBER=4 -DMAX_PARALLEL_NUMBER=1 -DBUILD_SINGLE=1 -DBUILD_DOUBLE=1 -DBUILD_COMPLEX=1 -DBUILD_COMPLEX16=1 -DVERSION=\"0.3.17.dev\" -msse3 -mssse3 -msse4.1 -mavx -mavx2 -mavx2 -UASMNAME -UASMFNAME -UNAME -UCNAME -UCHAR_NAME -UCHAR_CNAME -DASMNAME=ctrsv_RLN -DASMFNAME=ctrsv_RLN_ -DNAME=ctrsv_RLN_ -DCNAME=ctrsv_RLN -DCHAR_NAME=\"ctrsv_RLN_\" -DCHAR_CNAME=\"ctrsv_RLN\" -DNO_AFFINITY -I../.. -UDOUBLE  -DCOMPLEX -UDOUBLE -DCOMPLEX -DTRANSA=3 -UUNIT ztrsv_L.c -o ctrsv_RLN.o
cc -c -O2 -DMAX_STACK_ALLOC=2048 -Wall -m64 -DF_INTERFACE_GFORT -fPIC -DNO_LAPACK -DNO_LAPACKE -DSMP_SERVER -DNO_WARMUP -DMAX_CPU_NUMBER=4 -DMAX_PARALLEL_NUMBER=1 -DBUILD_SINGLE=1 -DBUILD_DOUBLE=1 -DBUILD_COMPLEX=1 -DBUILD_COMPLEX16=1 -DVERSION=\"0.3.17.dev\" -msse3 -mssse3 -msse4.1 -mavx -mavx2 -mavx2 -UASMNAME -UASMFNAME -UNAME -UCNAME -UCHAR_NAME -UCHAR_CNAME -DASMNAME=ctrsv_CUU -DASMFNAME=ctrsv_CUU_ -DNAME=ctrsv_CUU_ -DCNAME=ctrsv_CUU -DCHAR_NAME=\"ctrsv_CUU_\" -DCHAR_CNAME=\"ctrsv_CUU\" -DNO_AFFINITY -I../.. -UDOUBLE  -DCOMPLEX -UDOUBLE -DCOMPLEX -DTRANSA=4 -DUNIT ztrsv_L.c -o ctrsv_CUU.o
cc -c -O2 -DMAX_STACK_ALLOC=2048 -Wall -m64 -DF_INTERFACE_GFORT -fPIC -DNO_LAPACK -DNO_LAPACKE -DSMP_SERVER -DNO_WARMUP -DMAX_CPU_NUMBER=4 -DMAX_PARALLEL_NUMBER=1 -DBUILD_SINGLE=1 -DBUILD_DOUBLE=1 -DBUILD_COMPLEX=1 -DBUILD_COMPLEX16=1 -DVERSION=\"0.3.17.dev\" -msse3 -mssse3 -msse4.1 -mavx -mavx2 -mavx2 -UASMNAME -UASMFNAME -UNAME -UCNAME -UCHAR_NAME -UCHAR_CNAME -DASMNAME=ctrsv_CUN -DASMFNAME=ctrsv_CUN_ -DNAME=ctrsv_CUN_ -DCNAME=ctrsv_CUN -DCHAR_NAME=\"ctrsv_CUN_\" -DCHAR_CNAME=\"ctrsv_CUN\" -DNO_AFFINITY -I../.. -UDOUBLE  -DCOMPLEX -UDOUBLE -DCOMPLEX -DTRANSA=4 -UUNIT ztrsv_L.c -o ctrsv_CUN.o
cc -c -O2 -DMAX_STACK_ALLOC=2048 -Wall -m64 -DF_INTERFACE_GFORT -fPIC -DNO_LAPACK -DNO_LAPACKE -DSMP_SERVER -DNO_WARMUP -DMAX_CPU_NUMBER=4 -DMAX_PARALLEL_NUMBER=1 -DBUILD_SINGLE=1 -DBUILD_DOUBLE=1 -DBUILD_COMPLEX=1 -DBUILD_COMPLEX16=1 -DVERSION=\"0.3.17.dev\" -msse3 -mssse3 -msse4.1 -mavx -mavx2 -mavx2 -UASMNAME -UASMFNAME -UNAME -UCNAME -UCHAR_NAME -UCHAR_CNAME -DASMNAME=ctrsv_CLU -DASMFNAME=ctrsv_CLU_ -DNAME=ctrsv_CLU_ -DCNAME=ctrsv_CLU -DCHAR_NAME=\"ctrsv_CLU_\" -DCHAR_CNAME=\"ctrsv_CLU\" -DNO_AFFINITY -I../.. -UDOUBLE  -DCOMPLEX -UDOUBLE -DCOMPLEX -DTRANSA=4 -DUNIT ztrsv_U.c -o ctrsv_CLU.o
cc -c -O2 -DMAX_STACK_ALLOC=2048 -Wall -m64 -DF_INTERFACE_GFORT -fPIC -DNO_LAPACK -DNO_LAPACKE -DSMP_SERVER -DNO_WARMUP -DMAX_CPU_NUMBER=4 -DMAX_PARALLEL_NUMBER=1 -DBUILD_SINGLE=1 -DBUILD_DOUBLE=1 -DBUILD_COMPLEX=1 -DBUILD_COMPLEX16=1 -DVERSION=\"0.3.17.dev\" -msse3 -mssse3 -msse4.1 -mavx -mavx2 -mavx2 -UASMNAME -UASMFNAME -UNAME -UCNAME -UCHAR_NAME -UCHAR_CNAME -DASMNAME=ctrsv_CLN -DASMFNAME=ctrsv_CLN_ -DNAME=ctrsv_CLN_ -DCNAME=ctrsv_CLN -DCHAR_NAME=\"ctrsv_CLN_\" -DCHAR_CNAME=\"ctrsv_CLN\" -DNO_AFFINITY -I../.. -UDOUBLE  -DCOMPLEX -UDOUBLE -DCOMPLEX -DTRANSA=4 -UUNIT ztrsv_U.c -o ctrsv_CLN.o
cc -c -O2 -DMAX_STACK_ALLOC=2048 -Wall -m64 -DF_INTERFACE_GFORT -fPIC -DNO_LAPACK -DNO_LAPACKE -DSMP_SERVER -DNO_WARMUP -DMAX_CPU_NUMBER=4 -DMAX_PARALLEL_NUMBER=1 -DBUILD_SINGLE=1 -DBUILD_DOUBLE=1 -DBUILD_COMPLEX=1 -DBUILD_COMPLEX16=1 -DVERSION=\"0.3.17.dev\" -msse3 -mssse3 -msse4.1 -mavx -mavx2 -mavx2 -UASMNAME -UASMFNAME -UNAME -UCNAME -UCHAR_NAME -UCHAR_CNAME -DASMNAME=cgemv_thread_n -DASMFNAME=cgemv_thread_n_ -DNAME=cgemv_thread_n_ -DCNAME=cgemv_thread_n -DCHAR_NAME=\"cgemv_thread_n_\" -DCHAR_CNAME=\"cgemv_thread_n\" -DNO_AFFINITY -I../.. -UDOUBLE  -DCOMPLEX -DCOMPLEX -UDOUBLE  -UTRANSA -UCONJ -UXCONJ gemv_thread.c -o cgemv_thread_n.o
cc -c -O2 -DMAX_STACK_ALLOC=2048 -Wall -m64 -DF_INTERFACE_GFORT -fPIC -DNO_LAPACK -DNO_LAPACKE -DSMP_SERVER -DNO_WARMUP -DMAX_CPU_NUMBER=4 -DMAX_PARALLEL_NUMBER=1 -DBUILD_SINGLE=1 -DBUILD_DOUBLE=1 -DBUILD_COMPLEX=1 -DBUILD_COMPLEX16=1 -DVERSION=\"0.3.17.dev\" -msse3 -mssse3 -msse4.1 -mavx -mavx2 -mavx2 -UASMNAME -UASMFNAME -UNAME -UCNAME -UCHAR_NAME -UCHAR_CNAME -DASMNAME=cgemv_thread_t -DASMFNAME=cgemv_thread_t_ -DNAME=cgemv_thread_t_ -DCNAME=cgemv_thread_t -DCHAR_NAME=\"cgemv_thread_t_\" -DCHAR_CNAME=\"cgemv_thread_t\" -DNO_AFFINITY -I../.. -UDOUBLE  -DCOMPLEX -DCOMPLEX -UDOUBLE  -DTRANSA -UCONJ -UXCONJ gemv_thread.c -o cgemv_thread_t.o
cc -c -O2 -DMAX_STACK_ALLOC=2048 -Wall -m64 -DF_INTERFACE_GFORT -fPIC -DNO_LAPACK -DNO_LAPACKE -DSMP_SERVER -DNO_WARMUP -DMAX_CPU_NUMBER=4 -DMAX_PARALLEL_NUMBER=1 -DBUILD_SINGLE=1 -DBUILD_DOUBLE=1 -DBUILD_COMPLEX=1 -DBUILD_COMPLEX16=1 -DVERSION=\"0.3.17.dev\" -msse3 -mssse3 -msse4.1 -mavx -mavx2 -mavx2 -UASMNAME -UASMFNAME -UNAME -UCNAME -UCHAR_NAME -UCHAR_CNAME -DASMNAME=cgemv_thread_r -DASMFNAME=cgemv_thread_r_ -DNAME=cgemv_thread_r_ -DCNAME=cgemv_thread_r -DCHAR_NAME=\"cgemv_thread_r_\" -DCHAR_CNAME=\"cgemv_thread_r\" -DNO_AFFINITY -I../.. -UDOUBLE  -DCOMPLEX -DCOMPLEX -UDOUBLE  -UTRANSA -DCONJ -UXCONJ gemv_thread.c -o cgemv_thread_r.o
cc -c -O2 -DMAX_STACK_ALLOC=2048 -Wall -m64 -DF_INTERFACE_GFORT -fPIC -DNO_LAPACK -DNO_LAPACKE -DSMP_SERVER -DNO_WARMUP -DMAX_CPU_NUMBER=4 -DMAX_PARALLEL_NUMBER=1 -DBUILD_SINGLE=1 -DBUILD_DOUBLE=1 -DBUILD_COMPLEX=1 -DBUILD_COMPLEX16=1 -DVERSION=\"0.3.17.dev\" -msse3 -mssse3 -msse4.1 -mavx -mavx2 -mavx2 -UASMNAME -UASMFNAME -UNAME -UCNAME -UCHAR_NAME -UCHAR_CNAME -DASMNAME=cgemv_thread_c -DASMFNAME=cgemv_thread_c_ -DNAME=cgemv_thread_c_ -DCNAME=cgemv_thread_c -DCHAR_NAME=\"cgemv_thread_c_\" -DCHAR_CNAME=\"cgemv_thread_c\" -DNO_AFFINITY -I../.. -UDOUBLE  -DCOMPLEX -DCOMPLEX -UDOUBLE  -DTRANSA -DCONJ -UXCONJ gemv_thread.c -o cgemv_thread_c.o
cc -c -O2 -DMAX_STACK_ALLOC=2048 -Wall -m64 -DF_INTERFACE_GFORT -fPIC -DNO_LAPACK -DNO_LAPACKE -DSMP_SERVER -DNO_WARMUP -DMAX_CPU_NUMBER=4 -DMAX_PARALLEL_NUMBER=1 -DBUILD_SINGLE=1 -DBUILD_DOUBLE=1 -DBUILD_COMPLEX=1 -DBUILD_COMPLEX16=1 -DVERSION=\"0.3.17.dev\" -msse3 -mssse3 -msse4.1 -mavx -mavx2 -mavx2 -UASMNAME -UASMFNAME -UNAME -UCNAME -UCHAR_NAME -UCHAR_CNAME -DASMNAME=cgemv_thread_o -DASMFNAME=cgemv_thread_o_ -DNAME=cgemv_thread_o_ -DCNAME=cgemv_thread_o -DCHAR_NAME=\"cgemv_thread_o_\" -DCHAR_CNAME=\"cgemv_thread_o\" -DNO_AFFINITY -I../.. -UDOUBLE  -DCOMPLEX -DCOMPLEX -UDOUBLE  -UTRANSA -UCONJ -DXCONJ gemv_thread.c -o cgemv_thread_o.o
cc -c -O2 -DMAX_STACK_ALLOC=2048 -Wall -m64 -DF_INTERFACE_GFORT -fPIC -DNO_LAPACK -DNO_LAPACKE -DSMP_SERVER -DNO_WARMUP -DMAX_CPU_NUMBER=4 -DMAX_PARALLEL_NUMBER=1 -DBUILD_SINGLE=1 -DBUILD_DOUBLE=1 -DBUILD_COMPLEX=1 -DBUILD_COMPLEX16=1 -DVERSION=\"0.3.17.dev\" -msse3 -mssse3 -msse4.1 -mavx -mavx2 -mavx2 -UASMNAME -UASMFNAME -UNAME -UCNAME -UCHAR_NAME -UCHAR_CNAME -DASMNAME=cgemv_thread_u -DASMFNAME=cgemv_thread_u_ -DNAME=cgemv_thread_u_ -DCNAME=cgemv_thread_u -DCHAR_NAME=\"cgemv_thread_u_\" -DCHAR_CNAME=\"cgemv_thread_u\" -DNO_AFFINITY -I../.. -UDOUBLE  -DCOMPLEX -DCOMPLEX -UDOUBLE  -DTRANSA -UCONJ -DXCONJ gemv_thread.c -o cgemv_thread_u.o
cc -c -O2 -DMAX_STACK_ALLOC=2048 -Wall -m64 -DF_INTERFACE_GFORT -fPIC -DNO_LAPACK -DNO_LAPACKE -DSMP_SERVER -DNO_WARMUP -DMAX_CPU_NUMBER=4 -DMAX_PARALLEL_NUMBER=1 -DBUILD_SINGLE=1 -DBUILD_DOUBLE=1 -DBUILD_COMPLEX=1 -DBUILD_COMPLEX16=1 -DVERSION=\"0.3.17.dev\" -msse3 -mssse3 -msse4.1 -mavx -mavx2 -mavx2 -UASMNAME -UASMFNAME -UNAME -UCNAME -UCHAR_NAME -UCHAR_CNAME -DASMNAME=cgemv_thread_s -DASMFNAME=cgemv_thread_s_ -DNAME=cgemv_thread_s_ -DCNAME=cgemv_thread_s -DCHAR_NAME=\"cgemv_thread_s_\" -DCHAR_CNAME=\"cgemv_thread_s\" -DNO_AFFINITY -I../.. -UDOUBLE  -DCOMPLEX -DCOMPLEX -UDOUBLE  -UTRANSA -DCONJ -DXCONJ gemv_thread.c -o cgemv_thread_s.o
cc -c -O2 -DMAX_STACK_ALLOC=2048 -Wall -m64 -DF_INTERFACE_GFORT -fPIC -DNO_LAPACK -DNO_LAPACKE -DSMP_SERVER -DNO_WARMUP -DMAX_CPU_NUMBER=4 -DMAX_PARALLEL_NUMBER=1 -DBUILD_SINGLE=1 -DBUILD_DOUBLE=1 -DBUILD_COMPLEX=1 -DBUILD_COMPLEX16=1 -DVERSION=\"0.3.17.dev\" -msse3 -mssse3 -msse4.1 -mavx -mavx2 -mavx2 -UASMNAME -UASMFNAME -UNAME -UCNAME -UCHAR_NAME -UCHAR_CNAME -DASMNAME=cgemv_thread_d -DASMFNAME=cgemv_thread_d_ -DNAME=cgemv_thread_d_ -DCNAME=cgemv_thread_d -DCHAR_NAME=\"cgemv_thread_d_\" -DCHAR_CNAME=\"cgemv_thread_d\" -DNO_AFFINITY -I../.. -UDOUBLE  -DCOMPLEX -DCOMPLEX -UDOUBLE  -DTRANSA -DCONJ -DXCONJ gemv_thread.c -o cgemv_thread_d.o
cc -c -O2 -DMAX_STACK_ALLOC=2048 -Wall -m64 -DF_INTERFACE_GFORT -fPIC -DNO_LAPACK -DNO_LAPACKE -DSMP_SERVER -DNO_WARMUP -DMAX_CPU_NUMBER=4 -DMAX_PARALLEL_NUMBER=1 -DBUILD_SINGLE=1 -DBUILD_DOUBLE=1 -DBUILD_COMPLEX=1 -DBUILD_COMPLEX16=1 -DVERSION=\"0.3.17.dev\" -msse3 -mssse3 -msse4.1 -mavx -mavx2 -mavx2 -UASMNAME -UASMFNAME -UNAME -UCNAME -UCHAR_NAME -UCHAR_CNAME -DASMNAME=cger_thread_U -DASMFNAME=cger_thread_U_ -DNAME=cger_thread_U_ -DCNAME=cger_thread_U -DCHAR_NAME=\"cger_thread_U_\" -DCHAR_CNAME=\"cger_thread_U\" -DNO_AFFINITY -I../.. -UDOUBLE  -DCOMPLEX -DCOMPLEX -UDOUBLE  -UCONJ -UXCONJ ger_thread.c -o cger_thread_U.o
cc -c -O2 -DMAX_STACK_ALLOC=2048 -Wall -m64 -DF_INTERFACE_GFORT -fPIC -DNO_LAPACK -DNO_LAPACKE -DSMP_SERVER -DNO_WARMUP -DMAX_CPU_NUMBER=4 -DMAX_PARALLEL_NUMBER=1 -DBUILD_SINGLE=1 -DBUILD_DOUBLE=1 -DBUILD_COMPLEX=1 -DBUILD_COMPLEX16=1 -DVERSION=\"0.3.17.dev\" -msse3 -mssse3 -msse4.1 -mavx -mavx2 -mavx2 -UASMNAME -UASMFNAME -UNAME -UCNAME -UCHAR_NAME -UCHAR_CNAME -DASMNAME=cger_thread_C -DASMFNAME=cger_thread_C_ -DNAME=cger_thread_C_ -DCNAME=cger_thread_C -DCHAR_NAME=\"cger_thread_C_\" -DCHAR_CNAME=\"cger_thread_C\" -DNO_AFFINITY -I../.. -UDOUBLE  -DCOMPLEX -DCOMPLEX -UDOUBLE  -DCONJ -UXCONJ ger_thread.c -o cger_thread_C.o
cc -c -O2 -DMAX_STACK_ALLOC=2048 -Wall -m64 -DF_INTERFACE_GFORT -fPIC -DNO_LAPACK -DNO_LAPACKE -DSMP_SERVER -DNO_WARMUP -DMAX_CPU_NUMBER=4 -DMAX_PARALLEL_NUMBER=1 -DBUILD_SINGLE=1 -DBUILD_DOUBLE=1 -DBUILD_COMPLEX=1 -DBUILD_COMPLEX16=1 -DVERSION=\"0.3.17.dev\" -msse3 -mssse3 -msse4.1 -mavx -mavx2 -mavx2 -UASMNAME -UASMFNAME -UNAME -UCNAME -UCHAR_NAME -UCHAR_CNAME -DASMNAME=cger_thread_V -DASMFNAME=cger_thread_V_ -DNAME=cger_thread_V_ -DCNAME=cger_thread_V -DCHAR_NAME=\"cger_thread_V_\" -DCHAR_CNAME=\"cger_thread_V\" -DNO_AFFINITY -I../.. -UDOUBLE  -DCOMPLEX -DCOMPLEX -UDOUBLE  -UCONJ -DXCONJ ger_thread.c -o cger_thread_V.o
cc -c -O2 -DMAX_STACK_ALLOC=2048 -Wall -m64 -DF_INTERFACE_GFORT -fPIC -DNO_LAPACK -DNO_LAPACKE -DSMP_SERVER -DNO_WARMUP -DMAX_CPU_NUMBER=4 -DMAX_PARALLEL_NUMBER=1 -DBUILD_SINGLE=1 -DBUILD_DOUBLE=1 -DBUILD_COMPLEX=1 -DBUILD_COMPLEX16=1 -DVERSION=\"0.3.17.dev\" -msse3 -mssse3 -msse4.1 -mavx -mavx2 -mavx2 -UASMNAME -UASMFNAME -UNAME -UCNAME -UCHAR_NAME -UCHAR_CNAME -DASMNAME=cger_thread_D -DASMFNAME=cger_thread_D_ -DNAME=cger_thread_D_ -DCNAME=cger_thread_D -DCHAR_NAME=\"cger_thread_D_\" -DCHAR_CNAME=\"cger_thread_D\" -DNO_AFFINITY -I../.. -UDOUBLE  -DCOMPLEX -DCOMPLEX -UDOUBLE  -DCONJ -DXCONJ ger_thread.c -o cger_thread_D.o
cc -c -O2 -DMAX_STACK_ALLOC=2048 -Wall -m64 -DF_INTERFACE_GFORT -fPIC -DNO_LAPACK -DNO_LAPACKE -DSMP_SERVER -DNO_WARMUP -DMAX_CPU_NUMBER=4 -DMAX_PARALLEL_NUMBER=1 -DBUILD_SINGLE=1 -DBUILD_DOUBLE=1 -DBUILD_COMPLEX=1 -DBUILD_COMPLEX16=1 -DVERSION=\"0.3.17.dev\" -msse3 -mssse3 -msse4.1 -mavx -mavx2 -mavx2 -UASMNAME -UASMFNAME -UNAME -UCNAME -UCHAR_NAME -UCHAR_CNAME -DASMNAME=csymv_thread_U -DASMFNAME=csymv_thread_U_ -DNAME=csymv_thread_U_ -DCNAME=csymv_thread_U -DCHAR_NAME=\"csymv_thread_U_\" -DCHAR_CNAME=\"csymv_thread_U\" -DNO_AFFINITY -I../.. -UDOUBLE  -DCOMPLEX -DCOMPLEX -UDOUBLE -ULOWER symv_thread.c -o csymv_thread_U.o
cc -c -O2 -DMAX_STACK_ALLOC=2048 -Wall -m64 -DF_INTERFACE_GFORT -fPIC -DNO_LAPACK -DNO_LAPACKE -DSMP_SERVER -DNO_WARMUP -DMAX_CPU_NUMBER=4 -DMAX_PARALLEL_NUMBER=1 -DBUILD_SINGLE=1 -DBUILD_DOUBLE=1 -DBUILD_COMPLEX=1 -DBUILD_COMPLEX16=1 -DVERSION=\"0.3.17.dev\" -msse3 -mssse3 -msse4.1 -mavx -mavx2 -mavx2 -UASMNAME -UASMFNAME -UNAME -UCNAME -UCHAR_NAME -UCHAR_CNAME -DASMNAME=csymv_thread_L -DASMFNAME=csymv_thread_L_ -DNAME=csymv_thread_L_ -DCNAME=csymv_thread_L -DCHAR_NAME=\"csymv_thread_L_\" -DCHAR_CNAME=\"csymv_thread_L\" -DNO_AFFINITY -I../.. -UDOUBLE  -DCOMPLEX -DCOMPLEX -UDOUBLE -DLOWER symv_thread.c -o csymv_thread_L.o
cc -c -O2 -DMAX_STACK_ALLOC=2048 -Wall -m64 -DF_INTERFACE_GFORT -fPIC -DNO_LAPACK -DNO_LAPACKE -DSMP_SERVER -DNO_WARMUP -DMAX_CPU_NUMBER=4 -DMAX_PARALLEL_NUMBER=1 -DBUILD_SINGLE=1 -DBUILD_DOUBLE=1 -DBUILD_COMPLEX=1 -DBUILD_COMPLEX16=1 -DVERSION=\"0.3.17.dev\" -msse3 -mssse3 -msse4.1 -mavx -mavx2 -mavx2 -UASMNAME -UASMFNAME -UNAME -UCNAME -UCHAR_NAME -UCHAR_CNAME -DASMNAME=chemv_thread_U -DASMFNAME=chemv_thread_U_ -DNAME=chemv_thread_U_ -DCNAME=chemv_thread_U -DCHAR_NAME=\"chemv_thread_U_\" -DCHAR_CNAME=\"chemv_thread_U\" -DNO_AFFINITY -I../.. -UDOUBLE  -DCOMPLEX -DCOMPLEX -UDOUBLE -ULOWER -DHEMV symv_thread.c -o chemv_thread_U.o
cc -c -O2 -DMAX_STACK_ALLOC=2048 -Wall -m64 -DF_INTERFACE_GFORT -fPIC -DNO_LAPACK -DNO_LAPACKE -DSMP_SERVER -DNO_WARMUP -DMAX_CPU_NUMBER=4 -DMAX_PARALLEL_NUMBER=1 -DBUILD_SINGLE=1 -DBUILD_DOUBLE=1 -DBUILD_COMPLEX=1 -DBUILD_COMPLEX16=1 -DVERSION=\"0.3.17.dev\" -msse3 -mssse3 -msse4.1 -mavx -mavx2 -mavx2 -UASMNAME -UASMFNAME -UNAME -UCNAME -UCHAR_NAME -UCHAR_CNAME -DASMNAME=chemv_thread_L -DASMFNAME=chemv_thread_L_ -DNAME=chemv_thread_L_ -DCNAME=chemv_thread_L -DCHAR_NAME=\"chemv_thread_L_\" -DCHAR_CNAME=\"chemv_thread_L\" -DNO_AFFINITY -I../.. -UDOUBLE  -DCOMPLEX -DCOMPLEX -UDOUBLE -DLOWER -DHEMV symv_thread.c -o chemv_thread_L.o
cc -c -O2 -DMAX_STACK_ALLOC=2048 -Wall -m64 -DF_INTERFACE_GFORT -fPIC -DNO_LAPACK -DNO_LAPACKE -DSMP_SERVER -DNO_WARMUP -DMAX_CPU_NUMBER=4 -DMAX_PARALLEL_NUMBER=1 -DBUILD_SINGLE=1 -DBUILD_DOUBLE=1 -DBUILD_COMPLEX=1 -DBUILD_COMPLEX16=1 -DVERSION=\"0.3.17.dev\" -msse3 -mssse3 -msse4.1 -mavx -mavx2 -mavx2 -UASMNAME -UASMFNAME -UNAME -UCNAME -UCHAR_NAME -UCHAR_CNAME -DASMNAME=chemv_thread_V -DASMFNAME=chemv_thread_V_ -DNAME=chemv_thread_V_ -DCNAME=chemv_thread_V -DCHAR_NAME=\"chemv_thread_V_\" -DCHAR_CNAME=\"chemv_thread_V\" -DNO_AFFINITY -I../.. -UDOUBLE  -DCOMPLEX -DCOMPLEX -UDOUBLE -ULOWER -DHEMVREV symv_thread.c -o chemv_thread_V.o
cc -c -O2 -DMAX_STACK_ALLOC=2048 -Wall -m64 -DF_INTERFACE_GFORT -fPIC -DNO_LAPACK -DNO_LAPACKE -DSMP_SERVER -DNO_WARMUP -DMAX_CPU_NUMBER=4 -DMAX_PARALLEL_NUMBER=1 -DBUILD_SINGLE=1 -DBUILD_DOUBLE=1 -DBUILD_COMPLEX=1 -DBUILD_COMPLEX16=1 -DVERSION=\"0.3.17.dev\" -msse3 -mssse3 -msse4.1 -mavx -mavx2 -mavx2 -UASMNAME -UASMFNAME -UNAME -UCNAME -UCHAR_NAME -UCHAR_CNAME -DASMNAME=chemv_thread_M -DASMFNAME=chemv_thread_M_ -DNAME=chemv_thread_M_ -DCNAME=chemv_thread_M -DCHAR_NAME=\"chemv_thread_M_\" -DCHAR_CNAME=\"chemv_thread_M\" -DNO_AFFINITY -I../.. -UDOUBLE  -DCOMPLEX -DCOMPLEX -UDOUBLE -DLOWER -DHEMVREV symv_thread.c -o chemv_thread_M.o
cc -c -O2 -DMAX_STACK_ALLOC=2048 -Wall -m64 -DF_INTERFACE_GFORT -fPIC -DNO_LAPACK -DNO_LAPACKE -DSMP_SERVER -DNO_WARMUP -DMAX_CPU_NUMBER=4 -DMAX_PARALLEL_NUMBER=1 -DBUILD_SINGLE=1 -DBUILD_DOUBLE=1 -DBUILD_COMPLEX=1 -DBUILD_COMPLEX16=1 -DVERSION=\"0.3.17.dev\" -msse3 -mssse3 -msse4.1 -mavx -mavx2 -mavx2 -UASMNAME -UASMFNAME -UNAME -UCNAME -UCHAR_NAME -UCHAR_CNAME -DASMNAME=csyr_thread_U -DASMFNAME=csyr_thread_U_ -DNAME=csyr_thread_U_ -DCNAME=csyr_thread_U -DCHAR_NAME=\"csyr_thread_U_\" -DCHAR_CNAME=\"csyr_thread_U\" -DNO_AFFINITY -I../.. -UDOUBLE  -DCOMPLEX -DCOMPLEX -UDOUBLE -ULOWER syr_thread.c -o csyr_thread_U.o
cc -c -O2 -DMAX_STACK_ALLOC=2048 -Wall -m64 -DF_INTERFACE_GFORT -fPIC -DNO_LAPACK -DNO_LAPACKE -DSMP_SERVER -DNO_WARMUP -DMAX_CPU_NUMBER=4 -DMAX_PARALLEL_NUMBER=1 -DBUILD_SINGLE=1 -DBUILD_DOUBLE=1 -DBUILD_COMPLEX=1 -DBUILD_COMPLEX16=1 -DVERSION=\"0.3.17.dev\" -msse3 -mssse3 -msse4.1 -mavx -mavx2 -mavx2 -UASMNAME -UASMFNAME -UNAME -UCNAME -UCHAR_NAME -UCHAR_CNAME -DASMNAME=csyr_thread_L -DASMFNAME=csyr_thread_L_ -DNAME=csyr_thread_L_ -DCNAME=csyr_thread_L -DCHAR_NAME=\"csyr_thread_L_\" -DCHAR_CNAME=\"csyr_thread_L\" -DNO_AFFINITY -I../.. -UDOUBLE  -DCOMPLEX -DCOMPLEX -UDOUBLE -DLOWER syr_thread.c -o csyr_thread_L.o
cc -c -O2 -DMAX_STACK_ALLOC=2048 -Wall -m64 -DF_INTERFACE_GFORT -fPIC -DNO_LAPACK -DNO_LAPACKE -DSMP_SERVER -DNO_WARMUP -DMAX_CPU_NUMBER=4 -DMAX_PARALLEL_NUMBER=1 -DBUILD_SINGLE=1 -DBUILD_DOUBLE=1 -DBUILD_COMPLEX=1 -DBUILD_COMPLEX16=1 -DVERSION=\"0.3.17.dev\" -msse3 -mssse3 -msse4.1 -mavx -mavx2 -mavx2 -UASMNAME -UASMFNAME -UNAME -UCNAME -UCHAR_NAME -UCHAR_CNAME -DASMNAME=cher_thread_U -DASMFNAME=cher_thread_U_ -DNAME=cher_thread_U_ -DCNAME=cher_thread_U -DCHAR_NAME=\"cher_thread_U_\" -DCHAR_CNAME=\"cher_thread_U\" -DNO_AFFINITY -I../.. -UDOUBLE  -DCOMPLEX -DCOMPLEX -UDOUBLE -ULOWER -DHER syr_thread.c -o cher_thread_U.o
cc -c -O2 -DMAX_STACK_ALLOC=2048 -Wall -m64 -DF_INTERFACE_GFORT -fPIC -DNO_LAPACK -DNO_LAPACKE -DSMP_SERVER -DNO_WARMUP -DMAX_CPU_NUMBER=4 -DMAX_PARALLEL_NUMBER=1 -DBUILD_SINGLE=1 -DBUILD_DOUBLE=1 -DBUILD_COMPLEX=1 -DBUILD_COMPLEX16=1 -DVERSION=\"0.3.17.dev\" -msse3 -mssse3 -msse4.1 -mavx -mavx2 -mavx2 -UASMNAME -UASMFNAME -UNAME -UCNAME -UCHAR_NAME -UCHAR_CNAME -DASMNAME=cher_thread_L -DASMFNAME=cher_thread_L_ -DNAME=cher_thread_L_ -DCNAME=cher_thread_L -DCHAR_NAME=\"cher_thread_L_\" -DCHAR_CNAME=\"cher_thread_L\" -DNO_AFFINITY -I../.. -UDOUBLE  -DCOMPLEX -DCOMPLEX -UDOUBLE -DLOWER -DHER syr_thread.c -o cher_thread_L.o
cc -c -O2 -DMAX_STACK_ALLOC=2048 -Wall -m64 -DF_INTERFACE_GFORT -fPIC -DNO_LAPACK -DNO_LAPACKE -DSMP_SERVER -DNO_WARMUP -DMAX_CPU_NUMBER=4 -DMAX_PARALLEL_NUMBER=1 -DBUILD_SINGLE=1 -DBUILD_DOUBLE=1 -DBUILD_COMPLEX=1 -DBUILD_COMPLEX16=1 -DVERSION=\"0.3.17.dev\" -msse3 -mssse3 -msse4.1 -mavx -mavx2 -mavx2 -UASMNAME -UASMFNAME -UNAME -UCNAME -UCHAR_NAME -UCHAR_CNAME -DASMNAME=cher_thread_V -DASMFNAME=cher_thread_V_ -DNAME=cher_thread_V_ -DCNAME=cher_thread_V -DCHAR_NAME=\"cher_thread_V_\" -DCHAR_CNAME=\"cher_thread_V\" -DNO_AFFINITY -I../.. -UDOUBLE  -DCOMPLEX -DCOMPLEX -UDOUBLE -ULOWER -DHERREV syr_thread.c -o cher_thread_V.o
cc -c -O2 -DMAX_STACK_ALLOC=2048 -Wall -m64 -DF_INTERFACE_GFORT -fPIC -DNO_LAPACK -DNO_LAPACKE -DSMP_SERVER -DNO_WARMUP -DMAX_CPU_NUMBER=4 -DMAX_PARALLEL_NUMBER=1 -DBUILD_SINGLE=1 -DBUILD_DOUBLE=1 -DBUILD_COMPLEX=1 -DBUILD_COMPLEX16=1 -DVERSION=\"0.3.17.dev\" -msse3 -mssse3 -msse4.1 -mavx -mavx2 -mavx2 -UASMNAME -UASMFNAME -UNAME -UCNAME -UCHAR_NAME -UCHAR_CNAME -DASMNAME=cher_thread_M -DASMFNAME=cher_thread_M_ -DNAME=cher_thread_M_ -DCNAME=cher_thread_M -DCHAR_NAME=\"cher_thread_M_\" -DCHAR_CNAME=\"cher_thread_M\" -DNO_AFFINITY -I../.. -UDOUBLE  -DCOMPLEX -DCOMPLEX -UDOUBLE -DLOWER -DHERREV syr_thread.c -o cher_thread_M.o
cc -c -O2 -DMAX_STACK_ALLOC=2048 -Wall -m64 -DF_INTERFACE_GFORT -fPIC -DNO_LAPACK -DNO_LAPACKE -DSMP_SERVER -DNO_WARMUP -DMAX_CPU_NUMBER=4 -DMAX_PARALLEL_NUMBER=1 -DBUILD_SINGLE=1 -DBUILD_DOUBLE=1 -DBUILD_COMPLEX=1 -DBUILD_COMPLEX16=1 -DVERSION=\"0.3.17.dev\" -msse3 -mssse3 -msse4.1 -mavx -mavx2 -mavx2 -UASMNAME -UASMFNAME -UNAME -UCNAME -UCHAR_NAME -UCHAR_CNAME -DASMNAME=csyr2_thread_U -DASMFNAME=csyr2_thread_U_ -DNAME=csyr2_thread_U_ -DCNAME=csyr2_thread_U -DCHAR_NAME=\"csyr2_thread_U_\" -DCHAR_CNAME=\"csyr2_thread_U\" -DNO_AFFINITY -I../.. -UDOUBLE  -DCOMPLEX -DCOMPLEX -UDOUBLE -ULOWER syr2_thread.c -o csyr2_thread_U.o
cc -c -O2 -DMAX_STACK_ALLOC=2048 -Wall -m64 -DF_INTERFACE_GFORT -fPIC -DNO_LAPACK -DNO_LAPACKE -DSMP_SERVER -DNO_WARMUP -DMAX_CPU_NUMBER=4 -DMAX_PARALLEL_NUMBER=1 -DBUILD_SINGLE=1 -DBUILD_DOUBLE=1 -DBUILD_COMPLEX=1 -DBUILD_COMPLEX16=1 -DVERSION=\"0.3.17.dev\" -msse3 -mssse3 -msse4.1 -mavx -mavx2 -mavx2 -UASMNAME -UASMFNAME -UNAME -UCNAME -UCHAR_NAME -UCHAR_CNAME -DASMNAME=csyr2_thread_L -DASMFNAME=csyr2_thread_L_ -DNAME=csyr2_thread_L_ -DCNAME=csyr2_thread_L -DCHAR_NAME=\"csyr2_thread_L_\" -DCHAR_CNAME=\"csyr2_thread_L\" -DNO_AFFINITY -I../.. -UDOUBLE  -DCOMPLEX -DCOMPLEX -UDOUBLE -DLOWER syr2_thread.c -o csyr2_thread_L.o
cc -c -O2 -DMAX_STACK_ALLOC=2048 -Wall -m64 -DF_INTERFACE_GFORT -fPIC -DNO_LAPACK -DNO_LAPACKE -DSMP_SERVER -DNO_WARMUP -DMAX_CPU_NUMBER=4 -DMAX_PARALLEL_NUMBER=1 -DBUILD_SINGLE=1 -DBUILD_DOUBLE=1 -DBUILD_COMPLEX=1 -DBUILD_COMPLEX16=1 -DVERSION=\"0.3.17.dev\" -msse3 -mssse3 -msse4.1 -mavx -mavx2 -mavx2 -UASMNAME -UASMFNAME -UNAME -UCNAME -UCHAR_NAME -UCHAR_CNAME -DASMNAME=cher2_thread_U -DASMFNAME=cher2_thread_U_ -DNAME=cher2_thread_U_ -DCNAME=cher2_thread_U -DCHAR_NAME=\"cher2_thread_U_\" -DCHAR_CNAME=\"cher2_thread_U\" -DNO_AFFINITY -I../.. -UDOUBLE  -DCOMPLEX -DCOMPLEX -UDOUBLE -ULOWER -DHER syr2_thread.c -o cher2_thread_U.o
cc -c -O2 -DMAX_STACK_ALLOC=2048 -Wall -m64 -DF_INTERFACE_GFORT -fPIC -DNO_LAPACK -DNO_LAPACKE -DSMP_SERVER -DNO_WARMUP -DMAX_CPU_NUMBER=4 -DMAX_PARALLEL_NUMBER=1 -DBUILD_SINGLE=1 -DBUILD_DOUBLE=1 -DBUILD_COMPLEX=1 -DBUILD_COMPLEX16=1 -DVERSION=\"0.3.17.dev\" -msse3 -mssse3 -msse4.1 -mavx -mavx2 -mavx2 -UASMNAME -UASMFNAME -UNAME -UCNAME -UCHAR_NAME -UCHAR_CNAME -DASMNAME=cher2_thread_L -DASMFNAME=cher2_thread_L_ -DNAME=cher2_thread_L_ -DCNAME=cher2_thread_L -DCHAR_NAME=\"cher2_thread_L_\" -DCHAR_CNAME=\"cher2_thread_L\" -DNO_AFFINITY -I../.. -UDOUBLE  -DCOMPLEX -DCOMPLEX -UDOUBLE -DLOWER -DHER syr2_thread.c -o cher2_thread_L.o
cc -c -O2 -DMAX_STACK_ALLOC=2048 -Wall -m64 -DF_INTERFACE_GFORT -fPIC -DNO_LAPACK -DNO_LAPACKE -DSMP_SERVER -DNO_WARMUP -DMAX_CPU_NUMBER=4 -DMAX_PARALLEL_NUMBER=1 -DBUILD_SINGLE=1 -DBUILD_DOUBLE=1 -DBUILD_COMPLEX=1 -DBUILD_COMPLEX16=1 -DVERSION=\"0.3.17.dev\" -msse3 -mssse3 -msse4.1 -mavx -mavx2 -mavx2 -UASMNAME -UASMFNAME -UNAME -UCNAME -UCHAR_NAME -UCHAR_CNAME -DASMNAME=cher2_thread_V -DASMFNAME=cher2_thread_V_ -DNAME=cher2_thread_V_ -DCNAME=cher2_thread_V -DCHAR_NAME=\"cher2_thread_V_\" -DCHAR_CNAME=\"cher2_thread_V\" -DNO_AFFINITY -I../.. -UDOUBLE  -DCOMPLEX -DCOMPLEX -UDOUBLE -ULOWER -DHERREV syr2_thread.c -o cher2_thread_V.o
cc -c -O2 -DMAX_STACK_ALLOC=2048 -Wall -m64 -DF_INTERFACE_GFORT -fPIC -DNO_LAPACK -DNO_LAPACKE -DSMP_SERVER -DNO_WARMUP -DMAX_CPU_NUMBER=4 -DMAX_PARALLEL_NUMBER=1 -DBUILD_SINGLE=1 -DBUILD_DOUBLE=1 -DBUILD_COMPLEX=1 -DBUILD_COMPLEX16=1 -DVERSION=\"0.3.17.dev\" -msse3 -mssse3 -msse4.1 -mavx -mavx2 -mavx2 -UASMNAME -UASMFNAME -UNAME -UCNAME -UCHAR_NAME -UCHAR_CNAME -DASMNAME=cher2_thread_M -DASMFNAME=cher2_thread_M_ -DNAME=cher2_thread_M_ -DCNAME=cher2_thread_M -DCHAR_NAME=\"cher2_thread_M_\" -DCHAR_CNAME=\"cher2_thread_M\" -DNO_AFFINITY -I../.. -UDOUBLE  -DCOMPLEX -DCOMPLEX -UDOUBLE -DLOWER -DHERREV syr2_thread.c -o cher2_thread_M.o
cc -c -O2 -DMAX_STACK_ALLOC=2048 -Wall -m64 -DF_INTERFACE_GFORT -fPIC -DNO_LAPACK -DNO_LAPACKE -DSMP_SERVER -DNO_WARMUP -DMAX_CPU_NUMBER=4 -DMAX_PARALLEL_NUMBER=1 -DBUILD_SINGLE=1 -DBUILD_DOUBLE=1 -DBUILD_COMPLEX=1 -DBUILD_COMPLEX16=1 -DVERSION=\"0.3.17.dev\" -msse3 -mssse3 -msse4.1 -mavx -mavx2 -mavx2 -UASMNAME -UASMFNAME -UNAME -UCNAME -UCHAR_NAME -UCHAR_CNAME -DASMNAME=cspr_thread_U -DASMFNAME=cspr_thread_U_ -DNAME=cspr_thread_U_ -DCNAME=cspr_thread_U -DCHAR_NAME=\"cspr_thread_U_\" -DCHAR_CNAME=\"cspr_thread_U\" -DNO_AFFINITY -I../.. -UDOUBLE  -DCOMPLEX -DCOMPLEX -UDOUBLE -ULOWER spr_thread.c -o cspr_thread_U.o
cc -c -O2 -DMAX_STACK_ALLOC=2048 -Wall -m64 -DF_INTERFACE_GFORT -fPIC -DNO_LAPACK -DNO_LAPACKE -DSMP_SERVER -DNO_WARMUP -DMAX_CPU_NUMBER=4 -DMAX_PARALLEL_NUMBER=1 -DBUILD_SINGLE=1 -DBUILD_DOUBLE=1 -DBUILD_COMPLEX=1 -DBUILD_COMPLEX16=1 -DVERSION=\"0.3.17.dev\" -msse3 -mssse3 -msse4.1 -mavx -mavx2 -mavx2 -UASMNAME -UASMFNAME -UNAME -UCNAME -UCHAR_NAME -UCHAR_CNAME -DASMNAME=cspr_thread_L -DASMFNAME=cspr_thread_L_ -DNAME=cspr_thread_L_ -DCNAME=cspr_thread_L -DCHAR_NAME=\"cspr_thread_L_\" -DCHAR_CNAME=\"cspr_thread_L\" -DNO_AFFINITY -I../.. -UDOUBLE  -DCOMPLEX -DCOMPLEX -UDOUBLE -DLOWER spr_thread.c -o cspr_thread_L.o
cc -c -O2 -DMAX_STACK_ALLOC=2048 -Wall -m64 -DF_INTERFACE_GFORT -fPIC -DNO_LAPACK -DNO_LAPACKE -DSMP_SERVER -DNO_WARMUP -DMAX_CPU_NUMBER=4 -DMAX_PARALLEL_NUMBER=1 -DBUILD_SINGLE=1 -DBUILD_DOUBLE=1 -DBUILD_COMPLEX=1 -DBUILD_COMPLEX16=1 -DVERSION=\"0.3.17.dev\" -msse3 -mssse3 -msse4.1 -mavx -mavx2 -mavx2 -UASMNAME -UASMFNAME -UNAME -UCNAME -UCHAR_NAME -UCHAR_CNAME -DASMNAME=chpr_thread_U -DASMFNAME=chpr_thread_U_ -DNAME=chpr_thread_U_ -DCNAME=chpr_thread_U -DCHAR_NAME=\"chpr_thread_U_\" -DCHAR_CNAME=\"chpr_thread_U\" -DNO_AFFINITY -I../.. -UDOUBLE  -DCOMPLEX -UDOUBLE -ULOWER -DHEMV spr_thread.c -o chpr_thread_U.o
cc -c -O2 -DMAX_STACK_ALLOC=2048 -Wall -m64 -DF_INTERFACE_GFORT -fPIC -DNO_LAPACK -DNO_LAPACKE -DSMP_SERVER -DNO_WARMUP -DMAX_CPU_NUMBER=4 -DMAX_PARALLEL_NUMBER=1 -DBUILD_SINGLE=1 -DBUILD_DOUBLE=1 -DBUILD_COMPLEX=1 -DBUILD_COMPLEX16=1 -DVERSION=\"0.3.17.dev\" -msse3 -mssse3 -msse4.1 -mavx -mavx2 -mavx2 -UASMNAME -UASMFNAME -UNAME -UCNAME -UCHAR_NAME -UCHAR_CNAME -DASMNAME=chpr_thread_L -DASMFNAME=chpr_thread_L_ -DNAME=chpr_thread_L_ -DCNAME=chpr_thread_L -DCHAR_NAME=\"chpr_thread_L_\" -DCHAR_CNAME=\"chpr_thread_L\" -DNO_AFFINITY -I../.. -UDOUBLE  -DCOMPLEX -UDOUBLE -DLOWER -DHEMV spr_thread.c -o chpr_thread_L.o
cc -c -O2 -DMAX_STACK_ALLOC=2048 -Wall -m64 -DF_INTERFACE_GFORT -fPIC -DNO_LAPACK -DNO_LAPACKE -DSMP_SERVER -DNO_WARMUP -DMAX_CPU_NUMBER=4 -DMAX_PARALLEL_NUMBER=1 -DBUILD_SINGLE=1 -DBUILD_DOUBLE=1 -DBUILD_COMPLEX=1 -DBUILD_COMPLEX16=1 -DVERSION=\"0.3.17.dev\" -msse3 -mssse3 -msse4.1 -mavx -mavx2 -mavx2 -UASMNAME -UASMFNAME -UNAME -UCNAME -UCHAR_NAME -UCHAR_CNAME -DASMNAME=chpr_thread_V -DASMFNAME=chpr_thread_V_ -DNAME=chpr_thread_V_ -DCNAME=chpr_thread_V -DCHAR_NAME=\"chpr_thread_V_\" -DCHAR_CNAME=\"chpr_thread_V\" -DNO_AFFINITY -I../.. -UDOUBLE  -DCOMPLEX -UDOUBLE -ULOWER -DHEMVREV spr_thread.c -o chpr_thread_V.o
cc -c -O2 -DMAX_STACK_ALLOC=2048 -Wall -m64 -DF_INTERFACE_GFORT -fPIC -DNO_LAPACK -DNO_LAPACKE -DSMP_SERVER -DNO_WARMUP -DMAX_CPU_NUMBER=4 -DMAX_PARALLEL_NUMBER=1 -DBUILD_SINGLE=1 -DBUILD_DOUBLE=1 -DBUILD_COMPLEX=1 -DBUILD_COMPLEX16=1 -DVERSION=\"0.3.17.dev\" -msse3 -mssse3 -msse4.1 -mavx -mavx2 -mavx2 -UASMNAME -UASMFNAME -UNAME -UCNAME -UCHAR_NAME -UCHAR_CNAME -DASMNAME=chpr_thread_M -DASMFNAME=chpr_thread_M_ -DNAME=chpr_thread_M_ -DCNAME=chpr_thread_M -DCHAR_NAME=\"chpr_thread_M_\" -DCHAR_CNAME=\"chpr_thread_M\" -DNO_AFFINITY -I../.. -UDOUBLE  -DCOMPLEX -UDOUBLE -DLOWER -DHEMVREV spr_thread.c -o chpr_thread_M.o
cc -c -O2 -DMAX_STACK_ALLOC=2048 -Wall -m64 -DF_INTERFACE_GFORT -fPIC -DNO_LAPACK -DNO_LAPACKE -DSMP_SERVER -DNO_WARMUP -DMAX_CPU_NUMBER=4 -DMAX_PARALLEL_NUMBER=1 -DBUILD_SINGLE=1 -DBUILD_DOUBLE=1 -DBUILD_COMPLEX=1 -DBUILD_COMPLEX16=1 -DVERSION=\"0.3.17.dev\" -msse3 -mssse3 -msse4.1 -mavx -mavx2 -mavx2 -UASMNAME -UASMFNAME -UNAME -UCNAME -UCHAR_NAME -UCHAR_CNAME -DASMNAME=cspr2_thread_U -DASMFNAME=cspr2_thread_U_ -DNAME=cspr2_thread_U_ -DCNAME=cspr2_thread_U -DCHAR_NAME=\"cspr2_thread_U_\" -DCHAR_CNAME=\"cspr2_thread_U\" -DNO_AFFINITY -I../.. -UDOUBLE  -DCOMPLEX -DCOMPLEX -UDOUBLE -ULOWER spr2_thread.c -o cspr2_thread_U.o
cc -c -O2 -DMAX_STACK_ALLOC=2048 -Wall -m64 -DF_INTERFACE_GFORT -fPIC -DNO_LAPACK -DNO_LAPACKE -DSMP_SERVER -DNO_WARMUP -DMAX_CPU_NUMBER=4 -DMAX_PARALLEL_NUMBER=1 -DBUILD_SINGLE=1 -DBUILD_DOUBLE=1 -DBUILD_COMPLEX=1 -DBUILD_COMPLEX16=1 -DVERSION=\"0.3.17.dev\" -msse3 -mssse3 -msse4.1 -mavx -mavx2 -mavx2 -UASMNAME -UASMFNAME -UNAME -UCNAME -UCHAR_NAME -UCHAR_CNAME -DASMNAME=cspr2_thread_L -DASMFNAME=cspr2_thread_L_ -DNAME=cspr2_thread_L_ -DCNAME=cspr2_thread_L -DCHAR_NAME=\"cspr2_thread_L_\" -DCHAR_CNAME=\"cspr2_thread_L\" -DNO_AFFINITY -I../.. -UDOUBLE  -DCOMPLEX -DCOMPLEX -UDOUBLE -DLOWER spr2_thread.c -o cspr2_thread_L.o
cc -c -O2 -DMAX_STACK_ALLOC=2048 -Wall -m64 -DF_INTERFACE_GFORT -fPIC -DNO_LAPACK -DNO_LAPACKE -DSMP_SERVER -DNO_WARMUP -DMAX_CPU_NUMBER=4 -DMAX_PARALLEL_NUMBER=1 -DBUILD_SINGLE=1 -DBUILD_DOUBLE=1 -DBUILD_COMPLEX=1 -DBUILD_COMPLEX16=1 -DVERSION=\"0.3.17.dev\" -msse3 -mssse3 -msse4.1 -mavx -mavx2 -mavx2 -UASMNAME -UASMFNAME -UNAME -UCNAME -UCHAR_NAME -UCHAR_CNAME -DASMNAME=chpr2_thread_U -DASMFNAME=chpr2_thread_U_ -DNAME=chpr2_thread_U_ -DCNAME=chpr2_thread_U -DCHAR_NAME=\"chpr2_thread_U_\" -DCHAR_CNAME=\"chpr2_thread_U\" -DNO_AFFINITY -I../.. -UDOUBLE  -DCOMPLEX -UDOUBLE -DCOMPLEX -ULOWER -DHEMV spr2_thread.c -o chpr2_thread_U.o
cc -c -O2 -DMAX_STACK_ALLOC=2048 -Wall -m64 -DF_INTERFACE_GFORT -fPIC -DNO_LAPACK -DNO_LAPACKE -DSMP_SERVER -DNO_WARMUP -DMAX_CPU_NUMBER=4 -DMAX_PARALLEL_NUMBER=1 -DBUILD_SINGLE=1 -DBUILD_DOUBLE=1 -DBUILD_COMPLEX=1 -DBUILD_COMPLEX16=1 -DVERSION=\"0.3.17.dev\" -msse3 -mssse3 -msse4.1 -mavx -mavx2 -mavx2 -UASMNAME -UASMFNAME -UNAME -UCNAME -UCHAR_NAME -UCHAR_CNAME -DASMNAME=chpr2_thread_L -DASMFNAME=chpr2_thread_L_ -DNAME=chpr2_thread_L_ -DCNAME=chpr2_thread_L -DCHAR_NAME=\"chpr2_thread_L_\" -DCHAR_CNAME=\"chpr2_thread_L\" -DNO_AFFINITY -I../.. -UDOUBLE  -DCOMPLEX -UDOUBLE -DCOMPLEX -DLOWER -DHEMV spr2_thread.c -o chpr2_thread_L.o
cc -c -O2 -DMAX_STACK_ALLOC=2048 -Wall -m64 -DF_INTERFACE_GFORT -fPIC -DNO_LAPACK -DNO_LAPACKE -DSMP_SERVER -DNO_WARMUP -DMAX_CPU_NUMBER=4 -DMAX_PARALLEL_NUMBER=1 -DBUILD_SINGLE=1 -DBUILD_DOUBLE=1 -DBUILD_COMPLEX=1 -DBUILD_COMPLEX16=1 -DVERSION=\"0.3.17.dev\" -msse3 -mssse3 -msse4.1 -mavx -mavx2 -mavx2 -UASMNAME -UASMFNAME -UNAME -UCNAME -UCHAR_NAME -UCHAR_CNAME -DASMNAME=chpr2_thread_V -DASMFNAME=chpr2_thread_V_ -DNAME=chpr2_thread_V_ -DCNAME=chpr2_thread_V -DCHAR_NAME=\"chpr2_thread_V_\" -DCHAR_CNAME=\"chpr2_thread_V\" -DNO_AFFINITY -I../.. -UDOUBLE  -DCOMPLEX -UDOUBLE -DCOMPLEX -ULOWER -DHEMVREV spr2_thread.c -o chpr2_thread_V.o
cc -c -O2 -DMAX_STACK_ALLOC=2048 -Wall -m64 -DF_INTERFACE_GFORT -fPIC -DNO_LAPACK -DNO_LAPACKE -DSMP_SERVER -DNO_WARMUP -DMAX_CPU_NUMBER=4 -DMAX_PARALLEL_NUMBER=1 -DBUILD_SINGLE=1 -DBUILD_DOUBLE=1 -DBUILD_COMPLEX=1 -DBUILD_COMPLEX16=1 -DVERSION=\"0.3.17.dev\" -msse3 -mssse3 -msse4.1 -mavx -mavx2 -mavx2 -UASMNAME -UASMFNAME -UNAME -UCNAME -UCHAR_NAME -UCHAR_CNAME -DASMNAME=chpr2_thread_M -DASMFNAME=chpr2_thread_M_ -DNAME=chpr2_thread_M_ -DCNAME=chpr2_thread_M -DCHAR_NAME=\"chpr2_thread_M_\" -DCHAR_CNAME=\"chpr2_thread_M\" -DNO_AFFINITY -I../.. -UDOUBLE  -DCOMPLEX -UDOUBLE -DCOMPLEX -DLOWER -DHEMVREV spr2_thread.c -o chpr2_thread_M.o
cc -c -O2 -DMAX_STACK_ALLOC=2048 -Wall -m64 -DF_INTERFACE_GFORT -fPIC -DNO_LAPACK -DNO_LAPACKE -DSMP_SERVER -DNO_WARMUP -DMAX_CPU_NUMBER=4 -DMAX_PARALLEL_NUMBER=1 -DBUILD_SINGLE=1 -DBUILD_DOUBLE=1 -DBUILD_COMPLEX=1 -DBUILD_COMPLEX16=1 -DVERSION=\"0.3.17.dev\" -msse3 -mssse3 -msse4.1 -mavx -mavx2 -mavx2 -UASMNAME -UASMFNAME -UNAME -UCNAME -UCHAR_NAME -UCHAR_CNAME -DASMNAME=ctrmv_thread_NUU -DASMFNAME=ctrmv_thread_NUU_ -DNAME=ctrmv_thread_NUU_ -DCNAME=ctrmv_thread_NUU -DCHAR_NAME=\"ctrmv_thread_NUU_\" -DCHAR_CNAME=\"ctrmv_thread_NUU\" -DNO_AFFINITY -I../.. -UDOUBLE  -DCOMPLEX -DCOMPLEX -UDOUBLE -ULOWER -DTRANSA=1 -DUNIT trmv_thread.c -o ctrmv_thread_NUU.o
cc -c -O2 -DMAX_STACK_ALLOC=2048 -Wall -m64 -DF_INTERFACE_GFORT -fPIC -DNO_LAPACK -DNO_LAPACKE -DSMP_SERVER -DNO_WARMUP -DMAX_CPU_NUMBER=4 -DMAX_PARALLEL_NUMBER=1 -DBUILD_SINGLE=1 -DBUILD_DOUBLE=1 -DBUILD_COMPLEX=1 -DBUILD_COMPLEX16=1 -DVERSION=\"0.3.17.dev\" -msse3 -mssse3 -msse4.1 -mavx -mavx2 -mavx2 -UASMNAME -UASMFNAME -UNAME -UCNAME -UCHAR_NAME -UCHAR_CNAME -DASMNAME=ctrmv_thread_NUN -DASMFNAME=ctrmv_thread_NUN_ -DNAME=ctrmv_thread_NUN_ -DCNAME=ctrmv_thread_NUN -DCHAR_NAME=\"ctrmv_thread_NUN_\" -DCHAR_CNAME=\"ctrmv_thread_NUN\" -DNO_AFFINITY -I../.. -UDOUBLE  -DCOMPLEX -DCOMPLEX -UDOUBLE -ULOWER -DTRANSA=1 -UUNIT trmv_thread.c -o ctrmv_thread_NUN.o
cc -c -O2 -DMAX_STACK_ALLOC=2048 -Wall -m64 -DF_INTERFACE_GFORT -fPIC -DNO_LAPACK -DNO_LAPACKE -DSMP_SERVER -DNO_WARMUP -DMAX_CPU_NUMBER=4 -DMAX_PARALLEL_NUMBER=1 -DBUILD_SINGLE=1 -DBUILD_DOUBLE=1 -DBUILD_COMPLEX=1 -DBUILD_COMPLEX16=1 -DVERSION=\"0.3.17.dev\" -msse3 -mssse3 -msse4.1 -mavx -mavx2 -mavx2 -UASMNAME -UASMFNAME -UNAME -UCNAME -UCHAR_NAME -UCHAR_CNAME -DASMNAME=ctrmv_thread_NLU -DASMFNAME=ctrmv_thread_NLU_ -DNAME=ctrmv_thread_NLU_ -DCNAME=ctrmv_thread_NLU -DCHAR_NAME=\"ctrmv_thread_NLU_\" -DCHAR_CNAME=\"ctrmv_thread_NLU\" -DNO_AFFINITY -I../.. -UDOUBLE  -DCOMPLEX -DCOMPLEX -UDOUBLE -DLOWER -DTRANSA=1 -DUNIT trmv_thread.c -o ctrmv_thread_NLU.o
cc -c -O2 -DMAX_STACK_ALLOC=2048 -Wall -m64 -DF_INTERFACE_GFORT -fPIC -DNO_LAPACK -DNO_LAPACKE -DSMP_SERVER -DNO_WARMUP -DMAX_CPU_NUMBER=4 -DMAX_PARALLEL_NUMBER=1 -DBUILD_SINGLE=1 -DBUILD_DOUBLE=1 -DBUILD_COMPLEX=1 -DBUILD_COMPLEX16=1 -DVERSION=\"0.3.17.dev\" -msse3 -mssse3 -msse4.1 -mavx -mavx2 -mavx2 -UASMNAME -UASMFNAME -UNAME -UCNAME -UCHAR_NAME -UCHAR_CNAME -DASMNAME=ctrmv_thread_NLN -DASMFNAME=ctrmv_thread_NLN_ -DNAME=ctrmv_thread_NLN_ -DCNAME=ctrmv_thread_NLN -DCHAR_NAME=\"ctrmv_thread_NLN_\" -DCHAR_CNAME=\"ctrmv_thread_NLN\" -DNO_AFFINITY -I../.. -UDOUBLE  -DCOMPLEX -DCOMPLEX -UDOUBLE -DLOWER -DTRANSA=1 -UUNIT trmv_thread.c -o ctrmv_thread_NLN.o
cc -c -O2 -DMAX_STACK_ALLOC=2048 -Wall -m64 -DF_INTERFACE_GFORT -fPIC -DNO_LAPACK -DNO_LAPACKE -DSMP_SERVER -DNO_WARMUP -DMAX_CPU_NUMBER=4 -DMAX_PARALLEL_NUMBER=1 -DBUILD_SINGLE=1 -DBUILD_DOUBLE=1 -DBUILD_COMPLEX=1 -DBUILD_COMPLEX16=1 -DVERSION=\"0.3.17.dev\" -msse3 -mssse3 -msse4.1 -mavx -mavx2 -mavx2 -UASMNAME -UASMFNAME -UNAME -UCNAME -UCHAR_NAME -UCHAR_CNAME -DASMNAME=ctrmv_thread_TUU -DASMFNAME=ctrmv_thread_TUU_ -DNAME=ctrmv_thread_TUU_ -DCNAME=ctrmv_thread_TUU -DCHAR_NAME=\"ctrmv_thread_TUU_\" -DCHAR_CNAME=\"ctrmv_thread_TUU\" -DNO_AFFINITY -I../.. -UDOUBLE  -DCOMPLEX -DCOMPLEX -UDOUBLE -ULOWER -DTRANSA=2 -DUNIT trmv_thread.c -o ctrmv_thread_TUU.o
cc -c -O2 -DMAX_STACK_ALLOC=2048 -Wall -m64 -DF_INTERFACE_GFORT -fPIC -DNO_LAPACK -DNO_LAPACKE -DSMP_SERVER -DNO_WARMUP -DMAX_CPU_NUMBER=4 -DMAX_PARALLEL_NUMBER=1 -DBUILD_SINGLE=1 -DBUILD_DOUBLE=1 -DBUILD_COMPLEX=1 -DBUILD_COMPLEX16=1 -DVERSION=\"0.3.17.dev\" -msse3 -mssse3 -msse4.1 -mavx -mavx2 -mavx2 -UASMNAME -UASMFNAME -UNAME -UCNAME -UCHAR_NAME -UCHAR_CNAME -DASMNAME=ctrmv_thread_TUN -DASMFNAME=ctrmv_thread_TUN_ -DNAME=ctrmv_thread_TUN_ -DCNAME=ctrmv_thread_TUN -DCHAR_NAME=\"ctrmv_thread_TUN_\" -DCHAR_CNAME=\"ctrmv_thread_TUN\" -DNO_AFFINITY -I../.. -UDOUBLE  -DCOMPLEX -DCOMPLEX -UDOUBLE -ULOWER -DTRANSA=2 -UUNIT trmv_thread.c -o ctrmv_thread_TUN.o
cc -c -O2 -DMAX_STACK_ALLOC=2048 -Wall -m64 -DF_INTERFACE_GFORT -fPIC -DNO_LAPACK -DNO_LAPACKE -DSMP_SERVER -DNO_WARMUP -DMAX_CPU_NUMBER=4 -DMAX_PARALLEL_NUMBER=1 -DBUILD_SINGLE=1 -DBUILD_DOUBLE=1 -DBUILD_COMPLEX=1 -DBUILD_COMPLEX16=1 -DVERSION=\"0.3.17.dev\" -msse3 -mssse3 -msse4.1 -mavx -mavx2 -mavx2 -UASMNAME -UASMFNAME -UNAME -UCNAME -UCHAR_NAME -UCHAR_CNAME -DASMNAME=ctrmv_thread_TLU -DASMFNAME=ctrmv_thread_TLU_ -DNAME=ctrmv_thread_TLU_ -DCNAME=ctrmv_thread_TLU -DCHAR_NAME=\"ctrmv_thread_TLU_\" -DCHAR_CNAME=\"ctrmv_thread_TLU\" -DNO_AFFINITY -I../.. -UDOUBLE  -DCOMPLEX -DCOMPLEX -UDOUBLE -DLOWER -DTRANSA=2 -DUNIT trmv_thread.c -o ctrmv_thread_TLU.o
cc -c -O2 -DMAX_STACK_ALLOC=2048 -Wall -m64 -DF_INTERFACE_GFORT -fPIC -DNO_LAPACK -DNO_LAPACKE -DSMP_SERVER -DNO_WARMUP -DMAX_CPU_NUMBER=4 -DMAX_PARALLEL_NUMBER=1 -DBUILD_SINGLE=1 -DBUILD_DOUBLE=1 -DBUILD_COMPLEX=1 -DBUILD_COMPLEX16=1 -DVERSION=\"0.3.17.dev\" -msse3 -mssse3 -msse4.1 -mavx -mavx2 -mavx2 -UASMNAME -UASMFNAME -UNAME -UCNAME -UCHAR_NAME -UCHAR_CNAME -DASMNAME=ctrmv_thread_TLN -DASMFNAME=ctrmv_thread_TLN_ -DNAME=ctrmv_thread_TLN_ -DCNAME=ctrmv_thread_TLN -DCHAR_NAME=\"ctrmv_thread_TLN_\" -DCHAR_CNAME=\"ctrmv_thread_TLN\" -DNO_AFFINITY -I../.. -UDOUBLE  -DCOMPLEX -DCOMPLEX -UDOUBLE -DLOWER -DTRANSA=2 -UUNIT trmv_thread.c -o ctrmv_thread_TLN.o
cc -c -O2 -DMAX_STACK_ALLOC=2048 -Wall -m64 -DF_INTERFACE_GFORT -fPIC -DNO_LAPACK -DNO_LAPACKE -DSMP_SERVER -DNO_WARMUP -DMAX_CPU_NUMBER=4 -DMAX_PARALLEL_NUMBER=1 -DBUILD_SINGLE=1 -DBUILD_DOUBLE=1 -DBUILD_COMPLEX=1 -DBUILD_COMPLEX16=1 -DVERSION=\"0.3.17.dev\" -msse3 -mssse3 -msse4.1 -mavx -mavx2 -mavx2 -UASMNAME -UASMFNAME -UNAME -UCNAME -UCHAR_NAME -UCHAR_CNAME -DASMNAME=ctrmv_thread_RUU -DASMFNAME=ctrmv_thread_RUU_ -DNAME=ctrmv_thread_RUU_ -DCNAME=ctrmv_thread_RUU -DCHAR_NAME=\"ctrmv_thread_RUU_\" -DCHAR_CNAME=\"ctrmv_thread_RUU\" -DNO_AFFINITY -I../.. -UDOUBLE  -DCOMPLEX -DCOMPLEX -UDOUBLE -ULOWER -DTRANSA=3 -DUNIT trmv_thread.c -o ctrmv_thread_RUU.o
cc -c -O2 -DMAX_STACK_ALLOC=2048 -Wall -m64 -DF_INTERFACE_GFORT -fPIC -DNO_LAPACK -DNO_LAPACKE -DSMP_SERVER -DNO_WARMUP -DMAX_CPU_NUMBER=4 -DMAX_PARALLEL_NUMBER=1 -DBUILD_SINGLE=1 -DBUILD_DOUBLE=1 -DBUILD_COMPLEX=1 -DBUILD_COMPLEX16=1 -DVERSION=\"0.3.17.dev\" -msse3 -mssse3 -msse4.1 -mavx -mavx2 -mavx2 -UASMNAME -UASMFNAME -UNAME -UCNAME -UCHAR_NAME -UCHAR_CNAME -DASMNAME=ctrmv_thread_RUN -DASMFNAME=ctrmv_thread_RUN_ -DNAME=ctrmv_thread_RUN_ -DCNAME=ctrmv_thread_RUN -DCHAR_NAME=\"ctrmv_thread_RUN_\" -DCHAR_CNAME=\"ctrmv_thread_RUN\" -DNO_AFFINITY -I../.. -UDOUBLE  -DCOMPLEX -DCOMPLEX -UDOUBLE -ULOWER -DTRANSA=3 -UUNIT trmv_thread.c -o ctrmv_thread_RUN.o
cc -c -O2 -DMAX_STACK_ALLOC=2048 -Wall -m64 -DF_INTERFACE_GFORT -fPIC -DNO_LAPACK -DNO_LAPACKE -DSMP_SERVER -DNO_WARMUP -DMAX_CPU_NUMBER=4 -DMAX_PARALLEL_NUMBER=1 -DBUILD_SINGLE=1 -DBUILD_DOUBLE=1 -DBUILD_COMPLEX=1 -DBUILD_COMPLEX16=1 -DVERSION=\"0.3.17.dev\" -msse3 -mssse3 -msse4.1 -mavx -mavx2 -mavx2 -UASMNAME -UASMFNAME -UNAME -UCNAME -UCHAR_NAME -UCHAR_CNAME -DASMNAME=ctrmv_thread_RLU -DASMFNAME=ctrmv_thread_RLU_ -DNAME=ctrmv_thread_RLU_ -DCNAME=ctrmv_thread_RLU -DCHAR_NAME=\"ctrmv_thread_RLU_\" -DCHAR_CNAME=\"ctrmv_thread_RLU\" -DNO_AFFINITY -I../.. -UDOUBLE  -DCOMPLEX -DCOMPLEX -UDOUBLE -DLOWER -DTRANSA=3 -DUNIT trmv_thread.c -o ctrmv_thread_RLU.o
cc -c -O2 -DMAX_STACK_ALLOC=2048 -Wall -m64 -DF_INTERFACE_GFORT -fPIC -DNO_LAPACK -DNO_LAPACKE -DSMP_SERVER -DNO_WARMUP -DMAX_CPU_NUMBER=4 -DMAX_PARALLEL_NUMBER=1 -DBUILD_SINGLE=1 -DBUILD_DOUBLE=1 -DBUILD_COMPLEX=1 -DBUILD_COMPLEX16=1 -DVERSION=\"0.3.17.dev\" -msse3 -mssse3 -msse4.1 -mavx -mavx2 -mavx2 -UASMNAME -UASMFNAME -UNAME -UCNAME -UCHAR_NAME -UCHAR_CNAME -DASMNAME=ctrmv_thread_RLN -DASMFNAME=ctrmv_thread_RLN_ -DNAME=ctrmv_thread_RLN_ -DCNAME=ctrmv_thread_RLN -DCHAR_NAME=\"ctrmv_thread_RLN_\" -DCHAR_CNAME=\"ctrmv_thread_RLN\" -DNO_AFFINITY -I../.. -UDOUBLE  -DCOMPLEX -DCOMPLEX -UDOUBLE -DLOWER -DTRANSA=3 -UUNIT trmv_thread.c -o ctrmv_thread_RLN.o
cc -c -O2 -DMAX_STACK_ALLOC=2048 -Wall -m64 -DF_INTERFACE_GFORT -fPIC -DNO_LAPACK -DNO_LAPACKE -DSMP_SERVER -DNO_WARMUP -DMAX_CPU_NUMBER=4 -DMAX_PARALLEL_NUMBER=1 -DBUILD_SINGLE=1 -DBUILD_DOUBLE=1 -DBUILD_COMPLEX=1 -DBUILD_COMPLEX16=1 -DVERSION=\"0.3.17.dev\" -msse3 -mssse3 -msse4.1 -mavx -mavx2 -mavx2 -UASMNAME -UASMFNAME -UNAME -UCNAME -UCHAR_NAME -UCHAR_CNAME -DASMNAME=ctrmv_thread_CUU -DASMFNAME=ctrmv_thread_CUU_ -DNAME=ctrmv_thread_CUU_ -DCNAME=ctrmv_thread_CUU -DCHAR_NAME=\"ctrmv_thread_CUU_\" -DCHAR_CNAME=\"ctrmv_thread_CUU\" -DNO_AFFINITY -I../.. -UDOUBLE  -DCOMPLEX -DCOMPLEX -UDOUBLE -ULOWER -DTRANSA=4 -DUNIT trmv_thread.c -o ctrmv_thread_CUU.o
cc -c -O2 -DMAX_STACK_ALLOC=2048 -Wall -m64 -DF_INTERFACE_GFORT -fPIC -DNO_LAPACK -DNO_LAPACKE -DSMP_SERVER -DNO_WARMUP -DMAX_CPU_NUMBER=4 -DMAX_PARALLEL_NUMBER=1 -DBUILD_SINGLE=1 -DBUILD_DOUBLE=1 -DBUILD_COMPLEX=1 -DBUILD_COMPLEX16=1 -DVERSION=\"0.3.17.dev\" -msse3 -mssse3 -msse4.1 -mavx -mavx2 -mavx2 -UASMNAME -UASMFNAME -UNAME -UCNAME -UCHAR_NAME -UCHAR_CNAME -DASMNAME=ctrmv_thread_CUN -DASMFNAME=ctrmv_thread_CUN_ -DNAME=ctrmv_thread_CUN_ -DCNAME=ctrmv_thread_CUN -DCHAR_NAME=\"ctrmv_thread_CUN_\" -DCHAR_CNAME=\"ctrmv_thread_CUN\" -DNO_AFFINITY -I../.. -UDOUBLE  -DCOMPLEX -DCOMPLEX -UDOUBLE -ULOWER -DTRANSA=4 -UUNIT trmv_thread.c -o ctrmv_thread_CUN.o
cc -c -O2 -DMAX_STACK_ALLOC=2048 -Wall -m64 -DF_INTERFACE_GFORT -fPIC -DNO_LAPACK -DNO_LAPACKE -DSMP_SERVER -DNO_WARMUP -DMAX_CPU_NUMBER=4 -DMAX_PARALLEL_NUMBER=1 -DBUILD_SINGLE=1 -DBUILD_DOUBLE=1 -DBUILD_COMPLEX=1 -DBUILD_COMPLEX16=1 -DVERSION=\"0.3.17.dev\" -msse3 -mssse3 -msse4.1 -mavx -mavx2 -mavx2 -UASMNAME -UASMFNAME -UNAME -UCNAME -UCHAR_NAME -UCHAR_CNAME -DASMNAME=ctrmv_thread_CLU -DASMFNAME=ctrmv_thread_CLU_ -DNAME=ctrmv_thread_CLU_ -DCNAME=ctrmv_thread_CLU -DCHAR_NAME=\"ctrmv_thread_CLU_\" -DCHAR_CNAME=\"ctrmv_thread_CLU\" -DNO_AFFINITY -I../.. -UDOUBLE  -DCOMPLEX -DCOMPLEX -UDOUBLE -DLOWER -DTRANSA=4 -DUNIT trmv_thread.c -o ctrmv_thread_CLU.o
cc -c -O2 -DMAX_STACK_ALLOC=2048 -Wall -m64 -DF_INTERFACE_GFORT -fPIC -DNO_LAPACK -DNO_LAPACKE -DSMP_SERVER -DNO_WARMUP -DMAX_CPU_NUMBER=4 -DMAX_PARALLEL_NUMBER=1 -DBUILD_SINGLE=1 -DBUILD_DOUBLE=1 -DBUILD_COMPLEX=1 -DBUILD_COMPLEX16=1 -DVERSION=\"0.3.17.dev\" -msse3 -mssse3 -msse4.1 -mavx -mavx2 -mavx2 -UASMNAME -UASMFNAME -UNAME -UCNAME -UCHAR_NAME -UCHAR_CNAME -DASMNAME=ctrmv_thread_CLN -DASMFNAME=ctrmv_thread_CLN_ -DNAME=ctrmv_thread_CLN_ -DCNAME=ctrmv_thread_CLN -DCHAR_NAME=\"ctrmv_thread_CLN_\" -DCHAR_CNAME=\"ctrmv_thread_CLN\" -DNO_AFFINITY -I../.. -UDOUBLE  -DCOMPLEX -DCOMPLEX -UDOUBLE -DLOWER -DTRANSA=4 -UUNIT trmv_thread.c -o ctrmv_thread_CLN.o
cc -c -O2 -DMAX_STACK_ALLOC=2048 -Wall -m64 -DF_INTERFACE_GFORT -fPIC -DNO_LAPACK -DNO_LAPACKE -DSMP_SERVER -DNO_WARMUP -DMAX_CPU_NUMBER=4 -DMAX_PARALLEL_NUMBER=1 -DBUILD_SINGLE=1 -DBUILD_DOUBLE=1 -DBUILD_COMPLEX=1 -DBUILD_COMPLEX16=1 -DVERSION=\"0.3.17.dev\" -msse3 -mssse3 -msse4.1 -mavx -mavx2 -mavx2 -UASMNAME -UASMFNAME -UNAME -UCNAME -UCHAR_NAME -UCHAR_CNAME -DASMNAME=cspmv_thread_U -DASMFNAME=cspmv_thread_U_ -DNAME=cspmv_thread_U_ -DCNAME=cspmv_thread_U -DCHAR_NAME=\"cspmv_thread_U_\" -DCHAR_CNAME=\"cspmv_thread_U\" -DNO_AFFINITY -I../.. -UDOUBLE  -DCOMPLEX -DCOMPLEX -UDOUBLE -ULOWER spmv_thread.c -o cspmv_thread_U.o
cc -c -O2 -DMAX_STACK_ALLOC=2048 -Wall -m64 -DF_INTERFACE_GFORT -fPIC -DNO_LAPACK -DNO_LAPACKE -DSMP_SERVER -DNO_WARMUP -DMAX_CPU_NUMBER=4 -DMAX_PARALLEL_NUMBER=1 -DBUILD_SINGLE=1 -DBUILD_DOUBLE=1 -DBUILD_COMPLEX=1 -DBUILD_COMPLEX16=1 -DVERSION=\"0.3.17.dev\" -msse3 -mssse3 -msse4.1 -mavx -mavx2 -mavx2 -UASMNAME -UASMFNAME -UNAME -UCNAME -UCHAR_NAME -UCHAR_CNAME -DASMNAME=cspmv_thread_L -DASMFNAME=cspmv_thread_L_ -DNAME=cspmv_thread_L_ -DCNAME=cspmv_thread_L -DCHAR_NAME=\"cspmv_thread_L_\" -DCHAR_CNAME=\"cspmv_thread_L\" -DNO_AFFINITY -I../.. -UDOUBLE  -DCOMPLEX -DCOMPLEX -UDOUBLE -DLOWER spmv_thread.c -o cspmv_thread_L.o
cc -c -O2 -DMAX_STACK_ALLOC=2048 -Wall -m64 -DF_INTERFACE_GFORT -fPIC -DNO_LAPACK -DNO_LAPACKE -DSMP_SERVER -DNO_WARMUP -DMAX_CPU_NUMBER=4 -DMAX_PARALLEL_NUMBER=1 -DBUILD_SINGLE=1 -DBUILD_DOUBLE=1 -DBUILD_COMPLEX=1 -DBUILD_COMPLEX16=1 -DVERSION=\"0.3.17.dev\" -msse3 -mssse3 -msse4.1 -mavx -mavx2 -mavx2 -UASMNAME -UASMFNAME -UNAME -UCNAME -UCHAR_NAME -UCHAR_CNAME -DASMNAME=chpmv_thread_U -DASMFNAME=chpmv_thread_U_ -DNAME=chpmv_thread_U_ -DCNAME=chpmv_thread_U -DCHAR_NAME=\"chpmv_thread_U_\" -DCHAR_CNAME=\"chpmv_thread_U\" -DNO_AFFINITY -I../.. -UDOUBLE  -DCOMPLEX -DCOMPLEX -UDOUBLE -ULOWER -DHEMV spmv_thread.c -o chpmv_thread_U.o
cc -c -O2 -DMAX_STACK_ALLOC=2048 -Wall -m64 -DF_INTERFACE_GFORT -fPIC -DNO_LAPACK -DNO_LAPACKE -DSMP_SERVER -DNO_WARMUP -DMAX_CPU_NUMBER=4 -DMAX_PARALLEL_NUMBER=1 -DBUILD_SINGLE=1 -DBUILD_DOUBLE=1 -DBUILD_COMPLEX=1 -DBUILD_COMPLEX16=1 -DVERSION=\"0.3.17.dev\" -msse3 -mssse3 -msse4.1 -mavx -mavx2 -mavx2 -UASMNAME -UASMFNAME -UNAME -UCNAME -UCHAR_NAME -UCHAR_CNAME -DASMNAME=chpmv_thread_L -DASMFNAME=chpmv_thread_L_ -DNAME=chpmv_thread_L_ -DCNAME=chpmv_thread_L -DCHAR_NAME=\"chpmv_thread_L_\" -DCHAR_CNAME=\"chpmv_thread_L\" -DNO_AFFINITY -I../.. -UDOUBLE  -DCOMPLEX -DCOMPLEX -UDOUBLE -DLOWER -DHEMV spmv_thread.c -o chpmv_thread_L.o
cc -c -O2 -DMAX_STACK_ALLOC=2048 -Wall -m64 -DF_INTERFACE_GFORT -fPIC -DNO_LAPACK -DNO_LAPACKE -DSMP_SERVER -DNO_WARMUP -DMAX_CPU_NUMBER=4 -DMAX_PARALLEL_NUMBER=1 -DBUILD_SINGLE=1 -DBUILD_DOUBLE=1 -DBUILD_COMPLEX=1 -DBUILD_COMPLEX16=1 -DVERSION=\"0.3.17.dev\" -msse3 -mssse3 -msse4.1 -mavx -mavx2 -mavx2 -UASMNAME -UASMFNAME -UNAME -UCNAME -UCHAR_NAME -UCHAR_CNAME -DASMNAME=chpmv_thread_V -DASMFNAME=chpmv_thread_V_ -DNAME=chpmv_thread_V_ -DCNAME=chpmv_thread_V -DCHAR_NAME=\"chpmv_thread_V_\" -DCHAR_CNAME=\"chpmv_thread_V\" -DNO_AFFINITY -I../.. -UDOUBLE  -DCOMPLEX -DCOMPLEX -UDOUBLE -ULOWER -DHEMVREV spmv_thread.c -o chpmv_thread_V.o
cc -c -O2 -DMAX_STACK_ALLOC=2048 -Wall -m64 -DF_INTERFACE_GFORT -fPIC -DNO_LAPACK -DNO_LAPACKE -DSMP_SERVER -DNO_WARMUP -DMAX_CPU_NUMBER=4 -DMAX_PARALLEL_NUMBER=1 -DBUILD_SINGLE=1 -DBUILD_DOUBLE=1 -DBUILD_COMPLEX=1 -DBUILD_COMPLEX16=1 -DVERSION=\"0.3.17.dev\" -msse3 -mssse3 -msse4.1 -mavx -mavx2 -mavx2 -UASMNAME -UASMFNAME -UNAME -UCNAME -UCHAR_NAME -UCHAR_CNAME -DASMNAME=chpmv_thread_M -DASMFNAME=chpmv_thread_M_ -DNAME=chpmv_thread_M_ -DCNAME=chpmv_thread_M -DCHAR_NAME=\"chpmv_thread_M_\" -DCHAR_CNAME=\"chpmv_thread_M\" -DNO_AFFINITY -I../.. -UDOUBLE  -DCOMPLEX -DCOMPLEX -UDOUBLE -DLOWER -DHEMVREV spmv_thread.c -o chpmv_thread_M.o
cc -c -O2 -DMAX_STACK_ALLOC=2048 -Wall -m64 -DF_INTERFACE_GFORT -fPIC -DNO_LAPACK -DNO_LAPACKE -DSMP_SERVER -DNO_WARMUP -DMAX_CPU_NUMBER=4 -DMAX_PARALLEL_NUMBER=1 -DBUILD_SINGLE=1 -DBUILD_DOUBLE=1 -DBUILD_COMPLEX=1 -DBUILD_COMPLEX16=1 -DVERSION=\"0.3.17.dev\" -msse3 -mssse3 -msse4.1 -mavx -mavx2 -mavx2 -UASMNAME -UASMFNAME -UNAME -UCNAME -UCHAR_NAME -UCHAR_CNAME -DASMNAME=ctpmv_thread_NUU -DASMFNAME=ctpmv_thread_NUU_ -DNAME=ctpmv_thread_NUU_ -DCNAME=ctpmv_thread_NUU -DCHAR_NAME=\"ctpmv_thread_NUU_\" -DCHAR_CNAME=\"ctpmv_thread_NUU\" -DNO_AFFINITY -I../.. -UDOUBLE  -DCOMPLEX -DCOMPLEX -UDOUBLE -ULOWER -DTRANSA=1 -DUNIT tpmv_thread.c -o ctpmv_thread_NUU.o
cc -c -O2 -DMAX_STACK_ALLOC=2048 -Wall -m64 -DF_INTERFACE_GFORT -fPIC -DNO_LAPACK -DNO_LAPACKE -DSMP_SERVER -DNO_WARMUP -DMAX_CPU_NUMBER=4 -DMAX_PARALLEL_NUMBER=1 -DBUILD_SINGLE=1 -DBUILD_DOUBLE=1 -DBUILD_COMPLEX=1 -DBUILD_COMPLEX16=1 -DVERSION=\"0.3.17.dev\" -msse3 -mssse3 -msse4.1 -mavx -mavx2 -mavx2 -UASMNAME -UASMFNAME -UNAME -UCNAME -UCHAR_NAME -UCHAR_CNAME -DASMNAME=ctpmv_thread_NUN -DASMFNAME=ctpmv_thread_NUN_ -DNAME=ctpmv_thread_NUN_ -DCNAME=ctpmv_thread_NUN -DCHAR_NAME=\"ctpmv_thread_NUN_\" -DCHAR_CNAME=\"ctpmv_thread_NUN\" -DNO_AFFINITY -I../.. -UDOUBLE  -DCOMPLEX -DCOMPLEX -UDOUBLE -ULOWER -DTRANSA=1 -UUNIT tpmv_thread.c -o ctpmv_thread_NUN.o
cc -c -O2 -DMAX_STACK_ALLOC=2048 -Wall -m64 -DF_INTERFACE_GFORT -fPIC -DNO_LAPACK -DNO_LAPACKE -DSMP_SERVER -DNO_WARMUP -DMAX_CPU_NUMBER=4 -DMAX_PARALLEL_NUMBER=1 -DBUILD_SINGLE=1 -DBUILD_DOUBLE=1 -DBUILD_COMPLEX=1 -DBUILD_COMPLEX16=1 -DVERSION=\"0.3.17.dev\" -msse3 -mssse3 -msse4.1 -mavx -mavx2 -mavx2 -UASMNAME -UASMFNAME -UNAME -UCNAME -UCHAR_NAME -UCHAR_CNAME -DASMNAME=ctpmv_thread_NLU -DASMFNAME=ctpmv_thread_NLU_ -DNAME=ctpmv_thread_NLU_ -DCNAME=ctpmv_thread_NLU -DCHAR_NAME=\"ctpmv_thread_NLU_\" -DCHAR_CNAME=\"ctpmv_thread_NLU\" -DNO_AFFINITY -I../.. -UDOUBLE  -DCOMPLEX -DCOMPLEX -UDOUBLE -DLOWER -DTRANSA=1 -DUNIT tpmv_thread.c -o ctpmv_thread_NLU.o
cc -c -O2 -DMAX_STACK_ALLOC=2048 -Wall -m64 -DF_INTERFACE_GFORT -fPIC -DNO_LAPACK -DNO_LAPACKE -DSMP_SERVER -DNO_WARMUP -DMAX_CPU_NUMBER=4 -DMAX_PARALLEL_NUMBER=1 -DBUILD_SINGLE=1 -DBUILD_DOUBLE=1 -DBUILD_COMPLEX=1 -DBUILD_COMPLEX16=1 -DVERSION=\"0.3.17.dev\" -msse3 -mssse3 -msse4.1 -mavx -mavx2 -mavx2 -UASMNAME -UASMFNAME -UNAME -UCNAME -UCHAR_NAME -UCHAR_CNAME -DASMNAME=ctpmv_thread_NLN -DASMFNAME=ctpmv_thread_NLN_ -DNAME=ctpmv_thread_NLN_ -DCNAME=ctpmv_thread_NLN -DCHAR_NAME=\"ctpmv_thread_NLN_\" -DCHAR_CNAME=\"ctpmv_thread_NLN\" -DNO_AFFINITY -I../.. -UDOUBLE  -DCOMPLEX -DCOMPLEX -UDOUBLE -DLOWER -DTRANSA=1 -UUNIT tpmv_thread.c -o ctpmv_thread_NLN.o
cc -c -O2 -DMAX_STACK_ALLOC=2048 -Wall -m64 -DF_INTERFACE_GFORT -fPIC -DNO_LAPACK -DNO_LAPACKE -DSMP_SERVER -DNO_WARMUP -DMAX_CPU_NUMBER=4 -DMAX_PARALLEL_NUMBER=1 -DBUILD_SINGLE=1 -DBUILD_DOUBLE=1 -DBUILD_COMPLEX=1 -DBUILD_COMPLEX16=1 -DVERSION=\"0.3.17.dev\" -msse3 -mssse3 -msse4.1 -mavx -mavx2 -mavx2 -UASMNAME -UASMFNAME -UNAME -UCNAME -UCHAR_NAME -UCHAR_CNAME -DASMNAME=ctpmv_thread_TUU -DASMFNAME=ctpmv_thread_TUU_ -DNAME=ctpmv_thread_TUU_ -DCNAME=ctpmv_thread_TUU -DCHAR_NAME=\"ctpmv_thread_TUU_\" -DCHAR_CNAME=\"ctpmv_thread_TUU\" -DNO_AFFINITY -I../.. -UDOUBLE  -DCOMPLEX -DCOMPLEX -UDOUBLE -ULOWER -DTRANSA=2 -DUNIT tpmv_thread.c -o ctpmv_thread_TUU.o
cc -c -O2 -DMAX_STACK_ALLOC=2048 -Wall -m64 -DF_INTERFACE_GFORT -fPIC -DNO_LAPACK -DNO_LAPACKE -DSMP_SERVER -DNO_WARMUP -DMAX_CPU_NUMBER=4 -DMAX_PARALLEL_NUMBER=1 -DBUILD_SINGLE=1 -DBUILD_DOUBLE=1 -DBUILD_COMPLEX=1 -DBUILD_COMPLEX16=1 -DVERSION=\"0.3.17.dev\" -msse3 -mssse3 -msse4.1 -mavx -mavx2 -mavx2 -UASMNAME -UASMFNAME -UNAME -UCNAME -UCHAR_NAME -UCHAR_CNAME -DASMNAME=ctpmv_thread_TUN -DASMFNAME=ctpmv_thread_TUN_ -DNAME=ctpmv_thread_TUN_ -DCNAME=ctpmv_thread_TUN -DCHAR_NAME=\"ctpmv_thread_TUN_\" -DCHAR_CNAME=\"ctpmv_thread_TUN\" -DNO_AFFINITY -I../.. -UDOUBLE  -DCOMPLEX -DCOMPLEX -UDOUBLE -ULOWER -DTRANSA=2 -UUNIT tpmv_thread.c -o ctpmv_thread_TUN.o
cc -c -O2 -DMAX_STACK_ALLOC=2048 -Wall -m64 -DF_INTERFACE_GFORT -fPIC -DNO_LAPACK -DNO_LAPACKE -DSMP_SERVER -DNO_WARMUP -DMAX_CPU_NUMBER=4 -DMAX_PARALLEL_NUMBER=1 -DBUILD_SINGLE=1 -DBUILD_DOUBLE=1 -DBUILD_COMPLEX=1 -DBUILD_COMPLEX16=1 -DVERSION=\"0.3.17.dev\" -msse3 -mssse3 -msse4.1 -mavx -mavx2 -mavx2 -UASMNAME -UASMFNAME -UNAME -UCNAME -UCHAR_NAME -UCHAR_CNAME -DASMNAME=ctpmv_thread_TLU -DASMFNAME=ctpmv_thread_TLU_ -DNAME=ctpmv_thread_TLU_ -DCNAME=ctpmv_thread_TLU -DCHAR_NAME=\"ctpmv_thread_TLU_\" -DCHAR_CNAME=\"ctpmv_thread_TLU\" -DNO_AFFINITY -I../.. -UDOUBLE  -DCOMPLEX -DCOMPLEX -UDOUBLE -DLOWER -DTRANSA=2 -DUNIT tpmv_thread.c -o ctpmv_thread_TLU.o
cc -c -O2 -DMAX_STACK_ALLOC=2048 -Wall -m64 -DF_INTERFACE_GFORT -fPIC -DNO_LAPACK -DNO_LAPACKE -DSMP_SERVER -DNO_WARMUP -DMAX_CPU_NUMBER=4 -DMAX_PARALLEL_NUMBER=1 -DBUILD_SINGLE=1 -DBUILD_DOUBLE=1 -DBUILD_COMPLEX=1 -DBUILD_COMPLEX16=1 -DVERSION=\"0.3.17.dev\" -msse3 -mssse3 -msse4.1 -mavx -mavx2 -mavx2 -UASMNAME -UASMFNAME -UNAME -UCNAME -UCHAR_NAME -UCHAR_CNAME -DASMNAME=ctpmv_thread_TLN -DASMFNAME=ctpmv_thread_TLN_ -DNAME=ctpmv_thread_TLN_ -DCNAME=ctpmv_thread_TLN -DCHAR_NAME=\"ctpmv_thread_TLN_\" -DCHAR_CNAME=\"ctpmv_thread_TLN\" -DNO_AFFINITY -I../.. -UDOUBLE  -DCOMPLEX -DCOMPLEX -UDOUBLE -DLOWER -DTRANSA=2 -UUNIT tpmv_thread.c -o ctpmv_thread_TLN.o
cc -c -O2 -DMAX_STACK_ALLOC=2048 -Wall -m64 -DF_INTERFACE_GFORT -fPIC -DNO_LAPACK -DNO_LAPACKE -DSMP_SERVER -DNO_WARMUP -DMAX_CPU_NUMBER=4 -DMAX_PARALLEL_NUMBER=1 -DBUILD_SINGLE=1 -DBUILD_DOUBLE=1 -DBUILD_COMPLEX=1 -DBUILD_COMPLEX16=1 -DVERSION=\"0.3.17.dev\" -msse3 -mssse3 -msse4.1 -mavx -mavx2 -mavx2 -UASMNAME -UASMFNAME -UNAME -UCNAME -UCHAR_NAME -UCHAR_CNAME -DASMNAME=ctpmv_thread_RUU -DASMFNAME=ctpmv_thread_RUU_ -DNAME=ctpmv_thread_RUU_ -DCNAME=ctpmv_thread_RUU -DCHAR_NAME=\"ctpmv_thread_RUU_\" -DCHAR_CNAME=\"ctpmv_thread_RUU\" -DNO_AFFINITY -I../.. -UDOUBLE  -DCOMPLEX -DCOMPLEX -UDOUBLE -ULOWER -DTRANSA=3 -DUNIT tpmv_thread.c -o ctpmv_thread_RUU.o
cc -c -O2 -DMAX_STACK_ALLOC=2048 -Wall -m64 -DF_INTERFACE_GFORT -fPIC -DNO_LAPACK -DNO_LAPACKE -DSMP_SERVER -DNO_WARMUP -DMAX_CPU_NUMBER=4 -DMAX_PARALLEL_NUMBER=1 -DBUILD_SINGLE=1 -DBUILD_DOUBLE=1 -DBUILD_COMPLEX=1 -DBUILD_COMPLEX16=1 -DVERSION=\"0.3.17.dev\" -msse3 -mssse3 -msse4.1 -mavx -mavx2 -mavx2 -UASMNAME -UASMFNAME -UNAME -UCNAME -UCHAR_NAME -UCHAR_CNAME -DASMNAME=ctpmv_thread_RUN -DASMFNAME=ctpmv_thread_RUN_ -DNAME=ctpmv_thread_RUN_ -DCNAME=ctpmv_thread_RUN -DCHAR_NAME=\"ctpmv_thread_RUN_\" -DCHAR_CNAME=\"ctpmv_thread_RUN\" -DNO_AFFINITY -I../.. -UDOUBLE  -DCOMPLEX -DCOMPLEX -UDOUBLE -ULOWER -DTRANSA=3 -UUNIT tpmv_thread.c -o ctpmv_thread_RUN.o
cc -c -O2 -DMAX_STACK_ALLOC=2048 -Wall -m64 -DF_INTERFACE_GFORT -fPIC -DNO_LAPACK -DNO_LAPACKE -DSMP_SERVER -DNO_WARMUP -DMAX_CPU_NUMBER=4 -DMAX_PARALLEL_NUMBER=1 -DBUILD_SINGLE=1 -DBUILD_DOUBLE=1 -DBUILD_COMPLEX=1 -DBUILD_COMPLEX16=1 -DVERSION=\"0.3.17.dev\" -msse3 -mssse3 -msse4.1 -mavx -mavx2 -mavx2 -UASMNAME -UASMFNAME -UNAME -UCNAME -UCHAR_NAME -UCHAR_CNAME -DASMNAME=ctpmv_thread_RLU -DASMFNAME=ctpmv_thread_RLU_ -DNAME=ctpmv_thread_RLU_ -DCNAME=ctpmv_thread_RLU -DCHAR_NAME=\"ctpmv_thread_RLU_\" -DCHAR_CNAME=\"ctpmv_thread_RLU\" -DNO_AFFINITY -I../.. -UDOUBLE  -DCOMPLEX -DCOMPLEX -UDOUBLE -DLOWER -DTRANSA=3 -DUNIT tpmv_thread.c -o ctpmv_thread_RLU.o
cc -c -O2 -DMAX_STACK_ALLOC=2048 -Wall -m64 -DF_INTERFACE_GFORT -fPIC -DNO_LAPACK -DNO_LAPACKE -DSMP_SERVER -DNO_WARMUP -DMAX_CPU_NUMBER=4 -DMAX_PARALLEL_NUMBER=1 -DBUILD_SINGLE=1 -DBUILD_DOUBLE=1 -DBUILD_COMPLEX=1 -DBUILD_COMPLEX16=1 -DVERSION=\"0.3.17.dev\" -msse3 -mssse3 -msse4.1 -mavx -mavx2 -mavx2 -UASMNAME -UASMFNAME -UNAME -UCNAME -UCHAR_NAME -UCHAR_CNAME -DASMNAME=ctpmv_thread_RLN -DASMFNAME=ctpmv_thread_RLN_ -DNAME=ctpmv_thread_RLN_ -DCNAME=ctpmv_thread_RLN -DCHAR_NAME=\"ctpmv_thread_RLN_\" -DCHAR_CNAME=\"ctpmv_thread_RLN\" -DNO_AFFINITY -I../.. -UDOUBLE  -DCOMPLEX -DCOMPLEX -UDOUBLE -DLOWER -DTRANSA=3 -UUNIT tpmv_thread.c -o ctpmv_thread_RLN.o
cc -c -O2 -DMAX_STACK_ALLOC=2048 -Wall -m64 -DF_INTERFACE_GFORT -fPIC -DNO_LAPACK -DNO_LAPACKE -DSMP_SERVER -DNO_WARMUP -DMAX_CPU_NUMBER=4 -DMAX_PARALLEL_NUMBER=1 -DBUILD_SINGLE=1 -DBUILD_DOUBLE=1 -DBUILD_COMPLEX=1 -DBUILD_COMPLEX16=1 -DVERSION=\"0.3.17.dev\" -msse3 -mssse3 -msse4.1 -mavx -mavx2 -mavx2 -UASMNAME -UASMFNAME -UNAME -UCNAME -UCHAR_NAME -UCHAR_CNAME -DASMNAME=ctpmv_thread_CUU -DASMFNAME=ctpmv_thread_CUU_ -DNAME=ctpmv_thread_CUU_ -DCNAME=ctpmv_thread_CUU -DCHAR_NAME=\"ctpmv_thread_CUU_\" -DCHAR_CNAME=\"ctpmv_thread_CUU\" -DNO_AFFINITY -I../.. -UDOUBLE  -DCOMPLEX -DCOMPLEX -UDOUBLE -ULOWER -DTRANSA=4 -DUNIT tpmv_thread.c -o ctpmv_thread_CUU.o
cc -c -O2 -DMAX_STACK_ALLOC=2048 -Wall -m64 -DF_INTERFACE_GFORT -fPIC -DNO_LAPACK -DNO_LAPACKE -DSMP_SERVER -DNO_WARMUP -DMAX_CPU_NUMBER=4 -DMAX_PARALLEL_NUMBER=1 -DBUILD_SINGLE=1 -DBUILD_DOUBLE=1 -DBUILD_COMPLEX=1 -DBUILD_COMPLEX16=1 -DVERSION=\"0.3.17.dev\" -msse3 -mssse3 -msse4.1 -mavx -mavx2 -mavx2 -UASMNAME -UASMFNAME -UNAME -UCNAME -UCHAR_NAME -UCHAR_CNAME -DASMNAME=ctpmv_thread_CUN -DASMFNAME=ctpmv_thread_CUN_ -DNAME=ctpmv_thread_CUN_ -DCNAME=ctpmv_thread_CUN -DCHAR_NAME=\"ctpmv_thread_CUN_\" -DCHAR_CNAME=\"ctpmv_thread_CUN\" -DNO_AFFINITY -I../.. -UDOUBLE  -DCOMPLEX -DCOMPLEX -UDOUBLE -ULOWER -DTRANSA=4 -UUNIT tpmv_thread.c -o ctpmv_thread_CUN.o
cc -c -O2 -DMAX_STACK_ALLOC=2048 -Wall -m64 -DF_INTERFACE_GFORT -fPIC -DNO_LAPACK -DNO_LAPACKE -DSMP_SERVER -DNO_WARMUP -DMAX_CPU_NUMBER=4 -DMAX_PARALLEL_NUMBER=1 -DBUILD_SINGLE=1 -DBUILD_DOUBLE=1 -DBUILD_COMPLEX=1 -DBUILD_COMPLEX16=1 -DVERSION=\"0.3.17.dev\" -msse3 -mssse3 -msse4.1 -mavx -mavx2 -mavx2 -UASMNAME -UASMFNAME -UNAME -UCNAME -UCHAR_NAME -UCHAR_CNAME -DASMNAME=ctpmv_thread_CLU -DASMFNAME=ctpmv_thread_CLU_ -DNAME=ctpmv_thread_CLU_ -DCNAME=ctpmv_thread_CLU -DCHAR_NAME=\"ctpmv_thread_CLU_\" -DCHAR_CNAME=\"ctpmv_thread_CLU\" -DNO_AFFINITY -I../.. -UDOUBLE  -DCOMPLEX -DCOMPLEX -UDOUBLE -DLOWER -DTRANSA=4 -DUNIT tpmv_thread.c -o ctpmv_thread_CLU.o
cc -c -O2 -DMAX_STACK_ALLOC=2048 -Wall -m64 -DF_INTERFACE_GFORT -fPIC -DNO_LAPACK -DNO_LAPACKE -DSMP_SERVER -DNO_WARMUP -DMAX_CPU_NUMBER=4 -DMAX_PARALLEL_NUMBER=1 -DBUILD_SINGLE=1 -DBUILD_DOUBLE=1 -DBUILD_COMPLEX=1 -DBUILD_COMPLEX16=1 -DVERSION=\"0.3.17.dev\" -msse3 -mssse3 -msse4.1 -mavx -mavx2 -mavx2 -UASMNAME -UASMFNAME -UNAME -UCNAME -UCHAR_NAME -UCHAR_CNAME -DASMNAME=ctpmv_thread_CLN -DASMFNAME=ctpmv_thread_CLN_ -DNAME=ctpmv_thread_CLN_ -DCNAME=ctpmv_thread_CLN -DCHAR_NAME=\"ctpmv_thread_CLN_\" -DCHAR_CNAME=\"ctpmv_thread_CLN\" -DNO_AFFINITY -I../.. -UDOUBLE  -DCOMPLEX -DCOMPLEX -UDOUBLE -DLOWER -DTRANSA=4 -UUNIT tpmv_thread.c -o ctpmv_thread_CLN.o
cc -c -DCOMPLEX -UDOUBLE -UTRANSA -UCONJ -UXCONJ -O2 -DMAX_STACK_ALLOC=2048 -Wall -m64 -DF_INTERFACE_GFORT -fPIC -DNO_LAPACK -DNO_LAPACKE -DSMP_SERVER -DNO_WARMUP -DMAX_CPU_NUMBER=4 -DMAX_PARALLEL_NUMBER=1 -DBUILD_SINGLE=1 -DBUILD_DOUBLE=1 -DBUILD_COMPLEX=1 -DBUILD_COMPLEX16=1 -DVERSION=\"0.3.17.dev\" -msse3 -mssse3 -msse4.1 -mavx -mavx2 -mavx2 -UASMNAME -UASMFNAME -UNAME -UCNAME -UCHAR_NAME -UCHAR_CNAME -DASMNAME=cgbmv_thread_n -DASMFNAME=cgbmv_thread_n_ -DNAME=cgbmv_thread_n_ -DCNAME=cgbmv_thread_n -DCHAR_NAME=\"cgbmv_thread_n_\" -DCHAR_CNAME=\"cgbmv_thread_n\" -DNO_AFFINITY -I../.. -UDOUBLE  -DCOMPLEX -o cgbmv_thread_n.o gbmv_thread.c
cc -c -DCOMPLEX -UDOUBLE -DTRANSA -UCONJ -UXCONJ -O2 -DMAX_STACK_ALLOC=2048 -Wall -m64 -DF_INTERFACE_GFORT -fPIC -DNO_LAPACK -DNO_LAPACKE -DSMP_SERVER -DNO_WARMUP -DMAX_CPU_NUMBER=4 -DMAX_PARALLEL_NUMBER=1 -DBUILD_SINGLE=1 -DBUILD_DOUBLE=1 -DBUILD_COMPLEX=1 -DBUILD_COMPLEX16=1 -DVERSION=\"0.3.17.dev\" -msse3 -mssse3 -msse4.1 -mavx -mavx2 -mavx2 -UASMNAME -UASMFNAME -UNAME -UCNAME -UCHAR_NAME -UCHAR_CNAME -DASMNAME=cgbmv_thread_t -DASMFNAME=cgbmv_thread_t_ -DNAME=cgbmv_thread_t_ -DCNAME=cgbmv_thread_t -DCHAR_NAME=\"cgbmv_thread_t_\" -DCHAR_CNAME=\"cgbmv_thread_t\" -DNO_AFFINITY -I../.. -UDOUBLE  -DCOMPLEX -o cgbmv_thread_t.o gbmv_thread.c
cc -c -DCOMPLEX -UDOUBLE -UTRANSA -DCONJ -UXCONJ -O2 -DMAX_STACK_ALLOC=2048 -Wall -m64 -DF_INTERFACE_GFORT -fPIC -DNO_LAPACK -DNO_LAPACKE -DSMP_SERVER -DNO_WARMUP -DMAX_CPU_NUMBER=4 -DMAX_PARALLEL_NUMBER=1 -DBUILD_SINGLE=1 -DBUILD_DOUBLE=1 -DBUILD_COMPLEX=1 -DBUILD_COMPLEX16=1 -DVERSION=\"0.3.17.dev\" -msse3 -mssse3 -msse4.1 -mavx -mavx2 -mavx2 -UASMNAME -UASMFNAME -UNAME -UCNAME -UCHAR_NAME -UCHAR_CNAME -DASMNAME=cgbmv_thread_r -DASMFNAME=cgbmv_thread_r_ -DNAME=cgbmv_thread_r_ -DCNAME=cgbmv_thread_r -DCHAR_NAME=\"cgbmv_thread_r_\" -DCHAR_CNAME=\"cgbmv_thread_r\" -DNO_AFFINITY -I../.. -UDOUBLE  -DCOMPLEX -o cgbmv_thread_r.o gbmv_thread.c
cc -c -DCOMPLEX -UDOUBLE -DTRANSA -DCONJ -UXCONJ -O2 -DMAX_STACK_ALLOC=2048 -Wall -m64 -DF_INTERFACE_GFORT -fPIC -DNO_LAPACK -DNO_LAPACKE -DSMP_SERVER -DNO_WARMUP -DMAX_CPU_NUMBER=4 -DMAX_PARALLEL_NUMBER=1 -DBUILD_SINGLE=1 -DBUILD_DOUBLE=1 -DBUILD_COMPLEX=1 -DBUILD_COMPLEX16=1 -DVERSION=\"0.3.17.dev\" -msse3 -mssse3 -msse4.1 -mavx -mavx2 -mavx2 -UASMNAME -UASMFNAME -UNAME -UCNAME -UCHAR_NAME -UCHAR_CNAME -DASMNAME=cgbmv_thread_c -DASMFNAME=cgbmv_thread_c_ -DNAME=cgbmv_thread_c_ -DCNAME=cgbmv_thread_c -DCHAR_NAME=\"cgbmv_thread_c_\" -DCHAR_CNAME=\"cgbmv_thread_c\" -DNO_AFFINITY -I../.. -UDOUBLE  -DCOMPLEX -o cgbmv_thread_c.o gbmv_thread.c
cc -c -DCOMPLEX -UDOUBLE -UTRANSA -UCONJ -DXCONJ -O2 -DMAX_STACK_ALLOC=2048 -Wall -m64 -DF_INTERFACE_GFORT -fPIC -DNO_LAPACK -DNO_LAPACKE -DSMP_SERVER -DNO_WARMUP -DMAX_CPU_NUMBER=4 -DMAX_PARALLEL_NUMBER=1 -DBUILD_SINGLE=1 -DBUILD_DOUBLE=1 -DBUILD_COMPLEX=1 -DBUILD_COMPLEX16=1 -DVERSION=\"0.3.17.dev\" -msse3 -mssse3 -msse4.1 -mavx -mavx2 -mavx2 -UASMNAME -UASMFNAME -UNAME -UCNAME -UCHAR_NAME -UCHAR_CNAME -DASMNAME=cgbmv_thread_o -DASMFNAME=cgbmv_thread_o_ -DNAME=cgbmv_thread_o_ -DCNAME=cgbmv_thread_o -DCHAR_NAME=\"cgbmv_thread_o_\" -DCHAR_CNAME=\"cgbmv_thread_o\" -DNO_AFFINITY -I../.. -UDOUBLE  -DCOMPLEX -o cgbmv_thread_o.o gbmv_thread.c
cc -c -DCOMPLEX -UDOUBLE -DTRANSA -UCONJ -DXCONJ -O2 -DMAX_STACK_ALLOC=2048 -Wall -m64 -DF_INTERFACE_GFORT -fPIC -DNO_LAPACK -DNO_LAPACKE -DSMP_SERVER -DNO_WARMUP -DMAX_CPU_NUMBER=4 -DMAX_PARALLEL_NUMBER=1 -DBUILD_SINGLE=1 -DBUILD_DOUBLE=1 -DBUILD_COMPLEX=1 -DBUILD_COMPLEX16=1 -DVERSION=\"0.3.17.dev\" -msse3 -mssse3 -msse4.1 -mavx -mavx2 -mavx2 -UASMNAME -UASMFNAME -UNAME -UCNAME -UCHAR_NAME -UCHAR_CNAME -DASMNAME=cgbmv_thread_u -DASMFNAME=cgbmv_thread_u_ -DNAME=cgbmv_thread_u_ -DCNAME=cgbmv_thread_u -DCHAR_NAME=\"cgbmv_thread_u_\" -DCHAR_CNAME=\"cgbmv_thread_u\" -DNO_AFFINITY -I../.. -UDOUBLE  -DCOMPLEX -o cgbmv_thread_u.o gbmv_thread.c
cc -c -DCOMPLEX -UDOUBLE -UTRANSA -DCONJ -DXCONJ -O2 -DMAX_STACK_ALLOC=2048 -Wall -m64 -DF_INTERFACE_GFORT -fPIC -DNO_LAPACK -DNO_LAPACKE -DSMP_SERVER -DNO_WARMUP -DMAX_CPU_NUMBER=4 -DMAX_PARALLEL_NUMBER=1 -DBUILD_SINGLE=1 -DBUILD_DOUBLE=1 -DBUILD_COMPLEX=1 -DBUILD_COMPLEX16=1 -DVERSION=\"0.3.17.dev\" -msse3 -mssse3 -msse4.1 -mavx -mavx2 -mavx2 -UASMNAME -UASMFNAME -UNAME -UCNAME -UCHAR_NAME -UCHAR_CNAME -DASMNAME=cgbmv_thread_s -DASMFNAME=cgbmv_thread_s_ -DNAME=cgbmv_thread_s_ -DCNAME=cgbmv_thread_s -DCHAR_NAME=\"cgbmv_thread_s_\" -DCHAR_CNAME=\"cgbmv_thread_s\" -DNO_AFFINITY -I../.. -UDOUBLE  -DCOMPLEX -o cgbmv_thread_s.o gbmv_thread.c
cc -c -DCOMPLEX -UDOUBLE -DTRANSA -DCONJ -DXCONJ -O2 -DMAX_STACK_ALLOC=2048 -Wall -m64 -DF_INTERFACE_GFORT -fPIC -DNO_LAPACK -DNO_LAPACKE -DSMP_SERVER -DNO_WARMUP -DMAX_CPU_NUMBER=4 -DMAX_PARALLEL_NUMBER=1 -DBUILD_SINGLE=1 -DBUILD_DOUBLE=1 -DBUILD_COMPLEX=1 -DBUILD_COMPLEX16=1 -DVERSION=\"0.3.17.dev\" -msse3 -mssse3 -msse4.1 -mavx -mavx2 -mavx2 -UASMNAME -UASMFNAME -UNAME -UCNAME -UCHAR_NAME -UCHAR_CNAME -DASMNAME=cgbmv_thread_d -DASMFNAME=cgbmv_thread_d_ -DNAME=cgbmv_thread_d_ -DCNAME=cgbmv_thread_d -DCHAR_NAME=\"cgbmv_thread_d_\" -DCHAR_CNAME=\"cgbmv_thread_d\" -DNO_AFFINITY -I../.. -UDOUBLE  -DCOMPLEX -o cgbmv_thread_d.o gbmv_thread.c
cc -c -O2 -DMAX_STACK_ALLOC=2048 -Wall -m64 -DF_INTERFACE_GFORT -fPIC -DNO_LAPACK -DNO_LAPACKE -DSMP_SERVER -DNO_WARMUP -DMAX_CPU_NUMBER=4 -DMAX_PARALLEL_NUMBER=1 -DBUILD_SINGLE=1 -DBUILD_DOUBLE=1 -DBUILD_COMPLEX=1 -DBUILD_COMPLEX16=1 -DVERSION=\"0.3.17.dev\" -msse3 -mssse3 -msse4.1 -mavx -mavx2 -mavx2 -UASMNAME -UASMFNAME -UNAME -UCNAME -UCHAR_NAME -UCHAR_CNAME -DASMNAME=csbmv_thread_U -DASMFNAME=csbmv_thread_U_ -DNAME=csbmv_thread_U_ -DCNAME=csbmv_thread_U -DCHAR_NAME=\"csbmv_thread_U_\" -DCHAR_CNAME=\"csbmv_thread_U\" -DNO_AFFINITY -I../.. -UDOUBLE  -DCOMPLEX -DCOMPLEX -UDOUBLE -ULOWER sbmv_thread.c -o csbmv_thread_U.o
cc -c -O2 -DMAX_STACK_ALLOC=2048 -Wall -m64 -DF_INTERFACE_GFORT -fPIC -DNO_LAPACK -DNO_LAPACKE -DSMP_SERVER -DNO_WARMUP -DMAX_CPU_NUMBER=4 -DMAX_PARALLEL_NUMBER=1 -DBUILD_SINGLE=1 -DBUILD_DOUBLE=1 -DBUILD_COMPLEX=1 -DBUILD_COMPLEX16=1 -DVERSION=\"0.3.17.dev\" -msse3 -mssse3 -msse4.1 -mavx -mavx2 -mavx2 -UASMNAME -UASMFNAME -UNAME -UCNAME -UCHAR_NAME -UCHAR_CNAME -DASMNAME=csbmv_thread_L -DASMFNAME=csbmv_thread_L_ -DNAME=csbmv_thread_L_ -DCNAME=csbmv_thread_L -DCHAR_NAME=\"csbmv_thread_L_\" -DCHAR_CNAME=\"csbmv_thread_L\" -DNO_AFFINITY -I../.. -UDOUBLE  -DCOMPLEX -DCOMPLEX -UDOUBLE -DLOWER sbmv_thread.c -o csbmv_thread_L.o
cc -c -O2 -DMAX_STACK_ALLOC=2048 -Wall -m64 -DF_INTERFACE_GFORT -fPIC -DNO_LAPACK -DNO_LAPACKE -DSMP_SERVER -DNO_WARMUP -DMAX_CPU_NUMBER=4 -DMAX_PARALLEL_NUMBER=1 -DBUILD_SINGLE=1 -DBUILD_DOUBLE=1 -DBUILD_COMPLEX=1 -DBUILD_COMPLEX16=1 -DVERSION=\"0.3.17.dev\" -msse3 -mssse3 -msse4.1 -mavx -mavx2 -mavx2 -UASMNAME -UASMFNAME -UNAME -UCNAME -UCHAR_NAME -UCHAR_CNAME -DASMNAME=chbmv_thread_U -DASMFNAME=chbmv_thread_U_ -DNAME=chbmv_thread_U_ -DCNAME=chbmv_thread_U -DCHAR_NAME=\"chbmv_thread_U_\" -DCHAR_CNAME=\"chbmv_thread_U\" -DNO_AFFINITY -I../.. -UDOUBLE  -DCOMPLEX -DCOMPLEX -UDOUBLE -ULOWER -DHEMV sbmv_thread.c -o chbmv_thread_U.o
cc -c -O2 -DMAX_STACK_ALLOC=2048 -Wall -m64 -DF_INTERFACE_GFORT -fPIC -DNO_LAPACK -DNO_LAPACKE -DSMP_SERVER -DNO_WARMUP -DMAX_CPU_NUMBER=4 -DMAX_PARALLEL_NUMBER=1 -DBUILD_SINGLE=1 -DBUILD_DOUBLE=1 -DBUILD_COMPLEX=1 -DBUILD_COMPLEX16=1 -DVERSION=\"0.3.17.dev\" -msse3 -mssse3 -msse4.1 -mavx -mavx2 -mavx2 -UASMNAME -UASMFNAME -UNAME -UCNAME -UCHAR_NAME -UCHAR_CNAME -DASMNAME=chbmv_thread_L -DASMFNAME=chbmv_thread_L_ -DNAME=chbmv_thread_L_ -DCNAME=chbmv_thread_L -DCHAR_NAME=\"chbmv_thread_L_\" -DCHAR_CNAME=\"chbmv_thread_L\" -DNO_AFFINITY -I../.. -UDOUBLE  -DCOMPLEX -DCOMPLEX -UDOUBLE -DLOWER -DHEMV sbmv_thread.c -o chbmv_thread_L.o
cc -c -O2 -DMAX_STACK_ALLOC=2048 -Wall -m64 -DF_INTERFACE_GFORT -fPIC -DNO_LAPACK -DNO_LAPACKE -DSMP_SERVER -DNO_WARMUP -DMAX_CPU_NUMBER=4 -DMAX_PARALLEL_NUMBER=1 -DBUILD_SINGLE=1 -DBUILD_DOUBLE=1 -DBUILD_COMPLEX=1 -DBUILD_COMPLEX16=1 -DVERSION=\"0.3.17.dev\" -msse3 -mssse3 -msse4.1 -mavx -mavx2 -mavx2 -UASMNAME -UASMFNAME -UNAME -UCNAME -UCHAR_NAME -UCHAR_CNAME -DASMNAME=chbmv_thread_V -DASMFNAME=chbmv_thread_V_ -DNAME=chbmv_thread_V_ -DCNAME=chbmv_thread_V -DCHAR_NAME=\"chbmv_thread_V_\" -DCHAR_CNAME=\"chbmv_thread_V\" -DNO_AFFINITY -I../.. -UDOUBLE  -DCOMPLEX -DCOMPLEX -UDOUBLE -ULOWER -DHEMVREV sbmv_thread.c -o chbmv_thread_V.o
cc -c -O2 -DMAX_STACK_ALLOC=2048 -Wall -m64 -DF_INTERFACE_GFORT -fPIC -DNO_LAPACK -DNO_LAPACKE -DSMP_SERVER -DNO_WARMUP -DMAX_CPU_NUMBER=4 -DMAX_PARALLEL_NUMBER=1 -DBUILD_SINGLE=1 -DBUILD_DOUBLE=1 -DBUILD_COMPLEX=1 -DBUILD_COMPLEX16=1 -DVERSION=\"0.3.17.dev\" -msse3 -mssse3 -msse4.1 -mavx -mavx2 -mavx2 -UASMNAME -UASMFNAME -UNAME -UCNAME -UCHAR_NAME -UCHAR_CNAME -DASMNAME=chbmv_thread_M -DASMFNAME=chbmv_thread_M_ -DNAME=chbmv_thread_M_ -DCNAME=chbmv_thread_M -DCHAR_NAME=\"chbmv_thread_M_\" -DCHAR_CNAME=\"chbmv_thread_M\" -DNO_AFFINITY -I../.. -UDOUBLE  -DCOMPLEX -DCOMPLEX -UDOUBLE -DLOWER -DHEMVREV sbmv_thread.c -o chbmv_thread_M.o
cc -c -O2 -DMAX_STACK_ALLOC=2048 -Wall -m64 -DF_INTERFACE_GFORT -fPIC -DNO_LAPACK -DNO_LAPACKE -DSMP_SERVER -DNO_WARMUP -DMAX_CPU_NUMBER=4 -DMAX_PARALLEL_NUMBER=1 -DBUILD_SINGLE=1 -DBUILD_DOUBLE=1 -DBUILD_COMPLEX=1 -DBUILD_COMPLEX16=1 -DVERSION=\"0.3.17.dev\" -msse3 -mssse3 -msse4.1 -mavx -mavx2 -mavx2 -UASMNAME -UASMFNAME -UNAME -UCNAME -UCHAR_NAME -UCHAR_CNAME -DASMNAME=ctbmv_thread_NUU -DASMFNAME=ctbmv_thread_NUU_ -DNAME=ctbmv_thread_NUU_ -DCNAME=ctbmv_thread_NUU -DCHAR_NAME=\"ctbmv_thread_NUU_\" -DCHAR_CNAME=\"ctbmv_thread_NUU\" -DNO_AFFINITY -I../.. -UDOUBLE  -DCOMPLEX -DCOMPLEX -UDOUBLE -ULOWER -DTRANSA=1 -DUNIT tbmv_thread.c -o ctbmv_thread_NUU.o
cc -c -O2 -DMAX_STACK_ALLOC=2048 -Wall -m64 -DF_INTERFACE_GFORT -fPIC -DNO_LAPACK -DNO_LAPACKE -DSMP_SERVER -DNO_WARMUP -DMAX_CPU_NUMBER=4 -DMAX_PARALLEL_NUMBER=1 -DBUILD_SINGLE=1 -DBUILD_DOUBLE=1 -DBUILD_COMPLEX=1 -DBUILD_COMPLEX16=1 -DVERSION=\"0.3.17.dev\" -msse3 -mssse3 -msse4.1 -mavx -mavx2 -mavx2 -UASMNAME -UASMFNAME -UNAME -UCNAME -UCHAR_NAME -UCHAR_CNAME -DASMNAME=ctbmv_thread_NUN -DASMFNAME=ctbmv_thread_NUN_ -DNAME=ctbmv_thread_NUN_ -DCNAME=ctbmv_thread_NUN -DCHAR_NAME=\"ctbmv_thread_NUN_\" -DCHAR_CNAME=\"ctbmv_thread_NUN\" -DNO_AFFINITY -I../.. -UDOUBLE  -DCOMPLEX -DCOMPLEX -UDOUBLE -ULOWER -DTRANSA=1 -UUNIT tbmv_thread.c -o ctbmv_thread_NUN.o
cc -c -O2 -DMAX_STACK_ALLOC=2048 -Wall -m64 -DF_INTERFACE_GFORT -fPIC -DNO_LAPACK -DNO_LAPACKE -DSMP_SERVER -DNO_WARMUP -DMAX_CPU_NUMBER=4 -DMAX_PARALLEL_NUMBER=1 -DBUILD_SINGLE=1 -DBUILD_DOUBLE=1 -DBUILD_COMPLEX=1 -DBUILD_COMPLEX16=1 -DVERSION=\"0.3.17.dev\" -msse3 -mssse3 -msse4.1 -mavx -mavx2 -mavx2 -UASMNAME -UASMFNAME -UNAME -UCNAME -UCHAR_NAME -UCHAR_CNAME -DASMNAME=ctbmv_thread_NLU -DASMFNAME=ctbmv_thread_NLU_ -DNAME=ctbmv_thread_NLU_ -DCNAME=ctbmv_thread_NLU -DCHAR_NAME=\"ctbmv_thread_NLU_\" -DCHAR_CNAME=\"ctbmv_thread_NLU\" -DNO_AFFINITY -I../.. -UDOUBLE  -DCOMPLEX -DCOMPLEX -UDOUBLE -DLOWER -DTRANSA=1 -DUNIT tbmv_thread.c -o ctbmv_thread_NLU.o
cc -c -O2 -DMAX_STACK_ALLOC=2048 -Wall -m64 -DF_INTERFACE_GFORT -fPIC -DNO_LAPACK -DNO_LAPACKE -DSMP_SERVER -DNO_WARMUP -DMAX_CPU_NUMBER=4 -DMAX_PARALLEL_NUMBER=1 -DBUILD_SINGLE=1 -DBUILD_DOUBLE=1 -DBUILD_COMPLEX=1 -DBUILD_COMPLEX16=1 -DVERSION=\"0.3.17.dev\" -msse3 -mssse3 -msse4.1 -mavx -mavx2 -mavx2 -UASMNAME -UASMFNAME -UNAME -UCNAME -UCHAR_NAME -UCHAR_CNAME -DASMNAME=ctbmv_thread_NLN -DASMFNAME=ctbmv_thread_NLN_ -DNAME=ctbmv_thread_NLN_ -DCNAME=ctbmv_thread_NLN -DCHAR_NAME=\"ctbmv_thread_NLN_\" -DCHAR_CNAME=\"ctbmv_thread_NLN\" -DNO_AFFINITY -I../.. -UDOUBLE  -DCOMPLEX -DCOMPLEX -UDOUBLE -DLOWER -DTRANSA=1 -UUNIT tbmv_thread.c -o ctbmv_thread_NLN.o
cc -c -O2 -DMAX_STACK_ALLOC=2048 -Wall -m64 -DF_INTERFACE_GFORT -fPIC -DNO_LAPACK -DNO_LAPACKE -DSMP_SERVER -DNO_WARMUP -DMAX_CPU_NUMBER=4 -DMAX_PARALLEL_NUMBER=1 -DBUILD_SINGLE=1 -DBUILD_DOUBLE=1 -DBUILD_COMPLEX=1 -DBUILD_COMPLEX16=1 -DVERSION=\"0.3.17.dev\" -msse3 -mssse3 -msse4.1 -mavx -mavx2 -mavx2 -UASMNAME -UASMFNAME -UNAME -UCNAME -UCHAR_NAME -UCHAR_CNAME -DASMNAME=ctbmv_thread_TUU -DASMFNAME=ctbmv_thread_TUU_ -DNAME=ctbmv_thread_TUU_ -DCNAME=ctbmv_thread_TUU -DCHAR_NAME=\"ctbmv_thread_TUU_\" -DCHAR_CNAME=\"ctbmv_thread_TUU\" -DNO_AFFINITY -I../.. -UDOUBLE  -DCOMPLEX -DCOMPLEX -UDOUBLE -ULOWER -DTRANSA=2 -DUNIT tbmv_thread.c -o ctbmv_thread_TUU.o
cc -c -O2 -DMAX_STACK_ALLOC=2048 -Wall -m64 -DF_INTERFACE_GFORT -fPIC -DNO_LAPACK -DNO_LAPACKE -DSMP_SERVER -DNO_WARMUP -DMAX_CPU_NUMBER=4 -DMAX_PARALLEL_NUMBER=1 -DBUILD_SINGLE=1 -DBUILD_DOUBLE=1 -DBUILD_COMPLEX=1 -DBUILD_COMPLEX16=1 -DVERSION=\"0.3.17.dev\" -msse3 -mssse3 -msse4.1 -mavx -mavx2 -mavx2 -UASMNAME -UASMFNAME -UNAME -UCNAME -UCHAR_NAME -UCHAR_CNAME -DASMNAME=ctbmv_thread_TUN -DASMFNAME=ctbmv_thread_TUN_ -DNAME=ctbmv_thread_TUN_ -DCNAME=ctbmv_thread_TUN -DCHAR_NAME=\"ctbmv_thread_TUN_\" -DCHAR_CNAME=\"ctbmv_thread_TUN\" -DNO_AFFINITY -I../.. -UDOUBLE  -DCOMPLEX -DCOMPLEX -UDOUBLE -ULOWER -DTRANSA=2 -UUNIT tbmv_thread.c -o ctbmv_thread_TUN.o
cc -c -O2 -DMAX_STACK_ALLOC=2048 -Wall -m64 -DF_INTERFACE_GFORT -fPIC -DNO_LAPACK -DNO_LAPACKE -DSMP_SERVER -DNO_WARMUP -DMAX_CPU_NUMBER=4 -DMAX_PARALLEL_NUMBER=1 -DBUILD_SINGLE=1 -DBUILD_DOUBLE=1 -DBUILD_COMPLEX=1 -DBUILD_COMPLEX16=1 -DVERSION=\"0.3.17.dev\" -msse3 -mssse3 -msse4.1 -mavx -mavx2 -mavx2 -UASMNAME -UASMFNAME -UNAME -UCNAME -UCHAR_NAME -UCHAR_CNAME -DASMNAME=ctbmv_thread_TLU -DASMFNAME=ctbmv_thread_TLU_ -DNAME=ctbmv_thread_TLU_ -DCNAME=ctbmv_thread_TLU -DCHAR_NAME=\"ctbmv_thread_TLU_\" -DCHAR_CNAME=\"ctbmv_thread_TLU\" -DNO_AFFINITY -I../.. -UDOUBLE  -DCOMPLEX -DCOMPLEX -UDOUBLE -DLOWER -DTRANSA=2 -DUNIT tbmv_thread.c -o ctbmv_thread_TLU.o
cc -c -O2 -DMAX_STACK_ALLOC=2048 -Wall -m64 -DF_INTERFACE_GFORT -fPIC -DNO_LAPACK -DNO_LAPACKE -DSMP_SERVER -DNO_WARMUP -DMAX_CPU_NUMBER=4 -DMAX_PARALLEL_NUMBER=1 -DBUILD_SINGLE=1 -DBUILD_DOUBLE=1 -DBUILD_COMPLEX=1 -DBUILD_COMPLEX16=1 -DVERSION=\"0.3.17.dev\" -msse3 -mssse3 -msse4.1 -mavx -mavx2 -mavx2 -UASMNAME -UASMFNAME -UNAME -UCNAME -UCHAR_NAME -UCHAR_CNAME -DASMNAME=ctbmv_thread_TLN -DASMFNAME=ctbmv_thread_TLN_ -DNAME=ctbmv_thread_TLN_ -DCNAME=ctbmv_thread_TLN -DCHAR_NAME=\"ctbmv_thread_TLN_\" -DCHAR_CNAME=\"ctbmv_thread_TLN\" -DNO_AFFINITY -I../.. -UDOUBLE  -DCOMPLEX -DCOMPLEX -UDOUBLE -DLOWER -DTRANSA=2 -UUNIT tbmv_thread.c -o ctbmv_thread_TLN.o
cc -c -O2 -DMAX_STACK_ALLOC=2048 -Wall -m64 -DF_INTERFACE_GFORT -fPIC -DNO_LAPACK -DNO_LAPACKE -DSMP_SERVER -DNO_WARMUP -DMAX_CPU_NUMBER=4 -DMAX_PARALLEL_NUMBER=1 -DBUILD_SINGLE=1 -DBUILD_DOUBLE=1 -DBUILD_COMPLEX=1 -DBUILD_COMPLEX16=1 -DVERSION=\"0.3.17.dev\" -msse3 -mssse3 -msse4.1 -mavx -mavx2 -mavx2 -UASMNAME -UASMFNAME -UNAME -UCNAME -UCHAR_NAME -UCHAR_CNAME -DASMNAME=ctbmv_thread_RUU -DASMFNAME=ctbmv_thread_RUU_ -DNAME=ctbmv_thread_RUU_ -DCNAME=ctbmv_thread_RUU -DCHAR_NAME=\"ctbmv_thread_RUU_\" -DCHAR_CNAME=\"ctbmv_thread_RUU\" -DNO_AFFINITY -I../.. -UDOUBLE  -DCOMPLEX -DCOMPLEX -UDOUBLE -ULOWER -DTRANSA=3 -DUNIT tbmv_thread.c -o ctbmv_thread_RUU.o
cc -c -O2 -DMAX_STACK_ALLOC=2048 -Wall -m64 -DF_INTERFACE_GFORT -fPIC -DNO_LAPACK -DNO_LAPACKE -DSMP_SERVER -DNO_WARMUP -DMAX_CPU_NUMBER=4 -DMAX_PARALLEL_NUMBER=1 -DBUILD_SINGLE=1 -DBUILD_DOUBLE=1 -DBUILD_COMPLEX=1 -DBUILD_COMPLEX16=1 -DVERSION=\"0.3.17.dev\" -msse3 -mssse3 -msse4.1 -mavx -mavx2 -mavx2 -UASMNAME -UASMFNAME -UNAME -UCNAME -UCHAR_NAME -UCHAR_CNAME -DASMNAME=ctbmv_thread_RUN -DASMFNAME=ctbmv_thread_RUN_ -DNAME=ctbmv_thread_RUN_ -DCNAME=ctbmv_thread_RUN -DCHAR_NAME=\"ctbmv_thread_RUN_\" -DCHAR_CNAME=\"ctbmv_thread_RUN\" -DNO_AFFINITY -I../.. -UDOUBLE  -DCOMPLEX -DCOMPLEX -UDOUBLE -ULOWER -DTRANSA=3 -UUNIT tbmv_thread.c -o ctbmv_thread_RUN.o
cc -c -O2 -DMAX_STACK_ALLOC=2048 -Wall -m64 -DF_INTERFACE_GFORT -fPIC -DNO_LAPACK -DNO_LAPACKE -DSMP_SERVER -DNO_WARMUP -DMAX_CPU_NUMBER=4 -DMAX_PARALLEL_NUMBER=1 -DBUILD_SINGLE=1 -DBUILD_DOUBLE=1 -DBUILD_COMPLEX=1 -DBUILD_COMPLEX16=1 -DVERSION=\"0.3.17.dev\" -msse3 -mssse3 -msse4.1 -mavx -mavx2 -mavx2 -UASMNAME -UASMFNAME -UNAME -UCNAME -UCHAR_NAME -UCHAR_CNAME -DASMNAME=ctbmv_thread_RLU -DASMFNAME=ctbmv_thread_RLU_ -DNAME=ctbmv_thread_RLU_ -DCNAME=ctbmv_thread_RLU -DCHAR_NAME=\"ctbmv_thread_RLU_\" -DCHAR_CNAME=\"ctbmv_thread_RLU\" -DNO_AFFINITY -I../.. -UDOUBLE  -DCOMPLEX -DCOMPLEX -UDOUBLE -DLOWER -DTRANSA=3 -DUNIT tbmv_thread.c -o ctbmv_thread_RLU.o
cc -c -O2 -DMAX_STACK_ALLOC=2048 -Wall -m64 -DF_INTERFACE_GFORT -fPIC -DNO_LAPACK -DNO_LAPACKE -DSMP_SERVER -DNO_WARMUP -DMAX_CPU_NUMBER=4 -DMAX_PARALLEL_NUMBER=1 -DBUILD_SINGLE=1 -DBUILD_DOUBLE=1 -DBUILD_COMPLEX=1 -DBUILD_COMPLEX16=1 -DVERSION=\"0.3.17.dev\" -msse3 -mssse3 -msse4.1 -mavx -mavx2 -mavx2 -UASMNAME -UASMFNAME -UNAME -UCNAME -UCHAR_NAME -UCHAR_CNAME -DASMNAME=ctbmv_thread_RLN -DASMFNAME=ctbmv_thread_RLN_ -DNAME=ctbmv_thread_RLN_ -DCNAME=ctbmv_thread_RLN -DCHAR_NAME=\"ctbmv_thread_RLN_\" -DCHAR_CNAME=\"ctbmv_thread_RLN\" -DNO_AFFINITY -I../.. -UDOUBLE  -DCOMPLEX -DCOMPLEX -UDOUBLE -DLOWER -DTRANSA=3 -UUNIT tbmv_thread.c -o ctbmv_thread_RLN.o
cc -c -O2 -DMAX_STACK_ALLOC=2048 -Wall -m64 -DF_INTERFACE_GFORT -fPIC -DNO_LAPACK -DNO_LAPACKE -DSMP_SERVER -DNO_WARMUP -DMAX_CPU_NUMBER=4 -DMAX_PARALLEL_NUMBER=1 -DBUILD_SINGLE=1 -DBUILD_DOUBLE=1 -DBUILD_COMPLEX=1 -DBUILD_COMPLEX16=1 -DVERSION=\"0.3.17.dev\" -msse3 -mssse3 -msse4.1 -mavx -mavx2 -mavx2 -UASMNAME -UASMFNAME -UNAME -UCNAME -UCHAR_NAME -UCHAR_CNAME -DASMNAME=ctbmv_thread_CUU -DASMFNAME=ctbmv_thread_CUU_ -DNAME=ctbmv_thread_CUU_ -DCNAME=ctbmv_thread_CUU -DCHAR_NAME=\"ctbmv_thread_CUU_\" -DCHAR_CNAME=\"ctbmv_thread_CUU\" -DNO_AFFINITY -I../.. -UDOUBLE  -DCOMPLEX -DCOMPLEX -UDOUBLE -ULOWER -DTRANSA=4 -DUNIT tbmv_thread.c -o ctbmv_thread_CUU.o
cc -c -O2 -DMAX_STACK_ALLOC=2048 -Wall -m64 -DF_INTERFACE_GFORT -fPIC -DNO_LAPACK -DNO_LAPACKE -DSMP_SERVER -DNO_WARMUP -DMAX_CPU_NUMBER=4 -DMAX_PARALLEL_NUMBER=1 -DBUILD_SINGLE=1 -DBUILD_DOUBLE=1 -DBUILD_COMPLEX=1 -DBUILD_COMPLEX16=1 -DVERSION=\"0.3.17.dev\" -msse3 -mssse3 -msse4.1 -mavx -mavx2 -mavx2 -UASMNAME -UASMFNAME -UNAME -UCNAME -UCHAR_NAME -UCHAR_CNAME -DASMNAME=ctbmv_thread_CUN -DASMFNAME=ctbmv_thread_CUN_ -DNAME=ctbmv_thread_CUN_ -DCNAME=ctbmv_thread_CUN -DCHAR_NAME=\"ctbmv_thread_CUN_\" -DCHAR_CNAME=\"ctbmv_thread_CUN\" -DNO_AFFINITY -I../.. -UDOUBLE  -DCOMPLEX -DCOMPLEX -UDOUBLE -ULOWER -DTRANSA=4 -UUNIT tbmv_thread.c -o ctbmv_thread_CUN.o
cc -c -O2 -DMAX_STACK_ALLOC=2048 -Wall -m64 -DF_INTERFACE_GFORT -fPIC -DNO_LAPACK -DNO_LAPACKE -DSMP_SERVER -DNO_WARMUP -DMAX_CPU_NUMBER=4 -DMAX_PARALLEL_NUMBER=1 -DBUILD_SINGLE=1 -DBUILD_DOUBLE=1 -DBUILD_COMPLEX=1 -DBUILD_COMPLEX16=1 -DVERSION=\"0.3.17.dev\" -msse3 -mssse3 -msse4.1 -mavx -mavx2 -mavx2 -UASMNAME -UASMFNAME -UNAME -UCNAME -UCHAR_NAME -UCHAR_CNAME -DASMNAME=ctbmv_thread_CLU -DASMFNAME=ctbmv_thread_CLU_ -DNAME=ctbmv_thread_CLU_ -DCNAME=ctbmv_thread_CLU -DCHAR_NAME=\"ctbmv_thread_CLU_\" -DCHAR_CNAME=\"ctbmv_thread_CLU\" -DNO_AFFINITY -I../.. -UDOUBLE  -DCOMPLEX -DCOMPLEX -UDOUBLE -DLOWER -DTRANSA=4 -DUNIT tbmv_thread.c -o ctbmv_thread_CLU.o
cc -c -O2 -DMAX_STACK_ALLOC=2048 -Wall -m64 -DF_INTERFACE_GFORT -fPIC -DNO_LAPACK -DNO_LAPACKE -DSMP_SERVER -DNO_WARMUP -DMAX_CPU_NUMBER=4 -DMAX_PARALLEL_NUMBER=1 -DBUILD_SINGLE=1 -DBUILD_DOUBLE=1 -DBUILD_COMPLEX=1 -DBUILD_COMPLEX16=1 -DVERSION=\"0.3.17.dev\" -msse3 -mssse3 -msse4.1 -mavx -mavx2 -mavx2 -UASMNAME -UASMFNAME -UNAME -UCNAME -UCHAR_NAME -UCHAR_CNAME -DASMNAME=ctbmv_thread_CLN -DASMFNAME=ctbmv_thread_CLN_ -DNAME=ctbmv_thread_CLN_ -DCNAME=ctbmv_thread_CLN -DCHAR_NAME=\"ctbmv_thread_CLN_\" -DCHAR_CNAME=\"ctbmv_thread_CLN\" -DNO_AFFINITY -I../.. -UDOUBLE  -DCOMPLEX -DCOMPLEX -UDOUBLE -DLOWER -DTRANSA=4 -UUNIT tbmv_thread.c -o ctbmv_thread_CLN.o
cc -c -DCOMPLEX -DDOUBLE -UTRANS -UCONJ -UXCONJ -O2 -DMAX_STACK_ALLOC=2048 -Wall -m64 -DF_INTERFACE_GFORT -fPIC -DNO_LAPACK -DNO_LAPACKE -DSMP_SERVER -DNO_WARMUP -DMAX_CPU_NUMBER=4 -DMAX_PARALLEL_NUMBER=1 -DBUILD_SINGLE=1 -DBUILD_DOUBLE=1 -DBUILD_COMPLEX=1 -DBUILD_COMPLEX16=1 -DVERSION=\"0.3.17.dev\" -msse3 -mssse3 -msse4.1 -mavx -mavx2 -mavx2 -UASMNAME -UASMFNAME -UNAME -UCNAME -UCHAR_NAME -UCHAR_CNAME -DASMNAME=zgbmv_n -DASMFNAME=zgbmv_n_ -DNAME=zgbmv_n_ -DCNAME=zgbmv_n -DCHAR_NAME=\"zgbmv_n_\" -DCHAR_CNAME=\"zgbmv_n\" -DNO_AFFINITY -I../.. -DDOUBLE  -DCOMPLEX -o zgbmv_n.o zgbmv_k.c
cc -c -DCOMPLEX -DDOUBLE -DTRANS -UCONJ -UXCONJ -O2 -DMAX_STACK_ALLOC=2048 -Wall -m64 -DF_INTERFACE_GFORT -fPIC -DNO_LAPACK -DNO_LAPACKE -DSMP_SERVER -DNO_WARMUP -DMAX_CPU_NUMBER=4 -DMAX_PARALLEL_NUMBER=1 -DBUILD_SINGLE=1 -DBUILD_DOUBLE=1 -DBUILD_COMPLEX=1 -DBUILD_COMPLEX16=1 -DVERSION=\"0.3.17.dev\" -msse3 -mssse3 -msse4.1 -mavx -mavx2 -mavx2 -UASMNAME -UASMFNAME -UNAME -UCNAME -UCHAR_NAME -UCHAR_CNAME -DASMNAME=zgbmv_t -DASMFNAME=zgbmv_t_ -DNAME=zgbmv_t_ -DCNAME=zgbmv_t -DCHAR_NAME=\"zgbmv_t_\" -DCHAR_CNAME=\"zgbmv_t\" -DNO_AFFINITY -I../.. -DDOUBLE  -DCOMPLEX -o zgbmv_t.o zgbmv_k.c
cc -c -DCOMPLEX -DDOUBLE -UTRANS -DCONJ -UXCONJ -O2 -DMAX_STACK_ALLOC=2048 -Wall -m64 -DF_INTERFACE_GFORT -fPIC -DNO_LAPACK -DNO_LAPACKE -DSMP_SERVER -DNO_WARMUP -DMAX_CPU_NUMBER=4 -DMAX_PARALLEL_NUMBER=1 -DBUILD_SINGLE=1 -DBUILD_DOUBLE=1 -DBUILD_COMPLEX=1 -DBUILD_COMPLEX16=1 -DVERSION=\"0.3.17.dev\" -msse3 -mssse3 -msse4.1 -mavx -mavx2 -mavx2 -UASMNAME -UASMFNAME -UNAME -UCNAME -UCHAR_NAME -UCHAR_CNAME -DASMNAME=zgbmv_r -DASMFNAME=zgbmv_r_ -DNAME=zgbmv_r_ -DCNAME=zgbmv_r -DCHAR_NAME=\"zgbmv_r_\" -DCHAR_CNAME=\"zgbmv_r\" -DNO_AFFINITY -I../.. -DDOUBLE  -DCOMPLEX -o zgbmv_r.o zgbmv_k.c
cc -c -DCOMPLEX -DDOUBLE -DTRANS -DCONJ -UXCONJ -O2 -DMAX_STACK_ALLOC=2048 -Wall -m64 -DF_INTERFACE_GFORT -fPIC -DNO_LAPACK -DNO_LAPACKE -DSMP_SERVER -DNO_WARMUP -DMAX_CPU_NUMBER=4 -DMAX_PARALLEL_NUMBER=1 -DBUILD_SINGLE=1 -DBUILD_DOUBLE=1 -DBUILD_COMPLEX=1 -DBUILD_COMPLEX16=1 -DVERSION=\"0.3.17.dev\" -msse3 -mssse3 -msse4.1 -mavx -mavx2 -mavx2 -UASMNAME -UASMFNAME -UNAME -UCNAME -UCHAR_NAME -UCHAR_CNAME -DASMNAME=zgbmv_c -DASMFNAME=zgbmv_c_ -DNAME=zgbmv_c_ -DCNAME=zgbmv_c -DCHAR_NAME=\"zgbmv_c_\" -DCHAR_CNAME=\"zgbmv_c\" -DNO_AFFINITY -I../.. -DDOUBLE  -DCOMPLEX -o zgbmv_c.o zgbmv_k.c
cc -c -DCOMPLEX -DDOUBLE -UTRANS -UCONJ -DXCONJ -O2 -DMAX_STACK_ALLOC=2048 -Wall -m64 -DF_INTERFACE_GFORT -fPIC -DNO_LAPACK -DNO_LAPACKE -DSMP_SERVER -DNO_WARMUP -DMAX_CPU_NUMBER=4 -DMAX_PARALLEL_NUMBER=1 -DBUILD_SINGLE=1 -DBUILD_DOUBLE=1 -DBUILD_COMPLEX=1 -DBUILD_COMPLEX16=1 -DVERSION=\"0.3.17.dev\" -msse3 -mssse3 -msse4.1 -mavx -mavx2 -mavx2 -UASMNAME -UASMFNAME -UNAME -UCNAME -UCHAR_NAME -UCHAR_CNAME -DASMNAME=zgbmv_o -DASMFNAME=zgbmv_o_ -DNAME=zgbmv_o_ -DCNAME=zgbmv_o -DCHAR_NAME=\"zgbmv_o_\" -DCHAR_CNAME=\"zgbmv_o\" -DNO_AFFINITY -I../.. -DDOUBLE  -DCOMPLEX -o zgbmv_o.o zgbmv_k.c
cc -c -DCOMPLEX -DDOUBLE -DTRANS -UCONJ -DXCONJ -O2 -DMAX_STACK_ALLOC=2048 -Wall -m64 -DF_INTERFACE_GFORT -fPIC -DNO_LAPACK -DNO_LAPACKE -DSMP_SERVER -DNO_WARMUP -DMAX_CPU_NUMBER=4 -DMAX_PARALLEL_NUMBER=1 -DBUILD_SINGLE=1 -DBUILD_DOUBLE=1 -DBUILD_COMPLEX=1 -DBUILD_COMPLEX16=1 -DVERSION=\"0.3.17.dev\" -msse3 -mssse3 -msse4.1 -mavx -mavx2 -mavx2 -UASMNAME -UASMFNAME -UNAME -UCNAME -UCHAR_NAME -UCHAR_CNAME -DASMNAME=zgbmv_u -DASMFNAME=zgbmv_u_ -DNAME=zgbmv_u_ -DCNAME=zgbmv_u -DCHAR_NAME=\"zgbmv_u_\" -DCHAR_CNAME=\"zgbmv_u\" -DNO_AFFINITY -I../.. -DDOUBLE  -DCOMPLEX -o zgbmv_u.o zgbmv_k.c
cc -c -DCOMPLEX -DDOUBLE -UTRANS -DCONJ -DXCONJ -O2 -DMAX_STACK_ALLOC=2048 -Wall -m64 -DF_INTERFACE_GFORT -fPIC -DNO_LAPACK -DNO_LAPACKE -DSMP_SERVER -DNO_WARMUP -DMAX_CPU_NUMBER=4 -DMAX_PARALLEL_NUMBER=1 -DBUILD_SINGLE=1 -DBUILD_DOUBLE=1 -DBUILD_COMPLEX=1 -DBUILD_COMPLEX16=1 -DVERSION=\"0.3.17.dev\" -msse3 -mssse3 -msse4.1 -mavx -mavx2 -mavx2 -UASMNAME -UASMFNAME -UNAME -UCNAME -UCHAR_NAME -UCHAR_CNAME -DASMNAME=zgbmv_s -DASMFNAME=zgbmv_s_ -DNAME=zgbmv_s_ -DCNAME=zgbmv_s -DCHAR_NAME=\"zgbmv_s_\" -DCHAR_CNAME=\"zgbmv_s\" -DNO_AFFINITY -I../.. -DDOUBLE  -DCOMPLEX -o zgbmv_s.o zgbmv_k.c
cc -c -DCOMPLEX -DDOUBLE -DTRANS -DCONJ -DXCONJ -O2 -DMAX_STACK_ALLOC=2048 -Wall -m64 -DF_INTERFACE_GFORT -fPIC -DNO_LAPACK -DNO_LAPACKE -DSMP_SERVER -DNO_WARMUP -DMAX_CPU_NUMBER=4 -DMAX_PARALLEL_NUMBER=1 -DBUILD_SINGLE=1 -DBUILD_DOUBLE=1 -DBUILD_COMPLEX=1 -DBUILD_COMPLEX16=1 -DVERSION=\"0.3.17.dev\" -msse3 -mssse3 -msse4.1 -mavx -mavx2 -mavx2 -UASMNAME -UASMFNAME -UNAME -UCNAME -UCHAR_NAME -UCHAR_CNAME -DASMNAME=zgbmv_d -DASMFNAME=zgbmv_d_ -DNAME=zgbmv_d_ -DCNAME=zgbmv_d -DCHAR_NAME=\"zgbmv_d_\" -DCHAR_CNAME=\"zgbmv_d\" -DNO_AFFINITY -I../.. -DDOUBLE  -DCOMPLEX -o zgbmv_d.o zgbmv_k.c
cc -c -O2 -DMAX_STACK_ALLOC=2048 -Wall -m64 -DF_INTERFACE_GFORT -fPIC -DNO_LAPACK -DNO_LAPACKE -DSMP_SERVER -DNO_WARMUP -DMAX_CPU_NUMBER=4 -DMAX_PARALLEL_NUMBER=1 -DBUILD_SINGLE=1 -DBUILD_DOUBLE=1 -DBUILD_COMPLEX=1 -DBUILD_COMPLEX16=1 -DVERSION=\"0.3.17.dev\" -msse3 -mssse3 -msse4.1 -mavx -mavx2 -mavx2 -UASMNAME -UASMFNAME -UNAME -UCNAME -UCHAR_NAME -UCHAR_CNAME -DASMNAME=zhbmv_U -DASMFNAME=zhbmv_U_ -DNAME=zhbmv_U_ -DCNAME=zhbmv_U -DCHAR_NAME=\"zhbmv_U_\" -DCHAR_CNAME=\"zhbmv_U\" -DNO_AFFINITY -I../.. -DDOUBLE  -DCOMPLEX -DCOMPLEX -DDOUBLE -ULOWER zhbmv_k.c -o zhbmv_U.o
cc -c -O2 -DMAX_STACK_ALLOC=2048 -Wall -m64 -DF_INTERFACE_GFORT -fPIC -DNO_LAPACK -DNO_LAPACKE -DSMP_SERVER -DNO_WARMUP -DMAX_CPU_NUMBER=4 -DMAX_PARALLEL_NUMBER=1 -DBUILD_SINGLE=1 -DBUILD_DOUBLE=1 -DBUILD_COMPLEX=1 -DBUILD_COMPLEX16=1 -DVERSION=\"0.3.17.dev\" -msse3 -mssse3 -msse4.1 -mavx -mavx2 -mavx2 -UASMNAME -UASMFNAME -UNAME -UCNAME -UCHAR_NAME -UCHAR_CNAME -DASMNAME=zhbmv_L -DASMFNAME=zhbmv_L_ -DNAME=zhbmv_L_ -DCNAME=zhbmv_L -DCHAR_NAME=\"zhbmv_L_\" -DCHAR_CNAME=\"zhbmv_L\" -DNO_AFFINITY -I../.. -DDOUBLE  -DCOMPLEX -DCOMPLEX -DDOUBLE -DLOWER zhbmv_k.c -o zhbmv_L.o
cc -c -O2 -DMAX_STACK_ALLOC=2048 -Wall -m64 -DF_INTERFACE_GFORT -fPIC -DNO_LAPACK -DNO_LAPACKE -DSMP_SERVER -DNO_WARMUP -DMAX_CPU_NUMBER=4 -DMAX_PARALLEL_NUMBER=1 -DBUILD_SINGLE=1 -DBUILD_DOUBLE=1 -DBUILD_COMPLEX=1 -DBUILD_COMPLEX16=1 -DVERSION=\"0.3.17.dev\" -msse3 -mssse3 -msse4.1 -mavx -mavx2 -mavx2 -UASMNAME -UASMFNAME -UNAME -UCNAME -UCHAR_NAME -UCHAR_CNAME -DASMNAME=zhbmv_V -DASMFNAME=zhbmv_V_ -DNAME=zhbmv_V_ -DCNAME=zhbmv_V -DCHAR_NAME=\"zhbmv_V_\" -DCHAR_CNAME=\"zhbmv_V\" -DNO_AFFINITY -I../.. -DDOUBLE  -DCOMPLEX -DCOMPLEX -DDOUBLE -ULOWER -DHEMVREV zhbmv_k.c -o zhbmv_V.o
cc -c -O2 -DMAX_STACK_ALLOC=2048 -Wall -m64 -DF_INTERFACE_GFORT -fPIC -DNO_LAPACK -DNO_LAPACKE -DSMP_SERVER -DNO_WARMUP -DMAX_CPU_NUMBER=4 -DMAX_PARALLEL_NUMBER=1 -DBUILD_SINGLE=1 -DBUILD_DOUBLE=1 -DBUILD_COMPLEX=1 -DBUILD_COMPLEX16=1 -DVERSION=\"0.3.17.dev\" -msse3 -mssse3 -msse4.1 -mavx -mavx2 -mavx2 -UASMNAME -UASMFNAME -UNAME -UCNAME -UCHAR_NAME -UCHAR_CNAME -DASMNAME=zhbmv_M -DASMFNAME=zhbmv_M_ -DNAME=zhbmv_M_ -DCNAME=zhbmv_M -DCHAR_NAME=\"zhbmv_M_\" -DCHAR_CNAME=\"zhbmv_M\" -DNO_AFFINITY -I../.. -DDOUBLE  -DCOMPLEX -DCOMPLEX -DDOUBLE -DLOWER -DHEMVREV zhbmv_k.c -o zhbmv_M.o
cc -c -O2 -DMAX_STACK_ALLOC=2048 -Wall -m64 -DF_INTERFACE_GFORT -fPIC -DNO_LAPACK -DNO_LAPACKE -DSMP_SERVER -DNO_WARMUP -DMAX_CPU_NUMBER=4 -DMAX_PARALLEL_NUMBER=1 -DBUILD_SINGLE=1 -DBUILD_DOUBLE=1 -DBUILD_COMPLEX=1 -DBUILD_COMPLEX16=1 -DVERSION=\"0.3.17.dev\" -msse3 -mssse3 -msse4.1 -mavx -mavx2 -mavx2 -UASMNAME -UASMFNAME -UNAME -UCNAME -UCHAR_NAME -UCHAR_CNAME -DASMNAME=zher_U -DASMFNAME=zher_U_ -DNAME=zher_U_ -DCNAME=zher_U -DCHAR_NAME=\"zher_U_\" -DCHAR_CNAME=\"zher_U\" -DNO_AFFINITY -I../.. -DDOUBLE  -DCOMPLEX -DDOUBLE -ULOWER zher_k.c -o zher_U.o
cc -c -O2 -DMAX_STACK_ALLOC=2048 -Wall -m64 -DF_INTERFACE_GFORT -fPIC -DNO_LAPACK -DNO_LAPACKE -DSMP_SERVER -DNO_WARMUP -DMAX_CPU_NUMBER=4 -DMAX_PARALLEL_NUMBER=1 -DBUILD_SINGLE=1 -DBUILD_DOUBLE=1 -DBUILD_COMPLEX=1 -DBUILD_COMPLEX16=1 -DVERSION=\"0.3.17.dev\" -msse3 -mssse3 -msse4.1 -mavx -mavx2 -mavx2 -UASMNAME -UASMFNAME -UNAME -UCNAME -UCHAR_NAME -UCHAR_CNAME -DASMNAME=zher_L -DASMFNAME=zher_L_ -DNAME=zher_L_ -DCNAME=zher_L -DCHAR_NAME=\"zher_L_\" -DCHAR_CNAME=\"zher_L\" -DNO_AFFINITY -I../.. -DDOUBLE  -DCOMPLEX -DDOUBLE -DLOWER zher_k.c -o zher_L.o
cc -c -O2 -DMAX_STACK_ALLOC=2048 -Wall -m64 -DF_INTERFACE_GFORT -fPIC -DNO_LAPACK -DNO_LAPACKE -DSMP_SERVER -DNO_WARMUP -DMAX_CPU_NUMBER=4 -DMAX_PARALLEL_NUMBER=1 -DBUILD_SINGLE=1 -DBUILD_DOUBLE=1 -DBUILD_COMPLEX=1 -DBUILD_COMPLEX16=1 -DVERSION=\"0.3.17.dev\" -msse3 -mssse3 -msse4.1 -mavx -mavx2 -mavx2 -UASMNAME -UASMFNAME -UNAME -UCNAME -UCHAR_NAME -UCHAR_CNAME -DASMNAME=zher_V -DASMFNAME=zher_V_ -DNAME=zher_V_ -DCNAME=zher_V -DCHAR_NAME=\"zher_V_\" -DCHAR_CNAME=\"zher_V\" -DNO_AFFINITY -I../.. -DDOUBLE  -DCOMPLEX -DDOUBLE -ULOWER -DHEMVREV zher_k.c -o zher_V.o
cc -c -O2 -DMAX_STACK_ALLOC=2048 -Wall -m64 -DF_INTERFACE_GFORT -fPIC -DNO_LAPACK -DNO_LAPACKE -DSMP_SERVER -DNO_WARMUP -DMAX_CPU_NUMBER=4 -DMAX_PARALLEL_NUMBER=1 -DBUILD_SINGLE=1 -DBUILD_DOUBLE=1 -DBUILD_COMPLEX=1 -DBUILD_COMPLEX16=1 -DVERSION=\"0.3.17.dev\" -msse3 -mssse3 -msse4.1 -mavx -mavx2 -mavx2 -UASMNAME -UASMFNAME -UNAME -UCNAME -UCHAR_NAME -UCHAR_CNAME -DASMNAME=zher_M -DASMFNAME=zher_M_ -DNAME=zher_M_ -DCNAME=zher_M -DCHAR_NAME=\"zher_M_\" -DCHAR_CNAME=\"zher_M\" -DNO_AFFINITY -I../.. -DDOUBLE  -DCOMPLEX -DDOUBLE -DLOWER -DHEMVREV zher_k.c -o zher_M.o
cc -c -O2 -DMAX_STACK_ALLOC=2048 -Wall -m64 -DF_INTERFACE_GFORT -fPIC -DNO_LAPACK -DNO_LAPACKE -DSMP_SERVER -DNO_WARMUP -DMAX_CPU_NUMBER=4 -DMAX_PARALLEL_NUMBER=1 -DBUILD_SINGLE=1 -DBUILD_DOUBLE=1 -DBUILD_COMPLEX=1 -DBUILD_COMPLEX16=1 -DVERSION=\"0.3.17.dev\" -msse3 -mssse3 -msse4.1 -mavx -mavx2 -mavx2 -UASMNAME -UASMFNAME -UNAME -UCNAME -UCHAR_NAME -UCHAR_CNAME -DASMNAME=zher2_U -DASMFNAME=zher2_U_ -DNAME=zher2_U_ -DCNAME=zher2_U -DCHAR_NAME=\"zher2_U_\" -DCHAR_CNAME=\"zher2_U\" -DNO_AFFINITY -I../.. -DDOUBLE  -DCOMPLEX -DDOUBLE -DCOMPLEX -ULOWER zher2_k.c -o zher2_U.o
cc -c -O2 -DMAX_STACK_ALLOC=2048 -Wall -m64 -DF_INTERFACE_GFORT -fPIC -DNO_LAPACK -DNO_LAPACKE -DSMP_SERVER -DNO_WARMUP -DMAX_CPU_NUMBER=4 -DMAX_PARALLEL_NUMBER=1 -DBUILD_SINGLE=1 -DBUILD_DOUBLE=1 -DBUILD_COMPLEX=1 -DBUILD_COMPLEX16=1 -DVERSION=\"0.3.17.dev\" -msse3 -mssse3 -msse4.1 -mavx -mavx2 -mavx2 -UASMNAME -UASMFNAME -UNAME -UCNAME -UCHAR_NAME -UCHAR_CNAME -DASMNAME=zher2_L -DASMFNAME=zher2_L_ -DNAME=zher2_L_ -DCNAME=zher2_L -DCHAR_NAME=\"zher2_L_\" -DCHAR_CNAME=\"zher2_L\" -DNO_AFFINITY -I../.. -DDOUBLE  -DCOMPLEX -DDOUBLE -DCOMPLEX -DLOWER zher2_k.c -o zher2_L.o
cc -c -O2 -DMAX_STACK_ALLOC=2048 -Wall -m64 -DF_INTERFACE_GFORT -fPIC -DNO_LAPACK -DNO_LAPACKE -DSMP_SERVER -DNO_WARMUP -DMAX_CPU_NUMBER=4 -DMAX_PARALLEL_NUMBER=1 -DBUILD_SINGLE=1 -DBUILD_DOUBLE=1 -DBUILD_COMPLEX=1 -DBUILD_COMPLEX16=1 -DVERSION=\"0.3.17.dev\" -msse3 -mssse3 -msse4.1 -mavx -mavx2 -mavx2 -UASMNAME -UASMFNAME -UNAME -UCNAME -UCHAR_NAME -UCHAR_CNAME -DASMNAME=zher2_V -DASMFNAME=zher2_V_ -DNAME=zher2_V_ -DCNAME=zher2_V -DCHAR_NAME=\"zher2_V_\" -DCHAR_CNAME=\"zher2_V\" -DNO_AFFINITY -I../.. -DDOUBLE  -DCOMPLEX -DDOUBLE -DCOMPLEX -ULOWER -DHEMVREV zher2_k.c -o zher2_V.o
cc -c -O2 -DMAX_STACK_ALLOC=2048 -Wall -m64 -DF_INTERFACE_GFORT -fPIC -DNO_LAPACK -DNO_LAPACKE -DSMP_SERVER -DNO_WARMUP -DMAX_CPU_NUMBER=4 -DMAX_PARALLEL_NUMBER=1 -DBUILD_SINGLE=1 -DBUILD_DOUBLE=1 -DBUILD_COMPLEX=1 -DBUILD_COMPLEX16=1 -DVERSION=\"0.3.17.dev\" -msse3 -mssse3 -msse4.1 -mavx -mavx2 -mavx2 -UASMNAME -UASMFNAME -UNAME -UCNAME -UCHAR_NAME -UCHAR_CNAME -DASMNAME=zher2_M -DASMFNAME=zher2_M_ -DNAME=zher2_M_ -DCNAME=zher2_M -DCHAR_NAME=\"zher2_M_\" -DCHAR_CNAME=\"zher2_M\" -DNO_AFFINITY -I../.. -DDOUBLE  -DCOMPLEX -DDOUBLE -DCOMPLEX -DLOWER -DHEMVREV zher2_k.c -o zher2_M.o
cc -c -O2 -DMAX_STACK_ALLOC=2048 -Wall -m64 -DF_INTERFACE_GFORT -fPIC -DNO_LAPACK -DNO_LAPACKE -DSMP_SERVER -DNO_WARMUP -DMAX_CPU_NUMBER=4 -DMAX_PARALLEL_NUMBER=1 -DBUILD_SINGLE=1 -DBUILD_DOUBLE=1 -DBUILD_COMPLEX=1 -DBUILD_COMPLEX16=1 -DVERSION=\"0.3.17.dev\" -msse3 -mssse3 -msse4.1 -mavx -mavx2 -mavx2 -UASMNAME -UASMFNAME -UNAME -UCNAME -UCHAR_NAME -UCHAR_CNAME -DASMNAME=zhpmv_U -DASMFNAME=zhpmv_U_ -DNAME=zhpmv_U_ -DCNAME=zhpmv_U -DCHAR_NAME=\"zhpmv_U_\" -DCHAR_CNAME=\"zhpmv_U\" -DNO_AFFINITY -I../.. -DDOUBLE  -DCOMPLEX -DCOMPLEX -DDOUBLE -ULOWER zhpmv_k.c -o zhpmv_U.o
cc -c -O2 -DMAX_STACK_ALLOC=2048 -Wall -m64 -DF_INTERFACE_GFORT -fPIC -DNO_LAPACK -DNO_LAPACKE -DSMP_SERVER -DNO_WARMUP -DMAX_CPU_NUMBER=4 -DMAX_PARALLEL_NUMBER=1 -DBUILD_SINGLE=1 -DBUILD_DOUBLE=1 -DBUILD_COMPLEX=1 -DBUILD_COMPLEX16=1 -DVERSION=\"0.3.17.dev\" -msse3 -mssse3 -msse4.1 -mavx -mavx2 -mavx2 -UASMNAME -UASMFNAME -UNAME -UCNAME -UCHAR_NAME -UCHAR_CNAME -DASMNAME=zhpmv_L -DASMFNAME=zhpmv_L_ -DNAME=zhpmv_L_ -DCNAME=zhpmv_L -DCHAR_NAME=\"zhpmv_L_\" -DCHAR_CNAME=\"zhpmv_L\" -DNO_AFFINITY -I../.. -DDOUBLE  -DCOMPLEX -DCOMPLEX -DDOUBLE -DLOWER zhpmv_k.c -o zhpmv_L.o
cc -c -O2 -DMAX_STACK_ALLOC=2048 -Wall -m64 -DF_INTERFACE_GFORT -fPIC -DNO_LAPACK -DNO_LAPACKE -DSMP_SERVER -DNO_WARMUP -DMAX_CPU_NUMBER=4 -DMAX_PARALLEL_NUMBER=1 -DBUILD_SINGLE=1 -DBUILD_DOUBLE=1 -DBUILD_COMPLEX=1 -DBUILD_COMPLEX16=1 -DVERSION=\"0.3.17.dev\" -msse3 -mssse3 -msse4.1 -mavx -mavx2 -mavx2 -UASMNAME -UASMFNAME -UNAME -UCNAME -UCHAR_NAME -UCHAR_CNAME -DASMNAME=zhpmv_V -DASMFNAME=zhpmv_V_ -DNAME=zhpmv_V_ -DCNAME=zhpmv_V -DCHAR_NAME=\"zhpmv_V_\" -DCHAR_CNAME=\"zhpmv_V\" -DNO_AFFINITY -I../.. -DDOUBLE  -DCOMPLEX -DCOMPLEX -DDOUBLE -ULOWER -DHEMVREV zhpmv_k.c -o zhpmv_V.o
cc -c -O2 -DMAX_STACK_ALLOC=2048 -Wall -m64 -DF_INTERFACE_GFORT -fPIC -DNO_LAPACK -DNO_LAPACKE -DSMP_SERVER -DNO_WARMUP -DMAX_CPU_NUMBER=4 -DMAX_PARALLEL_NUMBER=1 -DBUILD_SINGLE=1 -DBUILD_DOUBLE=1 -DBUILD_COMPLEX=1 -DBUILD_COMPLEX16=1 -DVERSION=\"0.3.17.dev\" -msse3 -mssse3 -msse4.1 -mavx -mavx2 -mavx2 -UASMNAME -UASMFNAME -UNAME -UCNAME -UCHAR_NAME -UCHAR_CNAME -DASMNAME=zhpmv_M -DASMFNAME=zhpmv_M_ -DNAME=zhpmv_M_ -DCNAME=zhpmv_M -DCHAR_NAME=\"zhpmv_M_\" -DCHAR_CNAME=\"zhpmv_M\" -DNO_AFFINITY -I../.. -DDOUBLE  -DCOMPLEX -DCOMPLEX -DDOUBLE -DLOWER -DHEMVREV zhpmv_k.c -o zhpmv_M.o
cc -c -O2 -DMAX_STACK_ALLOC=2048 -Wall -m64 -DF_INTERFACE_GFORT -fPIC -DNO_LAPACK -DNO_LAPACKE -DSMP_SERVER -DNO_WARMUP -DMAX_CPU_NUMBER=4 -DMAX_PARALLEL_NUMBER=1 -DBUILD_SINGLE=1 -DBUILD_DOUBLE=1 -DBUILD_COMPLEX=1 -DBUILD_COMPLEX16=1 -DVERSION=\"0.3.17.dev\" -msse3 -mssse3 -msse4.1 -mavx -mavx2 -mavx2 -UASMNAME -UASMFNAME -UNAME -UCNAME -UCHAR_NAME -UCHAR_CNAME -DASMNAME=zhpr_U -DASMFNAME=zhpr_U_ -DNAME=zhpr_U_ -DCNAME=zhpr_U -DCHAR_NAME=\"zhpr_U_\" -DCHAR_CNAME=\"zhpr_U\" -DNO_AFFINITY -I../.. -DDOUBLE  -DCOMPLEX -DDOUBLE -ULOWER zhpr_k.c -o zhpr_U.o
cc -c -O2 -DMAX_STACK_ALLOC=2048 -Wall -m64 -DF_INTERFACE_GFORT -fPIC -DNO_LAPACK -DNO_LAPACKE -DSMP_SERVER -DNO_WARMUP -DMAX_CPU_NUMBER=4 -DMAX_PARALLEL_NUMBER=1 -DBUILD_SINGLE=1 -DBUILD_DOUBLE=1 -DBUILD_COMPLEX=1 -DBUILD_COMPLEX16=1 -DVERSION=\"0.3.17.dev\" -msse3 -mssse3 -msse4.1 -mavx -mavx2 -mavx2 -UASMNAME -UASMFNAME -UNAME -UCNAME -UCHAR_NAME -UCHAR_CNAME -DASMNAME=zhpr_L -DASMFNAME=zhpr_L_ -DNAME=zhpr_L_ -DCNAME=zhpr_L -DCHAR_NAME=\"zhpr_L_\" -DCHAR_CNAME=\"zhpr_L\" -DNO_AFFINITY -I../.. -DDOUBLE  -DCOMPLEX -DDOUBLE -DLOWER zhpr_k.c -o zhpr_L.o
cc -c -O2 -DMAX_STACK_ALLOC=2048 -Wall -m64 -DF_INTERFACE_GFORT -fPIC -DNO_LAPACK -DNO_LAPACKE -DSMP_SERVER -DNO_WARMUP -DMAX_CPU_NUMBER=4 -DMAX_PARALLEL_NUMBER=1 -DBUILD_SINGLE=1 -DBUILD_DOUBLE=1 -DBUILD_COMPLEX=1 -DBUILD_COMPLEX16=1 -DVERSION=\"0.3.17.dev\" -msse3 -mssse3 -msse4.1 -mavx -mavx2 -mavx2 -UASMNAME -UASMFNAME -UNAME -UCNAME -UCHAR_NAME -UCHAR_CNAME -DASMNAME=zhpr_V -DASMFNAME=zhpr_V_ -DNAME=zhpr_V_ -DCNAME=zhpr_V -DCHAR_NAME=\"zhpr_V_\" -DCHAR_CNAME=\"zhpr_V\" -DNO_AFFINITY -I../.. -DDOUBLE  -DCOMPLEX -DDOUBLE -ULOWER -DHEMVREV zhpr_k.c -o zhpr_V.o
cc -c -O2 -DMAX_STACK_ALLOC=2048 -Wall -m64 -DF_INTERFACE_GFORT -fPIC -DNO_LAPACK -DNO_LAPACKE -DSMP_SERVER -DNO_WARMUP -DMAX_CPU_NUMBER=4 -DMAX_PARALLEL_NUMBER=1 -DBUILD_SINGLE=1 -DBUILD_DOUBLE=1 -DBUILD_COMPLEX=1 -DBUILD_COMPLEX16=1 -DVERSION=\"0.3.17.dev\" -msse3 -mssse3 -msse4.1 -mavx -mavx2 -mavx2 -UASMNAME -UASMFNAME -UNAME -UCNAME -UCHAR_NAME -UCHAR_CNAME -DASMNAME=zhpr_M -DASMFNAME=zhpr_M_ -DNAME=zhpr_M_ -DCNAME=zhpr_M -DCHAR_NAME=\"zhpr_M_\" -DCHAR_CNAME=\"zhpr_M\" -DNO_AFFINITY -I../.. -DDOUBLE  -DCOMPLEX -DDOUBLE -DLOWER -DHEMVREV zhpr_k.c -o zhpr_M.o
cc -c -O2 -DMAX_STACK_ALLOC=2048 -Wall -m64 -DF_INTERFACE_GFORT -fPIC -DNO_LAPACK -DNO_LAPACKE -DSMP_SERVER -DNO_WARMUP -DMAX_CPU_NUMBER=4 -DMAX_PARALLEL_NUMBER=1 -DBUILD_SINGLE=1 -DBUILD_DOUBLE=1 -DBUILD_COMPLEX=1 -DBUILD_COMPLEX16=1 -DVERSION=\"0.3.17.dev\" -msse3 -mssse3 -msse4.1 -mavx -mavx2 -mavx2 -UASMNAME -UASMFNAME -UNAME -UCNAME -UCHAR_NAME -UCHAR_CNAME -DASMNAME=zhpr2_U -DASMFNAME=zhpr2_U_ -DNAME=zhpr2_U_ -DCNAME=zhpr2_U -DCHAR_NAME=\"zhpr2_U_\" -DCHAR_CNAME=\"zhpr2_U\" -DNO_AFFINITY -I../.. -DDOUBLE  -DCOMPLEX -DDOUBLE -DCOMPLEX  -ULOWER zhpr2_k.c -o zhpr2_U.o
cc -c -O2 -DMAX_STACK_ALLOC=2048 -Wall -m64 -DF_INTERFACE_GFORT -fPIC -DNO_LAPACK -DNO_LAPACKE -DSMP_SERVER -DNO_WARMUP -DMAX_CPU_NUMBER=4 -DMAX_PARALLEL_NUMBER=1 -DBUILD_SINGLE=1 -DBUILD_DOUBLE=1 -DBUILD_COMPLEX=1 -DBUILD_COMPLEX16=1 -DVERSION=\"0.3.17.dev\" -msse3 -mssse3 -msse4.1 -mavx -mavx2 -mavx2 -UASMNAME -UASMFNAME -UNAME -UCNAME -UCHAR_NAME -UCHAR_CNAME -DASMNAME=zhpr2_L -DASMFNAME=zhpr2_L_ -DNAME=zhpr2_L_ -DCNAME=zhpr2_L -DCHAR_NAME=\"zhpr2_L_\" -DCHAR_CNAME=\"zhpr2_L\" -DNO_AFFINITY -I../.. -DDOUBLE  -DCOMPLEX -DDOUBLE -DCOMPLEX -DLOWER zhpr2_k.c -o zhpr2_L.o
cc -c -O2 -DMAX_STACK_ALLOC=2048 -Wall -m64 -DF_INTERFACE_GFORT -fPIC -DNO_LAPACK -DNO_LAPACKE -DSMP_SERVER -DNO_WARMUP -DMAX_CPU_NUMBER=4 -DMAX_PARALLEL_NUMBER=1 -DBUILD_SINGLE=1 -DBUILD_DOUBLE=1 -DBUILD_COMPLEX=1 -DBUILD_COMPLEX16=1 -DVERSION=\"0.3.17.dev\" -msse3 -mssse3 -msse4.1 -mavx -mavx2 -mavx2 -UASMNAME -UASMFNAME -UNAME -UCNAME -UCHAR_NAME -UCHAR_CNAME -DASMNAME=zhpr2_V -DASMFNAME=zhpr2_V_ -DNAME=zhpr2_V_ -DCNAME=zhpr2_V -DCHAR_NAME=\"zhpr2_V_\" -DCHAR_CNAME=\"zhpr2_V\" -DNO_AFFINITY -I../.. -DDOUBLE  -DCOMPLEX -DDOUBLE -DCOMPLEX -ULOWER -DHEMVREV zhpr2_k.c -o zhpr2_V.o
cc -c -O2 -DMAX_STACK_ALLOC=2048 -Wall -m64 -DF_INTERFACE_GFORT -fPIC -DNO_LAPACK -DNO_LAPACKE -DSMP_SERVER -DNO_WARMUP -DMAX_CPU_NUMBER=4 -DMAX_PARALLEL_NUMBER=1 -DBUILD_SINGLE=1 -DBUILD_DOUBLE=1 -DBUILD_COMPLEX=1 -DBUILD_COMPLEX16=1 -DVERSION=\"0.3.17.dev\" -msse3 -mssse3 -msse4.1 -mavx -mavx2 -mavx2 -UASMNAME -UASMFNAME -UNAME -UCNAME -UCHAR_NAME -UCHAR_CNAME -DASMNAME=zhpr2_M -DASMFNAME=zhpr2_M_ -DNAME=zhpr2_M_ -DCNAME=zhpr2_M -DCHAR_NAME=\"zhpr2_M_\" -DCHAR_CNAME=\"zhpr2_M\" -DNO_AFFINITY -I../.. -DDOUBLE  -DCOMPLEX -DDOUBLE -DCOMPLEX -DLOWER -DHEMVREV zhpr2_k.c -o zhpr2_M.o
cc -c -O2 -DMAX_STACK_ALLOC=2048 -Wall -m64 -DF_INTERFACE_GFORT -fPIC -DNO_LAPACK -DNO_LAPACKE -DSMP_SERVER -DNO_WARMUP -DMAX_CPU_NUMBER=4 -DMAX_PARALLEL_NUMBER=1 -DBUILD_SINGLE=1 -DBUILD_DOUBLE=1 -DBUILD_COMPLEX=1 -DBUILD_COMPLEX16=1 -DVERSION=\"0.3.17.dev\" -msse3 -mssse3 -msse4.1 -mavx -mavx2 -mavx2 -UASMNAME -UASMFNAME -UNAME -UCNAME -UCHAR_NAME -UCHAR_CNAME -DASMNAME=zsbmv_U -DASMFNAME=zsbmv_U_ -DNAME=zsbmv_U_ -DCNAME=zsbmv_U -DCHAR_NAME=\"zsbmv_U_\" -DCHAR_CNAME=\"zsbmv_U\" -DNO_AFFINITY -I../.. -DDOUBLE  -DCOMPLEX -DCOMPLEX -DDOUBLE -ULOWER zsbmv_k.c -o zsbmv_U.o
cc -c -O2 -DMAX_STACK_ALLOC=2048 -Wall -m64 -DF_INTERFACE_GFORT -fPIC -DNO_LAPACK -DNO_LAPACKE -DSMP_SERVER -DNO_WARMUP -DMAX_CPU_NUMBER=4 -DMAX_PARALLEL_NUMBER=1 -DBUILD_SINGLE=1 -DBUILD_DOUBLE=1 -DBUILD_COMPLEX=1 -DBUILD_COMPLEX16=1 -DVERSION=\"0.3.17.dev\" -msse3 -mssse3 -msse4.1 -mavx -mavx2 -mavx2 -UASMNAME -UASMFNAME -UNAME -UCNAME -UCHAR_NAME -UCHAR_CNAME -DASMNAME=zsbmv_L -DASMFNAME=zsbmv_L_ -DNAME=zsbmv_L_ -DCNAME=zsbmv_L -DCHAR_NAME=\"zsbmv_L_\" -DCHAR_CNAME=\"zsbmv_L\" -DNO_AFFINITY -I../.. -DDOUBLE  -DCOMPLEX -DCOMPLEX -DDOUBLE -DLOWER zsbmv_k.c -o zsbmv_L.o
cc -c -O2 -DMAX_STACK_ALLOC=2048 -Wall -m64 -DF_INTERFACE_GFORT -fPIC -DNO_LAPACK -DNO_LAPACKE -DSMP_SERVER -DNO_WARMUP -DMAX_CPU_NUMBER=4 -DMAX_PARALLEL_NUMBER=1 -DBUILD_SINGLE=1 -DBUILD_DOUBLE=1 -DBUILD_COMPLEX=1 -DBUILD_COMPLEX16=1 -DVERSION=\"0.3.17.dev\" -msse3 -mssse3 -msse4.1 -mavx -mavx2 -mavx2 -UASMNAME -UASMFNAME -UNAME -UCNAME -UCHAR_NAME -UCHAR_CNAME -DASMNAME=zspmv_U -DASMFNAME=zspmv_U_ -DNAME=zspmv_U_ -DCNAME=zspmv_U -DCHAR_NAME=\"zspmv_U_\" -DCHAR_CNAME=\"zspmv_U\" -DNO_AFFINITY -I../.. -DDOUBLE  -DCOMPLEX -DCOMPLEX -DDOUBLE -ULOWER zspmv_k.c -o zspmv_U.o
cc -c -O2 -DMAX_STACK_ALLOC=2048 -Wall -m64 -DF_INTERFACE_GFORT -fPIC -DNO_LAPACK -DNO_LAPACKE -DSMP_SERVER -DNO_WARMUP -DMAX_CPU_NUMBER=4 -DMAX_PARALLEL_NUMBER=1 -DBUILD_SINGLE=1 -DBUILD_DOUBLE=1 -DBUILD_COMPLEX=1 -DBUILD_COMPLEX16=1 -DVERSION=\"0.3.17.dev\" -msse3 -mssse3 -msse4.1 -mavx -mavx2 -mavx2 -UASMNAME -UASMFNAME -UNAME -UCNAME -UCHAR_NAME -UCHAR_CNAME -DASMNAME=zspmv_L -DASMFNAME=zspmv_L_ -DNAME=zspmv_L_ -DCNAME=zspmv_L -DCHAR_NAME=\"zspmv_L_\" -DCHAR_CNAME=\"zspmv_L\" -DNO_AFFINITY -I../.. -DDOUBLE  -DCOMPLEX -DCOMPLEX -DDOUBLE -DLOWER zspmv_k.c -o zspmv_L.o
cc -c -O2 -DMAX_STACK_ALLOC=2048 -Wall -m64 -DF_INTERFACE_GFORT -fPIC -DNO_LAPACK -DNO_LAPACKE -DSMP_SERVER -DNO_WARMUP -DMAX_CPU_NUMBER=4 -DMAX_PARALLEL_NUMBER=1 -DBUILD_SINGLE=1 -DBUILD_DOUBLE=1 -DBUILD_COMPLEX=1 -DBUILD_COMPLEX16=1 -DVERSION=\"0.3.17.dev\" -msse3 -mssse3 -msse4.1 -mavx -mavx2 -mavx2 -UASMNAME -UASMFNAME -UNAME -UCNAME -UCHAR_NAME -UCHAR_CNAME -DASMNAME=zspr_U -DASMFNAME=zspr_U_ -DNAME=zspr_U_ -DCNAME=zspr_U -DCHAR_NAME=\"zspr_U_\" -DCHAR_CNAME=\"zspr_U\" -DNO_AFFINITY -I../.. -DDOUBLE  -DCOMPLEX -DCOMPLEX -DDOUBLE -ULOWER zspr_k.c -o zspr_U.o
cc -c -O2 -DMAX_STACK_ALLOC=2048 -Wall -m64 -DF_INTERFACE_GFORT -fPIC -DNO_LAPACK -DNO_LAPACKE -DSMP_SERVER -DNO_WARMUP -DMAX_CPU_NUMBER=4 -DMAX_PARALLEL_NUMBER=1 -DBUILD_SINGLE=1 -DBUILD_DOUBLE=1 -DBUILD_COMPLEX=1 -DBUILD_COMPLEX16=1 -DVERSION=\"0.3.17.dev\" -msse3 -mssse3 -msse4.1 -mavx -mavx2 -mavx2 -UASMNAME -UASMFNAME -UNAME -UCNAME -UCHAR_NAME -UCHAR_CNAME -DASMNAME=zspr_L -DASMFNAME=zspr_L_ -DNAME=zspr_L_ -DCNAME=zspr_L -DCHAR_NAME=\"zspr_L_\" -DCHAR_CNAME=\"zspr_L\" -DNO_AFFINITY -I../.. -DDOUBLE  -DCOMPLEX -DCOMPLEX -DDOUBLE -DLOWER zspr_k.c -o zspr_L.o
cc -c -O2 -DMAX_STACK_ALLOC=2048 -Wall -m64 -DF_INTERFACE_GFORT -fPIC -DNO_LAPACK -DNO_LAPACKE -DSMP_SERVER -DNO_WARMUP -DMAX_CPU_NUMBER=4 -DMAX_PARALLEL_NUMBER=1 -DBUILD_SINGLE=1 -DBUILD_DOUBLE=1 -DBUILD_COMPLEX=1 -DBUILD_COMPLEX16=1 -DVERSION=\"0.3.17.dev\" -msse3 -mssse3 -msse4.1 -mavx -mavx2 -mavx2 -UASMNAME -UASMFNAME -UNAME -UCNAME -UCHAR_NAME -UCHAR_CNAME -DASMNAME=zspr2_U -DASMFNAME=zspr2_U_ -DNAME=zspr2_U_ -DCNAME=zspr2_U -DCHAR_NAME=\"zspr2_U_\" -DCHAR_CNAME=\"zspr2_U\" -DNO_AFFINITY -I../.. -DDOUBLE  -DCOMPLEX -DCOMPLEX -DDOUBLE -ULOWER zspr2_k.c -o zspr2_U.o
cc -c -O2 -DMAX_STACK_ALLOC=2048 -Wall -m64 -DF_INTERFACE_GFORT -fPIC -DNO_LAPACK -DNO_LAPACKE -DSMP_SERVER -DNO_WARMUP -DMAX_CPU_NUMBER=4 -DMAX_PARALLEL_NUMBER=1 -DBUILD_SINGLE=1 -DBUILD_DOUBLE=1 -DBUILD_COMPLEX=1 -DBUILD_COMPLEX16=1 -DVERSION=\"0.3.17.dev\" -msse3 -mssse3 -msse4.1 -mavx -mavx2 -mavx2 -UASMNAME -UASMFNAME -UNAME -UCNAME -UCHAR_NAME -UCHAR_CNAME -DASMNAME=zspr2_L -DASMFNAME=zspr2_L_ -DNAME=zspr2_L_ -DCNAME=zspr2_L -DCHAR_NAME=\"zspr2_L_\" -DCHAR_CNAME=\"zspr2_L\" -DNO_AFFINITY -I../.. -DDOUBLE  -DCOMPLEX -DCOMPLEX -DDOUBLE -DLOWER zspr2_k.c -o zspr2_L.o
cc -c -O2 -DMAX_STACK_ALLOC=2048 -Wall -m64 -DF_INTERFACE_GFORT -fPIC -DNO_LAPACK -DNO_LAPACKE -DSMP_SERVER -DNO_WARMUP -DMAX_CPU_NUMBER=4 -DMAX_PARALLEL_NUMBER=1 -DBUILD_SINGLE=1 -DBUILD_DOUBLE=1 -DBUILD_COMPLEX=1 -DBUILD_COMPLEX16=1 -DVERSION=\"0.3.17.dev\" -msse3 -mssse3 -msse4.1 -mavx -mavx2 -mavx2 -UASMNAME -UASMFNAME -UNAME -UCNAME -UCHAR_NAME -UCHAR_CNAME -DASMNAME=zsyr_U -DASMFNAME=zsyr_U_ -DNAME=zsyr_U_ -DCNAME=zsyr_U -DCHAR_NAME=\"zsyr_U_\" -DCHAR_CNAME=\"zsyr_U\" -DNO_AFFINITY -I../.. -DDOUBLE  -DCOMPLEX -DCOMPLEX -DDOUBLE -ULOWER zsyr_k.c -o zsyr_U.o
cc -c -O2 -DMAX_STACK_ALLOC=2048 -Wall -m64 -DF_INTERFACE_GFORT -fPIC -DNO_LAPACK -DNO_LAPACKE -DSMP_SERVER -DNO_WARMUP -DMAX_CPU_NUMBER=4 -DMAX_PARALLEL_NUMBER=1 -DBUILD_SINGLE=1 -DBUILD_DOUBLE=1 -DBUILD_COMPLEX=1 -DBUILD_COMPLEX16=1 -DVERSION=\"0.3.17.dev\" -msse3 -mssse3 -msse4.1 -mavx -mavx2 -mavx2 -UASMNAME -UASMFNAME -UNAME -UCNAME -UCHAR_NAME -UCHAR_CNAME -DASMNAME=zsyr_L -DASMFNAME=zsyr_L_ -DNAME=zsyr_L_ -DCNAME=zsyr_L -DCHAR_NAME=\"zsyr_L_\" -DCHAR_CNAME=\"zsyr_L\" -DNO_AFFINITY -I../.. -DDOUBLE  -DCOMPLEX -DCOMPLEX -DDOUBLE -DLOWER zsyr_k.c -o zsyr_L.o
cc -c -O2 -DMAX_STACK_ALLOC=2048 -Wall -m64 -DF_INTERFACE_GFORT -fPIC -DNO_LAPACK -DNO_LAPACKE -DSMP_SERVER -DNO_WARMUP -DMAX_CPU_NUMBER=4 -DMAX_PARALLEL_NUMBER=1 -DBUILD_SINGLE=1 -DBUILD_DOUBLE=1 -DBUILD_COMPLEX=1 -DBUILD_COMPLEX16=1 -DVERSION=\"0.3.17.dev\" -msse3 -mssse3 -msse4.1 -mavx -mavx2 -mavx2 -UASMNAME -UASMFNAME -UNAME -UCNAME -UCHAR_NAME -UCHAR_CNAME -DASMNAME=zsyr2_U -DASMFNAME=zsyr2_U_ -DNAME=zsyr2_U_ -DCNAME=zsyr2_U -DCHAR_NAME=\"zsyr2_U_\" -DCHAR_CNAME=\"zsyr2_U\" -DNO_AFFINITY -I../.. -DDOUBLE  -DCOMPLEX -DCOMPLEX -DDOUBLE -ULOWER zsyr2_k.c -o zsyr2_U.o
cc -c -O2 -DMAX_STACK_ALLOC=2048 -Wall -m64 -DF_INTERFACE_GFORT -fPIC -DNO_LAPACK -DNO_LAPACKE -DSMP_SERVER -DNO_WARMUP -DMAX_CPU_NUMBER=4 -DMAX_PARALLEL_NUMBER=1 -DBUILD_SINGLE=1 -DBUILD_DOUBLE=1 -DBUILD_COMPLEX=1 -DBUILD_COMPLEX16=1 -DVERSION=\"0.3.17.dev\" -msse3 -mssse3 -msse4.1 -mavx -mavx2 -mavx2 -UASMNAME -UASMFNAME -UNAME -UCNAME -UCHAR_NAME -UCHAR_CNAME -DASMNAME=zsyr2_L -DASMFNAME=zsyr2_L_ -DNAME=zsyr2_L_ -DCNAME=zsyr2_L -DCHAR_NAME=\"zsyr2_L_\" -DCHAR_CNAME=\"zsyr2_L\" -DNO_AFFINITY -I../.. -DDOUBLE  -DCOMPLEX -DCOMPLEX -DDOUBLE -DLOWER zsyr2_k.c -o zsyr2_L.o
cc -c -O2 -DMAX_STACK_ALLOC=2048 -Wall -m64 -DF_INTERFACE_GFORT -fPIC -DNO_LAPACK -DNO_LAPACKE -DSMP_SERVER -DNO_WARMUP -DMAX_CPU_NUMBER=4 -DMAX_PARALLEL_NUMBER=1 -DBUILD_SINGLE=1 -DBUILD_DOUBLE=1 -DBUILD_COMPLEX=1 -DBUILD_COMPLEX16=1 -DVERSION=\"0.3.17.dev\" -msse3 -mssse3 -msse4.1 -mavx -mavx2 -mavx2 -UASMNAME -UASMFNAME -UNAME -UCNAME -UCHAR_NAME -UCHAR_CNAME -DASMNAME=ztbmv_NUU -DASMFNAME=ztbmv_NUU_ -DNAME=ztbmv_NUU_ -DCNAME=ztbmv_NUU -DCHAR_NAME=\"ztbmv_NUU_\" -DCHAR_CNAME=\"ztbmv_NUU\" -DNO_AFFINITY -I../.. -DDOUBLE  -DCOMPLEX -DCOMPLEX -DDOUBLE -DTRANSA=1 -DUNIT ztbmv_U.c -o ztbmv_NUU.o
cc -c -O2 -DMAX_STACK_ALLOC=2048 -Wall -m64 -DF_INTERFACE_GFORT -fPIC -DNO_LAPACK -DNO_LAPACKE -DSMP_SERVER -DNO_WARMUP -DMAX_CPU_NUMBER=4 -DMAX_PARALLEL_NUMBER=1 -DBUILD_SINGLE=1 -DBUILD_DOUBLE=1 -DBUILD_COMPLEX=1 -DBUILD_COMPLEX16=1 -DVERSION=\"0.3.17.dev\" -msse3 -mssse3 -msse4.1 -mavx -mavx2 -mavx2 -UASMNAME -UASMFNAME -UNAME -UCNAME -UCHAR_NAME -UCHAR_CNAME -DASMNAME=ztbmv_NUN -DASMFNAME=ztbmv_NUN_ -DNAME=ztbmv_NUN_ -DCNAME=ztbmv_NUN -DCHAR_NAME=\"ztbmv_NUN_\" -DCHAR_CNAME=\"ztbmv_NUN\" -DNO_AFFINITY -I../.. -DDOUBLE  -DCOMPLEX -DCOMPLEX -DDOUBLE -DTRANSA=1 -UUNIT ztbmv_U.c -o ztbmv_NUN.o
cc -c -O2 -DMAX_STACK_ALLOC=2048 -Wall -m64 -DF_INTERFACE_GFORT -fPIC -DNO_LAPACK -DNO_LAPACKE -DSMP_SERVER -DNO_WARMUP -DMAX_CPU_NUMBER=4 -DMAX_PARALLEL_NUMBER=1 -DBUILD_SINGLE=1 -DBUILD_DOUBLE=1 -DBUILD_COMPLEX=1 -DBUILD_COMPLEX16=1 -DVERSION=\"0.3.17.dev\" -msse3 -mssse3 -msse4.1 -mavx -mavx2 -mavx2 -UASMNAME -UASMFNAME -UNAME -UCNAME -UCHAR_NAME -UCHAR_CNAME -DASMNAME=ztbmv_NLU -DASMFNAME=ztbmv_NLU_ -DNAME=ztbmv_NLU_ -DCNAME=ztbmv_NLU -DCHAR_NAME=\"ztbmv_NLU_\" -DCHAR_CNAME=\"ztbmv_NLU\" -DNO_AFFINITY -I../.. -DDOUBLE  -DCOMPLEX -DCOMPLEX -DDOUBLE -DTRANSA=1 -DUNIT ztbmv_L.c -o ztbmv_NLU.o
cc -c -O2 -DMAX_STACK_ALLOC=2048 -Wall -m64 -DF_INTERFACE_GFORT -fPIC -DNO_LAPACK -DNO_LAPACKE -DSMP_SERVER -DNO_WARMUP -DMAX_CPU_NUMBER=4 -DMAX_PARALLEL_NUMBER=1 -DBUILD_SINGLE=1 -DBUILD_DOUBLE=1 -DBUILD_COMPLEX=1 -DBUILD_COMPLEX16=1 -DVERSION=\"0.3.17.dev\" -msse3 -mssse3 -msse4.1 -mavx -mavx2 -mavx2 -UASMNAME -UASMFNAME -UNAME -UCNAME -UCHAR_NAME -UCHAR_CNAME -DASMNAME=ztbmv_NLN -DASMFNAME=ztbmv_NLN_ -DNAME=ztbmv_NLN_ -DCNAME=ztbmv_NLN -DCHAR_NAME=\"ztbmv_NLN_\" -DCHAR_CNAME=\"ztbmv_NLN\" -DNO_AFFINITY -I../.. -DDOUBLE  -DCOMPLEX -DCOMPLEX -DDOUBLE -DTRANSA=1 -UUNIT ztbmv_L.c -o ztbmv_NLN.o
cc -c -O2 -DMAX_STACK_ALLOC=2048 -Wall -m64 -DF_INTERFACE_GFORT -fPIC -DNO_LAPACK -DNO_LAPACKE -DSMP_SERVER -DNO_WARMUP -DMAX_CPU_NUMBER=4 -DMAX_PARALLEL_NUMBER=1 -DBUILD_SINGLE=1 -DBUILD_DOUBLE=1 -DBUILD_COMPLEX=1 -DBUILD_COMPLEX16=1 -DVERSION=\"0.3.17.dev\" -msse3 -mssse3 -msse4.1 -mavx -mavx2 -mavx2 -UASMNAME -UASMFNAME -UNAME -UCNAME -UCHAR_NAME -UCHAR_CNAME -DASMNAME=ztbmv_TUU -DASMFNAME=ztbmv_TUU_ -DNAME=ztbmv_TUU_ -DCNAME=ztbmv_TUU -DCHAR_NAME=\"ztbmv_TUU_\" -DCHAR_CNAME=\"ztbmv_TUU\" -DNO_AFFINITY -I../.. -DDOUBLE  -DCOMPLEX -DCOMPLEX -DDOUBLE -DTRANSA=2 -DUNIT ztbmv_L.c -o ztbmv_TUU.o
cc -c -O2 -DMAX_STACK_ALLOC=2048 -Wall -m64 -DF_INTERFACE_GFORT -fPIC -DNO_LAPACK -DNO_LAPACKE -DSMP_SERVER -DNO_WARMUP -DMAX_CPU_NUMBER=4 -DMAX_PARALLEL_NUMBER=1 -DBUILD_SINGLE=1 -DBUILD_DOUBLE=1 -DBUILD_COMPLEX=1 -DBUILD_COMPLEX16=1 -DVERSION=\"0.3.17.dev\" -msse3 -mssse3 -msse4.1 -mavx -mavx2 -mavx2 -UASMNAME -UASMFNAME -UNAME -UCNAME -UCHAR_NAME -UCHAR_CNAME -DASMNAME=ztbmv_TUN -DASMFNAME=ztbmv_TUN_ -DNAME=ztbmv_TUN_ -DCNAME=ztbmv_TUN -DCHAR_NAME=\"ztbmv_TUN_\" -DCHAR_CNAME=\"ztbmv_TUN\" -DNO_AFFINITY -I../.. -DDOUBLE  -DCOMPLEX -DCOMPLEX -DDOUBLE -DTRANSA=2 -UUNIT ztbmv_L.c -o ztbmv_TUN.o
cc -c -O2 -DMAX_STACK_ALLOC=2048 -Wall -m64 -DF_INTERFACE_GFORT -fPIC -DNO_LAPACK -DNO_LAPACKE -DSMP_SERVER -DNO_WARMUP -DMAX_CPU_NUMBER=4 -DMAX_PARALLEL_NUMBER=1 -DBUILD_SINGLE=1 -DBUILD_DOUBLE=1 -DBUILD_COMPLEX=1 -DBUILD_COMPLEX16=1 -DVERSION=\"0.3.17.dev\" -msse3 -mssse3 -msse4.1 -mavx -mavx2 -mavx2 -UASMNAME -UASMFNAME -UNAME -UCNAME -UCHAR_NAME -UCHAR_CNAME -DASMNAME=ztbmv_TLU -DASMFNAME=ztbmv_TLU_ -DNAME=ztbmv_TLU_ -DCNAME=ztbmv_TLU -DCHAR_NAME=\"ztbmv_TLU_\" -DCHAR_CNAME=\"ztbmv_TLU\" -DNO_AFFINITY -I../.. -DDOUBLE  -DCOMPLEX -DCOMPLEX -DDOUBLE -DTRANSA=2 -DUNIT ztbmv_U.c -o ztbmv_TLU.o
cc -c -O2 -DMAX_STACK_ALLOC=2048 -Wall -m64 -DF_INTERFACE_GFORT -fPIC -DNO_LAPACK -DNO_LAPACKE -DSMP_SERVER -DNO_WARMUP -DMAX_CPU_NUMBER=4 -DMAX_PARALLEL_NUMBER=1 -DBUILD_SINGLE=1 -DBUILD_DOUBLE=1 -DBUILD_COMPLEX=1 -DBUILD_COMPLEX16=1 -DVERSION=\"0.3.17.dev\" -msse3 -mssse3 -msse4.1 -mavx -mavx2 -mavx2 -UASMNAME -UASMFNAME -UNAME -UCNAME -UCHAR_NAME -UCHAR_CNAME -DASMNAME=ztbmv_TLN -DASMFNAME=ztbmv_TLN_ -DNAME=ztbmv_TLN_ -DCNAME=ztbmv_TLN -DCHAR_NAME=\"ztbmv_TLN_\" -DCHAR_CNAME=\"ztbmv_TLN\" -DNO_AFFINITY -I../.. -DDOUBLE  -DCOMPLEX -DCOMPLEX -DDOUBLE -DTRANSA=2 -UUNIT ztbmv_U.c -o ztbmv_TLN.o
cc -c -O2 -DMAX_STACK_ALLOC=2048 -Wall -m64 -DF_INTERFACE_GFORT -fPIC -DNO_LAPACK -DNO_LAPACKE -DSMP_SERVER -DNO_WARMUP -DMAX_CPU_NUMBER=4 -DMAX_PARALLEL_NUMBER=1 -DBUILD_SINGLE=1 -DBUILD_DOUBLE=1 -DBUILD_COMPLEX=1 -DBUILD_COMPLEX16=1 -DVERSION=\"0.3.17.dev\" -msse3 -mssse3 -msse4.1 -mavx -mavx2 -mavx2 -UASMNAME -UASMFNAME -UNAME -UCNAME -UCHAR_NAME -UCHAR_CNAME -DASMNAME=ztbmv_RUU -DASMFNAME=ztbmv_RUU_ -DNAME=ztbmv_RUU_ -DCNAME=ztbmv_RUU -DCHAR_NAME=\"ztbmv_RUU_\" -DCHAR_CNAME=\"ztbmv_RUU\" -DNO_AFFINITY -I../.. -DDOUBLE  -DCOMPLEX -DCOMPLEX -DDOUBLE -DTRANSA=3 -DUNIT ztbmv_U.c -o ztbmv_RUU.o
cc -c -O2 -DMAX_STACK_ALLOC=2048 -Wall -m64 -DF_INTERFACE_GFORT -fPIC -DNO_LAPACK -DNO_LAPACKE -DSMP_SERVER -DNO_WARMUP -DMAX_CPU_NUMBER=4 -DMAX_PARALLEL_NUMBER=1 -DBUILD_SINGLE=1 -DBUILD_DOUBLE=1 -DBUILD_COMPLEX=1 -DBUILD_COMPLEX16=1 -DVERSION=\"0.3.17.dev\" -msse3 -mssse3 -msse4.1 -mavx -mavx2 -mavx2 -UASMNAME -UASMFNAME -UNAME -UCNAME -UCHAR_NAME -UCHAR_CNAME -DASMNAME=ztbmv_RUN -DASMFNAME=ztbmv_RUN_ -DNAME=ztbmv_RUN_ -DCNAME=ztbmv_RUN -DCHAR_NAME=\"ztbmv_RUN_\" -DCHAR_CNAME=\"ztbmv_RUN\" -DNO_AFFINITY -I../.. -DDOUBLE  -DCOMPLEX -DCOMPLEX -DDOUBLE -DTRANSA=3 -UUNIT ztbmv_U.c -o ztbmv_RUN.o
cc -c -O2 -DMAX_STACK_ALLOC=2048 -Wall -m64 -DF_INTERFACE_GFORT -fPIC -DNO_LAPACK -DNO_LAPACKE -DSMP_SERVER -DNO_WARMUP -DMAX_CPU_NUMBER=4 -DMAX_PARALLEL_NUMBER=1 -DBUILD_SINGLE=1 -DBUILD_DOUBLE=1 -DBUILD_COMPLEX=1 -DBUILD_COMPLEX16=1 -DVERSION=\"0.3.17.dev\" -msse3 -mssse3 -msse4.1 -mavx -mavx2 -mavx2 -UASMNAME -UASMFNAME -UNAME -UCNAME -UCHAR_NAME -UCHAR_CNAME -DASMNAME=ztbmv_RLU -DASMFNAME=ztbmv_RLU_ -DNAME=ztbmv_RLU_ -DCNAME=ztbmv_RLU -DCHAR_NAME=\"ztbmv_RLU_\" -DCHAR_CNAME=\"ztbmv_RLU\" -DNO_AFFINITY -I../.. -DDOUBLE  -DCOMPLEX -DCOMPLEX -DDOUBLE -DTRANSA=3 -DUNIT ztbmv_L.c -o ztbmv_RLU.o
cc -c -O2 -DMAX_STACK_ALLOC=2048 -Wall -m64 -DF_INTERFACE_GFORT -fPIC -DNO_LAPACK -DNO_LAPACKE -DSMP_SERVER -DNO_WARMUP -DMAX_CPU_NUMBER=4 -DMAX_PARALLEL_NUMBER=1 -DBUILD_SINGLE=1 -DBUILD_DOUBLE=1 -DBUILD_COMPLEX=1 -DBUILD_COMPLEX16=1 -DVERSION=\"0.3.17.dev\" -msse3 -mssse3 -msse4.1 -mavx -mavx2 -mavx2 -UASMNAME -UASMFNAME -UNAME -UCNAME -UCHAR_NAME -UCHAR_CNAME -DASMNAME=ztbmv_RLN -DASMFNAME=ztbmv_RLN_ -DNAME=ztbmv_RLN_ -DCNAME=ztbmv_RLN -DCHAR_NAME=\"ztbmv_RLN_\" -DCHAR_CNAME=\"ztbmv_RLN\" -DNO_AFFINITY -I../.. -DDOUBLE  -DCOMPLEX -DCOMPLEX -DDOUBLE -DTRANSA=3 -UUNIT ztbmv_L.c -o ztbmv_RLN.o
cc -c -O2 -DMAX_STACK_ALLOC=2048 -Wall -m64 -DF_INTERFACE_GFORT -fPIC -DNO_LAPACK -DNO_LAPACKE -DSMP_SERVER -DNO_WARMUP -DMAX_CPU_NUMBER=4 -DMAX_PARALLEL_NUMBER=1 -DBUILD_SINGLE=1 -DBUILD_DOUBLE=1 -DBUILD_COMPLEX=1 -DBUILD_COMPLEX16=1 -DVERSION=\"0.3.17.dev\" -msse3 -mssse3 -msse4.1 -mavx -mavx2 -mavx2 -UASMNAME -UASMFNAME -UNAME -UCNAME -UCHAR_NAME -UCHAR_CNAME -DASMNAME=ztbmv_CUU -DASMFNAME=ztbmv_CUU_ -DNAME=ztbmv_CUU_ -DCNAME=ztbmv_CUU -DCHAR_NAME=\"ztbmv_CUU_\" -DCHAR_CNAME=\"ztbmv_CUU\" -DNO_AFFINITY -I../.. -DDOUBLE  -DCOMPLEX -DCOMPLEX -DDOUBLE -DTRANSA=4 -DUNIT ztbmv_L.c -o ztbmv_CUU.o
cc -c -O2 -DMAX_STACK_ALLOC=2048 -Wall -m64 -DF_INTERFACE_GFORT -fPIC -DNO_LAPACK -DNO_LAPACKE -DSMP_SERVER -DNO_WARMUP -DMAX_CPU_NUMBER=4 -DMAX_PARALLEL_NUMBER=1 -DBUILD_SINGLE=1 -DBUILD_DOUBLE=1 -DBUILD_COMPLEX=1 -DBUILD_COMPLEX16=1 -DVERSION=\"0.3.17.dev\" -msse3 -mssse3 -msse4.1 -mavx -mavx2 -mavx2 -UASMNAME -UASMFNAME -UNAME -UCNAME -UCHAR_NAME -UCHAR_CNAME -DASMNAME=ztbmv_CUN -DASMFNAME=ztbmv_CUN_ -DNAME=ztbmv_CUN_ -DCNAME=ztbmv_CUN -DCHAR_NAME=\"ztbmv_CUN_\" -DCHAR_CNAME=\"ztbmv_CUN\" -DNO_AFFINITY -I../.. -DDOUBLE  -DCOMPLEX -DCOMPLEX -DDOUBLE -DTRANSA=4 -UUNIT ztbmv_L.c -o ztbmv_CUN.o
cc -c -O2 -DMAX_STACK_ALLOC=2048 -Wall -m64 -DF_INTERFACE_GFORT -fPIC -DNO_LAPACK -DNO_LAPACKE -DSMP_SERVER -DNO_WARMUP -DMAX_CPU_NUMBER=4 -DMAX_PARALLEL_NUMBER=1 -DBUILD_SINGLE=1 -DBUILD_DOUBLE=1 -DBUILD_COMPLEX=1 -DBUILD_COMPLEX16=1 -DVERSION=\"0.3.17.dev\" -msse3 -mssse3 -msse4.1 -mavx -mavx2 -mavx2 -UASMNAME -UASMFNAME -UNAME -UCNAME -UCHAR_NAME -UCHAR_CNAME -DASMNAME=ztbmv_CLU -DASMFNAME=ztbmv_CLU_ -DNAME=ztbmv_CLU_ -DCNAME=ztbmv_CLU -DCHAR_NAME=\"ztbmv_CLU_\" -DCHAR_CNAME=\"ztbmv_CLU\" -DNO_AFFINITY -I../.. -DDOUBLE  -DCOMPLEX -DCOMPLEX -DDOUBLE -DTRANSA=4 -DUNIT ztbmv_U.c -o ztbmv_CLU.o
cc -c -O2 -DMAX_STACK_ALLOC=2048 -Wall -m64 -DF_INTERFACE_GFORT -fPIC -DNO_LAPACK -DNO_LAPACKE -DSMP_SERVER -DNO_WARMUP -DMAX_CPU_NUMBER=4 -DMAX_PARALLEL_NUMBER=1 -DBUILD_SINGLE=1 -DBUILD_DOUBLE=1 -DBUILD_COMPLEX=1 -DBUILD_COMPLEX16=1 -DVERSION=\"0.3.17.dev\" -msse3 -mssse3 -msse4.1 -mavx -mavx2 -mavx2 -UASMNAME -UASMFNAME -UNAME -UCNAME -UCHAR_NAME -UCHAR_CNAME -DASMNAME=ztbmv_CLN -DASMFNAME=ztbmv_CLN_ -DNAME=ztbmv_CLN_ -DCNAME=ztbmv_CLN -DCHAR_NAME=\"ztbmv_CLN_\" -DCHAR_CNAME=\"ztbmv_CLN\" -DNO_AFFINITY -I../.. -DDOUBLE  -DCOMPLEX -DCOMPLEX -DDOUBLE -DTRANSA=4 -UUNIT ztbmv_U.c -o ztbmv_CLN.o
cc -c -O2 -DMAX_STACK_ALLOC=2048 -Wall -m64 -DF_INTERFACE_GFORT -fPIC -DNO_LAPACK -DNO_LAPACKE -DSMP_SERVER -DNO_WARMUP -DMAX_CPU_NUMBER=4 -DMAX_PARALLEL_NUMBER=1 -DBUILD_SINGLE=1 -DBUILD_DOUBLE=1 -DBUILD_COMPLEX=1 -DBUILD_COMPLEX16=1 -DVERSION=\"0.3.17.dev\" -msse3 -mssse3 -msse4.1 -mavx -mavx2 -mavx2 -UASMNAME -UASMFNAME -UNAME -UCNAME -UCHAR_NAME -UCHAR_CNAME -DASMNAME=ztbsv_NUU -DASMFNAME=ztbsv_NUU_ -DNAME=ztbsv_NUU_ -DCNAME=ztbsv_NUU -DCHAR_NAME=\"ztbsv_NUU_\" -DCHAR_CNAME=\"ztbsv_NUU\" -DNO_AFFINITY -I../.. -DDOUBLE  -DCOMPLEX -DCOMPLEX -DDOUBLE -DTRANSA=1 -DUNIT ztbsv_U.c -o ztbsv_NUU.o
cc -c -O2 -DMAX_STACK_ALLOC=2048 -Wall -m64 -DF_INTERFACE_GFORT -fPIC -DNO_LAPACK -DNO_LAPACKE -DSMP_SERVER -DNO_WARMUP -DMAX_CPU_NUMBER=4 -DMAX_PARALLEL_NUMBER=1 -DBUILD_SINGLE=1 -DBUILD_DOUBLE=1 -DBUILD_COMPLEX=1 -DBUILD_COMPLEX16=1 -DVERSION=\"0.3.17.dev\" -msse3 -mssse3 -msse4.1 -mavx -mavx2 -mavx2 -UASMNAME -UASMFNAME -UNAME -UCNAME -UCHAR_NAME -UCHAR_CNAME -DASMNAME=ztbsv_NUN -DASMFNAME=ztbsv_NUN_ -DNAME=ztbsv_NUN_ -DCNAME=ztbsv_NUN -DCHAR_NAME=\"ztbsv_NUN_\" -DCHAR_CNAME=\"ztbsv_NUN\" -DNO_AFFINITY -I../.. -DDOUBLE  -DCOMPLEX -DCOMPLEX -DDOUBLE -DTRANSA=1 -UUNIT ztbsv_U.c -o ztbsv_NUN.o
cc -c -O2 -DMAX_STACK_ALLOC=2048 -Wall -m64 -DF_INTERFACE_GFORT -fPIC -DNO_LAPACK -DNO_LAPACKE -DSMP_SERVER -DNO_WARMUP -DMAX_CPU_NUMBER=4 -DMAX_PARALLEL_NUMBER=1 -DBUILD_SINGLE=1 -DBUILD_DOUBLE=1 -DBUILD_COMPLEX=1 -DBUILD_COMPLEX16=1 -DVERSION=\"0.3.17.dev\" -msse3 -mssse3 -msse4.1 -mavx -mavx2 -mavx2 -UASMNAME -UASMFNAME -UNAME -UCNAME -UCHAR_NAME -UCHAR_CNAME -DASMNAME=ztbsv_NLU -DASMFNAME=ztbsv_NLU_ -DNAME=ztbsv_NLU_ -DCNAME=ztbsv_NLU -DCHAR_NAME=\"ztbsv_NLU_\" -DCHAR_CNAME=\"ztbsv_NLU\" -DNO_AFFINITY -I../.. -DDOUBLE  -DCOMPLEX -DCOMPLEX -DDOUBLE -DTRANSA=1 -DUNIT ztbsv_L.c -o ztbsv_NLU.o
cc -c -O2 -DMAX_STACK_ALLOC=2048 -Wall -m64 -DF_INTERFACE_GFORT -fPIC -DNO_LAPACK -DNO_LAPACKE -DSMP_SERVER -DNO_WARMUP -DMAX_CPU_NUMBER=4 -DMAX_PARALLEL_NUMBER=1 -DBUILD_SINGLE=1 -DBUILD_DOUBLE=1 -DBUILD_COMPLEX=1 -DBUILD_COMPLEX16=1 -DVERSION=\"0.3.17.dev\" -msse3 -mssse3 -msse4.1 -mavx -mavx2 -mavx2 -UASMNAME -UASMFNAME -UNAME -UCNAME -UCHAR_NAME -UCHAR_CNAME -DASMNAME=ztbsv_NLN -DASMFNAME=ztbsv_NLN_ -DNAME=ztbsv_NLN_ -DCNAME=ztbsv_NLN -DCHAR_NAME=\"ztbsv_NLN_\" -DCHAR_CNAME=\"ztbsv_NLN\" -DNO_AFFINITY -I../.. -DDOUBLE  -DCOMPLEX -DCOMPLEX -DDOUBLE -DTRANSA=1 -UUNIT ztbsv_L.c -o ztbsv_NLN.o
cc -c -O2 -DMAX_STACK_ALLOC=2048 -Wall -m64 -DF_INTERFACE_GFORT -fPIC -DNO_LAPACK -DNO_LAPACKE -DSMP_SERVER -DNO_WARMUP -DMAX_CPU_NUMBER=4 -DMAX_PARALLEL_NUMBER=1 -DBUILD_SINGLE=1 -DBUILD_DOUBLE=1 -DBUILD_COMPLEX=1 -DBUILD_COMPLEX16=1 -DVERSION=\"0.3.17.dev\" -msse3 -mssse3 -msse4.1 -mavx -mavx2 -mavx2 -UASMNAME -UASMFNAME -UNAME -UCNAME -UCHAR_NAME -UCHAR_CNAME -DASMNAME=ztbsv_TUU -DASMFNAME=ztbsv_TUU_ -DNAME=ztbsv_TUU_ -DCNAME=ztbsv_TUU -DCHAR_NAME=\"ztbsv_TUU_\" -DCHAR_CNAME=\"ztbsv_TUU\" -DNO_AFFINITY -I../.. -DDOUBLE  -DCOMPLEX -DCOMPLEX -DDOUBLE -DTRANSA=2 -DUNIT ztbsv_L.c -o ztbsv_TUU.o
cc -c -O2 -DMAX_STACK_ALLOC=2048 -Wall -m64 -DF_INTERFACE_GFORT -fPIC -DNO_LAPACK -DNO_LAPACKE -DSMP_SERVER -DNO_WARMUP -DMAX_CPU_NUMBER=4 -DMAX_PARALLEL_NUMBER=1 -DBUILD_SINGLE=1 -DBUILD_DOUBLE=1 -DBUILD_COMPLEX=1 -DBUILD_COMPLEX16=1 -DVERSION=\"0.3.17.dev\" -msse3 -mssse3 -msse4.1 -mavx -mavx2 -mavx2 -UASMNAME -UASMFNAME -UNAME -UCNAME -UCHAR_NAME -UCHAR_CNAME -DASMNAME=ztbsv_TUN -DASMFNAME=ztbsv_TUN_ -DNAME=ztbsv_TUN_ -DCNAME=ztbsv_TUN -DCHAR_NAME=\"ztbsv_TUN_\" -DCHAR_CNAME=\"ztbsv_TUN\" -DNO_AFFINITY -I../.. -DDOUBLE  -DCOMPLEX -DCOMPLEX -DDOUBLE -DTRANSA=2 -UUNIT ztbsv_L.c -o ztbsv_TUN.o
cc -c -O2 -DMAX_STACK_ALLOC=2048 -Wall -m64 -DF_INTERFACE_GFORT -fPIC -DNO_LAPACK -DNO_LAPACKE -DSMP_SERVER -DNO_WARMUP -DMAX_CPU_NUMBER=4 -DMAX_PARALLEL_NUMBER=1 -DBUILD_SINGLE=1 -DBUILD_DOUBLE=1 -DBUILD_COMPLEX=1 -DBUILD_COMPLEX16=1 -DVERSION=\"0.3.17.dev\" -msse3 -mssse3 -msse4.1 -mavx -mavx2 -mavx2 -UASMNAME -UASMFNAME -UNAME -UCNAME -UCHAR_NAME -UCHAR_CNAME -DASMNAME=ztbsv_TLU -DASMFNAME=ztbsv_TLU_ -DNAME=ztbsv_TLU_ -DCNAME=ztbsv_TLU -DCHAR_NAME=\"ztbsv_TLU_\" -DCHAR_CNAME=\"ztbsv_TLU\" -DNO_AFFINITY -I../.. -DDOUBLE  -DCOMPLEX -DCOMPLEX -DDOUBLE -DTRANSA=2 -DUNIT ztbsv_U.c -o ztbsv_TLU.o
cc -c -O2 -DMAX_STACK_ALLOC=2048 -Wall -m64 -DF_INTERFACE_GFORT -fPIC -DNO_LAPACK -DNO_LAPACKE -DSMP_SERVER -DNO_WARMUP -DMAX_CPU_NUMBER=4 -DMAX_PARALLEL_NUMBER=1 -DBUILD_SINGLE=1 -DBUILD_DOUBLE=1 -DBUILD_COMPLEX=1 -DBUILD_COMPLEX16=1 -DVERSION=\"0.3.17.dev\" -msse3 -mssse3 -msse4.1 -mavx -mavx2 -mavx2 -UASMNAME -UASMFNAME -UNAME -UCNAME -UCHAR_NAME -UCHAR_CNAME -DASMNAME=ztbsv_TLN -DASMFNAME=ztbsv_TLN_ -DNAME=ztbsv_TLN_ -DCNAME=ztbsv_TLN -DCHAR_NAME=\"ztbsv_TLN_\" -DCHAR_CNAME=\"ztbsv_TLN\" -DNO_AFFINITY -I../.. -DDOUBLE  -DCOMPLEX -DCOMPLEX -DDOUBLE -DTRANSA=2 -UUNIT ztbsv_U.c -o ztbsv_TLN.o
cc -c -O2 -DMAX_STACK_ALLOC=2048 -Wall -m64 -DF_INTERFACE_GFORT -fPIC -DNO_LAPACK -DNO_LAPACKE -DSMP_SERVER -DNO_WARMUP -DMAX_CPU_NUMBER=4 -DMAX_PARALLEL_NUMBER=1 -DBUILD_SINGLE=1 -DBUILD_DOUBLE=1 -DBUILD_COMPLEX=1 -DBUILD_COMPLEX16=1 -DVERSION=\"0.3.17.dev\" -msse3 -mssse3 -msse4.1 -mavx -mavx2 -mavx2 -UASMNAME -UASMFNAME -UNAME -UCNAME -UCHAR_NAME -UCHAR_CNAME -DASMNAME=ztbsv_RUU -DASMFNAME=ztbsv_RUU_ -DNAME=ztbsv_RUU_ -DCNAME=ztbsv_RUU -DCHAR_NAME=\"ztbsv_RUU_\" -DCHAR_CNAME=\"ztbsv_RUU\" -DNO_AFFINITY -I../.. -DDOUBLE  -DCOMPLEX -DCOMPLEX -DDOUBLE -DTRANSA=3 -DUNIT ztbsv_U.c -o ztbsv_RUU.o
cc -c -O2 -DMAX_STACK_ALLOC=2048 -Wall -m64 -DF_INTERFACE_GFORT -fPIC -DNO_LAPACK -DNO_LAPACKE -DSMP_SERVER -DNO_WARMUP -DMAX_CPU_NUMBER=4 -DMAX_PARALLEL_NUMBER=1 -DBUILD_SINGLE=1 -DBUILD_DOUBLE=1 -DBUILD_COMPLEX=1 -DBUILD_COMPLEX16=1 -DVERSION=\"0.3.17.dev\" -msse3 -mssse3 -msse4.1 -mavx -mavx2 -mavx2 -UASMNAME -UASMFNAME -UNAME -UCNAME -UCHAR_NAME -UCHAR_CNAME -DASMNAME=ztbsv_RUN -DASMFNAME=ztbsv_RUN_ -DNAME=ztbsv_RUN_ -DCNAME=ztbsv_RUN -DCHAR_NAME=\"ztbsv_RUN_\" -DCHAR_CNAME=\"ztbsv_RUN\" -DNO_AFFINITY -I../.. -DDOUBLE  -DCOMPLEX -DCOMPLEX -DDOUBLE -DTRANSA=3 -UUNIT ztbsv_U.c -o ztbsv_RUN.o
cc -c -O2 -DMAX_STACK_ALLOC=2048 -Wall -m64 -DF_INTERFACE_GFORT -fPIC -DNO_LAPACK -DNO_LAPACKE -DSMP_SERVER -DNO_WARMUP -DMAX_CPU_NUMBER=4 -DMAX_PARALLEL_NUMBER=1 -DBUILD_SINGLE=1 -DBUILD_DOUBLE=1 -DBUILD_COMPLEX=1 -DBUILD_COMPLEX16=1 -DVERSION=\"0.3.17.dev\" -msse3 -mssse3 -msse4.1 -mavx -mavx2 -mavx2 -UASMNAME -UASMFNAME -UNAME -UCNAME -UCHAR_NAME -UCHAR_CNAME -DASMNAME=ztbsv_RLU -DASMFNAME=ztbsv_RLU_ -DNAME=ztbsv_RLU_ -DCNAME=ztbsv_RLU -DCHAR_NAME=\"ztbsv_RLU_\" -DCHAR_CNAME=\"ztbsv_RLU\" -DNO_AFFINITY -I../.. -DDOUBLE  -DCOMPLEX -DCOMPLEX -DDOUBLE -DTRANSA=3 -DUNIT ztbsv_L.c -o ztbsv_RLU.o
cc -c -O2 -DMAX_STACK_ALLOC=2048 -Wall -m64 -DF_INTERFACE_GFORT -fPIC -DNO_LAPACK -DNO_LAPACKE -DSMP_SERVER -DNO_WARMUP -DMAX_CPU_NUMBER=4 -DMAX_PARALLEL_NUMBER=1 -DBUILD_SINGLE=1 -DBUILD_DOUBLE=1 -DBUILD_COMPLEX=1 -DBUILD_COMPLEX16=1 -DVERSION=\"0.3.17.dev\" -msse3 -mssse3 -msse4.1 -mavx -mavx2 -mavx2 -UASMNAME -UASMFNAME -UNAME -UCNAME -UCHAR_NAME -UCHAR_CNAME -DASMNAME=ztbsv_RLN -DASMFNAME=ztbsv_RLN_ -DNAME=ztbsv_RLN_ -DCNAME=ztbsv_RLN -DCHAR_NAME=\"ztbsv_RLN_\" -DCHAR_CNAME=\"ztbsv_RLN\" -DNO_AFFINITY -I../.. -DDOUBLE  -DCOMPLEX -DCOMPLEX -DDOUBLE -DTRANSA=3 -UUNIT ztbsv_L.c -o ztbsv_RLN.o
cc -c -O2 -DMAX_STACK_ALLOC=2048 -Wall -m64 -DF_INTERFACE_GFORT -fPIC -DNO_LAPACK -DNO_LAPACKE -DSMP_SERVER -DNO_WARMUP -DMAX_CPU_NUMBER=4 -DMAX_PARALLEL_NUMBER=1 -DBUILD_SINGLE=1 -DBUILD_DOUBLE=1 -DBUILD_COMPLEX=1 -DBUILD_COMPLEX16=1 -DVERSION=\"0.3.17.dev\" -msse3 -mssse3 -msse4.1 -mavx -mavx2 -mavx2 -UASMNAME -UASMFNAME -UNAME -UCNAME -UCHAR_NAME -UCHAR_CNAME -DASMNAME=ztbsv_CUU -DASMFNAME=ztbsv_CUU_ -DNAME=ztbsv_CUU_ -DCNAME=ztbsv_CUU -DCHAR_NAME=\"ztbsv_CUU_\" -DCHAR_CNAME=\"ztbsv_CUU\" -DNO_AFFINITY -I../.. -DDOUBLE  -DCOMPLEX -DCOMPLEX -DDOUBLE -DTRANSA=4 -DUNIT ztbsv_L.c -o ztbsv_CUU.o
cc -c -O2 -DMAX_STACK_ALLOC=2048 -Wall -m64 -DF_INTERFACE_GFORT -fPIC -DNO_LAPACK -DNO_LAPACKE -DSMP_SERVER -DNO_WARMUP -DMAX_CPU_NUMBER=4 -DMAX_PARALLEL_NUMBER=1 -DBUILD_SINGLE=1 -DBUILD_DOUBLE=1 -DBUILD_COMPLEX=1 -DBUILD_COMPLEX16=1 -DVERSION=\"0.3.17.dev\" -msse3 -mssse3 -msse4.1 -mavx -mavx2 -mavx2 -UASMNAME -UASMFNAME -UNAME -UCNAME -UCHAR_NAME -UCHAR_CNAME -DASMNAME=ztbsv_CUN -DASMFNAME=ztbsv_CUN_ -DNAME=ztbsv_CUN_ -DCNAME=ztbsv_CUN -DCHAR_NAME=\"ztbsv_CUN_\" -DCHAR_CNAME=\"ztbsv_CUN\" -DNO_AFFINITY -I../.. -DDOUBLE  -DCOMPLEX -DCOMPLEX -DDOUBLE -DTRANSA=4 -UUNIT ztbsv_L.c -o ztbsv_CUN.o
cc -c -O2 -DMAX_STACK_ALLOC=2048 -Wall -m64 -DF_INTERFACE_GFORT -fPIC -DNO_LAPACK -DNO_LAPACKE -DSMP_SERVER -DNO_WARMUP -DMAX_CPU_NUMBER=4 -DMAX_PARALLEL_NUMBER=1 -DBUILD_SINGLE=1 -DBUILD_DOUBLE=1 -DBUILD_COMPLEX=1 -DBUILD_COMPLEX16=1 -DVERSION=\"0.3.17.dev\" -msse3 -mssse3 -msse4.1 -mavx -mavx2 -mavx2 -UASMNAME -UASMFNAME -UNAME -UCNAME -UCHAR_NAME -UCHAR_CNAME -DASMNAME=ztbsv_CLU -DASMFNAME=ztbsv_CLU_ -DNAME=ztbsv_CLU_ -DCNAME=ztbsv_CLU -DCHAR_NAME=\"ztbsv_CLU_\" -DCHAR_CNAME=\"ztbsv_CLU\" -DNO_AFFINITY -I../.. -DDOUBLE  -DCOMPLEX -DCOMPLEX -DDOUBLE -DTRANSA=4 -DUNIT ztbsv_U.c -o ztbsv_CLU.o
cc -c -O2 -DMAX_STACK_ALLOC=2048 -Wall -m64 -DF_INTERFACE_GFORT -fPIC -DNO_LAPACK -DNO_LAPACKE -DSMP_SERVER -DNO_WARMUP -DMAX_CPU_NUMBER=4 -DMAX_PARALLEL_NUMBER=1 -DBUILD_SINGLE=1 -DBUILD_DOUBLE=1 -DBUILD_COMPLEX=1 -DBUILD_COMPLEX16=1 -DVERSION=\"0.3.17.dev\" -msse3 -mssse3 -msse4.1 -mavx -mavx2 -mavx2 -UASMNAME -UASMFNAME -UNAME -UCNAME -UCHAR_NAME -UCHAR_CNAME -DASMNAME=ztbsv_CLN -DASMFNAME=ztbsv_CLN_ -DNAME=ztbsv_CLN_ -DCNAME=ztbsv_CLN -DCHAR_NAME=\"ztbsv_CLN_\" -DCHAR_CNAME=\"ztbsv_CLN\" -DNO_AFFINITY -I../.. -DDOUBLE  -DCOMPLEX -DCOMPLEX -DDOUBLE -DTRANSA=4 -UUNIT ztbsv_U.c -o ztbsv_CLN.o
cc -c -O2 -DMAX_STACK_ALLOC=2048 -Wall -m64 -DF_INTERFACE_GFORT -fPIC -DNO_LAPACK -DNO_LAPACKE -DSMP_SERVER -DNO_WARMUP -DMAX_CPU_NUMBER=4 -DMAX_PARALLEL_NUMBER=1 -DBUILD_SINGLE=1 -DBUILD_DOUBLE=1 -DBUILD_COMPLEX=1 -DBUILD_COMPLEX16=1 -DVERSION=\"0.3.17.dev\" -msse3 -mssse3 -msse4.1 -mavx -mavx2 -mavx2 -UASMNAME -UASMFNAME -UNAME -UCNAME -UCHAR_NAME -UCHAR_CNAME -DASMNAME=ztpmv_NUU -DASMFNAME=ztpmv_NUU_ -DNAME=ztpmv_NUU_ -DCNAME=ztpmv_NUU -DCHAR_NAME=\"ztpmv_NUU_\" -DCHAR_CNAME=\"ztpmv_NUU\" -DNO_AFFINITY -I../.. -DDOUBLE  -DCOMPLEX -DCOMPLEX -DDOUBLE -DTRANSA=1 -DUNIT ztpmv_U.c -o ztpmv_NUU.o
cc -c -O2 -DMAX_STACK_ALLOC=2048 -Wall -m64 -DF_INTERFACE_GFORT -fPIC -DNO_LAPACK -DNO_LAPACKE -DSMP_SERVER -DNO_WARMUP -DMAX_CPU_NUMBER=4 -DMAX_PARALLEL_NUMBER=1 -DBUILD_SINGLE=1 -DBUILD_DOUBLE=1 -DBUILD_COMPLEX=1 -DBUILD_COMPLEX16=1 -DVERSION=\"0.3.17.dev\" -msse3 -mssse3 -msse4.1 -mavx -mavx2 -mavx2 -UASMNAME -UASMFNAME -UNAME -UCNAME -UCHAR_NAME -UCHAR_CNAME -DASMNAME=ztpmv_NUN -DASMFNAME=ztpmv_NUN_ -DNAME=ztpmv_NUN_ -DCNAME=ztpmv_NUN -DCHAR_NAME=\"ztpmv_NUN_\" -DCHAR_CNAME=\"ztpmv_NUN\" -DNO_AFFINITY -I../.. -DDOUBLE  -DCOMPLEX -DCOMPLEX -DDOUBLE -DTRANSA=1 -UUNIT ztpmv_U.c -o ztpmv_NUN.o
cc -c -O2 -DMAX_STACK_ALLOC=2048 -Wall -m64 -DF_INTERFACE_GFORT -fPIC -DNO_LAPACK -DNO_LAPACKE -DSMP_SERVER -DNO_WARMUP -DMAX_CPU_NUMBER=4 -DMAX_PARALLEL_NUMBER=1 -DBUILD_SINGLE=1 -DBUILD_DOUBLE=1 -DBUILD_COMPLEX=1 -DBUILD_COMPLEX16=1 -DVERSION=\"0.3.17.dev\" -msse3 -mssse3 -msse4.1 -mavx -mavx2 -mavx2 -UASMNAME -UASMFNAME -UNAME -UCNAME -UCHAR_NAME -UCHAR_CNAME -DASMNAME=ztpmv_NLU -DASMFNAME=ztpmv_NLU_ -DNAME=ztpmv_NLU_ -DCNAME=ztpmv_NLU -DCHAR_NAME=\"ztpmv_NLU_\" -DCHAR_CNAME=\"ztpmv_NLU\" -DNO_AFFINITY -I../.. -DDOUBLE  -DCOMPLEX -DCOMPLEX -DDOUBLE -DTRANSA=1 -DUNIT ztpmv_L.c -o ztpmv_NLU.o
cc -c -O2 -DMAX_STACK_ALLOC=2048 -Wall -m64 -DF_INTERFACE_GFORT -fPIC -DNO_LAPACK -DNO_LAPACKE -DSMP_SERVER -DNO_WARMUP -DMAX_CPU_NUMBER=4 -DMAX_PARALLEL_NUMBER=1 -DBUILD_SINGLE=1 -DBUILD_DOUBLE=1 -DBUILD_COMPLEX=1 -DBUILD_COMPLEX16=1 -DVERSION=\"0.3.17.dev\" -msse3 -mssse3 -msse4.1 -mavx -mavx2 -mavx2 -UASMNAME -UASMFNAME -UNAME -UCNAME -UCHAR_NAME -UCHAR_CNAME -DASMNAME=ztpmv_NLN -DASMFNAME=ztpmv_NLN_ -DNAME=ztpmv_NLN_ -DCNAME=ztpmv_NLN -DCHAR_NAME=\"ztpmv_NLN_\" -DCHAR_CNAME=\"ztpmv_NLN\" -DNO_AFFINITY -I../.. -DDOUBLE  -DCOMPLEX -DCOMPLEX -DDOUBLE -DTRANSA=1 -UUNIT ztpmv_L.c -o ztpmv_NLN.o
cc -c -O2 -DMAX_STACK_ALLOC=2048 -Wall -m64 -DF_INTERFACE_GFORT -fPIC -DNO_LAPACK -DNO_LAPACKE -DSMP_SERVER -DNO_WARMUP -DMAX_CPU_NUMBER=4 -DMAX_PARALLEL_NUMBER=1 -DBUILD_SINGLE=1 -DBUILD_DOUBLE=1 -DBUILD_COMPLEX=1 -DBUILD_COMPLEX16=1 -DVERSION=\"0.3.17.dev\" -msse3 -mssse3 -msse4.1 -mavx -mavx2 -mavx2 -UASMNAME -UASMFNAME -UNAME -UCNAME -UCHAR_NAME -UCHAR_CNAME -DASMNAME=ztpmv_TUU -DASMFNAME=ztpmv_TUU_ -DNAME=ztpmv_TUU_ -DCNAME=ztpmv_TUU -DCHAR_NAME=\"ztpmv_TUU_\" -DCHAR_CNAME=\"ztpmv_TUU\" -DNO_AFFINITY -I../.. -DDOUBLE  -DCOMPLEX -DCOMPLEX -DDOUBLE -DTRANSA=2 -DUNIT ztpmv_L.c -o ztpmv_TUU.o
cc -c -O2 -DMAX_STACK_ALLOC=2048 -Wall -m64 -DF_INTERFACE_GFORT -fPIC -DNO_LAPACK -DNO_LAPACKE -DSMP_SERVER -DNO_WARMUP -DMAX_CPU_NUMBER=4 -DMAX_PARALLEL_NUMBER=1 -DBUILD_SINGLE=1 -DBUILD_DOUBLE=1 -DBUILD_COMPLEX=1 -DBUILD_COMPLEX16=1 -DVERSION=\"0.3.17.dev\" -msse3 -mssse3 -msse4.1 -mavx -mavx2 -mavx2 -UASMNAME -UASMFNAME -UNAME -UCNAME -UCHAR_NAME -UCHAR_CNAME -DASMNAME=ztpmv_TUN -DASMFNAME=ztpmv_TUN_ -DNAME=ztpmv_TUN_ -DCNAME=ztpmv_TUN -DCHAR_NAME=\"ztpmv_TUN_\" -DCHAR_CNAME=\"ztpmv_TUN\" -DNO_AFFINITY -I../.. -DDOUBLE  -DCOMPLEX -DCOMPLEX -DDOUBLE -DTRANSA=2 -UUNIT ztpmv_L.c -o ztpmv_TUN.o
cc -c -O2 -DMAX_STACK_ALLOC=2048 -Wall -m64 -DF_INTERFACE_GFORT -fPIC -DNO_LAPACK -DNO_LAPACKE -DSMP_SERVER -DNO_WARMUP -DMAX_CPU_NUMBER=4 -DMAX_PARALLEL_NUMBER=1 -DBUILD_SINGLE=1 -DBUILD_DOUBLE=1 -DBUILD_COMPLEX=1 -DBUILD_COMPLEX16=1 -DVERSION=\"0.3.17.dev\" -msse3 -mssse3 -msse4.1 -mavx -mavx2 -mavx2 -UASMNAME -UASMFNAME -UNAME -UCNAME -UCHAR_NAME -UCHAR_CNAME -DASMNAME=ztpmv_TLU -DASMFNAME=ztpmv_TLU_ -DNAME=ztpmv_TLU_ -DCNAME=ztpmv_TLU -DCHAR_NAME=\"ztpmv_TLU_\" -DCHAR_CNAME=\"ztpmv_TLU\" -DNO_AFFINITY -I../.. -DDOUBLE  -DCOMPLEX -DCOMPLEX -DDOUBLE -DTRANSA=2 -DUNIT ztpmv_U.c -o ztpmv_TLU.o
cc -c -O2 -DMAX_STACK_ALLOC=2048 -Wall -m64 -DF_INTERFACE_GFORT -fPIC -DNO_LAPACK -DNO_LAPACKE -DSMP_SERVER -DNO_WARMUP -DMAX_CPU_NUMBER=4 -DMAX_PARALLEL_NUMBER=1 -DBUILD_SINGLE=1 -DBUILD_DOUBLE=1 -DBUILD_COMPLEX=1 -DBUILD_COMPLEX16=1 -DVERSION=\"0.3.17.dev\" -msse3 -mssse3 -msse4.1 -mavx -mavx2 -mavx2 -UASMNAME -UASMFNAME -UNAME -UCNAME -UCHAR_NAME -UCHAR_CNAME -DASMNAME=ztpmv_TLN -DASMFNAME=ztpmv_TLN_ -DNAME=ztpmv_TLN_ -DCNAME=ztpmv_TLN -DCHAR_NAME=\"ztpmv_TLN_\" -DCHAR_CNAME=\"ztpmv_TLN\" -DNO_AFFINITY -I../.. -DDOUBLE  -DCOMPLEX -DCOMPLEX -DDOUBLE -DTRANSA=2 -UUNIT ztpmv_U.c -o ztpmv_TLN.o
cc -c -O2 -DMAX_STACK_ALLOC=2048 -Wall -m64 -DF_INTERFACE_GFORT -fPIC -DNO_LAPACK -DNO_LAPACKE -DSMP_SERVER -DNO_WARMUP -DMAX_CPU_NUMBER=4 -DMAX_PARALLEL_NUMBER=1 -DBUILD_SINGLE=1 -DBUILD_DOUBLE=1 -DBUILD_COMPLEX=1 -DBUILD_COMPLEX16=1 -DVERSION=\"0.3.17.dev\" -msse3 -mssse3 -msse4.1 -mavx -mavx2 -mavx2 -UASMNAME -UASMFNAME -UNAME -UCNAME -UCHAR_NAME -UCHAR_CNAME -DASMNAME=ztpmv_RUU -DASMFNAME=ztpmv_RUU_ -DNAME=ztpmv_RUU_ -DCNAME=ztpmv_RUU -DCHAR_NAME=\"ztpmv_RUU_\" -DCHAR_CNAME=\"ztpmv_RUU\" -DNO_AFFINITY -I../.. -DDOUBLE  -DCOMPLEX -DCOMPLEX -DDOUBLE -DTRANSA=3 -DUNIT ztpmv_U.c -o ztpmv_RUU.o
cc -c -O2 -DMAX_STACK_ALLOC=2048 -Wall -m64 -DF_INTERFACE_GFORT -fPIC -DNO_LAPACK -DNO_LAPACKE -DSMP_SERVER -DNO_WARMUP -DMAX_CPU_NUMBER=4 -DMAX_PARALLEL_NUMBER=1 -DBUILD_SINGLE=1 -DBUILD_DOUBLE=1 -DBUILD_COMPLEX=1 -DBUILD_COMPLEX16=1 -DVERSION=\"0.3.17.dev\" -msse3 -mssse3 -msse4.1 -mavx -mavx2 -mavx2 -UASMNAME -UASMFNAME -UNAME -UCNAME -UCHAR_NAME -UCHAR_CNAME -DASMNAME=ztpmv_RUN -DASMFNAME=ztpmv_RUN_ -DNAME=ztpmv_RUN_ -DCNAME=ztpmv_RUN -DCHAR_NAME=\"ztpmv_RUN_\" -DCHAR_CNAME=\"ztpmv_RUN\" -DNO_AFFINITY -I../.. -DDOUBLE  -DCOMPLEX -DCOMPLEX -DDOUBLE -DTRANSA=3 -UUNIT ztpmv_U.c -o ztpmv_RUN.o
cc -c -O2 -DMAX_STACK_ALLOC=2048 -Wall -m64 -DF_INTERFACE_GFORT -fPIC -DNO_LAPACK -DNO_LAPACKE -DSMP_SERVER -DNO_WARMUP -DMAX_CPU_NUMBER=4 -DMAX_PARALLEL_NUMBER=1 -DBUILD_SINGLE=1 -DBUILD_DOUBLE=1 -DBUILD_COMPLEX=1 -DBUILD_COMPLEX16=1 -DVERSION=\"0.3.17.dev\" -msse3 -mssse3 -msse4.1 -mavx -mavx2 -mavx2 -UASMNAME -UASMFNAME -UNAME -UCNAME -UCHAR_NAME -UCHAR_CNAME -DASMNAME=ztpmv_RLU -DASMFNAME=ztpmv_RLU_ -DNAME=ztpmv_RLU_ -DCNAME=ztpmv_RLU -DCHAR_NAME=\"ztpmv_RLU_\" -DCHAR_CNAME=\"ztpmv_RLU\" -DNO_AFFINITY -I../.. -DDOUBLE  -DCOMPLEX -DCOMPLEX -DDOUBLE -DTRANSA=3 -DUNIT ztpmv_L.c -o ztpmv_RLU.o
cc -c -O2 -DMAX_STACK_ALLOC=2048 -Wall -m64 -DF_INTERFACE_GFORT -fPIC -DNO_LAPACK -DNO_LAPACKE -DSMP_SERVER -DNO_WARMUP -DMAX_CPU_NUMBER=4 -DMAX_PARALLEL_NUMBER=1 -DBUILD_SINGLE=1 -DBUILD_DOUBLE=1 -DBUILD_COMPLEX=1 -DBUILD_COMPLEX16=1 -DVERSION=\"0.3.17.dev\" -msse3 -mssse3 -msse4.1 -mavx -mavx2 -mavx2 -UASMNAME -UASMFNAME -UNAME -UCNAME -UCHAR_NAME -UCHAR_CNAME -DASMNAME=ztpmv_RLN -DASMFNAME=ztpmv_RLN_ -DNAME=ztpmv_RLN_ -DCNAME=ztpmv_RLN -DCHAR_NAME=\"ztpmv_RLN_\" -DCHAR_CNAME=\"ztpmv_RLN\" -DNO_AFFINITY -I../.. -DDOUBLE  -DCOMPLEX -DCOMPLEX -DDOUBLE -DTRANSA=3 -UUNIT ztpmv_L.c -o ztpmv_RLN.o
cc -c -O2 -DMAX_STACK_ALLOC=2048 -Wall -m64 -DF_INTERFACE_GFORT -fPIC -DNO_LAPACK -DNO_LAPACKE -DSMP_SERVER -DNO_WARMUP -DMAX_CPU_NUMBER=4 -DMAX_PARALLEL_NUMBER=1 -DBUILD_SINGLE=1 -DBUILD_DOUBLE=1 -DBUILD_COMPLEX=1 -DBUILD_COMPLEX16=1 -DVERSION=\"0.3.17.dev\" -msse3 -mssse3 -msse4.1 -mavx -mavx2 -mavx2 -UASMNAME -UASMFNAME -UNAME -UCNAME -UCHAR_NAME -UCHAR_CNAME -DASMNAME=ztpmv_CUU -DASMFNAME=ztpmv_CUU_ -DNAME=ztpmv_CUU_ -DCNAME=ztpmv_CUU -DCHAR_NAME=\"ztpmv_CUU_\" -DCHAR_CNAME=\"ztpmv_CUU\" -DNO_AFFINITY -I../.. -DDOUBLE  -DCOMPLEX -DCOMPLEX -DDOUBLE -DTRANSA=4 -DUNIT ztpmv_L.c -o ztpmv_CUU.o
cc -c -O2 -DMAX_STACK_ALLOC=2048 -Wall -m64 -DF_INTERFACE_GFORT -fPIC -DNO_LAPACK -DNO_LAPACKE -DSMP_SERVER -DNO_WARMUP -DMAX_CPU_NUMBER=4 -DMAX_PARALLEL_NUMBER=1 -DBUILD_SINGLE=1 -DBUILD_DOUBLE=1 -DBUILD_COMPLEX=1 -DBUILD_COMPLEX16=1 -DVERSION=\"0.3.17.dev\" -msse3 -mssse3 -msse4.1 -mavx -mavx2 -mavx2 -UASMNAME -UASMFNAME -UNAME -UCNAME -UCHAR_NAME -UCHAR_CNAME -DASMNAME=ztpmv_CUN -DASMFNAME=ztpmv_CUN_ -DNAME=ztpmv_CUN_ -DCNAME=ztpmv_CUN -DCHAR_NAME=\"ztpmv_CUN_\" -DCHAR_CNAME=\"ztpmv_CUN\" -DNO_AFFINITY -I../.. -DDOUBLE  -DCOMPLEX -DCOMPLEX -DDOUBLE -DTRANSA=4 -UUNIT ztpmv_L.c -o ztpmv_CUN.o
cc -c -O2 -DMAX_STACK_ALLOC=2048 -Wall -m64 -DF_INTERFACE_GFORT -fPIC -DNO_LAPACK -DNO_LAPACKE -DSMP_SERVER -DNO_WARMUP -DMAX_CPU_NUMBER=4 -DMAX_PARALLEL_NUMBER=1 -DBUILD_SINGLE=1 -DBUILD_DOUBLE=1 -DBUILD_COMPLEX=1 -DBUILD_COMPLEX16=1 -DVERSION=\"0.3.17.dev\" -msse3 -mssse3 -msse4.1 -mavx -mavx2 -mavx2 -UASMNAME -UASMFNAME -UNAME -UCNAME -UCHAR_NAME -UCHAR_CNAME -DASMNAME=ztpmv_CLU -DASMFNAME=ztpmv_CLU_ -DNAME=ztpmv_CLU_ -DCNAME=ztpmv_CLU -DCHAR_NAME=\"ztpmv_CLU_\" -DCHAR_CNAME=\"ztpmv_CLU\" -DNO_AFFINITY -I../.. -DDOUBLE  -DCOMPLEX -DCOMPLEX -DDOUBLE -DTRANSA=4 -DUNIT ztpmv_U.c -o ztpmv_CLU.o
cc -c -O2 -DMAX_STACK_ALLOC=2048 -Wall -m64 -DF_INTERFACE_GFORT -fPIC -DNO_LAPACK -DNO_LAPACKE -DSMP_SERVER -DNO_WARMUP -DMAX_CPU_NUMBER=4 -DMAX_PARALLEL_NUMBER=1 -DBUILD_SINGLE=1 -DBUILD_DOUBLE=1 -DBUILD_COMPLEX=1 -DBUILD_COMPLEX16=1 -DVERSION=\"0.3.17.dev\" -msse3 -mssse3 -msse4.1 -mavx -mavx2 -mavx2 -UASMNAME -UASMFNAME -UNAME -UCNAME -UCHAR_NAME -UCHAR_CNAME -DASMNAME=ztpmv_CLN -DASMFNAME=ztpmv_CLN_ -DNAME=ztpmv_CLN_ -DCNAME=ztpmv_CLN -DCHAR_NAME=\"ztpmv_CLN_\" -DCHAR_CNAME=\"ztpmv_CLN\" -DNO_AFFINITY -I../.. -DDOUBLE  -DCOMPLEX -DCOMPLEX -DDOUBLE -DTRANSA=4 -UUNIT ztpmv_U.c -o ztpmv_CLN.o
cc -c -O2 -DMAX_STACK_ALLOC=2048 -Wall -m64 -DF_INTERFACE_GFORT -fPIC -DNO_LAPACK -DNO_LAPACKE -DSMP_SERVER -DNO_WARMUP -DMAX_CPU_NUMBER=4 -DMAX_PARALLEL_NUMBER=1 -DBUILD_SINGLE=1 -DBUILD_DOUBLE=1 -DBUILD_COMPLEX=1 -DBUILD_COMPLEX16=1 -DVERSION=\"0.3.17.dev\" -msse3 -mssse3 -msse4.1 -mavx -mavx2 -mavx2 -UASMNAME -UASMFNAME -UNAME -UCNAME -UCHAR_NAME -UCHAR_CNAME -DASMNAME=ztpsv_NUU -DASMFNAME=ztpsv_NUU_ -DNAME=ztpsv_NUU_ -DCNAME=ztpsv_NUU -DCHAR_NAME=\"ztpsv_NUU_\" -DCHAR_CNAME=\"ztpsv_NUU\" -DNO_AFFINITY -I../.. -DDOUBLE  -DCOMPLEX -DDOUBLE -DCOMPLEX -DTRANSA=1 -DUNIT ztpsv_U.c -o ztpsv_NUU.o
cc -c -O2 -DMAX_STACK_ALLOC=2048 -Wall -m64 -DF_INTERFACE_GFORT -fPIC -DNO_LAPACK -DNO_LAPACKE -DSMP_SERVER -DNO_WARMUP -DMAX_CPU_NUMBER=4 -DMAX_PARALLEL_NUMBER=1 -DBUILD_SINGLE=1 -DBUILD_DOUBLE=1 -DBUILD_COMPLEX=1 -DBUILD_COMPLEX16=1 -DVERSION=\"0.3.17.dev\" -msse3 -mssse3 -msse4.1 -mavx -mavx2 -mavx2 -UASMNAME -UASMFNAME -UNAME -UCNAME -UCHAR_NAME -UCHAR_CNAME -DASMNAME=ztpsv_NUN -DASMFNAME=ztpsv_NUN_ -DNAME=ztpsv_NUN_ -DCNAME=ztpsv_NUN -DCHAR_NAME=\"ztpsv_NUN_\" -DCHAR_CNAME=\"ztpsv_NUN\" -DNO_AFFINITY -I../.. -DDOUBLE  -DCOMPLEX -DDOUBLE -DCOMPLEX -DTRANSA=1 -UUNIT ztpsv_U.c -o ztpsv_NUN.o
cc -c -O2 -DMAX_STACK_ALLOC=2048 -Wall -m64 -DF_INTERFACE_GFORT -fPIC -DNO_LAPACK -DNO_LAPACKE -DSMP_SERVER -DNO_WARMUP -DMAX_CPU_NUMBER=4 -DMAX_PARALLEL_NUMBER=1 -DBUILD_SINGLE=1 -DBUILD_DOUBLE=1 -DBUILD_COMPLEX=1 -DBUILD_COMPLEX16=1 -DVERSION=\"0.3.17.dev\" -msse3 -mssse3 -msse4.1 -mavx -mavx2 -mavx2 -UASMNAME -UASMFNAME -UNAME -UCNAME -UCHAR_NAME -UCHAR_CNAME -DASMNAME=ztpsv_NLU -DASMFNAME=ztpsv_NLU_ -DNAME=ztpsv_NLU_ -DCNAME=ztpsv_NLU -DCHAR_NAME=\"ztpsv_NLU_\" -DCHAR_CNAME=\"ztpsv_NLU\" -DNO_AFFINITY -I../.. -DDOUBLE  -DCOMPLEX -DDOUBLE -DCOMPLEX -DTRANSA=1 -DUNIT ztpsv_L.c -o ztpsv_NLU.o
cc -c -O2 -DMAX_STACK_ALLOC=2048 -Wall -m64 -DF_INTERFACE_GFORT -fPIC -DNO_LAPACK -DNO_LAPACKE -DSMP_SERVER -DNO_WARMUP -DMAX_CPU_NUMBER=4 -DMAX_PARALLEL_NUMBER=1 -DBUILD_SINGLE=1 -DBUILD_DOUBLE=1 -DBUILD_COMPLEX=1 -DBUILD_COMPLEX16=1 -DVERSION=\"0.3.17.dev\" -msse3 -mssse3 -msse4.1 -mavx -mavx2 -mavx2 -UASMNAME -UASMFNAME -UNAME -UCNAME -UCHAR_NAME -UCHAR_CNAME -DASMNAME=ztpsv_NLN -DASMFNAME=ztpsv_NLN_ -DNAME=ztpsv_NLN_ -DCNAME=ztpsv_NLN -DCHAR_NAME=\"ztpsv_NLN_\" -DCHAR_CNAME=\"ztpsv_NLN\" -DNO_AFFINITY -I../.. -DDOUBLE  -DCOMPLEX -DDOUBLE -DCOMPLEX -DTRANSA=1 -UUNIT ztpsv_L.c -o ztpsv_NLN.o
cc -c -O2 -DMAX_STACK_ALLOC=2048 -Wall -m64 -DF_INTERFACE_GFORT -fPIC -DNO_LAPACK -DNO_LAPACKE -DSMP_SERVER -DNO_WARMUP -DMAX_CPU_NUMBER=4 -DMAX_PARALLEL_NUMBER=1 -DBUILD_SINGLE=1 -DBUILD_DOUBLE=1 -DBUILD_COMPLEX=1 -DBUILD_COMPLEX16=1 -DVERSION=\"0.3.17.dev\" -msse3 -mssse3 -msse4.1 -mavx -mavx2 -mavx2 -UASMNAME -UASMFNAME -UNAME -UCNAME -UCHAR_NAME -UCHAR_CNAME -DASMNAME=ztpsv_TUU -DASMFNAME=ztpsv_TUU_ -DNAME=ztpsv_TUU_ -DCNAME=ztpsv_TUU -DCHAR_NAME=\"ztpsv_TUU_\" -DCHAR_CNAME=\"ztpsv_TUU\" -DNO_AFFINITY -I../.. -DDOUBLE  -DCOMPLEX -DDOUBLE -DCOMPLEX -DTRANSA=2 -DUNIT ztpsv_L.c -o ztpsv_TUU.o
cc -c -O2 -DMAX_STACK_ALLOC=2048 -Wall -m64 -DF_INTERFACE_GFORT -fPIC -DNO_LAPACK -DNO_LAPACKE -DSMP_SERVER -DNO_WARMUP -DMAX_CPU_NUMBER=4 -DMAX_PARALLEL_NUMBER=1 -DBUILD_SINGLE=1 -DBUILD_DOUBLE=1 -DBUILD_COMPLEX=1 -DBUILD_COMPLEX16=1 -DVERSION=\"0.3.17.dev\" -msse3 -mssse3 -msse4.1 -mavx -mavx2 -mavx2 -UASMNAME -UASMFNAME -UNAME -UCNAME -UCHAR_NAME -UCHAR_CNAME -DASMNAME=ztpsv_TUN -DASMFNAME=ztpsv_TUN_ -DNAME=ztpsv_TUN_ -DCNAME=ztpsv_TUN -DCHAR_NAME=\"ztpsv_TUN_\" -DCHAR_CNAME=\"ztpsv_TUN\" -DNO_AFFINITY -I../.. -DDOUBLE  -DCOMPLEX -DDOUBLE -DCOMPLEX -DTRANSA=2 -UUNIT ztpsv_L.c -o ztpsv_TUN.o
cc -c -O2 -DMAX_STACK_ALLOC=2048 -Wall -m64 -DF_INTERFACE_GFORT -fPIC -DNO_LAPACK -DNO_LAPACKE -DSMP_SERVER -DNO_WARMUP -DMAX_CPU_NUMBER=4 -DMAX_PARALLEL_NUMBER=1 -DBUILD_SINGLE=1 -DBUILD_DOUBLE=1 -DBUILD_COMPLEX=1 -DBUILD_COMPLEX16=1 -DVERSION=\"0.3.17.dev\" -msse3 -mssse3 -msse4.1 -mavx -mavx2 -mavx2 -UASMNAME -UASMFNAME -UNAME -UCNAME -UCHAR_NAME -UCHAR_CNAME -DASMNAME=ztpsv_TLU -DASMFNAME=ztpsv_TLU_ -DNAME=ztpsv_TLU_ -DCNAME=ztpsv_TLU -DCHAR_NAME=\"ztpsv_TLU_\" -DCHAR_CNAME=\"ztpsv_TLU\" -DNO_AFFINITY -I../.. -DDOUBLE  -DCOMPLEX -DDOUBLE -DCOMPLEX -DTRANSA=2 -DUNIT ztpsv_U.c -o ztpsv_TLU.o
cc -c -O2 -DMAX_STACK_ALLOC=2048 -Wall -m64 -DF_INTERFACE_GFORT -fPIC -DNO_LAPACK -DNO_LAPACKE -DSMP_SERVER -DNO_WARMUP -DMAX_CPU_NUMBER=4 -DMAX_PARALLEL_NUMBER=1 -DBUILD_SINGLE=1 -DBUILD_DOUBLE=1 -DBUILD_COMPLEX=1 -DBUILD_COMPLEX16=1 -DVERSION=\"0.3.17.dev\" -msse3 -mssse3 -msse4.1 -mavx -mavx2 -mavx2 -UASMNAME -UASMFNAME -UNAME -UCNAME -UCHAR_NAME -UCHAR_CNAME -DASMNAME=ztpsv_TLN -DASMFNAME=ztpsv_TLN_ -DNAME=ztpsv_TLN_ -DCNAME=ztpsv_TLN -DCHAR_NAME=\"ztpsv_TLN_\" -DCHAR_CNAME=\"ztpsv_TLN\" -DNO_AFFINITY -I../.. -DDOUBLE  -DCOMPLEX -DDOUBLE -DCOMPLEX -DTRANSA=2 -UUNIT ztpsv_U.c -o ztpsv_TLN.o
cc -c -O2 -DMAX_STACK_ALLOC=2048 -Wall -m64 -DF_INTERFACE_GFORT -fPIC -DNO_LAPACK -DNO_LAPACKE -DSMP_SERVER -DNO_WARMUP -DMAX_CPU_NUMBER=4 -DMAX_PARALLEL_NUMBER=1 -DBUILD_SINGLE=1 -DBUILD_DOUBLE=1 -DBUILD_COMPLEX=1 -DBUILD_COMPLEX16=1 -DVERSION=\"0.3.17.dev\" -msse3 -mssse3 -msse4.1 -mavx -mavx2 -mavx2 -UASMNAME -UASMFNAME -UNAME -UCNAME -UCHAR_NAME -UCHAR_CNAME -DASMNAME=ztpsv_RUU -DASMFNAME=ztpsv_RUU_ -DNAME=ztpsv_RUU_ -DCNAME=ztpsv_RUU -DCHAR_NAME=\"ztpsv_RUU_\" -DCHAR_CNAME=\"ztpsv_RUU\" -DNO_AFFINITY -I../.. -DDOUBLE  -DCOMPLEX -DDOUBLE -DCOMPLEX -DTRANSA=3 -DUNIT ztpsv_U.c -o ztpsv_RUU.o
cc -c -O2 -DMAX_STACK_ALLOC=2048 -Wall -m64 -DF_INTERFACE_GFORT -fPIC -DNO_LAPACK -DNO_LAPACKE -DSMP_SERVER -DNO_WARMUP -DMAX_CPU_NUMBER=4 -DMAX_PARALLEL_NUMBER=1 -DBUILD_SINGLE=1 -DBUILD_DOUBLE=1 -DBUILD_COMPLEX=1 -DBUILD_COMPLEX16=1 -DVERSION=\"0.3.17.dev\" -msse3 -mssse3 -msse4.1 -mavx -mavx2 -mavx2 -UASMNAME -UASMFNAME -UNAME -UCNAME -UCHAR_NAME -UCHAR_CNAME -DASMNAME=ztpsv_RUN -DASMFNAME=ztpsv_RUN_ -DNAME=ztpsv_RUN_ -DCNAME=ztpsv_RUN -DCHAR_NAME=\"ztpsv_RUN_\" -DCHAR_CNAME=\"ztpsv_RUN\" -DNO_AFFINITY -I../.. -DDOUBLE  -DCOMPLEX -DDOUBLE -DCOMPLEX -DTRANSA=3 -UUNIT ztpsv_U.c -o ztpsv_RUN.o
cc -c -O2 -DMAX_STACK_ALLOC=2048 -Wall -m64 -DF_INTERFACE_GFORT -fPIC -DNO_LAPACK -DNO_LAPACKE -DSMP_SERVER -DNO_WARMUP -DMAX_CPU_NUMBER=4 -DMAX_PARALLEL_NUMBER=1 -DBUILD_SINGLE=1 -DBUILD_DOUBLE=1 -DBUILD_COMPLEX=1 -DBUILD_COMPLEX16=1 -DVERSION=\"0.3.17.dev\" -msse3 -mssse3 -msse4.1 -mavx -mavx2 -mavx2 -UASMNAME -UASMFNAME -UNAME -UCNAME -UCHAR_NAME -UCHAR_CNAME -DASMNAME=ztpsv_RLU -DASMFNAME=ztpsv_RLU_ -DNAME=ztpsv_RLU_ -DCNAME=ztpsv_RLU -DCHAR_NAME=\"ztpsv_RLU_\" -DCHAR_CNAME=\"ztpsv_RLU\" -DNO_AFFINITY -I../.. -DDOUBLE  -DCOMPLEX -DDOUBLE -DCOMPLEX -DTRANSA=3 -DUNIT ztpsv_L.c -o ztpsv_RLU.o
cc -c -O2 -DMAX_STACK_ALLOC=2048 -Wall -m64 -DF_INTERFACE_GFORT -fPIC -DNO_LAPACK -DNO_LAPACKE -DSMP_SERVER -DNO_WARMUP -DMAX_CPU_NUMBER=4 -DMAX_PARALLEL_NUMBER=1 -DBUILD_SINGLE=1 -DBUILD_DOUBLE=1 -DBUILD_COMPLEX=1 -DBUILD_COMPLEX16=1 -DVERSION=\"0.3.17.dev\" -msse3 -mssse3 -msse4.1 -mavx -mavx2 -mavx2 -UASMNAME -UASMFNAME -UNAME -UCNAME -UCHAR_NAME -UCHAR_CNAME -DASMNAME=ztpsv_RLN -DASMFNAME=ztpsv_RLN_ -DNAME=ztpsv_RLN_ -DCNAME=ztpsv_RLN -DCHAR_NAME=\"ztpsv_RLN_\" -DCHAR_CNAME=\"ztpsv_RLN\" -DNO_AFFINITY -I../.. -DDOUBLE  -DCOMPLEX -DDOUBLE -DCOMPLEX -DTRANSA=3 -UUNIT ztpsv_L.c -o ztpsv_RLN.o
cc -c -O2 -DMAX_STACK_ALLOC=2048 -Wall -m64 -DF_INTERFACE_GFORT -fPIC -DNO_LAPACK -DNO_LAPACKE -DSMP_SERVER -DNO_WARMUP -DMAX_CPU_NUMBER=4 -DMAX_PARALLEL_NUMBER=1 -DBUILD_SINGLE=1 -DBUILD_DOUBLE=1 -DBUILD_COMPLEX=1 -DBUILD_COMPLEX16=1 -DVERSION=\"0.3.17.dev\" -msse3 -mssse3 -msse4.1 -mavx -mavx2 -mavx2 -UASMNAME -UASMFNAME -UNAME -UCNAME -UCHAR_NAME -UCHAR_CNAME -DASMNAME=ztpsv_CUU -DASMFNAME=ztpsv_CUU_ -DNAME=ztpsv_CUU_ -DCNAME=ztpsv_CUU -DCHAR_NAME=\"ztpsv_CUU_\" -DCHAR_CNAME=\"ztpsv_CUU\" -DNO_AFFINITY -I../.. -DDOUBLE  -DCOMPLEX -DDOUBLE -DCOMPLEX -DTRANSA=4 -DUNIT ztpsv_L.c -o ztpsv_CUU.o
cc -c -O2 -DMAX_STACK_ALLOC=2048 -Wall -m64 -DF_INTERFACE_GFORT -fPIC -DNO_LAPACK -DNO_LAPACKE -DSMP_SERVER -DNO_WARMUP -DMAX_CPU_NUMBER=4 -DMAX_PARALLEL_NUMBER=1 -DBUILD_SINGLE=1 -DBUILD_DOUBLE=1 -DBUILD_COMPLEX=1 -DBUILD_COMPLEX16=1 -DVERSION=\"0.3.17.dev\" -msse3 -mssse3 -msse4.1 -mavx -mavx2 -mavx2 -UASMNAME -UASMFNAME -UNAME -UCNAME -UCHAR_NAME -UCHAR_CNAME -DASMNAME=ztpsv_CUN -DASMFNAME=ztpsv_CUN_ -DNAME=ztpsv_CUN_ -DCNAME=ztpsv_CUN -DCHAR_NAME=\"ztpsv_CUN_\" -DCHAR_CNAME=\"ztpsv_CUN\" -DNO_AFFINITY -I../.. -DDOUBLE  -DCOMPLEX -DDOUBLE -DCOMPLEX -DTRANSA=4 -UUNIT ztpsv_L.c -o ztpsv_CUN.o
cc -c -O2 -DMAX_STACK_ALLOC=2048 -Wall -m64 -DF_INTERFACE_GFORT -fPIC -DNO_LAPACK -DNO_LAPACKE -DSMP_SERVER -DNO_WARMUP -DMAX_CPU_NUMBER=4 -DMAX_PARALLEL_NUMBER=1 -DBUILD_SINGLE=1 -DBUILD_DOUBLE=1 -DBUILD_COMPLEX=1 -DBUILD_COMPLEX16=1 -DVERSION=\"0.3.17.dev\" -msse3 -mssse3 -msse4.1 -mavx -mavx2 -mavx2 -UASMNAME -UASMFNAME -UNAME -UCNAME -UCHAR_NAME -UCHAR_CNAME -DASMNAME=ztpsv_CLU -DASMFNAME=ztpsv_CLU_ -DNAME=ztpsv_CLU_ -DCNAME=ztpsv_CLU -DCHAR_NAME=\"ztpsv_CLU_\" -DCHAR_CNAME=\"ztpsv_CLU\" -DNO_AFFINITY -I../.. -DDOUBLE  -DCOMPLEX -DDOUBLE -DCOMPLEX -DTRANSA=4 -DUNIT ztpsv_U.c -o ztpsv_CLU.o
cc -c -O2 -DMAX_STACK_ALLOC=2048 -Wall -m64 -DF_INTERFACE_GFORT -fPIC -DNO_LAPACK -DNO_LAPACKE -DSMP_SERVER -DNO_WARMUP -DMAX_CPU_NUMBER=4 -DMAX_PARALLEL_NUMBER=1 -DBUILD_SINGLE=1 -DBUILD_DOUBLE=1 -DBUILD_COMPLEX=1 -DBUILD_COMPLEX16=1 -DVERSION=\"0.3.17.dev\" -msse3 -mssse3 -msse4.1 -mavx -mavx2 -mavx2 -UASMNAME -UASMFNAME -UNAME -UCNAME -UCHAR_NAME -UCHAR_CNAME -DASMNAME=ztpsv_CLN -DASMFNAME=ztpsv_CLN_ -DNAME=ztpsv_CLN_ -DCNAME=ztpsv_CLN -DCHAR_NAME=\"ztpsv_CLN_\" -DCHAR_CNAME=\"ztpsv_CLN\" -DNO_AFFINITY -I../.. -DDOUBLE  -DCOMPLEX -DDOUBLE -DCOMPLEX -DTRANSA=4 -UUNIT ztpsv_U.c -o ztpsv_CLN.o
cc -c -O2 -DMAX_STACK_ALLOC=2048 -Wall -m64 -DF_INTERFACE_GFORT -fPIC -DNO_LAPACK -DNO_LAPACKE -DSMP_SERVER -DNO_WARMUP -DMAX_CPU_NUMBER=4 -DMAX_PARALLEL_NUMBER=1 -DBUILD_SINGLE=1 -DBUILD_DOUBLE=1 -DBUILD_COMPLEX=1 -DBUILD_COMPLEX16=1 -DVERSION=\"0.3.17.dev\" -msse3 -mssse3 -msse4.1 -mavx -mavx2 -mavx2 -UASMNAME -UASMFNAME -UNAME -UCNAME -UCHAR_NAME -UCHAR_CNAME -DASMNAME=ztrmv_NUU -DASMFNAME=ztrmv_NUU_ -DNAME=ztrmv_NUU_ -DCNAME=ztrmv_NUU -DCHAR_NAME=\"ztrmv_NUU_\" -DCHAR_CNAME=\"ztrmv_NUU\" -DNO_AFFINITY -I../.. -DDOUBLE  -DCOMPLEX -DCOMPLEX -DDOUBLE -DTRANSA=1 -DUNIT ztrmv_U.c -o ztrmv_NUU.o
cc -c -O2 -DMAX_STACK_ALLOC=2048 -Wall -m64 -DF_INTERFACE_GFORT -fPIC -DNO_LAPACK -DNO_LAPACKE -DSMP_SERVER -DNO_WARMUP -DMAX_CPU_NUMBER=4 -DMAX_PARALLEL_NUMBER=1 -DBUILD_SINGLE=1 -DBUILD_DOUBLE=1 -DBUILD_COMPLEX=1 -DBUILD_COMPLEX16=1 -DVERSION=\"0.3.17.dev\" -msse3 -mssse3 -msse4.1 -mavx -mavx2 -mavx2 -UASMNAME -UASMFNAME -UNAME -UCNAME -UCHAR_NAME -UCHAR_CNAME -DASMNAME=ztrmv_NUN -DASMFNAME=ztrmv_NUN_ -DNAME=ztrmv_NUN_ -DCNAME=ztrmv_NUN -DCHAR_NAME=\"ztrmv_NUN_\" -DCHAR_CNAME=\"ztrmv_NUN\" -DNO_AFFINITY -I../.. -DDOUBLE  -DCOMPLEX -DCOMPLEX -DDOUBLE -DTRANSA=1 -UUNIT ztrmv_U.c -o ztrmv_NUN.o
cc -c -O2 -DMAX_STACK_ALLOC=2048 -Wall -m64 -DF_INTERFACE_GFORT -fPIC -DNO_LAPACK -DNO_LAPACKE -DSMP_SERVER -DNO_WARMUP -DMAX_CPU_NUMBER=4 -DMAX_PARALLEL_NUMBER=1 -DBUILD_SINGLE=1 -DBUILD_DOUBLE=1 -DBUILD_COMPLEX=1 -DBUILD_COMPLEX16=1 -DVERSION=\"0.3.17.dev\" -msse3 -mssse3 -msse4.1 -mavx -mavx2 -mavx2 -UASMNAME -UASMFNAME -UNAME -UCNAME -UCHAR_NAME -UCHAR_CNAME -DASMNAME=ztrmv_NLU -DASMFNAME=ztrmv_NLU_ -DNAME=ztrmv_NLU_ -DCNAME=ztrmv_NLU -DCHAR_NAME=\"ztrmv_NLU_\" -DCHAR_CNAME=\"ztrmv_NLU\" -DNO_AFFINITY -I../.. -DDOUBLE  -DCOMPLEX -DCOMPLEX -DDOUBLE -DTRANSA=1 -DUNIT ztrmv_L.c -o ztrmv_NLU.o
cc -c -O2 -DMAX_STACK_ALLOC=2048 -Wall -m64 -DF_INTERFACE_GFORT -fPIC -DNO_LAPACK -DNO_LAPACKE -DSMP_SERVER -DNO_WARMUP -DMAX_CPU_NUMBER=4 -DMAX_PARALLEL_NUMBER=1 -DBUILD_SINGLE=1 -DBUILD_DOUBLE=1 -DBUILD_COMPLEX=1 -DBUILD_COMPLEX16=1 -DVERSION=\"0.3.17.dev\" -msse3 -mssse3 -msse4.1 -mavx -mavx2 -mavx2 -UASMNAME -UASMFNAME -UNAME -UCNAME -UCHAR_NAME -UCHAR_CNAME -DASMNAME=ztrmv_NLN -DASMFNAME=ztrmv_NLN_ -DNAME=ztrmv_NLN_ -DCNAME=ztrmv_NLN -DCHAR_NAME=\"ztrmv_NLN_\" -DCHAR_CNAME=\"ztrmv_NLN\" -DNO_AFFINITY -I../.. -DDOUBLE  -DCOMPLEX -DCOMPLEX -DDOUBLE -DTRANSA=1 -UUNIT ztrmv_L.c -o ztrmv_NLN.o
cc -c -O2 -DMAX_STACK_ALLOC=2048 -Wall -m64 -DF_INTERFACE_GFORT -fPIC -DNO_LAPACK -DNO_LAPACKE -DSMP_SERVER -DNO_WARMUP -DMAX_CPU_NUMBER=4 -DMAX_PARALLEL_NUMBER=1 -DBUILD_SINGLE=1 -DBUILD_DOUBLE=1 -DBUILD_COMPLEX=1 -DBUILD_COMPLEX16=1 -DVERSION=\"0.3.17.dev\" -msse3 -mssse3 -msse4.1 -mavx -mavx2 -mavx2 -UASMNAME -UASMFNAME -UNAME -UCNAME -UCHAR_NAME -UCHAR_CNAME -DASMNAME=ztrmv_TUU -DASMFNAME=ztrmv_TUU_ -DNAME=ztrmv_TUU_ -DCNAME=ztrmv_TUU -DCHAR_NAME=\"ztrmv_TUU_\" -DCHAR_CNAME=\"ztrmv_TUU\" -DNO_AFFINITY -I../.. -DDOUBLE  -DCOMPLEX -DCOMPLEX -DDOUBLE -DTRANSA=2 -DUNIT ztrmv_L.c -o ztrmv_TUU.o
cc -c -O2 -DMAX_STACK_ALLOC=2048 -Wall -m64 -DF_INTERFACE_GFORT -fPIC -DNO_LAPACK -DNO_LAPACKE -DSMP_SERVER -DNO_WARMUP -DMAX_CPU_NUMBER=4 -DMAX_PARALLEL_NUMBER=1 -DBUILD_SINGLE=1 -DBUILD_DOUBLE=1 -DBUILD_COMPLEX=1 -DBUILD_COMPLEX16=1 -DVERSION=\"0.3.17.dev\" -msse3 -mssse3 -msse4.1 -mavx -mavx2 -mavx2 -UASMNAME -UASMFNAME -UNAME -UCNAME -UCHAR_NAME -UCHAR_CNAME -DASMNAME=ztrmv_TUN -DASMFNAME=ztrmv_TUN_ -DNAME=ztrmv_TUN_ -DCNAME=ztrmv_TUN -DCHAR_NAME=\"ztrmv_TUN_\" -DCHAR_CNAME=\"ztrmv_TUN\" -DNO_AFFINITY -I../.. -DDOUBLE  -DCOMPLEX -DCOMPLEX -DDOUBLE -DTRANSA=2 -UUNIT ztrmv_L.c -o ztrmv_TUN.o
cc -c -O2 -DMAX_STACK_ALLOC=2048 -Wall -m64 -DF_INTERFACE_GFORT -fPIC -DNO_LAPACK -DNO_LAPACKE -DSMP_SERVER -DNO_WARMUP -DMAX_CPU_NUMBER=4 -DMAX_PARALLEL_NUMBER=1 -DBUILD_SINGLE=1 -DBUILD_DOUBLE=1 -DBUILD_COMPLEX=1 -DBUILD_COMPLEX16=1 -DVERSION=\"0.3.17.dev\" -msse3 -mssse3 -msse4.1 -mavx -mavx2 -mavx2 -UASMNAME -UASMFNAME -UNAME -UCNAME -UCHAR_NAME -UCHAR_CNAME -DASMNAME=ztrmv_TLU -DASMFNAME=ztrmv_TLU_ -DNAME=ztrmv_TLU_ -DCNAME=ztrmv_TLU -DCHAR_NAME=\"ztrmv_TLU_\" -DCHAR_CNAME=\"ztrmv_TLU\" -DNO_AFFINITY -I../.. -DDOUBLE  -DCOMPLEX -DCOMPLEX -DDOUBLE -DTRANSA=2 -DUNIT ztrmv_U.c -o ztrmv_TLU.o
cc -c -O2 -DMAX_STACK_ALLOC=2048 -Wall -m64 -DF_INTERFACE_GFORT -fPIC -DNO_LAPACK -DNO_LAPACKE -DSMP_SERVER -DNO_WARMUP -DMAX_CPU_NUMBER=4 -DMAX_PARALLEL_NUMBER=1 -DBUILD_SINGLE=1 -DBUILD_DOUBLE=1 -DBUILD_COMPLEX=1 -DBUILD_COMPLEX16=1 -DVERSION=\"0.3.17.dev\" -msse3 -mssse3 -msse4.1 -mavx -mavx2 -mavx2 -UASMNAME -UASMFNAME -UNAME -UCNAME -UCHAR_NAME -UCHAR_CNAME -DASMNAME=ztrmv_TLN -DASMFNAME=ztrmv_TLN_ -DNAME=ztrmv_TLN_ -DCNAME=ztrmv_TLN -DCHAR_NAME=\"ztrmv_TLN_\" -DCHAR_CNAME=\"ztrmv_TLN\" -DNO_AFFINITY -I../.. -DDOUBLE  -DCOMPLEX -DCOMPLEX -DDOUBLE -DTRANSA=2 -UUNIT ztrmv_U.c -o ztrmv_TLN.o
cc -c -O2 -DMAX_STACK_ALLOC=2048 -Wall -m64 -DF_INTERFACE_GFORT -fPIC -DNO_LAPACK -DNO_LAPACKE -DSMP_SERVER -DNO_WARMUP -DMAX_CPU_NUMBER=4 -DMAX_PARALLEL_NUMBER=1 -DBUILD_SINGLE=1 -DBUILD_DOUBLE=1 -DBUILD_COMPLEX=1 -DBUILD_COMPLEX16=1 -DVERSION=\"0.3.17.dev\" -msse3 -mssse3 -msse4.1 -mavx -mavx2 -mavx2 -UASMNAME -UASMFNAME -UNAME -UCNAME -UCHAR_NAME -UCHAR_CNAME -DASMNAME=ztrmv_RUU -DASMFNAME=ztrmv_RUU_ -DNAME=ztrmv_RUU_ -DCNAME=ztrmv_RUU -DCHAR_NAME=\"ztrmv_RUU_\" -DCHAR_CNAME=\"ztrmv_RUU\" -DNO_AFFINITY -I../.. -DDOUBLE  -DCOMPLEX -DCOMPLEX -DDOUBLE -DTRANSA=3 -DUNIT ztrmv_U.c -o ztrmv_RUU.o
cc -c -O2 -DMAX_STACK_ALLOC=2048 -Wall -m64 -DF_INTERFACE_GFORT -fPIC -DNO_LAPACK -DNO_LAPACKE -DSMP_SERVER -DNO_WARMUP -DMAX_CPU_NUMBER=4 -DMAX_PARALLEL_NUMBER=1 -DBUILD_SINGLE=1 -DBUILD_DOUBLE=1 -DBUILD_COMPLEX=1 -DBUILD_COMPLEX16=1 -DVERSION=\"0.3.17.dev\" -msse3 -mssse3 -msse4.1 -mavx -mavx2 -mavx2 -UASMNAME -UASMFNAME -UNAME -UCNAME -UCHAR_NAME -UCHAR_CNAME -DASMNAME=ztrmv_RUN -DASMFNAME=ztrmv_RUN_ -DNAME=ztrmv_RUN_ -DCNAME=ztrmv_RUN -DCHAR_NAME=\"ztrmv_RUN_\" -DCHAR_CNAME=\"ztrmv_RUN\" -DNO_AFFINITY -I../.. -DDOUBLE  -DCOMPLEX -DCOMPLEX -DDOUBLE -DTRANSA=3 -UUNIT ztrmv_U.c -o ztrmv_RUN.o
cc -c -O2 -DMAX_STACK_ALLOC=2048 -Wall -m64 -DF_INTERFACE_GFORT -fPIC -DNO_LAPACK -DNO_LAPACKE -DSMP_SERVER -DNO_WARMUP -DMAX_CPU_NUMBER=4 -DMAX_PARALLEL_NUMBER=1 -DBUILD_SINGLE=1 -DBUILD_DOUBLE=1 -DBUILD_COMPLEX=1 -DBUILD_COMPLEX16=1 -DVERSION=\"0.3.17.dev\" -msse3 -mssse3 -msse4.1 -mavx -mavx2 -mavx2 -UASMNAME -UASMFNAME -UNAME -UCNAME -UCHAR_NAME -UCHAR_CNAME -DASMNAME=ztrmv_RLU -DASMFNAME=ztrmv_RLU_ -DNAME=ztrmv_RLU_ -DCNAME=ztrmv_RLU -DCHAR_NAME=\"ztrmv_RLU_\" -DCHAR_CNAME=\"ztrmv_RLU\" -DNO_AFFINITY -I../.. -DDOUBLE  -DCOMPLEX -DCOMPLEX -DDOUBLE -DTRANSA=3 -DUNIT ztrmv_L.c -o ztrmv_RLU.o
cc -c -O2 -DMAX_STACK_ALLOC=2048 -Wall -m64 -DF_INTERFACE_GFORT -fPIC -DNO_LAPACK -DNO_LAPACKE -DSMP_SERVER -DNO_WARMUP -DMAX_CPU_NUMBER=4 -DMAX_PARALLEL_NUMBER=1 -DBUILD_SINGLE=1 -DBUILD_DOUBLE=1 -DBUILD_COMPLEX=1 -DBUILD_COMPLEX16=1 -DVERSION=\"0.3.17.dev\" -msse3 -mssse3 -msse4.1 -mavx -mavx2 -mavx2 -UASMNAME -UASMFNAME -UNAME -UCNAME -UCHAR_NAME -UCHAR_CNAME -DASMNAME=ztrmv_RLN -DASMFNAME=ztrmv_RLN_ -DNAME=ztrmv_RLN_ -DCNAME=ztrmv_RLN -DCHAR_NAME=\"ztrmv_RLN_\" -DCHAR_CNAME=\"ztrmv_RLN\" -DNO_AFFINITY -I../.. -DDOUBLE  -DCOMPLEX -DCOMPLEX -DDOUBLE -DTRANSA=3 -UUNIT ztrmv_L.c -o ztrmv_RLN.o
cc -c -O2 -DMAX_STACK_ALLOC=2048 -Wall -m64 -DF_INTERFACE_GFORT -fPIC -DNO_LAPACK -DNO_LAPACKE -DSMP_SERVER -DNO_WARMUP -DMAX_CPU_NUMBER=4 -DMAX_PARALLEL_NUMBER=1 -DBUILD_SINGLE=1 -DBUILD_DOUBLE=1 -DBUILD_COMPLEX=1 -DBUILD_COMPLEX16=1 -DVERSION=\"0.3.17.dev\" -msse3 -mssse3 -msse4.1 -mavx -mavx2 -mavx2 -UASMNAME -UASMFNAME -UNAME -UCNAME -UCHAR_NAME -UCHAR_CNAME -DASMNAME=ztrmv_CUU -DASMFNAME=ztrmv_CUU_ -DNAME=ztrmv_CUU_ -DCNAME=ztrmv_CUU -DCHAR_NAME=\"ztrmv_CUU_\" -DCHAR_CNAME=\"ztrmv_CUU\" -DNO_AFFINITY -I../.. -DDOUBLE  -DCOMPLEX -DCOMPLEX -DDOUBLE -DTRANSA=4 -DUNIT ztrmv_L.c -o ztrmv_CUU.o
cc -c -O2 -DMAX_STACK_ALLOC=2048 -Wall -m64 -DF_INTERFACE_GFORT -fPIC -DNO_LAPACK -DNO_LAPACKE -DSMP_SERVER -DNO_WARMUP -DMAX_CPU_NUMBER=4 -DMAX_PARALLEL_NUMBER=1 -DBUILD_SINGLE=1 -DBUILD_DOUBLE=1 -DBUILD_COMPLEX=1 -DBUILD_COMPLEX16=1 -DVERSION=\"0.3.17.dev\" -msse3 -mssse3 -msse4.1 -mavx -mavx2 -mavx2 -UASMNAME -UASMFNAME -UNAME -UCNAME -UCHAR_NAME -UCHAR_CNAME -DASMNAME=ztrmv_CUN -DASMFNAME=ztrmv_CUN_ -DNAME=ztrmv_CUN_ -DCNAME=ztrmv_CUN -DCHAR_NAME=\"ztrmv_CUN_\" -DCHAR_CNAME=\"ztrmv_CUN\" -DNO_AFFINITY -I../.. -DDOUBLE  -DCOMPLEX -DCOMPLEX -DDOUBLE -DTRANSA=4 -UUNIT ztrmv_L.c -o ztrmv_CUN.o
cc -c -O2 -DMAX_STACK_ALLOC=2048 -Wall -m64 -DF_INTERFACE_GFORT -fPIC -DNO_LAPACK -DNO_LAPACKE -DSMP_SERVER -DNO_WARMUP -DMAX_CPU_NUMBER=4 -DMAX_PARALLEL_NUMBER=1 -DBUILD_SINGLE=1 -DBUILD_DOUBLE=1 -DBUILD_COMPLEX=1 -DBUILD_COMPLEX16=1 -DVERSION=\"0.3.17.dev\" -msse3 -mssse3 -msse4.1 -mavx -mavx2 -mavx2 -UASMNAME -UASMFNAME -UNAME -UCNAME -UCHAR_NAME -UCHAR_CNAME -DASMNAME=ztrmv_CLU -DASMFNAME=ztrmv_CLU_ -DNAME=ztrmv_CLU_ -DCNAME=ztrmv_CLU -DCHAR_NAME=\"ztrmv_CLU_\" -DCHAR_CNAME=\"ztrmv_CLU\" -DNO_AFFINITY -I../.. -DDOUBLE  -DCOMPLEX -DCOMPLEX -DDOUBLE -DTRANSA=4 -DUNIT ztrmv_U.c -o ztrmv_CLU.o
cc -c -O2 -DMAX_STACK_ALLOC=2048 -Wall -m64 -DF_INTERFACE_GFORT -fPIC -DNO_LAPACK -DNO_LAPACKE -DSMP_SERVER -DNO_WARMUP -DMAX_CPU_NUMBER=4 -DMAX_PARALLEL_NUMBER=1 -DBUILD_SINGLE=1 -DBUILD_DOUBLE=1 -DBUILD_COMPLEX=1 -DBUILD_COMPLEX16=1 -DVERSION=\"0.3.17.dev\" -msse3 -mssse3 -msse4.1 -mavx -mavx2 -mavx2 -UASMNAME -UASMFNAME -UNAME -UCNAME -UCHAR_NAME -UCHAR_CNAME -DASMNAME=ztrmv_CLN -DASMFNAME=ztrmv_CLN_ -DNAME=ztrmv_CLN_ -DCNAME=ztrmv_CLN -DCHAR_NAME=\"ztrmv_CLN_\" -DCHAR_CNAME=\"ztrmv_CLN\" -DNO_AFFINITY -I../.. -DDOUBLE  -DCOMPLEX -DCOMPLEX -DDOUBLE -DTRANSA=4 -UUNIT ztrmv_U.c -o ztrmv_CLN.o
cc -c -O2 -DMAX_STACK_ALLOC=2048 -Wall -m64 -DF_INTERFACE_GFORT -fPIC -DNO_LAPACK -DNO_LAPACKE -DSMP_SERVER -DNO_WARMUP -DMAX_CPU_NUMBER=4 -DMAX_PARALLEL_NUMBER=1 -DBUILD_SINGLE=1 -DBUILD_DOUBLE=1 -DBUILD_COMPLEX=1 -DBUILD_COMPLEX16=1 -DVERSION=\"0.3.17.dev\" -msse3 -mssse3 -msse4.1 -mavx -mavx2 -mavx2 -UASMNAME -UASMFNAME -UNAME -UCNAME -UCHAR_NAME -UCHAR_CNAME -DASMNAME=ztrsv_NUU -DASMFNAME=ztrsv_NUU_ -DNAME=ztrsv_NUU_ -DCNAME=ztrsv_NUU -DCHAR_NAME=\"ztrsv_NUU_\" -DCHAR_CNAME=\"ztrsv_NUU\" -DNO_AFFINITY -I../.. -DDOUBLE  -DCOMPLEX -DDOUBLE -DCOMPLEX -DTRANSA=1 -DUNIT ztrsv_U.c -o ztrsv_NUU.o
cc -c -O2 -DMAX_STACK_ALLOC=2048 -Wall -m64 -DF_INTERFACE_GFORT -fPIC -DNO_LAPACK -DNO_LAPACKE -DSMP_SERVER -DNO_WARMUP -DMAX_CPU_NUMBER=4 -DMAX_PARALLEL_NUMBER=1 -DBUILD_SINGLE=1 -DBUILD_DOUBLE=1 -DBUILD_COMPLEX=1 -DBUILD_COMPLEX16=1 -DVERSION=\"0.3.17.dev\" -msse3 -mssse3 -msse4.1 -mavx -mavx2 -mavx2 -UASMNAME -UASMFNAME -UNAME -UCNAME -UCHAR_NAME -UCHAR_CNAME -DASMNAME=ztrsv_NUN -DASMFNAME=ztrsv_NUN_ -DNAME=ztrsv_NUN_ -DCNAME=ztrsv_NUN -DCHAR_NAME=\"ztrsv_NUN_\" -DCHAR_CNAME=\"ztrsv_NUN\" -DNO_AFFINITY -I../.. -DDOUBLE  -DCOMPLEX -DDOUBLE -DCOMPLEX -DTRANSA=1 -UUNIT ztrsv_U.c -o ztrsv_NUN.o
cc -c -O2 -DMAX_STACK_ALLOC=2048 -Wall -m64 -DF_INTERFACE_GFORT -fPIC -DNO_LAPACK -DNO_LAPACKE -DSMP_SERVER -DNO_WARMUP -DMAX_CPU_NUMBER=4 -DMAX_PARALLEL_NUMBER=1 -DBUILD_SINGLE=1 -DBUILD_DOUBLE=1 -DBUILD_COMPLEX=1 -DBUILD_COMPLEX16=1 -DVERSION=\"0.3.17.dev\" -msse3 -mssse3 -msse4.1 -mavx -mavx2 -mavx2 -UASMNAME -UASMFNAME -UNAME -UCNAME -UCHAR_NAME -UCHAR_CNAME -DASMNAME=ztrsv_NLU -DASMFNAME=ztrsv_NLU_ -DNAME=ztrsv_NLU_ -DCNAME=ztrsv_NLU -DCHAR_NAME=\"ztrsv_NLU_\" -DCHAR_CNAME=\"ztrsv_NLU\" -DNO_AFFINITY -I../.. -DDOUBLE  -DCOMPLEX -DDOUBLE -DCOMPLEX -DTRANSA=1 -DUNIT ztrsv_L.c -o ztrsv_NLU.o
cc -c -O2 -DMAX_STACK_ALLOC=2048 -Wall -m64 -DF_INTERFACE_GFORT -fPIC -DNO_LAPACK -DNO_LAPACKE -DSMP_SERVER -DNO_WARMUP -DMAX_CPU_NUMBER=4 -DMAX_PARALLEL_NUMBER=1 -DBUILD_SINGLE=1 -DBUILD_DOUBLE=1 -DBUILD_COMPLEX=1 -DBUILD_COMPLEX16=1 -DVERSION=\"0.3.17.dev\" -msse3 -mssse3 -msse4.1 -mavx -mavx2 -mavx2 -UASMNAME -UASMFNAME -UNAME -UCNAME -UCHAR_NAME -UCHAR_CNAME -DASMNAME=ztrsv_NLN -DASMFNAME=ztrsv_NLN_ -DNAME=ztrsv_NLN_ -DCNAME=ztrsv_NLN -DCHAR_NAME=\"ztrsv_NLN_\" -DCHAR_CNAME=\"ztrsv_NLN\" -DNO_AFFINITY -I../.. -DDOUBLE  -DCOMPLEX -DDOUBLE -DCOMPLEX -DTRANSA=1 -UUNIT ztrsv_L.c -o ztrsv_NLN.o
cc -c -O2 -DMAX_STACK_ALLOC=2048 -Wall -m64 -DF_INTERFACE_GFORT -fPIC -DNO_LAPACK -DNO_LAPACKE -DSMP_SERVER -DNO_WARMUP -DMAX_CPU_NUMBER=4 -DMAX_PARALLEL_NUMBER=1 -DBUILD_SINGLE=1 -DBUILD_DOUBLE=1 -DBUILD_COMPLEX=1 -DBUILD_COMPLEX16=1 -DVERSION=\"0.3.17.dev\" -msse3 -mssse3 -msse4.1 -mavx -mavx2 -mavx2 -UASMNAME -UASMFNAME -UNAME -UCNAME -UCHAR_NAME -UCHAR_CNAME -DASMNAME=ztrsv_TUU -DASMFNAME=ztrsv_TUU_ -DNAME=ztrsv_TUU_ -DCNAME=ztrsv_TUU -DCHAR_NAME=\"ztrsv_TUU_\" -DCHAR_CNAME=\"ztrsv_TUU\" -DNO_AFFINITY -I../.. -DDOUBLE  -DCOMPLEX -DDOUBLE -DCOMPLEX -DTRANSA=2 -DUNIT ztrsv_L.c -o ztrsv_TUU.o
cc -c -O2 -DMAX_STACK_ALLOC=2048 -Wall -m64 -DF_INTERFACE_GFORT -fPIC -DNO_LAPACK -DNO_LAPACKE -DSMP_SERVER -DNO_WARMUP -DMAX_CPU_NUMBER=4 -DMAX_PARALLEL_NUMBER=1 -DBUILD_SINGLE=1 -DBUILD_DOUBLE=1 -DBUILD_COMPLEX=1 -DBUILD_COMPLEX16=1 -DVERSION=\"0.3.17.dev\" -msse3 -mssse3 -msse4.1 -mavx -mavx2 -mavx2 -UASMNAME -UASMFNAME -UNAME -UCNAME -UCHAR_NAME -UCHAR_CNAME -DASMNAME=ztrsv_TUN -DASMFNAME=ztrsv_TUN_ -DNAME=ztrsv_TUN_ -DCNAME=ztrsv_TUN -DCHAR_NAME=\"ztrsv_TUN_\" -DCHAR_CNAME=\"ztrsv_TUN\" -DNO_AFFINITY -I../.. -DDOUBLE  -DCOMPLEX -DDOUBLE -DCOMPLEX -DTRANSA=2 -UUNIT ztrsv_L.c -o ztrsv_TUN.o
cc -c -O2 -DMAX_STACK_ALLOC=2048 -Wall -m64 -DF_INTERFACE_GFORT -fPIC -DNO_LAPACK -DNO_LAPACKE -DSMP_SERVER -DNO_WARMUP -DMAX_CPU_NUMBER=4 -DMAX_PARALLEL_NUMBER=1 -DBUILD_SINGLE=1 -DBUILD_DOUBLE=1 -DBUILD_COMPLEX=1 -DBUILD_COMPLEX16=1 -DVERSION=\"0.3.17.dev\" -msse3 -mssse3 -msse4.1 -mavx -mavx2 -mavx2 -UASMNAME -UASMFNAME -UNAME -UCNAME -UCHAR_NAME -UCHAR_CNAME -DASMNAME=ztrsv_TLU -DASMFNAME=ztrsv_TLU_ -DNAME=ztrsv_TLU_ -DCNAME=ztrsv_TLU -DCHAR_NAME=\"ztrsv_TLU_\" -DCHAR_CNAME=\"ztrsv_TLU\" -DNO_AFFINITY -I../.. -DDOUBLE  -DCOMPLEX -DDOUBLE -DCOMPLEX -DTRANSA=2 -DUNIT ztrsv_U.c -o ztrsv_TLU.o
cc -c -O2 -DMAX_STACK_ALLOC=2048 -Wall -m64 -DF_INTERFACE_GFORT -fPIC -DNO_LAPACK -DNO_LAPACKE -DSMP_SERVER -DNO_WARMUP -DMAX_CPU_NUMBER=4 -DMAX_PARALLEL_NUMBER=1 -DBUILD_SINGLE=1 -DBUILD_DOUBLE=1 -DBUILD_COMPLEX=1 -DBUILD_COMPLEX16=1 -DVERSION=\"0.3.17.dev\" -msse3 -mssse3 -msse4.1 -mavx -mavx2 -mavx2 -UASMNAME -UASMFNAME -UNAME -UCNAME -UCHAR_NAME -UCHAR_CNAME -DASMNAME=ztrsv_TLN -DASMFNAME=ztrsv_TLN_ -DNAME=ztrsv_TLN_ -DCNAME=ztrsv_TLN -DCHAR_NAME=\"ztrsv_TLN_\" -DCHAR_CNAME=\"ztrsv_TLN\" -DNO_AFFINITY -I../.. -DDOUBLE  -DCOMPLEX -DDOUBLE -DCOMPLEX -DTRANSA=2 -UUNIT ztrsv_U.c -o ztrsv_TLN.o
cc -c -O2 -DMAX_STACK_ALLOC=2048 -Wall -m64 -DF_INTERFACE_GFORT -fPIC -DNO_LAPACK -DNO_LAPACKE -DSMP_SERVER -DNO_WARMUP -DMAX_CPU_NUMBER=4 -DMAX_PARALLEL_NUMBER=1 -DBUILD_SINGLE=1 -DBUILD_DOUBLE=1 -DBUILD_COMPLEX=1 -DBUILD_COMPLEX16=1 -DVERSION=\"0.3.17.dev\" -msse3 -mssse3 -msse4.1 -mavx -mavx2 -mavx2 -UASMNAME -UASMFNAME -UNAME -UCNAME -UCHAR_NAME -UCHAR_CNAME -DASMNAME=ztrsv_RUU -DASMFNAME=ztrsv_RUU_ -DNAME=ztrsv_RUU_ -DCNAME=ztrsv_RUU -DCHAR_NAME=\"ztrsv_RUU_\" -DCHAR_CNAME=\"ztrsv_RUU\" -DNO_AFFINITY -I../.. -DDOUBLE  -DCOMPLEX -DDOUBLE -DCOMPLEX -DTRANSA=3 -DUNIT ztrsv_U.c -o ztrsv_RUU.o
cc -c -O2 -DMAX_STACK_ALLOC=2048 -Wall -m64 -DF_INTERFACE_GFORT -fPIC -DNO_LAPACK -DNO_LAPACKE -DSMP_SERVER -DNO_WARMUP -DMAX_CPU_NUMBER=4 -DMAX_PARALLEL_NUMBER=1 -DBUILD_SINGLE=1 -DBUILD_DOUBLE=1 -DBUILD_COMPLEX=1 -DBUILD_COMPLEX16=1 -DVERSION=\"0.3.17.dev\" -msse3 -mssse3 -msse4.1 -mavx -mavx2 -mavx2 -UASMNAME -UASMFNAME -UNAME -UCNAME -UCHAR_NAME -UCHAR_CNAME -DASMNAME=ztrsv_RUN -DASMFNAME=ztrsv_RUN_ -DNAME=ztrsv_RUN_ -DCNAME=ztrsv_RUN -DCHAR_NAME=\"ztrsv_RUN_\" -DCHAR_CNAME=\"ztrsv_RUN\" -DNO_AFFINITY -I../.. -DDOUBLE  -DCOMPLEX -DDOUBLE -DCOMPLEX -DTRANSA=3 -UUNIT ztrsv_U.c -o ztrsv_RUN.o
cc -c -O2 -DMAX_STACK_ALLOC=2048 -Wall -m64 -DF_INTERFACE_GFORT -fPIC -DNO_LAPACK -DNO_LAPACKE -DSMP_SERVER -DNO_WARMUP -DMAX_CPU_NUMBER=4 -DMAX_PARALLEL_NUMBER=1 -DBUILD_SINGLE=1 -DBUILD_DOUBLE=1 -DBUILD_COMPLEX=1 -DBUILD_COMPLEX16=1 -DVERSION=\"0.3.17.dev\" -msse3 -mssse3 -msse4.1 -mavx -mavx2 -mavx2 -UASMNAME -UASMFNAME -UNAME -UCNAME -UCHAR_NAME -UCHAR_CNAME -DASMNAME=ztrsv_RLU -DASMFNAME=ztrsv_RLU_ -DNAME=ztrsv_RLU_ -DCNAME=ztrsv_RLU -DCHAR_NAME=\"ztrsv_RLU_\" -DCHAR_CNAME=\"ztrsv_RLU\" -DNO_AFFINITY -I../.. -DDOUBLE  -DCOMPLEX -DDOUBLE -DCOMPLEX -DTRANSA=3 -DUNIT ztrsv_L.c -o ztrsv_RLU.o
cc -c -O2 -DMAX_STACK_ALLOC=2048 -Wall -m64 -DF_INTERFACE_GFORT -fPIC -DNO_LAPACK -DNO_LAPACKE -DSMP_SERVER -DNO_WARMUP -DMAX_CPU_NUMBER=4 -DMAX_PARALLEL_NUMBER=1 -DBUILD_SINGLE=1 -DBUILD_DOUBLE=1 -DBUILD_COMPLEX=1 -DBUILD_COMPLEX16=1 -DVERSION=\"0.3.17.dev\" -msse3 -mssse3 -msse4.1 -mavx -mavx2 -mavx2 -UASMNAME -UASMFNAME -UNAME -UCNAME -UCHAR_NAME -UCHAR_CNAME -DASMNAME=ztrsv_RLN -DASMFNAME=ztrsv_RLN_ -DNAME=ztrsv_RLN_ -DCNAME=ztrsv_RLN -DCHAR_NAME=\"ztrsv_RLN_\" -DCHAR_CNAME=\"ztrsv_RLN\" -DNO_AFFINITY -I../.. -DDOUBLE  -DCOMPLEX -DDOUBLE -DCOMPLEX -DTRANSA=3 -UUNIT ztrsv_L.c -o ztrsv_RLN.o
cc -c -O2 -DMAX_STACK_ALLOC=2048 -Wall -m64 -DF_INTERFACE_GFORT -fPIC -DNO_LAPACK -DNO_LAPACKE -DSMP_SERVER -DNO_WARMUP -DMAX_CPU_NUMBER=4 -DMAX_PARALLEL_NUMBER=1 -DBUILD_SINGLE=1 -DBUILD_DOUBLE=1 -DBUILD_COMPLEX=1 -DBUILD_COMPLEX16=1 -DVERSION=\"0.3.17.dev\" -msse3 -mssse3 -msse4.1 -mavx -mavx2 -mavx2 -UASMNAME -UASMFNAME -UNAME -UCNAME -UCHAR_NAME -UCHAR_CNAME -DASMNAME=ztrsv_CUU -DASMFNAME=ztrsv_CUU_ -DNAME=ztrsv_CUU_ -DCNAME=ztrsv_CUU -DCHAR_NAME=\"ztrsv_CUU_\" -DCHAR_CNAME=\"ztrsv_CUU\" -DNO_AFFINITY -I../.. -DDOUBLE  -DCOMPLEX -DDOUBLE -DCOMPLEX -DTRANSA=4 -DUNIT ztrsv_L.c -o ztrsv_CUU.o
cc -c -O2 -DMAX_STACK_ALLOC=2048 -Wall -m64 -DF_INTERFACE_GFORT -fPIC -DNO_LAPACK -DNO_LAPACKE -DSMP_SERVER -DNO_WARMUP -DMAX_CPU_NUMBER=4 -DMAX_PARALLEL_NUMBER=1 -DBUILD_SINGLE=1 -DBUILD_DOUBLE=1 -DBUILD_COMPLEX=1 -DBUILD_COMPLEX16=1 -DVERSION=\"0.3.17.dev\" -msse3 -mssse3 -msse4.1 -mavx -mavx2 -mavx2 -UASMNAME -UASMFNAME -UNAME -UCNAME -UCHAR_NAME -UCHAR_CNAME -DASMNAME=ztrsv_CUN -DASMFNAME=ztrsv_CUN_ -DNAME=ztrsv_CUN_ -DCNAME=ztrsv_CUN -DCHAR_NAME=\"ztrsv_CUN_\" -DCHAR_CNAME=\"ztrsv_CUN\" -DNO_AFFINITY -I../.. -DDOUBLE  -DCOMPLEX -DDOUBLE -DCOMPLEX -DTRANSA=4 -UUNIT ztrsv_L.c -o ztrsv_CUN.o
cc -c -O2 -DMAX_STACK_ALLOC=2048 -Wall -m64 -DF_INTERFACE_GFORT -fPIC -DNO_LAPACK -DNO_LAPACKE -DSMP_SERVER -DNO_WARMUP -DMAX_CPU_NUMBER=4 -DMAX_PARALLEL_NUMBER=1 -DBUILD_SINGLE=1 -DBUILD_DOUBLE=1 -DBUILD_COMPLEX=1 -DBUILD_COMPLEX16=1 -DVERSION=\"0.3.17.dev\" -msse3 -mssse3 -msse4.1 -mavx -mavx2 -mavx2 -UASMNAME -UASMFNAME -UNAME -UCNAME -UCHAR_NAME -UCHAR_CNAME -DASMNAME=ztrsv_CLU -DASMFNAME=ztrsv_CLU_ -DNAME=ztrsv_CLU_ -DCNAME=ztrsv_CLU -DCHAR_NAME=\"ztrsv_CLU_\" -DCHAR_CNAME=\"ztrsv_CLU\" -DNO_AFFINITY -I../.. -DDOUBLE  -DCOMPLEX -DDOUBLE -DCOMPLEX -DTRANSA=4 -DUNIT ztrsv_U.c -o ztrsv_CLU.o
cc -c -O2 -DMAX_STACK_ALLOC=2048 -Wall -m64 -DF_INTERFACE_GFORT -fPIC -DNO_LAPACK -DNO_LAPACKE -DSMP_SERVER -DNO_WARMUP -DMAX_CPU_NUMBER=4 -DMAX_PARALLEL_NUMBER=1 -DBUILD_SINGLE=1 -DBUILD_DOUBLE=1 -DBUILD_COMPLEX=1 -DBUILD_COMPLEX16=1 -DVERSION=\"0.3.17.dev\" -msse3 -mssse3 -msse4.1 -mavx -mavx2 -mavx2 -UASMNAME -UASMFNAME -UNAME -UCNAME -UCHAR_NAME -UCHAR_CNAME -DASMNAME=ztrsv_CLN -DASMFNAME=ztrsv_CLN_ -DNAME=ztrsv_CLN_ -DCNAME=ztrsv_CLN -DCHAR_NAME=\"ztrsv_CLN_\" -DCHAR_CNAME=\"ztrsv_CLN\" -DNO_AFFINITY -I../.. -DDOUBLE  -DCOMPLEX -DDOUBLE -DCOMPLEX -DTRANSA=4 -UUNIT ztrsv_U.c -o ztrsv_CLN.o
cc -c -O2 -DMAX_STACK_ALLOC=2048 -Wall -m64 -DF_INTERFACE_GFORT -fPIC -DNO_LAPACK -DNO_LAPACKE -DSMP_SERVER -DNO_WARMUP -DMAX_CPU_NUMBER=4 -DMAX_PARALLEL_NUMBER=1 -DBUILD_SINGLE=1 -DBUILD_DOUBLE=1 -DBUILD_COMPLEX=1 -DBUILD_COMPLEX16=1 -DVERSION=\"0.3.17.dev\" -msse3 -mssse3 -msse4.1 -mavx -mavx2 -mavx2 -UASMNAME -UASMFNAME -UNAME -UCNAME -UCHAR_NAME -UCHAR_CNAME -DASMNAME=zgemv_thread_n -DASMFNAME=zgemv_thread_n_ -DNAME=zgemv_thread_n_ -DCNAME=zgemv_thread_n -DCHAR_NAME=\"zgemv_thread_n_\" -DCHAR_CNAME=\"zgemv_thread_n\" -DNO_AFFINITY -I../.. -DDOUBLE  -DCOMPLEX -DCOMPLEX -DDOUBLE  -UTRANSA -UCONJ -UXCONJ gemv_thread.c -o zgemv_thread_n.o
cc -c -O2 -DMAX_STACK_ALLOC=2048 -Wall -m64 -DF_INTERFACE_GFORT -fPIC -DNO_LAPACK -DNO_LAPACKE -DSMP_SERVER -DNO_WARMUP -DMAX_CPU_NUMBER=4 -DMAX_PARALLEL_NUMBER=1 -DBUILD_SINGLE=1 -DBUILD_DOUBLE=1 -DBUILD_COMPLEX=1 -DBUILD_COMPLEX16=1 -DVERSION=\"0.3.17.dev\" -msse3 -mssse3 -msse4.1 -mavx -mavx2 -mavx2 -UASMNAME -UASMFNAME -UNAME -UCNAME -UCHAR_NAME -UCHAR_CNAME -DASMNAME=zgemv_thread_t -DASMFNAME=zgemv_thread_t_ -DNAME=zgemv_thread_t_ -DCNAME=zgemv_thread_t -DCHAR_NAME=\"zgemv_thread_t_\" -DCHAR_CNAME=\"zgemv_thread_t\" -DNO_AFFINITY -I../.. -DDOUBLE  -DCOMPLEX -DCOMPLEX -DDOUBLE  -DTRANSA -UCONJ -UXCONJ gemv_thread.c -o zgemv_thread_t.o
cc -c -O2 -DMAX_STACK_ALLOC=2048 -Wall -m64 -DF_INTERFACE_GFORT -fPIC -DNO_LAPACK -DNO_LAPACKE -DSMP_SERVER -DNO_WARMUP -DMAX_CPU_NUMBER=4 -DMAX_PARALLEL_NUMBER=1 -DBUILD_SINGLE=1 -DBUILD_DOUBLE=1 -DBUILD_COMPLEX=1 -DBUILD_COMPLEX16=1 -DVERSION=\"0.3.17.dev\" -msse3 -mssse3 -msse4.1 -mavx -mavx2 -mavx2 -UASMNAME -UASMFNAME -UNAME -UCNAME -UCHAR_NAME -UCHAR_CNAME -DASMNAME=zgemv_thread_r -DASMFNAME=zgemv_thread_r_ -DNAME=zgemv_thread_r_ -DCNAME=zgemv_thread_r -DCHAR_NAME=\"zgemv_thread_r_\" -DCHAR_CNAME=\"zgemv_thread_r\" -DNO_AFFINITY -I../.. -DDOUBLE  -DCOMPLEX -DCOMPLEX -DDOUBLE  -UTRANSA -DCONJ -UXCONJ gemv_thread.c -o zgemv_thread_r.o
cc -c -O2 -DMAX_STACK_ALLOC=2048 -Wall -m64 -DF_INTERFACE_GFORT -fPIC -DNO_LAPACK -DNO_LAPACKE -DSMP_SERVER -DNO_WARMUP -DMAX_CPU_NUMBER=4 -DMAX_PARALLEL_NUMBER=1 -DBUILD_SINGLE=1 -DBUILD_DOUBLE=1 -DBUILD_COMPLEX=1 -DBUILD_COMPLEX16=1 -DVERSION=\"0.3.17.dev\" -msse3 -mssse3 -msse4.1 -mavx -mavx2 -mavx2 -UASMNAME -UASMFNAME -UNAME -UCNAME -UCHAR_NAME -UCHAR_CNAME -DASMNAME=zgemv_thread_c -DASMFNAME=zgemv_thread_c_ -DNAME=zgemv_thread_c_ -DCNAME=zgemv_thread_c -DCHAR_NAME=\"zgemv_thread_c_\" -DCHAR_CNAME=\"zgemv_thread_c\" -DNO_AFFINITY -I../.. -DDOUBLE  -DCOMPLEX -DCOMPLEX -DDOUBLE  -DTRANSA -DCONJ -UXCONJ gemv_thread.c -o zgemv_thread_c.o
cc -c -O2 -DMAX_STACK_ALLOC=2048 -Wall -m64 -DF_INTERFACE_GFORT -fPIC -DNO_LAPACK -DNO_LAPACKE -DSMP_SERVER -DNO_WARMUP -DMAX_CPU_NUMBER=4 -DMAX_PARALLEL_NUMBER=1 -DBUILD_SINGLE=1 -DBUILD_DOUBLE=1 -DBUILD_COMPLEX=1 -DBUILD_COMPLEX16=1 -DVERSION=\"0.3.17.dev\" -msse3 -mssse3 -msse4.1 -mavx -mavx2 -mavx2 -UASMNAME -UASMFNAME -UNAME -UCNAME -UCHAR_NAME -UCHAR_CNAME -DASMNAME=zgemv_thread_o -DASMFNAME=zgemv_thread_o_ -DNAME=zgemv_thread_o_ -DCNAME=zgemv_thread_o -DCHAR_NAME=\"zgemv_thread_o_\" -DCHAR_CNAME=\"zgemv_thread_o\" -DNO_AFFINITY -I../.. -DDOUBLE  -DCOMPLEX -DCOMPLEX -DDOUBLE  -UTRANSA -UCONJ -DXCONJ gemv_thread.c -o zgemv_thread_o.o
cc -c -O2 -DMAX_STACK_ALLOC=2048 -Wall -m64 -DF_INTERFACE_GFORT -fPIC -DNO_LAPACK -DNO_LAPACKE -DSMP_SERVER -DNO_WARMUP -DMAX_CPU_NUMBER=4 -DMAX_PARALLEL_NUMBER=1 -DBUILD_SINGLE=1 -DBUILD_DOUBLE=1 -DBUILD_COMPLEX=1 -DBUILD_COMPLEX16=1 -DVERSION=\"0.3.17.dev\" -msse3 -mssse3 -msse4.1 -mavx -mavx2 -mavx2 -UASMNAME -UASMFNAME -UNAME -UCNAME -UCHAR_NAME -UCHAR_CNAME -DASMNAME=zgemv_thread_u -DASMFNAME=zgemv_thread_u_ -DNAME=zgemv_thread_u_ -DCNAME=zgemv_thread_u -DCHAR_NAME=\"zgemv_thread_u_\" -DCHAR_CNAME=\"zgemv_thread_u\" -DNO_AFFINITY -I../.. -DDOUBLE  -DCOMPLEX -DCOMPLEX -DDOUBLE  -DTRANSA -UCONJ -DXCONJ gemv_thread.c -o zgemv_thread_u.o
cc -c -O2 -DMAX_STACK_ALLOC=2048 -Wall -m64 -DF_INTERFACE_GFORT -fPIC -DNO_LAPACK -DNO_LAPACKE -DSMP_SERVER -DNO_WARMUP -DMAX_CPU_NUMBER=4 -DMAX_PARALLEL_NUMBER=1 -DBUILD_SINGLE=1 -DBUILD_DOUBLE=1 -DBUILD_COMPLEX=1 -DBUILD_COMPLEX16=1 -DVERSION=\"0.3.17.dev\" -msse3 -mssse3 -msse4.1 -mavx -mavx2 -mavx2 -UASMNAME -UASMFNAME -UNAME -UCNAME -UCHAR_NAME -UCHAR_CNAME -DASMNAME=zgemv_thread_s -DASMFNAME=zgemv_thread_s_ -DNAME=zgemv_thread_s_ -DCNAME=zgemv_thread_s -DCHAR_NAME=\"zgemv_thread_s_\" -DCHAR_CNAME=\"zgemv_thread_s\" -DNO_AFFINITY -I../.. -DDOUBLE  -DCOMPLEX -DCOMPLEX -DDOUBLE  -UTRANSA -DCONJ -DXCONJ gemv_thread.c -o zgemv_thread_s.o
cc -c -O2 -DMAX_STACK_ALLOC=2048 -Wall -m64 -DF_INTERFACE_GFORT -fPIC -DNO_LAPACK -DNO_LAPACKE -DSMP_SERVER -DNO_WARMUP -DMAX_CPU_NUMBER=4 -DMAX_PARALLEL_NUMBER=1 -DBUILD_SINGLE=1 -DBUILD_DOUBLE=1 -DBUILD_COMPLEX=1 -DBUILD_COMPLEX16=1 -DVERSION=\"0.3.17.dev\" -msse3 -mssse3 -msse4.1 -mavx -mavx2 -mavx2 -UASMNAME -UASMFNAME -UNAME -UCNAME -UCHAR_NAME -UCHAR_CNAME -DASMNAME=zgemv_thread_d -DASMFNAME=zgemv_thread_d_ -DNAME=zgemv_thread_d_ -DCNAME=zgemv_thread_d -DCHAR_NAME=\"zgemv_thread_d_\" -DCHAR_CNAME=\"zgemv_thread_d\" -DNO_AFFINITY -I../.. -DDOUBLE  -DCOMPLEX -DCOMPLEX -DDOUBLE  -DTRANSA -DCONJ -DXCONJ gemv_thread.c -o zgemv_thread_d.o
cc -c -O2 -DMAX_STACK_ALLOC=2048 -Wall -m64 -DF_INTERFACE_GFORT -fPIC -DNO_LAPACK -DNO_LAPACKE -DSMP_SERVER -DNO_WARMUP -DMAX_CPU_NUMBER=4 -DMAX_PARALLEL_NUMBER=1 -DBUILD_SINGLE=1 -DBUILD_DOUBLE=1 -DBUILD_COMPLEX=1 -DBUILD_COMPLEX16=1 -DVERSION=\"0.3.17.dev\" -msse3 -mssse3 -msse4.1 -mavx -mavx2 -mavx2 -UASMNAME -UASMFNAME -UNAME -UCNAME -UCHAR_NAME -UCHAR_CNAME -DASMNAME=zger_thread_U -DASMFNAME=zger_thread_U_ -DNAME=zger_thread_U_ -DCNAME=zger_thread_U -DCHAR_NAME=\"zger_thread_U_\" -DCHAR_CNAME=\"zger_thread_U\" -DNO_AFFINITY -I../.. -DDOUBLE  -DCOMPLEX -DCOMPLEX -DDOUBLE  -UCONJ -UXCONJ ger_thread.c -o zger_thread_U.o
cc -c -O2 -DMAX_STACK_ALLOC=2048 -Wall -m64 -DF_INTERFACE_GFORT -fPIC -DNO_LAPACK -DNO_LAPACKE -DSMP_SERVER -DNO_WARMUP -DMAX_CPU_NUMBER=4 -DMAX_PARALLEL_NUMBER=1 -DBUILD_SINGLE=1 -DBUILD_DOUBLE=1 -DBUILD_COMPLEX=1 -DBUILD_COMPLEX16=1 -DVERSION=\"0.3.17.dev\" -msse3 -mssse3 -msse4.1 -mavx -mavx2 -mavx2 -UASMNAME -UASMFNAME -UNAME -UCNAME -UCHAR_NAME -UCHAR_CNAME -DASMNAME=zger_thread_C -DASMFNAME=zger_thread_C_ -DNAME=zger_thread_C_ -DCNAME=zger_thread_C -DCHAR_NAME=\"zger_thread_C_\" -DCHAR_CNAME=\"zger_thread_C\" -DNO_AFFINITY -I../.. -DDOUBLE  -DCOMPLEX -DCOMPLEX -DDOUBLE  -DCONJ -UXCONJ ger_thread.c -o zger_thread_C.o
cc -c -O2 -DMAX_STACK_ALLOC=2048 -Wall -m64 -DF_INTERFACE_GFORT -fPIC -DNO_LAPACK -DNO_LAPACKE -DSMP_SERVER -DNO_WARMUP -DMAX_CPU_NUMBER=4 -DMAX_PARALLEL_NUMBER=1 -DBUILD_SINGLE=1 -DBUILD_DOUBLE=1 -DBUILD_COMPLEX=1 -DBUILD_COMPLEX16=1 -DVERSION=\"0.3.17.dev\" -msse3 -mssse3 -msse4.1 -mavx -mavx2 -mavx2 -UASMNAME -UASMFNAME -UNAME -UCNAME -UCHAR_NAME -UCHAR_CNAME -DASMNAME=zger_thread_V -DASMFNAME=zger_thread_V_ -DNAME=zger_thread_V_ -DCNAME=zger_thread_V -DCHAR_NAME=\"zger_thread_V_\" -DCHAR_CNAME=\"zger_thread_V\" -DNO_AFFINITY -I../.. -DDOUBLE  -DCOMPLEX -DCOMPLEX -DDOUBLE  -UCONJ -DXCONJ ger_thread.c -o zger_thread_V.o
cc -c -O2 -DMAX_STACK_ALLOC=2048 -Wall -m64 -DF_INTERFACE_GFORT -fPIC -DNO_LAPACK -DNO_LAPACKE -DSMP_SERVER -DNO_WARMUP -DMAX_CPU_NUMBER=4 -DMAX_PARALLEL_NUMBER=1 -DBUILD_SINGLE=1 -DBUILD_DOUBLE=1 -DBUILD_COMPLEX=1 -DBUILD_COMPLEX16=1 -DVERSION=\"0.3.17.dev\" -msse3 -mssse3 -msse4.1 -mavx -mavx2 -mavx2 -UASMNAME -UASMFNAME -UNAME -UCNAME -UCHAR_NAME -UCHAR_CNAME -DASMNAME=zger_thread_D -DASMFNAME=zger_thread_D_ -DNAME=zger_thread_D_ -DCNAME=zger_thread_D -DCHAR_NAME=\"zger_thread_D_\" -DCHAR_CNAME=\"zger_thread_D\" -DNO_AFFINITY -I../.. -DDOUBLE  -DCOMPLEX -DCOMPLEX -DDOUBLE  -DCONJ -DXCONJ ger_thread.c -o zger_thread_D.o
cc -c -O2 -DMAX_STACK_ALLOC=2048 -Wall -m64 -DF_INTERFACE_GFORT -fPIC -DNO_LAPACK -DNO_LAPACKE -DSMP_SERVER -DNO_WARMUP -DMAX_CPU_NUMBER=4 -DMAX_PARALLEL_NUMBER=1 -DBUILD_SINGLE=1 -DBUILD_DOUBLE=1 -DBUILD_COMPLEX=1 -DBUILD_COMPLEX16=1 -DVERSION=\"0.3.17.dev\" -msse3 -mssse3 -msse4.1 -mavx -mavx2 -mavx2 -UASMNAME -UASMFNAME -UNAME -UCNAME -UCHAR_NAME -UCHAR_CNAME -DASMNAME=zsymv_thread_U -DASMFNAME=zsymv_thread_U_ -DNAME=zsymv_thread_U_ -DCNAME=zsymv_thread_U -DCHAR_NAME=\"zsymv_thread_U_\" -DCHAR_CNAME=\"zsymv_thread_U\" -DNO_AFFINITY -I../.. -DDOUBLE  -DCOMPLEX -DCOMPLEX -DDOUBLE -ULOWER symv_thread.c -o zsymv_thread_U.o
cc -c -O2 -DMAX_STACK_ALLOC=2048 -Wall -m64 -DF_INTERFACE_GFORT -fPIC -DNO_LAPACK -DNO_LAPACKE -DSMP_SERVER -DNO_WARMUP -DMAX_CPU_NUMBER=4 -DMAX_PARALLEL_NUMBER=1 -DBUILD_SINGLE=1 -DBUILD_DOUBLE=1 -DBUILD_COMPLEX=1 -DBUILD_COMPLEX16=1 -DVERSION=\"0.3.17.dev\" -msse3 -mssse3 -msse4.1 -mavx -mavx2 -mavx2 -UASMNAME -UASMFNAME -UNAME -UCNAME -UCHAR_NAME -UCHAR_CNAME -DASMNAME=zsymv_thread_L -DASMFNAME=zsymv_thread_L_ -DNAME=zsymv_thread_L_ -DCNAME=zsymv_thread_L -DCHAR_NAME=\"zsymv_thread_L_\" -DCHAR_CNAME=\"zsymv_thread_L\" -DNO_AFFINITY -I../.. -DDOUBLE  -DCOMPLEX -DCOMPLEX -DDOUBLE -DLOWER symv_thread.c -o zsymv_thread_L.o
cc -c -O2 -DMAX_STACK_ALLOC=2048 -Wall -m64 -DF_INTERFACE_GFORT -fPIC -DNO_LAPACK -DNO_LAPACKE -DSMP_SERVER -DNO_WARMUP -DMAX_CPU_NUMBER=4 -DMAX_PARALLEL_NUMBER=1 -DBUILD_SINGLE=1 -DBUILD_DOUBLE=1 -DBUILD_COMPLEX=1 -DBUILD_COMPLEX16=1 -DVERSION=\"0.3.17.dev\" -msse3 -mssse3 -msse4.1 -mavx -mavx2 -mavx2 -UASMNAME -UASMFNAME -UNAME -UCNAME -UCHAR_NAME -UCHAR_CNAME -DASMNAME=zhemv_thread_U -DASMFNAME=zhemv_thread_U_ -DNAME=zhemv_thread_U_ -DCNAME=zhemv_thread_U -DCHAR_NAME=\"zhemv_thread_U_\" -DCHAR_CNAME=\"zhemv_thread_U\" -DNO_AFFINITY -I../.. -DDOUBLE  -DCOMPLEX -DCOMPLEX -DDOUBLE -ULOWER -DHEMV symv_thread.c -o zhemv_thread_U.o
cc -c -O2 -DMAX_STACK_ALLOC=2048 -Wall -m64 -DF_INTERFACE_GFORT -fPIC -DNO_LAPACK -DNO_LAPACKE -DSMP_SERVER -DNO_WARMUP -DMAX_CPU_NUMBER=4 -DMAX_PARALLEL_NUMBER=1 -DBUILD_SINGLE=1 -DBUILD_DOUBLE=1 -DBUILD_COMPLEX=1 -DBUILD_COMPLEX16=1 -DVERSION=\"0.3.17.dev\" -msse3 -mssse3 -msse4.1 -mavx -mavx2 -mavx2 -UASMNAME -UASMFNAME -UNAME -UCNAME -UCHAR_NAME -UCHAR_CNAME -DASMNAME=zhemv_thread_L -DASMFNAME=zhemv_thread_L_ -DNAME=zhemv_thread_L_ -DCNAME=zhemv_thread_L -DCHAR_NAME=\"zhemv_thread_L_\" -DCHAR_CNAME=\"zhemv_thread_L\" -DNO_AFFINITY -I../.. -DDOUBLE  -DCOMPLEX -DCOMPLEX -DDOUBLE -DLOWER -DHEMV symv_thread.c -o zhemv_thread_L.o
cc -c -O2 -DMAX_STACK_ALLOC=2048 -Wall -m64 -DF_INTERFACE_GFORT -fPIC -DNO_LAPACK -DNO_LAPACKE -DSMP_SERVER -DNO_WARMUP -DMAX_CPU_NUMBER=4 -DMAX_PARALLEL_NUMBER=1 -DBUILD_SINGLE=1 -DBUILD_DOUBLE=1 -DBUILD_COMPLEX=1 -DBUILD_COMPLEX16=1 -DVERSION=\"0.3.17.dev\" -msse3 -mssse3 -msse4.1 -mavx -mavx2 -mavx2 -UASMNAME -UASMFNAME -UNAME -UCNAME -UCHAR_NAME -UCHAR_CNAME -DASMNAME=zhemv_thread_V -DASMFNAME=zhemv_thread_V_ -DNAME=zhemv_thread_V_ -DCNAME=zhemv_thread_V -DCHAR_NAME=\"zhemv_thread_V_\" -DCHAR_CNAME=\"zhemv_thread_V\" -DNO_AFFINITY -I../.. -DDOUBLE  -DCOMPLEX -DCOMPLEX -DDOUBLE -ULOWER -DHEMVREV symv_thread.c -o zhemv_thread_V.o
cc -c -O2 -DMAX_STACK_ALLOC=2048 -Wall -m64 -DF_INTERFACE_GFORT -fPIC -DNO_LAPACK -DNO_LAPACKE -DSMP_SERVER -DNO_WARMUP -DMAX_CPU_NUMBER=4 -DMAX_PARALLEL_NUMBER=1 -DBUILD_SINGLE=1 -DBUILD_DOUBLE=1 -DBUILD_COMPLEX=1 -DBUILD_COMPLEX16=1 -DVERSION=\"0.3.17.dev\" -msse3 -mssse3 -msse4.1 -mavx -mavx2 -mavx2 -UASMNAME -UASMFNAME -UNAME -UCNAME -UCHAR_NAME -UCHAR_CNAME -DASMNAME=zhemv_thread_M -DASMFNAME=zhemv_thread_M_ -DNAME=zhemv_thread_M_ -DCNAME=zhemv_thread_M -DCHAR_NAME=\"zhemv_thread_M_\" -DCHAR_CNAME=\"zhemv_thread_M\" -DNO_AFFINITY -I../.. -DDOUBLE  -DCOMPLEX -DCOMPLEX -DDOUBLE -DLOWER -DHEMVREV symv_thread.c -o zhemv_thread_M.o
cc -c -O2 -DMAX_STACK_ALLOC=2048 -Wall -m64 -DF_INTERFACE_GFORT -fPIC -DNO_LAPACK -DNO_LAPACKE -DSMP_SERVER -DNO_WARMUP -DMAX_CPU_NUMBER=4 -DMAX_PARALLEL_NUMBER=1 -DBUILD_SINGLE=1 -DBUILD_DOUBLE=1 -DBUILD_COMPLEX=1 -DBUILD_COMPLEX16=1 -DVERSION=\"0.3.17.dev\" -msse3 -mssse3 -msse4.1 -mavx -mavx2 -mavx2 -UASMNAME -UASMFNAME -UNAME -UCNAME -UCHAR_NAME -UCHAR_CNAME -DASMNAME=zsyr_thread_U -DASMFNAME=zsyr_thread_U_ -DNAME=zsyr_thread_U_ -DCNAME=zsyr_thread_U -DCHAR_NAME=\"zsyr_thread_U_\" -DCHAR_CNAME=\"zsyr_thread_U\" -DNO_AFFINITY -I../.. -DDOUBLE  -DCOMPLEX -DCOMPLEX -DDOUBLE -ULOWER syr_thread.c -o zsyr_thread_U.o
cc -c -O2 -DMAX_STACK_ALLOC=2048 -Wall -m64 -DF_INTERFACE_GFORT -fPIC -DNO_LAPACK -DNO_LAPACKE -DSMP_SERVER -DNO_WARMUP -DMAX_CPU_NUMBER=4 -DMAX_PARALLEL_NUMBER=1 -DBUILD_SINGLE=1 -DBUILD_DOUBLE=1 -DBUILD_COMPLEX=1 -DBUILD_COMPLEX16=1 -DVERSION=\"0.3.17.dev\" -msse3 -mssse3 -msse4.1 -mavx -mavx2 -mavx2 -UASMNAME -UASMFNAME -UNAME -UCNAME -UCHAR_NAME -UCHAR_CNAME -DASMNAME=zsyr_thread_L -DASMFNAME=zsyr_thread_L_ -DNAME=zsyr_thread_L_ -DCNAME=zsyr_thread_L -DCHAR_NAME=\"zsyr_thread_L_\" -DCHAR_CNAME=\"zsyr_thread_L\" -DNO_AFFINITY -I../.. -DDOUBLE  -DCOMPLEX -DCOMPLEX -DDOUBLE -DLOWER syr_thread.c -o zsyr_thread_L.o
cc -c -O2 -DMAX_STACK_ALLOC=2048 -Wall -m64 -DF_INTERFACE_GFORT -fPIC -DNO_LAPACK -DNO_LAPACKE -DSMP_SERVER -DNO_WARMUP -DMAX_CPU_NUMBER=4 -DMAX_PARALLEL_NUMBER=1 -DBUILD_SINGLE=1 -DBUILD_DOUBLE=1 -DBUILD_COMPLEX=1 -DBUILD_COMPLEX16=1 -DVERSION=\"0.3.17.dev\" -msse3 -mssse3 -msse4.1 -mavx -mavx2 -mavx2 -UASMNAME -UASMFNAME -UNAME -UCNAME -UCHAR_NAME -UCHAR_CNAME -DASMNAME=zher_thread_U -DASMFNAME=zher_thread_U_ -DNAME=zher_thread_U_ -DCNAME=zher_thread_U -DCHAR_NAME=\"zher_thread_U_\" -DCHAR_CNAME=\"zher_thread_U\" -DNO_AFFINITY -I../.. -DDOUBLE  -DCOMPLEX -DCOMPLEX -DDOUBLE -ULOWER -DHER syr_thread.c -o zher_thread_U.o
cc -c -O2 -DMAX_STACK_ALLOC=2048 -Wall -m64 -DF_INTERFACE_GFORT -fPIC -DNO_LAPACK -DNO_LAPACKE -DSMP_SERVER -DNO_WARMUP -DMAX_CPU_NUMBER=4 -DMAX_PARALLEL_NUMBER=1 -DBUILD_SINGLE=1 -DBUILD_DOUBLE=1 -DBUILD_COMPLEX=1 -DBUILD_COMPLEX16=1 -DVERSION=\"0.3.17.dev\" -msse3 -mssse3 -msse4.1 -mavx -mavx2 -mavx2 -UASMNAME -UASMFNAME -UNAME -UCNAME -UCHAR_NAME -UCHAR_CNAME -DASMNAME=zher_thread_L -DASMFNAME=zher_thread_L_ -DNAME=zher_thread_L_ -DCNAME=zher_thread_L -DCHAR_NAME=\"zher_thread_L_\" -DCHAR_CNAME=\"zher_thread_L\" -DNO_AFFINITY -I../.. -DDOUBLE  -DCOMPLEX -DCOMPLEX -DDOUBLE -DLOWER -DHER syr_thread.c -o zher_thread_L.o
cc -c -O2 -DMAX_STACK_ALLOC=2048 -Wall -m64 -DF_INTERFACE_GFORT -fPIC -DNO_LAPACK -DNO_LAPACKE -DSMP_SERVER -DNO_WARMUP -DMAX_CPU_NUMBER=4 -DMAX_PARALLEL_NUMBER=1 -DBUILD_SINGLE=1 -DBUILD_DOUBLE=1 -DBUILD_COMPLEX=1 -DBUILD_COMPLEX16=1 -DVERSION=\"0.3.17.dev\" -msse3 -mssse3 -msse4.1 -mavx -mavx2 -mavx2 -UASMNAME -UASMFNAME -UNAME -UCNAME -UCHAR_NAME -UCHAR_CNAME -DASMNAME=zher_thread_V -DASMFNAME=zher_thread_V_ -DNAME=zher_thread_V_ -DCNAME=zher_thread_V -DCHAR_NAME=\"zher_thread_V_\" -DCHAR_CNAME=\"zher_thread_V\" -DNO_AFFINITY -I../.. -DDOUBLE  -DCOMPLEX -DCOMPLEX -DDOUBLE -ULOWER -DHERREV syr_thread.c -o zher_thread_V.o
cc -c -O2 -DMAX_STACK_ALLOC=2048 -Wall -m64 -DF_INTERFACE_GFORT -fPIC -DNO_LAPACK -DNO_LAPACKE -DSMP_SERVER -DNO_WARMUP -DMAX_CPU_NUMBER=4 -DMAX_PARALLEL_NUMBER=1 -DBUILD_SINGLE=1 -DBUILD_DOUBLE=1 -DBUILD_COMPLEX=1 -DBUILD_COMPLEX16=1 -DVERSION=\"0.3.17.dev\" -msse3 -mssse3 -msse4.1 -mavx -mavx2 -mavx2 -UASMNAME -UASMFNAME -UNAME -UCNAME -UCHAR_NAME -UCHAR_CNAME -DASMNAME=zher_thread_M -DASMFNAME=zher_thread_M_ -DNAME=zher_thread_M_ -DCNAME=zher_thread_M -DCHAR_NAME=\"zher_thread_M_\" -DCHAR_CNAME=\"zher_thread_M\" -DNO_AFFINITY -I../.. -DDOUBLE  -DCOMPLEX -DCOMPLEX -DDOUBLE -DLOWER -DHERREV syr_thread.c -o zher_thread_M.o
cc -c -O2 -DMAX_STACK_ALLOC=2048 -Wall -m64 -DF_INTERFACE_GFORT -fPIC -DNO_LAPACK -DNO_LAPACKE -DSMP_SERVER -DNO_WARMUP -DMAX_CPU_NUMBER=4 -DMAX_PARALLEL_NUMBER=1 -DBUILD_SINGLE=1 -DBUILD_DOUBLE=1 -DBUILD_COMPLEX=1 -DBUILD_COMPLEX16=1 -DVERSION=\"0.3.17.dev\" -msse3 -mssse3 -msse4.1 -mavx -mavx2 -mavx2 -UASMNAME -UASMFNAME -UNAME -UCNAME -UCHAR_NAME -UCHAR_CNAME -DASMNAME=zsyr2_thread_U -DASMFNAME=zsyr2_thread_U_ -DNAME=zsyr2_thread_U_ -DCNAME=zsyr2_thread_U -DCHAR_NAME=\"zsyr2_thread_U_\" -DCHAR_CNAME=\"zsyr2_thread_U\" -DNO_AFFINITY -I../.. -DDOUBLE  -DCOMPLEX -DCOMPLEX -DDOUBLE -ULOWER syr2_thread.c -o zsyr2_thread_U.o
cc -c -O2 -DMAX_STACK_ALLOC=2048 -Wall -m64 -DF_INTERFACE_GFORT -fPIC -DNO_LAPACK -DNO_LAPACKE -DSMP_SERVER -DNO_WARMUP -DMAX_CPU_NUMBER=4 -DMAX_PARALLEL_NUMBER=1 -DBUILD_SINGLE=1 -DBUILD_DOUBLE=1 -DBUILD_COMPLEX=1 -DBUILD_COMPLEX16=1 -DVERSION=\"0.3.17.dev\" -msse3 -mssse3 -msse4.1 -mavx -mavx2 -mavx2 -UASMNAME -UASMFNAME -UNAME -UCNAME -UCHAR_NAME -UCHAR_CNAME -DASMNAME=zsyr2_thread_L -DASMFNAME=zsyr2_thread_L_ -DNAME=zsyr2_thread_L_ -DCNAME=zsyr2_thread_L -DCHAR_NAME=\"zsyr2_thread_L_\" -DCHAR_CNAME=\"zsyr2_thread_L\" -DNO_AFFINITY -I../.. -DDOUBLE  -DCOMPLEX -DCOMPLEX -DDOUBLE -DLOWER syr2_thread.c -o zsyr2_thread_L.o
cc -c -O2 -DMAX_STACK_ALLOC=2048 -Wall -m64 -DF_INTERFACE_GFORT -fPIC -DNO_LAPACK -DNO_LAPACKE -DSMP_SERVER -DNO_WARMUP -DMAX_CPU_NUMBER=4 -DMAX_PARALLEL_NUMBER=1 -DBUILD_SINGLE=1 -DBUILD_DOUBLE=1 -DBUILD_COMPLEX=1 -DBUILD_COMPLEX16=1 -DVERSION=\"0.3.17.dev\" -msse3 -mssse3 -msse4.1 -mavx -mavx2 -mavx2 -UASMNAME -UASMFNAME -UNAME -UCNAME -UCHAR_NAME -UCHAR_CNAME -DASMNAME=zher2_thread_U -DASMFNAME=zher2_thread_U_ -DNAME=zher2_thread_U_ -DCNAME=zher2_thread_U -DCHAR_NAME=\"zher2_thread_U_\" -DCHAR_CNAME=\"zher2_thread_U\" -DNO_AFFINITY -I../.. -DDOUBLE  -DCOMPLEX -DCOMPLEX -DDOUBLE -ULOWER -DHER syr2_thread.c -o zher2_thread_U.o
cc -c -O2 -DMAX_STACK_ALLOC=2048 -Wall -m64 -DF_INTERFACE_GFORT -fPIC -DNO_LAPACK -DNO_LAPACKE -DSMP_SERVER -DNO_WARMUP -DMAX_CPU_NUMBER=4 -DMAX_PARALLEL_NUMBER=1 -DBUILD_SINGLE=1 -DBUILD_DOUBLE=1 -DBUILD_COMPLEX=1 -DBUILD_COMPLEX16=1 -DVERSION=\"0.3.17.dev\" -msse3 -mssse3 -msse4.1 -mavx -mavx2 -mavx2 -UASMNAME -UASMFNAME -UNAME -UCNAME -UCHAR_NAME -UCHAR_CNAME -DASMNAME=zher2_thread_L -DASMFNAME=zher2_thread_L_ -DNAME=zher2_thread_L_ -DCNAME=zher2_thread_L -DCHAR_NAME=\"zher2_thread_L_\" -DCHAR_CNAME=\"zher2_thread_L\" -DNO_AFFINITY -I../.. -DDOUBLE  -DCOMPLEX -DCOMPLEX -DDOUBLE -DLOWER -DHER syr2_thread.c -o zher2_thread_L.o
cc -c -O2 -DMAX_STACK_ALLOC=2048 -Wall -m64 -DF_INTERFACE_GFORT -fPIC -DNO_LAPACK -DNO_LAPACKE -DSMP_SERVER -DNO_WARMUP -DMAX_CPU_NUMBER=4 -DMAX_PARALLEL_NUMBER=1 -DBUILD_SINGLE=1 -DBUILD_DOUBLE=1 -DBUILD_COMPLEX=1 -DBUILD_COMPLEX16=1 -DVERSION=\"0.3.17.dev\" -msse3 -mssse3 -msse4.1 -mavx -mavx2 -mavx2 -UASMNAME -UASMFNAME -UNAME -UCNAME -UCHAR_NAME -UCHAR_CNAME -DASMNAME=zher2_thread_V -DASMFNAME=zher2_thread_V_ -DNAME=zher2_thread_V_ -DCNAME=zher2_thread_V -DCHAR_NAME=\"zher2_thread_V_\" -DCHAR_CNAME=\"zher2_thread_V\" -DNO_AFFINITY -I../.. -DDOUBLE  -DCOMPLEX -DCOMPLEX -DDOUBLE -ULOWER -DHERREV syr2_thread.c -o zher2_thread_V.o
cc -c -O2 -DMAX_STACK_ALLOC=2048 -Wall -m64 -DF_INTERFACE_GFORT -fPIC -DNO_LAPACK -DNO_LAPACKE -DSMP_SERVER -DNO_WARMUP -DMAX_CPU_NUMBER=4 -DMAX_PARALLEL_NUMBER=1 -DBUILD_SINGLE=1 -DBUILD_DOUBLE=1 -DBUILD_COMPLEX=1 -DBUILD_COMPLEX16=1 -DVERSION=\"0.3.17.dev\" -msse3 -mssse3 -msse4.1 -mavx -mavx2 -mavx2 -UASMNAME -UASMFNAME -UNAME -UCNAME -UCHAR_NAME -UCHAR_CNAME -DASMNAME=zher2_thread_M -DASMFNAME=zher2_thread_M_ -DNAME=zher2_thread_M_ -DCNAME=zher2_thread_M -DCHAR_NAME=\"zher2_thread_M_\" -DCHAR_CNAME=\"zher2_thread_M\" -DNO_AFFINITY -I../.. -DDOUBLE  -DCOMPLEX -DCOMPLEX -DDOUBLE -DLOWER -DHERREV syr2_thread.c -o zher2_thread_M.o
cc -c -O2 -DMAX_STACK_ALLOC=2048 -Wall -m64 -DF_INTERFACE_GFORT -fPIC -DNO_LAPACK -DNO_LAPACKE -DSMP_SERVER -DNO_WARMUP -DMAX_CPU_NUMBER=4 -DMAX_PARALLEL_NUMBER=1 -DBUILD_SINGLE=1 -DBUILD_DOUBLE=1 -DBUILD_COMPLEX=1 -DBUILD_COMPLEX16=1 -DVERSION=\"0.3.17.dev\" -msse3 -mssse3 -msse4.1 -mavx -mavx2 -mavx2 -UASMNAME -UASMFNAME -UNAME -UCNAME -UCHAR_NAME -UCHAR_CNAME -DASMNAME=zspr_thread_U -DASMFNAME=zspr_thread_U_ -DNAME=zspr_thread_U_ -DCNAME=zspr_thread_U -DCHAR_NAME=\"zspr_thread_U_\" -DCHAR_CNAME=\"zspr_thread_U\" -DNO_AFFINITY -I../.. -DDOUBLE  -DCOMPLEX -DCOMPLEX -DDOUBLE -ULOWER spr_thread.c -o zspr_thread_U.o
cc -c -O2 -DMAX_STACK_ALLOC=2048 -Wall -m64 -DF_INTERFACE_GFORT -fPIC -DNO_LAPACK -DNO_LAPACKE -DSMP_SERVER -DNO_WARMUP -DMAX_CPU_NUMBER=4 -DMAX_PARALLEL_NUMBER=1 -DBUILD_SINGLE=1 -DBUILD_DOUBLE=1 -DBUILD_COMPLEX=1 -DBUILD_COMPLEX16=1 -DVERSION=\"0.3.17.dev\" -msse3 -mssse3 -msse4.1 -mavx -mavx2 -mavx2 -UASMNAME -UASMFNAME -UNAME -UCNAME -UCHAR_NAME -UCHAR_CNAME -DASMNAME=zspr_thread_L -DASMFNAME=zspr_thread_L_ -DNAME=zspr_thread_L_ -DCNAME=zspr_thread_L -DCHAR_NAME=\"zspr_thread_L_\" -DCHAR_CNAME=\"zspr_thread_L\" -DNO_AFFINITY -I../.. -DDOUBLE  -DCOMPLEX -DCOMPLEX -DDOUBLE -DLOWER spr_thread.c -o zspr_thread_L.o
cc -c -O2 -DMAX_STACK_ALLOC=2048 -Wall -m64 -DF_INTERFACE_GFORT -fPIC -DNO_LAPACK -DNO_LAPACKE -DSMP_SERVER -DNO_WARMUP -DMAX_CPU_NUMBER=4 -DMAX_PARALLEL_NUMBER=1 -DBUILD_SINGLE=1 -DBUILD_DOUBLE=1 -DBUILD_COMPLEX=1 -DBUILD_COMPLEX16=1 -DVERSION=\"0.3.17.dev\" -msse3 -mssse3 -msse4.1 -mavx -mavx2 -mavx2 -UASMNAME -UASMFNAME -UNAME -UCNAME -UCHAR_NAME -UCHAR_CNAME -DASMNAME=zhpr_thread_U -DASMFNAME=zhpr_thread_U_ -DNAME=zhpr_thread_U_ -DCNAME=zhpr_thread_U -DCHAR_NAME=\"zhpr_thread_U_\" -DCHAR_CNAME=\"zhpr_thread_U\" -DNO_AFFINITY -I../.. -DDOUBLE  -DCOMPLEX -DDOUBLE -ULOWER -DHEMV spr_thread.c -o zhpr_thread_U.o
cc -c -O2 -DMAX_STACK_ALLOC=2048 -Wall -m64 -DF_INTERFACE_GFORT -fPIC -DNO_LAPACK -DNO_LAPACKE -DSMP_SERVER -DNO_WARMUP -DMAX_CPU_NUMBER=4 -DMAX_PARALLEL_NUMBER=1 -DBUILD_SINGLE=1 -DBUILD_DOUBLE=1 -DBUILD_COMPLEX=1 -DBUILD_COMPLEX16=1 -DVERSION=\"0.3.17.dev\" -msse3 -mssse3 -msse4.1 -mavx -mavx2 -mavx2 -UASMNAME -UASMFNAME -UNAME -UCNAME -UCHAR_NAME -UCHAR_CNAME -DASMNAME=zhpr_thread_L -DASMFNAME=zhpr_thread_L_ -DNAME=zhpr_thread_L_ -DCNAME=zhpr_thread_L -DCHAR_NAME=\"zhpr_thread_L_\" -DCHAR_CNAME=\"zhpr_thread_L\" -DNO_AFFINITY -I../.. -DDOUBLE  -DCOMPLEX -DDOUBLE -DLOWER -DHEMV spr_thread.c -o zhpr_thread_L.o
cc -c -O2 -DMAX_STACK_ALLOC=2048 -Wall -m64 -DF_INTERFACE_GFORT -fPIC -DNO_LAPACK -DNO_LAPACKE -DSMP_SERVER -DNO_WARMUP -DMAX_CPU_NUMBER=4 -DMAX_PARALLEL_NUMBER=1 -DBUILD_SINGLE=1 -DBUILD_DOUBLE=1 -DBUILD_COMPLEX=1 -DBUILD_COMPLEX16=1 -DVERSION=\"0.3.17.dev\" -msse3 -mssse3 -msse4.1 -mavx -mavx2 -mavx2 -UASMNAME -UASMFNAME -UNAME -UCNAME -UCHAR_NAME -UCHAR_CNAME -DASMNAME=zhpr_thread_V -DASMFNAME=zhpr_thread_V_ -DNAME=zhpr_thread_V_ -DCNAME=zhpr_thread_V -DCHAR_NAME=\"zhpr_thread_V_\" -DCHAR_CNAME=\"zhpr_thread_V\" -DNO_AFFINITY -I../.. -DDOUBLE  -DCOMPLEX -DDOUBLE -ULOWER -DHEMVREV spr_thread.c -o zhpr_thread_V.o
cc -c -O2 -DMAX_STACK_ALLOC=2048 -Wall -m64 -DF_INTERFACE_GFORT -fPIC -DNO_LAPACK -DNO_LAPACKE -DSMP_SERVER -DNO_WARMUP -DMAX_CPU_NUMBER=4 -DMAX_PARALLEL_NUMBER=1 -DBUILD_SINGLE=1 -DBUILD_DOUBLE=1 -DBUILD_COMPLEX=1 -DBUILD_COMPLEX16=1 -DVERSION=\"0.3.17.dev\" -msse3 -mssse3 -msse4.1 -mavx -mavx2 -mavx2 -UASMNAME -UASMFNAME -UNAME -UCNAME -UCHAR_NAME -UCHAR_CNAME -DASMNAME=zhpr_thread_M -DASMFNAME=zhpr_thread_M_ -DNAME=zhpr_thread_M_ -DCNAME=zhpr_thread_M -DCHAR_NAME=\"zhpr_thread_M_\" -DCHAR_CNAME=\"zhpr_thread_M\" -DNO_AFFINITY -I../.. -DDOUBLE  -DCOMPLEX -DDOUBLE -DLOWER -DHEMVREV spr_thread.c -o zhpr_thread_M.o
cc -c -O2 -DMAX_STACK_ALLOC=2048 -Wall -m64 -DF_INTERFACE_GFORT -fPIC -DNO_LAPACK -DNO_LAPACKE -DSMP_SERVER -DNO_WARMUP -DMAX_CPU_NUMBER=4 -DMAX_PARALLEL_NUMBER=1 -DBUILD_SINGLE=1 -DBUILD_DOUBLE=1 -DBUILD_COMPLEX=1 -DBUILD_COMPLEX16=1 -DVERSION=\"0.3.17.dev\" -msse3 -mssse3 -msse4.1 -mavx -mavx2 -mavx2 -UASMNAME -UASMFNAME -UNAME -UCNAME -UCHAR_NAME -UCHAR_CNAME -DASMNAME=zspr2_thread_U -DASMFNAME=zspr2_thread_U_ -DNAME=zspr2_thread_U_ -DCNAME=zspr2_thread_U -DCHAR_NAME=\"zspr2_thread_U_\" -DCHAR_CNAME=\"zspr2_thread_U\" -DNO_AFFINITY -I../.. -DDOUBLE  -DCOMPLEX -DCOMPLEX -DDOUBLE -ULOWER spr2_thread.c -o zspr2_thread_U.o
cc -c -O2 -DMAX_STACK_ALLOC=2048 -Wall -m64 -DF_INTERFACE_GFORT -fPIC -DNO_LAPACK -DNO_LAPACKE -DSMP_SERVER -DNO_WARMUP -DMAX_CPU_NUMBER=4 -DMAX_PARALLEL_NUMBER=1 -DBUILD_SINGLE=1 -DBUILD_DOUBLE=1 -DBUILD_COMPLEX=1 -DBUILD_COMPLEX16=1 -DVERSION=\"0.3.17.dev\" -msse3 -mssse3 -msse4.1 -mavx -mavx2 -mavx2 -UASMNAME -UASMFNAME -UNAME -UCNAME -UCHAR_NAME -UCHAR_CNAME -DASMNAME=zspr2_thread_L -DASMFNAME=zspr2_thread_L_ -DNAME=zspr2_thread_L_ -DCNAME=zspr2_thread_L -DCHAR_NAME=\"zspr2_thread_L_\" -DCHAR_CNAME=\"zspr2_thread_L\" -DNO_AFFINITY -I../.. -DDOUBLE  -DCOMPLEX -DCOMPLEX -DDOUBLE -DLOWER spr2_thread.c -o zspr2_thread_L.o
cc -c -O2 -DMAX_STACK_ALLOC=2048 -Wall -m64 -DF_INTERFACE_GFORT -fPIC -DNO_LAPACK -DNO_LAPACKE -DSMP_SERVER -DNO_WARMUP -DMAX_CPU_NUMBER=4 -DMAX_PARALLEL_NUMBER=1 -DBUILD_SINGLE=1 -DBUILD_DOUBLE=1 -DBUILD_COMPLEX=1 -DBUILD_COMPLEX16=1 -DVERSION=\"0.3.17.dev\" -msse3 -mssse3 -msse4.1 -mavx -mavx2 -mavx2 -UASMNAME -UASMFNAME -UNAME -UCNAME -UCHAR_NAME -UCHAR_CNAME -DASMNAME=zhpr2_thread_U -DASMFNAME=zhpr2_thread_U_ -DNAME=zhpr2_thread_U_ -DCNAME=zhpr2_thread_U -DCHAR_NAME=\"zhpr2_thread_U_\" -DCHAR_CNAME=\"zhpr2_thread_U\" -DNO_AFFINITY -I../.. -DDOUBLE  -DCOMPLEX -DDOUBLE -DCOMPLEX  -ULOWER -DHEMV spr2_thread.c -o zhpr2_thread_U.o
cc -c -O2 -DMAX_STACK_ALLOC=2048 -Wall -m64 -DF_INTERFACE_GFORT -fPIC -DNO_LAPACK -DNO_LAPACKE -DSMP_SERVER -DNO_WARMUP -DMAX_CPU_NUMBER=4 -DMAX_PARALLEL_NUMBER=1 -DBUILD_SINGLE=1 -DBUILD_DOUBLE=1 -DBUILD_COMPLEX=1 -DBUILD_COMPLEX16=1 -DVERSION=\"0.3.17.dev\" -msse3 -mssse3 -msse4.1 -mavx -mavx2 -mavx2 -UASMNAME -UASMFNAME -UNAME -UCNAME -UCHAR_NAME -UCHAR_CNAME -DASMNAME=zhpr2_thread_L -DASMFNAME=zhpr2_thread_L_ -DNAME=zhpr2_thread_L_ -DCNAME=zhpr2_thread_L -DCHAR_NAME=\"zhpr2_thread_L_\" -DCHAR_CNAME=\"zhpr2_thread_L\" -DNO_AFFINITY -I../.. -DDOUBLE  -DCOMPLEX -DDOUBLE -DCOMPLEX -DLOWER -DHEMV spr2_thread.c -o zhpr2_thread_L.o
cc -c -O2 -DMAX_STACK_ALLOC=2048 -Wall -m64 -DF_INTERFACE_GFORT -fPIC -DNO_LAPACK -DNO_LAPACKE -DSMP_SERVER -DNO_WARMUP -DMAX_CPU_NUMBER=4 -DMAX_PARALLEL_NUMBER=1 -DBUILD_SINGLE=1 -DBUILD_DOUBLE=1 -DBUILD_COMPLEX=1 -DBUILD_COMPLEX16=1 -DVERSION=\"0.3.17.dev\" -msse3 -mssse3 -msse4.1 -mavx -mavx2 -mavx2 -UASMNAME -UASMFNAME -UNAME -UCNAME -UCHAR_NAME -UCHAR_CNAME -DASMNAME=zhpr2_thread_V -DASMFNAME=zhpr2_thread_V_ -DNAME=zhpr2_thread_V_ -DCNAME=zhpr2_thread_V -DCHAR_NAME=\"zhpr2_thread_V_\" -DCHAR_CNAME=\"zhpr2_thread_V\" -DNO_AFFINITY -I../.. -DDOUBLE  -DCOMPLEX -DDOUBLE -DCOMPLEX -ULOWER -DHEMVREV spr2_thread.c -o zhpr2_thread_V.o
cc -c -O2 -DMAX_STACK_ALLOC=2048 -Wall -m64 -DF_INTERFACE_GFORT -fPIC -DNO_LAPACK -DNO_LAPACKE -DSMP_SERVER -DNO_WARMUP -DMAX_CPU_NUMBER=4 -DMAX_PARALLEL_NUMBER=1 -DBUILD_SINGLE=1 -DBUILD_DOUBLE=1 -DBUILD_COMPLEX=1 -DBUILD_COMPLEX16=1 -DVERSION=\"0.3.17.dev\" -msse3 -mssse3 -msse4.1 -mavx -mavx2 -mavx2 -UASMNAME -UASMFNAME -UNAME -UCNAME -UCHAR_NAME -UCHAR_CNAME -DASMNAME=zhpr2_thread_M -DASMFNAME=zhpr2_thread_M_ -DNAME=zhpr2_thread_M_ -DCNAME=zhpr2_thread_M -DCHAR_NAME=\"zhpr2_thread_M_\" -DCHAR_CNAME=\"zhpr2_thread_M\" -DNO_AFFINITY -I../.. -DDOUBLE  -DCOMPLEX -DDOUBLE -DCOMPLEX -DLOWER -DHEMVREV spr2_thread.c -o zhpr2_thread_M.o
cc -c -O2 -DMAX_STACK_ALLOC=2048 -Wall -m64 -DF_INTERFACE_GFORT -fPIC -DNO_LAPACK -DNO_LAPACKE -DSMP_SERVER -DNO_WARMUP -DMAX_CPU_NUMBER=4 -DMAX_PARALLEL_NUMBER=1 -DBUILD_SINGLE=1 -DBUILD_DOUBLE=1 -DBUILD_COMPLEX=1 -DBUILD_COMPLEX16=1 -DVERSION=\"0.3.17.dev\" -msse3 -mssse3 -msse4.1 -mavx -mavx2 -mavx2 -UASMNAME -UASMFNAME -UNAME -UCNAME -UCHAR_NAME -UCHAR_CNAME -DASMNAME=ztrmv_thread_NUU -DASMFNAME=ztrmv_thread_NUU_ -DNAME=ztrmv_thread_NUU_ -DCNAME=ztrmv_thread_NUU -DCHAR_NAME=\"ztrmv_thread_NUU_\" -DCHAR_CNAME=\"ztrmv_thread_NUU\" -DNO_AFFINITY -I../.. -DDOUBLE  -DCOMPLEX -DCOMPLEX -DDOUBLE -ULOWER -DTRANSA=1 -DUNIT trmv_thread.c -o ztrmv_thread_NUU.o
cc -c -O2 -DMAX_STACK_ALLOC=2048 -Wall -m64 -DF_INTERFACE_GFORT -fPIC -DNO_LAPACK -DNO_LAPACKE -DSMP_SERVER -DNO_WARMUP -DMAX_CPU_NUMBER=4 -DMAX_PARALLEL_NUMBER=1 -DBUILD_SINGLE=1 -DBUILD_DOUBLE=1 -DBUILD_COMPLEX=1 -DBUILD_COMPLEX16=1 -DVERSION=\"0.3.17.dev\" -msse3 -mssse3 -msse4.1 -mavx -mavx2 -mavx2 -UASMNAME -UASMFNAME -UNAME -UCNAME -UCHAR_NAME -UCHAR_CNAME -DASMNAME=ztrmv_thread_NUN -DASMFNAME=ztrmv_thread_NUN_ -DNAME=ztrmv_thread_NUN_ -DCNAME=ztrmv_thread_NUN -DCHAR_NAME=\"ztrmv_thread_NUN_\" -DCHAR_CNAME=\"ztrmv_thread_NUN\" -DNO_AFFINITY -I../.. -DDOUBLE  -DCOMPLEX -DCOMPLEX -DDOUBLE -ULOWER -DTRANSA=1 -UUNIT trmv_thread.c -o ztrmv_thread_NUN.o
cc -c -O2 -DMAX_STACK_ALLOC=2048 -Wall -m64 -DF_INTERFACE_GFORT -fPIC -DNO_LAPACK -DNO_LAPACKE -DSMP_SERVER -DNO_WARMUP -DMAX_CPU_NUMBER=4 -DMAX_PARALLEL_NUMBER=1 -DBUILD_SINGLE=1 -DBUILD_DOUBLE=1 -DBUILD_COMPLEX=1 -DBUILD_COMPLEX16=1 -DVERSION=\"0.3.17.dev\" -msse3 -mssse3 -msse4.1 -mavx -mavx2 -mavx2 -UASMNAME -UASMFNAME -UNAME -UCNAME -UCHAR_NAME -UCHAR_CNAME -DASMNAME=ztrmv_thread_NLU -DASMFNAME=ztrmv_thread_NLU_ -DNAME=ztrmv_thread_NLU_ -DCNAME=ztrmv_thread_NLU -DCHAR_NAME=\"ztrmv_thread_NLU_\" -DCHAR_CNAME=\"ztrmv_thread_NLU\" -DNO_AFFINITY -I../.. -DDOUBLE  -DCOMPLEX -DCOMPLEX -DDOUBLE -DLOWER -DTRANSA=1 -DUNIT trmv_thread.c -o ztrmv_thread_NLU.o
cc -c -O2 -DMAX_STACK_ALLOC=2048 -Wall -m64 -DF_INTERFACE_GFORT -fPIC -DNO_LAPACK -DNO_LAPACKE -DSMP_SERVER -DNO_WARMUP -DMAX_CPU_NUMBER=4 -DMAX_PARALLEL_NUMBER=1 -DBUILD_SINGLE=1 -DBUILD_DOUBLE=1 -DBUILD_COMPLEX=1 -DBUILD_COMPLEX16=1 -DVERSION=\"0.3.17.dev\" -msse3 -mssse3 -msse4.1 -mavx -mavx2 -mavx2 -UASMNAME -UASMFNAME -UNAME -UCNAME -UCHAR_NAME -UCHAR_CNAME -DASMNAME=ztrmv_thread_NLN -DASMFNAME=ztrmv_thread_NLN_ -DNAME=ztrmv_thread_NLN_ -DCNAME=ztrmv_thread_NLN -DCHAR_NAME=\"ztrmv_thread_NLN_\" -DCHAR_CNAME=\"ztrmv_thread_NLN\" -DNO_AFFINITY -I../.. -DDOUBLE  -DCOMPLEX -DCOMPLEX -DDOUBLE -DLOWER -DTRANSA=1 -UUNIT trmv_thread.c -o ztrmv_thread_NLN.o
cc -c -O2 -DMAX_STACK_ALLOC=2048 -Wall -m64 -DF_INTERFACE_GFORT -fPIC -DNO_LAPACK -DNO_LAPACKE -DSMP_SERVER -DNO_WARMUP -DMAX_CPU_NUMBER=4 -DMAX_PARALLEL_NUMBER=1 -DBUILD_SINGLE=1 -DBUILD_DOUBLE=1 -DBUILD_COMPLEX=1 -DBUILD_COMPLEX16=1 -DVERSION=\"0.3.17.dev\" -msse3 -mssse3 -msse4.1 -mavx -mavx2 -mavx2 -UASMNAME -UASMFNAME -UNAME -UCNAME -UCHAR_NAME -UCHAR_CNAME -DASMNAME=ztrmv_thread_TUU -DASMFNAME=ztrmv_thread_TUU_ -DNAME=ztrmv_thread_TUU_ -DCNAME=ztrmv_thread_TUU -DCHAR_NAME=\"ztrmv_thread_TUU_\" -DCHAR_CNAME=\"ztrmv_thread_TUU\" -DNO_AFFINITY -I../.. -DDOUBLE  -DCOMPLEX -DCOMPLEX -DDOUBLE -ULOWER -DTRANSA=2 -DUNIT trmv_thread.c -o ztrmv_thread_TUU.o
cc -c -O2 -DMAX_STACK_ALLOC=2048 -Wall -m64 -DF_INTERFACE_GFORT -fPIC -DNO_LAPACK -DNO_LAPACKE -DSMP_SERVER -DNO_WARMUP -DMAX_CPU_NUMBER=4 -DMAX_PARALLEL_NUMBER=1 -DBUILD_SINGLE=1 -DBUILD_DOUBLE=1 -DBUILD_COMPLEX=1 -DBUILD_COMPLEX16=1 -DVERSION=\"0.3.17.dev\" -msse3 -mssse3 -msse4.1 -mavx -mavx2 -mavx2 -UASMNAME -UASMFNAME -UNAME -UCNAME -UCHAR_NAME -UCHAR_CNAME -DASMNAME=ztrmv_thread_TUN -DASMFNAME=ztrmv_thread_TUN_ -DNAME=ztrmv_thread_TUN_ -DCNAME=ztrmv_thread_TUN -DCHAR_NAME=\"ztrmv_thread_TUN_\" -DCHAR_CNAME=\"ztrmv_thread_TUN\" -DNO_AFFINITY -I../.. -DDOUBLE  -DCOMPLEX -DCOMPLEX -DDOUBLE -ULOWER -DTRANSA=2 -UUNIT trmv_thread.c -o ztrmv_thread_TUN.o
cc -c -O2 -DMAX_STACK_ALLOC=2048 -Wall -m64 -DF_INTERFACE_GFORT -fPIC -DNO_LAPACK -DNO_LAPACKE -DSMP_SERVER -DNO_WARMUP -DMAX_CPU_NUMBER=4 -DMAX_PARALLEL_NUMBER=1 -DBUILD_SINGLE=1 -DBUILD_DOUBLE=1 -DBUILD_COMPLEX=1 -DBUILD_COMPLEX16=1 -DVERSION=\"0.3.17.dev\" -msse3 -mssse3 -msse4.1 -mavx -mavx2 -mavx2 -UASMNAME -UASMFNAME -UNAME -UCNAME -UCHAR_NAME -UCHAR_CNAME -DASMNAME=ztrmv_thread_TLU -DASMFNAME=ztrmv_thread_TLU_ -DNAME=ztrmv_thread_TLU_ -DCNAME=ztrmv_thread_TLU -DCHAR_NAME=\"ztrmv_thread_TLU_\" -DCHAR_CNAME=\"ztrmv_thread_TLU\" -DNO_AFFINITY -I../.. -DDOUBLE  -DCOMPLEX -DCOMPLEX -DDOUBLE -DLOWER -DTRANSA=2 -DUNIT trmv_thread.c -o ztrmv_thread_TLU.o
cc -c -O2 -DMAX_STACK_ALLOC=2048 -Wall -m64 -DF_INTERFACE_GFORT -fPIC -DNO_LAPACK -DNO_LAPACKE -DSMP_SERVER -DNO_WARMUP -DMAX_CPU_NUMBER=4 -DMAX_PARALLEL_NUMBER=1 -DBUILD_SINGLE=1 -DBUILD_DOUBLE=1 -DBUILD_COMPLEX=1 -DBUILD_COMPLEX16=1 -DVERSION=\"0.3.17.dev\" -msse3 -mssse3 -msse4.1 -mavx -mavx2 -mavx2 -UASMNAME -UASMFNAME -UNAME -UCNAME -UCHAR_NAME -UCHAR_CNAME -DASMNAME=ztrmv_thread_TLN -DASMFNAME=ztrmv_thread_TLN_ -DNAME=ztrmv_thread_TLN_ -DCNAME=ztrmv_thread_TLN -DCHAR_NAME=\"ztrmv_thread_TLN_\" -DCHAR_CNAME=\"ztrmv_thread_TLN\" -DNO_AFFINITY -I../.. -DDOUBLE  -DCOMPLEX -DCOMPLEX -DDOUBLE -DLOWER -DTRANSA=2 -UUNIT trmv_thread.c -o ztrmv_thread_TLN.o
cc -c -O2 -DMAX_STACK_ALLOC=2048 -Wall -m64 -DF_INTERFACE_GFORT -fPIC -DNO_LAPACK -DNO_LAPACKE -DSMP_SERVER -DNO_WARMUP -DMAX_CPU_NUMBER=4 -DMAX_PARALLEL_NUMBER=1 -DBUILD_SINGLE=1 -DBUILD_DOUBLE=1 -DBUILD_COMPLEX=1 -DBUILD_COMPLEX16=1 -DVERSION=\"0.3.17.dev\" -msse3 -mssse3 -msse4.1 -mavx -mavx2 -mavx2 -UASMNAME -UASMFNAME -UNAME -UCNAME -UCHAR_NAME -UCHAR_CNAME -DASMNAME=ztrmv_thread_RUU -DASMFNAME=ztrmv_thread_RUU_ -DNAME=ztrmv_thread_RUU_ -DCNAME=ztrmv_thread_RUU -DCHAR_NAME=\"ztrmv_thread_RUU_\" -DCHAR_CNAME=\"ztrmv_thread_RUU\" -DNO_AFFINITY -I../.. -DDOUBLE  -DCOMPLEX -DCOMPLEX -DDOUBLE -ULOWER -DTRANSA=3 -DUNIT trmv_thread.c -o ztrmv_thread_RUU.o
cc -c -O2 -DMAX_STACK_ALLOC=2048 -Wall -m64 -DF_INTERFACE_GFORT -fPIC -DNO_LAPACK -DNO_LAPACKE -DSMP_SERVER -DNO_WARMUP -DMAX_CPU_NUMBER=4 -DMAX_PARALLEL_NUMBER=1 -DBUILD_SINGLE=1 -DBUILD_DOUBLE=1 -DBUILD_COMPLEX=1 -DBUILD_COMPLEX16=1 -DVERSION=\"0.3.17.dev\" -msse3 -mssse3 -msse4.1 -mavx -mavx2 -mavx2 -UASMNAME -UASMFNAME -UNAME -UCNAME -UCHAR_NAME -UCHAR_CNAME -DASMNAME=ztrmv_thread_RUN -DASMFNAME=ztrmv_thread_RUN_ -DNAME=ztrmv_thread_RUN_ -DCNAME=ztrmv_thread_RUN -DCHAR_NAME=\"ztrmv_thread_RUN_\" -DCHAR_CNAME=\"ztrmv_thread_RUN\" -DNO_AFFINITY -I../.. -DDOUBLE  -DCOMPLEX -DCOMPLEX -DDOUBLE -ULOWER -DTRANSA=3 -UUNIT trmv_thread.c -o ztrmv_thread_RUN.o
cc -c -O2 -DMAX_STACK_ALLOC=2048 -Wall -m64 -DF_INTERFACE_GFORT -fPIC -DNO_LAPACK -DNO_LAPACKE -DSMP_SERVER -DNO_WARMUP -DMAX_CPU_NUMBER=4 -DMAX_PARALLEL_NUMBER=1 -DBUILD_SINGLE=1 -DBUILD_DOUBLE=1 -DBUILD_COMPLEX=1 -DBUILD_COMPLEX16=1 -DVERSION=\"0.3.17.dev\" -msse3 -mssse3 -msse4.1 -mavx -mavx2 -mavx2 -UASMNAME -UASMFNAME -UNAME -UCNAME -UCHAR_NAME -UCHAR_CNAME -DASMNAME=ztrmv_thread_RLU -DASMFNAME=ztrmv_thread_RLU_ -DNAME=ztrmv_thread_RLU_ -DCNAME=ztrmv_thread_RLU -DCHAR_NAME=\"ztrmv_thread_RLU_\" -DCHAR_CNAME=\"ztrmv_thread_RLU\" -DNO_AFFINITY -I../.. -DDOUBLE  -DCOMPLEX -DCOMPLEX -DDOUBLE -DLOWER -DTRANSA=3 -DUNIT trmv_thread.c -o ztrmv_thread_RLU.o
cc -c -O2 -DMAX_STACK_ALLOC=2048 -Wall -m64 -DF_INTERFACE_GFORT -fPIC -DNO_LAPACK -DNO_LAPACKE -DSMP_SERVER -DNO_WARMUP -DMAX_CPU_NUMBER=4 -DMAX_PARALLEL_NUMBER=1 -DBUILD_SINGLE=1 -DBUILD_DOUBLE=1 -DBUILD_COMPLEX=1 -DBUILD_COMPLEX16=1 -DVERSION=\"0.3.17.dev\" -msse3 -mssse3 -msse4.1 -mavx -mavx2 -mavx2 -UASMNAME -UASMFNAME -UNAME -UCNAME -UCHAR_NAME -UCHAR_CNAME -DASMNAME=ztrmv_thread_RLN -DASMFNAME=ztrmv_thread_RLN_ -DNAME=ztrmv_thread_RLN_ -DCNAME=ztrmv_thread_RLN -DCHAR_NAME=\"ztrmv_thread_RLN_\" -DCHAR_CNAME=\"ztrmv_thread_RLN\" -DNO_AFFINITY -I../.. -DDOUBLE  -DCOMPLEX -DCOMPLEX -DDOUBLE -DLOWER -DTRANSA=3 -UUNIT trmv_thread.c -o ztrmv_thread_RLN.o
cc -c -O2 -DMAX_STACK_ALLOC=2048 -Wall -m64 -DF_INTERFACE_GFORT -fPIC -DNO_LAPACK -DNO_LAPACKE -DSMP_SERVER -DNO_WARMUP -DMAX_CPU_NUMBER=4 -DMAX_PARALLEL_NUMBER=1 -DBUILD_SINGLE=1 -DBUILD_DOUBLE=1 -DBUILD_COMPLEX=1 -DBUILD_COMPLEX16=1 -DVERSION=\"0.3.17.dev\" -msse3 -mssse3 -msse4.1 -mavx -mavx2 -mavx2 -UASMNAME -UASMFNAME -UNAME -UCNAME -UCHAR_NAME -UCHAR_CNAME -DASMNAME=ztrmv_thread_CUU -DASMFNAME=ztrmv_thread_CUU_ -DNAME=ztrmv_thread_CUU_ -DCNAME=ztrmv_thread_CUU -DCHAR_NAME=\"ztrmv_thread_CUU_\" -DCHAR_CNAME=\"ztrmv_thread_CUU\" -DNO_AFFINITY -I../.. -DDOUBLE  -DCOMPLEX -DCOMPLEX -DDOUBLE -ULOWER -DTRANSA=4 -DUNIT trmv_thread.c -o ztrmv_thread_CUU.o
cc -c -O2 -DMAX_STACK_ALLOC=2048 -Wall -m64 -DF_INTERFACE_GFORT -fPIC -DNO_LAPACK -DNO_LAPACKE -DSMP_SERVER -DNO_WARMUP -DMAX_CPU_NUMBER=4 -DMAX_PARALLEL_NUMBER=1 -DBUILD_SINGLE=1 -DBUILD_DOUBLE=1 -DBUILD_COMPLEX=1 -DBUILD_COMPLEX16=1 -DVERSION=\"0.3.17.dev\" -msse3 -mssse3 -msse4.1 -mavx -mavx2 -mavx2 -UASMNAME -UASMFNAME -UNAME -UCNAME -UCHAR_NAME -UCHAR_CNAME -DASMNAME=ztrmv_thread_CUN -DASMFNAME=ztrmv_thread_CUN_ -DNAME=ztrmv_thread_CUN_ -DCNAME=ztrmv_thread_CUN -DCHAR_NAME=\"ztrmv_thread_CUN_\" -DCHAR_CNAME=\"ztrmv_thread_CUN\" -DNO_AFFINITY -I../.. -DDOUBLE  -DCOMPLEX -DCOMPLEX -DDOUBLE -ULOWER -DTRANSA=4 -UUNIT trmv_thread.c -o ztrmv_thread_CUN.o
cc -c -O2 -DMAX_STACK_ALLOC=2048 -Wall -m64 -DF_INTERFACE_GFORT -fPIC -DNO_LAPACK -DNO_LAPACKE -DSMP_SERVER -DNO_WARMUP -DMAX_CPU_NUMBER=4 -DMAX_PARALLEL_NUMBER=1 -DBUILD_SINGLE=1 -DBUILD_DOUBLE=1 -DBUILD_COMPLEX=1 -DBUILD_COMPLEX16=1 -DVERSION=\"0.3.17.dev\" -msse3 -mssse3 -msse4.1 -mavx -mavx2 -mavx2 -UASMNAME -UASMFNAME -UNAME -UCNAME -UCHAR_NAME -UCHAR_CNAME -DASMNAME=ztrmv_thread_CLU -DASMFNAME=ztrmv_thread_CLU_ -DNAME=ztrmv_thread_CLU_ -DCNAME=ztrmv_thread_CLU -DCHAR_NAME=\"ztrmv_thread_CLU_\" -DCHAR_CNAME=\"ztrmv_thread_CLU\" -DNO_AFFINITY -I../.. -DDOUBLE  -DCOMPLEX -DCOMPLEX -DDOUBLE -DLOWER -DTRANSA=4 -DUNIT trmv_thread.c -o ztrmv_thread_CLU.o
cc -c -O2 -DMAX_STACK_ALLOC=2048 -Wall -m64 -DF_INTERFACE_GFORT -fPIC -DNO_LAPACK -DNO_LAPACKE -DSMP_SERVER -DNO_WARMUP -DMAX_CPU_NUMBER=4 -DMAX_PARALLEL_NUMBER=1 -DBUILD_SINGLE=1 -DBUILD_DOUBLE=1 -DBUILD_COMPLEX=1 -DBUILD_COMPLEX16=1 -DVERSION=\"0.3.17.dev\" -msse3 -mssse3 -msse4.1 -mavx -mavx2 -mavx2 -UASMNAME -UASMFNAME -UNAME -UCNAME -UCHAR_NAME -UCHAR_CNAME -DASMNAME=ztrmv_thread_CLN -DASMFNAME=ztrmv_thread_CLN_ -DNAME=ztrmv_thread_CLN_ -DCNAME=ztrmv_thread_CLN -DCHAR_NAME=\"ztrmv_thread_CLN_\" -DCHAR_CNAME=\"ztrmv_thread_CLN\" -DNO_AFFINITY -I../.. -DDOUBLE  -DCOMPLEX -DCOMPLEX -DDOUBLE -DLOWER -DTRANSA=4 -UUNIT trmv_thread.c -o ztrmv_thread_CLN.o
cc -c -O2 -DMAX_STACK_ALLOC=2048 -Wall -m64 -DF_INTERFACE_GFORT -fPIC -DNO_LAPACK -DNO_LAPACKE -DSMP_SERVER -DNO_WARMUP -DMAX_CPU_NUMBER=4 -DMAX_PARALLEL_NUMBER=1 -DBUILD_SINGLE=1 -DBUILD_DOUBLE=1 -DBUILD_COMPLEX=1 -DBUILD_COMPLEX16=1 -DVERSION=\"0.3.17.dev\" -msse3 -mssse3 -msse4.1 -mavx -mavx2 -mavx2 -UASMNAME -UASMFNAME -UNAME -UCNAME -UCHAR_NAME -UCHAR_CNAME -DASMNAME=zspmv_thread_U -DASMFNAME=zspmv_thread_U_ -DNAME=zspmv_thread_U_ -DCNAME=zspmv_thread_U -DCHAR_NAME=\"zspmv_thread_U_\" -DCHAR_CNAME=\"zspmv_thread_U\" -DNO_AFFINITY -I../.. -DDOUBLE  -DCOMPLEX -DCOMPLEX -DDOUBLE -ULOWER spmv_thread.c -o zspmv_thread_U.o
cc -c -O2 -DMAX_STACK_ALLOC=2048 -Wall -m64 -DF_INTERFACE_GFORT -fPIC -DNO_LAPACK -DNO_LAPACKE -DSMP_SERVER -DNO_WARMUP -DMAX_CPU_NUMBER=4 -DMAX_PARALLEL_NUMBER=1 -DBUILD_SINGLE=1 -DBUILD_DOUBLE=1 -DBUILD_COMPLEX=1 -DBUILD_COMPLEX16=1 -DVERSION=\"0.3.17.dev\" -msse3 -mssse3 -msse4.1 -mavx -mavx2 -mavx2 -UASMNAME -UASMFNAME -UNAME -UCNAME -UCHAR_NAME -UCHAR_CNAME -DASMNAME=zspmv_thread_L -DASMFNAME=zspmv_thread_L_ -DNAME=zspmv_thread_L_ -DCNAME=zspmv_thread_L -DCHAR_NAME=\"zspmv_thread_L_\" -DCHAR_CNAME=\"zspmv_thread_L\" -DNO_AFFINITY -I../.. -DDOUBLE  -DCOMPLEX -DCOMPLEX -DDOUBLE -DLOWER spmv_thread.c -o zspmv_thread_L.o
cc -c -O2 -DMAX_STACK_ALLOC=2048 -Wall -m64 -DF_INTERFACE_GFORT -fPIC -DNO_LAPACK -DNO_LAPACKE -DSMP_SERVER -DNO_WARMUP -DMAX_CPU_NUMBER=4 -DMAX_PARALLEL_NUMBER=1 -DBUILD_SINGLE=1 -DBUILD_DOUBLE=1 -DBUILD_COMPLEX=1 -DBUILD_COMPLEX16=1 -DVERSION=\"0.3.17.dev\" -msse3 -mssse3 -msse4.1 -mavx -mavx2 -mavx2 -UASMNAME -UASMFNAME -UNAME -UCNAME -UCHAR_NAME -UCHAR_CNAME -DASMNAME=zhpmv_thread_U -DASMFNAME=zhpmv_thread_U_ -DNAME=zhpmv_thread_U_ -DCNAME=zhpmv_thread_U -DCHAR_NAME=\"zhpmv_thread_U_\" -DCHAR_CNAME=\"zhpmv_thread_U\" -DNO_AFFINITY -I../.. -DDOUBLE  -DCOMPLEX -DCOMPLEX -DDOUBLE -ULOWER -DHEMV spmv_thread.c -o zhpmv_thread_U.o
cc -c -O2 -DMAX_STACK_ALLOC=2048 -Wall -m64 -DF_INTERFACE_GFORT -fPIC -DNO_LAPACK -DNO_LAPACKE -DSMP_SERVER -DNO_WARMUP -DMAX_CPU_NUMBER=4 -DMAX_PARALLEL_NUMBER=1 -DBUILD_SINGLE=1 -DBUILD_DOUBLE=1 -DBUILD_COMPLEX=1 -DBUILD_COMPLEX16=1 -DVERSION=\"0.3.17.dev\" -msse3 -mssse3 -msse4.1 -mavx -mavx2 -mavx2 -UASMNAME -UASMFNAME -UNAME -UCNAME -UCHAR_NAME -UCHAR_CNAME -DASMNAME=zhpmv_thread_L -DASMFNAME=zhpmv_thread_L_ -DNAME=zhpmv_thread_L_ -DCNAME=zhpmv_thread_L -DCHAR_NAME=\"zhpmv_thread_L_\" -DCHAR_CNAME=\"zhpmv_thread_L\" -DNO_AFFINITY -I../.. -DDOUBLE  -DCOMPLEX -DCOMPLEX -DDOUBLE -DLOWER -DHEMV spmv_thread.c -o zhpmv_thread_L.o
cc -c -O2 -DMAX_STACK_ALLOC=2048 -Wall -m64 -DF_INTERFACE_GFORT -fPIC -DNO_LAPACK -DNO_LAPACKE -DSMP_SERVER -DNO_WARMUP -DMAX_CPU_NUMBER=4 -DMAX_PARALLEL_NUMBER=1 -DBUILD_SINGLE=1 -DBUILD_DOUBLE=1 -DBUILD_COMPLEX=1 -DBUILD_COMPLEX16=1 -DVERSION=\"0.3.17.dev\" -msse3 -mssse3 -msse4.1 -mavx -mavx2 -mavx2 -UASMNAME -UASMFNAME -UNAME -UCNAME -UCHAR_NAME -UCHAR_CNAME -DASMNAME=zhpmv_thread_V -DASMFNAME=zhpmv_thread_V_ -DNAME=zhpmv_thread_V_ -DCNAME=zhpmv_thread_V -DCHAR_NAME=\"zhpmv_thread_V_\" -DCHAR_CNAME=\"zhpmv_thread_V\" -DNO_AFFINITY -I../.. -DDOUBLE  -DCOMPLEX -DCOMPLEX -DDOUBLE -ULOWER -DHEMVREV spmv_thread.c -o zhpmv_thread_V.o
cc -c -O2 -DMAX_STACK_ALLOC=2048 -Wall -m64 -DF_INTERFACE_GFORT -fPIC -DNO_LAPACK -DNO_LAPACKE -DSMP_SERVER -DNO_WARMUP -DMAX_CPU_NUMBER=4 -DMAX_PARALLEL_NUMBER=1 -DBUILD_SINGLE=1 -DBUILD_DOUBLE=1 -DBUILD_COMPLEX=1 -DBUILD_COMPLEX16=1 -DVERSION=\"0.3.17.dev\" -msse3 -mssse3 -msse4.1 -mavx -mavx2 -mavx2 -UASMNAME -UASMFNAME -UNAME -UCNAME -UCHAR_NAME -UCHAR_CNAME -DASMNAME=zhpmv_thread_M -DASMFNAME=zhpmv_thread_M_ -DNAME=zhpmv_thread_M_ -DCNAME=zhpmv_thread_M -DCHAR_NAME=\"zhpmv_thread_M_\" -DCHAR_CNAME=\"zhpmv_thread_M\" -DNO_AFFINITY -I../.. -DDOUBLE  -DCOMPLEX -DCOMPLEX -DDOUBLE -DLOWER -DHEMVREV spmv_thread.c -o zhpmv_thread_M.o
cc -c -O2 -DMAX_STACK_ALLOC=2048 -Wall -m64 -DF_INTERFACE_GFORT -fPIC -DNO_LAPACK -DNO_LAPACKE -DSMP_SERVER -DNO_WARMUP -DMAX_CPU_NUMBER=4 -DMAX_PARALLEL_NUMBER=1 -DBUILD_SINGLE=1 -DBUILD_DOUBLE=1 -DBUILD_COMPLEX=1 -DBUILD_COMPLEX16=1 -DVERSION=\"0.3.17.dev\" -msse3 -mssse3 -msse4.1 -mavx -mavx2 -mavx2 -UASMNAME -UASMFNAME -UNAME -UCNAME -UCHAR_NAME -UCHAR_CNAME -DASMNAME=ztpmv_thread_NUU -DASMFNAME=ztpmv_thread_NUU_ -DNAME=ztpmv_thread_NUU_ -DCNAME=ztpmv_thread_NUU -DCHAR_NAME=\"ztpmv_thread_NUU_\" -DCHAR_CNAME=\"ztpmv_thread_NUU\" -DNO_AFFINITY -I../.. -DDOUBLE  -DCOMPLEX -DCOMPLEX -DDOUBLE -ULOWER -DTRANSA=1 -DUNIT tpmv_thread.c -o ztpmv_thread_NUU.o
cc -c -O2 -DMAX_STACK_ALLOC=2048 -Wall -m64 -DF_INTERFACE_GFORT -fPIC -DNO_LAPACK -DNO_LAPACKE -DSMP_SERVER -DNO_WARMUP -DMAX_CPU_NUMBER=4 -DMAX_PARALLEL_NUMBER=1 -DBUILD_SINGLE=1 -DBUILD_DOUBLE=1 -DBUILD_COMPLEX=1 -DBUILD_COMPLEX16=1 -DVERSION=\"0.3.17.dev\" -msse3 -mssse3 -msse4.1 -mavx -mavx2 -mavx2 -UASMNAME -UASMFNAME -UNAME -UCNAME -UCHAR_NAME -UCHAR_CNAME -DASMNAME=ztpmv_thread_NUN -DASMFNAME=ztpmv_thread_NUN_ -DNAME=ztpmv_thread_NUN_ -DCNAME=ztpmv_thread_NUN -DCHAR_NAME=\"ztpmv_thread_NUN_\" -DCHAR_CNAME=\"ztpmv_thread_NUN\" -DNO_AFFINITY -I../.. -DDOUBLE  -DCOMPLEX -DCOMPLEX -DDOUBLE -ULOWER -DTRANSA=1 -UUNIT tpmv_thread.c -o ztpmv_thread_NUN.o
cc -c -O2 -DMAX_STACK_ALLOC=2048 -Wall -m64 -DF_INTERFACE_GFORT -fPIC -DNO_LAPACK -DNO_LAPACKE -DSMP_SERVER -DNO_WARMUP -DMAX_CPU_NUMBER=4 -DMAX_PARALLEL_NUMBER=1 -DBUILD_SINGLE=1 -DBUILD_DOUBLE=1 -DBUILD_COMPLEX=1 -DBUILD_COMPLEX16=1 -DVERSION=\"0.3.17.dev\" -msse3 -mssse3 -msse4.1 -mavx -mavx2 -mavx2 -UASMNAME -UASMFNAME -UNAME -UCNAME -UCHAR_NAME -UCHAR_CNAME -DASMNAME=ztpmv_thread_NLU -DASMFNAME=ztpmv_thread_NLU_ -DNAME=ztpmv_thread_NLU_ -DCNAME=ztpmv_thread_NLU -DCHAR_NAME=\"ztpmv_thread_NLU_\" -DCHAR_CNAME=\"ztpmv_thread_NLU\" -DNO_AFFINITY -I../.. -DDOUBLE  -DCOMPLEX -DCOMPLEX -DDOUBLE -DLOWER -DTRANSA=1 -DUNIT tpmv_thread.c -o ztpmv_thread_NLU.o
cc -c -O2 -DMAX_STACK_ALLOC=2048 -Wall -m64 -DF_INTERFACE_GFORT -fPIC -DNO_LAPACK -DNO_LAPACKE -DSMP_SERVER -DNO_WARMUP -DMAX_CPU_NUMBER=4 -DMAX_PARALLEL_NUMBER=1 -DBUILD_SINGLE=1 -DBUILD_DOUBLE=1 -DBUILD_COMPLEX=1 -DBUILD_COMPLEX16=1 -DVERSION=\"0.3.17.dev\" -msse3 -mssse3 -msse4.1 -mavx -mavx2 -mavx2 -UASMNAME -UASMFNAME -UNAME -UCNAME -UCHAR_NAME -UCHAR_CNAME -DASMNAME=ztpmv_thread_NLN -DASMFNAME=ztpmv_thread_NLN_ -DNAME=ztpmv_thread_NLN_ -DCNAME=ztpmv_thread_NLN -DCHAR_NAME=\"ztpmv_thread_NLN_\" -DCHAR_CNAME=\"ztpmv_thread_NLN\" -DNO_AFFINITY -I../.. -DDOUBLE  -DCOMPLEX -DCOMPLEX -DDOUBLE -DLOWER -DTRANSA=1 -UUNIT tpmv_thread.c -o ztpmv_thread_NLN.o
cc -c -O2 -DMAX_STACK_ALLOC=2048 -Wall -m64 -DF_INTERFACE_GFORT -fPIC -DNO_LAPACK -DNO_LAPACKE -DSMP_SERVER -DNO_WARMUP -DMAX_CPU_NUMBER=4 -DMAX_PARALLEL_NUMBER=1 -DBUILD_SINGLE=1 -DBUILD_DOUBLE=1 -DBUILD_COMPLEX=1 -DBUILD_COMPLEX16=1 -DVERSION=\"0.3.17.dev\" -msse3 -mssse3 -msse4.1 -mavx -mavx2 -mavx2 -UASMNAME -UASMFNAME -UNAME -UCNAME -UCHAR_NAME -UCHAR_CNAME -DASMNAME=ztpmv_thread_TUU -DASMFNAME=ztpmv_thread_TUU_ -DNAME=ztpmv_thread_TUU_ -DCNAME=ztpmv_thread_TUU -DCHAR_NAME=\"ztpmv_thread_TUU_\" -DCHAR_CNAME=\"ztpmv_thread_TUU\" -DNO_AFFINITY -I../.. -DDOUBLE  -DCOMPLEX -DCOMPLEX -DDOUBLE -ULOWER -DTRANSA=2 -DUNIT tpmv_thread.c -o ztpmv_thread_TUU.o
cc -c -O2 -DMAX_STACK_ALLOC=2048 -Wall -m64 -DF_INTERFACE_GFORT -fPIC -DNO_LAPACK -DNO_LAPACKE -DSMP_SERVER -DNO_WARMUP -DMAX_CPU_NUMBER=4 -DMAX_PARALLEL_NUMBER=1 -DBUILD_SINGLE=1 -DBUILD_DOUBLE=1 -DBUILD_COMPLEX=1 -DBUILD_COMPLEX16=1 -DVERSION=\"0.3.17.dev\" -msse3 -mssse3 -msse4.1 -mavx -mavx2 -mavx2 -UASMNAME -UASMFNAME -UNAME -UCNAME -UCHAR_NAME -UCHAR_CNAME -DASMNAME=ztpmv_thread_TUN -DASMFNAME=ztpmv_thread_TUN_ -DNAME=ztpmv_thread_TUN_ -DCNAME=ztpmv_thread_TUN -DCHAR_NAME=\"ztpmv_thread_TUN_\" -DCHAR_CNAME=\"ztpmv_thread_TUN\" -DNO_AFFINITY -I../.. -DDOUBLE  -DCOMPLEX -DCOMPLEX -DDOUBLE -ULOWER -DTRANSA=2 -UUNIT tpmv_thread.c -o ztpmv_thread_TUN.o
cc -c -O2 -DMAX_STACK_ALLOC=2048 -Wall -m64 -DF_INTERFACE_GFORT -fPIC -DNO_LAPACK -DNO_LAPACKE -DSMP_SERVER -DNO_WARMUP -DMAX_CPU_NUMBER=4 -DMAX_PARALLEL_NUMBER=1 -DBUILD_SINGLE=1 -DBUILD_DOUBLE=1 -DBUILD_COMPLEX=1 -DBUILD_COMPLEX16=1 -DVERSION=\"0.3.17.dev\" -msse3 -mssse3 -msse4.1 -mavx -mavx2 -mavx2 -UASMNAME -UASMFNAME -UNAME -UCNAME -UCHAR_NAME -UCHAR_CNAME -DASMNAME=ztpmv_thread_TLU -DASMFNAME=ztpmv_thread_TLU_ -DNAME=ztpmv_thread_TLU_ -DCNAME=ztpmv_thread_TLU -DCHAR_NAME=\"ztpmv_thread_TLU_\" -DCHAR_CNAME=\"ztpmv_thread_TLU\" -DNO_AFFINITY -I../.. -DDOUBLE  -DCOMPLEX -DCOMPLEX -DDOUBLE -DLOWER -DTRANSA=2 -DUNIT tpmv_thread.c -o ztpmv_thread_TLU.o
cc -c -O2 -DMAX_STACK_ALLOC=2048 -Wall -m64 -DF_INTERFACE_GFORT -fPIC -DNO_LAPACK -DNO_LAPACKE -DSMP_SERVER -DNO_WARMUP -DMAX_CPU_NUMBER=4 -DMAX_PARALLEL_NUMBER=1 -DBUILD_SINGLE=1 -DBUILD_DOUBLE=1 -DBUILD_COMPLEX=1 -DBUILD_COMPLEX16=1 -DVERSION=\"0.3.17.dev\" -msse3 -mssse3 -msse4.1 -mavx -mavx2 -mavx2 -UASMNAME -UASMFNAME -UNAME -UCNAME -UCHAR_NAME -UCHAR_CNAME -DASMNAME=ztpmv_thread_TLN -DASMFNAME=ztpmv_thread_TLN_ -DNAME=ztpmv_thread_TLN_ -DCNAME=ztpmv_thread_TLN -DCHAR_NAME=\"ztpmv_thread_TLN_\" -DCHAR_CNAME=\"ztpmv_thread_TLN\" -DNO_AFFINITY -I../.. -DDOUBLE  -DCOMPLEX -DCOMPLEX -DDOUBLE -DLOWER -DTRANSA=2 -UUNIT tpmv_thread.c -o ztpmv_thread_TLN.o
cc -c -O2 -DMAX_STACK_ALLOC=2048 -Wall -m64 -DF_INTERFACE_GFORT -fPIC -DNO_LAPACK -DNO_LAPACKE -DSMP_SERVER -DNO_WARMUP -DMAX_CPU_NUMBER=4 -DMAX_PARALLEL_NUMBER=1 -DBUILD_SINGLE=1 -DBUILD_DOUBLE=1 -DBUILD_COMPLEX=1 -DBUILD_COMPLEX16=1 -DVERSION=\"0.3.17.dev\" -msse3 -mssse3 -msse4.1 -mavx -mavx2 -mavx2 -UASMNAME -UASMFNAME -UNAME -UCNAME -UCHAR_NAME -UCHAR_CNAME -DASMNAME=ztpmv_thread_RUU -DASMFNAME=ztpmv_thread_RUU_ -DNAME=ztpmv_thread_RUU_ -DCNAME=ztpmv_thread_RUU -DCHAR_NAME=\"ztpmv_thread_RUU_\" -DCHAR_CNAME=\"ztpmv_thread_RUU\" -DNO_AFFINITY -I../.. -DDOUBLE  -DCOMPLEX -DCOMPLEX -DDOUBLE -ULOWER -DTRANSA=3 -DUNIT tpmv_thread.c -o ztpmv_thread_RUU.o
cc -c -O2 -DMAX_STACK_ALLOC=2048 -Wall -m64 -DF_INTERFACE_GFORT -fPIC -DNO_LAPACK -DNO_LAPACKE -DSMP_SERVER -DNO_WARMUP -DMAX_CPU_NUMBER=4 -DMAX_PARALLEL_NUMBER=1 -DBUILD_SINGLE=1 -DBUILD_DOUBLE=1 -DBUILD_COMPLEX=1 -DBUILD_COMPLEX16=1 -DVERSION=\"0.3.17.dev\" -msse3 -mssse3 -msse4.1 -mavx -mavx2 -mavx2 -UASMNAME -UASMFNAME -UNAME -UCNAME -UCHAR_NAME -UCHAR_CNAME -DASMNAME=ztpmv_thread_RUN -DASMFNAME=ztpmv_thread_RUN_ -DNAME=ztpmv_thread_RUN_ -DCNAME=ztpmv_thread_RUN -DCHAR_NAME=\"ztpmv_thread_RUN_\" -DCHAR_CNAME=\"ztpmv_thread_RUN\" -DNO_AFFINITY -I../.. -DDOUBLE  -DCOMPLEX -DCOMPLEX -DDOUBLE -ULOWER -DTRANSA=3 -UUNIT tpmv_thread.c -o ztpmv_thread_RUN.o
cc -c -O2 -DMAX_STACK_ALLOC=2048 -Wall -m64 -DF_INTERFACE_GFORT -fPIC -DNO_LAPACK -DNO_LAPACKE -DSMP_SERVER -DNO_WARMUP -DMAX_CPU_NUMBER=4 -DMAX_PARALLEL_NUMBER=1 -DBUILD_SINGLE=1 -DBUILD_DOUBLE=1 -DBUILD_COMPLEX=1 -DBUILD_COMPLEX16=1 -DVERSION=\"0.3.17.dev\" -msse3 -mssse3 -msse4.1 -mavx -mavx2 -mavx2 -UASMNAME -UASMFNAME -UNAME -UCNAME -UCHAR_NAME -UCHAR_CNAME -DASMNAME=ztpmv_thread_RLU -DASMFNAME=ztpmv_thread_RLU_ -DNAME=ztpmv_thread_RLU_ -DCNAME=ztpmv_thread_RLU -DCHAR_NAME=\"ztpmv_thread_RLU_\" -DCHAR_CNAME=\"ztpmv_thread_RLU\" -DNO_AFFINITY -I../.. -DDOUBLE  -DCOMPLEX -DCOMPLEX -DDOUBLE -DLOWER -DTRANSA=3 -DUNIT tpmv_thread.c -o ztpmv_thread_RLU.o
cc -c -O2 -DMAX_STACK_ALLOC=2048 -Wall -m64 -DF_INTERFACE_GFORT -fPIC -DNO_LAPACK -DNO_LAPACKE -DSMP_SERVER -DNO_WARMUP -DMAX_CPU_NUMBER=4 -DMAX_PARALLEL_NUMBER=1 -DBUILD_SINGLE=1 -DBUILD_DOUBLE=1 -DBUILD_COMPLEX=1 -DBUILD_COMPLEX16=1 -DVERSION=\"0.3.17.dev\" -msse3 -mssse3 -msse4.1 -mavx -mavx2 -mavx2 -UASMNAME -UASMFNAME -UNAME -UCNAME -UCHAR_NAME -UCHAR_CNAME -DASMNAME=ztpmv_thread_RLN -DASMFNAME=ztpmv_thread_RLN_ -DNAME=ztpmv_thread_RLN_ -DCNAME=ztpmv_thread_RLN -DCHAR_NAME=\"ztpmv_thread_RLN_\" -DCHAR_CNAME=\"ztpmv_thread_RLN\" -DNO_AFFINITY -I../.. -DDOUBLE  -DCOMPLEX -DCOMPLEX -DDOUBLE -DLOWER -DTRANSA=3 -UUNIT tpmv_thread.c -o ztpmv_thread_RLN.o
cc -c -O2 -DMAX_STACK_ALLOC=2048 -Wall -m64 -DF_INTERFACE_GFORT -fPIC -DNO_LAPACK -DNO_LAPACKE -DSMP_SERVER -DNO_WARMUP -DMAX_CPU_NUMBER=4 -DMAX_PARALLEL_NUMBER=1 -DBUILD_SINGLE=1 -DBUILD_DOUBLE=1 -DBUILD_COMPLEX=1 -DBUILD_COMPLEX16=1 -DVERSION=\"0.3.17.dev\" -msse3 -mssse3 -msse4.1 -mavx -mavx2 -mavx2 -UASMNAME -UASMFNAME -UNAME -UCNAME -UCHAR_NAME -UCHAR_CNAME -DASMNAME=ztpmv_thread_CUU -DASMFNAME=ztpmv_thread_CUU_ -DNAME=ztpmv_thread_CUU_ -DCNAME=ztpmv_thread_CUU -DCHAR_NAME=\"ztpmv_thread_CUU_\" -DCHAR_CNAME=\"ztpmv_thread_CUU\" -DNO_AFFINITY -I../.. -DDOUBLE  -DCOMPLEX -DCOMPLEX -DDOUBLE -ULOWER -DTRANSA=4 -DUNIT tpmv_thread.c -o ztpmv_thread_CUU.o
cc -c -O2 -DMAX_STACK_ALLOC=2048 -Wall -m64 -DF_INTERFACE_GFORT -fPIC -DNO_LAPACK -DNO_LAPACKE -DSMP_SERVER -DNO_WARMUP -DMAX_CPU_NUMBER=4 -DMAX_PARALLEL_NUMBER=1 -DBUILD_SINGLE=1 -DBUILD_DOUBLE=1 -DBUILD_COMPLEX=1 -DBUILD_COMPLEX16=1 -DVERSION=\"0.3.17.dev\" -msse3 -mssse3 -msse4.1 -mavx -mavx2 -mavx2 -UASMNAME -UASMFNAME -UNAME -UCNAME -UCHAR_NAME -UCHAR_CNAME -DASMNAME=ztpmv_thread_CUN -DASMFNAME=ztpmv_thread_CUN_ -DNAME=ztpmv_thread_CUN_ -DCNAME=ztpmv_thread_CUN -DCHAR_NAME=\"ztpmv_thread_CUN_\" -DCHAR_CNAME=\"ztpmv_thread_CUN\" -DNO_AFFINITY -I../.. -DDOUBLE  -DCOMPLEX -DCOMPLEX -DDOUBLE -ULOWER -DTRANSA=4 -UUNIT tpmv_thread.c -o ztpmv_thread_CUN.o
cc -c -O2 -DMAX_STACK_ALLOC=2048 -Wall -m64 -DF_INTERFACE_GFORT -fPIC -DNO_LAPACK -DNO_LAPACKE -DSMP_SERVER -DNO_WARMUP -DMAX_CPU_NUMBER=4 -DMAX_PARALLEL_NUMBER=1 -DBUILD_SINGLE=1 -DBUILD_DOUBLE=1 -DBUILD_COMPLEX=1 -DBUILD_COMPLEX16=1 -DVERSION=\"0.3.17.dev\" -msse3 -mssse3 -msse4.1 -mavx -mavx2 -mavx2 -UASMNAME -UASMFNAME -UNAME -UCNAME -UCHAR_NAME -UCHAR_CNAME -DASMNAME=ztpmv_thread_CLU -DASMFNAME=ztpmv_thread_CLU_ -DNAME=ztpmv_thread_CLU_ -DCNAME=ztpmv_thread_CLU -DCHAR_NAME=\"ztpmv_thread_CLU_\" -DCHAR_CNAME=\"ztpmv_thread_CLU\" -DNO_AFFINITY -I../.. -DDOUBLE  -DCOMPLEX -DCOMPLEX -DDOUBLE -DLOWER -DTRANSA=4 -DUNIT tpmv_thread.c -o ztpmv_thread_CLU.o
cc -c -O2 -DMAX_STACK_ALLOC=2048 -Wall -m64 -DF_INTERFACE_GFORT -fPIC -DNO_LAPACK -DNO_LAPACKE -DSMP_SERVER -DNO_WARMUP -DMAX_CPU_NUMBER=4 -DMAX_PARALLEL_NUMBER=1 -DBUILD_SINGLE=1 -DBUILD_DOUBLE=1 -DBUILD_COMPLEX=1 -DBUILD_COMPLEX16=1 -DVERSION=\"0.3.17.dev\" -msse3 -mssse3 -msse4.1 -mavx -mavx2 -mavx2 -UASMNAME -UASMFNAME -UNAME -UCNAME -UCHAR_NAME -UCHAR_CNAME -DASMNAME=ztpmv_thread_CLN -DASMFNAME=ztpmv_thread_CLN_ -DNAME=ztpmv_thread_CLN_ -DCNAME=ztpmv_thread_CLN -DCHAR_NAME=\"ztpmv_thread_CLN_\" -DCHAR_CNAME=\"ztpmv_thread_CLN\" -DNO_AFFINITY -I../.. -DDOUBLE  -DCOMPLEX -DCOMPLEX -DDOUBLE -DLOWER -DTRANSA=4 -UUNIT tpmv_thread.c -o ztpmv_thread_CLN.o
cc -c -DCOMPLEX -DDOUBLE -UTRANSA -UCONJ -UXCONJ -O2 -DMAX_STACK_ALLOC=2048 -Wall -m64 -DF_INTERFACE_GFORT -fPIC -DNO_LAPACK -DNO_LAPACKE -DSMP_SERVER -DNO_WARMUP -DMAX_CPU_NUMBER=4 -DMAX_PARALLEL_NUMBER=1 -DBUILD_SINGLE=1 -DBUILD_DOUBLE=1 -DBUILD_COMPLEX=1 -DBUILD_COMPLEX16=1 -DVERSION=\"0.3.17.dev\" -msse3 -mssse3 -msse4.1 -mavx -mavx2 -mavx2 -UASMNAME -UASMFNAME -UNAME -UCNAME -UCHAR_NAME -UCHAR_CNAME -DASMNAME=zgbmv_thread_n -DASMFNAME=zgbmv_thread_n_ -DNAME=zgbmv_thread_n_ -DCNAME=zgbmv_thread_n -DCHAR_NAME=\"zgbmv_thread_n_\" -DCHAR_CNAME=\"zgbmv_thread_n\" -DNO_AFFINITY -I../.. -DDOUBLE  -DCOMPLEX -o zgbmv_thread_n.o gbmv_thread.c
cc -c -DCOMPLEX -DDOUBLE -DTRANSA -UCONJ -UXCONJ -O2 -DMAX_STACK_ALLOC=2048 -Wall -m64 -DF_INTERFACE_GFORT -fPIC -DNO_LAPACK -DNO_LAPACKE -DSMP_SERVER -DNO_WARMUP -DMAX_CPU_NUMBER=4 -DMAX_PARALLEL_NUMBER=1 -DBUILD_SINGLE=1 -DBUILD_DOUBLE=1 -DBUILD_COMPLEX=1 -DBUILD_COMPLEX16=1 -DVERSION=\"0.3.17.dev\" -msse3 -mssse3 -msse4.1 -mavx -mavx2 -mavx2 -UASMNAME -UASMFNAME -UNAME -UCNAME -UCHAR_NAME -UCHAR_CNAME -DASMNAME=zgbmv_thread_t -DASMFNAME=zgbmv_thread_t_ -DNAME=zgbmv_thread_t_ -DCNAME=zgbmv_thread_t -DCHAR_NAME=\"zgbmv_thread_t_\" -DCHAR_CNAME=\"zgbmv_thread_t\" -DNO_AFFINITY -I../.. -DDOUBLE  -DCOMPLEX -o zgbmv_thread_t.o gbmv_thread.c
cc -c -DCOMPLEX -DDOUBLE -UTRANSA -DCONJ -UXCONJ -O2 -DMAX_STACK_ALLOC=2048 -Wall -m64 -DF_INTERFACE_GFORT -fPIC -DNO_LAPACK -DNO_LAPACKE -DSMP_SERVER -DNO_WARMUP -DMAX_CPU_NUMBER=4 -DMAX_PARALLEL_NUMBER=1 -DBUILD_SINGLE=1 -DBUILD_DOUBLE=1 -DBUILD_COMPLEX=1 -DBUILD_COMPLEX16=1 -DVERSION=\"0.3.17.dev\" -msse3 -mssse3 -msse4.1 -mavx -mavx2 -mavx2 -UASMNAME -UASMFNAME -UNAME -UCNAME -UCHAR_NAME -UCHAR_CNAME -DASMNAME=zgbmv_thread_r -DASMFNAME=zgbmv_thread_r_ -DNAME=zgbmv_thread_r_ -DCNAME=zgbmv_thread_r -DCHAR_NAME=\"zgbmv_thread_r_\" -DCHAR_CNAME=\"zgbmv_thread_r\" -DNO_AFFINITY -I../.. -DDOUBLE  -DCOMPLEX -o zgbmv_thread_r.o gbmv_thread.c
cc -c -DCOMPLEX -DDOUBLE -DTRANSA -DCONJ -UXCONJ -O2 -DMAX_STACK_ALLOC=2048 -Wall -m64 -DF_INTERFACE_GFORT -fPIC -DNO_LAPACK -DNO_LAPACKE -DSMP_SERVER -DNO_WARMUP -DMAX_CPU_NUMBER=4 -DMAX_PARALLEL_NUMBER=1 -DBUILD_SINGLE=1 -DBUILD_DOUBLE=1 -DBUILD_COMPLEX=1 -DBUILD_COMPLEX16=1 -DVERSION=\"0.3.17.dev\" -msse3 -mssse3 -msse4.1 -mavx -mavx2 -mavx2 -UASMNAME -UASMFNAME -UNAME -UCNAME -UCHAR_NAME -UCHAR_CNAME -DASMNAME=zgbmv_thread_c -DASMFNAME=zgbmv_thread_c_ -DNAME=zgbmv_thread_c_ -DCNAME=zgbmv_thread_c -DCHAR_NAME=\"zgbmv_thread_c_\" -DCHAR_CNAME=\"zgbmv_thread_c\" -DNO_AFFINITY -I../.. -DDOUBLE  -DCOMPLEX -o zgbmv_thread_c.o gbmv_thread.c
cc -c -DCOMPLEX -DDOUBLE -UTRANSA -UCONJ -DXCONJ -O2 -DMAX_STACK_ALLOC=2048 -Wall -m64 -DF_INTERFACE_GFORT -fPIC -DNO_LAPACK -DNO_LAPACKE -DSMP_SERVER -DNO_WARMUP -DMAX_CPU_NUMBER=4 -DMAX_PARALLEL_NUMBER=1 -DBUILD_SINGLE=1 -DBUILD_DOUBLE=1 -DBUILD_COMPLEX=1 -DBUILD_COMPLEX16=1 -DVERSION=\"0.3.17.dev\" -msse3 -mssse3 -msse4.1 -mavx -mavx2 -mavx2 -UASMNAME -UASMFNAME -UNAME -UCNAME -UCHAR_NAME -UCHAR_CNAME -DASMNAME=zgbmv_thread_o -DASMFNAME=zgbmv_thread_o_ -DNAME=zgbmv_thread_o_ -DCNAME=zgbmv_thread_o -DCHAR_NAME=\"zgbmv_thread_o_\" -DCHAR_CNAME=\"zgbmv_thread_o\" -DNO_AFFINITY -I../.. -DDOUBLE  -DCOMPLEX -o zgbmv_thread_o.o gbmv_thread.c
cc -c -DCOMPLEX -DDOUBLE -DTRANSA -UCONJ -DXCONJ -O2 -DMAX_STACK_ALLOC=2048 -Wall -m64 -DF_INTERFACE_GFORT -fPIC -DNO_LAPACK -DNO_LAPACKE -DSMP_SERVER -DNO_WARMUP -DMAX_CPU_NUMBER=4 -DMAX_PARALLEL_NUMBER=1 -DBUILD_SINGLE=1 -DBUILD_DOUBLE=1 -DBUILD_COMPLEX=1 -DBUILD_COMPLEX16=1 -DVERSION=\"0.3.17.dev\" -msse3 -mssse3 -msse4.1 -mavx -mavx2 -mavx2 -UASMNAME -UASMFNAME -UNAME -UCNAME -UCHAR_NAME -UCHAR_CNAME -DASMNAME=zgbmv_thread_u -DASMFNAME=zgbmv_thread_u_ -DNAME=zgbmv_thread_u_ -DCNAME=zgbmv_thread_u -DCHAR_NAME=\"zgbmv_thread_u_\" -DCHAR_CNAME=\"zgbmv_thread_u\" -DNO_AFFINITY -I../.. -DDOUBLE  -DCOMPLEX -o zgbmv_thread_u.o gbmv_thread.c
cc -c -DCOMPLEX -DDOUBLE -UTRANSA -DCONJ -DXCONJ -O2 -DMAX_STACK_ALLOC=2048 -Wall -m64 -DF_INTERFACE_GFORT -fPIC -DNO_LAPACK -DNO_LAPACKE -DSMP_SERVER -DNO_WARMUP -DMAX_CPU_NUMBER=4 -DMAX_PARALLEL_NUMBER=1 -DBUILD_SINGLE=1 -DBUILD_DOUBLE=1 -DBUILD_COMPLEX=1 -DBUILD_COMPLEX16=1 -DVERSION=\"0.3.17.dev\" -msse3 -mssse3 -msse4.1 -mavx -mavx2 -mavx2 -UASMNAME -UASMFNAME -UNAME -UCNAME -UCHAR_NAME -UCHAR_CNAME -DASMNAME=zgbmv_thread_s -DASMFNAME=zgbmv_thread_s_ -DNAME=zgbmv_thread_s_ -DCNAME=zgbmv_thread_s -DCHAR_NAME=\"zgbmv_thread_s_\" -DCHAR_CNAME=\"zgbmv_thread_s\" -DNO_AFFINITY -I../.. -DDOUBLE  -DCOMPLEX -o zgbmv_thread_s.o gbmv_thread.c
cc -c -DCOMPLEX -DDOUBLE -DTRANSA -DCONJ -DXCONJ -O2 -DMAX_STACK_ALLOC=2048 -Wall -m64 -DF_INTERFACE_GFORT -fPIC -DNO_LAPACK -DNO_LAPACKE -DSMP_SERVER -DNO_WARMUP -DMAX_CPU_NUMBER=4 -DMAX_PARALLEL_NUMBER=1 -DBUILD_SINGLE=1 -DBUILD_DOUBLE=1 -DBUILD_COMPLEX=1 -DBUILD_COMPLEX16=1 -DVERSION=\"0.3.17.dev\" -msse3 -mssse3 -msse4.1 -mavx -mavx2 -mavx2 -UASMNAME -UASMFNAME -UNAME -UCNAME -UCHAR_NAME -UCHAR_CNAME -DASMNAME=zgbmv_thread_d -DASMFNAME=zgbmv_thread_d_ -DNAME=zgbmv_thread_d_ -DCNAME=zgbmv_thread_d -DCHAR_NAME=\"zgbmv_thread_d_\" -DCHAR_CNAME=\"zgbmv_thread_d\" -DNO_AFFINITY -I../.. -DDOUBLE  -DCOMPLEX -o zgbmv_thread_d.o gbmv_thread.c
cc -c -O2 -DMAX_STACK_ALLOC=2048 -Wall -m64 -DF_INTERFACE_GFORT -fPIC -DNO_LAPACK -DNO_LAPACKE -DSMP_SERVER -DNO_WARMUP -DMAX_CPU_NUMBER=4 -DMAX_PARALLEL_NUMBER=1 -DBUILD_SINGLE=1 -DBUILD_DOUBLE=1 -DBUILD_COMPLEX=1 -DBUILD_COMPLEX16=1 -DVERSION=\"0.3.17.dev\" -msse3 -mssse3 -msse4.1 -mavx -mavx2 -mavx2 -UASMNAME -UASMFNAME -UNAME -UCNAME -UCHAR_NAME -UCHAR_CNAME -DASMNAME=zsbmv_thread_U -DASMFNAME=zsbmv_thread_U_ -DNAME=zsbmv_thread_U_ -DCNAME=zsbmv_thread_U -DCHAR_NAME=\"zsbmv_thread_U_\" -DCHAR_CNAME=\"zsbmv_thread_U\" -DNO_AFFINITY -I../.. -DDOUBLE  -DCOMPLEX -DCOMPLEX -DDOUBLE -ULOWER sbmv_thread.c -o zsbmv_thread_U.o
cc -c -O2 -DMAX_STACK_ALLOC=2048 -Wall -m64 -DF_INTERFACE_GFORT -fPIC -DNO_LAPACK -DNO_LAPACKE -DSMP_SERVER -DNO_WARMUP -DMAX_CPU_NUMBER=4 -DMAX_PARALLEL_NUMBER=1 -DBUILD_SINGLE=1 -DBUILD_DOUBLE=1 -DBUILD_COMPLEX=1 -DBUILD_COMPLEX16=1 -DVERSION=\"0.3.17.dev\" -msse3 -mssse3 -msse4.1 -mavx -mavx2 -mavx2 -UASMNAME -UASMFNAME -UNAME -UCNAME -UCHAR_NAME -UCHAR_CNAME -DASMNAME=zsbmv_thread_L -DASMFNAME=zsbmv_thread_L_ -DNAME=zsbmv_thread_L_ -DCNAME=zsbmv_thread_L -DCHAR_NAME=\"zsbmv_thread_L_\" -DCHAR_CNAME=\"zsbmv_thread_L\" -DNO_AFFINITY -I../.. -DDOUBLE  -DCOMPLEX -DCOMPLEX -DDOUBLE -DLOWER sbmv_thread.c -o zsbmv_thread_L.o
cc -c -O2 -DMAX_STACK_ALLOC=2048 -Wall -m64 -DF_INTERFACE_GFORT -fPIC -DNO_LAPACK -DNO_LAPACKE -DSMP_SERVER -DNO_WARMUP -DMAX_CPU_NUMBER=4 -DMAX_PARALLEL_NUMBER=1 -DBUILD_SINGLE=1 -DBUILD_DOUBLE=1 -DBUILD_COMPLEX=1 -DBUILD_COMPLEX16=1 -DVERSION=\"0.3.17.dev\" -msse3 -mssse3 -msse4.1 -mavx -mavx2 -mavx2 -UASMNAME -UASMFNAME -UNAME -UCNAME -UCHAR_NAME -UCHAR_CNAME -DASMNAME=zhbmv_thread_U -DASMFNAME=zhbmv_thread_U_ -DNAME=zhbmv_thread_U_ -DCNAME=zhbmv_thread_U -DCHAR_NAME=\"zhbmv_thread_U_\" -DCHAR_CNAME=\"zhbmv_thread_U\" -DNO_AFFINITY -I../.. -DDOUBLE  -DCOMPLEX -DCOMPLEX -DDOUBLE -ULOWER -DHEMV sbmv_thread.c -o zhbmv_thread_U.o
cc -c -O2 -DMAX_STACK_ALLOC=2048 -Wall -m64 -DF_INTERFACE_GFORT -fPIC -DNO_LAPACK -DNO_LAPACKE -DSMP_SERVER -DNO_WARMUP -DMAX_CPU_NUMBER=4 -DMAX_PARALLEL_NUMBER=1 -DBUILD_SINGLE=1 -DBUILD_DOUBLE=1 -DBUILD_COMPLEX=1 -DBUILD_COMPLEX16=1 -DVERSION=\"0.3.17.dev\" -msse3 -mssse3 -msse4.1 -mavx -mavx2 -mavx2 -UASMNAME -UASMFNAME -UNAME -UCNAME -UCHAR_NAME -UCHAR_CNAME -DASMNAME=zhbmv_thread_L -DASMFNAME=zhbmv_thread_L_ -DNAME=zhbmv_thread_L_ -DCNAME=zhbmv_thread_L -DCHAR_NAME=\"zhbmv_thread_L_\" -DCHAR_CNAME=\"zhbmv_thread_L\" -DNO_AFFINITY -I../.. -DDOUBLE  -DCOMPLEX -DCOMPLEX -DDOUBLE -DLOWER -DHEMV sbmv_thread.c -o zhbmv_thread_L.o
cc -c -O2 -DMAX_STACK_ALLOC=2048 -Wall -m64 -DF_INTERFACE_GFORT -fPIC -DNO_LAPACK -DNO_LAPACKE -DSMP_SERVER -DNO_WARMUP -DMAX_CPU_NUMBER=4 -DMAX_PARALLEL_NUMBER=1 -DBUILD_SINGLE=1 -DBUILD_DOUBLE=1 -DBUILD_COMPLEX=1 -DBUILD_COMPLEX16=1 -DVERSION=\"0.3.17.dev\" -msse3 -mssse3 -msse4.1 -mavx -mavx2 -mavx2 -UASMNAME -UASMFNAME -UNAME -UCNAME -UCHAR_NAME -UCHAR_CNAME -DASMNAME=zhbmv_thread_V -DASMFNAME=zhbmv_thread_V_ -DNAME=zhbmv_thread_V_ -DCNAME=zhbmv_thread_V -DCHAR_NAME=\"zhbmv_thread_V_\" -DCHAR_CNAME=\"zhbmv_thread_V\" -DNO_AFFINITY -I../.. -DDOUBLE  -DCOMPLEX -DCOMPLEX -DDOUBLE -ULOWER -DHEMVREV sbmv_thread.c -o zhbmv_thread_V.o
cc -c -O2 -DMAX_STACK_ALLOC=2048 -Wall -m64 -DF_INTERFACE_GFORT -fPIC -DNO_LAPACK -DNO_LAPACKE -DSMP_SERVER -DNO_WARMUP -DMAX_CPU_NUMBER=4 -DMAX_PARALLEL_NUMBER=1 -DBUILD_SINGLE=1 -DBUILD_DOUBLE=1 -DBUILD_COMPLEX=1 -DBUILD_COMPLEX16=1 -DVERSION=\"0.3.17.dev\" -msse3 -mssse3 -msse4.1 -mavx -mavx2 -mavx2 -UASMNAME -UASMFNAME -UNAME -UCNAME -UCHAR_NAME -UCHAR_CNAME -DASMNAME=zhbmv_thread_M -DASMFNAME=zhbmv_thread_M_ -DNAME=zhbmv_thread_M_ -DCNAME=zhbmv_thread_M -DCHAR_NAME=\"zhbmv_thread_M_\" -DCHAR_CNAME=\"zhbmv_thread_M\" -DNO_AFFINITY -I../.. -DDOUBLE  -DCOMPLEX -DCOMPLEX -DDOUBLE -DLOWER -DHEMVREV sbmv_thread.c -o zhbmv_thread_M.o
cc -c -O2 -DMAX_STACK_ALLOC=2048 -Wall -m64 -DF_INTERFACE_GFORT -fPIC -DNO_LAPACK -DNO_LAPACKE -DSMP_SERVER -DNO_WARMUP -DMAX_CPU_NUMBER=4 -DMAX_PARALLEL_NUMBER=1 -DBUILD_SINGLE=1 -DBUILD_DOUBLE=1 -DBUILD_COMPLEX=1 -DBUILD_COMPLEX16=1 -DVERSION=\"0.3.17.dev\" -msse3 -mssse3 -msse4.1 -mavx -mavx2 -mavx2 -UASMNAME -UASMFNAME -UNAME -UCNAME -UCHAR_NAME -UCHAR_CNAME -DASMNAME=ztbmv_thread_NUU -DASMFNAME=ztbmv_thread_NUU_ -DNAME=ztbmv_thread_NUU_ -DCNAME=ztbmv_thread_NUU -DCHAR_NAME=\"ztbmv_thread_NUU_\" -DCHAR_CNAME=\"ztbmv_thread_NUU\" -DNO_AFFINITY -I../.. -DDOUBLE  -DCOMPLEX -DCOMPLEX -DDOUBLE -ULOWER -DTRANSA=1 -DUNIT tbmv_thread.c -o ztbmv_thread_NUU.o
cc -c -O2 -DMAX_STACK_ALLOC=2048 -Wall -m64 -DF_INTERFACE_GFORT -fPIC -DNO_LAPACK -DNO_LAPACKE -DSMP_SERVER -DNO_WARMUP -DMAX_CPU_NUMBER=4 -DMAX_PARALLEL_NUMBER=1 -DBUILD_SINGLE=1 -DBUILD_DOUBLE=1 -DBUILD_COMPLEX=1 -DBUILD_COMPLEX16=1 -DVERSION=\"0.3.17.dev\" -msse3 -mssse3 -msse4.1 -mavx -mavx2 -mavx2 -UASMNAME -UASMFNAME -UNAME -UCNAME -UCHAR_NAME -UCHAR_CNAME -DASMNAME=ztbmv_thread_NUN -DASMFNAME=ztbmv_thread_NUN_ -DNAME=ztbmv_thread_NUN_ -DCNAME=ztbmv_thread_NUN -DCHAR_NAME=\"ztbmv_thread_NUN_\" -DCHAR_CNAME=\"ztbmv_thread_NUN\" -DNO_AFFINITY -I../.. -DDOUBLE  -DCOMPLEX -DCOMPLEX -DDOUBLE -ULOWER -DTRANSA=1 -UUNIT tbmv_thread.c -o ztbmv_thread_NUN.o
cc -c -O2 -DMAX_STACK_ALLOC=2048 -Wall -m64 -DF_INTERFACE_GFORT -fPIC -DNO_LAPACK -DNO_LAPACKE -DSMP_SERVER -DNO_WARMUP -DMAX_CPU_NUMBER=4 -DMAX_PARALLEL_NUMBER=1 -DBUILD_SINGLE=1 -DBUILD_DOUBLE=1 -DBUILD_COMPLEX=1 -DBUILD_COMPLEX16=1 -DVERSION=\"0.3.17.dev\" -msse3 -mssse3 -msse4.1 -mavx -mavx2 -mavx2 -UASMNAME -UASMFNAME -UNAME -UCNAME -UCHAR_NAME -UCHAR_CNAME -DASMNAME=ztbmv_thread_NLU -DASMFNAME=ztbmv_thread_NLU_ -DNAME=ztbmv_thread_NLU_ -DCNAME=ztbmv_thread_NLU -DCHAR_NAME=\"ztbmv_thread_NLU_\" -DCHAR_CNAME=\"ztbmv_thread_NLU\" -DNO_AFFINITY -I../.. -DDOUBLE  -DCOMPLEX -DCOMPLEX -DDOUBLE -DLOWER -DTRANSA=1 -DUNIT tbmv_thread.c -o ztbmv_thread_NLU.o
cc -c -O2 -DMAX_STACK_ALLOC=2048 -Wall -m64 -DF_INTERFACE_GFORT -fPIC -DNO_LAPACK -DNO_LAPACKE -DSMP_SERVER -DNO_WARMUP -DMAX_CPU_NUMBER=4 -DMAX_PARALLEL_NUMBER=1 -DBUILD_SINGLE=1 -DBUILD_DOUBLE=1 -DBUILD_COMPLEX=1 -DBUILD_COMPLEX16=1 -DVERSION=\"0.3.17.dev\" -msse3 -mssse3 -msse4.1 -mavx -mavx2 -mavx2 -UASMNAME -UASMFNAME -UNAME -UCNAME -UCHAR_NAME -UCHAR_CNAME -DASMNAME=ztbmv_thread_NLN -DASMFNAME=ztbmv_thread_NLN_ -DNAME=ztbmv_thread_NLN_ -DCNAME=ztbmv_thread_NLN -DCHAR_NAME=\"ztbmv_thread_NLN_\" -DCHAR_CNAME=\"ztbmv_thread_NLN\" -DNO_AFFINITY -I../.. -DDOUBLE  -DCOMPLEX -DCOMPLEX -DDOUBLE -DLOWER -DTRANSA=1 -UUNIT tbmv_thread.c -o ztbmv_thread_NLN.o
cc -c -O2 -DMAX_STACK_ALLOC=2048 -Wall -m64 -DF_INTERFACE_GFORT -fPIC -DNO_LAPACK -DNO_LAPACKE -DSMP_SERVER -DNO_WARMUP -DMAX_CPU_NUMBER=4 -DMAX_PARALLEL_NUMBER=1 -DBUILD_SINGLE=1 -DBUILD_DOUBLE=1 -DBUILD_COMPLEX=1 -DBUILD_COMPLEX16=1 -DVERSION=\"0.3.17.dev\" -msse3 -mssse3 -msse4.1 -mavx -mavx2 -mavx2 -UASMNAME -UASMFNAME -UNAME -UCNAME -UCHAR_NAME -UCHAR_CNAME -DASMNAME=ztbmv_thread_TUU -DASMFNAME=ztbmv_thread_TUU_ -DNAME=ztbmv_thread_TUU_ -DCNAME=ztbmv_thread_TUU -DCHAR_NAME=\"ztbmv_thread_TUU_\" -DCHAR_CNAME=\"ztbmv_thread_TUU\" -DNO_AFFINITY -I../.. -DDOUBLE  -DCOMPLEX -DCOMPLEX -DDOUBLE -ULOWER -DTRANSA=2 -DUNIT tbmv_thread.c -o ztbmv_thread_TUU.o
cc -c -O2 -DMAX_STACK_ALLOC=2048 -Wall -m64 -DF_INTERFACE_GFORT -fPIC -DNO_LAPACK -DNO_LAPACKE -DSMP_SERVER -DNO_WARMUP -DMAX_CPU_NUMBER=4 -DMAX_PARALLEL_NUMBER=1 -DBUILD_SINGLE=1 -DBUILD_DOUBLE=1 -DBUILD_COMPLEX=1 -DBUILD_COMPLEX16=1 -DVERSION=\"0.3.17.dev\" -msse3 -mssse3 -msse4.1 -mavx -mavx2 -mavx2 -UASMNAME -UASMFNAME -UNAME -UCNAME -UCHAR_NAME -UCHAR_CNAME -DASMNAME=ztbmv_thread_TUN -DASMFNAME=ztbmv_thread_TUN_ -DNAME=ztbmv_thread_TUN_ -DCNAME=ztbmv_thread_TUN -DCHAR_NAME=\"ztbmv_thread_TUN_\" -DCHAR_CNAME=\"ztbmv_thread_TUN\" -DNO_AFFINITY -I../.. -DDOUBLE  -DCOMPLEX -DCOMPLEX -DDOUBLE -ULOWER -DTRANSA=2 -UUNIT tbmv_thread.c -o ztbmv_thread_TUN.o
cc -c -O2 -DMAX_STACK_ALLOC=2048 -Wall -m64 -DF_INTERFACE_GFORT -fPIC -DNO_LAPACK -DNO_LAPACKE -DSMP_SERVER -DNO_WARMUP -DMAX_CPU_NUMBER=4 -DMAX_PARALLEL_NUMBER=1 -DBUILD_SINGLE=1 -DBUILD_DOUBLE=1 -DBUILD_COMPLEX=1 -DBUILD_COMPLEX16=1 -DVERSION=\"0.3.17.dev\" -msse3 -mssse3 -msse4.1 -mavx -mavx2 -mavx2 -UASMNAME -UASMFNAME -UNAME -UCNAME -UCHAR_NAME -UCHAR_CNAME -DASMNAME=ztbmv_thread_TLU -DASMFNAME=ztbmv_thread_TLU_ -DNAME=ztbmv_thread_TLU_ -DCNAME=ztbmv_thread_TLU -DCHAR_NAME=\"ztbmv_thread_TLU_\" -DCHAR_CNAME=\"ztbmv_thread_TLU\" -DNO_AFFINITY -I../.. -DDOUBLE  -DCOMPLEX -DCOMPLEX -DDOUBLE -DLOWER -DTRANSA=2 -DUNIT tbmv_thread.c -o ztbmv_thread_TLU.o
cc -c -O2 -DMAX_STACK_ALLOC=2048 -Wall -m64 -DF_INTERFACE_GFORT -fPIC -DNO_LAPACK -DNO_LAPACKE -DSMP_SERVER -DNO_WARMUP -DMAX_CPU_NUMBER=4 -DMAX_PARALLEL_NUMBER=1 -DBUILD_SINGLE=1 -DBUILD_DOUBLE=1 -DBUILD_COMPLEX=1 -DBUILD_COMPLEX16=1 -DVERSION=\"0.3.17.dev\" -msse3 -mssse3 -msse4.1 -mavx -mavx2 -mavx2 -UASMNAME -UASMFNAME -UNAME -UCNAME -UCHAR_NAME -UCHAR_CNAME -DASMNAME=ztbmv_thread_TLN -DASMFNAME=ztbmv_thread_TLN_ -DNAME=ztbmv_thread_TLN_ -DCNAME=ztbmv_thread_TLN -DCHAR_NAME=\"ztbmv_thread_TLN_\" -DCHAR_CNAME=\"ztbmv_thread_TLN\" -DNO_AFFINITY -I../.. -DDOUBLE  -DCOMPLEX -DCOMPLEX -DDOUBLE -DLOWER -DTRANSA=2 -UUNIT tbmv_thread.c -o ztbmv_thread_TLN.o
cc -c -O2 -DMAX_STACK_ALLOC=2048 -Wall -m64 -DF_INTERFACE_GFORT -fPIC -DNO_LAPACK -DNO_LAPACKE -DSMP_SERVER -DNO_WARMUP -DMAX_CPU_NUMBER=4 -DMAX_PARALLEL_NUMBER=1 -DBUILD_SINGLE=1 -DBUILD_DOUBLE=1 -DBUILD_COMPLEX=1 -DBUILD_COMPLEX16=1 -DVERSION=\"0.3.17.dev\" -msse3 -mssse3 -msse4.1 -mavx -mavx2 -mavx2 -UASMNAME -UASMFNAME -UNAME -UCNAME -UCHAR_NAME -UCHAR_CNAME -DASMNAME=ztbmv_thread_RUU -DASMFNAME=ztbmv_thread_RUU_ -DNAME=ztbmv_thread_RUU_ -DCNAME=ztbmv_thread_RUU -DCHAR_NAME=\"ztbmv_thread_RUU_\" -DCHAR_CNAME=\"ztbmv_thread_RUU\" -DNO_AFFINITY -I../.. -DDOUBLE  -DCOMPLEX -DCOMPLEX -DDOUBLE -ULOWER -DTRANSA=3 -DUNIT tbmv_thread.c -o ztbmv_thread_RUU.o
cc -c -O2 -DMAX_STACK_ALLOC=2048 -Wall -m64 -DF_INTERFACE_GFORT -fPIC -DNO_LAPACK -DNO_LAPACKE -DSMP_SERVER -DNO_WARMUP -DMAX_CPU_NUMBER=4 -DMAX_PARALLEL_NUMBER=1 -DBUILD_SINGLE=1 -DBUILD_DOUBLE=1 -DBUILD_COMPLEX=1 -DBUILD_COMPLEX16=1 -DVERSION=\"0.3.17.dev\" -msse3 -mssse3 -msse4.1 -mavx -mavx2 -mavx2 -UASMNAME -UASMFNAME -UNAME -UCNAME -UCHAR_NAME -UCHAR_CNAME -DASMNAME=ztbmv_thread_RUN -DASMFNAME=ztbmv_thread_RUN_ -DNAME=ztbmv_thread_RUN_ -DCNAME=ztbmv_thread_RUN -DCHAR_NAME=\"ztbmv_thread_RUN_\" -DCHAR_CNAME=\"ztbmv_thread_RUN\" -DNO_AFFINITY -I../.. -DDOUBLE  -DCOMPLEX -DCOMPLEX -DDOUBLE -ULOWER -DTRANSA=3 -UUNIT tbmv_thread.c -o ztbmv_thread_RUN.o
cc -c -O2 -DMAX_STACK_ALLOC=2048 -Wall -m64 -DF_INTERFACE_GFORT -fPIC -DNO_LAPACK -DNO_LAPACKE -DSMP_SERVER -DNO_WARMUP -DMAX_CPU_NUMBER=4 -DMAX_PARALLEL_NUMBER=1 -DBUILD_SINGLE=1 -DBUILD_DOUBLE=1 -DBUILD_COMPLEX=1 -DBUILD_COMPLEX16=1 -DVERSION=\"0.3.17.dev\" -msse3 -mssse3 -msse4.1 -mavx -mavx2 -mavx2 -UASMNAME -UASMFNAME -UNAME -UCNAME -UCHAR_NAME -UCHAR_CNAME -DASMNAME=ztbmv_thread_RLU -DASMFNAME=ztbmv_thread_RLU_ -DNAME=ztbmv_thread_RLU_ -DCNAME=ztbmv_thread_RLU -DCHAR_NAME=\"ztbmv_thread_RLU_\" -DCHAR_CNAME=\"ztbmv_thread_RLU\" -DNO_AFFINITY -I../.. -DDOUBLE  -DCOMPLEX -DCOMPLEX -DDOUBLE -DLOWER -DTRANSA=3 -DUNIT tbmv_thread.c -o ztbmv_thread_RLU.o
cc -c -O2 -DMAX_STACK_ALLOC=2048 -Wall -m64 -DF_INTERFACE_GFORT -fPIC -DNO_LAPACK -DNO_LAPACKE -DSMP_SERVER -DNO_WARMUP -DMAX_CPU_NUMBER=4 -DMAX_PARALLEL_NUMBER=1 -DBUILD_SINGLE=1 -DBUILD_DOUBLE=1 -DBUILD_COMPLEX=1 -DBUILD_COMPLEX16=1 -DVERSION=\"0.3.17.dev\" -msse3 -mssse3 -msse4.1 -mavx -mavx2 -mavx2 -UASMNAME -UASMFNAME -UNAME -UCNAME -UCHAR_NAME -UCHAR_CNAME -DASMNAME=ztbmv_thread_RLN -DASMFNAME=ztbmv_thread_RLN_ -DNAME=ztbmv_thread_RLN_ -DCNAME=ztbmv_thread_RLN -DCHAR_NAME=\"ztbmv_thread_RLN_\" -DCHAR_CNAME=\"ztbmv_thread_RLN\" -DNO_AFFINITY -I../.. -DDOUBLE  -DCOMPLEX -DCOMPLEX -DDOUBLE -DLOWER -DTRANSA=3 -UUNIT tbmv_thread.c -o ztbmv_thread_RLN.o
cc -c -O2 -DMAX_STACK_ALLOC=2048 -Wall -m64 -DF_INTERFACE_GFORT -fPIC -DNO_LAPACK -DNO_LAPACKE -DSMP_SERVER -DNO_WARMUP -DMAX_CPU_NUMBER=4 -DMAX_PARALLEL_NUMBER=1 -DBUILD_SINGLE=1 -DBUILD_DOUBLE=1 -DBUILD_COMPLEX=1 -DBUILD_COMPLEX16=1 -DVERSION=\"0.3.17.dev\" -msse3 -mssse3 -msse4.1 -mavx -mavx2 -mavx2 -UASMNAME -UASMFNAME -UNAME -UCNAME -UCHAR_NAME -UCHAR_CNAME -DASMNAME=ztbmv_thread_CUU -DASMFNAME=ztbmv_thread_CUU_ -DNAME=ztbmv_thread_CUU_ -DCNAME=ztbmv_thread_CUU -DCHAR_NAME=\"ztbmv_thread_CUU_\" -DCHAR_CNAME=\"ztbmv_thread_CUU\" -DNO_AFFINITY -I../.. -DDOUBLE  -DCOMPLEX -DCOMPLEX -DDOUBLE -ULOWER -DTRANSA=4 -DUNIT tbmv_thread.c -o ztbmv_thread_CUU.o
cc -c -O2 -DMAX_STACK_ALLOC=2048 -Wall -m64 -DF_INTERFACE_GFORT -fPIC -DNO_LAPACK -DNO_LAPACKE -DSMP_SERVER -DNO_WARMUP -DMAX_CPU_NUMBER=4 -DMAX_PARALLEL_NUMBER=1 -DBUILD_SINGLE=1 -DBUILD_DOUBLE=1 -DBUILD_COMPLEX=1 -DBUILD_COMPLEX16=1 -DVERSION=\"0.3.17.dev\" -msse3 -mssse3 -msse4.1 -mavx -mavx2 -mavx2 -UASMNAME -UASMFNAME -UNAME -UCNAME -UCHAR_NAME -UCHAR_CNAME -DASMNAME=ztbmv_thread_CUN -DASMFNAME=ztbmv_thread_CUN_ -DNAME=ztbmv_thread_CUN_ -DCNAME=ztbmv_thread_CUN -DCHAR_NAME=\"ztbmv_thread_CUN_\" -DCHAR_CNAME=\"ztbmv_thread_CUN\" -DNO_AFFINITY -I../.. -DDOUBLE  -DCOMPLEX -DCOMPLEX -DDOUBLE -ULOWER -DTRANSA=4 -UUNIT tbmv_thread.c -o ztbmv_thread_CUN.o
cc -c -O2 -DMAX_STACK_ALLOC=2048 -Wall -m64 -DF_INTERFACE_GFORT -fPIC -DNO_LAPACK -DNO_LAPACKE -DSMP_SERVER -DNO_WARMUP -DMAX_CPU_NUMBER=4 -DMAX_PARALLEL_NUMBER=1 -DBUILD_SINGLE=1 -DBUILD_DOUBLE=1 -DBUILD_COMPLEX=1 -DBUILD_COMPLEX16=1 -DVERSION=\"0.3.17.dev\" -msse3 -mssse3 -msse4.1 -mavx -mavx2 -mavx2 -UASMNAME -UASMFNAME -UNAME -UCNAME -UCHAR_NAME -UCHAR_CNAME -DASMNAME=ztbmv_thread_CLU -DASMFNAME=ztbmv_thread_CLU_ -DNAME=ztbmv_thread_CLU_ -DCNAME=ztbmv_thread_CLU -DCHAR_NAME=\"ztbmv_thread_CLU_\" -DCHAR_CNAME=\"ztbmv_thread_CLU\" -DNO_AFFINITY -I../.. -DDOUBLE  -DCOMPLEX -DCOMPLEX -DDOUBLE -DLOWER -DTRANSA=4 -DUNIT tbmv_thread.c -o ztbmv_thread_CLU.o
cc -c -O2 -DMAX_STACK_ALLOC=2048 -Wall -m64 -DF_INTERFACE_GFORT -fPIC -DNO_LAPACK -DNO_LAPACKE -DSMP_SERVER -DNO_WARMUP -DMAX_CPU_NUMBER=4 -DMAX_PARALLEL_NUMBER=1 -DBUILD_SINGLE=1 -DBUILD_DOUBLE=1 -DBUILD_COMPLEX=1 -DBUILD_COMPLEX16=1 -DVERSION=\"0.3.17.dev\" -msse3 -mssse3 -msse4.1 -mavx -mavx2 -mavx2 -UASMNAME -UASMFNAME -UNAME -UCNAME -UCHAR_NAME -UCHAR_CNAME -DASMNAME=ztbmv_thread_CLN -DASMFNAME=ztbmv_thread_CLN_ -DNAME=ztbmv_thread_CLN_ -DCNAME=ztbmv_thread_CLN -DCHAR_NAME=\"ztbmv_thread_CLN_\" -DCHAR_CNAME=\"ztbmv_thread_CLN\" -DNO_AFFINITY -I../.. -DDOUBLE  -DCOMPLEX -DCOMPLEX -DDOUBLE -DLOWER -DTRANSA=4 -UUNIT tbmv_thread.c -o ztbmv_thread_CLN.o
ar  -ru ../../libopenblas_haswellp-r0.3.17.dev.a sgbmv_n.o sgbmv_t.o ssbmv_U.o ssbmv_L.o sspmv_U.o sspmv_L.o sspr_U.o sspr_L.o sspr2_U.o sspr2_L.o ssyr_U.o ssyr_L.o ssyr2_U.o ssyr2_L.o stbmv_NUU.o stbmv_NUN.o stbmv_NLU.o stbmv_NLN.o stbmv_TUU.o stbmv_TUN.o stbmv_TLU.o stbmv_TLN.o stbsv_NUU.o stbsv_NUN.o stbsv_NLU.o stbsv_NLN.o stbsv_TUU.o stbsv_TUN.o stbsv_TLU.o stbsv_TLN.o stpmv_NUU.o stpmv_NUN.o stpmv_NLU.o stpmv_NLN.o stpmv_TUU.o stpmv_TUN.o stpmv_TLU.o stpmv_TLN.o stpsv_NUU.o stpsv_NUN.o stpsv_NLU.o stpsv_NLN.o stpsv_TUU.o stpsv_TUN.o stpsv_TLU.o stpsv_TLN.o strmv_NUU.o strmv_NUN.o strmv_NLU.o strmv_NLN.o strmv_TUU.o strmv_TUN.o strmv_TLU.o strmv_TLN.o strsv_NUU.o strsv_NUN.o strsv_NLU.o strsv_NLN.o strsv_TUU.o strsv_TUN.o strsv_TLU.o strsv_TLN.o sgemv_thread_n.o sgemv_thread_t.o sger_thread.o ssymv_thread_U.o ssymv_thread_L.o ssyr_thread_U.o ssyr_thread_L.o ssyr2_thread_U.o ssyr2_thread_L.o sspr_thread_U.o sspr_thread_L.o sspr2_thread_U.o sspr2_thread_L.o strmv_thread_NUU.o strmv_thread_NUN.o strmv_thread_NLU.o strmv_thread_NLN.o strmv_thread_TUU.o strmv_thread_TUN.o strmv_thread_TLU.o strmv_thread_TLN.o sspmv_thread_U.o sspmv_thread_L.o stpmv_thread_NUU.o stpmv_thread_NUN.o stpmv_thread_NLU.o stpmv_thread_NLN.o stpmv_thread_TUU.o stpmv_thread_TUN.o stpmv_thread_TLU.o stpmv_thread_TLN.o sgbmv_thread_n.o sgbmv_thread_t.o ssbmv_thread_U.o ssbmv_thread_L.o stbmv_thread_NUU.o stbmv_thread_NUN.o stbmv_thread_NLU.o stbmv_thread_NLN.o stbmv_thread_TUU.o stbmv_thread_TUN.o stbmv_thread_TLU.o stbmv_thread_TLN.o dgbmv_n.o dgbmv_t.o dsbmv_U.o dsbmv_L.o dspmv_U.o dspmv_L.o dspr_U.o dspr_L.o dspr2_U.o dspr2_L.o dsyr_U.o dsyr_L.o dsyr2_U.o dsyr2_L.o dtbmv_NUU.o dtbmv_NUN.o dtbmv_NLU.o dtbmv_NLN.o dtbmv_TUU.o dtbmv_TUN.o dtbmv_TLU.o dtbmv_TLN.o dtbsv_NUU.o dtbsv_NUN.o dtbsv_NLU.o dtbsv_NLN.o dtbsv_TUU.o dtbsv_TUN.o dtbsv_TLU.o dtbsv_TLN.o dtpmv_NUU.o dtpmv_NUN.o dtpmv_NLU.o dtpmv_NLN.o dtpmv_TUU.o dtpmv_TUN.o dtpmv_TLU.o dtpmv_TLN.o dtpsv_NUU.o dtpsv_NUN.o dtpsv_NLU.o dtpsv_NLN.o dtpsv_TUU.o dtpsv_TUN.o dtpsv_TLU.o dtpsv_TLN.o dtrmv_NUU.o dtrmv_NUN.o dtrmv_NLU.o dtrmv_NLN.o dtrmv_TUU.o dtrmv_TUN.o dtrmv_TLU.o dtrmv_TLN.o dtrsv_NUU.o dtrsv_NUN.o dtrsv_NLU.o dtrsv_NLN.o dtrsv_TUU.o dtrsv_TUN.o dtrsv_TLU.o dtrsv_TLN.o dgemv_thread_n.o dgemv_thread_t.o dger_thread.o dsymv_thread_U.o dsymv_thread_L.o dsyr_thread_U.o dsyr_thread_L.o dsyr2_thread_U.o dsyr2_thread_L.o dspr_thread_U.o dspr_thread_L.o dspr2_thread_U.o dspr2_thread_L.o dtrmv_thread_NUU.o dtrmv_thread_NUN.o dtrmv_thread_NLU.o dtrmv_thread_NLN.o dtrmv_thread_TUU.o dtrmv_thread_TUN.o dtrmv_thread_TLU.o dtrmv_thread_TLN.o dspmv_thread_U.o dspmv_thread_L.o dtpmv_thread_NUU.o dtpmv_thread_NUN.o dtpmv_thread_NLU.o dtpmv_thread_NLN.o dtpmv_thread_TUU.o dtpmv_thread_TUN.o dtpmv_thread_TLU.o dtpmv_thread_TLN.o dgbmv_thread_n.o dgbmv_thread_t.o dsbmv_thread_U.o dsbmv_thread_L.o dtbmv_thread_NUU.o dtbmv_thread_NUN.o dtbmv_thread_NLU.o dtbmv_thread_NLN.o dtbmv_thread_TUU.o dtbmv_thread_TUN.o dtbmv_thread_TLU.o dtbmv_thread_TLN.o cgbmv_n.o cgbmv_t.o cgbmv_r.o cgbmv_c.o cgbmv_o.o cgbmv_u.o cgbmv_s.o cgbmv_d.o chbmv_U.o chbmv_L.o chbmv_V.o chbmv_M.o cher_U.o cher_L.o cher_V.o cher_M.o cher2_U.o cher2_L.o cher2_V.o cher2_M.o chpmv_U.o chpmv_L.o chpmv_V.o chpmv_M.o chpr_U.o chpr_L.o chpr_V.o chpr_M.o chpr2_U.o chpr2_L.o chpr2_V.o chpr2_M.o csbmv_U.o csbmv_L.o cspmv_U.o cspmv_L.o cspr_U.o cspr_L.o cspr2_U.o cspr2_L.o csyr_U.o csyr_L.o csyr2_U.o csyr2_L.o ctbmv_NUU.o ctbmv_NUN.o ctbmv_NLU.o ctbmv_NLN.o ctbmv_TUU.o ctbmv_TUN.o ctbmv_TLU.o ctbmv_TLN.o ctbmv_RUU.o ctbmv_RUN.o ctbmv_RLU.o ctbmv_RLN.o ctbmv_CUU.o ctbmv_CUN.o ctbmv_CLU.o ctbmv_CLN.o ctbsv_NUU.o ctbsv_NUN.o ctbsv_NLU.o ctbsv_NLN.o ctbsv_TUU.o ctbsv_TUN.o ctbsv_TLU.o ctbsv_TLN.o ctbsv_RUU.o ctbsv_RUN.o ctbsv_RLU.o ctbsv_RLN.o ctbsv_CUU.o ctbsv_CUN.o ctbsv_CLU.o ctbsv_CLN.o ctpmv_NUU.o ctpmv_NUN.o ctpmv_NLU.o ctpmv_NLN.o ctpmv_TUU.o ctpmv_TUN.o ctpmv_TLU.o ctpmv_TLN.o ctpmv_RUU.o ctpmv_RUN.o ctpmv_RLU.o ctpmv_RLN.o ctpmv_CUU.o ctpmv_CUN.o ctpmv_CLU.o ctpmv_CLN.o ctpsv_NUU.o ctpsv_NUN.o ctpsv_NLU.o ctpsv_NLN.o ctpsv_TUU.o ctpsv_TUN.o ctpsv_TLU.o ctpsv_TLN.o ctpsv_RUU.o ctpsv_RUN.o ctpsv_RLU.o ctpsv_RLN.o ctpsv_CUU.o ctpsv_CUN.o ctpsv_CLU.o ctpsv_CLN.o ctrmv_NUU.o ctrmv_NUN.o ctrmv_NLU.o ctrmv_NLN.o ctrmv_TUU.o ctrmv_TUN.o ctrmv_TLU.o ctrmv_TLN.o ctrmv_RUU.o ctrmv_RUN.o ctrmv_RLU.o ctrmv_RLN.o ctrmv_CUU.o ctrmv_CUN.o ctrmv_CLU.o ctrmv_CLN.o ctrsv_NUU.o ctrsv_NUN.o ctrsv_NLU.o ctrsv_NLN.o ctrsv_TUU.o ctrsv_TUN.o ctrsv_TLU.o ctrsv_TLN.o ctrsv_RUU.o ctrsv_RUN.o ctrsv_RLU.o ctrsv_RLN.o ctrsv_CUU.o ctrsv_CUN.o ctrsv_CLU.o ctrsv_CLN.o cgemv_thread_n.o cgemv_thread_t.o cgemv_thread_r.o cgemv_thread_c.o cgemv_thread_o.o cgemv_thread_u.o cgemv_thread_s.o cgemv_thread_d.o cger_thread_U.o cger_thread_C.o cger_thread_V.o cger_thread_D.o csymv_thread_U.o csymv_thread_L.o chemv_thread_U.o chemv_thread_L.o chemv_thread_V.o chemv_thread_M.o csyr_thread_U.o csyr_thread_L.o cher_thread_U.o cher_thread_L.o cher_thread_V.o cher_thread_M.o csyr2_thread_U.o csyr2_thread_L.o cher2_thread_U.o cher2_thread_L.o cher2_thread_V.o cher2_thread_M.o cspr_thread_U.o cspr_thread_L.o chpr_thread_U.o chpr_thread_L.o chpr_thread_V.o chpr_thread_M.o cspr2_thread_U.o cspr2_thread_L.o chpr2_thread_U.o chpr2_thread_L.o chpr2_thread_V.o chpr2_thread_M.o ctrmv_thread_NUU.o ctrmv_thread_NUN.o ctrmv_thread_NLU.o ctrmv_thread_NLN.o ctrmv_thread_TUU.o ctrmv_thread_TUN.o ctrmv_thread_TLU.o ctrmv_thread_TLN.o ctrmv_thread_RUU.o ctrmv_thread_RUN.o ctrmv_thread_RLU.o ctrmv_thread_RLN.o ctrmv_thread_CUU.o ctrmv_thread_CUN.o ctrmv_thread_CLU.o ctrmv_thread_CLN.o cspmv_thread_U.o cspmv_thread_L.o chpmv_thread_U.o chpmv_thread_L.o chpmv_thread_V.o chpmv_thread_M.o ctpmv_thread_NUU.o ctpmv_thread_NUN.o ctpmv_thread_NLU.o ctpmv_thread_NLN.o ctpmv_thread_TUU.o ctpmv_thread_TUN.o ctpmv_thread_TLU.o ctpmv_thread_TLN.o ctpmv_thread_RUU.o ctpmv_thread_RUN.o ctpmv_thread_RLU.o ctpmv_thread_RLN.o ctpmv_thread_CUU.o ctpmv_thread_CUN.o ctpmv_thread_CLU.o ctpmv_thread_CLN.o cgbmv_thread_n.o cgbmv_thread_t.o cgbmv_thread_r.o cgbmv_thread_c.o cgbmv_thread_o.o cgbmv_thread_u.o cgbmv_thread_s.o cgbmv_thread_d.o csbmv_thread_U.o csbmv_thread_L.o chbmv_thread_U.o chbmv_thread_L.o chbmv_thread_V.o chbmv_thread_M.o ctbmv_thread_NUU.o ctbmv_thread_NUN.o ctbmv_thread_NLU.o ctbmv_thread_NLN.o ctbmv_thread_TUU.o ctbmv_thread_TUN.o ctbmv_thread_TLU.o ctbmv_thread_TLN.o ctbmv_thread_RUU.o ctbmv_thread_RUN.o ctbmv_thread_RLU.o ctbmv_thread_RLN.o ctbmv_thread_CUU.o ctbmv_thread_CUN.o ctbmv_thread_CLU.o ctbmv_thread_CLN.o zgbmv_n.o zgbmv_t.o zgbmv_r.o zgbmv_c.o zgbmv_o.o zgbmv_u.o zgbmv_s.o zgbmv_d.o zhbmv_U.o zhbmv_L.o zhbmv_V.o zhbmv_M.o zher_U.o zher_L.o zher_V.o zher_M.o zher2_U.o zher2_L.o zher2_V.o zher2_M.o zhpmv_U.o zhpmv_L.o zhpmv_V.o zhpmv_M.o zhpr_U.o zhpr_L.o zhpr_V.o zhpr_M.o zhpr2_U.o zhpr2_L.o zhpr2_V.o zhpr2_M.o zsbmv_U.o zsbmv_L.o zspmv_U.o zspmv_L.o zspr_U.o zspr_L.o zspr2_U.o zspr2_L.o zsyr_U.o zsyr_L.o zsyr2_U.o zsyr2_L.o ztbmv_NUU.o ztbmv_NUN.o ztbmv_NLU.o ztbmv_NLN.o ztbmv_TUU.o ztbmv_TUN.o ztbmv_TLU.o ztbmv_TLN.o ztbmv_RUU.o ztbmv_RUN.o ztbmv_RLU.o ztbmv_RLN.o ztbmv_CUU.o ztbmv_CUN.o ztbmv_CLU.o ztbmv_CLN.o ztbsv_NUU.o ztbsv_NUN.o ztbsv_NLU.o ztbsv_NLN.o ztbsv_TUU.o ztbsv_TUN.o ztbsv_TLU.o ztbsv_TLN.o ztbsv_RUU.o ztbsv_RUN.o ztbsv_RLU.o ztbsv_RLN.o ztbsv_CUU.o ztbsv_CUN.o ztbsv_CLU.o ztbsv_CLN.o ztpmv_NUU.o ztpmv_NUN.o ztpmv_NLU.o ztpmv_NLN.o ztpmv_TUU.o ztpmv_TUN.o ztpmv_TLU.o ztpmv_TLN.o ztpmv_RUU.o ztpmv_RUN.o ztpmv_RLU.o ztpmv_RLN.o ztpmv_CUU.o ztpmv_CUN.o ztpmv_CLU.o ztpmv_CLN.o ztpsv_NUU.o ztpsv_NUN.o ztpsv_NLU.o ztpsv_NLN.o ztpsv_TUU.o ztpsv_TUN.o ztpsv_TLU.o ztpsv_TLN.o ztpsv_RUU.o ztpsv_RUN.o ztpsv_RLU.o ztpsv_RLN.o ztpsv_CUU.o ztpsv_CUN.o ztpsv_CLU.o ztpsv_CLN.o ztrmv_NUU.o ztrmv_NUN.o ztrmv_NLU.o ztrmv_NLN.o ztrmv_TUU.o ztrmv_TUN.o ztrmv_TLU.o ztrmv_TLN.o ztrmv_RUU.o ztrmv_RUN.o ztrmv_RLU.o ztrmv_RLN.o ztrmv_CUU.o ztrmv_CUN.o ztrmv_CLU.o ztrmv_CLN.o ztrsv_NUU.o ztrsv_NUN.o ztrsv_NLU.o ztrsv_NLN.o ztrsv_TUU.o ztrsv_TUN.o ztrsv_TLU.o ztrsv_TLN.o ztrsv_RUU.o ztrsv_RUN.o ztrsv_RLU.o ztrsv_RLN.o ztrsv_CUU.o ztrsv_CUN.o ztrsv_CLU.o ztrsv_CLN.o zgemv_thread_n.o zgemv_thread_t.o zgemv_thread_r.o zgemv_thread_c.o zgemv_thread_o.o zgemv_thread_u.o zgemv_thread_s.o zgemv_thread_d.o zger_thread_U.o zger_thread_C.o zger_thread_V.o zger_thread_D.o zsymv_thread_U.o zsymv_thread_L.o zhemv_thread_U.o zhemv_thread_L.o zhemv_thread_V.o zhemv_thread_M.o zsyr_thread_U.o zsyr_thread_L.o zher_thread_U.o zher_thread_L.o zher_thread_V.o zher_thread_M.o zsyr2_thread_U.o zsyr2_thread_L.o zher2_thread_U.o zher2_thread_L.o zher2_thread_V.o zher2_thread_M.o zspr_thread_U.o zspr_thread_L.o zhpr_thread_U.o zhpr_thread_L.o zhpr_thread_V.o zhpr_thread_M.o zspr2_thread_U.o zspr2_thread_L.o zhpr2_thread_U.o zhpr2_thread_L.o zhpr2_thread_V.o zhpr2_thread_M.o ztrmv_thread_NUU.o ztrmv_thread_NUN.o ztrmv_thread_NLU.o ztrmv_thread_NLN.o ztrmv_thread_TUU.o ztrmv_thread_TUN.o ztrmv_thread_TLU.o ztrmv_thread_TLN.o ztrmv_thread_RUU.o ztrmv_thread_RUN.o ztrmv_thread_RLU.o ztrmv_thread_RLN.o ztrmv_thread_CUU.o ztrmv_thread_CUN.o ztrmv_thread_CLU.o ztrmv_thread_CLN.o zspmv_thread_U.o zspmv_thread_L.o zhpmv_thread_U.o zhpmv_thread_L.o zhpmv_thread_V.o zhpmv_thread_M.o ztpmv_thread_NUU.o ztpmv_thread_NUN.o ztpmv_thread_NLU.o ztpmv_thread_NLN.o ztpmv_thread_TUU.o ztpmv_thread_TUN.o ztpmv_thread_TLU.o ztpmv_thread_TLN.o ztpmv_thread_RUU.o ztpmv_thread_RUN.o ztpmv_thread_RLU.o ztpmv_thread_RLN.o ztpmv_thread_CUU.o ztpmv_thread_CUN.o ztpmv_thread_CLU.o ztpmv_thread_CLN.o zgbmv_thread_n.o zgbmv_thread_t.o zgbmv_thread_r.o zgbmv_thread_c.o zgbmv_thread_o.o zgbmv_thread_u.o zgbmv_thread_s.o zgbmv_thread_d.o zsbmv_thread_U.o zsbmv_thread_L.o zhbmv_thread_U.o zhbmv_thread_L.o zhbmv_thread_V.o zhbmv_thread_M.o ztbmv_thread_NUU.o ztbmv_thread_NUN.o ztbmv_thread_NLU.o ztbmv_thread_NLN.o ztbmv_thread_TUU.o ztbmv_thread_TUN.o ztbmv_thread_TLU.o ztbmv_thread_TLN.o ztbmv_thread_RUU.o ztbmv_thread_RUN.o ztbmv_thread_RLU.o ztbmv_thread_RLN.o ztbmv_thread_CUU.o ztbmv_thread_CUN.o ztbmv_thread_CLU.o ztbmv_thread_CLN.o
make[1]: 离开目录“/home/gxw/Code/community/OpenBLAS/driver/level2”
make[1]: 进入目录“/home/gxw/Code/community/OpenBLAS/driver/level3”
cc -O2 -DMAX_STACK_ALLOC=2048 -Wall -m64 -DF_INTERFACE_GFORT -fPIC -DNO_LAPACK -DNO_LAPACKE -DSMP_SERVER -DNO_WARMUP -DMAX_CPU_NUMBER=4 -DMAX_PARALLEL_NUMBER=1 -DBUILD_SINGLE=1 -DBUILD_DOUBLE=1 -DBUILD_COMPLEX=1 -DBUILD_COMPLEX16=1 -DVERSION=\"0.3.17.dev\" -msse3 -mssse3 -msse4.1 -mavx -mavx2 -mavx2 -UASMNAME -UASMFNAME -UNAME -UCNAME -UCHAR_NAME -UCHAR_CNAME -DASMNAME=sgemm_nn -DASMFNAME=sgemm_nn_ -DNAME=sgemm_nn_ -DCNAME=sgemm_nn -DCHAR_NAME=\"sgemm_nn_\" -DCHAR_CNAME=\"sgemm_nn\" -DNO_AFFINITY -I../.. -UDOUBLE  -UCOMPLEX  -c -UDOUBLE -UCOMPLEX -DNN gemm.c -o sgemm_nn.o
cc -O2 -DMAX_STACK_ALLOC=2048 -Wall -m64 -DF_INTERFACE_GFORT -fPIC -DNO_LAPACK -DNO_LAPACKE -DSMP_SERVER -DNO_WARMUP -DMAX_CPU_NUMBER=4 -DMAX_PARALLEL_NUMBER=1 -DBUILD_SINGLE=1 -DBUILD_DOUBLE=1 -DBUILD_COMPLEX=1 -DBUILD_COMPLEX16=1 -DVERSION=\"0.3.17.dev\" -msse3 -mssse3 -msse4.1 -mavx -mavx2 -mavx2 -UASMNAME -UASMFNAME -UNAME -UCNAME -UCHAR_NAME -UCHAR_CNAME -DASMNAME=sgemm_nt -DASMFNAME=sgemm_nt_ -DNAME=sgemm_nt_ -DCNAME=sgemm_nt -DCHAR_NAME=\"sgemm_nt_\" -DCHAR_CNAME=\"sgemm_nt\" -DNO_AFFINITY -I../.. -UDOUBLE  -UCOMPLEX  -c -UDOUBLE -UCOMPLEX -DNT gemm.c -o sgemm_nt.o
cc -O2 -DMAX_STACK_ALLOC=2048 -Wall -m64 -DF_INTERFACE_GFORT -fPIC -DNO_LAPACK -DNO_LAPACKE -DSMP_SERVER -DNO_WARMUP -DMAX_CPU_NUMBER=4 -DMAX_PARALLEL_NUMBER=1 -DBUILD_SINGLE=1 -DBUILD_DOUBLE=1 -DBUILD_COMPLEX=1 -DBUILD_COMPLEX16=1 -DVERSION=\"0.3.17.dev\" -msse3 -mssse3 -msse4.1 -mavx -mavx2 -mavx2 -UASMNAME -UASMFNAME -UNAME -UCNAME -UCHAR_NAME -UCHAR_CNAME -DASMNAME=sgemm_tn -DASMFNAME=sgemm_tn_ -DNAME=sgemm_tn_ -DCNAME=sgemm_tn -DCHAR_NAME=\"sgemm_tn_\" -DCHAR_CNAME=\"sgemm_tn\" -DNO_AFFINITY -I../.. -UDOUBLE  -UCOMPLEX  -c -UDOUBLE -UCOMPLEX -DTN gemm.c -o sgemm_tn.o
cc -O2 -DMAX_STACK_ALLOC=2048 -Wall -m64 -DF_INTERFACE_GFORT -fPIC -DNO_LAPACK -DNO_LAPACKE -DSMP_SERVER -DNO_WARMUP -DMAX_CPU_NUMBER=4 -DMAX_PARALLEL_NUMBER=1 -DBUILD_SINGLE=1 -DBUILD_DOUBLE=1 -DBUILD_COMPLEX=1 -DBUILD_COMPLEX16=1 -DVERSION=\"0.3.17.dev\" -msse3 -mssse3 -msse4.1 -mavx -mavx2 -mavx2 -UASMNAME -UASMFNAME -UNAME -UCNAME -UCHAR_NAME -UCHAR_CNAME -DASMNAME=sgemm_tt -DASMFNAME=sgemm_tt_ -DNAME=sgemm_tt_ -DCNAME=sgemm_tt -DCHAR_NAME=\"sgemm_tt_\" -DCHAR_CNAME=\"sgemm_tt\" -DNO_AFFINITY -I../.. -UDOUBLE  -UCOMPLEX  -c -UDOUBLE -UCOMPLEX -DTT gemm.c -o sgemm_tt.o
cc -c -O2 -DMAX_STACK_ALLOC=2048 -Wall -m64 -DF_INTERFACE_GFORT -fPIC -DNO_LAPACK -DNO_LAPACKE -DSMP_SERVER -DNO_WARMUP -DMAX_CPU_NUMBER=4 -DMAX_PARALLEL_NUMBER=1 -DBUILD_SINGLE=1 -DBUILD_DOUBLE=1 -DBUILD_COMPLEX=1 -DBUILD_COMPLEX16=1 -DVERSION=\"0.3.17.dev\" -msse3 -mssse3 -msse4.1 -mavx -mavx2 -mavx2 -UASMNAME -UASMFNAME -UNAME -UCNAME -UCHAR_NAME -UCHAR_CNAME -DASMNAME=strmm_LNUU -DASMFNAME=strmm_LNUU_ -DNAME=strmm_LNUU_ -DCNAME=strmm_LNUU -DCHAR_NAME=\"strmm_LNUU_\" -DCHAR_CNAME=\"strmm_LNUU\" -DNO_AFFINITY -I../.. -UDOUBLE  -UCOMPLEX -UCOMPLEX -UDOUBLE -UTRANSA -DUPPER -DUNIT trmm_L.c -o strmm_LNUU.o
cc -c -O2 -DMAX_STACK_ALLOC=2048 -Wall -m64 -DF_INTERFACE_GFORT -fPIC -DNO_LAPACK -DNO_LAPACKE -DSMP_SERVER -DNO_WARMUP -DMAX_CPU_NUMBER=4 -DMAX_PARALLEL_NUMBER=1 -DBUILD_SINGLE=1 -DBUILD_DOUBLE=1 -DBUILD_COMPLEX=1 -DBUILD_COMPLEX16=1 -DVERSION=\"0.3.17.dev\" -msse3 -mssse3 -msse4.1 -mavx -mavx2 -mavx2 -UASMNAME -UASMFNAME -UNAME -UCNAME -UCHAR_NAME -UCHAR_CNAME -DASMNAME=strmm_LNUN -DASMFNAME=strmm_LNUN_ -DNAME=strmm_LNUN_ -DCNAME=strmm_LNUN -DCHAR_NAME=\"strmm_LNUN_\" -DCHAR_CNAME=\"strmm_LNUN\" -DNO_AFFINITY -I../.. -UDOUBLE  -UCOMPLEX -UCOMPLEX -UDOUBLE -UTRANSA -DUPPER -UUNIT trmm_L.c -o strmm_LNUN.o
cc -c -O2 -DMAX_STACK_ALLOC=2048 -Wall -m64 -DF_INTERFACE_GFORT -fPIC -DNO_LAPACK -DNO_LAPACKE -DSMP_SERVER -DNO_WARMUP -DMAX_CPU_NUMBER=4 -DMAX_PARALLEL_NUMBER=1 -DBUILD_SINGLE=1 -DBUILD_DOUBLE=1 -DBUILD_COMPLEX=1 -DBUILD_COMPLEX16=1 -DVERSION=\"0.3.17.dev\" -msse3 -mssse3 -msse4.1 -mavx -mavx2 -mavx2 -UASMNAME -UASMFNAME -UNAME -UCNAME -UCHAR_NAME -UCHAR_CNAME -DASMNAME=strmm_LNLU -DASMFNAME=strmm_LNLU_ -DNAME=strmm_LNLU_ -DCNAME=strmm_LNLU -DCHAR_NAME=\"strmm_LNLU_\" -DCHAR_CNAME=\"strmm_LNLU\" -DNO_AFFINITY -I../.. -UDOUBLE  -UCOMPLEX -UCOMPLEX -UDOUBLE -UTRANSA -UUPPER -DUNIT trmm_L.c -o strmm_LNLU.o
cc -c -O2 -DMAX_STACK_ALLOC=2048 -Wall -m64 -DF_INTERFACE_GFORT -fPIC -DNO_LAPACK -DNO_LAPACKE -DSMP_SERVER -DNO_WARMUP -DMAX_CPU_NUMBER=4 -DMAX_PARALLEL_NUMBER=1 -DBUILD_SINGLE=1 -DBUILD_DOUBLE=1 -DBUILD_COMPLEX=1 -DBUILD_COMPLEX16=1 -DVERSION=\"0.3.17.dev\" -msse3 -mssse3 -msse4.1 -mavx -mavx2 -mavx2 -UASMNAME -UASMFNAME -UNAME -UCNAME -UCHAR_NAME -UCHAR_CNAME -DASMNAME=strmm_LNLN -DASMFNAME=strmm_LNLN_ -DNAME=strmm_LNLN_ -DCNAME=strmm_LNLN -DCHAR_NAME=\"strmm_LNLN_\" -DCHAR_CNAME=\"strmm_LNLN\" -DNO_AFFINITY -I../.. -UDOUBLE  -UCOMPLEX -UCOMPLEX -UDOUBLE -UTRANSA -UUPPER -UUNIT trmm_L.c -o strmm_LNLN.o
cc -c -O2 -DMAX_STACK_ALLOC=2048 -Wall -m64 -DF_INTERFACE_GFORT -fPIC -DNO_LAPACK -DNO_LAPACKE -DSMP_SERVER -DNO_WARMUP -DMAX_CPU_NUMBER=4 -DMAX_PARALLEL_NUMBER=1 -DBUILD_SINGLE=1 -DBUILD_DOUBLE=1 -DBUILD_COMPLEX=1 -DBUILD_COMPLEX16=1 -DVERSION=\"0.3.17.dev\" -msse3 -mssse3 -msse4.1 -mavx -mavx2 -mavx2 -UASMNAME -UASMFNAME -UNAME -UCNAME -UCHAR_NAME -UCHAR_CNAME -DASMNAME=strmm_LTUU -DASMFNAME=strmm_LTUU_ -DNAME=strmm_LTUU_ -DCNAME=strmm_LTUU -DCHAR_NAME=\"strmm_LTUU_\" -DCHAR_CNAME=\"strmm_LTUU\" -DNO_AFFINITY -I../.. -UDOUBLE  -UCOMPLEX -UCOMPLEX -UDOUBLE -DTRANSA -DUPPER -DUNIT trmm_L.c -o strmm_LTUU.o
cc -c -O2 -DMAX_STACK_ALLOC=2048 -Wall -m64 -DF_INTERFACE_GFORT -fPIC -DNO_LAPACK -DNO_LAPACKE -DSMP_SERVER -DNO_WARMUP -DMAX_CPU_NUMBER=4 -DMAX_PARALLEL_NUMBER=1 -DBUILD_SINGLE=1 -DBUILD_DOUBLE=1 -DBUILD_COMPLEX=1 -DBUILD_COMPLEX16=1 -DVERSION=\"0.3.17.dev\" -msse3 -mssse3 -msse4.1 -mavx -mavx2 -mavx2 -UASMNAME -UASMFNAME -UNAME -UCNAME -UCHAR_NAME -UCHAR_CNAME -DASMNAME=strmm_LTUN -DASMFNAME=strmm_LTUN_ -DNAME=strmm_LTUN_ -DCNAME=strmm_LTUN -DCHAR_NAME=\"strmm_LTUN_\" -DCHAR_CNAME=\"strmm_LTUN\" -DNO_AFFINITY -I../.. -UDOUBLE  -UCOMPLEX -UCOMPLEX -UDOUBLE -DTRANSA -DUPPER -UUNIT trmm_L.c -o strmm_LTUN.o
cc -c -O2 -DMAX_STACK_ALLOC=2048 -Wall -m64 -DF_INTERFACE_GFORT -fPIC -DNO_LAPACK -DNO_LAPACKE -DSMP_SERVER -DNO_WARMUP -DMAX_CPU_NUMBER=4 -DMAX_PARALLEL_NUMBER=1 -DBUILD_SINGLE=1 -DBUILD_DOUBLE=1 -DBUILD_COMPLEX=1 -DBUILD_COMPLEX16=1 -DVERSION=\"0.3.17.dev\" -msse3 -mssse3 -msse4.1 -mavx -mavx2 -mavx2 -UASMNAME -UASMFNAME -UNAME -UCNAME -UCHAR_NAME -UCHAR_CNAME -DASMNAME=strmm_LTLU -DASMFNAME=strmm_LTLU_ -DNAME=strmm_LTLU_ -DCNAME=strmm_LTLU -DCHAR_NAME=\"strmm_LTLU_\" -DCHAR_CNAME=\"strmm_LTLU\" -DNO_AFFINITY -I../.. -UDOUBLE  -UCOMPLEX -UCOMPLEX -UDOUBLE -DTRANSA -UUPPER -DUNIT trmm_L.c -o strmm_LTLU.o
cc -c -O2 -DMAX_STACK_ALLOC=2048 -Wall -m64 -DF_INTERFACE_GFORT -fPIC -DNO_LAPACK -DNO_LAPACKE -DSMP_SERVER -DNO_WARMUP -DMAX_CPU_NUMBER=4 -DMAX_PARALLEL_NUMBER=1 -DBUILD_SINGLE=1 -DBUILD_DOUBLE=1 -DBUILD_COMPLEX=1 -DBUILD_COMPLEX16=1 -DVERSION=\"0.3.17.dev\" -msse3 -mssse3 -msse4.1 -mavx -mavx2 -mavx2 -UASMNAME -UASMFNAME -UNAME -UCNAME -UCHAR_NAME -UCHAR_CNAME -DASMNAME=strmm_LTLN -DASMFNAME=strmm_LTLN_ -DNAME=strmm_LTLN_ -DCNAME=strmm_LTLN -DCHAR_NAME=\"strmm_LTLN_\" -DCHAR_CNAME=\"strmm_LTLN\" -DNO_AFFINITY -I../.. -UDOUBLE  -UCOMPLEX -UCOMPLEX -UDOUBLE -DTRANSA -UUPPER -UUNIT trmm_L.c -o strmm_LTLN.o
cc -c -O2 -DMAX_STACK_ALLOC=2048 -Wall -m64 -DF_INTERFACE_GFORT -fPIC -DNO_LAPACK -DNO_LAPACKE -DSMP_SERVER -DNO_WARMUP -DMAX_CPU_NUMBER=4 -DMAX_PARALLEL_NUMBER=1 -DBUILD_SINGLE=1 -DBUILD_DOUBLE=1 -DBUILD_COMPLEX=1 -DBUILD_COMPLEX16=1 -DVERSION=\"0.3.17.dev\" -msse3 -mssse3 -msse4.1 -mavx -mavx2 -mavx2 -UASMNAME -UASMFNAME -UNAME -UCNAME -UCHAR_NAME -UCHAR_CNAME -DASMNAME=strmm_RNUU -DASMFNAME=strmm_RNUU_ -DNAME=strmm_RNUU_ -DCNAME=strmm_RNUU -DCHAR_NAME=\"strmm_RNUU_\" -DCHAR_CNAME=\"strmm_RNUU\" -DNO_AFFINITY -I../.. -UDOUBLE  -UCOMPLEX -UCOMPLEX -UDOUBLE -UTRANSA -DUPPER -DUNIT trmm_R.c -o strmm_RNUU.o
cc -c -O2 -DMAX_STACK_ALLOC=2048 -Wall -m64 -DF_INTERFACE_GFORT -fPIC -DNO_LAPACK -DNO_LAPACKE -DSMP_SERVER -DNO_WARMUP -DMAX_CPU_NUMBER=4 -DMAX_PARALLEL_NUMBER=1 -DBUILD_SINGLE=1 -DBUILD_DOUBLE=1 -DBUILD_COMPLEX=1 -DBUILD_COMPLEX16=1 -DVERSION=\"0.3.17.dev\" -msse3 -mssse3 -msse4.1 -mavx -mavx2 -mavx2 -UASMNAME -UASMFNAME -UNAME -UCNAME -UCHAR_NAME -UCHAR_CNAME -DASMNAME=strmm_RNUN -DASMFNAME=strmm_RNUN_ -DNAME=strmm_RNUN_ -DCNAME=strmm_RNUN -DCHAR_NAME=\"strmm_RNUN_\" -DCHAR_CNAME=\"strmm_RNUN\" -DNO_AFFINITY -I../.. -UDOUBLE  -UCOMPLEX -UCOMPLEX -UDOUBLE -UTRANSA -DUPPER -UUNIT trmm_R.c -o strmm_RNUN.o
cc -c -O2 -DMAX_STACK_ALLOC=2048 -Wall -m64 -DF_INTERFACE_GFORT -fPIC -DNO_LAPACK -DNO_LAPACKE -DSMP_SERVER -DNO_WARMUP -DMAX_CPU_NUMBER=4 -DMAX_PARALLEL_NUMBER=1 -DBUILD_SINGLE=1 -DBUILD_DOUBLE=1 -DBUILD_COMPLEX=1 -DBUILD_COMPLEX16=1 -DVERSION=\"0.3.17.dev\" -msse3 -mssse3 -msse4.1 -mavx -mavx2 -mavx2 -UASMNAME -UASMFNAME -UNAME -UCNAME -UCHAR_NAME -UCHAR_CNAME -DASMNAME=strmm_RNLU -DASMFNAME=strmm_RNLU_ -DNAME=strmm_RNLU_ -DCNAME=strmm_RNLU -DCHAR_NAME=\"strmm_RNLU_\" -DCHAR_CNAME=\"strmm_RNLU\" -DNO_AFFINITY -I../.. -UDOUBLE  -UCOMPLEX -UCOMPLEX -UDOUBLE -UTRANSA -UUPPER -DUNIT trmm_R.c -o strmm_RNLU.o
cc -c -O2 -DMAX_STACK_ALLOC=2048 -Wall -m64 -DF_INTERFACE_GFORT -fPIC -DNO_LAPACK -DNO_LAPACKE -DSMP_SERVER -DNO_WARMUP -DMAX_CPU_NUMBER=4 -DMAX_PARALLEL_NUMBER=1 -DBUILD_SINGLE=1 -DBUILD_DOUBLE=1 -DBUILD_COMPLEX=1 -DBUILD_COMPLEX16=1 -DVERSION=\"0.3.17.dev\" -msse3 -mssse3 -msse4.1 -mavx -mavx2 -mavx2 -UASMNAME -UASMFNAME -UNAME -UCNAME -UCHAR_NAME -UCHAR_CNAME -DASMNAME=strmm_RNLN -DASMFNAME=strmm_RNLN_ -DNAME=strmm_RNLN_ -DCNAME=strmm_RNLN -DCHAR_NAME=\"strmm_RNLN_\" -DCHAR_CNAME=\"strmm_RNLN\" -DNO_AFFINITY -I../.. -UDOUBLE  -UCOMPLEX -UCOMPLEX -UDOUBLE -UTRANSA -UUPPER -UUNIT trmm_R.c -o strmm_RNLN.o
cc -c -O2 -DMAX_STACK_ALLOC=2048 -Wall -m64 -DF_INTERFACE_GFORT -fPIC -DNO_LAPACK -DNO_LAPACKE -DSMP_SERVER -DNO_WARMUP -DMAX_CPU_NUMBER=4 -DMAX_PARALLEL_NUMBER=1 -DBUILD_SINGLE=1 -DBUILD_DOUBLE=1 -DBUILD_COMPLEX=1 -DBUILD_COMPLEX16=1 -DVERSION=\"0.3.17.dev\" -msse3 -mssse3 -msse4.1 -mavx -mavx2 -mavx2 -UASMNAME -UASMFNAME -UNAME -UCNAME -UCHAR_NAME -UCHAR_CNAME -DASMNAME=strmm_RTUU -DASMFNAME=strmm_RTUU_ -DNAME=strmm_RTUU_ -DCNAME=strmm_RTUU -DCHAR_NAME=\"strmm_RTUU_\" -DCHAR_CNAME=\"strmm_RTUU\" -DNO_AFFINITY -I../.. -UDOUBLE  -UCOMPLEX -UCOMPLEX -UDOUBLE -DTRANSA -DUPPER -DUNIT trmm_R.c -o strmm_RTUU.o
cc -c -O2 -DMAX_STACK_ALLOC=2048 -Wall -m64 -DF_INTERFACE_GFORT -fPIC -DNO_LAPACK -DNO_LAPACKE -DSMP_SERVER -DNO_WARMUP -DMAX_CPU_NUMBER=4 -DMAX_PARALLEL_NUMBER=1 -DBUILD_SINGLE=1 -DBUILD_DOUBLE=1 -DBUILD_COMPLEX=1 -DBUILD_COMPLEX16=1 -DVERSION=\"0.3.17.dev\" -msse3 -mssse3 -msse4.1 -mavx -mavx2 -mavx2 -UASMNAME -UASMFNAME -UNAME -UCNAME -UCHAR_NAME -UCHAR_CNAME -DASMNAME=strmm_RTUN -DASMFNAME=strmm_RTUN_ -DNAME=strmm_RTUN_ -DCNAME=strmm_RTUN -DCHAR_NAME=\"strmm_RTUN_\" -DCHAR_CNAME=\"strmm_RTUN\" -DNO_AFFINITY -I../.. -UDOUBLE  -UCOMPLEX -UCOMPLEX -UDOUBLE -DTRANSA -DUPPER -UUNIT trmm_R.c -o strmm_RTUN.o
cc -c -O2 -DMAX_STACK_ALLOC=2048 -Wall -m64 -DF_INTERFACE_GFORT -fPIC -DNO_LAPACK -DNO_LAPACKE -DSMP_SERVER -DNO_WARMUP -DMAX_CPU_NUMBER=4 -DMAX_PARALLEL_NUMBER=1 -DBUILD_SINGLE=1 -DBUILD_DOUBLE=1 -DBUILD_COMPLEX=1 -DBUILD_COMPLEX16=1 -DVERSION=\"0.3.17.dev\" -msse3 -mssse3 -msse4.1 -mavx -mavx2 -mavx2 -UASMNAME -UASMFNAME -UNAME -UCNAME -UCHAR_NAME -UCHAR_CNAME -DASMNAME=strmm_RTLU -DASMFNAME=strmm_RTLU_ -DNAME=strmm_RTLU_ -DCNAME=strmm_RTLU -DCHAR_NAME=\"strmm_RTLU_\" -DCHAR_CNAME=\"strmm_RTLU\" -DNO_AFFINITY -I../.. -UDOUBLE  -UCOMPLEX -UCOMPLEX -UDOUBLE -DTRANSA -UUPPER -DUNIT trmm_R.c -o strmm_RTLU.o
cc -c -O2 -DMAX_STACK_ALLOC=2048 -Wall -m64 -DF_INTERFACE_GFORT -fPIC -DNO_LAPACK -DNO_LAPACKE -DSMP_SERVER -DNO_WARMUP -DMAX_CPU_NUMBER=4 -DMAX_PARALLEL_NUMBER=1 -DBUILD_SINGLE=1 -DBUILD_DOUBLE=1 -DBUILD_COMPLEX=1 -DBUILD_COMPLEX16=1 -DVERSION=\"0.3.17.dev\" -msse3 -mssse3 -msse4.1 -mavx -mavx2 -mavx2 -UASMNAME -UASMFNAME -UNAME -UCNAME -UCHAR_NAME -UCHAR_CNAME -DASMNAME=strmm_RTLN -DASMFNAME=strmm_RTLN_ -DNAME=strmm_RTLN_ -DCNAME=strmm_RTLN -DCHAR_NAME=\"strmm_RTLN_\" -DCHAR_CNAME=\"strmm_RTLN\" -DNO_AFFINITY -I../.. -UDOUBLE  -UCOMPLEX -UCOMPLEX -UDOUBLE -DTRANSA -UUPPER -UUNIT trmm_R.c -o strmm_RTLN.o
cc -c -O2 -DMAX_STACK_ALLOC=2048 -Wall -m64 -DF_INTERFACE_GFORT -fPIC -DNO_LAPACK -DNO_LAPACKE -DSMP_SERVER -DNO_WARMUP -DMAX_CPU_NUMBER=4 -DMAX_PARALLEL_NUMBER=1 -DBUILD_SINGLE=1 -DBUILD_DOUBLE=1 -DBUILD_COMPLEX=1 -DBUILD_COMPLEX16=1 -DVERSION=\"0.3.17.dev\" -msse3 -mssse3 -msse4.1 -mavx -mavx2 -mavx2 -UASMNAME -UASMFNAME -UNAME -UCNAME -UCHAR_NAME -UCHAR_CNAME -DASMNAME=strsm_LNUU -DASMFNAME=strsm_LNUU_ -DNAME=strsm_LNUU_ -DCNAME=strsm_LNUU -DCHAR_NAME=\"strsm_LNUU_\" -DCHAR_CNAME=\"strsm_LNUU\" -DNO_AFFINITY -I../.. -UDOUBLE  -UCOMPLEX -UCOMPLEX -UDOUBLE -UTRANSA -DUPPER -DUNIT trsm_L.c -o strsm_LNUU.o
cc -c -O2 -DMAX_STACK_ALLOC=2048 -Wall -m64 -DF_INTERFACE_GFORT -fPIC -DNO_LAPACK -DNO_LAPACKE -DSMP_SERVER -DNO_WARMUP -DMAX_CPU_NUMBER=4 -DMAX_PARALLEL_NUMBER=1 -DBUILD_SINGLE=1 -DBUILD_DOUBLE=1 -DBUILD_COMPLEX=1 -DBUILD_COMPLEX16=1 -DVERSION=\"0.3.17.dev\" -msse3 -mssse3 -msse4.1 -mavx -mavx2 -mavx2 -UASMNAME -UASMFNAME -UNAME -UCNAME -UCHAR_NAME -UCHAR_CNAME -DASMNAME=strsm_LNUN -DASMFNAME=strsm_LNUN_ -DNAME=strsm_LNUN_ -DCNAME=strsm_LNUN -DCHAR_NAME=\"strsm_LNUN_\" -DCHAR_CNAME=\"strsm_LNUN\" -DNO_AFFINITY -I../.. -UDOUBLE  -UCOMPLEX -UCOMPLEX -UDOUBLE -UTRANSA -DUPPER -UUNIT trsm_L.c -o strsm_LNUN.o
cc -c -O2 -DMAX_STACK_ALLOC=2048 -Wall -m64 -DF_INTERFACE_GFORT -fPIC -DNO_LAPACK -DNO_LAPACKE -DSMP_SERVER -DNO_WARMUP -DMAX_CPU_NUMBER=4 -DMAX_PARALLEL_NUMBER=1 -DBUILD_SINGLE=1 -DBUILD_DOUBLE=1 -DBUILD_COMPLEX=1 -DBUILD_COMPLEX16=1 -DVERSION=\"0.3.17.dev\" -msse3 -mssse3 -msse4.1 -mavx -mavx2 -mavx2 -UASMNAME -UASMFNAME -UNAME -UCNAME -UCHAR_NAME -UCHAR_CNAME -DASMNAME=strsm_LNLU -DASMFNAME=strsm_LNLU_ -DNAME=strsm_LNLU_ -DCNAME=strsm_LNLU -DCHAR_NAME=\"strsm_LNLU_\" -DCHAR_CNAME=\"strsm_LNLU\" -DNO_AFFINITY -I../.. -UDOUBLE  -UCOMPLEX -UCOMPLEX -UDOUBLE -UTRANSA -UUPPER -DUNIT trsm_L.c -o strsm_LNLU.o
cc -c -O2 -DMAX_STACK_ALLOC=2048 -Wall -m64 -DF_INTERFACE_GFORT -fPIC -DNO_LAPACK -DNO_LAPACKE -DSMP_SERVER -DNO_WARMUP -DMAX_CPU_NUMBER=4 -DMAX_PARALLEL_NUMBER=1 -DBUILD_SINGLE=1 -DBUILD_DOUBLE=1 -DBUILD_COMPLEX=1 -DBUILD_COMPLEX16=1 -DVERSION=\"0.3.17.dev\" -msse3 -mssse3 -msse4.1 -mavx -mavx2 -mavx2 -UASMNAME -UASMFNAME -UNAME -UCNAME -UCHAR_NAME -UCHAR_CNAME -DASMNAME=strsm_LNLN -DASMFNAME=strsm_LNLN_ -DNAME=strsm_LNLN_ -DCNAME=strsm_LNLN -DCHAR_NAME=\"strsm_LNLN_\" -DCHAR_CNAME=\"strsm_LNLN\" -DNO_AFFINITY -I../.. -UDOUBLE  -UCOMPLEX -UCOMPLEX -UDOUBLE -UTRANSA -UUPPER -UUNIT trsm_L.c -o strsm_LNLN.o
cc -c -O2 -DMAX_STACK_ALLOC=2048 -Wall -m64 -DF_INTERFACE_GFORT -fPIC -DNO_LAPACK -DNO_LAPACKE -DSMP_SERVER -DNO_WARMUP -DMAX_CPU_NUMBER=4 -DMAX_PARALLEL_NUMBER=1 -DBUILD_SINGLE=1 -DBUILD_DOUBLE=1 -DBUILD_COMPLEX=1 -DBUILD_COMPLEX16=1 -DVERSION=\"0.3.17.dev\" -msse3 -mssse3 -msse4.1 -mavx -mavx2 -mavx2 -UASMNAME -UASMFNAME -UNAME -UCNAME -UCHAR_NAME -UCHAR_CNAME -DASMNAME=strsm_LTUU -DASMFNAME=strsm_LTUU_ -DNAME=strsm_LTUU_ -DCNAME=strsm_LTUU -DCHAR_NAME=\"strsm_LTUU_\" -DCHAR_CNAME=\"strsm_LTUU\" -DNO_AFFINITY -I../.. -UDOUBLE  -UCOMPLEX -UCOMPLEX -UDOUBLE -DTRANSA -DUPPER -DUNIT trsm_L.c -o strsm_LTUU.o
cc -c -O2 -DMAX_STACK_ALLOC=2048 -Wall -m64 -DF_INTERFACE_GFORT -fPIC -DNO_LAPACK -DNO_LAPACKE -DSMP_SERVER -DNO_WARMUP -DMAX_CPU_NUMBER=4 -DMAX_PARALLEL_NUMBER=1 -DBUILD_SINGLE=1 -DBUILD_DOUBLE=1 -DBUILD_COMPLEX=1 -DBUILD_COMPLEX16=1 -DVERSION=\"0.3.17.dev\" -msse3 -mssse3 -msse4.1 -mavx -mavx2 -mavx2 -UASMNAME -UASMFNAME -UNAME -UCNAME -UCHAR_NAME -UCHAR_CNAME -DASMNAME=strsm_LTUN -DASMFNAME=strsm_LTUN_ -DNAME=strsm_LTUN_ -DCNAME=strsm_LTUN -DCHAR_NAME=\"strsm_LTUN_\" -DCHAR_CNAME=\"strsm_LTUN\" -DNO_AFFINITY -I../.. -UDOUBLE  -UCOMPLEX -UCOMPLEX -UDOUBLE -DTRANSA -DUPPER -UUNIT trsm_L.c -o strsm_LTUN.o
cc -c -O2 -DMAX_STACK_ALLOC=2048 -Wall -m64 -DF_INTERFACE_GFORT -fPIC -DNO_LAPACK -DNO_LAPACKE -DSMP_SERVER -DNO_WARMUP -DMAX_CPU_NUMBER=4 -DMAX_PARALLEL_NUMBER=1 -DBUILD_SINGLE=1 -DBUILD_DOUBLE=1 -DBUILD_COMPLEX=1 -DBUILD_COMPLEX16=1 -DVERSION=\"0.3.17.dev\" -msse3 -mssse3 -msse4.1 -mavx -mavx2 -mavx2 -UASMNAME -UASMFNAME -UNAME -UCNAME -UCHAR_NAME -UCHAR_CNAME -DASMNAME=strsm_LTLU -DASMFNAME=strsm_LTLU_ -DNAME=strsm_LTLU_ -DCNAME=strsm_LTLU -DCHAR_NAME=\"strsm_LTLU_\" -DCHAR_CNAME=\"strsm_LTLU\" -DNO_AFFINITY -I../.. -UDOUBLE  -UCOMPLEX -UCOMPLEX -UDOUBLE -DTRANSA -UUPPER -DUNIT trsm_L.c -o strsm_LTLU.o
cc -c -O2 -DMAX_STACK_ALLOC=2048 -Wall -m64 -DF_INTERFACE_GFORT -fPIC -DNO_LAPACK -DNO_LAPACKE -DSMP_SERVER -DNO_WARMUP -DMAX_CPU_NUMBER=4 -DMAX_PARALLEL_NUMBER=1 -DBUILD_SINGLE=1 -DBUILD_DOUBLE=1 -DBUILD_COMPLEX=1 -DBUILD_COMPLEX16=1 -DVERSION=\"0.3.17.dev\" -msse3 -mssse3 -msse4.1 -mavx -mavx2 -mavx2 -UASMNAME -UASMFNAME -UNAME -UCNAME -UCHAR_NAME -UCHAR_CNAME -DASMNAME=strsm_LTLN -DASMFNAME=strsm_LTLN_ -DNAME=strsm_LTLN_ -DCNAME=strsm_LTLN -DCHAR_NAME=\"strsm_LTLN_\" -DCHAR_CNAME=\"strsm_LTLN\" -DNO_AFFINITY -I../.. -UDOUBLE  -UCOMPLEX -UCOMPLEX -UDOUBLE -DTRANSA -UUPPER -UUNIT trsm_L.c -o strsm_LTLN.o
cc -c -O2 -DMAX_STACK_ALLOC=2048 -Wall -m64 -DF_INTERFACE_GFORT -fPIC -DNO_LAPACK -DNO_LAPACKE -DSMP_SERVER -DNO_WARMUP -DMAX_CPU_NUMBER=4 -DMAX_PARALLEL_NUMBER=1 -DBUILD_SINGLE=1 -DBUILD_DOUBLE=1 -DBUILD_COMPLEX=1 -DBUILD_COMPLEX16=1 -DVERSION=\"0.3.17.dev\" -msse3 -mssse3 -msse4.1 -mavx -mavx2 -mavx2 -UASMNAME -UASMFNAME -UNAME -UCNAME -UCHAR_NAME -UCHAR_CNAME -DASMNAME=strsm_RNUU -DASMFNAME=strsm_RNUU_ -DNAME=strsm_RNUU_ -DCNAME=strsm_RNUU -DCHAR_NAME=\"strsm_RNUU_\" -DCHAR_CNAME=\"strsm_RNUU\" -DNO_AFFINITY -I../.. -UDOUBLE  -UCOMPLEX -UCOMPLEX -UDOUBLE -UTRANSA -DUPPER -DUNIT trsm_R.c -o strsm_RNUU.o
cc -c -O2 -DMAX_STACK_ALLOC=2048 -Wall -m64 -DF_INTERFACE_GFORT -fPIC -DNO_LAPACK -DNO_LAPACKE -DSMP_SERVER -DNO_WARMUP -DMAX_CPU_NUMBER=4 -DMAX_PARALLEL_NUMBER=1 -DBUILD_SINGLE=1 -DBUILD_DOUBLE=1 -DBUILD_COMPLEX=1 -DBUILD_COMPLEX16=1 -DVERSION=\"0.3.17.dev\" -msse3 -mssse3 -msse4.1 -mavx -mavx2 -mavx2 -UASMNAME -UASMFNAME -UNAME -UCNAME -UCHAR_NAME -UCHAR_CNAME -DASMNAME=strsm_RNUN -DASMFNAME=strsm_RNUN_ -DNAME=strsm_RNUN_ -DCNAME=strsm_RNUN -DCHAR_NAME=\"strsm_RNUN_\" -DCHAR_CNAME=\"strsm_RNUN\" -DNO_AFFINITY -I../.. -UDOUBLE  -UCOMPLEX -UCOMPLEX -UDOUBLE -UTRANSA -DUPPER -UUNIT trsm_R.c -o strsm_RNUN.o
cc -c -O2 -DMAX_STACK_ALLOC=2048 -Wall -m64 -DF_INTERFACE_GFORT -fPIC -DNO_LAPACK -DNO_LAPACKE -DSMP_SERVER -DNO_WARMUP -DMAX_CPU_NUMBER=4 -DMAX_PARALLEL_NUMBER=1 -DBUILD_SINGLE=1 -DBUILD_DOUBLE=1 -DBUILD_COMPLEX=1 -DBUILD_COMPLEX16=1 -DVERSION=\"0.3.17.dev\" -msse3 -mssse3 -msse4.1 -mavx -mavx2 -mavx2 -UASMNAME -UASMFNAME -UNAME -UCNAME -UCHAR_NAME -UCHAR_CNAME -DASMNAME=strsm_RNLU -DASMFNAME=strsm_RNLU_ -DNAME=strsm_RNLU_ -DCNAME=strsm_RNLU -DCHAR_NAME=\"strsm_RNLU_\" -DCHAR_CNAME=\"strsm_RNLU\" -DNO_AFFINITY -I../.. -UDOUBLE  -UCOMPLEX -UCOMPLEX -UDOUBLE -UTRANSA -UUPPER -DUNIT trsm_R.c -o strsm_RNLU.o
cc -c -O2 -DMAX_STACK_ALLOC=2048 -Wall -m64 -DF_INTERFACE_GFORT -fPIC -DNO_LAPACK -DNO_LAPACKE -DSMP_SERVER -DNO_WARMUP -DMAX_CPU_NUMBER=4 -DMAX_PARALLEL_NUMBER=1 -DBUILD_SINGLE=1 -DBUILD_DOUBLE=1 -DBUILD_COMPLEX=1 -DBUILD_COMPLEX16=1 -DVERSION=\"0.3.17.dev\" -msse3 -mssse3 -msse4.1 -mavx -mavx2 -mavx2 -UASMNAME -UASMFNAME -UNAME -UCNAME -UCHAR_NAME -UCHAR_CNAME -DASMNAME=strsm_RNLN -DASMFNAME=strsm_RNLN_ -DNAME=strsm_RNLN_ -DCNAME=strsm_RNLN -DCHAR_NAME=\"strsm_RNLN_\" -DCHAR_CNAME=\"strsm_RNLN\" -DNO_AFFINITY -I../.. -UDOUBLE  -UCOMPLEX -UCOMPLEX -UDOUBLE -UTRANSA -UUPPER -UUNIT trsm_R.c -o strsm_RNLN.o
cc -c -O2 -DMAX_STACK_ALLOC=2048 -Wall -m64 -DF_INTERFACE_GFORT -fPIC -DNO_LAPACK -DNO_LAPACKE -DSMP_SERVER -DNO_WARMUP -DMAX_CPU_NUMBER=4 -DMAX_PARALLEL_NUMBER=1 -DBUILD_SINGLE=1 -DBUILD_DOUBLE=1 -DBUILD_COMPLEX=1 -DBUILD_COMPLEX16=1 -DVERSION=\"0.3.17.dev\" -msse3 -mssse3 -msse4.1 -mavx -mavx2 -mavx2 -UASMNAME -UASMFNAME -UNAME -UCNAME -UCHAR_NAME -UCHAR_CNAME -DASMNAME=strsm_RTUU -DASMFNAME=strsm_RTUU_ -DNAME=strsm_RTUU_ -DCNAME=strsm_RTUU -DCHAR_NAME=\"strsm_RTUU_\" -DCHAR_CNAME=\"strsm_RTUU\" -DNO_AFFINITY -I../.. -UDOUBLE  -UCOMPLEX -UCOMPLEX -UDOUBLE -DTRANSA -DUPPER -DUNIT trsm_R.c -o strsm_RTUU.o
cc -c -O2 -DMAX_STACK_ALLOC=2048 -Wall -m64 -DF_INTERFACE_GFORT -fPIC -DNO_LAPACK -DNO_LAPACKE -DSMP_SERVER -DNO_WARMUP -DMAX_CPU_NUMBER=4 -DMAX_PARALLEL_NUMBER=1 -DBUILD_SINGLE=1 -DBUILD_DOUBLE=1 -DBUILD_COMPLEX=1 -DBUILD_COMPLEX16=1 -DVERSION=\"0.3.17.dev\" -msse3 -mssse3 -msse4.1 -mavx -mavx2 -mavx2 -UASMNAME -UASMFNAME -UNAME -UCNAME -UCHAR_NAME -UCHAR_CNAME -DASMNAME=strsm_RTUN -DASMFNAME=strsm_RTUN_ -DNAME=strsm_RTUN_ -DCNAME=strsm_RTUN -DCHAR_NAME=\"strsm_RTUN_\" -DCHAR_CNAME=\"strsm_RTUN\" -DNO_AFFINITY -I../.. -UDOUBLE  -UCOMPLEX -UCOMPLEX -UDOUBLE -DTRANSA -DUPPER -UUNIT trsm_R.c -o strsm_RTUN.o
cc -c -O2 -DMAX_STACK_ALLOC=2048 -Wall -m64 -DF_INTERFACE_GFORT -fPIC -DNO_LAPACK -DNO_LAPACKE -DSMP_SERVER -DNO_WARMUP -DMAX_CPU_NUMBER=4 -DMAX_PARALLEL_NUMBER=1 -DBUILD_SINGLE=1 -DBUILD_DOUBLE=1 -DBUILD_COMPLEX=1 -DBUILD_COMPLEX16=1 -DVERSION=\"0.3.17.dev\" -msse3 -mssse3 -msse4.1 -mavx -mavx2 -mavx2 -UASMNAME -UASMFNAME -UNAME -UCNAME -UCHAR_NAME -UCHAR_CNAME -DASMNAME=strsm_RTLU -DASMFNAME=strsm_RTLU_ -DNAME=strsm_RTLU_ -DCNAME=strsm_RTLU -DCHAR_NAME=\"strsm_RTLU_\" -DCHAR_CNAME=\"strsm_RTLU\" -DNO_AFFINITY -I../.. -UDOUBLE  -UCOMPLEX -UCOMPLEX -UDOUBLE -DTRANSA -UUPPER -DUNIT trsm_R.c -o strsm_RTLU.o
cc -c -O2 -DMAX_STACK_ALLOC=2048 -Wall -m64 -DF_INTERFACE_GFORT -fPIC -DNO_LAPACK -DNO_LAPACKE -DSMP_SERVER -DNO_WARMUP -DMAX_CPU_NUMBER=4 -DMAX_PARALLEL_NUMBER=1 -DBUILD_SINGLE=1 -DBUILD_DOUBLE=1 -DBUILD_COMPLEX=1 -DBUILD_COMPLEX16=1 -DVERSION=\"0.3.17.dev\" -msse3 -mssse3 -msse4.1 -mavx -mavx2 -mavx2 -UASMNAME -UASMFNAME -UNAME -UCNAME -UCHAR_NAME -UCHAR_CNAME -DASMNAME=strsm_RTLN -DASMFNAME=strsm_RTLN_ -DNAME=strsm_RTLN_ -DCNAME=strsm_RTLN -DCHAR_NAME=\"strsm_RTLN_\" -DCHAR_CNAME=\"strsm_RTLN\" -DNO_AFFINITY -I../.. -UDOUBLE  -UCOMPLEX -UCOMPLEX -UDOUBLE -DTRANSA -UUPPER -UUNIT trsm_R.c -o strsm_RTLN.o
cc -c -O2 -DMAX_STACK_ALLOC=2048 -Wall -m64 -DF_INTERFACE_GFORT -fPIC -DNO_LAPACK -DNO_LAPACKE -DSMP_SERVER -DNO_WARMUP -DMAX_CPU_NUMBER=4 -DMAX_PARALLEL_NUMBER=1 -DBUILD_SINGLE=1 -DBUILD_DOUBLE=1 -DBUILD_COMPLEX=1 -DBUILD_COMPLEX16=1 -DVERSION=\"0.3.17.dev\" -msse3 -mssse3 -msse4.1 -mavx -mavx2 -mavx2 -UASMNAME -UASMFNAME -UNAME -UCNAME -UCHAR_NAME -UCHAR_CNAME -DASMNAME=ssymm_LU -DASMFNAME=ssymm_LU_ -DNAME=ssymm_LU_ -DCNAME=ssymm_LU -DCHAR_NAME=\"ssymm_LU_\" -DCHAR_CNAME=\"ssymm_LU\" -DNO_AFFINITY -I../.. -UDOUBLE  -UCOMPLEX -UDOUBLE -UCOMPLEX -ULOWER -URSIDE -DNN symm_k.c -o ssymm_LU.o
cc -c -O2 -DMAX_STACK_ALLOC=2048 -Wall -m64 -DF_INTERFACE_GFORT -fPIC -DNO_LAPACK -DNO_LAPACKE -DSMP_SERVER -DNO_WARMUP -DMAX_CPU_NUMBER=4 -DMAX_PARALLEL_NUMBER=1 -DBUILD_SINGLE=1 -DBUILD_DOUBLE=1 -DBUILD_COMPLEX=1 -DBUILD_COMPLEX16=1 -DVERSION=\"0.3.17.dev\" -msse3 -mssse3 -msse4.1 -mavx -mavx2 -mavx2 -UASMNAME -UASMFNAME -UNAME -UCNAME -UCHAR_NAME -UCHAR_CNAME -DASMNAME=ssymm_LL -DASMFNAME=ssymm_LL_ -DNAME=ssymm_LL_ -DCNAME=ssymm_LL -DCHAR_NAME=\"ssymm_LL_\" -DCHAR_CNAME=\"ssymm_LL\" -DNO_AFFINITY -I../.. -UDOUBLE  -UCOMPLEX -UDOUBLE -UCOMPLEX -DLOWER -URSIDE -DNN symm_k.c -o ssymm_LL.o
cc -c -O2 -DMAX_STACK_ALLOC=2048 -Wall -m64 -DF_INTERFACE_GFORT -fPIC -DNO_LAPACK -DNO_LAPACKE -DSMP_SERVER -DNO_WARMUP -DMAX_CPU_NUMBER=4 -DMAX_PARALLEL_NUMBER=1 -DBUILD_SINGLE=1 -DBUILD_DOUBLE=1 -DBUILD_COMPLEX=1 -DBUILD_COMPLEX16=1 -DVERSION=\"0.3.17.dev\" -msse3 -mssse3 -msse4.1 -mavx -mavx2 -mavx2 -UASMNAME -UASMFNAME -UNAME -UCNAME -UCHAR_NAME -UCHAR_CNAME -DASMNAME=ssymm_RU -DASMFNAME=ssymm_RU_ -DNAME=ssymm_RU_ -DCNAME=ssymm_RU -DCHAR_NAME=\"ssymm_RU_\" -DCHAR_CNAME=\"ssymm_RU\" -DNO_AFFINITY -I../.. -UDOUBLE  -UCOMPLEX -UDOUBLE -UCOMPLEX -ULOWER -DRSIDE -DNN symm_k.c -o ssymm_RU.o
cc -c -O2 -DMAX_STACK_ALLOC=2048 -Wall -m64 -DF_INTERFACE_GFORT -fPIC -DNO_LAPACK -DNO_LAPACKE -DSMP_SERVER -DNO_WARMUP -DMAX_CPU_NUMBER=4 -DMAX_PARALLEL_NUMBER=1 -DBUILD_SINGLE=1 -DBUILD_DOUBLE=1 -DBUILD_COMPLEX=1 -DBUILD_COMPLEX16=1 -DVERSION=\"0.3.17.dev\" -msse3 -mssse3 -msse4.1 -mavx -mavx2 -mavx2 -UASMNAME -UASMFNAME -UNAME -UCNAME -UCHAR_NAME -UCHAR_CNAME -DASMNAME=ssymm_RL -DASMFNAME=ssymm_RL_ -DNAME=ssymm_RL_ -DCNAME=ssymm_RL -DCHAR_NAME=\"ssymm_RL_\" -DCHAR_CNAME=\"ssymm_RL\" -DNO_AFFINITY -I../.. -UDOUBLE  -UCOMPLEX -UDOUBLE -UCOMPLEX -DLOWER -DRSIDE -DNN symm_k.c -o ssymm_RL.o
cc -c -O2 -DMAX_STACK_ALLOC=2048 -Wall -m64 -DF_INTERFACE_GFORT -fPIC -DNO_LAPACK -DNO_LAPACKE -DSMP_SERVER -DNO_WARMUP -DMAX_CPU_NUMBER=4 -DMAX_PARALLEL_NUMBER=1 -DBUILD_SINGLE=1 -DBUILD_DOUBLE=1 -DBUILD_COMPLEX=1 -DBUILD_COMPLEX16=1 -DVERSION=\"0.3.17.dev\" -msse3 -mssse3 -msse4.1 -mavx -mavx2 -mavx2 -UASMNAME -UASMFNAME -UNAME -UCNAME -UCHAR_NAME -UCHAR_CNAME -DASMNAME=ssyrk_UN -DASMFNAME=ssyrk_UN_ -DNAME=ssyrk_UN_ -DCNAME=ssyrk_UN -DCHAR_NAME=\"ssyrk_UN_\" -DCHAR_CNAME=\"ssyrk_UN\" -DNO_AFFINITY -I../.. -UDOUBLE  -UCOMPLEX -UDOUBLE -UCOMPLEX -ULOWER -UTRANS syrk_k.c -o ssyrk_UN.o
cc -c -O2 -DMAX_STACK_ALLOC=2048 -Wall -m64 -DF_INTERFACE_GFORT -fPIC -DNO_LAPACK -DNO_LAPACKE -DSMP_SERVER -DNO_WARMUP -DMAX_CPU_NUMBER=4 -DMAX_PARALLEL_NUMBER=1 -DBUILD_SINGLE=1 -DBUILD_DOUBLE=1 -DBUILD_COMPLEX=1 -DBUILD_COMPLEX16=1 -DVERSION=\"0.3.17.dev\" -msse3 -mssse3 -msse4.1 -mavx -mavx2 -mavx2 -UASMNAME -UASMFNAME -UNAME -UCNAME -UCHAR_NAME -UCHAR_CNAME -DASMNAME=ssyrk_UT -DASMFNAME=ssyrk_UT_ -DNAME=ssyrk_UT_ -DCNAME=ssyrk_UT -DCHAR_NAME=\"ssyrk_UT_\" -DCHAR_CNAME=\"ssyrk_UT\" -DNO_AFFINITY -I../.. -UDOUBLE  -UCOMPLEX -UDOUBLE -UCOMPLEX -ULOWER -DTRANS syrk_k.c -o ssyrk_UT.o
cc -c -O2 -DMAX_STACK_ALLOC=2048 -Wall -m64 -DF_INTERFACE_GFORT -fPIC -DNO_LAPACK -DNO_LAPACKE -DSMP_SERVER -DNO_WARMUP -DMAX_CPU_NUMBER=4 -DMAX_PARALLEL_NUMBER=1 -DBUILD_SINGLE=1 -DBUILD_DOUBLE=1 -DBUILD_COMPLEX=1 -DBUILD_COMPLEX16=1 -DVERSION=\"0.3.17.dev\" -msse3 -mssse3 -msse4.1 -mavx -mavx2 -mavx2 -UASMNAME -UASMFNAME -UNAME -UCNAME -UCHAR_NAME -UCHAR_CNAME -DASMNAME=ssyrk_LN -DASMFNAME=ssyrk_LN_ -DNAME=ssyrk_LN_ -DCNAME=ssyrk_LN -DCHAR_NAME=\"ssyrk_LN_\" -DCHAR_CNAME=\"ssyrk_LN\" -DNO_AFFINITY -I../.. -UDOUBLE  -UCOMPLEX -UDOUBLE -UCOMPLEX -DLOWER -UTRANS syrk_k.c -o ssyrk_LN.o
cc -c -O2 -DMAX_STACK_ALLOC=2048 -Wall -m64 -DF_INTERFACE_GFORT -fPIC -DNO_LAPACK -DNO_LAPACKE -DSMP_SERVER -DNO_WARMUP -DMAX_CPU_NUMBER=4 -DMAX_PARALLEL_NUMBER=1 -DBUILD_SINGLE=1 -DBUILD_DOUBLE=1 -DBUILD_COMPLEX=1 -DBUILD_COMPLEX16=1 -DVERSION=\"0.3.17.dev\" -msse3 -mssse3 -msse4.1 -mavx -mavx2 -mavx2 -UASMNAME -UASMFNAME -UNAME -UCNAME -UCHAR_NAME -UCHAR_CNAME -DASMNAME=ssyrk_LT -DASMFNAME=ssyrk_LT_ -DNAME=ssyrk_LT_ -DCNAME=ssyrk_LT -DCHAR_NAME=\"ssyrk_LT_\" -DCHAR_CNAME=\"ssyrk_LT\" -DNO_AFFINITY -I../.. -UDOUBLE  -UCOMPLEX -UDOUBLE -UCOMPLEX -DLOWER -DTRANS syrk_k.c -o ssyrk_LT.o
cc -c -O2 -DMAX_STACK_ALLOC=2048 -Wall -m64 -DF_INTERFACE_GFORT -fPIC -DNO_LAPACK -DNO_LAPACKE -DSMP_SERVER -DNO_WARMUP -DMAX_CPU_NUMBER=4 -DMAX_PARALLEL_NUMBER=1 -DBUILD_SINGLE=1 -DBUILD_DOUBLE=1 -DBUILD_COMPLEX=1 -DBUILD_COMPLEX16=1 -DVERSION=\"0.3.17.dev\" -msse3 -mssse3 -msse4.1 -mavx -mavx2 -mavx2 -UASMNAME -UASMFNAME -UNAME -UCNAME -UCHAR_NAME -UCHAR_CNAME -DASMNAME=ssyr2k_UN -DASMFNAME=ssyr2k_UN_ -DNAME=ssyr2k_UN_ -DCNAME=ssyr2k_UN -DCHAR_NAME=\"ssyr2k_UN_\" -DCHAR_CNAME=\"ssyr2k_UN\" -DNO_AFFINITY -I../.. -UDOUBLE  -UCOMPLEX -UDOUBLE -UCOMPLEX -ULOWER -UTRANS syr2k_k.c -o ssyr2k_UN.o
cc -c -O2 -DMAX_STACK_ALLOC=2048 -Wall -m64 -DF_INTERFACE_GFORT -fPIC -DNO_LAPACK -DNO_LAPACKE -DSMP_SERVER -DNO_WARMUP -DMAX_CPU_NUMBER=4 -DMAX_PARALLEL_NUMBER=1 -DBUILD_SINGLE=1 -DBUILD_DOUBLE=1 -DBUILD_COMPLEX=1 -DBUILD_COMPLEX16=1 -DVERSION=\"0.3.17.dev\" -msse3 -mssse3 -msse4.1 -mavx -mavx2 -mavx2 -UASMNAME -UASMFNAME -UNAME -UCNAME -UCHAR_NAME -UCHAR_CNAME -DASMNAME=ssyr2k_UT -DASMFNAME=ssyr2k_UT_ -DNAME=ssyr2k_UT_ -DCNAME=ssyr2k_UT -DCHAR_NAME=\"ssyr2k_UT_\" -DCHAR_CNAME=\"ssyr2k_UT\" -DNO_AFFINITY -I../.. -UDOUBLE  -UCOMPLEX -UDOUBLE -UCOMPLEX -ULOWER -DTRANS syr2k_k.c -o ssyr2k_UT.o
cc -c -O2 -DMAX_STACK_ALLOC=2048 -Wall -m64 -DF_INTERFACE_GFORT -fPIC -DNO_LAPACK -DNO_LAPACKE -DSMP_SERVER -DNO_WARMUP -DMAX_CPU_NUMBER=4 -DMAX_PARALLEL_NUMBER=1 -DBUILD_SINGLE=1 -DBUILD_DOUBLE=1 -DBUILD_COMPLEX=1 -DBUILD_COMPLEX16=1 -DVERSION=\"0.3.17.dev\" -msse3 -mssse3 -msse4.1 -mavx -mavx2 -mavx2 -UASMNAME -UASMFNAME -UNAME -UCNAME -UCHAR_NAME -UCHAR_CNAME -DASMNAME=ssyr2k_LN -DASMFNAME=ssyr2k_LN_ -DNAME=ssyr2k_LN_ -DCNAME=ssyr2k_LN -DCHAR_NAME=\"ssyr2k_LN_\" -DCHAR_CNAME=\"ssyr2k_LN\" -DNO_AFFINITY -I../.. -UDOUBLE  -UCOMPLEX -UDOUBLE -UCOMPLEX -DLOWER -UTRANS syr2k_k.c -o ssyr2k_LN.o
cc -c -O2 -DMAX_STACK_ALLOC=2048 -Wall -m64 -DF_INTERFACE_GFORT -fPIC -DNO_LAPACK -DNO_LAPACKE -DSMP_SERVER -DNO_WARMUP -DMAX_CPU_NUMBER=4 -DMAX_PARALLEL_NUMBER=1 -DBUILD_SINGLE=1 -DBUILD_DOUBLE=1 -DBUILD_COMPLEX=1 -DBUILD_COMPLEX16=1 -DVERSION=\"0.3.17.dev\" -msse3 -mssse3 -msse4.1 -mavx -mavx2 -mavx2 -UASMNAME -UASMFNAME -UNAME -UCNAME -UCHAR_NAME -UCHAR_CNAME -DASMNAME=ssyr2k_LT -DASMFNAME=ssyr2k_LT_ -DNAME=ssyr2k_LT_ -DCNAME=ssyr2k_LT -DCHAR_NAME=\"ssyr2k_LT_\" -DCHAR_CNAME=\"ssyr2k_LT\" -DNO_AFFINITY -I../.. -UDOUBLE  -UCOMPLEX -UDOUBLE -UCOMPLEX -DLOWER -DTRANS syr2k_k.c -o ssyr2k_LT.o
cc -c -O2 -DMAX_STACK_ALLOC=2048 -Wall -m64 -DF_INTERFACE_GFORT -fPIC -DNO_LAPACK -DNO_LAPACKE -DSMP_SERVER -DNO_WARMUP -DMAX_CPU_NUMBER=4 -DMAX_PARALLEL_NUMBER=1 -DBUILD_SINGLE=1 -DBUILD_DOUBLE=1 -DBUILD_COMPLEX=1 -DBUILD_COMPLEX16=1 -DVERSION=\"0.3.17.dev\" -msse3 -mssse3 -msse4.1 -mavx -mavx2 -mavx2 -UASMNAME -UASMFNAME -UNAME -UCNAME -UCHAR_NAME -UCHAR_CNAME -DASMNAME=ssyrk_kernel_U -DASMFNAME=ssyrk_kernel_U_ -DNAME=ssyrk_kernel_U_ -DCNAME=ssyrk_kernel_U -DCHAR_NAME=\"ssyrk_kernel_U_\" -DCHAR_CNAME=\"ssyrk_kernel_U\" -DNO_AFFINITY -I../.. -UDOUBLE  -UCOMPLEX -UDOUBLE -UCOMPLEX -ULOWER syrk_kernel.c -o ssyrk_kernel_U.o
cc -c -O2 -DMAX_STACK_ALLOC=2048 -Wall -m64 -DF_INTERFACE_GFORT -fPIC -DNO_LAPACK -DNO_LAPACKE -DSMP_SERVER -DNO_WARMUP -DMAX_CPU_NUMBER=4 -DMAX_PARALLEL_NUMBER=1 -DBUILD_SINGLE=1 -DBUILD_DOUBLE=1 -DBUILD_COMPLEX=1 -DBUILD_COMPLEX16=1 -DVERSION=\"0.3.17.dev\" -msse3 -mssse3 -msse4.1 -mavx -mavx2 -mavx2 -UASMNAME -UASMFNAME -UNAME -UCNAME -UCHAR_NAME -UCHAR_CNAME -DASMNAME=ssyrk_kernel_L -DASMFNAME=ssyrk_kernel_L_ -DNAME=ssyrk_kernel_L_ -DCNAME=ssyrk_kernel_L -DCHAR_NAME=\"ssyrk_kernel_L_\" -DCHAR_CNAME=\"ssyrk_kernel_L\" -DNO_AFFINITY -I../.. -UDOUBLE  -UCOMPLEX -UDOUBLE -UCOMPLEX -DLOWER syrk_kernel.c -o ssyrk_kernel_L.o
cc -c -O2 -DMAX_STACK_ALLOC=2048 -Wall -m64 -DF_INTERFACE_GFORT -fPIC -DNO_LAPACK -DNO_LAPACKE -DSMP_SERVER -DNO_WARMUP -DMAX_CPU_NUMBER=4 -DMAX_PARALLEL_NUMBER=1 -DBUILD_SINGLE=1 -DBUILD_DOUBLE=1 -DBUILD_COMPLEX=1 -DBUILD_COMPLEX16=1 -DVERSION=\"0.3.17.dev\" -msse3 -mssse3 -msse4.1 -mavx -mavx2 -mavx2 -UASMNAME -UASMFNAME -UNAME -UCNAME -UCHAR_NAME -UCHAR_CNAME -DASMNAME=ssyr2k_kernel_U -DASMFNAME=ssyr2k_kernel_U_ -DNAME=ssyr2k_kernel_U_ -DCNAME=ssyr2k_kernel_U -DCHAR_NAME=\"ssyr2k_kernel_U_\" -DCHAR_CNAME=\"ssyr2k_kernel_U\" -DNO_AFFINITY -I../.. -UDOUBLE  -UCOMPLEX -UDOUBLE -UCOMPLEX -ULOWER syr2k_kernel.c -o ssyr2k_kernel_U.o
cc -c -O2 -DMAX_STACK_ALLOC=2048 -Wall -m64 -DF_INTERFACE_GFORT -fPIC -DNO_LAPACK -DNO_LAPACKE -DSMP_SERVER -DNO_WARMUP -DMAX_CPU_NUMBER=4 -DMAX_PARALLEL_NUMBER=1 -DBUILD_SINGLE=1 -DBUILD_DOUBLE=1 -DBUILD_COMPLEX=1 -DBUILD_COMPLEX16=1 -DVERSION=\"0.3.17.dev\" -msse3 -mssse3 -msse4.1 -mavx -mavx2 -mavx2 -UASMNAME -UASMFNAME -UNAME -UCNAME -UCHAR_NAME -UCHAR_CNAME -DASMNAME=ssyr2k_kernel_L -DASMFNAME=ssyr2k_kernel_L_ -DNAME=ssyr2k_kernel_L_ -DCNAME=ssyr2k_kernel_L -DCHAR_NAME=\"ssyr2k_kernel_L_\" -DCHAR_CNAME=\"ssyr2k_kernel_L\" -DNO_AFFINITY -I../.. -UDOUBLE  -UCOMPLEX -UDOUBLE -UCOMPLEX -DLOWER syr2k_kernel.c -o ssyr2k_kernel_L.o
cc -O2 -DMAX_STACK_ALLOC=2048 -Wall -m64 -DF_INTERFACE_GFORT -fPIC -DNO_LAPACK -DNO_LAPACKE -DSMP_SERVER -DNO_WARMUP -DMAX_CPU_NUMBER=4 -DMAX_PARALLEL_NUMBER=1 -DBUILD_SINGLE=1 -DBUILD_DOUBLE=1 -DBUILD_COMPLEX=1 -DBUILD_COMPLEX16=1 -DVERSION=\"0.3.17.dev\" -msse3 -mssse3 -msse4.1 -mavx -mavx2 -mavx2 -UASMNAME -UASMFNAME -UNAME -UCNAME -UCHAR_NAME -UCHAR_CNAME -DASMNAME=sgemm_thread_nn -DASMFNAME=sgemm_thread_nn_ -DNAME=sgemm_thread_nn_ -DCNAME=sgemm_thread_nn -DCHAR_NAME=\"sgemm_thread_nn_\" -DCHAR_CNAME=\"sgemm_thread_nn\" -DNO_AFFINITY -I../.. -UDOUBLE  -UCOMPLEX  -c -DTHREADED_LEVEL3 -UDOUBLE -UCOMPLEX -DNN gemm.c -o sgemm_thread_nn.o
cc -O2 -DMAX_STACK_ALLOC=2048 -Wall -m64 -DF_INTERFACE_GFORT -fPIC -DNO_LAPACK -DNO_LAPACKE -DSMP_SERVER -DNO_WARMUP -DMAX_CPU_NUMBER=4 -DMAX_PARALLEL_NUMBER=1 -DBUILD_SINGLE=1 -DBUILD_DOUBLE=1 -DBUILD_COMPLEX=1 -DBUILD_COMPLEX16=1 -DVERSION=\"0.3.17.dev\" -msse3 -mssse3 -msse4.1 -mavx -mavx2 -mavx2 -UASMNAME -UASMFNAME -UNAME -UCNAME -UCHAR_NAME -UCHAR_CNAME -DASMNAME=sgemm_thread_nt -DASMFNAME=sgemm_thread_nt_ -DNAME=sgemm_thread_nt_ -DCNAME=sgemm_thread_nt -DCHAR_NAME=\"sgemm_thread_nt_\" -DCHAR_CNAME=\"sgemm_thread_nt\" -DNO_AFFINITY -I../.. -UDOUBLE  -UCOMPLEX  -c -DTHREADED_LEVEL3 -UDOUBLE -UCOMPLEX -DNT gemm.c -o sgemm_thread_nt.o
cc -O2 -DMAX_STACK_ALLOC=2048 -Wall -m64 -DF_INTERFACE_GFORT -fPIC -DNO_LAPACK -DNO_LAPACKE -DSMP_SERVER -DNO_WARMUP -DMAX_CPU_NUMBER=4 -DMAX_PARALLEL_NUMBER=1 -DBUILD_SINGLE=1 -DBUILD_DOUBLE=1 -DBUILD_COMPLEX=1 -DBUILD_COMPLEX16=1 -DVERSION=\"0.3.17.dev\" -msse3 -mssse3 -msse4.1 -mavx -mavx2 -mavx2 -UASMNAME -UASMFNAME -UNAME -UCNAME -UCHAR_NAME -UCHAR_CNAME -DASMNAME=sgemm_thread_tn -DASMFNAME=sgemm_thread_tn_ -DNAME=sgemm_thread_tn_ -DCNAME=sgemm_thread_tn -DCHAR_NAME=\"sgemm_thread_tn_\" -DCHAR_CNAME=\"sgemm_thread_tn\" -DNO_AFFINITY -I../.. -UDOUBLE  -UCOMPLEX  -c -DTHREADED_LEVEL3 -UDOUBLE -UCOMPLEX -DTN gemm.c -o sgemm_thread_tn.o
cc -O2 -DMAX_STACK_ALLOC=2048 -Wall -m64 -DF_INTERFACE_GFORT -fPIC -DNO_LAPACK -DNO_LAPACKE -DSMP_SERVER -DNO_WARMUP -DMAX_CPU_NUMBER=4 -DMAX_PARALLEL_NUMBER=1 -DBUILD_SINGLE=1 -DBUILD_DOUBLE=1 -DBUILD_COMPLEX=1 -DBUILD_COMPLEX16=1 -DVERSION=\"0.3.17.dev\" -msse3 -mssse3 -msse4.1 -mavx -mavx2 -mavx2 -UASMNAME -UASMFNAME -UNAME -UCNAME -UCHAR_NAME -UCHAR_CNAME -DASMNAME=sgemm_thread_tt -DASMFNAME=sgemm_thread_tt_ -DNAME=sgemm_thread_tt_ -DCNAME=sgemm_thread_tt -DCHAR_NAME=\"sgemm_thread_tt_\" -DCHAR_CNAME=\"sgemm_thread_tt\" -DNO_AFFINITY -I../.. -UDOUBLE  -UCOMPLEX  -c -DTHREADED_LEVEL3 -UDOUBLE -UCOMPLEX -DTT gemm.c -o sgemm_thread_tt.o
cc -c -DTHREADED_LEVEL3 -O2 -DMAX_STACK_ALLOC=2048 -Wall -m64 -DF_INTERFACE_GFORT -fPIC -DNO_LAPACK -DNO_LAPACKE -DSMP_SERVER -DNO_WARMUP -DMAX_CPU_NUMBER=4 -DMAX_PARALLEL_NUMBER=1 -DBUILD_SINGLE=1 -DBUILD_DOUBLE=1 -DBUILD_COMPLEX=1 -DBUILD_COMPLEX16=1 -DVERSION=\"0.3.17.dev\" -msse3 -mssse3 -msse4.1 -mavx -mavx2 -mavx2 -UASMNAME -UASMFNAME -UNAME -UCNAME -UCHAR_NAME -UCHAR_CNAME -DASMNAME=ssymm_thread_LU -DASMFNAME=ssymm_thread_LU_ -DNAME=ssymm_thread_LU_ -DCNAME=ssymm_thread_LU -DCHAR_NAME=\"ssymm_thread_LU_\" -DCHAR_CNAME=\"ssymm_thread_LU\" -DNO_AFFINITY -I../.. -UDOUBLE  -UCOMPLEX -UDOUBLE -UCOMPLEX -ULOWER -URSIDE -DNN symm_k.c -o ssymm_thread_LU.o
cc -c -DTHREADED_LEVEL3 -O2 -DMAX_STACK_ALLOC=2048 -Wall -m64 -DF_INTERFACE_GFORT -fPIC -DNO_LAPACK -DNO_LAPACKE -DSMP_SERVER -DNO_WARMUP -DMAX_CPU_NUMBER=4 -DMAX_PARALLEL_NUMBER=1 -DBUILD_SINGLE=1 -DBUILD_DOUBLE=1 -DBUILD_COMPLEX=1 -DBUILD_COMPLEX16=1 -DVERSION=\"0.3.17.dev\" -msse3 -mssse3 -msse4.1 -mavx -mavx2 -mavx2 -UASMNAME -UASMFNAME -UNAME -UCNAME -UCHAR_NAME -UCHAR_CNAME -DASMNAME=ssymm_thread_LL -DASMFNAME=ssymm_thread_LL_ -DNAME=ssymm_thread_LL_ -DCNAME=ssymm_thread_LL -DCHAR_NAME=\"ssymm_thread_LL_\" -DCHAR_CNAME=\"ssymm_thread_LL\" -DNO_AFFINITY -I../.. -UDOUBLE  -UCOMPLEX -UDOUBLE -UCOMPLEX -DLOWER -URSIDE -DNN symm_k.c -o ssymm_thread_LL.o
cc -c -DTHREADED_LEVEL3 -O2 -DMAX_STACK_ALLOC=2048 -Wall -m64 -DF_INTERFACE_GFORT -fPIC -DNO_LAPACK -DNO_LAPACKE -DSMP_SERVER -DNO_WARMUP -DMAX_CPU_NUMBER=4 -DMAX_PARALLEL_NUMBER=1 -DBUILD_SINGLE=1 -DBUILD_DOUBLE=1 -DBUILD_COMPLEX=1 -DBUILD_COMPLEX16=1 -DVERSION=\"0.3.17.dev\" -msse3 -mssse3 -msse4.1 -mavx -mavx2 -mavx2 -UASMNAME -UASMFNAME -UNAME -UCNAME -UCHAR_NAME -UCHAR_CNAME -DASMNAME=ssymm_thread_RU -DASMFNAME=ssymm_thread_RU_ -DNAME=ssymm_thread_RU_ -DCNAME=ssymm_thread_RU -DCHAR_NAME=\"ssymm_thread_RU_\" -DCHAR_CNAME=\"ssymm_thread_RU\" -DNO_AFFINITY -I../.. -UDOUBLE  -UCOMPLEX -UDOUBLE -UCOMPLEX -ULOWER -DRSIDE -DNN symm_k.c -o ssymm_thread_RU.o
cc -c -DTHREADED_LEVEL3 -O2 -DMAX_STACK_ALLOC=2048 -Wall -m64 -DF_INTERFACE_GFORT -fPIC -DNO_LAPACK -DNO_LAPACKE -DSMP_SERVER -DNO_WARMUP -DMAX_CPU_NUMBER=4 -DMAX_PARALLEL_NUMBER=1 -DBUILD_SINGLE=1 -DBUILD_DOUBLE=1 -DBUILD_COMPLEX=1 -DBUILD_COMPLEX16=1 -DVERSION=\"0.3.17.dev\" -msse3 -mssse3 -msse4.1 -mavx -mavx2 -mavx2 -UASMNAME -UASMFNAME -UNAME -UCNAME -UCHAR_NAME -UCHAR_CNAME -DASMNAME=ssymm_thread_RL -DASMFNAME=ssymm_thread_RL_ -DNAME=ssymm_thread_RL_ -DCNAME=ssymm_thread_RL -DCHAR_NAME=\"ssymm_thread_RL_\" -DCHAR_CNAME=\"ssymm_thread_RL\" -DNO_AFFINITY -I../.. -UDOUBLE  -UCOMPLEX -UDOUBLE -UCOMPLEX -DLOWER -DRSIDE -DNN symm_k.c -o ssymm_thread_RL.o
cc -c -DTHREADED_LEVEL3 -O2 -DMAX_STACK_ALLOC=2048 -Wall -m64 -DF_INTERFACE_GFORT -fPIC -DNO_LAPACK -DNO_LAPACKE -DSMP_SERVER -DNO_WARMUP -DMAX_CPU_NUMBER=4 -DMAX_PARALLEL_NUMBER=1 -DBUILD_SINGLE=1 -DBUILD_DOUBLE=1 -DBUILD_COMPLEX=1 -DBUILD_COMPLEX16=1 -DVERSION=\"0.3.17.dev\" -msse3 -mssse3 -msse4.1 -mavx -mavx2 -mavx2 -UASMNAME -UASMFNAME -UNAME -UCNAME -UCHAR_NAME -UCHAR_CNAME -DASMNAME=ssyrk_thread_UN -DASMFNAME=ssyrk_thread_UN_ -DNAME=ssyrk_thread_UN_ -DCNAME=ssyrk_thread_UN -DCHAR_NAME=\"ssyrk_thread_UN_\" -DCHAR_CNAME=\"ssyrk_thread_UN\" -DNO_AFFINITY -I../.. -UDOUBLE  -UCOMPLEX -UDOUBLE -UCOMPLEX -ULOWER -UTRANS syrk_k.c -o ssyrk_thread_UN.o
cc -c -DTHREADED_LEVEL3 -O2 -DMAX_STACK_ALLOC=2048 -Wall -m64 -DF_INTERFACE_GFORT -fPIC -DNO_LAPACK -DNO_LAPACKE -DSMP_SERVER -DNO_WARMUP -DMAX_CPU_NUMBER=4 -DMAX_PARALLEL_NUMBER=1 -DBUILD_SINGLE=1 -DBUILD_DOUBLE=1 -DBUILD_COMPLEX=1 -DBUILD_COMPLEX16=1 -DVERSION=\"0.3.17.dev\" -msse3 -mssse3 -msse4.1 -mavx -mavx2 -mavx2 -UASMNAME -UASMFNAME -UNAME -UCNAME -UCHAR_NAME -UCHAR_CNAME -DASMNAME=ssyrk_thread_UT -DASMFNAME=ssyrk_thread_UT_ -DNAME=ssyrk_thread_UT_ -DCNAME=ssyrk_thread_UT -DCHAR_NAME=\"ssyrk_thread_UT_\" -DCHAR_CNAME=\"ssyrk_thread_UT\" -DNO_AFFINITY -I../.. -UDOUBLE  -UCOMPLEX -UDOUBLE -UCOMPLEX -ULOWER -DTRANS syrk_k.c -o ssyrk_thread_UT.o
cc -c -DTHREADED_LEVEL3 -O2 -DMAX_STACK_ALLOC=2048 -Wall -m64 -DF_INTERFACE_GFORT -fPIC -DNO_LAPACK -DNO_LAPACKE -DSMP_SERVER -DNO_WARMUP -DMAX_CPU_NUMBER=4 -DMAX_PARALLEL_NUMBER=1 -DBUILD_SINGLE=1 -DBUILD_DOUBLE=1 -DBUILD_COMPLEX=1 -DBUILD_COMPLEX16=1 -DVERSION=\"0.3.17.dev\" -msse3 -mssse3 -msse4.1 -mavx -mavx2 -mavx2 -UASMNAME -UASMFNAME -UNAME -UCNAME -UCHAR_NAME -UCHAR_CNAME -DASMNAME=ssyrk_thread_LN -DASMFNAME=ssyrk_thread_LN_ -DNAME=ssyrk_thread_LN_ -DCNAME=ssyrk_thread_LN -DCHAR_NAME=\"ssyrk_thread_LN_\" -DCHAR_CNAME=\"ssyrk_thread_LN\" -DNO_AFFINITY -I../.. -UDOUBLE  -UCOMPLEX -UDOUBLE -UCOMPLEX -DLOWER -UTRANS syrk_k.c -o ssyrk_thread_LN.o
cc -c -DTHREADED_LEVEL3 -O2 -DMAX_STACK_ALLOC=2048 -Wall -m64 -DF_INTERFACE_GFORT -fPIC -DNO_LAPACK -DNO_LAPACKE -DSMP_SERVER -DNO_WARMUP -DMAX_CPU_NUMBER=4 -DMAX_PARALLEL_NUMBER=1 -DBUILD_SINGLE=1 -DBUILD_DOUBLE=1 -DBUILD_COMPLEX=1 -DBUILD_COMPLEX16=1 -DVERSION=\"0.3.17.dev\" -msse3 -mssse3 -msse4.1 -mavx -mavx2 -mavx2 -UASMNAME -UASMFNAME -UNAME -UCNAME -UCHAR_NAME -UCHAR_CNAME -DASMNAME=ssyrk_thread_LT -DASMFNAME=ssyrk_thread_LT_ -DNAME=ssyrk_thread_LT_ -DCNAME=ssyrk_thread_LT -DCHAR_NAME=\"ssyrk_thread_LT_\" -DCHAR_CNAME=\"ssyrk_thread_LT\" -DNO_AFFINITY -I../.. -UDOUBLE  -UCOMPLEX -UDOUBLE -UCOMPLEX -DLOWER -DTRANS syrk_k.c -o ssyrk_thread_LT.o
cc -O2 -DMAX_STACK_ALLOC=2048 -Wall -m64 -DF_INTERFACE_GFORT -fPIC -DNO_LAPACK -DNO_LAPACKE -DSMP_SERVER -DNO_WARMUP -DMAX_CPU_NUMBER=4 -DMAX_PARALLEL_NUMBER=1 -DBUILD_SINGLE=1 -DBUILD_DOUBLE=1 -DBUILD_COMPLEX=1 -DBUILD_COMPLEX16=1 -DVERSION=\"0.3.17.dev\" -msse3 -mssse3 -msse4.1 -mavx -mavx2 -mavx2 -UASMNAME -UASMFNAME -UNAME -UCNAME -UCHAR_NAME -UCHAR_CNAME -DASMNAME=dgemm_nn -DASMFNAME=dgemm_nn_ -DNAME=dgemm_nn_ -DCNAME=dgemm_nn -DCHAR_NAME=\"dgemm_nn_\" -DCHAR_CNAME=\"dgemm_nn\" -DNO_AFFINITY -I../.. -DDOUBLE  -UCOMPLEX  -c -DDOUBLE -UCOMPLEX -DNN gemm.c -o dgemm_nn.o
cc -O2 -DMAX_STACK_ALLOC=2048 -Wall -m64 -DF_INTERFACE_GFORT -fPIC -DNO_LAPACK -DNO_LAPACKE -DSMP_SERVER -DNO_WARMUP -DMAX_CPU_NUMBER=4 -DMAX_PARALLEL_NUMBER=1 -DBUILD_SINGLE=1 -DBUILD_DOUBLE=1 -DBUILD_COMPLEX=1 -DBUILD_COMPLEX16=1 -DVERSION=\"0.3.17.dev\" -msse3 -mssse3 -msse4.1 -mavx -mavx2 -mavx2 -UASMNAME -UASMFNAME -UNAME -UCNAME -UCHAR_NAME -UCHAR_CNAME -DASMNAME=dgemm_nt -DASMFNAME=dgemm_nt_ -DNAME=dgemm_nt_ -DCNAME=dgemm_nt -DCHAR_NAME=\"dgemm_nt_\" -DCHAR_CNAME=\"dgemm_nt\" -DNO_AFFINITY -I../.. -DDOUBLE  -UCOMPLEX  -c -DDOUBLE -UCOMPLEX -DNT gemm.c -o dgemm_nt.o
cc -O2 -DMAX_STACK_ALLOC=2048 -Wall -m64 -DF_INTERFACE_GFORT -fPIC -DNO_LAPACK -DNO_LAPACKE -DSMP_SERVER -DNO_WARMUP -DMAX_CPU_NUMBER=4 -DMAX_PARALLEL_NUMBER=1 -DBUILD_SINGLE=1 -DBUILD_DOUBLE=1 -DBUILD_COMPLEX=1 -DBUILD_COMPLEX16=1 -DVERSION=\"0.3.17.dev\" -msse3 -mssse3 -msse4.1 -mavx -mavx2 -mavx2 -UASMNAME -UASMFNAME -UNAME -UCNAME -UCHAR_NAME -UCHAR_CNAME -DASMNAME=dgemm_tn -DASMFNAME=dgemm_tn_ -DNAME=dgemm_tn_ -DCNAME=dgemm_tn -DCHAR_NAME=\"dgemm_tn_\" -DCHAR_CNAME=\"dgemm_tn\" -DNO_AFFINITY -I../.. -DDOUBLE  -UCOMPLEX  -c -DDOUBLE -UCOMPLEX -DTN gemm.c -o dgemm_tn.o
cc -O2 -DMAX_STACK_ALLOC=2048 -Wall -m64 -DF_INTERFACE_GFORT -fPIC -DNO_LAPACK -DNO_LAPACKE -DSMP_SERVER -DNO_WARMUP -DMAX_CPU_NUMBER=4 -DMAX_PARALLEL_NUMBER=1 -DBUILD_SINGLE=1 -DBUILD_DOUBLE=1 -DBUILD_COMPLEX=1 -DBUILD_COMPLEX16=1 -DVERSION=\"0.3.17.dev\" -msse3 -mssse3 -msse4.1 -mavx -mavx2 -mavx2 -UASMNAME -UASMFNAME -UNAME -UCNAME -UCHAR_NAME -UCHAR_CNAME -DASMNAME=dgemm_tt -DASMFNAME=dgemm_tt_ -DNAME=dgemm_tt_ -DCNAME=dgemm_tt -DCHAR_NAME=\"dgemm_tt_\" -DCHAR_CNAME=\"dgemm_tt\" -DNO_AFFINITY -I../.. -DDOUBLE  -UCOMPLEX  -c -DDOUBLE -UCOMPLEX -DTT gemm.c -o dgemm_tt.o
cc -c -O2 -DMAX_STACK_ALLOC=2048 -Wall -m64 -DF_INTERFACE_GFORT -fPIC -DNO_LAPACK -DNO_LAPACKE -DSMP_SERVER -DNO_WARMUP -DMAX_CPU_NUMBER=4 -DMAX_PARALLEL_NUMBER=1 -DBUILD_SINGLE=1 -DBUILD_DOUBLE=1 -DBUILD_COMPLEX=1 -DBUILD_COMPLEX16=1 -DVERSION=\"0.3.17.dev\" -msse3 -mssse3 -msse4.1 -mavx -mavx2 -mavx2 -UASMNAME -UASMFNAME -UNAME -UCNAME -UCHAR_NAME -UCHAR_CNAME -DASMNAME=dtrmm_LNUU -DASMFNAME=dtrmm_LNUU_ -DNAME=dtrmm_LNUU_ -DCNAME=dtrmm_LNUU -DCHAR_NAME=\"dtrmm_LNUU_\" -DCHAR_CNAME=\"dtrmm_LNUU\" -DNO_AFFINITY -I../.. -DDOUBLE  -UCOMPLEX -UCOMPLEX -DDOUBLE -UTRANSA -DUPPER -DUNIT trmm_L.c -o dtrmm_LNUU.o
cc -c -O2 -DMAX_STACK_ALLOC=2048 -Wall -m64 -DF_INTERFACE_GFORT -fPIC -DNO_LAPACK -DNO_LAPACKE -DSMP_SERVER -DNO_WARMUP -DMAX_CPU_NUMBER=4 -DMAX_PARALLEL_NUMBER=1 -DBUILD_SINGLE=1 -DBUILD_DOUBLE=1 -DBUILD_COMPLEX=1 -DBUILD_COMPLEX16=1 -DVERSION=\"0.3.17.dev\" -msse3 -mssse3 -msse4.1 -mavx -mavx2 -mavx2 -UASMNAME -UASMFNAME -UNAME -UCNAME -UCHAR_NAME -UCHAR_CNAME -DASMNAME=dtrmm_LNUN -DASMFNAME=dtrmm_LNUN_ -DNAME=dtrmm_LNUN_ -DCNAME=dtrmm_LNUN -DCHAR_NAME=\"dtrmm_LNUN_\" -DCHAR_CNAME=\"dtrmm_LNUN\" -DNO_AFFINITY -I../.. -DDOUBLE  -UCOMPLEX -UCOMPLEX -DDOUBLE -UTRANSA -DUPPER -UUNIT trmm_L.c -o dtrmm_LNUN.o
cc -c -O2 -DMAX_STACK_ALLOC=2048 -Wall -m64 -DF_INTERFACE_GFORT -fPIC -DNO_LAPACK -DNO_LAPACKE -DSMP_SERVER -DNO_WARMUP -DMAX_CPU_NUMBER=4 -DMAX_PARALLEL_NUMBER=1 -DBUILD_SINGLE=1 -DBUILD_DOUBLE=1 -DBUILD_COMPLEX=1 -DBUILD_COMPLEX16=1 -DVERSION=\"0.3.17.dev\" -msse3 -mssse3 -msse4.1 -mavx -mavx2 -mavx2 -UASMNAME -UASMFNAME -UNAME -UCNAME -UCHAR_NAME -UCHAR_CNAME -DASMNAME=dtrmm_LNLU -DASMFNAME=dtrmm_LNLU_ -DNAME=dtrmm_LNLU_ -DCNAME=dtrmm_LNLU -DCHAR_NAME=\"dtrmm_LNLU_\" -DCHAR_CNAME=\"dtrmm_LNLU\" -DNO_AFFINITY -I../.. -DDOUBLE  -UCOMPLEX -UCOMPLEX -DDOUBLE -UTRANSA -UUPPER -DUNIT trmm_L.c -o dtrmm_LNLU.o
cc -c -O2 -DMAX_STACK_ALLOC=2048 -Wall -m64 -DF_INTERFACE_GFORT -fPIC -DNO_LAPACK -DNO_LAPACKE -DSMP_SERVER -DNO_WARMUP -DMAX_CPU_NUMBER=4 -DMAX_PARALLEL_NUMBER=1 -DBUILD_SINGLE=1 -DBUILD_DOUBLE=1 -DBUILD_COMPLEX=1 -DBUILD_COMPLEX16=1 -DVERSION=\"0.3.17.dev\" -msse3 -mssse3 -msse4.1 -mavx -mavx2 -mavx2 -UASMNAME -UASMFNAME -UNAME -UCNAME -UCHAR_NAME -UCHAR_CNAME -DASMNAME=dtrmm_LNLN -DASMFNAME=dtrmm_LNLN_ -DNAME=dtrmm_LNLN_ -DCNAME=dtrmm_LNLN -DCHAR_NAME=\"dtrmm_LNLN_\" -DCHAR_CNAME=\"dtrmm_LNLN\" -DNO_AFFINITY -I../.. -DDOUBLE  -UCOMPLEX -UCOMPLEX -DDOUBLE -UTRANSA -UUPPER -UUNIT trmm_L.c -o dtrmm_LNLN.o
cc -c -O2 -DMAX_STACK_ALLOC=2048 -Wall -m64 -DF_INTERFACE_GFORT -fPIC -DNO_LAPACK -DNO_LAPACKE -DSMP_SERVER -DNO_WARMUP -DMAX_CPU_NUMBER=4 -DMAX_PARALLEL_NUMBER=1 -DBUILD_SINGLE=1 -DBUILD_DOUBLE=1 -DBUILD_COMPLEX=1 -DBUILD_COMPLEX16=1 -DVERSION=\"0.3.17.dev\" -msse3 -mssse3 -msse4.1 -mavx -mavx2 -mavx2 -UASMNAME -UASMFNAME -UNAME -UCNAME -UCHAR_NAME -UCHAR_CNAME -DASMNAME=dtrmm_LTUU -DASMFNAME=dtrmm_LTUU_ -DNAME=dtrmm_LTUU_ -DCNAME=dtrmm_LTUU -DCHAR_NAME=\"dtrmm_LTUU_\" -DCHAR_CNAME=\"dtrmm_LTUU\" -DNO_AFFINITY -I../.. -DDOUBLE  -UCOMPLEX -UCOMPLEX -DDOUBLE -DTRANSA -DUPPER -DUNIT trmm_L.c -o dtrmm_LTUU.o
cc -c -O2 -DMAX_STACK_ALLOC=2048 -Wall -m64 -DF_INTERFACE_GFORT -fPIC -DNO_LAPACK -DNO_LAPACKE -DSMP_SERVER -DNO_WARMUP -DMAX_CPU_NUMBER=4 -DMAX_PARALLEL_NUMBER=1 -DBUILD_SINGLE=1 -DBUILD_DOUBLE=1 -DBUILD_COMPLEX=1 -DBUILD_COMPLEX16=1 -DVERSION=\"0.3.17.dev\" -msse3 -mssse3 -msse4.1 -mavx -mavx2 -mavx2 -UASMNAME -UASMFNAME -UNAME -UCNAME -UCHAR_NAME -UCHAR_CNAME -DASMNAME=dtrmm_LTUN -DASMFNAME=dtrmm_LTUN_ -DNAME=dtrmm_LTUN_ -DCNAME=dtrmm_LTUN -DCHAR_NAME=\"dtrmm_LTUN_\" -DCHAR_CNAME=\"dtrmm_LTUN\" -DNO_AFFINITY -I../.. -DDOUBLE  -UCOMPLEX -UCOMPLEX -DDOUBLE -DTRANSA -DUPPER -UUNIT trmm_L.c -o dtrmm_LTUN.o
cc -c -O2 -DMAX_STACK_ALLOC=2048 -Wall -m64 -DF_INTERFACE_GFORT -fPIC -DNO_LAPACK -DNO_LAPACKE -DSMP_SERVER -DNO_WARMUP -DMAX_CPU_NUMBER=4 -DMAX_PARALLEL_NUMBER=1 -DBUILD_SINGLE=1 -DBUILD_DOUBLE=1 -DBUILD_COMPLEX=1 -DBUILD_COMPLEX16=1 -DVERSION=\"0.3.17.dev\" -msse3 -mssse3 -msse4.1 -mavx -mavx2 -mavx2 -UASMNAME -UASMFNAME -UNAME -UCNAME -UCHAR_NAME -UCHAR_CNAME -DASMNAME=dtrmm_LTLU -DASMFNAME=dtrmm_LTLU_ -DNAME=dtrmm_LTLU_ -DCNAME=dtrmm_LTLU -DCHAR_NAME=\"dtrmm_LTLU_\" -DCHAR_CNAME=\"dtrmm_LTLU\" -DNO_AFFINITY -I../.. -DDOUBLE  -UCOMPLEX -UCOMPLEX -DDOUBLE -DTRANSA -UUPPER -DUNIT trmm_L.c -o dtrmm_LTLU.o
cc -c -O2 -DMAX_STACK_ALLOC=2048 -Wall -m64 -DF_INTERFACE_GFORT -fPIC -DNO_LAPACK -DNO_LAPACKE -DSMP_SERVER -DNO_WARMUP -DMAX_CPU_NUMBER=4 -DMAX_PARALLEL_NUMBER=1 -DBUILD_SINGLE=1 -DBUILD_DOUBLE=1 -DBUILD_COMPLEX=1 -DBUILD_COMPLEX16=1 -DVERSION=\"0.3.17.dev\" -msse3 -mssse3 -msse4.1 -mavx -mavx2 -mavx2 -UASMNAME -UASMFNAME -UNAME -UCNAME -UCHAR_NAME -UCHAR_CNAME -DASMNAME=dtrmm_LTLN -DASMFNAME=dtrmm_LTLN_ -DNAME=dtrmm_LTLN_ -DCNAME=dtrmm_LTLN -DCHAR_NAME=\"dtrmm_LTLN_\" -DCHAR_CNAME=\"dtrmm_LTLN\" -DNO_AFFINITY -I../.. -DDOUBLE  -UCOMPLEX -UCOMPLEX -DDOUBLE -DTRANSA -UUPPER -UUNIT trmm_L.c -o dtrmm_LTLN.o
cc -c -O2 -DMAX_STACK_ALLOC=2048 -Wall -m64 -DF_INTERFACE_GFORT -fPIC -DNO_LAPACK -DNO_LAPACKE -DSMP_SERVER -DNO_WARMUP -DMAX_CPU_NUMBER=4 -DMAX_PARALLEL_NUMBER=1 -DBUILD_SINGLE=1 -DBUILD_DOUBLE=1 -DBUILD_COMPLEX=1 -DBUILD_COMPLEX16=1 -DVERSION=\"0.3.17.dev\" -msse3 -mssse3 -msse4.1 -mavx -mavx2 -mavx2 -UASMNAME -UASMFNAME -UNAME -UCNAME -UCHAR_NAME -UCHAR_CNAME -DASMNAME=dtrmm_RNUU -DASMFNAME=dtrmm_RNUU_ -DNAME=dtrmm_RNUU_ -DCNAME=dtrmm_RNUU -DCHAR_NAME=\"dtrmm_RNUU_\" -DCHAR_CNAME=\"dtrmm_RNUU\" -DNO_AFFINITY -I../.. -DDOUBLE  -UCOMPLEX -UCOMPLEX -DDOUBLE -UTRANSA -DUPPER -DUNIT trmm_R.c -o dtrmm_RNUU.o
cc -c -O2 -DMAX_STACK_ALLOC=2048 -Wall -m64 -DF_INTERFACE_GFORT -fPIC -DNO_LAPACK -DNO_LAPACKE -DSMP_SERVER -DNO_WARMUP -DMAX_CPU_NUMBER=4 -DMAX_PARALLEL_NUMBER=1 -DBUILD_SINGLE=1 -DBUILD_DOUBLE=1 -DBUILD_COMPLEX=1 -DBUILD_COMPLEX16=1 -DVERSION=\"0.3.17.dev\" -msse3 -mssse3 -msse4.1 -mavx -mavx2 -mavx2 -UASMNAME -UASMFNAME -UNAME -UCNAME -UCHAR_NAME -UCHAR_CNAME -DASMNAME=dtrmm_RNUN -DASMFNAME=dtrmm_RNUN_ -DNAME=dtrmm_RNUN_ -DCNAME=dtrmm_RNUN -DCHAR_NAME=\"dtrmm_RNUN_\" -DCHAR_CNAME=\"dtrmm_RNUN\" -DNO_AFFINITY -I../.. -DDOUBLE  -UCOMPLEX -UCOMPLEX -DDOUBLE -UTRANSA -DUPPER -UUNIT trmm_R.c -o dtrmm_RNUN.o
cc -c -O2 -DMAX_STACK_ALLOC=2048 -Wall -m64 -DF_INTERFACE_GFORT -fPIC -DNO_LAPACK -DNO_LAPACKE -DSMP_SERVER -DNO_WARMUP -DMAX_CPU_NUMBER=4 -DMAX_PARALLEL_NUMBER=1 -DBUILD_SINGLE=1 -DBUILD_DOUBLE=1 -DBUILD_COMPLEX=1 -DBUILD_COMPLEX16=1 -DVERSION=\"0.3.17.dev\" -msse3 -mssse3 -msse4.1 -mavx -mavx2 -mavx2 -UASMNAME -UASMFNAME -UNAME -UCNAME -UCHAR_NAME -UCHAR_CNAME -DASMNAME=dtrmm_RNLU -DASMFNAME=dtrmm_RNLU_ -DNAME=dtrmm_RNLU_ -DCNAME=dtrmm_RNLU -DCHAR_NAME=\"dtrmm_RNLU_\" -DCHAR_CNAME=\"dtrmm_RNLU\" -DNO_AFFINITY -I../.. -DDOUBLE  -UCOMPLEX -UCOMPLEX -DDOUBLE -UTRANSA -UUPPER -DUNIT trmm_R.c -o dtrmm_RNLU.o
cc -c -O2 -DMAX_STACK_ALLOC=2048 -Wall -m64 -DF_INTERFACE_GFORT -fPIC -DNO_LAPACK -DNO_LAPACKE -DSMP_SERVER -DNO_WARMUP -DMAX_CPU_NUMBER=4 -DMAX_PARALLEL_NUMBER=1 -DBUILD_SINGLE=1 -DBUILD_DOUBLE=1 -DBUILD_COMPLEX=1 -DBUILD_COMPLEX16=1 -DVERSION=\"0.3.17.dev\" -msse3 -mssse3 -msse4.1 -mavx -mavx2 -mavx2 -UASMNAME -UASMFNAME -UNAME -UCNAME -UCHAR_NAME -UCHAR_CNAME -DASMNAME=dtrmm_RNLN -DASMFNAME=dtrmm_RNLN_ -DNAME=dtrmm_RNLN_ -DCNAME=dtrmm_RNLN -DCHAR_NAME=\"dtrmm_RNLN_\" -DCHAR_CNAME=\"dtrmm_RNLN\" -DNO_AFFINITY -I../.. -DDOUBLE  -UCOMPLEX -UCOMPLEX -DDOUBLE -UTRANSA -UUPPER -UUNIT trmm_R.c -o dtrmm_RNLN.o
cc -c -O2 -DMAX_STACK_ALLOC=2048 -Wall -m64 -DF_INTERFACE_GFORT -fPIC -DNO_LAPACK -DNO_LAPACKE -DSMP_SERVER -DNO_WARMUP -DMAX_CPU_NUMBER=4 -DMAX_PARALLEL_NUMBER=1 -DBUILD_SINGLE=1 -DBUILD_DOUBLE=1 -DBUILD_COMPLEX=1 -DBUILD_COMPLEX16=1 -DVERSION=\"0.3.17.dev\" -msse3 -mssse3 -msse4.1 -mavx -mavx2 -mavx2 -UASMNAME -UASMFNAME -UNAME -UCNAME -UCHAR_NAME -UCHAR_CNAME -DASMNAME=dtrmm_RTUU -DASMFNAME=dtrmm_RTUU_ -DNAME=dtrmm_RTUU_ -DCNAME=dtrmm_RTUU -DCHAR_NAME=\"dtrmm_RTUU_\" -DCHAR_CNAME=\"dtrmm_RTUU\" -DNO_AFFINITY -I../.. -DDOUBLE  -UCOMPLEX -UCOMPLEX -DDOUBLE -DTRANSA -DUPPER -DUNIT trmm_R.c -o dtrmm_RTUU.o
cc -c -O2 -DMAX_STACK_ALLOC=2048 -Wall -m64 -DF_INTERFACE_GFORT -fPIC -DNO_LAPACK -DNO_LAPACKE -DSMP_SERVER -DNO_WARMUP -DMAX_CPU_NUMBER=4 -DMAX_PARALLEL_NUMBER=1 -DBUILD_SINGLE=1 -DBUILD_DOUBLE=1 -DBUILD_COMPLEX=1 -DBUILD_COMPLEX16=1 -DVERSION=\"0.3.17.dev\" -msse3 -mssse3 -msse4.1 -mavx -mavx2 -mavx2 -UASMNAME -UASMFNAME -UNAME -UCNAME -UCHAR_NAME -UCHAR_CNAME -DASMNAME=dtrmm_RTUN -DASMFNAME=dtrmm_RTUN_ -DNAME=dtrmm_RTUN_ -DCNAME=dtrmm_RTUN -DCHAR_NAME=\"dtrmm_RTUN_\" -DCHAR_CNAME=\"dtrmm_RTUN\" -DNO_AFFINITY -I../.. -DDOUBLE  -UCOMPLEX -UCOMPLEX -DDOUBLE -DTRANSA -DUPPER -UUNIT trmm_R.c -o dtrmm_RTUN.o
cc -c -O2 -DMAX_STACK_ALLOC=2048 -Wall -m64 -DF_INTERFACE_GFORT -fPIC -DNO_LAPACK -DNO_LAPACKE -DSMP_SERVER -DNO_WARMUP -DMAX_CPU_NUMBER=4 -DMAX_PARALLEL_NUMBER=1 -DBUILD_SINGLE=1 -DBUILD_DOUBLE=1 -DBUILD_COMPLEX=1 -DBUILD_COMPLEX16=1 -DVERSION=\"0.3.17.dev\" -msse3 -mssse3 -msse4.1 -mavx -mavx2 -mavx2 -UASMNAME -UASMFNAME -UNAME -UCNAME -UCHAR_NAME -UCHAR_CNAME -DASMNAME=dtrmm_RTLU -DASMFNAME=dtrmm_RTLU_ -DNAME=dtrmm_RTLU_ -DCNAME=dtrmm_RTLU -DCHAR_NAME=\"dtrmm_RTLU_\" -DCHAR_CNAME=\"dtrmm_RTLU\" -DNO_AFFINITY -I../.. -DDOUBLE  -UCOMPLEX -UCOMPLEX -DDOUBLE -DTRANSA -UUPPER -DUNIT trmm_R.c -o dtrmm_RTLU.o
cc -c -O2 -DMAX_STACK_ALLOC=2048 -Wall -m64 -DF_INTERFACE_GFORT -fPIC -DNO_LAPACK -DNO_LAPACKE -DSMP_SERVER -DNO_WARMUP -DMAX_CPU_NUMBER=4 -DMAX_PARALLEL_NUMBER=1 -DBUILD_SINGLE=1 -DBUILD_DOUBLE=1 -DBUILD_COMPLEX=1 -DBUILD_COMPLEX16=1 -DVERSION=\"0.3.17.dev\" -msse3 -mssse3 -msse4.1 -mavx -mavx2 -mavx2 -UASMNAME -UASMFNAME -UNAME -UCNAME -UCHAR_NAME -UCHAR_CNAME -DASMNAME=dtrmm_RTLN -DASMFNAME=dtrmm_RTLN_ -DNAME=dtrmm_RTLN_ -DCNAME=dtrmm_RTLN -DCHAR_NAME=\"dtrmm_RTLN_\" -DCHAR_CNAME=\"dtrmm_RTLN\" -DNO_AFFINITY -I../.. -DDOUBLE  -UCOMPLEX -UCOMPLEX -DDOUBLE -DTRANSA -UUPPER -UUNIT trmm_R.c -o dtrmm_RTLN.o
cc -c -O2 -DMAX_STACK_ALLOC=2048 -Wall -m64 -DF_INTERFACE_GFORT -fPIC -DNO_LAPACK -DNO_LAPACKE -DSMP_SERVER -DNO_WARMUP -DMAX_CPU_NUMBER=4 -DMAX_PARALLEL_NUMBER=1 -DBUILD_SINGLE=1 -DBUILD_DOUBLE=1 -DBUILD_COMPLEX=1 -DBUILD_COMPLEX16=1 -DVERSION=\"0.3.17.dev\" -msse3 -mssse3 -msse4.1 -mavx -mavx2 -mavx2 -UASMNAME -UASMFNAME -UNAME -UCNAME -UCHAR_NAME -UCHAR_CNAME -DASMNAME=dtrsm_LNUU -DASMFNAME=dtrsm_LNUU_ -DNAME=dtrsm_LNUU_ -DCNAME=dtrsm_LNUU -DCHAR_NAME=\"dtrsm_LNUU_\" -DCHAR_CNAME=\"dtrsm_LNUU\" -DNO_AFFINITY -I../.. -DDOUBLE  -UCOMPLEX -UCOMPLEX -DDOUBLE -UTRANSA -DUPPER -DUNIT trsm_L.c -o dtrsm_LNUU.o
cc -c -O2 -DMAX_STACK_ALLOC=2048 -Wall -m64 -DF_INTERFACE_GFORT -fPIC -DNO_LAPACK -DNO_LAPACKE -DSMP_SERVER -DNO_WARMUP -DMAX_CPU_NUMBER=4 -DMAX_PARALLEL_NUMBER=1 -DBUILD_SINGLE=1 -DBUILD_DOUBLE=1 -DBUILD_COMPLEX=1 -DBUILD_COMPLEX16=1 -DVERSION=\"0.3.17.dev\" -msse3 -mssse3 -msse4.1 -mavx -mavx2 -mavx2 -UASMNAME -UASMFNAME -UNAME -UCNAME -UCHAR_NAME -UCHAR_CNAME -DASMNAME=dtrsm_LNUN -DASMFNAME=dtrsm_LNUN_ -DNAME=dtrsm_LNUN_ -DCNAME=dtrsm_LNUN -DCHAR_NAME=\"dtrsm_LNUN_\" -DCHAR_CNAME=\"dtrsm_LNUN\" -DNO_AFFINITY -I../.. -DDOUBLE  -UCOMPLEX -UCOMPLEX -DDOUBLE -UTRANSA -DUPPER -UUNIT trsm_L.c -o dtrsm_LNUN.o
cc -c -O2 -DMAX_STACK_ALLOC=2048 -Wall -m64 -DF_INTERFACE_GFORT -fPIC -DNO_LAPACK -DNO_LAPACKE -DSMP_SERVER -DNO_WARMUP -DMAX_CPU_NUMBER=4 -DMAX_PARALLEL_NUMBER=1 -DBUILD_SINGLE=1 -DBUILD_DOUBLE=1 -DBUILD_COMPLEX=1 -DBUILD_COMPLEX16=1 -DVERSION=\"0.3.17.dev\" -msse3 -mssse3 -msse4.1 -mavx -mavx2 -mavx2 -UASMNAME -UASMFNAME -UNAME -UCNAME -UCHAR_NAME -UCHAR_CNAME -DASMNAME=dtrsm_LNLU -DASMFNAME=dtrsm_LNLU_ -DNAME=dtrsm_LNLU_ -DCNAME=dtrsm_LNLU -DCHAR_NAME=\"dtrsm_LNLU_\" -DCHAR_CNAME=\"dtrsm_LNLU\" -DNO_AFFINITY -I../.. -DDOUBLE  -UCOMPLEX -UCOMPLEX -DDOUBLE -UTRANSA -UUPPER -DUNIT trsm_L.c -o dtrsm_LNLU.o
cc -c -O2 -DMAX_STACK_ALLOC=2048 -Wall -m64 -DF_INTERFACE_GFORT -fPIC -DNO_LAPACK -DNO_LAPACKE -DSMP_SERVER -DNO_WARMUP -DMAX_CPU_NUMBER=4 -DMAX_PARALLEL_NUMBER=1 -DBUILD_SINGLE=1 -DBUILD_DOUBLE=1 -DBUILD_COMPLEX=1 -DBUILD_COMPLEX16=1 -DVERSION=\"0.3.17.dev\" -msse3 -mssse3 -msse4.1 -mavx -mavx2 -mavx2 -UASMNAME -UASMFNAME -UNAME -UCNAME -UCHAR_NAME -UCHAR_CNAME -DASMNAME=dtrsm_LNLN -DASMFNAME=dtrsm_LNLN_ -DNAME=dtrsm_LNLN_ -DCNAME=dtrsm_LNLN -DCHAR_NAME=\"dtrsm_LNLN_\" -DCHAR_CNAME=\"dtrsm_LNLN\" -DNO_AFFINITY -I../.. -DDOUBLE  -UCOMPLEX -UCOMPLEX -DDOUBLE -UTRANSA -UUPPER -UUNIT trsm_L.c -o dtrsm_LNLN.o
cc -c -O2 -DMAX_STACK_ALLOC=2048 -Wall -m64 -DF_INTERFACE_GFORT -fPIC -DNO_LAPACK -DNO_LAPACKE -DSMP_SERVER -DNO_WARMUP -DMAX_CPU_NUMBER=4 -DMAX_PARALLEL_NUMBER=1 -DBUILD_SINGLE=1 -DBUILD_DOUBLE=1 -DBUILD_COMPLEX=1 -DBUILD_COMPLEX16=1 -DVERSION=\"0.3.17.dev\" -msse3 -mssse3 -msse4.1 -mavx -mavx2 -mavx2 -UASMNAME -UASMFNAME -UNAME -UCNAME -UCHAR_NAME -UCHAR_CNAME -DASMNAME=dtrsm_LTUU -DASMFNAME=dtrsm_LTUU_ -DNAME=dtrsm_LTUU_ -DCNAME=dtrsm_LTUU -DCHAR_NAME=\"dtrsm_LTUU_\" -DCHAR_CNAME=\"dtrsm_LTUU\" -DNO_AFFINITY -I../.. -DDOUBLE  -UCOMPLEX -UCOMPLEX -DDOUBLE -DTRANSA -DUPPER -DUNIT trsm_L.c -o dtrsm_LTUU.o
cc -c -O2 -DMAX_STACK_ALLOC=2048 -Wall -m64 -DF_INTERFACE_GFORT -fPIC -DNO_LAPACK -DNO_LAPACKE -DSMP_SERVER -DNO_WARMUP -DMAX_CPU_NUMBER=4 -DMAX_PARALLEL_NUMBER=1 -DBUILD_SINGLE=1 -DBUILD_DOUBLE=1 -DBUILD_COMPLEX=1 -DBUILD_COMPLEX16=1 -DVERSION=\"0.3.17.dev\" -msse3 -mssse3 -msse4.1 -mavx -mavx2 -mavx2 -UASMNAME -UASMFNAME -UNAME -UCNAME -UCHAR_NAME -UCHAR_CNAME -DASMNAME=dtrsm_LTUN -DASMFNAME=dtrsm_LTUN_ -DNAME=dtrsm_LTUN_ -DCNAME=dtrsm_LTUN -DCHAR_NAME=\"dtrsm_LTUN_\" -DCHAR_CNAME=\"dtrsm_LTUN\" -DNO_AFFINITY -I../.. -DDOUBLE  -UCOMPLEX -UCOMPLEX -DDOUBLE -DTRANSA -DUPPER -UUNIT trsm_L.c -o dtrsm_LTUN.o
cc -c -O2 -DMAX_STACK_ALLOC=2048 -Wall -m64 -DF_INTERFACE_GFORT -fPIC -DNO_LAPACK -DNO_LAPACKE -DSMP_SERVER -DNO_WARMUP -DMAX_CPU_NUMBER=4 -DMAX_PARALLEL_NUMBER=1 -DBUILD_SINGLE=1 -DBUILD_DOUBLE=1 -DBUILD_COMPLEX=1 -DBUILD_COMPLEX16=1 -DVERSION=\"0.3.17.dev\" -msse3 -mssse3 -msse4.1 -mavx -mavx2 -mavx2 -UASMNAME -UASMFNAME -UNAME -UCNAME -UCHAR_NAME -UCHAR_CNAME -DASMNAME=dtrsm_LTLU -DASMFNAME=dtrsm_LTLU_ -DNAME=dtrsm_LTLU_ -DCNAME=dtrsm_LTLU -DCHAR_NAME=\"dtrsm_LTLU_\" -DCHAR_CNAME=\"dtrsm_LTLU\" -DNO_AFFINITY -I../.. -DDOUBLE  -UCOMPLEX -UCOMPLEX -DDOUBLE -DTRANSA -UUPPER -DUNIT trsm_L.c -o dtrsm_LTLU.o
cc -c -O2 -DMAX_STACK_ALLOC=2048 -Wall -m64 -DF_INTERFACE_GFORT -fPIC -DNO_LAPACK -DNO_LAPACKE -DSMP_SERVER -DNO_WARMUP -DMAX_CPU_NUMBER=4 -DMAX_PARALLEL_NUMBER=1 -DBUILD_SINGLE=1 -DBUILD_DOUBLE=1 -DBUILD_COMPLEX=1 -DBUILD_COMPLEX16=1 -DVERSION=\"0.3.17.dev\" -msse3 -mssse3 -msse4.1 -mavx -mavx2 -mavx2 -UASMNAME -UASMFNAME -UNAME -UCNAME -UCHAR_NAME -UCHAR_CNAME -DASMNAME=dtrsm_LTLN -DASMFNAME=dtrsm_LTLN_ -DNAME=dtrsm_LTLN_ -DCNAME=dtrsm_LTLN -DCHAR_NAME=\"dtrsm_LTLN_\" -DCHAR_CNAME=\"dtrsm_LTLN\" -DNO_AFFINITY -I../.. -DDOUBLE  -UCOMPLEX -UCOMPLEX -DDOUBLE -DTRANSA -UUPPER -UUNIT trsm_L.c -o dtrsm_LTLN.o
cc -c -O2 -DMAX_STACK_ALLOC=2048 -Wall -m64 -DF_INTERFACE_GFORT -fPIC -DNO_LAPACK -DNO_LAPACKE -DSMP_SERVER -DNO_WARMUP -DMAX_CPU_NUMBER=4 -DMAX_PARALLEL_NUMBER=1 -DBUILD_SINGLE=1 -DBUILD_DOUBLE=1 -DBUILD_COMPLEX=1 -DBUILD_COMPLEX16=1 -DVERSION=\"0.3.17.dev\" -msse3 -mssse3 -msse4.1 -mavx -mavx2 -mavx2 -UASMNAME -UASMFNAME -UNAME -UCNAME -UCHAR_NAME -UCHAR_CNAME -DASMNAME=dtrsm_RNUU -DASMFNAME=dtrsm_RNUU_ -DNAME=dtrsm_RNUU_ -DCNAME=dtrsm_RNUU -DCHAR_NAME=\"dtrsm_RNUU_\" -DCHAR_CNAME=\"dtrsm_RNUU\" -DNO_AFFINITY -I../.. -DDOUBLE  -UCOMPLEX -UCOMPLEX -DDOUBLE -UTRANSA -DUPPER -DUNIT trsm_R.c -o dtrsm_RNUU.o
cc -c -O2 -DMAX_STACK_ALLOC=2048 -Wall -m64 -DF_INTERFACE_GFORT -fPIC -DNO_LAPACK -DNO_LAPACKE -DSMP_SERVER -DNO_WARMUP -DMAX_CPU_NUMBER=4 -DMAX_PARALLEL_NUMBER=1 -DBUILD_SINGLE=1 -DBUILD_DOUBLE=1 -DBUILD_COMPLEX=1 -DBUILD_COMPLEX16=1 -DVERSION=\"0.3.17.dev\" -msse3 -mssse3 -msse4.1 -mavx -mavx2 -mavx2 -UASMNAME -UASMFNAME -UNAME -UCNAME -UCHAR_NAME -UCHAR_CNAME -DASMNAME=dtrsm_RNUN -DASMFNAME=dtrsm_RNUN_ -DNAME=dtrsm_RNUN_ -DCNAME=dtrsm_RNUN -DCHAR_NAME=\"dtrsm_RNUN_\" -DCHAR_CNAME=\"dtrsm_RNUN\" -DNO_AFFINITY -I../.. -DDOUBLE  -UCOMPLEX -UCOMPLEX -DDOUBLE -UTRANSA -DUPPER -UUNIT trsm_R.c -o dtrsm_RNUN.o
cc -c -O2 -DMAX_STACK_ALLOC=2048 -Wall -m64 -DF_INTERFACE_GFORT -fPIC -DNO_LAPACK -DNO_LAPACKE -DSMP_SERVER -DNO_WARMUP -DMAX_CPU_NUMBER=4 -DMAX_PARALLEL_NUMBER=1 -DBUILD_SINGLE=1 -DBUILD_DOUBLE=1 -DBUILD_COMPLEX=1 -DBUILD_COMPLEX16=1 -DVERSION=\"0.3.17.dev\" -msse3 -mssse3 -msse4.1 -mavx -mavx2 -mavx2 -UASMNAME -UASMFNAME -UNAME -UCNAME -UCHAR_NAME -UCHAR_CNAME -DASMNAME=dtrsm_RNLU -DASMFNAME=dtrsm_RNLU_ -DNAME=dtrsm_RNLU_ -DCNAME=dtrsm_RNLU -DCHAR_NAME=\"dtrsm_RNLU_\" -DCHAR_CNAME=\"dtrsm_RNLU\" -DNO_AFFINITY -I../.. -DDOUBLE  -UCOMPLEX -UCOMPLEX -DDOUBLE -UTRANSA -UUPPER -DUNIT trsm_R.c -o dtrsm_RNLU.o
cc -c -O2 -DMAX_STACK_ALLOC=2048 -Wall -m64 -DF_INTERFACE_GFORT -fPIC -DNO_LAPACK -DNO_LAPACKE -DSMP_SERVER -DNO_WARMUP -DMAX_CPU_NUMBER=4 -DMAX_PARALLEL_NUMBER=1 -DBUILD_SINGLE=1 -DBUILD_DOUBLE=1 -DBUILD_COMPLEX=1 -DBUILD_COMPLEX16=1 -DVERSION=\"0.3.17.dev\" -msse3 -mssse3 -msse4.1 -mavx -mavx2 -mavx2 -UASMNAME -UASMFNAME -UNAME -UCNAME -UCHAR_NAME -UCHAR_CNAME -DASMNAME=dtrsm_RNLN -DASMFNAME=dtrsm_RNLN_ -DNAME=dtrsm_RNLN_ -DCNAME=dtrsm_RNLN -DCHAR_NAME=\"dtrsm_RNLN_\" -DCHAR_CNAME=\"dtrsm_RNLN\" -DNO_AFFINITY -I../.. -DDOUBLE  -UCOMPLEX -UCOMPLEX -DDOUBLE -UTRANSA -UUPPER -UUNIT trsm_R.c -o dtrsm_RNLN.o
cc -c -O2 -DMAX_STACK_ALLOC=2048 -Wall -m64 -DF_INTERFACE_GFORT -fPIC -DNO_LAPACK -DNO_LAPACKE -DSMP_SERVER -DNO_WARMUP -DMAX_CPU_NUMBER=4 -DMAX_PARALLEL_NUMBER=1 -DBUILD_SINGLE=1 -DBUILD_DOUBLE=1 -DBUILD_COMPLEX=1 -DBUILD_COMPLEX16=1 -DVERSION=\"0.3.17.dev\" -msse3 -mssse3 -msse4.1 -mavx -mavx2 -mavx2 -UASMNAME -UASMFNAME -UNAME -UCNAME -UCHAR_NAME -UCHAR_CNAME -DASMNAME=dtrsm_RTUU -DASMFNAME=dtrsm_RTUU_ -DNAME=dtrsm_RTUU_ -DCNAME=dtrsm_RTUU -DCHAR_NAME=\"dtrsm_RTUU_\" -DCHAR_CNAME=\"dtrsm_RTUU\" -DNO_AFFINITY -I../.. -DDOUBLE  -UCOMPLEX -UCOMPLEX -DDOUBLE -DTRANSA -DUPPER -DUNIT trsm_R.c -o dtrsm_RTUU.o
cc -c -O2 -DMAX_STACK_ALLOC=2048 -Wall -m64 -DF_INTERFACE_GFORT -fPIC -DNO_LAPACK -DNO_LAPACKE -DSMP_SERVER -DNO_WARMUP -DMAX_CPU_NUMBER=4 -DMAX_PARALLEL_NUMBER=1 -DBUILD_SINGLE=1 -DBUILD_DOUBLE=1 -DBUILD_COMPLEX=1 -DBUILD_COMPLEX16=1 -DVERSION=\"0.3.17.dev\" -msse3 -mssse3 -msse4.1 -mavx -mavx2 -mavx2 -UASMNAME -UASMFNAME -UNAME -UCNAME -UCHAR_NAME -UCHAR_CNAME -DASMNAME=dtrsm_RTUN -DASMFNAME=dtrsm_RTUN_ -DNAME=dtrsm_RTUN_ -DCNAME=dtrsm_RTUN -DCHAR_NAME=\"dtrsm_RTUN_\" -DCHAR_CNAME=\"dtrsm_RTUN\" -DNO_AFFINITY -I../.. -DDOUBLE  -UCOMPLEX -UCOMPLEX -DDOUBLE -DTRANSA -DUPPER -UUNIT trsm_R.c -o dtrsm_RTUN.o
cc -c -O2 -DMAX_STACK_ALLOC=2048 -Wall -m64 -DF_INTERFACE_GFORT -fPIC -DNO_LAPACK -DNO_LAPACKE -DSMP_SERVER -DNO_WARMUP -DMAX_CPU_NUMBER=4 -DMAX_PARALLEL_NUMBER=1 -DBUILD_SINGLE=1 -DBUILD_DOUBLE=1 -DBUILD_COMPLEX=1 -DBUILD_COMPLEX16=1 -DVERSION=\"0.3.17.dev\" -msse3 -mssse3 -msse4.1 -mavx -mavx2 -mavx2 -UASMNAME -UASMFNAME -UNAME -UCNAME -UCHAR_NAME -UCHAR_CNAME -DASMNAME=dtrsm_RTLU -DASMFNAME=dtrsm_RTLU_ -DNAME=dtrsm_RTLU_ -DCNAME=dtrsm_RTLU -DCHAR_NAME=\"dtrsm_RTLU_\" -DCHAR_CNAME=\"dtrsm_RTLU\" -DNO_AFFINITY -I../.. -DDOUBLE  -UCOMPLEX -UCOMPLEX -DDOUBLE -DTRANSA -UUPPER -DUNIT trsm_R.c -o dtrsm_RTLU.o
cc -c -O2 -DMAX_STACK_ALLOC=2048 -Wall -m64 -DF_INTERFACE_GFORT -fPIC -DNO_LAPACK -DNO_LAPACKE -DSMP_SERVER -DNO_WARMUP -DMAX_CPU_NUMBER=4 -DMAX_PARALLEL_NUMBER=1 -DBUILD_SINGLE=1 -DBUILD_DOUBLE=1 -DBUILD_COMPLEX=1 -DBUILD_COMPLEX16=1 -DVERSION=\"0.3.17.dev\" -msse3 -mssse3 -msse4.1 -mavx -mavx2 -mavx2 -UASMNAME -UASMFNAME -UNAME -UCNAME -UCHAR_NAME -UCHAR_CNAME -DASMNAME=dtrsm_RTLN -DASMFNAME=dtrsm_RTLN_ -DNAME=dtrsm_RTLN_ -DCNAME=dtrsm_RTLN -DCHAR_NAME=\"dtrsm_RTLN_\" -DCHAR_CNAME=\"dtrsm_RTLN\" -DNO_AFFINITY -I../.. -DDOUBLE  -UCOMPLEX -UCOMPLEX -DDOUBLE -DTRANSA -UUPPER -UUNIT trsm_R.c -o dtrsm_RTLN.o
cc -c -O2 -DMAX_STACK_ALLOC=2048 -Wall -m64 -DF_INTERFACE_GFORT -fPIC -DNO_LAPACK -DNO_LAPACKE -DSMP_SERVER -DNO_WARMUP -DMAX_CPU_NUMBER=4 -DMAX_PARALLEL_NUMBER=1 -DBUILD_SINGLE=1 -DBUILD_DOUBLE=1 -DBUILD_COMPLEX=1 -DBUILD_COMPLEX16=1 -DVERSION=\"0.3.17.dev\" -msse3 -mssse3 -msse4.1 -mavx -mavx2 -mavx2 -UASMNAME -UASMFNAME -UNAME -UCNAME -UCHAR_NAME -UCHAR_CNAME -DASMNAME=dsymm_LU -DASMFNAME=dsymm_LU_ -DNAME=dsymm_LU_ -DCNAME=dsymm_LU -DCHAR_NAME=\"dsymm_LU_\" -DCHAR_CNAME=\"dsymm_LU\" -DNO_AFFINITY -I../.. -DDOUBLE  -UCOMPLEX -DDOUBLE -UCOMPLEX -ULOWER -URSIDE -DNN symm_k.c -o dsymm_LU.o
cc -c -O2 -DMAX_STACK_ALLOC=2048 -Wall -m64 -DF_INTERFACE_GFORT -fPIC -DNO_LAPACK -DNO_LAPACKE -DSMP_SERVER -DNO_WARMUP -DMAX_CPU_NUMBER=4 -DMAX_PARALLEL_NUMBER=1 -DBUILD_SINGLE=1 -DBUILD_DOUBLE=1 -DBUILD_COMPLEX=1 -DBUILD_COMPLEX16=1 -DVERSION=\"0.3.17.dev\" -msse3 -mssse3 -msse4.1 -mavx -mavx2 -mavx2 -UASMNAME -UASMFNAME -UNAME -UCNAME -UCHAR_NAME -UCHAR_CNAME -DASMNAME=dsymm_LL -DASMFNAME=dsymm_LL_ -DNAME=dsymm_LL_ -DCNAME=dsymm_LL -DCHAR_NAME=\"dsymm_LL_\" -DCHAR_CNAME=\"dsymm_LL\" -DNO_AFFINITY -I../.. -DDOUBLE  -UCOMPLEX -DDOUBLE -UCOMPLEX -DLOWER -URSIDE -DNN symm_k.c -o dsymm_LL.o
cc -c -O2 -DMAX_STACK_ALLOC=2048 -Wall -m64 -DF_INTERFACE_GFORT -fPIC -DNO_LAPACK -DNO_LAPACKE -DSMP_SERVER -DNO_WARMUP -DMAX_CPU_NUMBER=4 -DMAX_PARALLEL_NUMBER=1 -DBUILD_SINGLE=1 -DBUILD_DOUBLE=1 -DBUILD_COMPLEX=1 -DBUILD_COMPLEX16=1 -DVERSION=\"0.3.17.dev\" -msse3 -mssse3 -msse4.1 -mavx -mavx2 -mavx2 -UASMNAME -UASMFNAME -UNAME -UCNAME -UCHAR_NAME -UCHAR_CNAME -DASMNAME=dsymm_RU -DASMFNAME=dsymm_RU_ -DNAME=dsymm_RU_ -DCNAME=dsymm_RU -DCHAR_NAME=\"dsymm_RU_\" -DCHAR_CNAME=\"dsymm_RU\" -DNO_AFFINITY -I../.. -DDOUBLE  -UCOMPLEX -DDOUBLE -UCOMPLEX -ULOWER -DRSIDE -DNN symm_k.c -o dsymm_RU.o
cc -c -O2 -DMAX_STACK_ALLOC=2048 -Wall -m64 -DF_INTERFACE_GFORT -fPIC -DNO_LAPACK -DNO_LAPACKE -DSMP_SERVER -DNO_WARMUP -DMAX_CPU_NUMBER=4 -DMAX_PARALLEL_NUMBER=1 -DBUILD_SINGLE=1 -DBUILD_DOUBLE=1 -DBUILD_COMPLEX=1 -DBUILD_COMPLEX16=1 -DVERSION=\"0.3.17.dev\" -msse3 -mssse3 -msse4.1 -mavx -mavx2 -mavx2 -UASMNAME -UASMFNAME -UNAME -UCNAME -UCHAR_NAME -UCHAR_CNAME -DASMNAME=dsymm_RL -DASMFNAME=dsymm_RL_ -DNAME=dsymm_RL_ -DCNAME=dsymm_RL -DCHAR_NAME=\"dsymm_RL_\" -DCHAR_CNAME=\"dsymm_RL\" -DNO_AFFINITY -I../.. -DDOUBLE  -UCOMPLEX -DDOUBLE -UCOMPLEX -DLOWER -DRSIDE -DNN symm_k.c -o dsymm_RL.o
cc -c -O2 -DMAX_STACK_ALLOC=2048 -Wall -m64 -DF_INTERFACE_GFORT -fPIC -DNO_LAPACK -DNO_LAPACKE -DSMP_SERVER -DNO_WARMUP -DMAX_CPU_NUMBER=4 -DMAX_PARALLEL_NUMBER=1 -DBUILD_SINGLE=1 -DBUILD_DOUBLE=1 -DBUILD_COMPLEX=1 -DBUILD_COMPLEX16=1 -DVERSION=\"0.3.17.dev\" -msse3 -mssse3 -msse4.1 -mavx -mavx2 -mavx2 -UASMNAME -UASMFNAME -UNAME -UCNAME -UCHAR_NAME -UCHAR_CNAME -DASMNAME=dsyrk_UN -DASMFNAME=dsyrk_UN_ -DNAME=dsyrk_UN_ -DCNAME=dsyrk_UN -DCHAR_NAME=\"dsyrk_UN_\" -DCHAR_CNAME=\"dsyrk_UN\" -DNO_AFFINITY -I../.. -DDOUBLE  -UCOMPLEX -DDOUBLE -UCOMPLEX -ULOWER -UTRANS syrk_k.c -o dsyrk_UN.o
cc -c -O2 -DMAX_STACK_ALLOC=2048 -Wall -m64 -DF_INTERFACE_GFORT -fPIC -DNO_LAPACK -DNO_LAPACKE -DSMP_SERVER -DNO_WARMUP -DMAX_CPU_NUMBER=4 -DMAX_PARALLEL_NUMBER=1 -DBUILD_SINGLE=1 -DBUILD_DOUBLE=1 -DBUILD_COMPLEX=1 -DBUILD_COMPLEX16=1 -DVERSION=\"0.3.17.dev\" -msse3 -mssse3 -msse4.1 -mavx -mavx2 -mavx2 -UASMNAME -UASMFNAME -UNAME -UCNAME -UCHAR_NAME -UCHAR_CNAME -DASMNAME=dsyrk_UT -DASMFNAME=dsyrk_UT_ -DNAME=dsyrk_UT_ -DCNAME=dsyrk_UT -DCHAR_NAME=\"dsyrk_UT_\" -DCHAR_CNAME=\"dsyrk_UT\" -DNO_AFFINITY -I../.. -DDOUBLE  -UCOMPLEX -DDOUBLE -UCOMPLEX -ULOWER -DTRANS syrk_k.c -o dsyrk_UT.o
cc -c -O2 -DMAX_STACK_ALLOC=2048 -Wall -m64 -DF_INTERFACE_GFORT -fPIC -DNO_LAPACK -DNO_LAPACKE -DSMP_SERVER -DNO_WARMUP -DMAX_CPU_NUMBER=4 -DMAX_PARALLEL_NUMBER=1 -DBUILD_SINGLE=1 -DBUILD_DOUBLE=1 -DBUILD_COMPLEX=1 -DBUILD_COMPLEX16=1 -DVERSION=\"0.3.17.dev\" -msse3 -mssse3 -msse4.1 -mavx -mavx2 -mavx2 -UASMNAME -UASMFNAME -UNAME -UCNAME -UCHAR_NAME -UCHAR_CNAME -DASMNAME=dsyrk_LN -DASMFNAME=dsyrk_LN_ -DNAME=dsyrk_LN_ -DCNAME=dsyrk_LN -DCHAR_NAME=\"dsyrk_LN_\" -DCHAR_CNAME=\"dsyrk_LN\" -DNO_AFFINITY -I../.. -DDOUBLE  -UCOMPLEX -DDOUBLE -UCOMPLEX -DLOWER -UTRANS syrk_k.c -o dsyrk_LN.o
cc -c -O2 -DMAX_STACK_ALLOC=2048 -Wall -m64 -DF_INTERFACE_GFORT -fPIC -DNO_LAPACK -DNO_LAPACKE -DSMP_SERVER -DNO_WARMUP -DMAX_CPU_NUMBER=4 -DMAX_PARALLEL_NUMBER=1 -DBUILD_SINGLE=1 -DBUILD_DOUBLE=1 -DBUILD_COMPLEX=1 -DBUILD_COMPLEX16=1 -DVERSION=\"0.3.17.dev\" -msse3 -mssse3 -msse4.1 -mavx -mavx2 -mavx2 -UASMNAME -UASMFNAME -UNAME -UCNAME -UCHAR_NAME -UCHAR_CNAME -DASMNAME=dsyrk_LT -DASMFNAME=dsyrk_LT_ -DNAME=dsyrk_LT_ -DCNAME=dsyrk_LT -DCHAR_NAME=\"dsyrk_LT_\" -DCHAR_CNAME=\"dsyrk_LT\" -DNO_AFFINITY -I../.. -DDOUBLE  -UCOMPLEX -DDOUBLE -UCOMPLEX -DLOWER -DTRANS syrk_k.c -o dsyrk_LT.o
cc -c -O2 -DMAX_STACK_ALLOC=2048 -Wall -m64 -DF_INTERFACE_GFORT -fPIC -DNO_LAPACK -DNO_LAPACKE -DSMP_SERVER -DNO_WARMUP -DMAX_CPU_NUMBER=4 -DMAX_PARALLEL_NUMBER=1 -DBUILD_SINGLE=1 -DBUILD_DOUBLE=1 -DBUILD_COMPLEX=1 -DBUILD_COMPLEX16=1 -DVERSION=\"0.3.17.dev\" -msse3 -mssse3 -msse4.1 -mavx -mavx2 -mavx2 -UASMNAME -UASMFNAME -UNAME -UCNAME -UCHAR_NAME -UCHAR_CNAME -DASMNAME=dsyr2k_UN -DASMFNAME=dsyr2k_UN_ -DNAME=dsyr2k_UN_ -DCNAME=dsyr2k_UN -DCHAR_NAME=\"dsyr2k_UN_\" -DCHAR_CNAME=\"dsyr2k_UN\" -DNO_AFFINITY -I../.. -DDOUBLE  -UCOMPLEX -DDOUBLE -UCOMPLEX -ULOWER -UTRANS syr2k_k.c -o dsyr2k_UN.o
cc -c -O2 -DMAX_STACK_ALLOC=2048 -Wall -m64 -DF_INTERFACE_GFORT -fPIC -DNO_LAPACK -DNO_LAPACKE -DSMP_SERVER -DNO_WARMUP -DMAX_CPU_NUMBER=4 -DMAX_PARALLEL_NUMBER=1 -DBUILD_SINGLE=1 -DBUILD_DOUBLE=1 -DBUILD_COMPLEX=1 -DBUILD_COMPLEX16=1 -DVERSION=\"0.3.17.dev\" -msse3 -mssse3 -msse4.1 -mavx -mavx2 -mavx2 -UASMNAME -UASMFNAME -UNAME -UCNAME -UCHAR_NAME -UCHAR_CNAME -DASMNAME=dsyr2k_UT -DASMFNAME=dsyr2k_UT_ -DNAME=dsyr2k_UT_ -DCNAME=dsyr2k_UT -DCHAR_NAME=\"dsyr2k_UT_\" -DCHAR_CNAME=\"dsyr2k_UT\" -DNO_AFFINITY -I../.. -DDOUBLE  -UCOMPLEX -DDOUBLE -UCOMPLEX -ULOWER -DTRANS syr2k_k.c -o dsyr2k_UT.o
cc -c -O2 -DMAX_STACK_ALLOC=2048 -Wall -m64 -DF_INTERFACE_GFORT -fPIC -DNO_LAPACK -DNO_LAPACKE -DSMP_SERVER -DNO_WARMUP -DMAX_CPU_NUMBER=4 -DMAX_PARALLEL_NUMBER=1 -DBUILD_SINGLE=1 -DBUILD_DOUBLE=1 -DBUILD_COMPLEX=1 -DBUILD_COMPLEX16=1 -DVERSION=\"0.3.17.dev\" -msse3 -mssse3 -msse4.1 -mavx -mavx2 -mavx2 -UASMNAME -UASMFNAME -UNAME -UCNAME -UCHAR_NAME -UCHAR_CNAME -DASMNAME=dsyr2k_LN -DASMFNAME=dsyr2k_LN_ -DNAME=dsyr2k_LN_ -DCNAME=dsyr2k_LN -DCHAR_NAME=\"dsyr2k_LN_\" -DCHAR_CNAME=\"dsyr2k_LN\" -DNO_AFFINITY -I../.. -DDOUBLE  -UCOMPLEX -DDOUBLE -UCOMPLEX -DLOWER -UTRANS syr2k_k.c -o dsyr2k_LN.o
cc -c -O2 -DMAX_STACK_ALLOC=2048 -Wall -m64 -DF_INTERFACE_GFORT -fPIC -DNO_LAPACK -DNO_LAPACKE -DSMP_SERVER -DNO_WARMUP -DMAX_CPU_NUMBER=4 -DMAX_PARALLEL_NUMBER=1 -DBUILD_SINGLE=1 -DBUILD_DOUBLE=1 -DBUILD_COMPLEX=1 -DBUILD_COMPLEX16=1 -DVERSION=\"0.3.17.dev\" -msse3 -mssse3 -msse4.1 -mavx -mavx2 -mavx2 -UASMNAME -UASMFNAME -UNAME -UCNAME -UCHAR_NAME -UCHAR_CNAME -DASMNAME=dsyr2k_LT -DASMFNAME=dsyr2k_LT_ -DNAME=dsyr2k_LT_ -DCNAME=dsyr2k_LT -DCHAR_NAME=\"dsyr2k_LT_\" -DCHAR_CNAME=\"dsyr2k_LT\" -DNO_AFFINITY -I../.. -DDOUBLE  -UCOMPLEX -DDOUBLE -UCOMPLEX -DLOWER -DTRANS syr2k_k.c -o dsyr2k_LT.o
cc -c -O2 -DMAX_STACK_ALLOC=2048 -Wall -m64 -DF_INTERFACE_GFORT -fPIC -DNO_LAPACK -DNO_LAPACKE -DSMP_SERVER -DNO_WARMUP -DMAX_CPU_NUMBER=4 -DMAX_PARALLEL_NUMBER=1 -DBUILD_SINGLE=1 -DBUILD_DOUBLE=1 -DBUILD_COMPLEX=1 -DBUILD_COMPLEX16=1 -DVERSION=\"0.3.17.dev\" -msse3 -mssse3 -msse4.1 -mavx -mavx2 -mavx2 -UASMNAME -UASMFNAME -UNAME -UCNAME -UCHAR_NAME -UCHAR_CNAME -DASMNAME=dsyrk_kernel_U -DASMFNAME=dsyrk_kernel_U_ -DNAME=dsyrk_kernel_U_ -DCNAME=dsyrk_kernel_U -DCHAR_NAME=\"dsyrk_kernel_U_\" -DCHAR_CNAME=\"dsyrk_kernel_U\" -DNO_AFFINITY -I../.. -DDOUBLE  -UCOMPLEX -DDOUBLE -UCOMPLEX -ULOWER syrk_kernel.c -o dsyrk_kernel_U.o
cc -c -O2 -DMAX_STACK_ALLOC=2048 -Wall -m64 -DF_INTERFACE_GFORT -fPIC -DNO_LAPACK -DNO_LAPACKE -DSMP_SERVER -DNO_WARMUP -DMAX_CPU_NUMBER=4 -DMAX_PARALLEL_NUMBER=1 -DBUILD_SINGLE=1 -DBUILD_DOUBLE=1 -DBUILD_COMPLEX=1 -DBUILD_COMPLEX16=1 -DVERSION=\"0.3.17.dev\" -msse3 -mssse3 -msse4.1 -mavx -mavx2 -mavx2 -UASMNAME -UASMFNAME -UNAME -UCNAME -UCHAR_NAME -UCHAR_CNAME -DASMNAME=dsyrk_kernel_L -DASMFNAME=dsyrk_kernel_L_ -DNAME=dsyrk_kernel_L_ -DCNAME=dsyrk_kernel_L -DCHAR_NAME=\"dsyrk_kernel_L_\" -DCHAR_CNAME=\"dsyrk_kernel_L\" -DNO_AFFINITY -I../.. -DDOUBLE  -UCOMPLEX -DDOUBLE -UCOMPLEX -DLOWER syrk_kernel.c -o dsyrk_kernel_L.o
cc -c -O2 -DMAX_STACK_ALLOC=2048 -Wall -m64 -DF_INTERFACE_GFORT -fPIC -DNO_LAPACK -DNO_LAPACKE -DSMP_SERVER -DNO_WARMUP -DMAX_CPU_NUMBER=4 -DMAX_PARALLEL_NUMBER=1 -DBUILD_SINGLE=1 -DBUILD_DOUBLE=1 -DBUILD_COMPLEX=1 -DBUILD_COMPLEX16=1 -DVERSION=\"0.3.17.dev\" -msse3 -mssse3 -msse4.1 -mavx -mavx2 -mavx2 -UASMNAME -UASMFNAME -UNAME -UCNAME -UCHAR_NAME -UCHAR_CNAME -DASMNAME=dsyr2k_kernel_U -DASMFNAME=dsyr2k_kernel_U_ -DNAME=dsyr2k_kernel_U_ -DCNAME=dsyr2k_kernel_U -DCHAR_NAME=\"dsyr2k_kernel_U_\" -DCHAR_CNAME=\"dsyr2k_kernel_U\" -DNO_AFFINITY -I../.. -DDOUBLE  -UCOMPLEX -DDOUBLE -UCOMPLEX -ULOWER syr2k_kernel.c -o dsyr2k_kernel_U.o
cc -c -O2 -DMAX_STACK_ALLOC=2048 -Wall -m64 -DF_INTERFACE_GFORT -fPIC -DNO_LAPACK -DNO_LAPACKE -DSMP_SERVER -DNO_WARMUP -DMAX_CPU_NUMBER=4 -DMAX_PARALLEL_NUMBER=1 -DBUILD_SINGLE=1 -DBUILD_DOUBLE=1 -DBUILD_COMPLEX=1 -DBUILD_COMPLEX16=1 -DVERSION=\"0.3.17.dev\" -msse3 -mssse3 -msse4.1 -mavx -mavx2 -mavx2 -UASMNAME -UASMFNAME -UNAME -UCNAME -UCHAR_NAME -UCHAR_CNAME -DASMNAME=dsyr2k_kernel_L -DASMFNAME=dsyr2k_kernel_L_ -DNAME=dsyr2k_kernel_L_ -DCNAME=dsyr2k_kernel_L -DCHAR_NAME=\"dsyr2k_kernel_L_\" -DCHAR_CNAME=\"dsyr2k_kernel_L\" -DNO_AFFINITY -I../.. -DDOUBLE  -UCOMPLEX -DDOUBLE -UCOMPLEX -DLOWER syr2k_kernel.c -o dsyr2k_kernel_L.o
cc -O2 -DMAX_STACK_ALLOC=2048 -Wall -m64 -DF_INTERFACE_GFORT -fPIC -DNO_LAPACK -DNO_LAPACKE -DSMP_SERVER -DNO_WARMUP -DMAX_CPU_NUMBER=4 -DMAX_PARALLEL_NUMBER=1 -DBUILD_SINGLE=1 -DBUILD_DOUBLE=1 -DBUILD_COMPLEX=1 -DBUILD_COMPLEX16=1 -DVERSION=\"0.3.17.dev\" -msse3 -mssse3 -msse4.1 -mavx -mavx2 -mavx2 -UASMNAME -UASMFNAME -UNAME -UCNAME -UCHAR_NAME -UCHAR_CNAME -DASMNAME=dgemm_thread_nn -DASMFNAME=dgemm_thread_nn_ -DNAME=dgemm_thread_nn_ -DCNAME=dgemm_thread_nn -DCHAR_NAME=\"dgemm_thread_nn_\" -DCHAR_CNAME=\"dgemm_thread_nn\" -DNO_AFFINITY -I../.. -DDOUBLE  -UCOMPLEX  -c -DTHREADED_LEVEL3 -DDOUBLE -UCOMPLEX -DNN gemm.c -o dgemm_thread_nn.o
cc -O2 -DMAX_STACK_ALLOC=2048 -Wall -m64 -DF_INTERFACE_GFORT -fPIC -DNO_LAPACK -DNO_LAPACKE -DSMP_SERVER -DNO_WARMUP -DMAX_CPU_NUMBER=4 -DMAX_PARALLEL_NUMBER=1 -DBUILD_SINGLE=1 -DBUILD_DOUBLE=1 -DBUILD_COMPLEX=1 -DBUILD_COMPLEX16=1 -DVERSION=\"0.3.17.dev\" -msse3 -mssse3 -msse4.1 -mavx -mavx2 -mavx2 -UASMNAME -UASMFNAME -UNAME -UCNAME -UCHAR_NAME -UCHAR_CNAME -DASMNAME=dgemm_thread_nt -DASMFNAME=dgemm_thread_nt_ -DNAME=dgemm_thread_nt_ -DCNAME=dgemm_thread_nt -DCHAR_NAME=\"dgemm_thread_nt_\" -DCHAR_CNAME=\"dgemm_thread_nt\" -DNO_AFFINITY -I../.. -DDOUBLE  -UCOMPLEX  -c -DTHREADED_LEVEL3 -DDOUBLE -UCOMPLEX -DNT gemm.c -o dgemm_thread_nt.o
cc -O2 -DMAX_STACK_ALLOC=2048 -Wall -m64 -DF_INTERFACE_GFORT -fPIC -DNO_LAPACK -DNO_LAPACKE -DSMP_SERVER -DNO_WARMUP -DMAX_CPU_NUMBER=4 -DMAX_PARALLEL_NUMBER=1 -DBUILD_SINGLE=1 -DBUILD_DOUBLE=1 -DBUILD_COMPLEX=1 -DBUILD_COMPLEX16=1 -DVERSION=\"0.3.17.dev\" -msse3 -mssse3 -msse4.1 -mavx -mavx2 -mavx2 -UASMNAME -UASMFNAME -UNAME -UCNAME -UCHAR_NAME -UCHAR_CNAME -DASMNAME=dgemm_thread_tn -DASMFNAME=dgemm_thread_tn_ -DNAME=dgemm_thread_tn_ -DCNAME=dgemm_thread_tn -DCHAR_NAME=\"dgemm_thread_tn_\" -DCHAR_CNAME=\"dgemm_thread_tn\" -DNO_AFFINITY -I../.. -DDOUBLE  -UCOMPLEX  -c -DTHREADED_LEVEL3 -DDOUBLE -UCOMPLEX -DTN gemm.c -o dgemm_thread_tn.o
cc -O2 -DMAX_STACK_ALLOC=2048 -Wall -m64 -DF_INTERFACE_GFORT -fPIC -DNO_LAPACK -DNO_LAPACKE -DSMP_SERVER -DNO_WARMUP -DMAX_CPU_NUMBER=4 -DMAX_PARALLEL_NUMBER=1 -DBUILD_SINGLE=1 -DBUILD_DOUBLE=1 -DBUILD_COMPLEX=1 -DBUILD_COMPLEX16=1 -DVERSION=\"0.3.17.dev\" -msse3 -mssse3 -msse4.1 -mavx -mavx2 -mavx2 -UASMNAME -UASMFNAME -UNAME -UCNAME -UCHAR_NAME -UCHAR_CNAME -DASMNAME=dgemm_thread_tt -DASMFNAME=dgemm_thread_tt_ -DNAME=dgemm_thread_tt_ -DCNAME=dgemm_thread_tt -DCHAR_NAME=\"dgemm_thread_tt_\" -DCHAR_CNAME=\"dgemm_thread_tt\" -DNO_AFFINITY -I../.. -DDOUBLE  -UCOMPLEX  -c -DTHREADED_LEVEL3 -DDOUBLE -UCOMPLEX -DTT gemm.c -o dgemm_thread_tt.o
cc -c -DTHREADED_LEVEL3 -O2 -DMAX_STACK_ALLOC=2048 -Wall -m64 -DF_INTERFACE_GFORT -fPIC -DNO_LAPACK -DNO_LAPACKE -DSMP_SERVER -DNO_WARMUP -DMAX_CPU_NUMBER=4 -DMAX_PARALLEL_NUMBER=1 -DBUILD_SINGLE=1 -DBUILD_DOUBLE=1 -DBUILD_COMPLEX=1 -DBUILD_COMPLEX16=1 -DVERSION=\"0.3.17.dev\" -msse3 -mssse3 -msse4.1 -mavx -mavx2 -mavx2 -UASMNAME -UASMFNAME -UNAME -UCNAME -UCHAR_NAME -UCHAR_CNAME -DASMNAME=dsymm_thread_LU -DASMFNAME=dsymm_thread_LU_ -DNAME=dsymm_thread_LU_ -DCNAME=dsymm_thread_LU -DCHAR_NAME=\"dsymm_thread_LU_\" -DCHAR_CNAME=\"dsymm_thread_LU\" -DNO_AFFINITY -I../.. -DDOUBLE  -UCOMPLEX -DDOUBLE -UCOMPLEX -ULOWER -URSIDE -DNN symm_k.c -o dsymm_thread_LU.o
cc -c -DTHREADED_LEVEL3 -O2 -DMAX_STACK_ALLOC=2048 -Wall -m64 -DF_INTERFACE_GFORT -fPIC -DNO_LAPACK -DNO_LAPACKE -DSMP_SERVER -DNO_WARMUP -DMAX_CPU_NUMBER=4 -DMAX_PARALLEL_NUMBER=1 -DBUILD_SINGLE=1 -DBUILD_DOUBLE=1 -DBUILD_COMPLEX=1 -DBUILD_COMPLEX16=1 -DVERSION=\"0.3.17.dev\" -msse3 -mssse3 -msse4.1 -mavx -mavx2 -mavx2 -UASMNAME -UASMFNAME -UNAME -UCNAME -UCHAR_NAME -UCHAR_CNAME -DASMNAME=dsymm_thread_LL -DASMFNAME=dsymm_thread_LL_ -DNAME=dsymm_thread_LL_ -DCNAME=dsymm_thread_LL -DCHAR_NAME=\"dsymm_thread_LL_\" -DCHAR_CNAME=\"dsymm_thread_LL\" -DNO_AFFINITY -I../.. -DDOUBLE  -UCOMPLEX -DDOUBLE -UCOMPLEX -DLOWER -URSIDE -DNN symm_k.c -o dsymm_thread_LL.o
cc -c -DTHREADED_LEVEL3 -O2 -DMAX_STACK_ALLOC=2048 -Wall -m64 -DF_INTERFACE_GFORT -fPIC -DNO_LAPACK -DNO_LAPACKE -DSMP_SERVER -DNO_WARMUP -DMAX_CPU_NUMBER=4 -DMAX_PARALLEL_NUMBER=1 -DBUILD_SINGLE=1 -DBUILD_DOUBLE=1 -DBUILD_COMPLEX=1 -DBUILD_COMPLEX16=1 -DVERSION=\"0.3.17.dev\" -msse3 -mssse3 -msse4.1 -mavx -mavx2 -mavx2 -UASMNAME -UASMFNAME -UNAME -UCNAME -UCHAR_NAME -UCHAR_CNAME -DASMNAME=dsymm_thread_RU -DASMFNAME=dsymm_thread_RU_ -DNAME=dsymm_thread_RU_ -DCNAME=dsymm_thread_RU -DCHAR_NAME=\"dsymm_thread_RU_\" -DCHAR_CNAME=\"dsymm_thread_RU\" -DNO_AFFINITY -I../.. -DDOUBLE  -UCOMPLEX -DDOUBLE -UCOMPLEX -ULOWER -DRSIDE -DNN symm_k.c -o dsymm_thread_RU.o
cc -c -DTHREADED_LEVEL3 -O2 -DMAX_STACK_ALLOC=2048 -Wall -m64 -DF_INTERFACE_GFORT -fPIC -DNO_LAPACK -DNO_LAPACKE -DSMP_SERVER -DNO_WARMUP -DMAX_CPU_NUMBER=4 -DMAX_PARALLEL_NUMBER=1 -DBUILD_SINGLE=1 -DBUILD_DOUBLE=1 -DBUILD_COMPLEX=1 -DBUILD_COMPLEX16=1 -DVERSION=\"0.3.17.dev\" -msse3 -mssse3 -msse4.1 -mavx -mavx2 -mavx2 -UASMNAME -UASMFNAME -UNAME -UCNAME -UCHAR_NAME -UCHAR_CNAME -DASMNAME=dsymm_thread_RL -DASMFNAME=dsymm_thread_RL_ -DNAME=dsymm_thread_RL_ -DCNAME=dsymm_thread_RL -DCHAR_NAME=\"dsymm_thread_RL_\" -DCHAR_CNAME=\"dsymm_thread_RL\" -DNO_AFFINITY -I../.. -DDOUBLE  -UCOMPLEX -DDOUBLE -UCOMPLEX -DLOWER -DRSIDE -DNN symm_k.c -o dsymm_thread_RL.o
cc -c -DTHREADED_LEVEL3 -O2 -DMAX_STACK_ALLOC=2048 -Wall -m64 -DF_INTERFACE_GFORT -fPIC -DNO_LAPACK -DNO_LAPACKE -DSMP_SERVER -DNO_WARMUP -DMAX_CPU_NUMBER=4 -DMAX_PARALLEL_NUMBER=1 -DBUILD_SINGLE=1 -DBUILD_DOUBLE=1 -DBUILD_COMPLEX=1 -DBUILD_COMPLEX16=1 -DVERSION=\"0.3.17.dev\" -msse3 -mssse3 -msse4.1 -mavx -mavx2 -mavx2 -UASMNAME -UASMFNAME -UNAME -UCNAME -UCHAR_NAME -UCHAR_CNAME -DASMNAME=dsyrk_thread_UN -DASMFNAME=dsyrk_thread_UN_ -DNAME=dsyrk_thread_UN_ -DCNAME=dsyrk_thread_UN -DCHAR_NAME=\"dsyrk_thread_UN_\" -DCHAR_CNAME=\"dsyrk_thread_UN\" -DNO_AFFINITY -I../.. -DDOUBLE  -UCOMPLEX -DDOUBLE -UCOMPLEX -ULOWER -UTRANS syrk_k.c -o dsyrk_thread_UN.o
cc -c -DTHREADED_LEVEL3 -O2 -DMAX_STACK_ALLOC=2048 -Wall -m64 -DF_INTERFACE_GFORT -fPIC -DNO_LAPACK -DNO_LAPACKE -DSMP_SERVER -DNO_WARMUP -DMAX_CPU_NUMBER=4 -DMAX_PARALLEL_NUMBER=1 -DBUILD_SINGLE=1 -DBUILD_DOUBLE=1 -DBUILD_COMPLEX=1 -DBUILD_COMPLEX16=1 -DVERSION=\"0.3.17.dev\" -msse3 -mssse3 -msse4.1 -mavx -mavx2 -mavx2 -UASMNAME -UASMFNAME -UNAME -UCNAME -UCHAR_NAME -UCHAR_CNAME -DASMNAME=dsyrk_thread_UT -DASMFNAME=dsyrk_thread_UT_ -DNAME=dsyrk_thread_UT_ -DCNAME=dsyrk_thread_UT -DCHAR_NAME=\"dsyrk_thread_UT_\" -DCHAR_CNAME=\"dsyrk_thread_UT\" -DNO_AFFINITY -I../.. -DDOUBLE  -UCOMPLEX -DDOUBLE -UCOMPLEX -ULOWER -DTRANS syrk_k.c -o dsyrk_thread_UT.o
cc -c -DTHREADED_LEVEL3 -O2 -DMAX_STACK_ALLOC=2048 -Wall -m64 -DF_INTERFACE_GFORT -fPIC -DNO_LAPACK -DNO_LAPACKE -DSMP_SERVER -DNO_WARMUP -DMAX_CPU_NUMBER=4 -DMAX_PARALLEL_NUMBER=1 -DBUILD_SINGLE=1 -DBUILD_DOUBLE=1 -DBUILD_COMPLEX=1 -DBUILD_COMPLEX16=1 -DVERSION=\"0.3.17.dev\" -msse3 -mssse3 -msse4.1 -mavx -mavx2 -mavx2 -UASMNAME -UASMFNAME -UNAME -UCNAME -UCHAR_NAME -UCHAR_CNAME -DASMNAME=dsyrk_thread_LN -DASMFNAME=dsyrk_thread_LN_ -DNAME=dsyrk_thread_LN_ -DCNAME=dsyrk_thread_LN -DCHAR_NAME=\"dsyrk_thread_LN_\" -DCHAR_CNAME=\"dsyrk_thread_LN\" -DNO_AFFINITY -I../.. -DDOUBLE  -UCOMPLEX -DDOUBLE -UCOMPLEX -DLOWER -UTRANS syrk_k.c -o dsyrk_thread_LN.o
cc -c -DTHREADED_LEVEL3 -O2 -DMAX_STACK_ALLOC=2048 -Wall -m64 -DF_INTERFACE_GFORT -fPIC -DNO_LAPACK -DNO_LAPACKE -DSMP_SERVER -DNO_WARMUP -DMAX_CPU_NUMBER=4 -DMAX_PARALLEL_NUMBER=1 -DBUILD_SINGLE=1 -DBUILD_DOUBLE=1 -DBUILD_COMPLEX=1 -DBUILD_COMPLEX16=1 -DVERSION=\"0.3.17.dev\" -msse3 -mssse3 -msse4.1 -mavx -mavx2 -mavx2 -UASMNAME -UASMFNAME -UNAME -UCNAME -UCHAR_NAME -UCHAR_CNAME -DASMNAME=dsyrk_thread_LT -DASMFNAME=dsyrk_thread_LT_ -DNAME=dsyrk_thread_LT_ -DCNAME=dsyrk_thread_LT -DCHAR_NAME=\"dsyrk_thread_LT_\" -DCHAR_CNAME=\"dsyrk_thread_LT\" -DNO_AFFINITY -I../.. -DDOUBLE  -UCOMPLEX -DDOUBLE -UCOMPLEX -DLOWER -DTRANS syrk_k.c -o dsyrk_thread_LT.o
cc -O2 -DMAX_STACK_ALLOC=2048 -Wall -m64 -DF_INTERFACE_GFORT -fPIC -DNO_LAPACK -DNO_LAPACKE -DSMP_SERVER -DNO_WARMUP -DMAX_CPU_NUMBER=4 -DMAX_PARALLEL_NUMBER=1 -DBUILD_SINGLE=1 -DBUILD_DOUBLE=1 -DBUILD_COMPLEX=1 -DBUILD_COMPLEX16=1 -DVERSION=\"0.3.17.dev\" -msse3 -mssse3 -msse4.1 -mavx -mavx2 -mavx2 -UASMNAME -UASMFNAME -UNAME -UCNAME -UCHAR_NAME -UCHAR_CNAME -DASMNAME=cgemm_nn -DASMFNAME=cgemm_nn_ -DNAME=cgemm_nn_ -DCNAME=cgemm_nn -DCHAR_NAME=\"cgemm_nn_\" -DCHAR_CNAME=\"cgemm_nn\" -DNO_AFFINITY -I../.. -UDOUBLE  -DCOMPLEX  -c -UDOUBLE -DCOMPLEX -DNN gemm.c -o cgemm_nn.o
cc -O2 -DMAX_STACK_ALLOC=2048 -Wall -m64 -DF_INTERFACE_GFORT -fPIC -DNO_LAPACK -DNO_LAPACKE -DSMP_SERVER -DNO_WARMUP -DMAX_CPU_NUMBER=4 -DMAX_PARALLEL_NUMBER=1 -DBUILD_SINGLE=1 -DBUILD_DOUBLE=1 -DBUILD_COMPLEX=1 -DBUILD_COMPLEX16=1 -DVERSION=\"0.3.17.dev\" -msse3 -mssse3 -msse4.1 -mavx -mavx2 -mavx2 -UASMNAME -UASMFNAME -UNAME -UCNAME -UCHAR_NAME -UCHAR_CNAME -DASMNAME=cgemm_cn -DASMFNAME=cgemm_cn_ -DNAME=cgemm_cn_ -DCNAME=cgemm_cn -DCHAR_NAME=\"cgemm_cn_\" -DCHAR_CNAME=\"cgemm_cn\" -DNO_AFFINITY -I../.. -UDOUBLE  -DCOMPLEX  -c -UDOUBLE -DCOMPLEX -DCN gemm.c -o cgemm_cn.o
cc -O2 -DMAX_STACK_ALLOC=2048 -Wall -m64 -DF_INTERFACE_GFORT -fPIC -DNO_LAPACK -DNO_LAPACKE -DSMP_SERVER -DNO_WARMUP -DMAX_CPU_NUMBER=4 -DMAX_PARALLEL_NUMBER=1 -DBUILD_SINGLE=1 -DBUILD_DOUBLE=1 -DBUILD_COMPLEX=1 -DBUILD_COMPLEX16=1 -DVERSION=\"0.3.17.dev\" -msse3 -mssse3 -msse4.1 -mavx -mavx2 -mavx2 -UASMNAME -UASMFNAME -UNAME -UCNAME -UCHAR_NAME -UCHAR_CNAME -DASMNAME=cgemm_tn -DASMFNAME=cgemm_tn_ -DNAME=cgemm_tn_ -DCNAME=cgemm_tn -DCHAR_NAME=\"cgemm_tn_\" -DCHAR_CNAME=\"cgemm_tn\" -DNO_AFFINITY -I../.. -UDOUBLE  -DCOMPLEX  -c -UDOUBLE -DCOMPLEX -DTN gemm.c -o cgemm_tn.o
cc -O2 -DMAX_STACK_ALLOC=2048 -Wall -m64 -DF_INTERFACE_GFORT -fPIC -DNO_LAPACK -DNO_LAPACKE -DSMP_SERVER -DNO_WARMUP -DMAX_CPU_NUMBER=4 -DMAX_PARALLEL_NUMBER=1 -DBUILD_SINGLE=1 -DBUILD_DOUBLE=1 -DBUILD_COMPLEX=1 -DBUILD_COMPLEX16=1 -DVERSION=\"0.3.17.dev\" -msse3 -mssse3 -msse4.1 -mavx -mavx2 -mavx2 -UASMNAME -UASMFNAME -UNAME -UCNAME -UCHAR_NAME -UCHAR_CNAME -DASMNAME=cgemm_nc -DASMFNAME=cgemm_nc_ -DNAME=cgemm_nc_ -DCNAME=cgemm_nc -DCHAR_NAME=\"cgemm_nc_\" -DCHAR_CNAME=\"cgemm_nc\" -DNO_AFFINITY -I../.. -UDOUBLE  -DCOMPLEX  -c -UDOUBLE -DCOMPLEX -DNC gemm.c -o cgemm_nc.o
cc -O2 -DMAX_STACK_ALLOC=2048 -Wall -m64 -DF_INTERFACE_GFORT -fPIC -DNO_LAPACK -DNO_LAPACKE -DSMP_SERVER -DNO_WARMUP -DMAX_CPU_NUMBER=4 -DMAX_PARALLEL_NUMBER=1 -DBUILD_SINGLE=1 -DBUILD_DOUBLE=1 -DBUILD_COMPLEX=1 -DBUILD_COMPLEX16=1 -DVERSION=\"0.3.17.dev\" -msse3 -mssse3 -msse4.1 -mavx -mavx2 -mavx2 -UASMNAME -UASMFNAME -UNAME -UCNAME -UCHAR_NAME -UCHAR_CNAME -DASMNAME=cgemm_nt -DASMFNAME=cgemm_nt_ -DNAME=cgemm_nt_ -DCNAME=cgemm_nt -DCHAR_NAME=\"cgemm_nt_\" -DCHAR_CNAME=\"cgemm_nt\" -DNO_AFFINITY -I../.. -UDOUBLE  -DCOMPLEX  -c -UDOUBLE -DCOMPLEX -DNT gemm.c -o cgemm_nt.o
cc -O2 -DMAX_STACK_ALLOC=2048 -Wall -m64 -DF_INTERFACE_GFORT -fPIC -DNO_LAPACK -DNO_LAPACKE -DSMP_SERVER -DNO_WARMUP -DMAX_CPU_NUMBER=4 -DMAX_PARALLEL_NUMBER=1 -DBUILD_SINGLE=1 -DBUILD_DOUBLE=1 -DBUILD_COMPLEX=1 -DBUILD_COMPLEX16=1 -DVERSION=\"0.3.17.dev\" -msse3 -mssse3 -msse4.1 -mavx -mavx2 -mavx2 -UASMNAME -UASMFNAME -UNAME -UCNAME -UCHAR_NAME -UCHAR_CNAME -DASMNAME=cgemm_cc -DASMFNAME=cgemm_cc_ -DNAME=cgemm_cc_ -DCNAME=cgemm_cc -DCHAR_NAME=\"cgemm_cc_\" -DCHAR_CNAME=\"cgemm_cc\" -DNO_AFFINITY -I../.. -UDOUBLE  -DCOMPLEX  -c -UDOUBLE -DCOMPLEX -DCC gemm.c -o cgemm_cc.o
cc -O2 -DMAX_STACK_ALLOC=2048 -Wall -m64 -DF_INTERFACE_GFORT -fPIC -DNO_LAPACK -DNO_LAPACKE -DSMP_SERVER -DNO_WARMUP -DMAX_CPU_NUMBER=4 -DMAX_PARALLEL_NUMBER=1 -DBUILD_SINGLE=1 -DBUILD_DOUBLE=1 -DBUILD_COMPLEX=1 -DBUILD_COMPLEX16=1 -DVERSION=\"0.3.17.dev\" -msse3 -mssse3 -msse4.1 -mavx -mavx2 -mavx2 -UASMNAME -UASMFNAME -UNAME -UCNAME -UCHAR_NAME -UCHAR_CNAME -DASMNAME=cgemm_ct -DASMFNAME=cgemm_ct_ -DNAME=cgemm_ct_ -DCNAME=cgemm_ct -DCHAR_NAME=\"cgemm_ct_\" -DCHAR_CNAME=\"cgemm_ct\" -DNO_AFFINITY -I../.. -UDOUBLE  -DCOMPLEX  -c -UDOUBLE -DCOMPLEX -DCT gemm.c -o cgemm_ct.o
cc -O2 -DMAX_STACK_ALLOC=2048 -Wall -m64 -DF_INTERFACE_GFORT -fPIC -DNO_LAPACK -DNO_LAPACKE -DSMP_SERVER -DNO_WARMUP -DMAX_CPU_NUMBER=4 -DMAX_PARALLEL_NUMBER=1 -DBUILD_SINGLE=1 -DBUILD_DOUBLE=1 -DBUILD_COMPLEX=1 -DBUILD_COMPLEX16=1 -DVERSION=\"0.3.17.dev\" -msse3 -mssse3 -msse4.1 -mavx -mavx2 -mavx2 -UASMNAME -UASMFNAME -UNAME -UCNAME -UCHAR_NAME -UCHAR_CNAME -DASMNAME=cgemm_tc -DASMFNAME=cgemm_tc_ -DNAME=cgemm_tc_ -DCNAME=cgemm_tc -DCHAR_NAME=\"cgemm_tc_\" -DCHAR_CNAME=\"cgemm_tc\" -DNO_AFFINITY -I../.. -UDOUBLE  -DCOMPLEX  -c -UDOUBLE -DCOMPLEX -DTC gemm.c -o cgemm_tc.o
cc -O2 -DMAX_STACK_ALLOC=2048 -Wall -m64 -DF_INTERFACE_GFORT -fPIC -DNO_LAPACK -DNO_LAPACKE -DSMP_SERVER -DNO_WARMUP -DMAX_CPU_NUMBER=4 -DMAX_PARALLEL_NUMBER=1 -DBUILD_SINGLE=1 -DBUILD_DOUBLE=1 -DBUILD_COMPLEX=1 -DBUILD_COMPLEX16=1 -DVERSION=\"0.3.17.dev\" -msse3 -mssse3 -msse4.1 -mavx -mavx2 -mavx2 -UASMNAME -UASMFNAME -UNAME -UCNAME -UCHAR_NAME -UCHAR_CNAME -DASMNAME=cgemm_tt -DASMFNAME=cgemm_tt_ -DNAME=cgemm_tt_ -DCNAME=cgemm_tt -DCHAR_NAME=\"cgemm_tt_\" -DCHAR_CNAME=\"cgemm_tt\" -DNO_AFFINITY -I../.. -UDOUBLE  -DCOMPLEX  -c -UDOUBLE -DCOMPLEX -DTT gemm.c -o cgemm_tt.o
cc -O2 -DMAX_STACK_ALLOC=2048 -Wall -m64 -DF_INTERFACE_GFORT -fPIC -DNO_LAPACK -DNO_LAPACKE -DSMP_SERVER -DNO_WARMUP -DMAX_CPU_NUMBER=4 -DMAX_PARALLEL_NUMBER=1 -DBUILD_SINGLE=1 -DBUILD_DOUBLE=1 -DBUILD_COMPLEX=1 -DBUILD_COMPLEX16=1 -DVERSION=\"0.3.17.dev\" -msse3 -mssse3 -msse4.1 -mavx -mavx2 -mavx2 -UASMNAME -UASMFNAME -UNAME -UCNAME -UCHAR_NAME -UCHAR_CNAME -DASMNAME=cgemm_nr -DASMFNAME=cgemm_nr_ -DNAME=cgemm_nr_ -DCNAME=cgemm_nr -DCHAR_NAME=\"cgemm_nr_\" -DCHAR_CNAME=\"cgemm_nr\" -DNO_AFFINITY -I../.. -UDOUBLE  -DCOMPLEX  -c -UDOUBLE -DCOMPLEX -DNR gemm.c -o cgemm_nr.o
cc -O2 -DMAX_STACK_ALLOC=2048 -Wall -m64 -DF_INTERFACE_GFORT -fPIC -DNO_LAPACK -DNO_LAPACKE -DSMP_SERVER -DNO_WARMUP -DMAX_CPU_NUMBER=4 -DMAX_PARALLEL_NUMBER=1 -DBUILD_SINGLE=1 -DBUILD_DOUBLE=1 -DBUILD_COMPLEX=1 -DBUILD_COMPLEX16=1 -DVERSION=\"0.3.17.dev\" -msse3 -mssse3 -msse4.1 -mavx -mavx2 -mavx2 -UASMNAME -UASMFNAME -UNAME -UCNAME -UCHAR_NAME -UCHAR_CNAME -DASMNAME=cgemm_tr -DASMFNAME=cgemm_tr_ -DNAME=cgemm_tr_ -DCNAME=cgemm_tr -DCHAR_NAME=\"cgemm_tr_\" -DCHAR_CNAME=\"cgemm_tr\" -DNO_AFFINITY -I../.. -UDOUBLE  -DCOMPLEX  -c -UDOUBLE -DCOMPLEX -DTR gemm.c -o cgemm_tr.o
cc -O2 -DMAX_STACK_ALLOC=2048 -Wall -m64 -DF_INTERFACE_GFORT -fPIC -DNO_LAPACK -DNO_LAPACKE -DSMP_SERVER -DNO_WARMUP -DMAX_CPU_NUMBER=4 -DMAX_PARALLEL_NUMBER=1 -DBUILD_SINGLE=1 -DBUILD_DOUBLE=1 -DBUILD_COMPLEX=1 -DBUILD_COMPLEX16=1 -DVERSION=\"0.3.17.dev\" -msse3 -mssse3 -msse4.1 -mavx -mavx2 -mavx2 -UASMNAME -UASMFNAME -UNAME -UCNAME -UCHAR_NAME -UCHAR_CNAME -DASMNAME=cgemm_cr -DASMFNAME=cgemm_cr_ -DNAME=cgemm_cr_ -DCNAME=cgemm_cr -DCHAR_NAME=\"cgemm_cr_\" -DCHAR_CNAME=\"cgemm_cr\" -DNO_AFFINITY -I../.. -UDOUBLE  -DCOMPLEX  -c -UDOUBLE -DCOMPLEX -DCR=CR gemm.c -o cgemm_cr.o
cc -O2 -DMAX_STACK_ALLOC=2048 -Wall -m64 -DF_INTERFACE_GFORT -fPIC -DNO_LAPACK -DNO_LAPACKE -DSMP_SERVER -DNO_WARMUP -DMAX_CPU_NUMBER=4 -DMAX_PARALLEL_NUMBER=1 -DBUILD_SINGLE=1 -DBUILD_DOUBLE=1 -DBUILD_COMPLEX=1 -DBUILD_COMPLEX16=1 -DVERSION=\"0.3.17.dev\" -msse3 -mssse3 -msse4.1 -mavx -mavx2 -mavx2 -UASMNAME -UASMFNAME -UNAME -UCNAME -UCHAR_NAME -UCHAR_CNAME -DASMNAME=cgemm_rn -DASMFNAME=cgemm_rn_ -DNAME=cgemm_rn_ -DCNAME=cgemm_rn -DCHAR_NAME=\"cgemm_rn_\" -DCHAR_CNAME=\"cgemm_rn\" -DNO_AFFINITY -I../.. -UDOUBLE  -DCOMPLEX  -c -UDOUBLE -DCOMPLEX -DRN gemm.c -o cgemm_rn.o
cc -O2 -DMAX_STACK_ALLOC=2048 -Wall -m64 -DF_INTERFACE_GFORT -fPIC -DNO_LAPACK -DNO_LAPACKE -DSMP_SERVER -DNO_WARMUP -DMAX_CPU_NUMBER=4 -DMAX_PARALLEL_NUMBER=1 -DBUILD_SINGLE=1 -DBUILD_DOUBLE=1 -DBUILD_COMPLEX=1 -DBUILD_COMPLEX16=1 -DVERSION=\"0.3.17.dev\" -msse3 -mssse3 -msse4.1 -mavx -mavx2 -mavx2 -UASMNAME -UASMFNAME -UNAME -UCNAME -UCHAR_NAME -UCHAR_CNAME -DASMNAME=cgemm_rt -DASMFNAME=cgemm_rt_ -DNAME=cgemm_rt_ -DCNAME=cgemm_rt -DCHAR_NAME=\"cgemm_rt_\" -DCHAR_CNAME=\"cgemm_rt\" -DNO_AFFINITY -I../.. -UDOUBLE  -DCOMPLEX  -c -UDOUBLE -DCOMPLEX -DRT gemm.c -o cgemm_rt.o
cc -O2 -DMAX_STACK_ALLOC=2048 -Wall -m64 -DF_INTERFACE_GFORT -fPIC -DNO_LAPACK -DNO_LAPACKE -DSMP_SERVER -DNO_WARMUP -DMAX_CPU_NUMBER=4 -DMAX_PARALLEL_NUMBER=1 -DBUILD_SINGLE=1 -DBUILD_DOUBLE=1 -DBUILD_COMPLEX=1 -DBUILD_COMPLEX16=1 -DVERSION=\"0.3.17.dev\" -msse3 -mssse3 -msse4.1 -mavx -mavx2 -mavx2 -UASMNAME -UASMFNAME -UNAME -UCNAME -UCHAR_NAME -UCHAR_CNAME -DASMNAME=cgemm_rc -DASMFNAME=cgemm_rc_ -DNAME=cgemm_rc_ -DCNAME=cgemm_rc -DCHAR_NAME=\"cgemm_rc_\" -DCHAR_CNAME=\"cgemm_rc\" -DNO_AFFINITY -I../.. -UDOUBLE  -DCOMPLEX  -c -UDOUBLE -DCOMPLEX -DRC=RC gemm.c -o cgemm_rc.o
cc -O2 -DMAX_STACK_ALLOC=2048 -Wall -m64 -DF_INTERFACE_GFORT -fPIC -DNO_LAPACK -DNO_LAPACKE -DSMP_SERVER -DNO_WARMUP -DMAX_CPU_NUMBER=4 -DMAX_PARALLEL_NUMBER=1 -DBUILD_SINGLE=1 -DBUILD_DOUBLE=1 -DBUILD_COMPLEX=1 -DBUILD_COMPLEX16=1 -DVERSION=\"0.3.17.dev\" -msse3 -mssse3 -msse4.1 -mavx -mavx2 -mavx2 -UASMNAME -UASMFNAME -UNAME -UCNAME -UCHAR_NAME -UCHAR_CNAME -DASMNAME=cgemm_rr -DASMFNAME=cgemm_rr_ -DNAME=cgemm_rr_ -DCNAME=cgemm_rr -DCHAR_NAME=\"cgemm_rr_\" -DCHAR_CNAME=\"cgemm_rr\" -DNO_AFFINITY -I../.. -UDOUBLE  -DCOMPLEX  -c -UDOUBLE -DCOMPLEX -DRR gemm.c -o cgemm_rr.o
cc -c -O2 -DMAX_STACK_ALLOC=2048 -Wall -m64 -DF_INTERFACE_GFORT -fPIC -DNO_LAPACK -DNO_LAPACKE -DSMP_SERVER -DNO_WARMUP -DMAX_CPU_NUMBER=4 -DMAX_PARALLEL_NUMBER=1 -DBUILD_SINGLE=1 -DBUILD_DOUBLE=1 -DBUILD_COMPLEX=1 -DBUILD_COMPLEX16=1 -DVERSION=\"0.3.17.dev\" -msse3 -mssse3 -msse4.1 -mavx -mavx2 -mavx2 -UASMNAME -UASMFNAME -UNAME -UCNAME -UCHAR_NAME -UCHAR_CNAME -DASMNAME=ctrmm_LNUU -DASMFNAME=ctrmm_LNUU_ -DNAME=ctrmm_LNUU_ -DCNAME=ctrmm_LNUU -DCHAR_NAME=\"ctrmm_LNUU_\" -DCHAR_CNAME=\"ctrmm_LNUU\" -DNO_AFFINITY -I../.. -UDOUBLE  -DCOMPLEX -DCOMPLEX -UDOUBLE -UTRANSA -DUPPER -DUNIT -UCONJ trmm_L.c -o ctrmm_LNUU.o
cc -c -O2 -DMAX_STACK_ALLOC=2048 -Wall -m64 -DF_INTERFACE_GFORT -fPIC -DNO_LAPACK -DNO_LAPACKE -DSMP_SERVER -DNO_WARMUP -DMAX_CPU_NUMBER=4 -DMAX_PARALLEL_NUMBER=1 -DBUILD_SINGLE=1 -DBUILD_DOUBLE=1 -DBUILD_COMPLEX=1 -DBUILD_COMPLEX16=1 -DVERSION=\"0.3.17.dev\" -msse3 -mssse3 -msse4.1 -mavx -mavx2 -mavx2 -UASMNAME -UASMFNAME -UNAME -UCNAME -UCHAR_NAME -UCHAR_CNAME -DASMNAME=ctrmm_LNUN -DASMFNAME=ctrmm_LNUN_ -DNAME=ctrmm_LNUN_ -DCNAME=ctrmm_LNUN -DCHAR_NAME=\"ctrmm_LNUN_\" -DCHAR_CNAME=\"ctrmm_LNUN\" -DNO_AFFINITY -I../.. -UDOUBLE  -DCOMPLEX -DCOMPLEX -UDOUBLE -UTRANSA -DUPPER -UUNIT -UCONJ trmm_L.c -o ctrmm_LNUN.o
cc -c -O2 -DMAX_STACK_ALLOC=2048 -Wall -m64 -DF_INTERFACE_GFORT -fPIC -DNO_LAPACK -DNO_LAPACKE -DSMP_SERVER -DNO_WARMUP -DMAX_CPU_NUMBER=4 -DMAX_PARALLEL_NUMBER=1 -DBUILD_SINGLE=1 -DBUILD_DOUBLE=1 -DBUILD_COMPLEX=1 -DBUILD_COMPLEX16=1 -DVERSION=\"0.3.17.dev\" -msse3 -mssse3 -msse4.1 -mavx -mavx2 -mavx2 -UASMNAME -UASMFNAME -UNAME -UCNAME -UCHAR_NAME -UCHAR_CNAME -DASMNAME=ctrmm_LNLU -DASMFNAME=ctrmm_LNLU_ -DNAME=ctrmm_LNLU_ -DCNAME=ctrmm_LNLU -DCHAR_NAME=\"ctrmm_LNLU_\" -DCHAR_CNAME=\"ctrmm_LNLU\" -DNO_AFFINITY -I../.. -UDOUBLE  -DCOMPLEX -DCOMPLEX -UDOUBLE -UTRANSA -UUPPER -DUNIT -UCONJ trmm_L.c -o ctrmm_LNLU.o
cc -c -O2 -DMAX_STACK_ALLOC=2048 -Wall -m64 -DF_INTERFACE_GFORT -fPIC -DNO_LAPACK -DNO_LAPACKE -DSMP_SERVER -DNO_WARMUP -DMAX_CPU_NUMBER=4 -DMAX_PARALLEL_NUMBER=1 -DBUILD_SINGLE=1 -DBUILD_DOUBLE=1 -DBUILD_COMPLEX=1 -DBUILD_COMPLEX16=1 -DVERSION=\"0.3.17.dev\" -msse3 -mssse3 -msse4.1 -mavx -mavx2 -mavx2 -UASMNAME -UASMFNAME -UNAME -UCNAME -UCHAR_NAME -UCHAR_CNAME -DASMNAME=ctrmm_LNLN -DASMFNAME=ctrmm_LNLN_ -DNAME=ctrmm_LNLN_ -DCNAME=ctrmm_LNLN -DCHAR_NAME=\"ctrmm_LNLN_\" -DCHAR_CNAME=\"ctrmm_LNLN\" -DNO_AFFINITY -I../.. -UDOUBLE  -DCOMPLEX -DCOMPLEX -UDOUBLE -UTRANSA -UUPPER -UUNIT -UCONJ trmm_L.c -o ctrmm_LNLN.o
cc -c -O2 -DMAX_STACK_ALLOC=2048 -Wall -m64 -DF_INTERFACE_GFORT -fPIC -DNO_LAPACK -DNO_LAPACKE -DSMP_SERVER -DNO_WARMUP -DMAX_CPU_NUMBER=4 -DMAX_PARALLEL_NUMBER=1 -DBUILD_SINGLE=1 -DBUILD_DOUBLE=1 -DBUILD_COMPLEX=1 -DBUILD_COMPLEX16=1 -DVERSION=\"0.3.17.dev\" -msse3 -mssse3 -msse4.1 -mavx -mavx2 -mavx2 -UASMNAME -UASMFNAME -UNAME -UCNAME -UCHAR_NAME -UCHAR_CNAME -DASMNAME=ctrmm_LTUU -DASMFNAME=ctrmm_LTUU_ -DNAME=ctrmm_LTUU_ -DCNAME=ctrmm_LTUU -DCHAR_NAME=\"ctrmm_LTUU_\" -DCHAR_CNAME=\"ctrmm_LTUU\" -DNO_AFFINITY -I../.. -UDOUBLE  -DCOMPLEX -DCOMPLEX -UDOUBLE -DTRANSA -DUPPER -DUNIT -UCONJ trmm_L.c -o ctrmm_LTUU.o
cc -c -O2 -DMAX_STACK_ALLOC=2048 -Wall -m64 -DF_INTERFACE_GFORT -fPIC -DNO_LAPACK -DNO_LAPACKE -DSMP_SERVER -DNO_WARMUP -DMAX_CPU_NUMBER=4 -DMAX_PARALLEL_NUMBER=1 -DBUILD_SINGLE=1 -DBUILD_DOUBLE=1 -DBUILD_COMPLEX=1 -DBUILD_COMPLEX16=1 -DVERSION=\"0.3.17.dev\" -msse3 -mssse3 -msse4.1 -mavx -mavx2 -mavx2 -UASMNAME -UASMFNAME -UNAME -UCNAME -UCHAR_NAME -UCHAR_CNAME -DASMNAME=ctrmm_LTUN -DASMFNAME=ctrmm_LTUN_ -DNAME=ctrmm_LTUN_ -DCNAME=ctrmm_LTUN -DCHAR_NAME=\"ctrmm_LTUN_\" -DCHAR_CNAME=\"ctrmm_LTUN\" -DNO_AFFINITY -I../.. -UDOUBLE  -DCOMPLEX -DCOMPLEX -UDOUBLE -DTRANSA -DUPPER -UUNIT -UCONJ trmm_L.c -o ctrmm_LTUN.o
cc -c -O2 -DMAX_STACK_ALLOC=2048 -Wall -m64 -DF_INTERFACE_GFORT -fPIC -DNO_LAPACK -DNO_LAPACKE -DSMP_SERVER -DNO_WARMUP -DMAX_CPU_NUMBER=4 -DMAX_PARALLEL_NUMBER=1 -DBUILD_SINGLE=1 -DBUILD_DOUBLE=1 -DBUILD_COMPLEX=1 -DBUILD_COMPLEX16=1 -DVERSION=\"0.3.17.dev\" -msse3 -mssse3 -msse4.1 -mavx -mavx2 -mavx2 -UASMNAME -UASMFNAME -UNAME -UCNAME -UCHAR_NAME -UCHAR_CNAME -DASMNAME=ctrmm_LTLU -DASMFNAME=ctrmm_LTLU_ -DNAME=ctrmm_LTLU_ -DCNAME=ctrmm_LTLU -DCHAR_NAME=\"ctrmm_LTLU_\" -DCHAR_CNAME=\"ctrmm_LTLU\" -DNO_AFFINITY -I../.. -UDOUBLE  -DCOMPLEX -DCOMPLEX -UDOUBLE -DTRANSA -UUPPER -DUNIT -UCONJ trmm_L.c -o ctrmm_LTLU.o
cc -c -O2 -DMAX_STACK_ALLOC=2048 -Wall -m64 -DF_INTERFACE_GFORT -fPIC -DNO_LAPACK -DNO_LAPACKE -DSMP_SERVER -DNO_WARMUP -DMAX_CPU_NUMBER=4 -DMAX_PARALLEL_NUMBER=1 -DBUILD_SINGLE=1 -DBUILD_DOUBLE=1 -DBUILD_COMPLEX=1 -DBUILD_COMPLEX16=1 -DVERSION=\"0.3.17.dev\" -msse3 -mssse3 -msse4.1 -mavx -mavx2 -mavx2 -UASMNAME -UASMFNAME -UNAME -UCNAME -UCHAR_NAME -UCHAR_CNAME -DASMNAME=ctrmm_LTLN -DASMFNAME=ctrmm_LTLN_ -DNAME=ctrmm_LTLN_ -DCNAME=ctrmm_LTLN -DCHAR_NAME=\"ctrmm_LTLN_\" -DCHAR_CNAME=\"ctrmm_LTLN\" -DNO_AFFINITY -I../.. -UDOUBLE  -DCOMPLEX -DCOMPLEX -UDOUBLE -DTRANSA -UUPPER -UUNIT -UCONJ trmm_L.c -o ctrmm_LTLN.o
cc -c -O2 -DMAX_STACK_ALLOC=2048 -Wall -m64 -DF_INTERFACE_GFORT -fPIC -DNO_LAPACK -DNO_LAPACKE -DSMP_SERVER -DNO_WARMUP -DMAX_CPU_NUMBER=4 -DMAX_PARALLEL_NUMBER=1 -DBUILD_SINGLE=1 -DBUILD_DOUBLE=1 -DBUILD_COMPLEX=1 -DBUILD_COMPLEX16=1 -DVERSION=\"0.3.17.dev\" -msse3 -mssse3 -msse4.1 -mavx -mavx2 -mavx2 -UASMNAME -UASMFNAME -UNAME -UCNAME -UCHAR_NAME -UCHAR_CNAME -DASMNAME=ctrmm_LRUU -DASMFNAME=ctrmm_LRUU_ -DNAME=ctrmm_LRUU_ -DCNAME=ctrmm_LRUU -DCHAR_NAME=\"ctrmm_LRUU_\" -DCHAR_CNAME=\"ctrmm_LRUU\" -DNO_AFFINITY -I../.. -UDOUBLE  -DCOMPLEX -DCOMPLEX -UDOUBLE -UTRANSA -DUPPER -DUNIT -DCONJ trmm_L.c -o ctrmm_LRUU.o
cc -c -O2 -DMAX_STACK_ALLOC=2048 -Wall -m64 -DF_INTERFACE_GFORT -fPIC -DNO_LAPACK -DNO_LAPACKE -DSMP_SERVER -DNO_WARMUP -DMAX_CPU_NUMBER=4 -DMAX_PARALLEL_NUMBER=1 -DBUILD_SINGLE=1 -DBUILD_DOUBLE=1 -DBUILD_COMPLEX=1 -DBUILD_COMPLEX16=1 -DVERSION=\"0.3.17.dev\" -msse3 -mssse3 -msse4.1 -mavx -mavx2 -mavx2 -UASMNAME -UASMFNAME -UNAME -UCNAME -UCHAR_NAME -UCHAR_CNAME -DASMNAME=ctrmm_LRUN -DASMFNAME=ctrmm_LRUN_ -DNAME=ctrmm_LRUN_ -DCNAME=ctrmm_LRUN -DCHAR_NAME=\"ctrmm_LRUN_\" -DCHAR_CNAME=\"ctrmm_LRUN\" -DNO_AFFINITY -I../.. -UDOUBLE  -DCOMPLEX -DCOMPLEX -UDOUBLE -UTRANSA -DUPPER -UUNIT -DCONJ trmm_L.c -o ctrmm_LRUN.o
cc -c -O2 -DMAX_STACK_ALLOC=2048 -Wall -m64 -DF_INTERFACE_GFORT -fPIC -DNO_LAPACK -DNO_LAPACKE -DSMP_SERVER -DNO_WARMUP -DMAX_CPU_NUMBER=4 -DMAX_PARALLEL_NUMBER=1 -DBUILD_SINGLE=1 -DBUILD_DOUBLE=1 -DBUILD_COMPLEX=1 -DBUILD_COMPLEX16=1 -DVERSION=\"0.3.17.dev\" -msse3 -mssse3 -msse4.1 -mavx -mavx2 -mavx2 -UASMNAME -UASMFNAME -UNAME -UCNAME -UCHAR_NAME -UCHAR_CNAME -DASMNAME=ctrmm_LRLU -DASMFNAME=ctrmm_LRLU_ -DNAME=ctrmm_LRLU_ -DCNAME=ctrmm_LRLU -DCHAR_NAME=\"ctrmm_LRLU_\" -DCHAR_CNAME=\"ctrmm_LRLU\" -DNO_AFFINITY -I../.. -UDOUBLE  -DCOMPLEX -DCOMPLEX -UDOUBLE -UTRANSA -UUPPER -DUNIT -DCONJ trmm_L.c -o ctrmm_LRLU.o
cc -c -O2 -DMAX_STACK_ALLOC=2048 -Wall -m64 -DF_INTERFACE_GFORT -fPIC -DNO_LAPACK -DNO_LAPACKE -DSMP_SERVER -DNO_WARMUP -DMAX_CPU_NUMBER=4 -DMAX_PARALLEL_NUMBER=1 -DBUILD_SINGLE=1 -DBUILD_DOUBLE=1 -DBUILD_COMPLEX=1 -DBUILD_COMPLEX16=1 -DVERSION=\"0.3.17.dev\" -msse3 -mssse3 -msse4.1 -mavx -mavx2 -mavx2 -UASMNAME -UASMFNAME -UNAME -UCNAME -UCHAR_NAME -UCHAR_CNAME -DASMNAME=ctrmm_LRLN -DASMFNAME=ctrmm_LRLN_ -DNAME=ctrmm_LRLN_ -DCNAME=ctrmm_LRLN -DCHAR_NAME=\"ctrmm_LRLN_\" -DCHAR_CNAME=\"ctrmm_LRLN\" -DNO_AFFINITY -I../.. -UDOUBLE  -DCOMPLEX -DCOMPLEX -UDOUBLE -UTRANSA -UUPPER -UUNIT -DCONJ trmm_L.c -o ctrmm_LRLN.o
cc -c -O2 -DMAX_STACK_ALLOC=2048 -Wall -m64 -DF_INTERFACE_GFORT -fPIC -DNO_LAPACK -DNO_LAPACKE -DSMP_SERVER -DNO_WARMUP -DMAX_CPU_NUMBER=4 -DMAX_PARALLEL_NUMBER=1 -DBUILD_SINGLE=1 -DBUILD_DOUBLE=1 -DBUILD_COMPLEX=1 -DBUILD_COMPLEX16=1 -DVERSION=\"0.3.17.dev\" -msse3 -mssse3 -msse4.1 -mavx -mavx2 -mavx2 -UASMNAME -UASMFNAME -UNAME -UCNAME -UCHAR_NAME -UCHAR_CNAME -DASMNAME=ctrmm_LCUU -DASMFNAME=ctrmm_LCUU_ -DNAME=ctrmm_LCUU_ -DCNAME=ctrmm_LCUU -DCHAR_NAME=\"ctrmm_LCUU_\" -DCHAR_CNAME=\"ctrmm_LCUU\" -DNO_AFFINITY -I../.. -UDOUBLE  -DCOMPLEX -DCOMPLEX -UDOUBLE -DTRANSA -DUPPER -DUNIT -DCONJ trmm_L.c -o ctrmm_LCUU.o
cc -c -O2 -DMAX_STACK_ALLOC=2048 -Wall -m64 -DF_INTERFACE_GFORT -fPIC -DNO_LAPACK -DNO_LAPACKE -DSMP_SERVER -DNO_WARMUP -DMAX_CPU_NUMBER=4 -DMAX_PARALLEL_NUMBER=1 -DBUILD_SINGLE=1 -DBUILD_DOUBLE=1 -DBUILD_COMPLEX=1 -DBUILD_COMPLEX16=1 -DVERSION=\"0.3.17.dev\" -msse3 -mssse3 -msse4.1 -mavx -mavx2 -mavx2 -UASMNAME -UASMFNAME -UNAME -UCNAME -UCHAR_NAME -UCHAR_CNAME -DASMNAME=ctrmm_LCUN -DASMFNAME=ctrmm_LCUN_ -DNAME=ctrmm_LCUN_ -DCNAME=ctrmm_LCUN -DCHAR_NAME=\"ctrmm_LCUN_\" -DCHAR_CNAME=\"ctrmm_LCUN\" -DNO_AFFINITY -I../.. -UDOUBLE  -DCOMPLEX -DCOMPLEX -UDOUBLE -DTRANSA -DUPPER -UUNIT -DCONJ trmm_L.c -o ctrmm_LCUN.o
cc -c -O2 -DMAX_STACK_ALLOC=2048 -Wall -m64 -DF_INTERFACE_GFORT -fPIC -DNO_LAPACK -DNO_LAPACKE -DSMP_SERVER -DNO_WARMUP -DMAX_CPU_NUMBER=4 -DMAX_PARALLEL_NUMBER=1 -DBUILD_SINGLE=1 -DBUILD_DOUBLE=1 -DBUILD_COMPLEX=1 -DBUILD_COMPLEX16=1 -DVERSION=\"0.3.17.dev\" -msse3 -mssse3 -msse4.1 -mavx -mavx2 -mavx2 -UASMNAME -UASMFNAME -UNAME -UCNAME -UCHAR_NAME -UCHAR_CNAME -DASMNAME=ctrmm_LCLU -DASMFNAME=ctrmm_LCLU_ -DNAME=ctrmm_LCLU_ -DCNAME=ctrmm_LCLU -DCHAR_NAME=\"ctrmm_LCLU_\" -DCHAR_CNAME=\"ctrmm_LCLU\" -DNO_AFFINITY -I../.. -UDOUBLE  -DCOMPLEX -DCOMPLEX -UDOUBLE -DTRANSA -UUPPER -DUNIT -DCONJ trmm_L.c -o ctrmm_LCLU.o
cc -c -O2 -DMAX_STACK_ALLOC=2048 -Wall -m64 -DF_INTERFACE_GFORT -fPIC -DNO_LAPACK -DNO_LAPACKE -DSMP_SERVER -DNO_WARMUP -DMAX_CPU_NUMBER=4 -DMAX_PARALLEL_NUMBER=1 -DBUILD_SINGLE=1 -DBUILD_DOUBLE=1 -DBUILD_COMPLEX=1 -DBUILD_COMPLEX16=1 -DVERSION=\"0.3.17.dev\" -msse3 -mssse3 -msse4.1 -mavx -mavx2 -mavx2 -UASMNAME -UASMFNAME -UNAME -UCNAME -UCHAR_NAME -UCHAR_CNAME -DASMNAME=ctrmm_LCLN -DASMFNAME=ctrmm_LCLN_ -DNAME=ctrmm_LCLN_ -DCNAME=ctrmm_LCLN -DCHAR_NAME=\"ctrmm_LCLN_\" -DCHAR_CNAME=\"ctrmm_LCLN\" -DNO_AFFINITY -I../.. -UDOUBLE  -DCOMPLEX -DCOMPLEX -UDOUBLE -DTRANSA -UUPPER -UUNIT -DCONJ trmm_L.c -o ctrmm_LCLN.o
cc -c -O2 -DMAX_STACK_ALLOC=2048 -Wall -m64 -DF_INTERFACE_GFORT -fPIC -DNO_LAPACK -DNO_LAPACKE -DSMP_SERVER -DNO_WARMUP -DMAX_CPU_NUMBER=4 -DMAX_PARALLEL_NUMBER=1 -DBUILD_SINGLE=1 -DBUILD_DOUBLE=1 -DBUILD_COMPLEX=1 -DBUILD_COMPLEX16=1 -DVERSION=\"0.3.17.dev\" -msse3 -mssse3 -msse4.1 -mavx -mavx2 -mavx2 -UASMNAME -UASMFNAME -UNAME -UCNAME -UCHAR_NAME -UCHAR_CNAME -DASMNAME=ctrmm_RNUU -DASMFNAME=ctrmm_RNUU_ -DNAME=ctrmm_RNUU_ -DCNAME=ctrmm_RNUU -DCHAR_NAME=\"ctrmm_RNUU_\" -DCHAR_CNAME=\"ctrmm_RNUU\" -DNO_AFFINITY -I../.. -UDOUBLE  -DCOMPLEX -DCOMPLEX -UDOUBLE -UTRANSA -DUPPER -DUNIT -UCONJ trmm_R.c -o ctrmm_RNUU.o
cc -c -O2 -DMAX_STACK_ALLOC=2048 -Wall -m64 -DF_INTERFACE_GFORT -fPIC -DNO_LAPACK -DNO_LAPACKE -DSMP_SERVER -DNO_WARMUP -DMAX_CPU_NUMBER=4 -DMAX_PARALLEL_NUMBER=1 -DBUILD_SINGLE=1 -DBUILD_DOUBLE=1 -DBUILD_COMPLEX=1 -DBUILD_COMPLEX16=1 -DVERSION=\"0.3.17.dev\" -msse3 -mssse3 -msse4.1 -mavx -mavx2 -mavx2 -UASMNAME -UASMFNAME -UNAME -UCNAME -UCHAR_NAME -UCHAR_CNAME -DASMNAME=ctrmm_RNUN -DASMFNAME=ctrmm_RNUN_ -DNAME=ctrmm_RNUN_ -DCNAME=ctrmm_RNUN -DCHAR_NAME=\"ctrmm_RNUN_\" -DCHAR_CNAME=\"ctrmm_RNUN\" -DNO_AFFINITY -I../.. -UDOUBLE  -DCOMPLEX -DCOMPLEX -UDOUBLE -UTRANSA -DUPPER -UUNIT -UCONJ trmm_R.c -o ctrmm_RNUN.o
cc -c -O2 -DMAX_STACK_ALLOC=2048 -Wall -m64 -DF_INTERFACE_GFORT -fPIC -DNO_LAPACK -DNO_LAPACKE -DSMP_SERVER -DNO_WARMUP -DMAX_CPU_NUMBER=4 -DMAX_PARALLEL_NUMBER=1 -DBUILD_SINGLE=1 -DBUILD_DOUBLE=1 -DBUILD_COMPLEX=1 -DBUILD_COMPLEX16=1 -DVERSION=\"0.3.17.dev\" -msse3 -mssse3 -msse4.1 -mavx -mavx2 -mavx2 -UASMNAME -UASMFNAME -UNAME -UCNAME -UCHAR_NAME -UCHAR_CNAME -DASMNAME=ctrmm_RNLU -DASMFNAME=ctrmm_RNLU_ -DNAME=ctrmm_RNLU_ -DCNAME=ctrmm_RNLU -DCHAR_NAME=\"ctrmm_RNLU_\" -DCHAR_CNAME=\"ctrmm_RNLU\" -DNO_AFFINITY -I../.. -UDOUBLE  -DCOMPLEX -DCOMPLEX -UDOUBLE -UTRANSA -UUPPER -DUNIT -UCONJ trmm_R.c -o ctrmm_RNLU.o
cc -c -O2 -DMAX_STACK_ALLOC=2048 -Wall -m64 -DF_INTERFACE_GFORT -fPIC -DNO_LAPACK -DNO_LAPACKE -DSMP_SERVER -DNO_WARMUP -DMAX_CPU_NUMBER=4 -DMAX_PARALLEL_NUMBER=1 -DBUILD_SINGLE=1 -DBUILD_DOUBLE=1 -DBUILD_COMPLEX=1 -DBUILD_COMPLEX16=1 -DVERSION=\"0.3.17.dev\" -msse3 -mssse3 -msse4.1 -mavx -mavx2 -mavx2 -UASMNAME -UASMFNAME -UNAME -UCNAME -UCHAR_NAME -UCHAR_CNAME -DASMNAME=ctrmm_RNLN -DASMFNAME=ctrmm_RNLN_ -DNAME=ctrmm_RNLN_ -DCNAME=ctrmm_RNLN -DCHAR_NAME=\"ctrmm_RNLN_\" -DCHAR_CNAME=\"ctrmm_RNLN\" -DNO_AFFINITY -I../.. -UDOUBLE  -DCOMPLEX -DCOMPLEX -UDOUBLE -UTRANSA -UUPPER -UUNIT -UCONJ trmm_R.c -o ctrmm_RNLN.o
cc -c -O2 -DMAX_STACK_ALLOC=2048 -Wall -m64 -DF_INTERFACE_GFORT -fPIC -DNO_LAPACK -DNO_LAPACKE -DSMP_SERVER -DNO_WARMUP -DMAX_CPU_NUMBER=4 -DMAX_PARALLEL_NUMBER=1 -DBUILD_SINGLE=1 -DBUILD_DOUBLE=1 -DBUILD_COMPLEX=1 -DBUILD_COMPLEX16=1 -DVERSION=\"0.3.17.dev\" -msse3 -mssse3 -msse4.1 -mavx -mavx2 -mavx2 -UASMNAME -UASMFNAME -UNAME -UCNAME -UCHAR_NAME -UCHAR_CNAME -DASMNAME=ctrmm_RTUU -DASMFNAME=ctrmm_RTUU_ -DNAME=ctrmm_RTUU_ -DCNAME=ctrmm_RTUU -DCHAR_NAME=\"ctrmm_RTUU_\" -DCHAR_CNAME=\"ctrmm_RTUU\" -DNO_AFFINITY -I../.. -UDOUBLE  -DCOMPLEX -DCOMPLEX -UDOUBLE -DTRANSA -DUPPER -DUNIT -UCONJ trmm_R.c -o ctrmm_RTUU.o
cc -c -O2 -DMAX_STACK_ALLOC=2048 -Wall -m64 -DF_INTERFACE_GFORT -fPIC -DNO_LAPACK -DNO_LAPACKE -DSMP_SERVER -DNO_WARMUP -DMAX_CPU_NUMBER=4 -DMAX_PARALLEL_NUMBER=1 -DBUILD_SINGLE=1 -DBUILD_DOUBLE=1 -DBUILD_COMPLEX=1 -DBUILD_COMPLEX16=1 -DVERSION=\"0.3.17.dev\" -msse3 -mssse3 -msse4.1 -mavx -mavx2 -mavx2 -UASMNAME -UASMFNAME -UNAME -UCNAME -UCHAR_NAME -UCHAR_CNAME -DASMNAME=ctrmm_RTUN -DASMFNAME=ctrmm_RTUN_ -DNAME=ctrmm_RTUN_ -DCNAME=ctrmm_RTUN -DCHAR_NAME=\"ctrmm_RTUN_\" -DCHAR_CNAME=\"ctrmm_RTUN\" -DNO_AFFINITY -I../.. -UDOUBLE  -DCOMPLEX -DCOMPLEX -UDOUBLE -DTRANSA -DUPPER -UUNIT -UCONJ trmm_R.c -o ctrmm_RTUN.o
cc -c -O2 -DMAX_STACK_ALLOC=2048 -Wall -m64 -DF_INTERFACE_GFORT -fPIC -DNO_LAPACK -DNO_LAPACKE -DSMP_SERVER -DNO_WARMUP -DMAX_CPU_NUMBER=4 -DMAX_PARALLEL_NUMBER=1 -DBUILD_SINGLE=1 -DBUILD_DOUBLE=1 -DBUILD_COMPLEX=1 -DBUILD_COMPLEX16=1 -DVERSION=\"0.3.17.dev\" -msse3 -mssse3 -msse4.1 -mavx -mavx2 -mavx2 -UASMNAME -UASMFNAME -UNAME -UCNAME -UCHAR_NAME -UCHAR_CNAME -DASMNAME=ctrmm_RTLU -DASMFNAME=ctrmm_RTLU_ -DNAME=ctrmm_RTLU_ -DCNAME=ctrmm_RTLU -DCHAR_NAME=\"ctrmm_RTLU_\" -DCHAR_CNAME=\"ctrmm_RTLU\" -DNO_AFFINITY -I../.. -UDOUBLE  -DCOMPLEX -DCOMPLEX -UDOUBLE -DTRANSA -UUPPER -DUNIT -UCONJ trmm_R.c -o ctrmm_RTLU.o
cc -c -O2 -DMAX_STACK_ALLOC=2048 -Wall -m64 -DF_INTERFACE_GFORT -fPIC -DNO_LAPACK -DNO_LAPACKE -DSMP_SERVER -DNO_WARMUP -DMAX_CPU_NUMBER=4 -DMAX_PARALLEL_NUMBER=1 -DBUILD_SINGLE=1 -DBUILD_DOUBLE=1 -DBUILD_COMPLEX=1 -DBUILD_COMPLEX16=1 -DVERSION=\"0.3.17.dev\" -msse3 -mssse3 -msse4.1 -mavx -mavx2 -mavx2 -UASMNAME -UASMFNAME -UNAME -UCNAME -UCHAR_NAME -UCHAR_CNAME -DASMNAME=ctrmm_RTLN -DASMFNAME=ctrmm_RTLN_ -DNAME=ctrmm_RTLN_ -DCNAME=ctrmm_RTLN -DCHAR_NAME=\"ctrmm_RTLN_\" -DCHAR_CNAME=\"ctrmm_RTLN\" -DNO_AFFINITY -I../.. -UDOUBLE  -DCOMPLEX -DCOMPLEX -UDOUBLE -DTRANSA -UUPPER -UUNIT -UCONJ trmm_R.c -o ctrmm_RTLN.o
cc -c -O2 -DMAX_STACK_ALLOC=2048 -Wall -m64 -DF_INTERFACE_GFORT -fPIC -DNO_LAPACK -DNO_LAPACKE -DSMP_SERVER -DNO_WARMUP -DMAX_CPU_NUMBER=4 -DMAX_PARALLEL_NUMBER=1 -DBUILD_SINGLE=1 -DBUILD_DOUBLE=1 -DBUILD_COMPLEX=1 -DBUILD_COMPLEX16=1 -DVERSION=\"0.3.17.dev\" -msse3 -mssse3 -msse4.1 -mavx -mavx2 -mavx2 -UASMNAME -UASMFNAME -UNAME -UCNAME -UCHAR_NAME -UCHAR_CNAME -DASMNAME=ctrmm_RRUU -DASMFNAME=ctrmm_RRUU_ -DNAME=ctrmm_RRUU_ -DCNAME=ctrmm_RRUU -DCHAR_NAME=\"ctrmm_RRUU_\" -DCHAR_CNAME=\"ctrmm_RRUU\" -DNO_AFFINITY -I../.. -UDOUBLE  -DCOMPLEX -DCOMPLEX -UDOUBLE -UTRANSA -DUPPER -DUNIT -DCONJ trmm_R.c -o ctrmm_RRUU.o
cc -c -O2 -DMAX_STACK_ALLOC=2048 -Wall -m64 -DF_INTERFACE_GFORT -fPIC -DNO_LAPACK -DNO_LAPACKE -DSMP_SERVER -DNO_WARMUP -DMAX_CPU_NUMBER=4 -DMAX_PARALLEL_NUMBER=1 -DBUILD_SINGLE=1 -DBUILD_DOUBLE=1 -DBUILD_COMPLEX=1 -DBUILD_COMPLEX16=1 -DVERSION=\"0.3.17.dev\" -msse3 -mssse3 -msse4.1 -mavx -mavx2 -mavx2 -UASMNAME -UASMFNAME -UNAME -UCNAME -UCHAR_NAME -UCHAR_CNAME -DASMNAME=ctrmm_RRUN -DASMFNAME=ctrmm_RRUN_ -DNAME=ctrmm_RRUN_ -DCNAME=ctrmm_RRUN -DCHAR_NAME=\"ctrmm_RRUN_\" -DCHAR_CNAME=\"ctrmm_RRUN\" -DNO_AFFINITY -I../.. -UDOUBLE  -DCOMPLEX -DCOMPLEX -UDOUBLE -UTRANSA -DUPPER -UUNIT -DCONJ trmm_R.c -o ctrmm_RRUN.o
cc -c -O2 -DMAX_STACK_ALLOC=2048 -Wall -m64 -DF_INTERFACE_GFORT -fPIC -DNO_LAPACK -DNO_LAPACKE -DSMP_SERVER -DNO_WARMUP -DMAX_CPU_NUMBER=4 -DMAX_PARALLEL_NUMBER=1 -DBUILD_SINGLE=1 -DBUILD_DOUBLE=1 -DBUILD_COMPLEX=1 -DBUILD_COMPLEX16=1 -DVERSION=\"0.3.17.dev\" -msse3 -mssse3 -msse4.1 -mavx -mavx2 -mavx2 -UASMNAME -UASMFNAME -UNAME -UCNAME -UCHAR_NAME -UCHAR_CNAME -DASMNAME=ctrmm_RRLU -DASMFNAME=ctrmm_RRLU_ -DNAME=ctrmm_RRLU_ -DCNAME=ctrmm_RRLU -DCHAR_NAME=\"ctrmm_RRLU_\" -DCHAR_CNAME=\"ctrmm_RRLU\" -DNO_AFFINITY -I../.. -UDOUBLE  -DCOMPLEX -DCOMPLEX -UDOUBLE -UTRANSA -UUPPER -DUNIT -DCONJ trmm_R.c -o ctrmm_RRLU.o
cc -c -O2 -DMAX_STACK_ALLOC=2048 -Wall -m64 -DF_INTERFACE_GFORT -fPIC -DNO_LAPACK -DNO_LAPACKE -DSMP_SERVER -DNO_WARMUP -DMAX_CPU_NUMBER=4 -DMAX_PARALLEL_NUMBER=1 -DBUILD_SINGLE=1 -DBUILD_DOUBLE=1 -DBUILD_COMPLEX=1 -DBUILD_COMPLEX16=1 -DVERSION=\"0.3.17.dev\" -msse3 -mssse3 -msse4.1 -mavx -mavx2 -mavx2 -UASMNAME -UASMFNAME -UNAME -UCNAME -UCHAR_NAME -UCHAR_CNAME -DASMNAME=ctrmm_RRLN -DASMFNAME=ctrmm_RRLN_ -DNAME=ctrmm_RRLN_ -DCNAME=ctrmm_RRLN -DCHAR_NAME=\"ctrmm_RRLN_\" -DCHAR_CNAME=\"ctrmm_RRLN\" -DNO_AFFINITY -I../.. -UDOUBLE  -DCOMPLEX -DCOMPLEX -UDOUBLE -UTRANSA -UUPPER -UUNIT -DCONJ trmm_R.c -o ctrmm_RRLN.o
cc -c -O2 -DMAX_STACK_ALLOC=2048 -Wall -m64 -DF_INTERFACE_GFORT -fPIC -DNO_LAPACK -DNO_LAPACKE -DSMP_SERVER -DNO_WARMUP -DMAX_CPU_NUMBER=4 -DMAX_PARALLEL_NUMBER=1 -DBUILD_SINGLE=1 -DBUILD_DOUBLE=1 -DBUILD_COMPLEX=1 -DBUILD_COMPLEX16=1 -DVERSION=\"0.3.17.dev\" -msse3 -mssse3 -msse4.1 -mavx -mavx2 -mavx2 -UASMNAME -UASMFNAME -UNAME -UCNAME -UCHAR_NAME -UCHAR_CNAME -DASMNAME=ctrmm_RCUU -DASMFNAME=ctrmm_RCUU_ -DNAME=ctrmm_RCUU_ -DCNAME=ctrmm_RCUU -DCHAR_NAME=\"ctrmm_RCUU_\" -DCHAR_CNAME=\"ctrmm_RCUU\" -DNO_AFFINITY -I../.. -UDOUBLE  -DCOMPLEX -DCOMPLEX -UDOUBLE -DTRANSA -DUPPER -DUNIT -DCONJ trmm_R.c -o ctrmm_RCUU.o
cc -c -O2 -DMAX_STACK_ALLOC=2048 -Wall -m64 -DF_INTERFACE_GFORT -fPIC -DNO_LAPACK -DNO_LAPACKE -DSMP_SERVER -DNO_WARMUP -DMAX_CPU_NUMBER=4 -DMAX_PARALLEL_NUMBER=1 -DBUILD_SINGLE=1 -DBUILD_DOUBLE=1 -DBUILD_COMPLEX=1 -DBUILD_COMPLEX16=1 -DVERSION=\"0.3.17.dev\" -msse3 -mssse3 -msse4.1 -mavx -mavx2 -mavx2 -UASMNAME -UASMFNAME -UNAME -UCNAME -UCHAR_NAME -UCHAR_CNAME -DASMNAME=ctrmm_RCUN -DASMFNAME=ctrmm_RCUN_ -DNAME=ctrmm_RCUN_ -DCNAME=ctrmm_RCUN -DCHAR_NAME=\"ctrmm_RCUN_\" -DCHAR_CNAME=\"ctrmm_RCUN\" -DNO_AFFINITY -I../.. -UDOUBLE  -DCOMPLEX -DCOMPLEX -UDOUBLE -DTRANSA -DUPPER -UUNIT -DCONJ trmm_R.c -o ctrmm_RCUN.o
cc -c -O2 -DMAX_STACK_ALLOC=2048 -Wall -m64 -DF_INTERFACE_GFORT -fPIC -DNO_LAPACK -DNO_LAPACKE -DSMP_SERVER -DNO_WARMUP -DMAX_CPU_NUMBER=4 -DMAX_PARALLEL_NUMBER=1 -DBUILD_SINGLE=1 -DBUILD_DOUBLE=1 -DBUILD_COMPLEX=1 -DBUILD_COMPLEX16=1 -DVERSION=\"0.3.17.dev\" -msse3 -mssse3 -msse4.1 -mavx -mavx2 -mavx2 -UASMNAME -UASMFNAME -UNAME -UCNAME -UCHAR_NAME -UCHAR_CNAME -DASMNAME=ctrmm_RCLU -DASMFNAME=ctrmm_RCLU_ -DNAME=ctrmm_RCLU_ -DCNAME=ctrmm_RCLU -DCHAR_NAME=\"ctrmm_RCLU_\" -DCHAR_CNAME=\"ctrmm_RCLU\" -DNO_AFFINITY -I../.. -UDOUBLE  -DCOMPLEX -DCOMPLEX -UDOUBLE -DTRANSA -UUPPER -DUNIT -DCONJ trmm_R.c -o ctrmm_RCLU.o
cc -c -O2 -DMAX_STACK_ALLOC=2048 -Wall -m64 -DF_INTERFACE_GFORT -fPIC -DNO_LAPACK -DNO_LAPACKE -DSMP_SERVER -DNO_WARMUP -DMAX_CPU_NUMBER=4 -DMAX_PARALLEL_NUMBER=1 -DBUILD_SINGLE=1 -DBUILD_DOUBLE=1 -DBUILD_COMPLEX=1 -DBUILD_COMPLEX16=1 -DVERSION=\"0.3.17.dev\" -msse3 -mssse3 -msse4.1 -mavx -mavx2 -mavx2 -UASMNAME -UASMFNAME -UNAME -UCNAME -UCHAR_NAME -UCHAR_CNAME -DASMNAME=ctrmm_RCLN -DASMFNAME=ctrmm_RCLN_ -DNAME=ctrmm_RCLN_ -DCNAME=ctrmm_RCLN -DCHAR_NAME=\"ctrmm_RCLN_\" -DCHAR_CNAME=\"ctrmm_RCLN\" -DNO_AFFINITY -I../.. -UDOUBLE  -DCOMPLEX -DCOMPLEX -UDOUBLE -DTRANSA -UUPPER -UUNIT -DCONJ trmm_R.c -o ctrmm_RCLN.o
cc -c -O2 -DMAX_STACK_ALLOC=2048 -Wall -m64 -DF_INTERFACE_GFORT -fPIC -DNO_LAPACK -DNO_LAPACKE -DSMP_SERVER -DNO_WARMUP -DMAX_CPU_NUMBER=4 -DMAX_PARALLEL_NUMBER=1 -DBUILD_SINGLE=1 -DBUILD_DOUBLE=1 -DBUILD_COMPLEX=1 -DBUILD_COMPLEX16=1 -DVERSION=\"0.3.17.dev\" -msse3 -mssse3 -msse4.1 -mavx -mavx2 -mavx2 -UASMNAME -UASMFNAME -UNAME -UCNAME -UCHAR_NAME -UCHAR_CNAME -DASMNAME=ctrsm_LNUU -DASMFNAME=ctrsm_LNUU_ -DNAME=ctrsm_LNUU_ -DCNAME=ctrsm_LNUU -DCHAR_NAME=\"ctrsm_LNUU_\" -DCHAR_CNAME=\"ctrsm_LNUU\" -DNO_AFFINITY -I../.. -UDOUBLE  -DCOMPLEX -DCOMPLEX -UDOUBLE -UTRANSA -DUPPER -DUNIT -UCONJ trsm_L.c -o ctrsm_LNUU.o
cc -c -O2 -DMAX_STACK_ALLOC=2048 -Wall -m64 -DF_INTERFACE_GFORT -fPIC -DNO_LAPACK -DNO_LAPACKE -DSMP_SERVER -DNO_WARMUP -DMAX_CPU_NUMBER=4 -DMAX_PARALLEL_NUMBER=1 -DBUILD_SINGLE=1 -DBUILD_DOUBLE=1 -DBUILD_COMPLEX=1 -DBUILD_COMPLEX16=1 -DVERSION=\"0.3.17.dev\" -msse3 -mssse3 -msse4.1 -mavx -mavx2 -mavx2 -UASMNAME -UASMFNAME -UNAME -UCNAME -UCHAR_NAME -UCHAR_CNAME -DASMNAME=ctrsm_LNUN -DASMFNAME=ctrsm_LNUN_ -DNAME=ctrsm_LNUN_ -DCNAME=ctrsm_LNUN -DCHAR_NAME=\"ctrsm_LNUN_\" -DCHAR_CNAME=\"ctrsm_LNUN\" -DNO_AFFINITY -I../.. -UDOUBLE  -DCOMPLEX -DCOMPLEX -UDOUBLE -UTRANSA -DUPPER -UUNIT -UCONJ trsm_L.c -o ctrsm_LNUN.o
cc -c -O2 -DMAX_STACK_ALLOC=2048 -Wall -m64 -DF_INTERFACE_GFORT -fPIC -DNO_LAPACK -DNO_LAPACKE -DSMP_SERVER -DNO_WARMUP -DMAX_CPU_NUMBER=4 -DMAX_PARALLEL_NUMBER=1 -DBUILD_SINGLE=1 -DBUILD_DOUBLE=1 -DBUILD_COMPLEX=1 -DBUILD_COMPLEX16=1 -DVERSION=\"0.3.17.dev\" -msse3 -mssse3 -msse4.1 -mavx -mavx2 -mavx2 -UASMNAME -UASMFNAME -UNAME -UCNAME -UCHAR_NAME -UCHAR_CNAME -DASMNAME=ctrsm_LNLU -DASMFNAME=ctrsm_LNLU_ -DNAME=ctrsm_LNLU_ -DCNAME=ctrsm_LNLU -DCHAR_NAME=\"ctrsm_LNLU_\" -DCHAR_CNAME=\"ctrsm_LNLU\" -DNO_AFFINITY -I../.. -UDOUBLE  -DCOMPLEX -DCOMPLEX -UDOUBLE -UTRANSA -UUPPER -DUNIT -UCONJ trsm_L.c -o ctrsm_LNLU.o
cc -c -O2 -DMAX_STACK_ALLOC=2048 -Wall -m64 -DF_INTERFACE_GFORT -fPIC -DNO_LAPACK -DNO_LAPACKE -DSMP_SERVER -DNO_WARMUP -DMAX_CPU_NUMBER=4 -DMAX_PARALLEL_NUMBER=1 -DBUILD_SINGLE=1 -DBUILD_DOUBLE=1 -DBUILD_COMPLEX=1 -DBUILD_COMPLEX16=1 -DVERSION=\"0.3.17.dev\" -msse3 -mssse3 -msse4.1 -mavx -mavx2 -mavx2 -UASMNAME -UASMFNAME -UNAME -UCNAME -UCHAR_NAME -UCHAR_CNAME -DASMNAME=ctrsm_LNLN -DASMFNAME=ctrsm_LNLN_ -DNAME=ctrsm_LNLN_ -DCNAME=ctrsm_LNLN -DCHAR_NAME=\"ctrsm_LNLN_\" -DCHAR_CNAME=\"ctrsm_LNLN\" -DNO_AFFINITY -I../.. -UDOUBLE  -DCOMPLEX -DCOMPLEX -UDOUBLE -UTRANSA -UUPPER -UUNIT -UCONJ trsm_L.c -o ctrsm_LNLN.o
cc -c -O2 -DMAX_STACK_ALLOC=2048 -Wall -m64 -DF_INTERFACE_GFORT -fPIC -DNO_LAPACK -DNO_LAPACKE -DSMP_SERVER -DNO_WARMUP -DMAX_CPU_NUMBER=4 -DMAX_PARALLEL_NUMBER=1 -DBUILD_SINGLE=1 -DBUILD_DOUBLE=1 -DBUILD_COMPLEX=1 -DBUILD_COMPLEX16=1 -DVERSION=\"0.3.17.dev\" -msse3 -mssse3 -msse4.1 -mavx -mavx2 -mavx2 -UASMNAME -UASMFNAME -UNAME -UCNAME -UCHAR_NAME -UCHAR_CNAME -DASMNAME=ctrsm_LTUU -DASMFNAME=ctrsm_LTUU_ -DNAME=ctrsm_LTUU_ -DCNAME=ctrsm_LTUU -DCHAR_NAME=\"ctrsm_LTUU_\" -DCHAR_CNAME=\"ctrsm_LTUU\" -DNO_AFFINITY -I../.. -UDOUBLE  -DCOMPLEX -DCOMPLEX -UDOUBLE -DTRANSA -DUPPER -DUNIT -UCONJ trsm_L.c -o ctrsm_LTUU.o
cc -c -O2 -DMAX_STACK_ALLOC=2048 -Wall -m64 -DF_INTERFACE_GFORT -fPIC -DNO_LAPACK -DNO_LAPACKE -DSMP_SERVER -DNO_WARMUP -DMAX_CPU_NUMBER=4 -DMAX_PARALLEL_NUMBER=1 -DBUILD_SINGLE=1 -DBUILD_DOUBLE=1 -DBUILD_COMPLEX=1 -DBUILD_COMPLEX16=1 -DVERSION=\"0.3.17.dev\" -msse3 -mssse3 -msse4.1 -mavx -mavx2 -mavx2 -UASMNAME -UASMFNAME -UNAME -UCNAME -UCHAR_NAME -UCHAR_CNAME -DASMNAME=ctrsm_LTUN -DASMFNAME=ctrsm_LTUN_ -DNAME=ctrsm_LTUN_ -DCNAME=ctrsm_LTUN -DCHAR_NAME=\"ctrsm_LTUN_\" -DCHAR_CNAME=\"ctrsm_LTUN\" -DNO_AFFINITY -I../.. -UDOUBLE  -DCOMPLEX -DCOMPLEX -UDOUBLE -DTRANSA -DUPPER -UUNIT -UCONJ trsm_L.c -o ctrsm_LTUN.o
cc -c -O2 -DMAX_STACK_ALLOC=2048 -Wall -m64 -DF_INTERFACE_GFORT -fPIC -DNO_LAPACK -DNO_LAPACKE -DSMP_SERVER -DNO_WARMUP -DMAX_CPU_NUMBER=4 -DMAX_PARALLEL_NUMBER=1 -DBUILD_SINGLE=1 -DBUILD_DOUBLE=1 -DBUILD_COMPLEX=1 -DBUILD_COMPLEX16=1 -DVERSION=\"0.3.17.dev\" -msse3 -mssse3 -msse4.1 -mavx -mavx2 -mavx2 -UASMNAME -UASMFNAME -UNAME -UCNAME -UCHAR_NAME -UCHAR_CNAME -DASMNAME=ctrsm_LTLU -DASMFNAME=ctrsm_LTLU_ -DNAME=ctrsm_LTLU_ -DCNAME=ctrsm_LTLU -DCHAR_NAME=\"ctrsm_LTLU_\" -DCHAR_CNAME=\"ctrsm_LTLU\" -DNO_AFFINITY -I../.. -UDOUBLE  -DCOMPLEX -DCOMPLEX -UDOUBLE -DTRANSA -UUPPER -DUNIT -UCONJ trsm_L.c -o ctrsm_LTLU.o
cc -c -O2 -DMAX_STACK_ALLOC=2048 -Wall -m64 -DF_INTERFACE_GFORT -fPIC -DNO_LAPACK -DNO_LAPACKE -DSMP_SERVER -DNO_WARMUP -DMAX_CPU_NUMBER=4 -DMAX_PARALLEL_NUMBER=1 -DBUILD_SINGLE=1 -DBUILD_DOUBLE=1 -DBUILD_COMPLEX=1 -DBUILD_COMPLEX16=1 -DVERSION=\"0.3.17.dev\" -msse3 -mssse3 -msse4.1 -mavx -mavx2 -mavx2 -UASMNAME -UASMFNAME -UNAME -UCNAME -UCHAR_NAME -UCHAR_CNAME -DASMNAME=ctrsm_LTLN -DASMFNAME=ctrsm_LTLN_ -DNAME=ctrsm_LTLN_ -DCNAME=ctrsm_LTLN -DCHAR_NAME=\"ctrsm_LTLN_\" -DCHAR_CNAME=\"ctrsm_LTLN\" -DNO_AFFINITY -I../.. -UDOUBLE  -DCOMPLEX -DCOMPLEX -UDOUBLE -DTRANSA -UUPPER -UUNIT -UCONJ trsm_L.c -o ctrsm_LTLN.o
cc -c -O2 -DMAX_STACK_ALLOC=2048 -Wall -m64 -DF_INTERFACE_GFORT -fPIC -DNO_LAPACK -DNO_LAPACKE -DSMP_SERVER -DNO_WARMUP -DMAX_CPU_NUMBER=4 -DMAX_PARALLEL_NUMBER=1 -DBUILD_SINGLE=1 -DBUILD_DOUBLE=1 -DBUILD_COMPLEX=1 -DBUILD_COMPLEX16=1 -DVERSION=\"0.3.17.dev\" -msse3 -mssse3 -msse4.1 -mavx -mavx2 -mavx2 -UASMNAME -UASMFNAME -UNAME -UCNAME -UCHAR_NAME -UCHAR_CNAME -DASMNAME=ctrsm_LRUU -DASMFNAME=ctrsm_LRUU_ -DNAME=ctrsm_LRUU_ -DCNAME=ctrsm_LRUU -DCHAR_NAME=\"ctrsm_LRUU_\" -DCHAR_CNAME=\"ctrsm_LRUU\" -DNO_AFFINITY -I../.. -UDOUBLE  -DCOMPLEX -DCOMPLEX -UDOUBLE -UTRANSA -DUPPER -DUNIT -DCONJ trsm_L.c -o ctrsm_LRUU.o
cc -c -O2 -DMAX_STACK_ALLOC=2048 -Wall -m64 -DF_INTERFACE_GFORT -fPIC -DNO_LAPACK -DNO_LAPACKE -DSMP_SERVER -DNO_WARMUP -DMAX_CPU_NUMBER=4 -DMAX_PARALLEL_NUMBER=1 -DBUILD_SINGLE=1 -DBUILD_DOUBLE=1 -DBUILD_COMPLEX=1 -DBUILD_COMPLEX16=1 -DVERSION=\"0.3.17.dev\" -msse3 -mssse3 -msse4.1 -mavx -mavx2 -mavx2 -UASMNAME -UASMFNAME -UNAME -UCNAME -UCHAR_NAME -UCHAR_CNAME -DASMNAME=ctrsm_LRUN -DASMFNAME=ctrsm_LRUN_ -DNAME=ctrsm_LRUN_ -DCNAME=ctrsm_LRUN -DCHAR_NAME=\"ctrsm_LRUN_\" -DCHAR_CNAME=\"ctrsm_LRUN\" -DNO_AFFINITY -I../.. -UDOUBLE  -DCOMPLEX -DCOMPLEX -UDOUBLE -UTRANSA -DUPPER -UUNIT -DCONJ trsm_L.c -o ctrsm_LRUN.o
cc -c -O2 -DMAX_STACK_ALLOC=2048 -Wall -m64 -DF_INTERFACE_GFORT -fPIC -DNO_LAPACK -DNO_LAPACKE -DSMP_SERVER -DNO_WARMUP -DMAX_CPU_NUMBER=4 -DMAX_PARALLEL_NUMBER=1 -DBUILD_SINGLE=1 -DBUILD_DOUBLE=1 -DBUILD_COMPLEX=1 -DBUILD_COMPLEX16=1 -DVERSION=\"0.3.17.dev\" -msse3 -mssse3 -msse4.1 -mavx -mavx2 -mavx2 -UASMNAME -UASMFNAME -UNAME -UCNAME -UCHAR_NAME -UCHAR_CNAME -DASMNAME=ctrsm_LRLU -DASMFNAME=ctrsm_LRLU_ -DNAME=ctrsm_LRLU_ -DCNAME=ctrsm_LRLU -DCHAR_NAME=\"ctrsm_LRLU_\" -DCHAR_CNAME=\"ctrsm_LRLU\" -DNO_AFFINITY -I../.. -UDOUBLE  -DCOMPLEX -DCOMPLEX -UDOUBLE -UTRANSA -UUPPER -DUNIT -DCONJ trsm_L.c -o ctrsm_LRLU.o
cc -c -O2 -DMAX_STACK_ALLOC=2048 -Wall -m64 -DF_INTERFACE_GFORT -fPIC -DNO_LAPACK -DNO_LAPACKE -DSMP_SERVER -DNO_WARMUP -DMAX_CPU_NUMBER=4 -DMAX_PARALLEL_NUMBER=1 -DBUILD_SINGLE=1 -DBUILD_DOUBLE=1 -DBUILD_COMPLEX=1 -DBUILD_COMPLEX16=1 -DVERSION=\"0.3.17.dev\" -msse3 -mssse3 -msse4.1 -mavx -mavx2 -mavx2 -UASMNAME -UASMFNAME -UNAME -UCNAME -UCHAR_NAME -UCHAR_CNAME -DASMNAME=ctrsm_LRLN -DASMFNAME=ctrsm_LRLN_ -DNAME=ctrsm_LRLN_ -DCNAME=ctrsm_LRLN -DCHAR_NAME=\"ctrsm_LRLN_\" -DCHAR_CNAME=\"ctrsm_LRLN\" -DNO_AFFINITY -I../.. -UDOUBLE  -DCOMPLEX -DCOMPLEX -UDOUBLE -UTRANSA -UUPPER -UUNIT -DCONJ trsm_L.c -o ctrsm_LRLN.o
cc -c -O2 -DMAX_STACK_ALLOC=2048 -Wall -m64 -DF_INTERFACE_GFORT -fPIC -DNO_LAPACK -DNO_LAPACKE -DSMP_SERVER -DNO_WARMUP -DMAX_CPU_NUMBER=4 -DMAX_PARALLEL_NUMBER=1 -DBUILD_SINGLE=1 -DBUILD_DOUBLE=1 -DBUILD_COMPLEX=1 -DBUILD_COMPLEX16=1 -DVERSION=\"0.3.17.dev\" -msse3 -mssse3 -msse4.1 -mavx -mavx2 -mavx2 -UASMNAME -UASMFNAME -UNAME -UCNAME -UCHAR_NAME -UCHAR_CNAME -DASMNAME=ctrsm_LCUU -DASMFNAME=ctrsm_LCUU_ -DNAME=ctrsm_LCUU_ -DCNAME=ctrsm_LCUU -DCHAR_NAME=\"ctrsm_LCUU_\" -DCHAR_CNAME=\"ctrsm_LCUU\" -DNO_AFFINITY -I../.. -UDOUBLE  -DCOMPLEX -DCOMPLEX -UDOUBLE -DTRANSA -DUPPER -DUNIT -DCONJ trsm_L.c -o ctrsm_LCUU.o
cc -c -O2 -DMAX_STACK_ALLOC=2048 -Wall -m64 -DF_INTERFACE_GFORT -fPIC -DNO_LAPACK -DNO_LAPACKE -DSMP_SERVER -DNO_WARMUP -DMAX_CPU_NUMBER=4 -DMAX_PARALLEL_NUMBER=1 -DBUILD_SINGLE=1 -DBUILD_DOUBLE=1 -DBUILD_COMPLEX=1 -DBUILD_COMPLEX16=1 -DVERSION=\"0.3.17.dev\" -msse3 -mssse3 -msse4.1 -mavx -mavx2 -mavx2 -UASMNAME -UASMFNAME -UNAME -UCNAME -UCHAR_NAME -UCHAR_CNAME -DASMNAME=ctrsm_LCUN -DASMFNAME=ctrsm_LCUN_ -DNAME=ctrsm_LCUN_ -DCNAME=ctrsm_LCUN -DCHAR_NAME=\"ctrsm_LCUN_\" -DCHAR_CNAME=\"ctrsm_LCUN\" -DNO_AFFINITY -I../.. -UDOUBLE  -DCOMPLEX -DCOMPLEX -UDOUBLE -DTRANSA -DUPPER -UUNIT -DCONJ trsm_L.c -o ctrsm_LCUN.o
cc -c -O2 -DMAX_STACK_ALLOC=2048 -Wall -m64 -DF_INTERFACE_GFORT -fPIC -DNO_LAPACK -DNO_LAPACKE -DSMP_SERVER -DNO_WARMUP -DMAX_CPU_NUMBER=4 -DMAX_PARALLEL_NUMBER=1 -DBUILD_SINGLE=1 -DBUILD_DOUBLE=1 -DBUILD_COMPLEX=1 -DBUILD_COMPLEX16=1 -DVERSION=\"0.3.17.dev\" -msse3 -mssse3 -msse4.1 -mavx -mavx2 -mavx2 -UASMNAME -UASMFNAME -UNAME -UCNAME -UCHAR_NAME -UCHAR_CNAME -DASMNAME=ctrsm_LCLU -DASMFNAME=ctrsm_LCLU_ -DNAME=ctrsm_LCLU_ -DCNAME=ctrsm_LCLU -DCHAR_NAME=\"ctrsm_LCLU_\" -DCHAR_CNAME=\"ctrsm_LCLU\" -DNO_AFFINITY -I../.. -UDOUBLE  -DCOMPLEX -DCOMPLEX -UDOUBLE -DTRANSA -UUPPER -DUNIT -DCONJ trsm_L.c -o ctrsm_LCLU.o
cc -c -O2 -DMAX_STACK_ALLOC=2048 -Wall -m64 -DF_INTERFACE_GFORT -fPIC -DNO_LAPACK -DNO_LAPACKE -DSMP_SERVER -DNO_WARMUP -DMAX_CPU_NUMBER=4 -DMAX_PARALLEL_NUMBER=1 -DBUILD_SINGLE=1 -DBUILD_DOUBLE=1 -DBUILD_COMPLEX=1 -DBUILD_COMPLEX16=1 -DVERSION=\"0.3.17.dev\" -msse3 -mssse3 -msse4.1 -mavx -mavx2 -mavx2 -UASMNAME -UASMFNAME -UNAME -UCNAME -UCHAR_NAME -UCHAR_CNAME -DASMNAME=ctrsm_LCLN -DASMFNAME=ctrsm_LCLN_ -DNAME=ctrsm_LCLN_ -DCNAME=ctrsm_LCLN -DCHAR_NAME=\"ctrsm_LCLN_\" -DCHAR_CNAME=\"ctrsm_LCLN\" -DNO_AFFINITY -I../.. -UDOUBLE  -DCOMPLEX -DCOMPLEX -UDOUBLE -DTRANSA -UUPPER -UUNIT -DCONJ trsm_L.c -o ctrsm_LCLN.o
cc -c -O2 -DMAX_STACK_ALLOC=2048 -Wall -m64 -DF_INTERFACE_GFORT -fPIC -DNO_LAPACK -DNO_LAPACKE -DSMP_SERVER -DNO_WARMUP -DMAX_CPU_NUMBER=4 -DMAX_PARALLEL_NUMBER=1 -DBUILD_SINGLE=1 -DBUILD_DOUBLE=1 -DBUILD_COMPLEX=1 -DBUILD_COMPLEX16=1 -DVERSION=\"0.3.17.dev\" -msse3 -mssse3 -msse4.1 -mavx -mavx2 -mavx2 -UASMNAME -UASMFNAME -UNAME -UCNAME -UCHAR_NAME -UCHAR_CNAME -DASMNAME=ctrsm_RNUU -DASMFNAME=ctrsm_RNUU_ -DNAME=ctrsm_RNUU_ -DCNAME=ctrsm_RNUU -DCHAR_NAME=\"ctrsm_RNUU_\" -DCHAR_CNAME=\"ctrsm_RNUU\" -DNO_AFFINITY -I../.. -UDOUBLE  -DCOMPLEX -DCOMPLEX -UDOUBLE -UTRANSA -DUPPER -DUNIT -UCONJ trsm_R.c -o ctrsm_RNUU.o
cc -c -O2 -DMAX_STACK_ALLOC=2048 -Wall -m64 -DF_INTERFACE_GFORT -fPIC -DNO_LAPACK -DNO_LAPACKE -DSMP_SERVER -DNO_WARMUP -DMAX_CPU_NUMBER=4 -DMAX_PARALLEL_NUMBER=1 -DBUILD_SINGLE=1 -DBUILD_DOUBLE=1 -DBUILD_COMPLEX=1 -DBUILD_COMPLEX16=1 -DVERSION=\"0.3.17.dev\" -msse3 -mssse3 -msse4.1 -mavx -mavx2 -mavx2 -UASMNAME -UASMFNAME -UNAME -UCNAME -UCHAR_NAME -UCHAR_CNAME -DASMNAME=ctrsm_RNUN -DASMFNAME=ctrsm_RNUN_ -DNAME=ctrsm_RNUN_ -DCNAME=ctrsm_RNUN -DCHAR_NAME=\"ctrsm_RNUN_\" -DCHAR_CNAME=\"ctrsm_RNUN\" -DNO_AFFINITY -I../.. -UDOUBLE  -DCOMPLEX -DCOMPLEX -UDOUBLE -UTRANSA -DUPPER -UUNIT -UCONJ trsm_R.c -o ctrsm_RNUN.o
cc -c -O2 -DMAX_STACK_ALLOC=2048 -Wall -m64 -DF_INTERFACE_GFORT -fPIC -DNO_LAPACK -DNO_LAPACKE -DSMP_SERVER -DNO_WARMUP -DMAX_CPU_NUMBER=4 -DMAX_PARALLEL_NUMBER=1 -DBUILD_SINGLE=1 -DBUILD_DOUBLE=1 -DBUILD_COMPLEX=1 -DBUILD_COMPLEX16=1 -DVERSION=\"0.3.17.dev\" -msse3 -mssse3 -msse4.1 -mavx -mavx2 -mavx2 -UASMNAME -UASMFNAME -UNAME -UCNAME -UCHAR_NAME -UCHAR_CNAME -DASMNAME=ctrsm_RNLU -DASMFNAME=ctrsm_RNLU_ -DNAME=ctrsm_RNLU_ -DCNAME=ctrsm_RNLU -DCHAR_NAME=\"ctrsm_RNLU_\" -DCHAR_CNAME=\"ctrsm_RNLU\" -DNO_AFFINITY -I../.. -UDOUBLE  -DCOMPLEX -DCOMPLEX -UDOUBLE -UTRANSA -UUPPER -DUNIT -UCONJ trsm_R.c -o ctrsm_RNLU.o
cc -c -O2 -DMAX_STACK_ALLOC=2048 -Wall -m64 -DF_INTERFACE_GFORT -fPIC -DNO_LAPACK -DNO_LAPACKE -DSMP_SERVER -DNO_WARMUP -DMAX_CPU_NUMBER=4 -DMAX_PARALLEL_NUMBER=1 -DBUILD_SINGLE=1 -DBUILD_DOUBLE=1 -DBUILD_COMPLEX=1 -DBUILD_COMPLEX16=1 -DVERSION=\"0.3.17.dev\" -msse3 -mssse3 -msse4.1 -mavx -mavx2 -mavx2 -UASMNAME -UASMFNAME -UNAME -UCNAME -UCHAR_NAME -UCHAR_CNAME -DASMNAME=ctrsm_RNLN -DASMFNAME=ctrsm_RNLN_ -DNAME=ctrsm_RNLN_ -DCNAME=ctrsm_RNLN -DCHAR_NAME=\"ctrsm_RNLN_\" -DCHAR_CNAME=\"ctrsm_RNLN\" -DNO_AFFINITY -I../.. -UDOUBLE  -DCOMPLEX -DCOMPLEX -UDOUBLE -UTRANSA -UUPPER -UUNIT -UCONJ trsm_R.c -o ctrsm_RNLN.o
cc -c -O2 -DMAX_STACK_ALLOC=2048 -Wall -m64 -DF_INTERFACE_GFORT -fPIC -DNO_LAPACK -DNO_LAPACKE -DSMP_SERVER -DNO_WARMUP -DMAX_CPU_NUMBER=4 -DMAX_PARALLEL_NUMBER=1 -DBUILD_SINGLE=1 -DBUILD_DOUBLE=1 -DBUILD_COMPLEX=1 -DBUILD_COMPLEX16=1 -DVERSION=\"0.3.17.dev\" -msse3 -mssse3 -msse4.1 -mavx -mavx2 -mavx2 -UASMNAME -UASMFNAME -UNAME -UCNAME -UCHAR_NAME -UCHAR_CNAME -DASMNAME=ctrsm_RTUU -DASMFNAME=ctrsm_RTUU_ -DNAME=ctrsm_RTUU_ -DCNAME=ctrsm_RTUU -DCHAR_NAME=\"ctrsm_RTUU_\" -DCHAR_CNAME=\"ctrsm_RTUU\" -DNO_AFFINITY -I../.. -UDOUBLE  -DCOMPLEX -DCOMPLEX -UDOUBLE -DTRANSA -DUPPER -DUNIT -UCONJ trsm_R.c -o ctrsm_RTUU.o
cc -c -O2 -DMAX_STACK_ALLOC=2048 -Wall -m64 -DF_INTERFACE_GFORT -fPIC -DNO_LAPACK -DNO_LAPACKE -DSMP_SERVER -DNO_WARMUP -DMAX_CPU_NUMBER=4 -DMAX_PARALLEL_NUMBER=1 -DBUILD_SINGLE=1 -DBUILD_DOUBLE=1 -DBUILD_COMPLEX=1 -DBUILD_COMPLEX16=1 -DVERSION=\"0.3.17.dev\" -msse3 -mssse3 -msse4.1 -mavx -mavx2 -mavx2 -UASMNAME -UASMFNAME -UNAME -UCNAME -UCHAR_NAME -UCHAR_CNAME -DASMNAME=ctrsm_RTUN -DASMFNAME=ctrsm_RTUN_ -DNAME=ctrsm_RTUN_ -DCNAME=ctrsm_RTUN -DCHAR_NAME=\"ctrsm_RTUN_\" -DCHAR_CNAME=\"ctrsm_RTUN\" -DNO_AFFINITY -I../.. -UDOUBLE  -DCOMPLEX -DCOMPLEX -UDOUBLE -DTRANSA -DUPPER -UUNIT -UCONJ trsm_R.c -o ctrsm_RTUN.o
cc -c -O2 -DMAX_STACK_ALLOC=2048 -Wall -m64 -DF_INTERFACE_GFORT -fPIC -DNO_LAPACK -DNO_LAPACKE -DSMP_SERVER -DNO_WARMUP -DMAX_CPU_NUMBER=4 -DMAX_PARALLEL_NUMBER=1 -DBUILD_SINGLE=1 -DBUILD_DOUBLE=1 -DBUILD_COMPLEX=1 -DBUILD_COMPLEX16=1 -DVERSION=\"0.3.17.dev\" -msse3 -mssse3 -msse4.1 -mavx -mavx2 -mavx2 -UASMNAME -UASMFNAME -UNAME -UCNAME -UCHAR_NAME -UCHAR_CNAME -DASMNAME=ctrsm_RTLU -DASMFNAME=ctrsm_RTLU_ -DNAME=ctrsm_RTLU_ -DCNAME=ctrsm_RTLU -DCHAR_NAME=\"ctrsm_RTLU_\" -DCHAR_CNAME=\"ctrsm_RTLU\" -DNO_AFFINITY -I../.. -UDOUBLE  -DCOMPLEX -DCOMPLEX -UDOUBLE -DTRANSA -UUPPER -DUNIT -UCONJ trsm_R.c -o ctrsm_RTLU.o
cc -c -O2 -DMAX_STACK_ALLOC=2048 -Wall -m64 -DF_INTERFACE_GFORT -fPIC -DNO_LAPACK -DNO_LAPACKE -DSMP_SERVER -DNO_WARMUP -DMAX_CPU_NUMBER=4 -DMAX_PARALLEL_NUMBER=1 -DBUILD_SINGLE=1 -DBUILD_DOUBLE=1 -DBUILD_COMPLEX=1 -DBUILD_COMPLEX16=1 -DVERSION=\"0.3.17.dev\" -msse3 -mssse3 -msse4.1 -mavx -mavx2 -mavx2 -UASMNAME -UASMFNAME -UNAME -UCNAME -UCHAR_NAME -UCHAR_CNAME -DASMNAME=ctrsm_RTLN -DASMFNAME=ctrsm_RTLN_ -DNAME=ctrsm_RTLN_ -DCNAME=ctrsm_RTLN -DCHAR_NAME=\"ctrsm_RTLN_\" -DCHAR_CNAME=\"ctrsm_RTLN\" -DNO_AFFINITY -I../.. -UDOUBLE  -DCOMPLEX -DCOMPLEX -UDOUBLE -DTRANSA -UUPPER -UUNIT -UCONJ trsm_R.c -o ctrsm_RTLN.o
cc -c -O2 -DMAX_STACK_ALLOC=2048 -Wall -m64 -DF_INTERFACE_GFORT -fPIC -DNO_LAPACK -DNO_LAPACKE -DSMP_SERVER -DNO_WARMUP -DMAX_CPU_NUMBER=4 -DMAX_PARALLEL_NUMBER=1 -DBUILD_SINGLE=1 -DBUILD_DOUBLE=1 -DBUILD_COMPLEX=1 -DBUILD_COMPLEX16=1 -DVERSION=\"0.3.17.dev\" -msse3 -mssse3 -msse4.1 -mavx -mavx2 -mavx2 -UASMNAME -UASMFNAME -UNAME -UCNAME -UCHAR_NAME -UCHAR_CNAME -DASMNAME=ctrsm_RRUU -DASMFNAME=ctrsm_RRUU_ -DNAME=ctrsm_RRUU_ -DCNAME=ctrsm_RRUU -DCHAR_NAME=\"ctrsm_RRUU_\" -DCHAR_CNAME=\"ctrsm_RRUU\" -DNO_AFFINITY -I../.. -UDOUBLE  -DCOMPLEX -DCOMPLEX -UDOUBLE -UTRANSA -DUPPER -DUNIT -DCONJ trsm_R.c -o ctrsm_RRUU.o
cc -c -O2 -DMAX_STACK_ALLOC=2048 -Wall -m64 -DF_INTERFACE_GFORT -fPIC -DNO_LAPACK -DNO_LAPACKE -DSMP_SERVER -DNO_WARMUP -DMAX_CPU_NUMBER=4 -DMAX_PARALLEL_NUMBER=1 -DBUILD_SINGLE=1 -DBUILD_DOUBLE=1 -DBUILD_COMPLEX=1 -DBUILD_COMPLEX16=1 -DVERSION=\"0.3.17.dev\" -msse3 -mssse3 -msse4.1 -mavx -mavx2 -mavx2 -UASMNAME -UASMFNAME -UNAME -UCNAME -UCHAR_NAME -UCHAR_CNAME -DASMNAME=ctrsm_RRUN -DASMFNAME=ctrsm_RRUN_ -DNAME=ctrsm_RRUN_ -DCNAME=ctrsm_RRUN -DCHAR_NAME=\"ctrsm_RRUN_\" -DCHAR_CNAME=\"ctrsm_RRUN\" -DNO_AFFINITY -I../.. -UDOUBLE  -DCOMPLEX -DCOMPLEX -UDOUBLE -UTRANSA -DUPPER -UUNIT -DCONJ trsm_R.c -o ctrsm_RRUN.o
cc -c -O2 -DMAX_STACK_ALLOC=2048 -Wall -m64 -DF_INTERFACE_GFORT -fPIC -DNO_LAPACK -DNO_LAPACKE -DSMP_SERVER -DNO_WARMUP -DMAX_CPU_NUMBER=4 -DMAX_PARALLEL_NUMBER=1 -DBUILD_SINGLE=1 -DBUILD_DOUBLE=1 -DBUILD_COMPLEX=1 -DBUILD_COMPLEX16=1 -DVERSION=\"0.3.17.dev\" -msse3 -mssse3 -msse4.1 -mavx -mavx2 -mavx2 -UASMNAME -UASMFNAME -UNAME -UCNAME -UCHAR_NAME -UCHAR_CNAME -DASMNAME=ctrsm_RRLU -DASMFNAME=ctrsm_RRLU_ -DNAME=ctrsm_RRLU_ -DCNAME=ctrsm_RRLU -DCHAR_NAME=\"ctrsm_RRLU_\" -DCHAR_CNAME=\"ctrsm_RRLU\" -DNO_AFFINITY -I../.. -UDOUBLE  -DCOMPLEX -DCOMPLEX -UDOUBLE -UTRANSA -UUPPER -DUNIT -DCONJ trsm_R.c -o ctrsm_RRLU.o
cc -c -O2 -DMAX_STACK_ALLOC=2048 -Wall -m64 -DF_INTERFACE_GFORT -fPIC -DNO_LAPACK -DNO_LAPACKE -DSMP_SERVER -DNO_WARMUP -DMAX_CPU_NUMBER=4 -DMAX_PARALLEL_NUMBER=1 -DBUILD_SINGLE=1 -DBUILD_DOUBLE=1 -DBUILD_COMPLEX=1 -DBUILD_COMPLEX16=1 -DVERSION=\"0.3.17.dev\" -msse3 -mssse3 -msse4.1 -mavx -mavx2 -mavx2 -UASMNAME -UASMFNAME -UNAME -UCNAME -UCHAR_NAME -UCHAR_CNAME -DASMNAME=ctrsm_RRLN -DASMFNAME=ctrsm_RRLN_ -DNAME=ctrsm_RRLN_ -DCNAME=ctrsm_RRLN -DCHAR_NAME=\"ctrsm_RRLN_\" -DCHAR_CNAME=\"ctrsm_RRLN\" -DNO_AFFINITY -I../.. -UDOUBLE  -DCOMPLEX -DCOMPLEX -UDOUBLE -UTRANSA -UUPPER -UUNIT -DCONJ trsm_R.c -o ctrsm_RRLN.o
cc -c -O2 -DMAX_STACK_ALLOC=2048 -Wall -m64 -DF_INTERFACE_GFORT -fPIC -DNO_LAPACK -DNO_LAPACKE -DSMP_SERVER -DNO_WARMUP -DMAX_CPU_NUMBER=4 -DMAX_PARALLEL_NUMBER=1 -DBUILD_SINGLE=1 -DBUILD_DOUBLE=1 -DBUILD_COMPLEX=1 -DBUILD_COMPLEX16=1 -DVERSION=\"0.3.17.dev\" -msse3 -mssse3 -msse4.1 -mavx -mavx2 -mavx2 -UASMNAME -UASMFNAME -UNAME -UCNAME -UCHAR_NAME -UCHAR_CNAME -DASMNAME=ctrsm_RCUU -DASMFNAME=ctrsm_RCUU_ -DNAME=ctrsm_RCUU_ -DCNAME=ctrsm_RCUU -DCHAR_NAME=\"ctrsm_RCUU_\" -DCHAR_CNAME=\"ctrsm_RCUU\" -DNO_AFFINITY -I../.. -UDOUBLE  -DCOMPLEX -DCOMPLEX -UDOUBLE -DTRANSA -DUPPER -DUNIT -DCONJ trsm_R.c -o ctrsm_RCUU.o
cc -c -O2 -DMAX_STACK_ALLOC=2048 -Wall -m64 -DF_INTERFACE_GFORT -fPIC -DNO_LAPACK -DNO_LAPACKE -DSMP_SERVER -DNO_WARMUP -DMAX_CPU_NUMBER=4 -DMAX_PARALLEL_NUMBER=1 -DBUILD_SINGLE=1 -DBUILD_DOUBLE=1 -DBUILD_COMPLEX=1 -DBUILD_COMPLEX16=1 -DVERSION=\"0.3.17.dev\" -msse3 -mssse3 -msse4.1 -mavx -mavx2 -mavx2 -UASMNAME -UASMFNAME -UNAME -UCNAME -UCHAR_NAME -UCHAR_CNAME -DASMNAME=ctrsm_RCUN -DASMFNAME=ctrsm_RCUN_ -DNAME=ctrsm_RCUN_ -DCNAME=ctrsm_RCUN -DCHAR_NAME=\"ctrsm_RCUN_\" -DCHAR_CNAME=\"ctrsm_RCUN\" -DNO_AFFINITY -I../.. -UDOUBLE  -DCOMPLEX -DCOMPLEX -UDOUBLE -DTRANSA -DUPPER -UUNIT -DCONJ trsm_R.c -o ctrsm_RCUN.o
cc -c -O2 -DMAX_STACK_ALLOC=2048 -Wall -m64 -DF_INTERFACE_GFORT -fPIC -DNO_LAPACK -DNO_LAPACKE -DSMP_SERVER -DNO_WARMUP -DMAX_CPU_NUMBER=4 -DMAX_PARALLEL_NUMBER=1 -DBUILD_SINGLE=1 -DBUILD_DOUBLE=1 -DBUILD_COMPLEX=1 -DBUILD_COMPLEX16=1 -DVERSION=\"0.3.17.dev\" -msse3 -mssse3 -msse4.1 -mavx -mavx2 -mavx2 -UASMNAME -UASMFNAME -UNAME -UCNAME -UCHAR_NAME -UCHAR_CNAME -DASMNAME=ctrsm_RCLU -DASMFNAME=ctrsm_RCLU_ -DNAME=ctrsm_RCLU_ -DCNAME=ctrsm_RCLU -DCHAR_NAME=\"ctrsm_RCLU_\" -DCHAR_CNAME=\"ctrsm_RCLU\" -DNO_AFFINITY -I../.. -UDOUBLE  -DCOMPLEX -DCOMPLEX -UDOUBLE -DTRANSA -UUPPER -DUNIT -DCONJ trsm_R.c -o ctrsm_RCLU.o
cc -c -O2 -DMAX_STACK_ALLOC=2048 -Wall -m64 -DF_INTERFACE_GFORT -fPIC -DNO_LAPACK -DNO_LAPACKE -DSMP_SERVER -DNO_WARMUP -DMAX_CPU_NUMBER=4 -DMAX_PARALLEL_NUMBER=1 -DBUILD_SINGLE=1 -DBUILD_DOUBLE=1 -DBUILD_COMPLEX=1 -DBUILD_COMPLEX16=1 -DVERSION=\"0.3.17.dev\" -msse3 -mssse3 -msse4.1 -mavx -mavx2 -mavx2 -UASMNAME -UASMFNAME -UNAME -UCNAME -UCHAR_NAME -UCHAR_CNAME -DASMNAME=ctrsm_RCLN -DASMFNAME=ctrsm_RCLN_ -DNAME=ctrsm_RCLN_ -DCNAME=ctrsm_RCLN -DCHAR_NAME=\"ctrsm_RCLN_\" -DCHAR_CNAME=\"ctrsm_RCLN\" -DNO_AFFINITY -I../.. -UDOUBLE  -DCOMPLEX -DCOMPLEX -UDOUBLE -DTRANSA -UUPPER -UUNIT -DCONJ trsm_R.c -o ctrsm_RCLN.o
cc -c -O2 -DMAX_STACK_ALLOC=2048 -Wall -m64 -DF_INTERFACE_GFORT -fPIC -DNO_LAPACK -DNO_LAPACKE -DSMP_SERVER -DNO_WARMUP -DMAX_CPU_NUMBER=4 -DMAX_PARALLEL_NUMBER=1 -DBUILD_SINGLE=1 -DBUILD_DOUBLE=1 -DBUILD_COMPLEX=1 -DBUILD_COMPLEX16=1 -DVERSION=\"0.3.17.dev\" -msse3 -mssse3 -msse4.1 -mavx -mavx2 -mavx2 -UASMNAME -UASMFNAME -UNAME -UCNAME -UCHAR_NAME -UCHAR_CNAME -DASMNAME=csymm_LU -DASMFNAME=csymm_LU_ -DNAME=csymm_LU_ -DCNAME=csymm_LU -DCHAR_NAME=\"csymm_LU_\" -DCHAR_CNAME=\"csymm_LU\" -DNO_AFFINITY -I../.. -UDOUBLE  -DCOMPLEX -UDOUBLE -DCOMPLEX -ULOWER -URSIDE -DNN symm_k.c -o csymm_LU.o
cc -c -O2 -DMAX_STACK_ALLOC=2048 -Wall -m64 -DF_INTERFACE_GFORT -fPIC -DNO_LAPACK -DNO_LAPACKE -DSMP_SERVER -DNO_WARMUP -DMAX_CPU_NUMBER=4 -DMAX_PARALLEL_NUMBER=1 -DBUILD_SINGLE=1 -DBUILD_DOUBLE=1 -DBUILD_COMPLEX=1 -DBUILD_COMPLEX16=1 -DVERSION=\"0.3.17.dev\" -msse3 -mssse3 -msse4.1 -mavx -mavx2 -mavx2 -UASMNAME -UASMFNAME -UNAME -UCNAME -UCHAR_NAME -UCHAR_CNAME -DASMNAME=csymm_LL -DASMFNAME=csymm_LL_ -DNAME=csymm_LL_ -DCNAME=csymm_LL -DCHAR_NAME=\"csymm_LL_\" -DCHAR_CNAME=\"csymm_LL\" -DNO_AFFINITY -I../.. -UDOUBLE  -DCOMPLEX -UDOUBLE -DCOMPLEX -DLOWER -URSIDE -DNN symm_k.c -o csymm_LL.o
cc -c -O2 -DMAX_STACK_ALLOC=2048 -Wall -m64 -DF_INTERFACE_GFORT -fPIC -DNO_LAPACK -DNO_LAPACKE -DSMP_SERVER -DNO_WARMUP -DMAX_CPU_NUMBER=4 -DMAX_PARALLEL_NUMBER=1 -DBUILD_SINGLE=1 -DBUILD_DOUBLE=1 -DBUILD_COMPLEX=1 -DBUILD_COMPLEX16=1 -DVERSION=\"0.3.17.dev\" -msse3 -mssse3 -msse4.1 -mavx -mavx2 -mavx2 -UASMNAME -UASMFNAME -UNAME -UCNAME -UCHAR_NAME -UCHAR_CNAME -DASMNAME=csymm_RU -DASMFNAME=csymm_RU_ -DNAME=csymm_RU_ -DCNAME=csymm_RU -DCHAR_NAME=\"csymm_RU_\" -DCHAR_CNAME=\"csymm_RU\" -DNO_AFFINITY -I../.. -UDOUBLE  -DCOMPLEX -UDOUBLE -DCOMPLEX -ULOWER -DRSIDE -DNN symm_k.c -o csymm_RU.o
cc -c -O2 -DMAX_STACK_ALLOC=2048 -Wall -m64 -DF_INTERFACE_GFORT -fPIC -DNO_LAPACK -DNO_LAPACKE -DSMP_SERVER -DNO_WARMUP -DMAX_CPU_NUMBER=4 -DMAX_PARALLEL_NUMBER=1 -DBUILD_SINGLE=1 -DBUILD_DOUBLE=1 -DBUILD_COMPLEX=1 -DBUILD_COMPLEX16=1 -DVERSION=\"0.3.17.dev\" -msse3 -mssse3 -msse4.1 -mavx -mavx2 -mavx2 -UASMNAME -UASMFNAME -UNAME -UCNAME -UCHAR_NAME -UCHAR_CNAME -DASMNAME=csymm_RL -DASMFNAME=csymm_RL_ -DNAME=csymm_RL_ -DCNAME=csymm_RL -DCHAR_NAME=\"csymm_RL_\" -DCHAR_CNAME=\"csymm_RL\" -DNO_AFFINITY -I../.. -UDOUBLE  -DCOMPLEX -UDOUBLE -DCOMPLEX -DLOWER -DRSIDE -DNN symm_k.c -o csymm_RL.o
cc -c -O2 -DMAX_STACK_ALLOC=2048 -Wall -m64 -DF_INTERFACE_GFORT -fPIC -DNO_LAPACK -DNO_LAPACKE -DSMP_SERVER -DNO_WARMUP -DMAX_CPU_NUMBER=4 -DMAX_PARALLEL_NUMBER=1 -DBUILD_SINGLE=1 -DBUILD_DOUBLE=1 -DBUILD_COMPLEX=1 -DBUILD_COMPLEX16=1 -DVERSION=\"0.3.17.dev\" -msse3 -mssse3 -msse4.1 -mavx -mavx2 -mavx2 -UASMNAME -UASMFNAME -UNAME -UCNAME -UCHAR_NAME -UCHAR_CNAME -DASMNAME=chemm_LU -DASMFNAME=chemm_LU_ -DNAME=chemm_LU_ -DCNAME=chemm_LU -DCHAR_NAME=\"chemm_LU_\" -DCHAR_CNAME=\"chemm_LU\" -DNO_AFFINITY -I../.. -UDOUBLE  -DCOMPLEX -UDOUBLE -DCOMPLEX -ULOWER -URSIDE -DNN zhemm_k.c -o chemm_LU.o
cc -c -O2 -DMAX_STACK_ALLOC=2048 -Wall -m64 -DF_INTERFACE_GFORT -fPIC -DNO_LAPACK -DNO_LAPACKE -DSMP_SERVER -DNO_WARMUP -DMAX_CPU_NUMBER=4 -DMAX_PARALLEL_NUMBER=1 -DBUILD_SINGLE=1 -DBUILD_DOUBLE=1 -DBUILD_COMPLEX=1 -DBUILD_COMPLEX16=1 -DVERSION=\"0.3.17.dev\" -msse3 -mssse3 -msse4.1 -mavx -mavx2 -mavx2 -UASMNAME -UASMFNAME -UNAME -UCNAME -UCHAR_NAME -UCHAR_CNAME -DASMNAME=chemm_LL -DASMFNAME=chemm_LL_ -DNAME=chemm_LL_ -DCNAME=chemm_LL -DCHAR_NAME=\"chemm_LL_\" -DCHAR_CNAME=\"chemm_LL\" -DNO_AFFINITY -I../.. -UDOUBLE  -DCOMPLEX -UDOUBLE -DCOMPLEX -DLOWER -URSIDE -DNN zhemm_k.c -o chemm_LL.o
cc -c -O2 -DMAX_STACK_ALLOC=2048 -Wall -m64 -DF_INTERFACE_GFORT -fPIC -DNO_LAPACK -DNO_LAPACKE -DSMP_SERVER -DNO_WARMUP -DMAX_CPU_NUMBER=4 -DMAX_PARALLEL_NUMBER=1 -DBUILD_SINGLE=1 -DBUILD_DOUBLE=1 -DBUILD_COMPLEX=1 -DBUILD_COMPLEX16=1 -DVERSION=\"0.3.17.dev\" -msse3 -mssse3 -msse4.1 -mavx -mavx2 -mavx2 -UASMNAME -UASMFNAME -UNAME -UCNAME -UCHAR_NAME -UCHAR_CNAME -DASMNAME=chemm_RU -DASMFNAME=chemm_RU_ -DNAME=chemm_RU_ -DCNAME=chemm_RU -DCHAR_NAME=\"chemm_RU_\" -DCHAR_CNAME=\"chemm_RU\" -DNO_AFFINITY -I../.. -UDOUBLE  -DCOMPLEX -UDOUBLE -DCOMPLEX -ULOWER -DRSIDE -DNC zhemm_k.c -o chemm_RU.o
cc -c -O2 -DMAX_STACK_ALLOC=2048 -Wall -m64 -DF_INTERFACE_GFORT -fPIC -DNO_LAPACK -DNO_LAPACKE -DSMP_SERVER -DNO_WARMUP -DMAX_CPU_NUMBER=4 -DMAX_PARALLEL_NUMBER=1 -DBUILD_SINGLE=1 -DBUILD_DOUBLE=1 -DBUILD_COMPLEX=1 -DBUILD_COMPLEX16=1 -DVERSION=\"0.3.17.dev\" -msse3 -mssse3 -msse4.1 -mavx -mavx2 -mavx2 -UASMNAME -UASMFNAME -UNAME -UCNAME -UCHAR_NAME -UCHAR_CNAME -DASMNAME=chemm_RL -DASMFNAME=chemm_RL_ -DNAME=chemm_RL_ -DCNAME=chemm_RL -DCHAR_NAME=\"chemm_RL_\" -DCHAR_CNAME=\"chemm_RL\" -DNO_AFFINITY -I../.. -UDOUBLE  -DCOMPLEX -UDOUBLE -DCOMPLEX -DLOWER -DRSIDE -DNC zhemm_k.c -o chemm_RL.o
cc -c -O2 -DMAX_STACK_ALLOC=2048 -Wall -m64 -DF_INTERFACE_GFORT -fPIC -DNO_LAPACK -DNO_LAPACKE -DSMP_SERVER -DNO_WARMUP -DMAX_CPU_NUMBER=4 -DMAX_PARALLEL_NUMBER=1 -DBUILD_SINGLE=1 -DBUILD_DOUBLE=1 -DBUILD_COMPLEX=1 -DBUILD_COMPLEX16=1 -DVERSION=\"0.3.17.dev\" -msse3 -mssse3 -msse4.1 -mavx -mavx2 -mavx2 -UASMNAME -UASMFNAME -UNAME -UCNAME -UCHAR_NAME -UCHAR_CNAME -DASMNAME=csyrk_UN -DASMFNAME=csyrk_UN_ -DNAME=csyrk_UN_ -DCNAME=csyrk_UN -DCHAR_NAME=\"csyrk_UN_\" -DCHAR_CNAME=\"csyrk_UN\" -DNO_AFFINITY -I../.. -UDOUBLE  -DCOMPLEX -UDOUBLE -DCOMPLEX -ULOWER -UTRANS syrk_k.c -o csyrk_UN.o
cc -c -O2 -DMAX_STACK_ALLOC=2048 -Wall -m64 -DF_INTERFACE_GFORT -fPIC -DNO_LAPACK -DNO_LAPACKE -DSMP_SERVER -DNO_WARMUP -DMAX_CPU_NUMBER=4 -DMAX_PARALLEL_NUMBER=1 -DBUILD_SINGLE=1 -DBUILD_DOUBLE=1 -DBUILD_COMPLEX=1 -DBUILD_COMPLEX16=1 -DVERSION=\"0.3.17.dev\" -msse3 -mssse3 -msse4.1 -mavx -mavx2 -mavx2 -UASMNAME -UASMFNAME -UNAME -UCNAME -UCHAR_NAME -UCHAR_CNAME -DASMNAME=csyrk_UT -DASMFNAME=csyrk_UT_ -DNAME=csyrk_UT_ -DCNAME=csyrk_UT -DCHAR_NAME=\"csyrk_UT_\" -DCHAR_CNAME=\"csyrk_UT\" -DNO_AFFINITY -I../.. -UDOUBLE  -DCOMPLEX -UDOUBLE -DCOMPLEX -ULOWER -DTRANS syrk_k.c -o csyrk_UT.o
cc -c -O2 -DMAX_STACK_ALLOC=2048 -Wall -m64 -DF_INTERFACE_GFORT -fPIC -DNO_LAPACK -DNO_LAPACKE -DSMP_SERVER -DNO_WARMUP -DMAX_CPU_NUMBER=4 -DMAX_PARALLEL_NUMBER=1 -DBUILD_SINGLE=1 -DBUILD_DOUBLE=1 -DBUILD_COMPLEX=1 -DBUILD_COMPLEX16=1 -DVERSION=\"0.3.17.dev\" -msse3 -mssse3 -msse4.1 -mavx -mavx2 -mavx2 -UASMNAME -UASMFNAME -UNAME -UCNAME -UCHAR_NAME -UCHAR_CNAME -DASMNAME=csyrk_LN -DASMFNAME=csyrk_LN_ -DNAME=csyrk_LN_ -DCNAME=csyrk_LN -DCHAR_NAME=\"csyrk_LN_\" -DCHAR_CNAME=\"csyrk_LN\" -DNO_AFFINITY -I../.. -UDOUBLE  -DCOMPLEX -UDOUBLE -DCOMPLEX -DLOWER -UTRANS syrk_k.c -o csyrk_LN.o
cc -c -O2 -DMAX_STACK_ALLOC=2048 -Wall -m64 -DF_INTERFACE_GFORT -fPIC -DNO_LAPACK -DNO_LAPACKE -DSMP_SERVER -DNO_WARMUP -DMAX_CPU_NUMBER=4 -DMAX_PARALLEL_NUMBER=1 -DBUILD_SINGLE=1 -DBUILD_DOUBLE=1 -DBUILD_COMPLEX=1 -DBUILD_COMPLEX16=1 -DVERSION=\"0.3.17.dev\" -msse3 -mssse3 -msse4.1 -mavx -mavx2 -mavx2 -UASMNAME -UASMFNAME -UNAME -UCNAME -UCHAR_NAME -UCHAR_CNAME -DASMNAME=csyrk_LT -DASMFNAME=csyrk_LT_ -DNAME=csyrk_LT_ -DCNAME=csyrk_LT -DCHAR_NAME=\"csyrk_LT_\" -DCHAR_CNAME=\"csyrk_LT\" -DNO_AFFINITY -I../.. -UDOUBLE  -DCOMPLEX -UDOUBLE -DCOMPLEX -DLOWER -DTRANS syrk_k.c -o csyrk_LT.o
cc -c -O2 -DMAX_STACK_ALLOC=2048 -Wall -m64 -DF_INTERFACE_GFORT -fPIC -DNO_LAPACK -DNO_LAPACKE -DSMP_SERVER -DNO_WARMUP -DMAX_CPU_NUMBER=4 -DMAX_PARALLEL_NUMBER=1 -DBUILD_SINGLE=1 -DBUILD_DOUBLE=1 -DBUILD_COMPLEX=1 -DBUILD_COMPLEX16=1 -DVERSION=\"0.3.17.dev\" -msse3 -mssse3 -msse4.1 -mavx -mavx2 -mavx2 -UASMNAME -UASMFNAME -UNAME -UCNAME -UCHAR_NAME -UCHAR_CNAME -DASMNAME=cherk_UN -DASMFNAME=cherk_UN_ -DNAME=cherk_UN_ -DCNAME=cherk_UN -DCHAR_NAME=\"cherk_UN_\" -DCHAR_CNAME=\"cherk_UN\" -DNO_AFFINITY -I../.. -UDOUBLE  -DCOMPLEX -DHERK -UDOUBLE -ULOWER -UTRANS -DCOMPLEX -UCONJ zherk_k.c -o cherk_UN.o
cc -c -O2 -DMAX_STACK_ALLOC=2048 -Wall -m64 -DF_INTERFACE_GFORT -fPIC -DNO_LAPACK -DNO_LAPACKE -DSMP_SERVER -DNO_WARMUP -DMAX_CPU_NUMBER=4 -DMAX_PARALLEL_NUMBER=1 -DBUILD_SINGLE=1 -DBUILD_DOUBLE=1 -DBUILD_COMPLEX=1 -DBUILD_COMPLEX16=1 -DVERSION=\"0.3.17.dev\" -msse3 -mssse3 -msse4.1 -mavx -mavx2 -mavx2 -UASMNAME -UASMFNAME -UNAME -UCNAME -UCHAR_NAME -UCHAR_CNAME -DASMNAME=cherk_UC -DASMFNAME=cherk_UC_ -DNAME=cherk_UC_ -DCNAME=cherk_UC -DCHAR_NAME=\"cherk_UC_\" -DCHAR_CNAME=\"cherk_UC\" -DNO_AFFINITY -I../.. -UDOUBLE  -DCOMPLEX -DHERK -UDOUBLE -ULOWER -DTRANS -DCOMPLEX -DCONJ zherk_k.c -o cherk_UC.o
cc -c -O2 -DMAX_STACK_ALLOC=2048 -Wall -m64 -DF_INTERFACE_GFORT -fPIC -DNO_LAPACK -DNO_LAPACKE -DSMP_SERVER -DNO_WARMUP -DMAX_CPU_NUMBER=4 -DMAX_PARALLEL_NUMBER=1 -DBUILD_SINGLE=1 -DBUILD_DOUBLE=1 -DBUILD_COMPLEX=1 -DBUILD_COMPLEX16=1 -DVERSION=\"0.3.17.dev\" -msse3 -mssse3 -msse4.1 -mavx -mavx2 -mavx2 -UASMNAME -UASMFNAME -UNAME -UCNAME -UCHAR_NAME -UCHAR_CNAME -DASMNAME=cherk_LN -DASMFNAME=cherk_LN_ -DNAME=cherk_LN_ -DCNAME=cherk_LN -DCHAR_NAME=\"cherk_LN_\" -DCHAR_CNAME=\"cherk_LN\" -DNO_AFFINITY -I../.. -UDOUBLE  -DCOMPLEX -DHERK -UDOUBLE -DLOWER -UTRANS -DCOMPLEX -UCONJ zherk_k.c -o cherk_LN.o
cc -c -O2 -DMAX_STACK_ALLOC=2048 -Wall -m64 -DF_INTERFACE_GFORT -fPIC -DNO_LAPACK -DNO_LAPACKE -DSMP_SERVER -DNO_WARMUP -DMAX_CPU_NUMBER=4 -DMAX_PARALLEL_NUMBER=1 -DBUILD_SINGLE=1 -DBUILD_DOUBLE=1 -DBUILD_COMPLEX=1 -DBUILD_COMPLEX16=1 -DVERSION=\"0.3.17.dev\" -msse3 -mssse3 -msse4.1 -mavx -mavx2 -mavx2 -UASMNAME -UASMFNAME -UNAME -UCNAME -UCHAR_NAME -UCHAR_CNAME -DASMNAME=cherk_LC -DASMFNAME=cherk_LC_ -DNAME=cherk_LC_ -DCNAME=cherk_LC -DCHAR_NAME=\"cherk_LC_\" -DCHAR_CNAME=\"cherk_LC\" -DNO_AFFINITY -I../.. -UDOUBLE  -DCOMPLEX -DHERK -UDOUBLE -DLOWER -DTRANS -DCOMPLEX -DCONJ zherk_k.c -o cherk_LC.o
cc -c -O2 -DMAX_STACK_ALLOC=2048 -Wall -m64 -DF_INTERFACE_GFORT -fPIC -DNO_LAPACK -DNO_LAPACKE -DSMP_SERVER -DNO_WARMUP -DMAX_CPU_NUMBER=4 -DMAX_PARALLEL_NUMBER=1 -DBUILD_SINGLE=1 -DBUILD_DOUBLE=1 -DBUILD_COMPLEX=1 -DBUILD_COMPLEX16=1 -DVERSION=\"0.3.17.dev\" -msse3 -mssse3 -msse4.1 -mavx -mavx2 -mavx2 -UASMNAME -UASMFNAME -UNAME -UCNAME -UCHAR_NAME -UCHAR_CNAME -DASMNAME=csyr2k_UN -DASMFNAME=csyr2k_UN_ -DNAME=csyr2k_UN_ -DCNAME=csyr2k_UN -DCHAR_NAME=\"csyr2k_UN_\" -DCHAR_CNAME=\"csyr2k_UN\" -DNO_AFFINITY -I../.. -UDOUBLE  -DCOMPLEX -UDOUBLE -DCOMPLEX -ULOWER -UTRANS syr2k_k.c -o csyr2k_UN.o
cc -c -O2 -DMAX_STACK_ALLOC=2048 -Wall -m64 -DF_INTERFACE_GFORT -fPIC -DNO_LAPACK -DNO_LAPACKE -DSMP_SERVER -DNO_WARMUP -DMAX_CPU_NUMBER=4 -DMAX_PARALLEL_NUMBER=1 -DBUILD_SINGLE=1 -DBUILD_DOUBLE=1 -DBUILD_COMPLEX=1 -DBUILD_COMPLEX16=1 -DVERSION=\"0.3.17.dev\" -msse3 -mssse3 -msse4.1 -mavx -mavx2 -mavx2 -UASMNAME -UASMFNAME -UNAME -UCNAME -UCHAR_NAME -UCHAR_CNAME -DASMNAME=csyr2k_UT -DASMFNAME=csyr2k_UT_ -DNAME=csyr2k_UT_ -DCNAME=csyr2k_UT -DCHAR_NAME=\"csyr2k_UT_\" -DCHAR_CNAME=\"csyr2k_UT\" -DNO_AFFINITY -I../.. -UDOUBLE  -DCOMPLEX -UDOUBLE -DCOMPLEX -ULOWER -DTRANS syr2k_k.c -o csyr2k_UT.o
cc -c -O2 -DMAX_STACK_ALLOC=2048 -Wall -m64 -DF_INTERFACE_GFORT -fPIC -DNO_LAPACK -DNO_LAPACKE -DSMP_SERVER -DNO_WARMUP -DMAX_CPU_NUMBER=4 -DMAX_PARALLEL_NUMBER=1 -DBUILD_SINGLE=1 -DBUILD_DOUBLE=1 -DBUILD_COMPLEX=1 -DBUILD_COMPLEX16=1 -DVERSION=\"0.3.17.dev\" -msse3 -mssse3 -msse4.1 -mavx -mavx2 -mavx2 -UASMNAME -UASMFNAME -UNAME -UCNAME -UCHAR_NAME -UCHAR_CNAME -DASMNAME=csyr2k_LN -DASMFNAME=csyr2k_LN_ -DNAME=csyr2k_LN_ -DCNAME=csyr2k_LN -DCHAR_NAME=\"csyr2k_LN_\" -DCHAR_CNAME=\"csyr2k_LN\" -DNO_AFFINITY -I../.. -UDOUBLE  -DCOMPLEX -UDOUBLE -DCOMPLEX -DLOWER -UTRANS syr2k_k.c -o csyr2k_LN.o
cc -c -O2 -DMAX_STACK_ALLOC=2048 -Wall -m64 -DF_INTERFACE_GFORT -fPIC -DNO_LAPACK -DNO_LAPACKE -DSMP_SERVER -DNO_WARMUP -DMAX_CPU_NUMBER=4 -DMAX_PARALLEL_NUMBER=1 -DBUILD_SINGLE=1 -DBUILD_DOUBLE=1 -DBUILD_COMPLEX=1 -DBUILD_COMPLEX16=1 -DVERSION=\"0.3.17.dev\" -msse3 -mssse3 -msse4.1 -mavx -mavx2 -mavx2 -UASMNAME -UASMFNAME -UNAME -UCNAME -UCHAR_NAME -UCHAR_CNAME -DASMNAME=csyr2k_LT -DASMFNAME=csyr2k_LT_ -DNAME=csyr2k_LT_ -DCNAME=csyr2k_LT -DCHAR_NAME=\"csyr2k_LT_\" -DCHAR_CNAME=\"csyr2k_LT\" -DNO_AFFINITY -I../.. -UDOUBLE  -DCOMPLEX -UDOUBLE -DCOMPLEX -DLOWER -DTRANS syr2k_k.c -o csyr2k_LT.o
cc -c -O2 -DMAX_STACK_ALLOC=2048 -Wall -m64 -DF_INTERFACE_GFORT -fPIC -DNO_LAPACK -DNO_LAPACKE -DSMP_SERVER -DNO_WARMUP -DMAX_CPU_NUMBER=4 -DMAX_PARALLEL_NUMBER=1 -DBUILD_SINGLE=1 -DBUILD_DOUBLE=1 -DBUILD_COMPLEX=1 -DBUILD_COMPLEX16=1 -DVERSION=\"0.3.17.dev\" -msse3 -mssse3 -msse4.1 -mavx -mavx2 -mavx2 -UASMNAME -UASMFNAME -UNAME -UCNAME -UCHAR_NAME -UCHAR_CNAME -DASMNAME=cher2k_UN -DASMFNAME=cher2k_UN_ -DNAME=cher2k_UN_ -DCNAME=cher2k_UN -DCHAR_NAME=\"cher2k_UN_\" -DCHAR_CNAME=\"cher2k_UN\" -DNO_AFFINITY -I../.. -UDOUBLE  -DCOMPLEX -DHER2K -UDOUBLE -ULOWER -UTRANS -DCOMPLEX -UCONJ zher2k_k.c -o cher2k_UN.o
cc -c -O2 -DMAX_STACK_ALLOC=2048 -Wall -m64 -DF_INTERFACE_GFORT -fPIC -DNO_LAPACK -DNO_LAPACKE -DSMP_SERVER -DNO_WARMUP -DMAX_CPU_NUMBER=4 -DMAX_PARALLEL_NUMBER=1 -DBUILD_SINGLE=1 -DBUILD_DOUBLE=1 -DBUILD_COMPLEX=1 -DBUILD_COMPLEX16=1 -DVERSION=\"0.3.17.dev\" -msse3 -mssse3 -msse4.1 -mavx -mavx2 -mavx2 -UASMNAME -UASMFNAME -UNAME -UCNAME -UCHAR_NAME -UCHAR_CNAME -DASMNAME=cher2k_UC -DASMFNAME=cher2k_UC_ -DNAME=cher2k_UC_ -DCNAME=cher2k_UC -DCHAR_NAME=\"cher2k_UC_\" -DCHAR_CNAME=\"cher2k_UC\" -DNO_AFFINITY -I../.. -UDOUBLE  -DCOMPLEX -DHER2K -UDOUBLE -ULOWER -DTRANS -DCOMPLEX -DCONJ zher2k_k.c -o cher2k_UC.o
cc -c -O2 -DMAX_STACK_ALLOC=2048 -Wall -m64 -DF_INTERFACE_GFORT -fPIC -DNO_LAPACK -DNO_LAPACKE -DSMP_SERVER -DNO_WARMUP -DMAX_CPU_NUMBER=4 -DMAX_PARALLEL_NUMBER=1 -DBUILD_SINGLE=1 -DBUILD_DOUBLE=1 -DBUILD_COMPLEX=1 -DBUILD_COMPLEX16=1 -DVERSION=\"0.3.17.dev\" -msse3 -mssse3 -msse4.1 -mavx -mavx2 -mavx2 -UASMNAME -UASMFNAME -UNAME -UCNAME -UCHAR_NAME -UCHAR_CNAME -DASMNAME=cher2k_LN -DASMFNAME=cher2k_LN_ -DNAME=cher2k_LN_ -DCNAME=cher2k_LN -DCHAR_NAME=\"cher2k_LN_\" -DCHAR_CNAME=\"cher2k_LN\" -DNO_AFFINITY -I../.. -UDOUBLE  -DCOMPLEX -DHER2K -UDOUBLE -DLOWER -UTRANS -DCOMPLEX -UCONJ zher2k_k.c -o cher2k_LN.o
cc -c -O2 -DMAX_STACK_ALLOC=2048 -Wall -m64 -DF_INTERFACE_GFORT -fPIC -DNO_LAPACK -DNO_LAPACKE -DSMP_SERVER -DNO_WARMUP -DMAX_CPU_NUMBER=4 -DMAX_PARALLEL_NUMBER=1 -DBUILD_SINGLE=1 -DBUILD_DOUBLE=1 -DBUILD_COMPLEX=1 -DBUILD_COMPLEX16=1 -DVERSION=\"0.3.17.dev\" -msse3 -mssse3 -msse4.1 -mavx -mavx2 -mavx2 -UASMNAME -UASMFNAME -UNAME -UCNAME -UCHAR_NAME -UCHAR_CNAME -DASMNAME=cher2k_LC -DASMFNAME=cher2k_LC_ -DNAME=cher2k_LC_ -DCNAME=cher2k_LC -DCHAR_NAME=\"cher2k_LC_\" -DCHAR_CNAME=\"cher2k_LC\" -DNO_AFFINITY -I../.. -UDOUBLE  -DCOMPLEX -DHER2K -UDOUBLE -DLOWER -DTRANS -DCOMPLEX -DCONJ zher2k_k.c -o cher2k_LC.o
cc -c -O2 -DMAX_STACK_ALLOC=2048 -Wall -m64 -DF_INTERFACE_GFORT -fPIC -DNO_LAPACK -DNO_LAPACKE -DSMP_SERVER -DNO_WARMUP -DMAX_CPU_NUMBER=4 -DMAX_PARALLEL_NUMBER=1 -DBUILD_SINGLE=1 -DBUILD_DOUBLE=1 -DBUILD_COMPLEX=1 -DBUILD_COMPLEX16=1 -DVERSION=\"0.3.17.dev\" -msse3 -mssse3 -msse4.1 -mavx -mavx2 -mavx2 -UASMNAME -UASMFNAME -UNAME -UCNAME -UCHAR_NAME -UCHAR_CNAME -DASMNAME=csyrk_kernel_U -DASMFNAME=csyrk_kernel_U_ -DNAME=csyrk_kernel_U_ -DCNAME=csyrk_kernel_U -DCHAR_NAME=\"csyrk_kernel_U_\" -DCHAR_CNAME=\"csyrk_kernel_U\" -DNO_AFFINITY -I../.. -UDOUBLE  -DCOMPLEX -UDOUBLE -DCOMPLEX -ULOWER syrk_kernel.c -o csyrk_kernel_U.o
cc -c -O2 -DMAX_STACK_ALLOC=2048 -Wall -m64 -DF_INTERFACE_GFORT -fPIC -DNO_LAPACK -DNO_LAPACKE -DSMP_SERVER -DNO_WARMUP -DMAX_CPU_NUMBER=4 -DMAX_PARALLEL_NUMBER=1 -DBUILD_SINGLE=1 -DBUILD_DOUBLE=1 -DBUILD_COMPLEX=1 -DBUILD_COMPLEX16=1 -DVERSION=\"0.3.17.dev\" -msse3 -mssse3 -msse4.1 -mavx -mavx2 -mavx2 -UASMNAME -UASMFNAME -UNAME -UCNAME -UCHAR_NAME -UCHAR_CNAME -DASMNAME=csyrk_kernel_L -DASMFNAME=csyrk_kernel_L_ -DNAME=csyrk_kernel_L_ -DCNAME=csyrk_kernel_L -DCHAR_NAME=\"csyrk_kernel_L_\" -DCHAR_CNAME=\"csyrk_kernel_L\" -DNO_AFFINITY -I../.. -UDOUBLE  -DCOMPLEX -UDOUBLE -DCOMPLEX -DLOWER syrk_kernel.c -o csyrk_kernel_L.o
cc -c -O2 -DMAX_STACK_ALLOC=2048 -Wall -m64 -DF_INTERFACE_GFORT -fPIC -DNO_LAPACK -DNO_LAPACKE -DSMP_SERVER -DNO_WARMUP -DMAX_CPU_NUMBER=4 -DMAX_PARALLEL_NUMBER=1 -DBUILD_SINGLE=1 -DBUILD_DOUBLE=1 -DBUILD_COMPLEX=1 -DBUILD_COMPLEX16=1 -DVERSION=\"0.3.17.dev\" -msse3 -mssse3 -msse4.1 -mavx -mavx2 -mavx2 -UASMNAME -UASMFNAME -UNAME -UCNAME -UCHAR_NAME -UCHAR_CNAME -DASMNAME=cherk_kernel_UN -DASMFNAME=cherk_kernel_UN_ -DNAME=cherk_kernel_UN_ -DCNAME=cherk_kernel_UN -DCHAR_NAME=\"cherk_kernel_UN_\" -DCHAR_CNAME=\"cherk_kernel_UN\" -DNO_AFFINITY -I../.. -UDOUBLE  -DCOMPLEX -DHERK -UDOUBLE -DCOMPLEX -ULOWER -UCONJ zherk_kernel.c -o cherk_kernel_UN.o
cc -c -O2 -DMAX_STACK_ALLOC=2048 -Wall -m64 -DF_INTERFACE_GFORT -fPIC -DNO_LAPACK -DNO_LAPACKE -DSMP_SERVER -DNO_WARMUP -DMAX_CPU_NUMBER=4 -DMAX_PARALLEL_NUMBER=1 -DBUILD_SINGLE=1 -DBUILD_DOUBLE=1 -DBUILD_COMPLEX=1 -DBUILD_COMPLEX16=1 -DVERSION=\"0.3.17.dev\" -msse3 -mssse3 -msse4.1 -mavx -mavx2 -mavx2 -UASMNAME -UASMFNAME -UNAME -UCNAME -UCHAR_NAME -UCHAR_CNAME -DASMNAME=cherk_kernel_UC -DASMFNAME=cherk_kernel_UC_ -DNAME=cherk_kernel_UC_ -DCNAME=cherk_kernel_UC -DCHAR_NAME=\"cherk_kernel_UC_\" -DCHAR_CNAME=\"cherk_kernel_UC\" -DNO_AFFINITY -I../.. -UDOUBLE  -DCOMPLEX -DHERK -UDOUBLE -DCOMPLEX -ULOWER -DCONJ zherk_kernel.c -o cherk_kernel_UC.o
cc -c -O2 -DMAX_STACK_ALLOC=2048 -Wall -m64 -DF_INTERFACE_GFORT -fPIC -DNO_LAPACK -DNO_LAPACKE -DSMP_SERVER -DNO_WARMUP -DMAX_CPU_NUMBER=4 -DMAX_PARALLEL_NUMBER=1 -DBUILD_SINGLE=1 -DBUILD_DOUBLE=1 -DBUILD_COMPLEX=1 -DBUILD_COMPLEX16=1 -DVERSION=\"0.3.17.dev\" -msse3 -mssse3 -msse4.1 -mavx -mavx2 -mavx2 -UASMNAME -UASMFNAME -UNAME -UCNAME -UCHAR_NAME -UCHAR_CNAME -DASMNAME=cherk_kernel_LN -DASMFNAME=cherk_kernel_LN_ -DNAME=cherk_kernel_LN_ -DCNAME=cherk_kernel_LN -DCHAR_NAME=\"cherk_kernel_LN_\" -DCHAR_CNAME=\"cherk_kernel_LN\" -DNO_AFFINITY -I../.. -UDOUBLE  -DCOMPLEX -DHERK -UDOUBLE -DCOMPLEX -DLOWER -UCONJ zherk_kernel.c -o cherk_kernel_LN.o
cc -c -O2 -DMAX_STACK_ALLOC=2048 -Wall -m64 -DF_INTERFACE_GFORT -fPIC -DNO_LAPACK -DNO_LAPACKE -DSMP_SERVER -DNO_WARMUP -DMAX_CPU_NUMBER=4 -DMAX_PARALLEL_NUMBER=1 -DBUILD_SINGLE=1 -DBUILD_DOUBLE=1 -DBUILD_COMPLEX=1 -DBUILD_COMPLEX16=1 -DVERSION=\"0.3.17.dev\" -msse3 -mssse3 -msse4.1 -mavx -mavx2 -mavx2 -UASMNAME -UASMFNAME -UNAME -UCNAME -UCHAR_NAME -UCHAR_CNAME -DASMNAME=cherk_kernel_LC -DASMFNAME=cherk_kernel_LC_ -DNAME=cherk_kernel_LC_ -DCNAME=cherk_kernel_LC -DCHAR_NAME=\"cherk_kernel_LC_\" -DCHAR_CNAME=\"cherk_kernel_LC\" -DNO_AFFINITY -I../.. -UDOUBLE  -DCOMPLEX -DHERK -UDOUBLE -DCOMPLEX -DLOWER -DCONJ zherk_kernel.c -o cherk_kernel_LC.o
cc -c -O2 -DMAX_STACK_ALLOC=2048 -Wall -m64 -DF_INTERFACE_GFORT -fPIC -DNO_LAPACK -DNO_LAPACKE -DSMP_SERVER -DNO_WARMUP -DMAX_CPU_NUMBER=4 -DMAX_PARALLEL_NUMBER=1 -DBUILD_SINGLE=1 -DBUILD_DOUBLE=1 -DBUILD_COMPLEX=1 -DBUILD_COMPLEX16=1 -DVERSION=\"0.3.17.dev\" -msse3 -mssse3 -msse4.1 -mavx -mavx2 -mavx2 -UASMNAME -UASMFNAME -UNAME -UCNAME -UCHAR_NAME -UCHAR_CNAME -DASMNAME=csyr2k_kernel_U -DASMFNAME=csyr2k_kernel_U_ -DNAME=csyr2k_kernel_U_ -DCNAME=csyr2k_kernel_U -DCHAR_NAME=\"csyr2k_kernel_U_\" -DCHAR_CNAME=\"csyr2k_kernel_U\" -DNO_AFFINITY -I../.. -UDOUBLE  -DCOMPLEX -UDOUBLE -DCOMPLEX -ULOWER syr2k_kernel.c -o csyr2k_kernel_U.o
cc -c -O2 -DMAX_STACK_ALLOC=2048 -Wall -m64 -DF_INTERFACE_GFORT -fPIC -DNO_LAPACK -DNO_LAPACKE -DSMP_SERVER -DNO_WARMUP -DMAX_CPU_NUMBER=4 -DMAX_PARALLEL_NUMBER=1 -DBUILD_SINGLE=1 -DBUILD_DOUBLE=1 -DBUILD_COMPLEX=1 -DBUILD_COMPLEX16=1 -DVERSION=\"0.3.17.dev\" -msse3 -mssse3 -msse4.1 -mavx -mavx2 -mavx2 -UASMNAME -UASMFNAME -UNAME -UCNAME -UCHAR_NAME -UCHAR_CNAME -DASMNAME=csyr2k_kernel_L -DASMFNAME=csyr2k_kernel_L_ -DNAME=csyr2k_kernel_L_ -DCNAME=csyr2k_kernel_L -DCHAR_NAME=\"csyr2k_kernel_L_\" -DCHAR_CNAME=\"csyr2k_kernel_L\" -DNO_AFFINITY -I../.. -UDOUBLE  -DCOMPLEX -UDOUBLE -DCOMPLEX -DLOWER syr2k_kernel.c -o csyr2k_kernel_L.o
cc -c -O2 -DMAX_STACK_ALLOC=2048 -Wall -m64 -DF_INTERFACE_GFORT -fPIC -DNO_LAPACK -DNO_LAPACKE -DSMP_SERVER -DNO_WARMUP -DMAX_CPU_NUMBER=4 -DMAX_PARALLEL_NUMBER=1 -DBUILD_SINGLE=1 -DBUILD_DOUBLE=1 -DBUILD_COMPLEX=1 -DBUILD_COMPLEX16=1 -DVERSION=\"0.3.17.dev\" -msse3 -mssse3 -msse4.1 -mavx -mavx2 -mavx2 -UASMNAME -UASMFNAME -UNAME -UCNAME -UCHAR_NAME -UCHAR_CNAME -DASMNAME=cher2k_kernel_UN -DASMFNAME=cher2k_kernel_UN_ -DNAME=cher2k_kernel_UN_ -DCNAME=cher2k_kernel_UN -DCHAR_NAME=\"cher2k_kernel_UN_\" -DCHAR_CNAME=\"cher2k_kernel_UN\" -DNO_AFFINITY -I../.. -UDOUBLE  -DCOMPLEX -UDOUBLE -DCOMPLEX -ULOWER -UCONJ zher2k_kernel.c -o cher2k_kernel_UN.o
cc -c -O2 -DMAX_STACK_ALLOC=2048 -Wall -m64 -DF_INTERFACE_GFORT -fPIC -DNO_LAPACK -DNO_LAPACKE -DSMP_SERVER -DNO_WARMUP -DMAX_CPU_NUMBER=4 -DMAX_PARALLEL_NUMBER=1 -DBUILD_SINGLE=1 -DBUILD_DOUBLE=1 -DBUILD_COMPLEX=1 -DBUILD_COMPLEX16=1 -DVERSION=\"0.3.17.dev\" -msse3 -mssse3 -msse4.1 -mavx -mavx2 -mavx2 -UASMNAME -UASMFNAME -UNAME -UCNAME -UCHAR_NAME -UCHAR_CNAME -DASMNAME=cher2k_kernel_UC -DASMFNAME=cher2k_kernel_UC_ -DNAME=cher2k_kernel_UC_ -DCNAME=cher2k_kernel_UC -DCHAR_NAME=\"cher2k_kernel_UC_\" -DCHAR_CNAME=\"cher2k_kernel_UC\" -DNO_AFFINITY -I../.. -UDOUBLE  -DCOMPLEX -UDOUBLE -DCOMPLEX -ULOWER -DCONJ zher2k_kernel.c -o cher2k_kernel_UC.o
cc -c -O2 -DMAX_STACK_ALLOC=2048 -Wall -m64 -DF_INTERFACE_GFORT -fPIC -DNO_LAPACK -DNO_LAPACKE -DSMP_SERVER -DNO_WARMUP -DMAX_CPU_NUMBER=4 -DMAX_PARALLEL_NUMBER=1 -DBUILD_SINGLE=1 -DBUILD_DOUBLE=1 -DBUILD_COMPLEX=1 -DBUILD_COMPLEX16=1 -DVERSION=\"0.3.17.dev\" -msse3 -mssse3 -msse4.1 -mavx -mavx2 -mavx2 -UASMNAME -UASMFNAME -UNAME -UCNAME -UCHAR_NAME -UCHAR_CNAME -DASMNAME=cher2k_kernel_LN -DASMFNAME=cher2k_kernel_LN_ -DNAME=cher2k_kernel_LN_ -DCNAME=cher2k_kernel_LN -DCHAR_NAME=\"cher2k_kernel_LN_\" -DCHAR_CNAME=\"cher2k_kernel_LN\" -DNO_AFFINITY -I../.. -UDOUBLE  -DCOMPLEX -UDOUBLE -DCOMPLEX -DLOWER -UCONJ zher2k_kernel.c -o cher2k_kernel_LN.o
cc -c -O2 -DMAX_STACK_ALLOC=2048 -Wall -m64 -DF_INTERFACE_GFORT -fPIC -DNO_LAPACK -DNO_LAPACKE -DSMP_SERVER -DNO_WARMUP -DMAX_CPU_NUMBER=4 -DMAX_PARALLEL_NUMBER=1 -DBUILD_SINGLE=1 -DBUILD_DOUBLE=1 -DBUILD_COMPLEX=1 -DBUILD_COMPLEX16=1 -DVERSION=\"0.3.17.dev\" -msse3 -mssse3 -msse4.1 -mavx -mavx2 -mavx2 -UASMNAME -UASMFNAME -UNAME -UCNAME -UCHAR_NAME -UCHAR_CNAME -DASMNAME=cher2k_kernel_LC -DASMFNAME=cher2k_kernel_LC_ -DNAME=cher2k_kernel_LC_ -DCNAME=cher2k_kernel_LC -DCHAR_NAME=\"cher2k_kernel_LC_\" -DCHAR_CNAME=\"cher2k_kernel_LC\" -DNO_AFFINITY -I../.. -UDOUBLE  -DCOMPLEX -UDOUBLE -DCOMPLEX -DLOWER -DCONJ zher2k_kernel.c -o cher2k_kernel_LC.o
cc -O2 -DMAX_STACK_ALLOC=2048 -Wall -m64 -DF_INTERFACE_GFORT -fPIC -DNO_LAPACK -DNO_LAPACKE -DSMP_SERVER -DNO_WARMUP -DMAX_CPU_NUMBER=4 -DMAX_PARALLEL_NUMBER=1 -DBUILD_SINGLE=1 -DBUILD_DOUBLE=1 -DBUILD_COMPLEX=1 -DBUILD_COMPLEX16=1 -DVERSION=\"0.3.17.dev\" -msse3 -mssse3 -msse4.1 -mavx -mavx2 -mavx2 -UASMNAME -UASMFNAME -UNAME -UCNAME -UCHAR_NAME -UCHAR_CNAME -DASMNAME=cgemm3m_nn -DASMFNAME=cgemm3m_nn_ -DNAME=cgemm3m_nn_ -DCNAME=cgemm3m_nn -DCHAR_NAME=\"cgemm3m_nn_\" -DCHAR_CNAME=\"cgemm3m_nn\" -DNO_AFFINITY -I../.. -UDOUBLE  -DCOMPLEX  -c -UDOUBLE -DCOMPLEX -DNN gemm3m.c -o cgemm3m_nn.o
cc -O2 -DMAX_STACK_ALLOC=2048 -Wall -m64 -DF_INTERFACE_GFORT -fPIC -DNO_LAPACK -DNO_LAPACKE -DSMP_SERVER -DNO_WARMUP -DMAX_CPU_NUMBER=4 -DMAX_PARALLEL_NUMBER=1 -DBUILD_SINGLE=1 -DBUILD_DOUBLE=1 -DBUILD_COMPLEX=1 -DBUILD_COMPLEX16=1 -DVERSION=\"0.3.17.dev\" -msse3 -mssse3 -msse4.1 -mavx -mavx2 -mavx2 -UASMNAME -UASMFNAME -UNAME -UCNAME -UCHAR_NAME -UCHAR_CNAME -DASMNAME=cgemm3m_cn -DASMFNAME=cgemm3m_cn_ -DNAME=cgemm3m_cn_ -DCNAME=cgemm3m_cn -DCHAR_NAME=\"cgemm3m_cn_\" -DCHAR_CNAME=\"cgemm3m_cn\" -DNO_AFFINITY -I../.. -UDOUBLE  -DCOMPLEX  -c -UDOUBLE -DCOMPLEX -DCN gemm3m.c -o cgemm3m_cn.o
cc -O2 -DMAX_STACK_ALLOC=2048 -Wall -m64 -DF_INTERFACE_GFORT -fPIC -DNO_LAPACK -DNO_LAPACKE -DSMP_SERVER -DNO_WARMUP -DMAX_CPU_NUMBER=4 -DMAX_PARALLEL_NUMBER=1 -DBUILD_SINGLE=1 -DBUILD_DOUBLE=1 -DBUILD_COMPLEX=1 -DBUILD_COMPLEX16=1 -DVERSION=\"0.3.17.dev\" -msse3 -mssse3 -msse4.1 -mavx -mavx2 -mavx2 -UASMNAME -UASMFNAME -UNAME -UCNAME -UCHAR_NAME -UCHAR_CNAME -DASMNAME=cgemm3m_tn -DASMFNAME=cgemm3m_tn_ -DNAME=cgemm3m_tn_ -DCNAME=cgemm3m_tn -DCHAR_NAME=\"cgemm3m_tn_\" -DCHAR_CNAME=\"cgemm3m_tn\" -DNO_AFFINITY -I../.. -UDOUBLE  -DCOMPLEX  -c -UDOUBLE -DCOMPLEX -DTN gemm3m.c -o cgemm3m_tn.o
cc -O2 -DMAX_STACK_ALLOC=2048 -Wall -m64 -DF_INTERFACE_GFORT -fPIC -DNO_LAPACK -DNO_LAPACKE -DSMP_SERVER -DNO_WARMUP -DMAX_CPU_NUMBER=4 -DMAX_PARALLEL_NUMBER=1 -DBUILD_SINGLE=1 -DBUILD_DOUBLE=1 -DBUILD_COMPLEX=1 -DBUILD_COMPLEX16=1 -DVERSION=\"0.3.17.dev\" -msse3 -mssse3 -msse4.1 -mavx -mavx2 -mavx2 -UASMNAME -UASMFNAME -UNAME -UCNAME -UCHAR_NAME -UCHAR_CNAME -DASMNAME=cgemm3m_nc -DASMFNAME=cgemm3m_nc_ -DNAME=cgemm3m_nc_ -DCNAME=cgemm3m_nc -DCHAR_NAME=\"cgemm3m_nc_\" -DCHAR_CNAME=\"cgemm3m_nc\" -DNO_AFFINITY -I../.. -UDOUBLE  -DCOMPLEX  -c -UDOUBLE -DCOMPLEX -DNC gemm3m.c -o cgemm3m_nc.o
cc -O2 -DMAX_STACK_ALLOC=2048 -Wall -m64 -DF_INTERFACE_GFORT -fPIC -DNO_LAPACK -DNO_LAPACKE -DSMP_SERVER -DNO_WARMUP -DMAX_CPU_NUMBER=4 -DMAX_PARALLEL_NUMBER=1 -DBUILD_SINGLE=1 -DBUILD_DOUBLE=1 -DBUILD_COMPLEX=1 -DBUILD_COMPLEX16=1 -DVERSION=\"0.3.17.dev\" -msse3 -mssse3 -msse4.1 -mavx -mavx2 -mavx2 -UASMNAME -UASMFNAME -UNAME -UCNAME -UCHAR_NAME -UCHAR_CNAME -DASMNAME=cgemm3m_nt -DASMFNAME=cgemm3m_nt_ -DNAME=cgemm3m_nt_ -DCNAME=cgemm3m_nt -DCHAR_NAME=\"cgemm3m_nt_\" -DCHAR_CNAME=\"cgemm3m_nt\" -DNO_AFFINITY -I../.. -UDOUBLE  -DCOMPLEX  -c -UDOUBLE -DCOMPLEX -DNT gemm3m.c -o cgemm3m_nt.o
cc -O2 -DMAX_STACK_ALLOC=2048 -Wall -m64 -DF_INTERFACE_GFORT -fPIC -DNO_LAPACK -DNO_LAPACKE -DSMP_SERVER -DNO_WARMUP -DMAX_CPU_NUMBER=4 -DMAX_PARALLEL_NUMBER=1 -DBUILD_SINGLE=1 -DBUILD_DOUBLE=1 -DBUILD_COMPLEX=1 -DBUILD_COMPLEX16=1 -DVERSION=\"0.3.17.dev\" -msse3 -mssse3 -msse4.1 -mavx -mavx2 -mavx2 -UASMNAME -UASMFNAME -UNAME -UCNAME -UCHAR_NAME -UCHAR_CNAME -DASMNAME=cgemm3m_cc -DASMFNAME=cgemm3m_cc_ -DNAME=cgemm3m_cc_ -DCNAME=cgemm3m_cc -DCHAR_NAME=\"cgemm3m_cc_\" -DCHAR_CNAME=\"cgemm3m_cc\" -DNO_AFFINITY -I../.. -UDOUBLE  -DCOMPLEX  -c -UDOUBLE -DCOMPLEX -DCC gemm3m.c -o cgemm3m_cc.o
cc -O2 -DMAX_STACK_ALLOC=2048 -Wall -m64 -DF_INTERFACE_GFORT -fPIC -DNO_LAPACK -DNO_LAPACKE -DSMP_SERVER -DNO_WARMUP -DMAX_CPU_NUMBER=4 -DMAX_PARALLEL_NUMBER=1 -DBUILD_SINGLE=1 -DBUILD_DOUBLE=1 -DBUILD_COMPLEX=1 -DBUILD_COMPLEX16=1 -DVERSION=\"0.3.17.dev\" -msse3 -mssse3 -msse4.1 -mavx -mavx2 -mavx2 -UASMNAME -UASMFNAME -UNAME -UCNAME -UCHAR_NAME -UCHAR_CNAME -DASMNAME=cgemm3m_ct -DASMFNAME=cgemm3m_ct_ -DNAME=cgemm3m_ct_ -DCNAME=cgemm3m_ct -DCHAR_NAME=\"cgemm3m_ct_\" -DCHAR_CNAME=\"cgemm3m_ct\" -DNO_AFFINITY -I../.. -UDOUBLE  -DCOMPLEX  -c -UDOUBLE -DCOMPLEX -DCT gemm3m.c -o cgemm3m_ct.o
cc -O2 -DMAX_STACK_ALLOC=2048 -Wall -m64 -DF_INTERFACE_GFORT -fPIC -DNO_LAPACK -DNO_LAPACKE -DSMP_SERVER -DNO_WARMUP -DMAX_CPU_NUMBER=4 -DMAX_PARALLEL_NUMBER=1 -DBUILD_SINGLE=1 -DBUILD_DOUBLE=1 -DBUILD_COMPLEX=1 -DBUILD_COMPLEX16=1 -DVERSION=\"0.3.17.dev\" -msse3 -mssse3 -msse4.1 -mavx -mavx2 -mavx2 -UASMNAME -UASMFNAME -UNAME -UCNAME -UCHAR_NAME -UCHAR_CNAME -DASMNAME=cgemm3m_tc -DASMFNAME=cgemm3m_tc_ -DNAME=cgemm3m_tc_ -DCNAME=cgemm3m_tc -DCHAR_NAME=\"cgemm3m_tc_\" -DCHAR_CNAME=\"cgemm3m_tc\" -DNO_AFFINITY -I../.. -UDOUBLE  -DCOMPLEX  -c -UDOUBLE -DCOMPLEX -DTC gemm3m.c -o cgemm3m_tc.o
cc -O2 -DMAX_STACK_ALLOC=2048 -Wall -m64 -DF_INTERFACE_GFORT -fPIC -DNO_LAPACK -DNO_LAPACKE -DSMP_SERVER -DNO_WARMUP -DMAX_CPU_NUMBER=4 -DMAX_PARALLEL_NUMBER=1 -DBUILD_SINGLE=1 -DBUILD_DOUBLE=1 -DBUILD_COMPLEX=1 -DBUILD_COMPLEX16=1 -DVERSION=\"0.3.17.dev\" -msse3 -mssse3 -msse4.1 -mavx -mavx2 -mavx2 -UASMNAME -UASMFNAME -UNAME -UCNAME -UCHAR_NAME -UCHAR_CNAME -DASMNAME=cgemm3m_tt -DASMFNAME=cgemm3m_tt_ -DNAME=cgemm3m_tt_ -DCNAME=cgemm3m_tt -DCHAR_NAME=\"cgemm3m_tt_\" -DCHAR_CNAME=\"cgemm3m_tt\" -DNO_AFFINITY -I../.. -UDOUBLE  -DCOMPLEX  -c -UDOUBLE -DCOMPLEX -DTT gemm3m.c -o cgemm3m_tt.o
cc -O2 -DMAX_STACK_ALLOC=2048 -Wall -m64 -DF_INTERFACE_GFORT -fPIC -DNO_LAPACK -DNO_LAPACKE -DSMP_SERVER -DNO_WARMUP -DMAX_CPU_NUMBER=4 -DMAX_PARALLEL_NUMBER=1 -DBUILD_SINGLE=1 -DBUILD_DOUBLE=1 -DBUILD_COMPLEX=1 -DBUILD_COMPLEX16=1 -DVERSION=\"0.3.17.dev\" -msse3 -mssse3 -msse4.1 -mavx -mavx2 -mavx2 -UASMNAME -UASMFNAME -UNAME -UCNAME -UCHAR_NAME -UCHAR_CNAME -DASMNAME=cgemm3m_nr -DASMFNAME=cgemm3m_nr_ -DNAME=cgemm3m_nr_ -DCNAME=cgemm3m_nr -DCHAR_NAME=\"cgemm3m_nr_\" -DCHAR_CNAME=\"cgemm3m_nr\" -DNO_AFFINITY -I../.. -UDOUBLE  -DCOMPLEX  -c -UDOUBLE -DCOMPLEX -DNR gemm3m.c -o cgemm3m_nr.o
cc -O2 -DMAX_STACK_ALLOC=2048 -Wall -m64 -DF_INTERFACE_GFORT -fPIC -DNO_LAPACK -DNO_LAPACKE -DSMP_SERVER -DNO_WARMUP -DMAX_CPU_NUMBER=4 -DMAX_PARALLEL_NUMBER=1 -DBUILD_SINGLE=1 -DBUILD_DOUBLE=1 -DBUILD_COMPLEX=1 -DBUILD_COMPLEX16=1 -DVERSION=\"0.3.17.dev\" -msse3 -mssse3 -msse4.1 -mavx -mavx2 -mavx2 -UASMNAME -UASMFNAME -UNAME -UCNAME -UCHAR_NAME -UCHAR_CNAME -DASMNAME=cgemm3m_tr -DASMFNAME=cgemm3m_tr_ -DNAME=cgemm3m_tr_ -DCNAME=cgemm3m_tr -DCHAR_NAME=\"cgemm3m_tr_\" -DCHAR_CNAME=\"cgemm3m_tr\" -DNO_AFFINITY -I../.. -UDOUBLE  -DCOMPLEX  -c -UDOUBLE -DCOMPLEX -DTR gemm3m.c -o cgemm3m_tr.o
cc -O2 -DMAX_STACK_ALLOC=2048 -Wall -m64 -DF_INTERFACE_GFORT -fPIC -DNO_LAPACK -DNO_LAPACKE -DSMP_SERVER -DNO_WARMUP -DMAX_CPU_NUMBER=4 -DMAX_PARALLEL_NUMBER=1 -DBUILD_SINGLE=1 -DBUILD_DOUBLE=1 -DBUILD_COMPLEX=1 -DBUILD_COMPLEX16=1 -DVERSION=\"0.3.17.dev\" -msse3 -mssse3 -msse4.1 -mavx -mavx2 -mavx2 -UASMNAME -UASMFNAME -UNAME -UCNAME -UCHAR_NAME -UCHAR_CNAME -DASMNAME=cgemm3m_cr -DASMFNAME=cgemm3m_cr_ -DNAME=cgemm3m_cr_ -DCNAME=cgemm3m_cr -DCHAR_NAME=\"cgemm3m_cr_\" -DCHAR_CNAME=\"cgemm3m_cr\" -DNO_AFFINITY -I../.. -UDOUBLE  -DCOMPLEX  -c -UDOUBLE -DCOMPLEX -DCR=CR gemm3m.c -o cgemm3m_cr.o
cc -O2 -DMAX_STACK_ALLOC=2048 -Wall -m64 -DF_INTERFACE_GFORT -fPIC -DNO_LAPACK -DNO_LAPACKE -DSMP_SERVER -DNO_WARMUP -DMAX_CPU_NUMBER=4 -DMAX_PARALLEL_NUMBER=1 -DBUILD_SINGLE=1 -DBUILD_DOUBLE=1 -DBUILD_COMPLEX=1 -DBUILD_COMPLEX16=1 -DVERSION=\"0.3.17.dev\" -msse3 -mssse3 -msse4.1 -mavx -mavx2 -mavx2 -UASMNAME -UASMFNAME -UNAME -UCNAME -UCHAR_NAME -UCHAR_CNAME -DASMNAME=cgemm3m_rn -DASMFNAME=cgemm3m_rn_ -DNAME=cgemm3m_rn_ -DCNAME=cgemm3m_rn -DCHAR_NAME=\"cgemm3m_rn_\" -DCHAR_CNAME=\"cgemm3m_rn\" -DNO_AFFINITY -I../.. -UDOUBLE  -DCOMPLEX  -c -UDOUBLE -DCOMPLEX -DRN gemm3m.c -o cgemm3m_rn.o
cc -O2 -DMAX_STACK_ALLOC=2048 -Wall -m64 -DF_INTERFACE_GFORT -fPIC -DNO_LAPACK -DNO_LAPACKE -DSMP_SERVER -DNO_WARMUP -DMAX_CPU_NUMBER=4 -DMAX_PARALLEL_NUMBER=1 -DBUILD_SINGLE=1 -DBUILD_DOUBLE=1 -DBUILD_COMPLEX=1 -DBUILD_COMPLEX16=1 -DVERSION=\"0.3.17.dev\" -msse3 -mssse3 -msse4.1 -mavx -mavx2 -mavx2 -UASMNAME -UASMFNAME -UNAME -UCNAME -UCHAR_NAME -UCHAR_CNAME -DASMNAME=cgemm3m_rt -DASMFNAME=cgemm3m_rt_ -DNAME=cgemm3m_rt_ -DCNAME=cgemm3m_rt -DCHAR_NAME=\"cgemm3m_rt_\" -DCHAR_CNAME=\"cgemm3m_rt\" -DNO_AFFINITY -I../.. -UDOUBLE  -DCOMPLEX  -c -UDOUBLE -DCOMPLEX -DRT gemm3m.c -o cgemm3m_rt.o
cc -O2 -DMAX_STACK_ALLOC=2048 -Wall -m64 -DF_INTERFACE_GFORT -fPIC -DNO_LAPACK -DNO_LAPACKE -DSMP_SERVER -DNO_WARMUP -DMAX_CPU_NUMBER=4 -DMAX_PARALLEL_NUMBER=1 -DBUILD_SINGLE=1 -DBUILD_DOUBLE=1 -DBUILD_COMPLEX=1 -DBUILD_COMPLEX16=1 -DVERSION=\"0.3.17.dev\" -msse3 -mssse3 -msse4.1 -mavx -mavx2 -mavx2 -UASMNAME -UASMFNAME -UNAME -UCNAME -UCHAR_NAME -UCHAR_CNAME -DASMNAME=cgemm3m_rc -DASMFNAME=cgemm3m_rc_ -DNAME=cgemm3m_rc_ -DCNAME=cgemm3m_rc -DCHAR_NAME=\"cgemm3m_rc_\" -DCHAR_CNAME=\"cgemm3m_rc\" -DNO_AFFINITY -I../.. -UDOUBLE  -DCOMPLEX  -c -UDOUBLE -DCOMPLEX -DRC=RC gemm3m.c -o cgemm3m_rc.o
cc -O2 -DMAX_STACK_ALLOC=2048 -Wall -m64 -DF_INTERFACE_GFORT -fPIC -DNO_LAPACK -DNO_LAPACKE -DSMP_SERVER -DNO_WARMUP -DMAX_CPU_NUMBER=4 -DMAX_PARALLEL_NUMBER=1 -DBUILD_SINGLE=1 -DBUILD_DOUBLE=1 -DBUILD_COMPLEX=1 -DBUILD_COMPLEX16=1 -DVERSION=\"0.3.17.dev\" -msse3 -mssse3 -msse4.1 -mavx -mavx2 -mavx2 -UASMNAME -UASMFNAME -UNAME -UCNAME -UCHAR_NAME -UCHAR_CNAME -DASMNAME=cgemm3m_rr -DASMFNAME=cgemm3m_rr_ -DNAME=cgemm3m_rr_ -DCNAME=cgemm3m_rr -DCHAR_NAME=\"cgemm3m_rr_\" -DCHAR_CNAME=\"cgemm3m_rr\" -DNO_AFFINITY -I../.. -UDOUBLE  -DCOMPLEX  -c -UDOUBLE -DCOMPLEX -DRR gemm3m.c -o cgemm3m_rr.o
cc -c -O2 -DMAX_STACK_ALLOC=2048 -Wall -m64 -DF_INTERFACE_GFORT -fPIC -DNO_LAPACK -DNO_LAPACKE -DSMP_SERVER -DNO_WARMUP -DMAX_CPU_NUMBER=4 -DMAX_PARALLEL_NUMBER=1 -DBUILD_SINGLE=1 -DBUILD_DOUBLE=1 -DBUILD_COMPLEX=1 -DBUILD_COMPLEX16=1 -DVERSION=\"0.3.17.dev\" -msse3 -mssse3 -msse4.1 -mavx -mavx2 -mavx2 -UASMNAME -UASMFNAME -UNAME -UCNAME -UCHAR_NAME -UCHAR_CNAME -DASMNAME=csymm3m_LU -DASMFNAME=csymm3m_LU_ -DNAME=csymm3m_LU_ -DCNAME=csymm3m_LU -DCHAR_NAME=\"csymm3m_LU_\" -DCHAR_CNAME=\"csymm3m_LU\" -DNO_AFFINITY -I../.. -UDOUBLE  -DCOMPLEX -UDOUBLE -DCOMPLEX -ULOWER -URSIDE -DNN symm3m_k.c -o csymm3m_LU.o
cc -c -O2 -DMAX_STACK_ALLOC=2048 -Wall -m64 -DF_INTERFACE_GFORT -fPIC -DNO_LAPACK -DNO_LAPACKE -DSMP_SERVER -DNO_WARMUP -DMAX_CPU_NUMBER=4 -DMAX_PARALLEL_NUMBER=1 -DBUILD_SINGLE=1 -DBUILD_DOUBLE=1 -DBUILD_COMPLEX=1 -DBUILD_COMPLEX16=1 -DVERSION=\"0.3.17.dev\" -msse3 -mssse3 -msse4.1 -mavx -mavx2 -mavx2 -UASMNAME -UASMFNAME -UNAME -UCNAME -UCHAR_NAME -UCHAR_CNAME -DASMNAME=csymm3m_LL -DASMFNAME=csymm3m_LL_ -DNAME=csymm3m_LL_ -DCNAME=csymm3m_LL -DCHAR_NAME=\"csymm3m_LL_\" -DCHAR_CNAME=\"csymm3m_LL\" -DNO_AFFINITY -I../.. -UDOUBLE  -DCOMPLEX -UDOUBLE -DCOMPLEX -DLOWER -URSIDE -DNN symm3m_k.c -o csymm3m_LL.o
cc -c -O2 -DMAX_STACK_ALLOC=2048 -Wall -m64 -DF_INTERFACE_GFORT -fPIC -DNO_LAPACK -DNO_LAPACKE -DSMP_SERVER -DNO_WARMUP -DMAX_CPU_NUMBER=4 -DMAX_PARALLEL_NUMBER=1 -DBUILD_SINGLE=1 -DBUILD_DOUBLE=1 -DBUILD_COMPLEX=1 -DBUILD_COMPLEX16=1 -DVERSION=\"0.3.17.dev\" -msse3 -mssse3 -msse4.1 -mavx -mavx2 -mavx2 -UASMNAME -UASMFNAME -UNAME -UCNAME -UCHAR_NAME -UCHAR_CNAME -DASMNAME=csymm3m_RU -DASMFNAME=csymm3m_RU_ -DNAME=csymm3m_RU_ -DCNAME=csymm3m_RU -DCHAR_NAME=\"csymm3m_RU_\" -DCHAR_CNAME=\"csymm3m_RU\" -DNO_AFFINITY -I../.. -UDOUBLE  -DCOMPLEX -UDOUBLE -DCOMPLEX -ULOWER -DRSIDE -DNN symm3m_k.c -o csymm3m_RU.o
cc -c -O2 -DMAX_STACK_ALLOC=2048 -Wall -m64 -DF_INTERFACE_GFORT -fPIC -DNO_LAPACK -DNO_LAPACKE -DSMP_SERVER -DNO_WARMUP -DMAX_CPU_NUMBER=4 -DMAX_PARALLEL_NUMBER=1 -DBUILD_SINGLE=1 -DBUILD_DOUBLE=1 -DBUILD_COMPLEX=1 -DBUILD_COMPLEX16=1 -DVERSION=\"0.3.17.dev\" -msse3 -mssse3 -msse4.1 -mavx -mavx2 -mavx2 -UASMNAME -UASMFNAME -UNAME -UCNAME -UCHAR_NAME -UCHAR_CNAME -DASMNAME=csymm3m_RL -DASMFNAME=csymm3m_RL_ -DNAME=csymm3m_RL_ -DCNAME=csymm3m_RL -DCHAR_NAME=\"csymm3m_RL_\" -DCHAR_CNAME=\"csymm3m_RL\" -DNO_AFFINITY -I../.. -UDOUBLE  -DCOMPLEX -UDOUBLE -DCOMPLEX -DLOWER -DRSIDE -DNN symm3m_k.c -o csymm3m_RL.o
cc -c -O2 -DMAX_STACK_ALLOC=2048 -Wall -m64 -DF_INTERFACE_GFORT -fPIC -DNO_LAPACK -DNO_LAPACKE -DSMP_SERVER -DNO_WARMUP -DMAX_CPU_NUMBER=4 -DMAX_PARALLEL_NUMBER=1 -DBUILD_SINGLE=1 -DBUILD_DOUBLE=1 -DBUILD_COMPLEX=1 -DBUILD_COMPLEX16=1 -DVERSION=\"0.3.17.dev\" -msse3 -mssse3 -msse4.1 -mavx -mavx2 -mavx2 -UASMNAME -UASMFNAME -UNAME -UCNAME -UCHAR_NAME -UCHAR_CNAME -DASMNAME=chemm3m_LU -DASMFNAME=chemm3m_LU_ -DNAME=chemm3m_LU_ -DCNAME=chemm3m_LU -DCHAR_NAME=\"chemm3m_LU_\" -DCHAR_CNAME=\"chemm3m_LU\" -DNO_AFFINITY -I../.. -UDOUBLE  -DCOMPLEX -UDOUBLE -DCOMPLEX -ULOWER -URSIDE -DNN hemm3m_k.c -o chemm3m_LU.o
cc -c -O2 -DMAX_STACK_ALLOC=2048 -Wall -m64 -DF_INTERFACE_GFORT -fPIC -DNO_LAPACK -DNO_LAPACKE -DSMP_SERVER -DNO_WARMUP -DMAX_CPU_NUMBER=4 -DMAX_PARALLEL_NUMBER=1 -DBUILD_SINGLE=1 -DBUILD_DOUBLE=1 -DBUILD_COMPLEX=1 -DBUILD_COMPLEX16=1 -DVERSION=\"0.3.17.dev\" -msse3 -mssse3 -msse4.1 -mavx -mavx2 -mavx2 -UASMNAME -UASMFNAME -UNAME -UCNAME -UCHAR_NAME -UCHAR_CNAME -DASMNAME=chemm3m_LL -DASMFNAME=chemm3m_LL_ -DNAME=chemm3m_LL_ -DCNAME=chemm3m_LL -DCHAR_NAME=\"chemm3m_LL_\" -DCHAR_CNAME=\"chemm3m_LL\" -DNO_AFFINITY -I../.. -UDOUBLE  -DCOMPLEX -UDOUBLE -DCOMPLEX -DLOWER -URSIDE -DNN hemm3m_k.c -o chemm3m_LL.o
cc -c -O2 -DMAX_STACK_ALLOC=2048 -Wall -m64 -DF_INTERFACE_GFORT -fPIC -DNO_LAPACK -DNO_LAPACKE -DSMP_SERVER -DNO_WARMUP -DMAX_CPU_NUMBER=4 -DMAX_PARALLEL_NUMBER=1 -DBUILD_SINGLE=1 -DBUILD_DOUBLE=1 -DBUILD_COMPLEX=1 -DBUILD_COMPLEX16=1 -DVERSION=\"0.3.17.dev\" -msse3 -mssse3 -msse4.1 -mavx -mavx2 -mavx2 -UASMNAME -UASMFNAME -UNAME -UCNAME -UCHAR_NAME -UCHAR_CNAME -DASMNAME=chemm3m_RU -DASMFNAME=chemm3m_RU_ -DNAME=chemm3m_RU_ -DCNAME=chemm3m_RU -DCHAR_NAME=\"chemm3m_RU_\" -DCHAR_CNAME=\"chemm3m_RU\" -DNO_AFFINITY -I../.. -UDOUBLE  -DCOMPLEX -UDOUBLE -DCOMPLEX -ULOWER -DRSIDE -DNN hemm3m_k.c -o chemm3m_RU.o
cc -c -O2 -DMAX_STACK_ALLOC=2048 -Wall -m64 -DF_INTERFACE_GFORT -fPIC -DNO_LAPACK -DNO_LAPACKE -DSMP_SERVER -DNO_WARMUP -DMAX_CPU_NUMBER=4 -DMAX_PARALLEL_NUMBER=1 -DBUILD_SINGLE=1 -DBUILD_DOUBLE=1 -DBUILD_COMPLEX=1 -DBUILD_COMPLEX16=1 -DVERSION=\"0.3.17.dev\" -msse3 -mssse3 -msse4.1 -mavx -mavx2 -mavx2 -UASMNAME -UASMFNAME -UNAME -UCNAME -UCHAR_NAME -UCHAR_CNAME -DASMNAME=chemm3m_RL -DASMFNAME=chemm3m_RL_ -DNAME=chemm3m_RL_ -DCNAME=chemm3m_RL -DCHAR_NAME=\"chemm3m_RL_\" -DCHAR_CNAME=\"chemm3m_RL\" -DNO_AFFINITY -I../.. -UDOUBLE  -DCOMPLEX -UDOUBLE -DCOMPLEX -DLOWER -DRSIDE -DNN hemm3m_k.c -o chemm3m_RL.o
cc -O2 -DMAX_STACK_ALLOC=2048 -Wall -m64 -DF_INTERFACE_GFORT -fPIC -DNO_LAPACK -DNO_LAPACKE -DSMP_SERVER -DNO_WARMUP -DMAX_CPU_NUMBER=4 -DMAX_PARALLEL_NUMBER=1 -DBUILD_SINGLE=1 -DBUILD_DOUBLE=1 -DBUILD_COMPLEX=1 -DBUILD_COMPLEX16=1 -DVERSION=\"0.3.17.dev\" -msse3 -mssse3 -msse4.1 -mavx -mavx2 -mavx2 -UASMNAME -UASMFNAME -UNAME -UCNAME -UCHAR_NAME -UCHAR_CNAME -DASMNAME=cgemm_thread_nn -DASMFNAME=cgemm_thread_nn_ -DNAME=cgemm_thread_nn_ -DCNAME=cgemm_thread_nn -DCHAR_NAME=\"cgemm_thread_nn_\" -DCHAR_CNAME=\"cgemm_thread_nn\" -DNO_AFFINITY -I../.. -UDOUBLE  -DCOMPLEX  -c -DTHREADED_LEVEL3 -UDOUBLE -DCOMPLEX -DNN gemm.c -o cgemm_thread_nn.o
cc -O2 -DMAX_STACK_ALLOC=2048 -Wall -m64 -DF_INTERFACE_GFORT -fPIC -DNO_LAPACK -DNO_LAPACKE -DSMP_SERVER -DNO_WARMUP -DMAX_CPU_NUMBER=4 -DMAX_PARALLEL_NUMBER=1 -DBUILD_SINGLE=1 -DBUILD_DOUBLE=1 -DBUILD_COMPLEX=1 -DBUILD_COMPLEX16=1 -DVERSION=\"0.3.17.dev\" -msse3 -mssse3 -msse4.1 -mavx -mavx2 -mavx2 -UASMNAME -UASMFNAME -UNAME -UCNAME -UCHAR_NAME -UCHAR_CNAME -DASMNAME=cgemm_thread_nt -DASMFNAME=cgemm_thread_nt_ -DNAME=cgemm_thread_nt_ -DCNAME=cgemm_thread_nt -DCHAR_NAME=\"cgemm_thread_nt_\" -DCHAR_CNAME=\"cgemm_thread_nt\" -DNO_AFFINITY -I../.. -UDOUBLE  -DCOMPLEX  -c -DTHREADED_LEVEL3 -UDOUBLE -DCOMPLEX -DNT gemm.c -o cgemm_thread_nt.o
cc -O2 -DMAX_STACK_ALLOC=2048 -Wall -m64 -DF_INTERFACE_GFORT -fPIC -DNO_LAPACK -DNO_LAPACKE -DSMP_SERVER -DNO_WARMUP -DMAX_CPU_NUMBER=4 -DMAX_PARALLEL_NUMBER=1 -DBUILD_SINGLE=1 -DBUILD_DOUBLE=1 -DBUILD_COMPLEX=1 -DBUILD_COMPLEX16=1 -DVERSION=\"0.3.17.dev\" -msse3 -mssse3 -msse4.1 -mavx -mavx2 -mavx2 -UASMNAME -UASMFNAME -UNAME -UCNAME -UCHAR_NAME -UCHAR_CNAME -DASMNAME=cgemm_thread_nr -DASMFNAME=cgemm_thread_nr_ -DNAME=cgemm_thread_nr_ -DCNAME=cgemm_thread_nr -DCHAR_NAME=\"cgemm_thread_nr_\" -DCHAR_CNAME=\"cgemm_thread_nr\" -DNO_AFFINITY -I../.. -UDOUBLE  -DCOMPLEX  -c -DTHREADED_LEVEL3 -UDOUBLE -DCOMPLEX -DNR gemm.c -o cgemm_thread_nr.o
cc -O2 -DMAX_STACK_ALLOC=2048 -Wall -m64 -DF_INTERFACE_GFORT -fPIC -DNO_LAPACK -DNO_LAPACKE -DSMP_SERVER -DNO_WARMUP -DMAX_CPU_NUMBER=4 -DMAX_PARALLEL_NUMBER=1 -DBUILD_SINGLE=1 -DBUILD_DOUBLE=1 -DBUILD_COMPLEX=1 -DBUILD_COMPLEX16=1 -DVERSION=\"0.3.17.dev\" -msse3 -mssse3 -msse4.1 -mavx -mavx2 -mavx2 -UASMNAME -UASMFNAME -UNAME -UCNAME -UCHAR_NAME -UCHAR_CNAME -DASMNAME=cgemm_thread_nc -DASMFNAME=cgemm_thread_nc_ -DNAME=cgemm_thread_nc_ -DCNAME=cgemm_thread_nc -DCHAR_NAME=\"cgemm_thread_nc_\" -DCHAR_CNAME=\"cgemm_thread_nc\" -DNO_AFFINITY -I../.. -UDOUBLE  -DCOMPLEX  -c -DTHREADED_LEVEL3 -UDOUBLE -DCOMPLEX -DNC gemm.c -o cgemm_thread_nc.o
cc -O2 -DMAX_STACK_ALLOC=2048 -Wall -m64 -DF_INTERFACE_GFORT -fPIC -DNO_LAPACK -DNO_LAPACKE -DSMP_SERVER -DNO_WARMUP -DMAX_CPU_NUMBER=4 -DMAX_PARALLEL_NUMBER=1 -DBUILD_SINGLE=1 -DBUILD_DOUBLE=1 -DBUILD_COMPLEX=1 -DBUILD_COMPLEX16=1 -DVERSION=\"0.3.17.dev\" -msse3 -mssse3 -msse4.1 -mavx -mavx2 -mavx2 -UASMNAME -UASMFNAME -UNAME -UCNAME -UCHAR_NAME -UCHAR_CNAME -DASMNAME=cgemm_thread_tn -DASMFNAME=cgemm_thread_tn_ -DNAME=cgemm_thread_tn_ -DCNAME=cgemm_thread_tn -DCHAR_NAME=\"cgemm_thread_tn_\" -DCHAR_CNAME=\"cgemm_thread_tn\" -DNO_AFFINITY -I../.. -UDOUBLE  -DCOMPLEX  -c -DTHREADED_LEVEL3 -UDOUBLE -DCOMPLEX -DTN gemm.c -o cgemm_thread_tn.o
cc -O2 -DMAX_STACK_ALLOC=2048 -Wall -m64 -DF_INTERFACE_GFORT -fPIC -DNO_LAPACK -DNO_LAPACKE -DSMP_SERVER -DNO_WARMUP -DMAX_CPU_NUMBER=4 -DMAX_PARALLEL_NUMBER=1 -DBUILD_SINGLE=1 -DBUILD_DOUBLE=1 -DBUILD_COMPLEX=1 -DBUILD_COMPLEX16=1 -DVERSION=\"0.3.17.dev\" -msse3 -mssse3 -msse4.1 -mavx -mavx2 -mavx2 -UASMNAME -UASMFNAME -UNAME -UCNAME -UCHAR_NAME -UCHAR_CNAME -DASMNAME=cgemm_thread_tt -DASMFNAME=cgemm_thread_tt_ -DNAME=cgemm_thread_tt_ -DCNAME=cgemm_thread_tt -DCHAR_NAME=\"cgemm_thread_tt_\" -DCHAR_CNAME=\"cgemm_thread_tt\" -DNO_AFFINITY -I../.. -UDOUBLE  -DCOMPLEX  -c -DTHREADED_LEVEL3 -UDOUBLE -DCOMPLEX -DTT gemm.c -o cgemm_thread_tt.o
cc -O2 -DMAX_STACK_ALLOC=2048 -Wall -m64 -DF_INTERFACE_GFORT -fPIC -DNO_LAPACK -DNO_LAPACKE -DSMP_SERVER -DNO_WARMUP -DMAX_CPU_NUMBER=4 -DMAX_PARALLEL_NUMBER=1 -DBUILD_SINGLE=1 -DBUILD_DOUBLE=1 -DBUILD_COMPLEX=1 -DBUILD_COMPLEX16=1 -DVERSION=\"0.3.17.dev\" -msse3 -mssse3 -msse4.1 -mavx -mavx2 -mavx2 -UASMNAME -UASMFNAME -UNAME -UCNAME -UCHAR_NAME -UCHAR_CNAME -DASMNAME=cgemm_thread_tr -DASMFNAME=cgemm_thread_tr_ -DNAME=cgemm_thread_tr_ -DCNAME=cgemm_thread_tr -DCHAR_NAME=\"cgemm_thread_tr_\" -DCHAR_CNAME=\"cgemm_thread_tr\" -DNO_AFFINITY -I../.. -UDOUBLE  -DCOMPLEX  -c -DTHREADED_LEVEL3 -UDOUBLE -DCOMPLEX -DTR gemm.c -o cgemm_thread_tr.o
cc -O2 -DMAX_STACK_ALLOC=2048 -Wall -m64 -DF_INTERFACE_GFORT -fPIC -DNO_LAPACK -DNO_LAPACKE -DSMP_SERVER -DNO_WARMUP -DMAX_CPU_NUMBER=4 -DMAX_PARALLEL_NUMBER=1 -DBUILD_SINGLE=1 -DBUILD_DOUBLE=1 -DBUILD_COMPLEX=1 -DBUILD_COMPLEX16=1 -DVERSION=\"0.3.17.dev\" -msse3 -mssse3 -msse4.1 -mavx -mavx2 -mavx2 -UASMNAME -UASMFNAME -UNAME -UCNAME -UCHAR_NAME -UCHAR_CNAME -DASMNAME=cgemm_thread_tc -DASMFNAME=cgemm_thread_tc_ -DNAME=cgemm_thread_tc_ -DCNAME=cgemm_thread_tc -DCHAR_NAME=\"cgemm_thread_tc_\" -DCHAR_CNAME=\"cgemm_thread_tc\" -DNO_AFFINITY -I../.. -UDOUBLE  -DCOMPLEX  -c -DTHREADED_LEVEL3 -UDOUBLE -DCOMPLEX -DTC gemm.c -o cgemm_thread_tc.o
cc -O2 -DMAX_STACK_ALLOC=2048 -Wall -m64 -DF_INTERFACE_GFORT -fPIC -DNO_LAPACK -DNO_LAPACKE -DSMP_SERVER -DNO_WARMUP -DMAX_CPU_NUMBER=4 -DMAX_PARALLEL_NUMBER=1 -DBUILD_SINGLE=1 -DBUILD_DOUBLE=1 -DBUILD_COMPLEX=1 -DBUILD_COMPLEX16=1 -DVERSION=\"0.3.17.dev\" -msse3 -mssse3 -msse4.1 -mavx -mavx2 -mavx2 -UASMNAME -UASMFNAME -UNAME -UCNAME -UCHAR_NAME -UCHAR_CNAME -DASMNAME=cgemm_thread_rn -DASMFNAME=cgemm_thread_rn_ -DNAME=cgemm_thread_rn_ -DCNAME=cgemm_thread_rn -DCHAR_NAME=\"cgemm_thread_rn_\" -DCHAR_CNAME=\"cgemm_thread_rn\" -DNO_AFFINITY -I../.. -UDOUBLE  -DCOMPLEX  -c -DTHREADED_LEVEL3 -UDOUBLE -DCOMPLEX -DRN gemm.c -o cgemm_thread_rn.o
cc -O2 -DMAX_STACK_ALLOC=2048 -Wall -m64 -DF_INTERFACE_GFORT -fPIC -DNO_LAPACK -DNO_LAPACKE -DSMP_SERVER -DNO_WARMUP -DMAX_CPU_NUMBER=4 -DMAX_PARALLEL_NUMBER=1 -DBUILD_SINGLE=1 -DBUILD_DOUBLE=1 -DBUILD_COMPLEX=1 -DBUILD_COMPLEX16=1 -DVERSION=\"0.3.17.dev\" -msse3 -mssse3 -msse4.1 -mavx -mavx2 -mavx2 -UASMNAME -UASMFNAME -UNAME -UCNAME -UCHAR_NAME -UCHAR_CNAME -DASMNAME=cgemm_thread_rt -DASMFNAME=cgemm_thread_rt_ -DNAME=cgemm_thread_rt_ -DCNAME=cgemm_thread_rt -DCHAR_NAME=\"cgemm_thread_rt_\" -DCHAR_CNAME=\"cgemm_thread_rt\" -DNO_AFFINITY -I../.. -UDOUBLE  -DCOMPLEX  -c -DTHREADED_LEVEL3 -UDOUBLE -DCOMPLEX -DRT gemm.c -o cgemm_thread_rt.o
cc -O2 -DMAX_STACK_ALLOC=2048 -Wall -m64 -DF_INTERFACE_GFORT -fPIC -DNO_LAPACK -DNO_LAPACKE -DSMP_SERVER -DNO_WARMUP -DMAX_CPU_NUMBER=4 -DMAX_PARALLEL_NUMBER=1 -DBUILD_SINGLE=1 -DBUILD_DOUBLE=1 -DBUILD_COMPLEX=1 -DBUILD_COMPLEX16=1 -DVERSION=\"0.3.17.dev\" -msse3 -mssse3 -msse4.1 -mavx -mavx2 -mavx2 -UASMNAME -UASMFNAME -UNAME -UCNAME -UCHAR_NAME -UCHAR_CNAME -DASMNAME=cgemm_thread_rr -DASMFNAME=cgemm_thread_rr_ -DNAME=cgemm_thread_rr_ -DCNAME=cgemm_thread_rr -DCHAR_NAME=\"cgemm_thread_rr_\" -DCHAR_CNAME=\"cgemm_thread_rr\" -DNO_AFFINITY -I../.. -UDOUBLE  -DCOMPLEX  -c -DTHREADED_LEVEL3 -UDOUBLE -DCOMPLEX -DRR gemm.c -o cgemm_thread_rr.o
cc -O2 -DMAX_STACK_ALLOC=2048 -Wall -m64 -DF_INTERFACE_GFORT -fPIC -DNO_LAPACK -DNO_LAPACKE -DSMP_SERVER -DNO_WARMUP -DMAX_CPU_NUMBER=4 -DMAX_PARALLEL_NUMBER=1 -DBUILD_SINGLE=1 -DBUILD_DOUBLE=1 -DBUILD_COMPLEX=1 -DBUILD_COMPLEX16=1 -DVERSION=\"0.3.17.dev\" -msse3 -mssse3 -msse4.1 -mavx -mavx2 -mavx2 -UASMNAME -UASMFNAME -UNAME -UCNAME -UCHAR_NAME -UCHAR_CNAME -DASMNAME=cgemm_thread_rc -DASMFNAME=cgemm_thread_rc_ -DNAME=cgemm_thread_rc_ -DCNAME=cgemm_thread_rc -DCHAR_NAME=\"cgemm_thread_rc_\" -DCHAR_CNAME=\"cgemm_thread_rc\" -DNO_AFFINITY -I../.. -UDOUBLE  -DCOMPLEX  -c -DTHREADED_LEVEL3 -UDOUBLE -DCOMPLEX -DRC=RC gemm.c -o cgemm_thread_rc.o
cc -O2 -DMAX_STACK_ALLOC=2048 -Wall -m64 -DF_INTERFACE_GFORT -fPIC -DNO_LAPACK -DNO_LAPACKE -DSMP_SERVER -DNO_WARMUP -DMAX_CPU_NUMBER=4 -DMAX_PARALLEL_NUMBER=1 -DBUILD_SINGLE=1 -DBUILD_DOUBLE=1 -DBUILD_COMPLEX=1 -DBUILD_COMPLEX16=1 -DVERSION=\"0.3.17.dev\" -msse3 -mssse3 -msse4.1 -mavx -mavx2 -mavx2 -UASMNAME -UASMFNAME -UNAME -UCNAME -UCHAR_NAME -UCHAR_CNAME -DASMNAME=cgemm_thread_cn -DASMFNAME=cgemm_thread_cn_ -DNAME=cgemm_thread_cn_ -DCNAME=cgemm_thread_cn -DCHAR_NAME=\"cgemm_thread_cn_\" -DCHAR_CNAME=\"cgemm_thread_cn\" -DNO_AFFINITY -I../.. -UDOUBLE  -DCOMPLEX  -c -DTHREADED_LEVEL3 -UDOUBLE -DCOMPLEX -DCN gemm.c -o cgemm_thread_cn.o
cc -O2 -DMAX_STACK_ALLOC=2048 -Wall -m64 -DF_INTERFACE_GFORT -fPIC -DNO_LAPACK -DNO_LAPACKE -DSMP_SERVER -DNO_WARMUP -DMAX_CPU_NUMBER=4 -DMAX_PARALLEL_NUMBER=1 -DBUILD_SINGLE=1 -DBUILD_DOUBLE=1 -DBUILD_COMPLEX=1 -DBUILD_COMPLEX16=1 -DVERSION=\"0.3.17.dev\" -msse3 -mssse3 -msse4.1 -mavx -mavx2 -mavx2 -UASMNAME -UASMFNAME -UNAME -UCNAME -UCHAR_NAME -UCHAR_CNAME -DASMNAME=cgemm_thread_ct -DASMFNAME=cgemm_thread_ct_ -DNAME=cgemm_thread_ct_ -DCNAME=cgemm_thread_ct -DCHAR_NAME=\"cgemm_thread_ct_\" -DCHAR_CNAME=\"cgemm_thread_ct\" -DNO_AFFINITY -I../.. -UDOUBLE  -DCOMPLEX  -c -DTHREADED_LEVEL3 -UDOUBLE -DCOMPLEX -DCT gemm.c -o cgemm_thread_ct.o
cc -O2 -DMAX_STACK_ALLOC=2048 -Wall -m64 -DF_INTERFACE_GFORT -fPIC -DNO_LAPACK -DNO_LAPACKE -DSMP_SERVER -DNO_WARMUP -DMAX_CPU_NUMBER=4 -DMAX_PARALLEL_NUMBER=1 -DBUILD_SINGLE=1 -DBUILD_DOUBLE=1 -DBUILD_COMPLEX=1 -DBUILD_COMPLEX16=1 -DVERSION=\"0.3.17.dev\" -msse3 -mssse3 -msse4.1 -mavx -mavx2 -mavx2 -UASMNAME -UASMFNAME -UNAME -UCNAME -UCHAR_NAME -UCHAR_CNAME -DASMNAME=cgemm_thread_cr -DASMFNAME=cgemm_thread_cr_ -DNAME=cgemm_thread_cr_ -DCNAME=cgemm_thread_cr -DCHAR_NAME=\"cgemm_thread_cr_\" -DCHAR_CNAME=\"cgemm_thread_cr\" -DNO_AFFINITY -I../.. -UDOUBLE  -DCOMPLEX  -c -DTHREADED_LEVEL3 -UDOUBLE -DCOMPLEX -DCR=CR gemm.c -o cgemm_thread_cr.o
cc -O2 -DMAX_STACK_ALLOC=2048 -Wall -m64 -DF_INTERFACE_GFORT -fPIC -DNO_LAPACK -DNO_LAPACKE -DSMP_SERVER -DNO_WARMUP -DMAX_CPU_NUMBER=4 -DMAX_PARALLEL_NUMBER=1 -DBUILD_SINGLE=1 -DBUILD_DOUBLE=1 -DBUILD_COMPLEX=1 -DBUILD_COMPLEX16=1 -DVERSION=\"0.3.17.dev\" -msse3 -mssse3 -msse4.1 -mavx -mavx2 -mavx2 -UASMNAME -UASMFNAME -UNAME -UCNAME -UCHAR_NAME -UCHAR_CNAME -DASMNAME=cgemm_thread_cc -DASMFNAME=cgemm_thread_cc_ -DNAME=cgemm_thread_cc_ -DCNAME=cgemm_thread_cc -DCHAR_NAME=\"cgemm_thread_cc_\" -DCHAR_CNAME=\"cgemm_thread_cc\" -DNO_AFFINITY -I../.. -UDOUBLE  -DCOMPLEX  -c -DTHREADED_LEVEL3 -UDOUBLE -DCOMPLEX -DCC gemm.c -o cgemm_thread_cc.o
cc -c -DTHREADED_LEVEL3 -O2 -DMAX_STACK_ALLOC=2048 -Wall -m64 -DF_INTERFACE_GFORT -fPIC -DNO_LAPACK -DNO_LAPACKE -DSMP_SERVER -DNO_WARMUP -DMAX_CPU_NUMBER=4 -DMAX_PARALLEL_NUMBER=1 -DBUILD_SINGLE=1 -DBUILD_DOUBLE=1 -DBUILD_COMPLEX=1 -DBUILD_COMPLEX16=1 -DVERSION=\"0.3.17.dev\" -msse3 -mssse3 -msse4.1 -mavx -mavx2 -mavx2 -UASMNAME -UASMFNAME -UNAME -UCNAME -UCHAR_NAME -UCHAR_CNAME -DASMNAME=csymm_thread_LU -DASMFNAME=csymm_thread_LU_ -DNAME=csymm_thread_LU_ -DCNAME=csymm_thread_LU -DCHAR_NAME=\"csymm_thread_LU_\" -DCHAR_CNAME=\"csymm_thread_LU\" -DNO_AFFINITY -I../.. -UDOUBLE  -DCOMPLEX -UDOUBLE -DCOMPLEX -ULOWER -URSIDE -DNN symm_k.c -o csymm_thread_LU.o
cc -c -DTHREADED_LEVEL3 -O2 -DMAX_STACK_ALLOC=2048 -Wall -m64 -DF_INTERFACE_GFORT -fPIC -DNO_LAPACK -DNO_LAPACKE -DSMP_SERVER -DNO_WARMUP -DMAX_CPU_NUMBER=4 -DMAX_PARALLEL_NUMBER=1 -DBUILD_SINGLE=1 -DBUILD_DOUBLE=1 -DBUILD_COMPLEX=1 -DBUILD_COMPLEX16=1 -DVERSION=\"0.3.17.dev\" -msse3 -mssse3 -msse4.1 -mavx -mavx2 -mavx2 -UASMNAME -UASMFNAME -UNAME -UCNAME -UCHAR_NAME -UCHAR_CNAME -DASMNAME=csymm_thread_LL -DASMFNAME=csymm_thread_LL_ -DNAME=csymm_thread_LL_ -DCNAME=csymm_thread_LL -DCHAR_NAME=\"csymm_thread_LL_\" -DCHAR_CNAME=\"csymm_thread_LL\" -DNO_AFFINITY -I../.. -UDOUBLE  -DCOMPLEX -UDOUBLE -DCOMPLEX -DLOWER -URSIDE -DNN symm_k.c -o csymm_thread_LL.o
cc -c -DTHREADED_LEVEL3 -O2 -DMAX_STACK_ALLOC=2048 -Wall -m64 -DF_INTERFACE_GFORT -fPIC -DNO_LAPACK -DNO_LAPACKE -DSMP_SERVER -DNO_WARMUP -DMAX_CPU_NUMBER=4 -DMAX_PARALLEL_NUMBER=1 -DBUILD_SINGLE=1 -DBUILD_DOUBLE=1 -DBUILD_COMPLEX=1 -DBUILD_COMPLEX16=1 -DVERSION=\"0.3.17.dev\" -msse3 -mssse3 -msse4.1 -mavx -mavx2 -mavx2 -UASMNAME -UASMFNAME -UNAME -UCNAME -UCHAR_NAME -UCHAR_CNAME -DASMNAME=csymm_thread_RU -DASMFNAME=csymm_thread_RU_ -DNAME=csymm_thread_RU_ -DCNAME=csymm_thread_RU -DCHAR_NAME=\"csymm_thread_RU_\" -DCHAR_CNAME=\"csymm_thread_RU\" -DNO_AFFINITY -I../.. -UDOUBLE  -DCOMPLEX -UDOUBLE -DCOMPLEX -ULOWER -DRSIDE -DNN symm_k.c -o csymm_thread_RU.o
cc -c -DTHREADED_LEVEL3 -O2 -DMAX_STACK_ALLOC=2048 -Wall -m64 -DF_INTERFACE_GFORT -fPIC -DNO_LAPACK -DNO_LAPACKE -DSMP_SERVER -DNO_WARMUP -DMAX_CPU_NUMBER=4 -DMAX_PARALLEL_NUMBER=1 -DBUILD_SINGLE=1 -DBUILD_DOUBLE=1 -DBUILD_COMPLEX=1 -DBUILD_COMPLEX16=1 -DVERSION=\"0.3.17.dev\" -msse3 -mssse3 -msse4.1 -mavx -mavx2 -mavx2 -UASMNAME -UASMFNAME -UNAME -UCNAME -UCHAR_NAME -UCHAR_CNAME -DASMNAME=csymm_thread_RL -DASMFNAME=csymm_thread_RL_ -DNAME=csymm_thread_RL_ -DCNAME=csymm_thread_RL -DCHAR_NAME=\"csymm_thread_RL_\" -DCHAR_CNAME=\"csymm_thread_RL\" -DNO_AFFINITY -I../.. -UDOUBLE  -DCOMPLEX -UDOUBLE -DCOMPLEX -DLOWER -DRSIDE -DNN symm_k.c -o csymm_thread_RL.o
cc -c -DTHREADED_LEVEL3 -O2 -DMAX_STACK_ALLOC=2048 -Wall -m64 -DF_INTERFACE_GFORT -fPIC -DNO_LAPACK -DNO_LAPACKE -DSMP_SERVER -DNO_WARMUP -DMAX_CPU_NUMBER=4 -DMAX_PARALLEL_NUMBER=1 -DBUILD_SINGLE=1 -DBUILD_DOUBLE=1 -DBUILD_COMPLEX=1 -DBUILD_COMPLEX16=1 -DVERSION=\"0.3.17.dev\" -msse3 -mssse3 -msse4.1 -mavx -mavx2 -mavx2 -UASMNAME -UASMFNAME -UNAME -UCNAME -UCHAR_NAME -UCHAR_CNAME -DASMNAME=chemm_thread_LU -DASMFNAME=chemm_thread_LU_ -DNAME=chemm_thread_LU_ -DCNAME=chemm_thread_LU -DCHAR_NAME=\"chemm_thread_LU_\" -DCHAR_CNAME=\"chemm_thread_LU\" -DNO_AFFINITY -I../.. -UDOUBLE  -DCOMPLEX -UDOUBLE -DCOMPLEX -ULOWER -URSIDE -DNN zhemm_k.c -o chemm_thread_LU.o
cc -c -DTHREADED_LEVEL3 -O2 -DMAX_STACK_ALLOC=2048 -Wall -m64 -DF_INTERFACE_GFORT -fPIC -DNO_LAPACK -DNO_LAPACKE -DSMP_SERVER -DNO_WARMUP -DMAX_CPU_NUMBER=4 -DMAX_PARALLEL_NUMBER=1 -DBUILD_SINGLE=1 -DBUILD_DOUBLE=1 -DBUILD_COMPLEX=1 -DBUILD_COMPLEX16=1 -DVERSION=\"0.3.17.dev\" -msse3 -mssse3 -msse4.1 -mavx -mavx2 -mavx2 -UASMNAME -UASMFNAME -UNAME -UCNAME -UCHAR_NAME -UCHAR_CNAME -DASMNAME=chemm_thread_LL -DASMFNAME=chemm_thread_LL_ -DNAME=chemm_thread_LL_ -DCNAME=chemm_thread_LL -DCHAR_NAME=\"chemm_thread_LL_\" -DCHAR_CNAME=\"chemm_thread_LL\" -DNO_AFFINITY -I../.. -UDOUBLE  -DCOMPLEX -UDOUBLE -DCOMPLEX -DLOWER -URSIDE -DNN zhemm_k.c -o chemm_thread_LL.o
cc -c -DTHREADED_LEVEL3 -O2 -DMAX_STACK_ALLOC=2048 -Wall -m64 -DF_INTERFACE_GFORT -fPIC -DNO_LAPACK -DNO_LAPACKE -DSMP_SERVER -DNO_WARMUP -DMAX_CPU_NUMBER=4 -DMAX_PARALLEL_NUMBER=1 -DBUILD_SINGLE=1 -DBUILD_DOUBLE=1 -DBUILD_COMPLEX=1 -DBUILD_COMPLEX16=1 -DVERSION=\"0.3.17.dev\" -msse3 -mssse3 -msse4.1 -mavx -mavx2 -mavx2 -UASMNAME -UASMFNAME -UNAME -UCNAME -UCHAR_NAME -UCHAR_CNAME -DASMNAME=chemm_thread_RU -DASMFNAME=chemm_thread_RU_ -DNAME=chemm_thread_RU_ -DCNAME=chemm_thread_RU -DCHAR_NAME=\"chemm_thread_RU_\" -DCHAR_CNAME=\"chemm_thread_RU\" -DNO_AFFINITY -I../.. -UDOUBLE  -DCOMPLEX -UDOUBLE -DCOMPLEX -ULOWER -DRSIDE -DNC zhemm_k.c -o chemm_thread_RU.o
cc -c -DTHREADED_LEVEL3 -O2 -DMAX_STACK_ALLOC=2048 -Wall -m64 -DF_INTERFACE_GFORT -fPIC -DNO_LAPACK -DNO_LAPACKE -DSMP_SERVER -DNO_WARMUP -DMAX_CPU_NUMBER=4 -DMAX_PARALLEL_NUMBER=1 -DBUILD_SINGLE=1 -DBUILD_DOUBLE=1 -DBUILD_COMPLEX=1 -DBUILD_COMPLEX16=1 -DVERSION=\"0.3.17.dev\" -msse3 -mssse3 -msse4.1 -mavx -mavx2 -mavx2 -UASMNAME -UASMFNAME -UNAME -UCNAME -UCHAR_NAME -UCHAR_CNAME -DASMNAME=chemm_thread_RL -DASMFNAME=chemm_thread_RL_ -DNAME=chemm_thread_RL_ -DCNAME=chemm_thread_RL -DCHAR_NAME=\"chemm_thread_RL_\" -DCHAR_CNAME=\"chemm_thread_RL\" -DNO_AFFINITY -I../.. -UDOUBLE  -DCOMPLEX -UDOUBLE -DCOMPLEX -DLOWER -DRSIDE -DNC zhemm_k.c -o chemm_thread_RL.o
cc -c -DTHREADED_LEVEL3 -O2 -DMAX_STACK_ALLOC=2048 -Wall -m64 -DF_INTERFACE_GFORT -fPIC -DNO_LAPACK -DNO_LAPACKE -DSMP_SERVER -DNO_WARMUP -DMAX_CPU_NUMBER=4 -DMAX_PARALLEL_NUMBER=1 -DBUILD_SINGLE=1 -DBUILD_DOUBLE=1 -DBUILD_COMPLEX=1 -DBUILD_COMPLEX16=1 -DVERSION=\"0.3.17.dev\" -msse3 -mssse3 -msse4.1 -mavx -mavx2 -mavx2 -UASMNAME -UASMFNAME -UNAME -UCNAME -UCHAR_NAME -UCHAR_CNAME -DASMNAME=csyrk_thread_UN -DASMFNAME=csyrk_thread_UN_ -DNAME=csyrk_thread_UN_ -DCNAME=csyrk_thread_UN -DCHAR_NAME=\"csyrk_thread_UN_\" -DCHAR_CNAME=\"csyrk_thread_UN\" -DNO_AFFINITY -I../.. -UDOUBLE  -DCOMPLEX -UDOUBLE -DCOMPLEX -ULOWER -UTRANS syrk_k.c -o csyrk_thread_UN.o
cc -c -DTHREADED_LEVEL3 -O2 -DMAX_STACK_ALLOC=2048 -Wall -m64 -DF_INTERFACE_GFORT -fPIC -DNO_LAPACK -DNO_LAPACKE -DSMP_SERVER -DNO_WARMUP -DMAX_CPU_NUMBER=4 -DMAX_PARALLEL_NUMBER=1 -DBUILD_SINGLE=1 -DBUILD_DOUBLE=1 -DBUILD_COMPLEX=1 -DBUILD_COMPLEX16=1 -DVERSION=\"0.3.17.dev\" -msse3 -mssse3 -msse4.1 -mavx -mavx2 -mavx2 -UASMNAME -UASMFNAME -UNAME -UCNAME -UCHAR_NAME -UCHAR_CNAME -DASMNAME=csyrk_thread_UT -DASMFNAME=csyrk_thread_UT_ -DNAME=csyrk_thread_UT_ -DCNAME=csyrk_thread_UT -DCHAR_NAME=\"csyrk_thread_UT_\" -DCHAR_CNAME=\"csyrk_thread_UT\" -DNO_AFFINITY -I../.. -UDOUBLE  -DCOMPLEX -UDOUBLE -DCOMPLEX -ULOWER -DTRANS syrk_k.c -o csyrk_thread_UT.o
cc -c -DTHREADED_LEVEL3 -O2 -DMAX_STACK_ALLOC=2048 -Wall -m64 -DF_INTERFACE_GFORT -fPIC -DNO_LAPACK -DNO_LAPACKE -DSMP_SERVER -DNO_WARMUP -DMAX_CPU_NUMBER=4 -DMAX_PARALLEL_NUMBER=1 -DBUILD_SINGLE=1 -DBUILD_DOUBLE=1 -DBUILD_COMPLEX=1 -DBUILD_COMPLEX16=1 -DVERSION=\"0.3.17.dev\" -msse3 -mssse3 -msse4.1 -mavx -mavx2 -mavx2 -UASMNAME -UASMFNAME -UNAME -UCNAME -UCHAR_NAME -UCHAR_CNAME -DASMNAME=csyrk_thread_LN -DASMFNAME=csyrk_thread_LN_ -DNAME=csyrk_thread_LN_ -DCNAME=csyrk_thread_LN -DCHAR_NAME=\"csyrk_thread_LN_\" -DCHAR_CNAME=\"csyrk_thread_LN\" -DNO_AFFINITY -I../.. -UDOUBLE  -DCOMPLEX -UDOUBLE -DCOMPLEX -DLOWER -UTRANS syrk_k.c -o csyrk_thread_LN.o
cc -c -DTHREADED_LEVEL3 -O2 -DMAX_STACK_ALLOC=2048 -Wall -m64 -DF_INTERFACE_GFORT -fPIC -DNO_LAPACK -DNO_LAPACKE -DSMP_SERVER -DNO_WARMUP -DMAX_CPU_NUMBER=4 -DMAX_PARALLEL_NUMBER=1 -DBUILD_SINGLE=1 -DBUILD_DOUBLE=1 -DBUILD_COMPLEX=1 -DBUILD_COMPLEX16=1 -DVERSION=\"0.3.17.dev\" -msse3 -mssse3 -msse4.1 -mavx -mavx2 -mavx2 -UASMNAME -UASMFNAME -UNAME -UCNAME -UCHAR_NAME -UCHAR_CNAME -DASMNAME=csyrk_thread_LT -DASMFNAME=csyrk_thread_LT_ -DNAME=csyrk_thread_LT_ -DCNAME=csyrk_thread_LT -DCHAR_NAME=\"csyrk_thread_LT_\" -DCHAR_CNAME=\"csyrk_thread_LT\" -DNO_AFFINITY -I../.. -UDOUBLE  -DCOMPLEX -UDOUBLE -DCOMPLEX -DLOWER -DTRANS syrk_k.c -o csyrk_thread_LT.o
cc -c -DTHREADED_LEVEL3 -O2 -DMAX_STACK_ALLOC=2048 -Wall -m64 -DF_INTERFACE_GFORT -fPIC -DNO_LAPACK -DNO_LAPACKE -DSMP_SERVER -DNO_WARMUP -DMAX_CPU_NUMBER=4 -DMAX_PARALLEL_NUMBER=1 -DBUILD_SINGLE=1 -DBUILD_DOUBLE=1 -DBUILD_COMPLEX=1 -DBUILD_COMPLEX16=1 -DVERSION=\"0.3.17.dev\" -msse3 -mssse3 -msse4.1 -mavx -mavx2 -mavx2 -UASMNAME -UASMFNAME -UNAME -UCNAME -UCHAR_NAME -UCHAR_CNAME -DASMNAME=cherk_thread_UN -DASMFNAME=cherk_thread_UN_ -DNAME=cherk_thread_UN_ -DCNAME=cherk_thread_UN -DCHAR_NAME=\"cherk_thread_UN_\" -DCHAR_CNAME=\"cherk_thread_UN\" -DNO_AFFINITY -I../.. -UDOUBLE  -DCOMPLEX -DHERK  -UDOUBLE -DCOMPLEX -ULOWER -UTRANS -UCONJ zherk_k.c -o cherk_thread_UN.o
cc -c -DTHREADED_LEVEL3 -O2 -DMAX_STACK_ALLOC=2048 -Wall -m64 -DF_INTERFACE_GFORT -fPIC -DNO_LAPACK -DNO_LAPACKE -DSMP_SERVER -DNO_WARMUP -DMAX_CPU_NUMBER=4 -DMAX_PARALLEL_NUMBER=1 -DBUILD_SINGLE=1 -DBUILD_DOUBLE=1 -DBUILD_COMPLEX=1 -DBUILD_COMPLEX16=1 -DVERSION=\"0.3.17.dev\" -msse3 -mssse3 -msse4.1 -mavx -mavx2 -mavx2 -UASMNAME -UASMFNAME -UNAME -UCNAME -UCHAR_NAME -UCHAR_CNAME -DASMNAME=cherk_thread_UC -DASMFNAME=cherk_thread_UC_ -DNAME=cherk_thread_UC_ -DCNAME=cherk_thread_UC -DCHAR_NAME=\"cherk_thread_UC_\" -DCHAR_CNAME=\"cherk_thread_UC\" -DNO_AFFINITY -I../.. -UDOUBLE  -DCOMPLEX -DHERK  -UDOUBLE -DCOMPLEX -ULOWER -DTRANS -DCONJ zherk_k.c -o cherk_thread_UC.o
cc -c -DTHREADED_LEVEL3 -O2 -DMAX_STACK_ALLOC=2048 -Wall -m64 -DF_INTERFACE_GFORT -fPIC -DNO_LAPACK -DNO_LAPACKE -DSMP_SERVER -DNO_WARMUP -DMAX_CPU_NUMBER=4 -DMAX_PARALLEL_NUMBER=1 -DBUILD_SINGLE=1 -DBUILD_DOUBLE=1 -DBUILD_COMPLEX=1 -DBUILD_COMPLEX16=1 -DVERSION=\"0.3.17.dev\" -msse3 -mssse3 -msse4.1 -mavx -mavx2 -mavx2 -UASMNAME -UASMFNAME -UNAME -UCNAME -UCHAR_NAME -UCHAR_CNAME -DASMNAME=cherk_thread_LN -DASMFNAME=cherk_thread_LN_ -DNAME=cherk_thread_LN_ -DCNAME=cherk_thread_LN -DCHAR_NAME=\"cherk_thread_LN_\" -DCHAR_CNAME=\"cherk_thread_LN\" -DNO_AFFINITY -I../.. -UDOUBLE  -DCOMPLEX -DHERK  -UDOUBLE -DCOMPLEX -DLOWER -UTRANS -UCONJ zherk_k.c -o cherk_thread_LN.o
cc -c -DTHREADED_LEVEL3 -O2 -DMAX_STACK_ALLOC=2048 -Wall -m64 -DF_INTERFACE_GFORT -fPIC -DNO_LAPACK -DNO_LAPACKE -DSMP_SERVER -DNO_WARMUP -DMAX_CPU_NUMBER=4 -DMAX_PARALLEL_NUMBER=1 -DBUILD_SINGLE=1 -DBUILD_DOUBLE=1 -DBUILD_COMPLEX=1 -DBUILD_COMPLEX16=1 -DVERSION=\"0.3.17.dev\" -msse3 -mssse3 -msse4.1 -mavx -mavx2 -mavx2 -UASMNAME -UASMFNAME -UNAME -UCNAME -UCHAR_NAME -UCHAR_CNAME -DASMNAME=cherk_thread_LC -DASMFNAME=cherk_thread_LC_ -DNAME=cherk_thread_LC_ -DCNAME=cherk_thread_LC -DCHAR_NAME=\"cherk_thread_LC_\" -DCHAR_CNAME=\"cherk_thread_LC\" -DNO_AFFINITY -I../.. -UDOUBLE  -DCOMPLEX -DHERK  -UDOUBLE -DCOMPLEX -DLOWER -DTRANS -DCONJ zherk_k.c -o cherk_thread_LC.o
cc -O2 -DMAX_STACK_ALLOC=2048 -Wall -m64 -DF_INTERFACE_GFORT -fPIC -DNO_LAPACK -DNO_LAPACKE -DSMP_SERVER -DNO_WARMUP -DMAX_CPU_NUMBER=4 -DMAX_PARALLEL_NUMBER=1 -DBUILD_SINGLE=1 -DBUILD_DOUBLE=1 -DBUILD_COMPLEX=1 -DBUILD_COMPLEX16=1 -DVERSION=\"0.3.17.dev\" -msse3 -mssse3 -msse4.1 -mavx -mavx2 -mavx2 -UASMNAME -UASMFNAME -UNAME -UCNAME -UCHAR_NAME -UCHAR_CNAME -DASMNAME=cgemm3m_thread_nn -DASMFNAME=cgemm3m_thread_nn_ -DNAME=cgemm3m_thread_nn_ -DCNAME=cgemm3m_thread_nn -DCHAR_NAME=\"cgemm3m_thread_nn_\" -DCHAR_CNAME=\"cgemm3m_thread_nn\" -DNO_AFFINITY -I../.. -UDOUBLE  -DCOMPLEX  -c -DTHREADED_LEVEL3 -UDOUBLE -DCOMPLEX -DNN gemm3m.c -o cgemm3m_thread_nn.o
cc -O2 -DMAX_STACK_ALLOC=2048 -Wall -m64 -DF_INTERFACE_GFORT -fPIC -DNO_LAPACK -DNO_LAPACKE -DSMP_SERVER -DNO_WARMUP -DMAX_CPU_NUMBER=4 -DMAX_PARALLEL_NUMBER=1 -DBUILD_SINGLE=1 -DBUILD_DOUBLE=1 -DBUILD_COMPLEX=1 -DBUILD_COMPLEX16=1 -DVERSION=\"0.3.17.dev\" -msse3 -mssse3 -msse4.1 -mavx -mavx2 -mavx2 -UASMNAME -UASMFNAME -UNAME -UCNAME -UCHAR_NAME -UCHAR_CNAME -DASMNAME=cgemm3m_thread_nt -DASMFNAME=cgemm3m_thread_nt_ -DNAME=cgemm3m_thread_nt_ -DCNAME=cgemm3m_thread_nt -DCHAR_NAME=\"cgemm3m_thread_nt_\" -DCHAR_CNAME=\"cgemm3m_thread_nt\" -DNO_AFFINITY -I../.. -UDOUBLE  -DCOMPLEX  -c -DTHREADED_LEVEL3 -UDOUBLE -DCOMPLEX -DNT gemm3m.c -o cgemm3m_thread_nt.o
cc -O2 -DMAX_STACK_ALLOC=2048 -Wall -m64 -DF_INTERFACE_GFORT -fPIC -DNO_LAPACK -DNO_LAPACKE -DSMP_SERVER -DNO_WARMUP -DMAX_CPU_NUMBER=4 -DMAX_PARALLEL_NUMBER=1 -DBUILD_SINGLE=1 -DBUILD_DOUBLE=1 -DBUILD_COMPLEX=1 -DBUILD_COMPLEX16=1 -DVERSION=\"0.3.17.dev\" -msse3 -mssse3 -msse4.1 -mavx -mavx2 -mavx2 -UASMNAME -UASMFNAME -UNAME -UCNAME -UCHAR_NAME -UCHAR_CNAME -DASMNAME=cgemm3m_thread_nr -DASMFNAME=cgemm3m_thread_nr_ -DNAME=cgemm3m_thread_nr_ -DCNAME=cgemm3m_thread_nr -DCHAR_NAME=\"cgemm3m_thread_nr_\" -DCHAR_CNAME=\"cgemm3m_thread_nr\" -DNO_AFFINITY -I../.. -UDOUBLE  -DCOMPLEX  -c -DTHREADED_LEVEL3 -UDOUBLE -DCOMPLEX -DNR gemm3m.c -o cgemm3m_thread_nr.o
cc -O2 -DMAX_STACK_ALLOC=2048 -Wall -m64 -DF_INTERFACE_GFORT -fPIC -DNO_LAPACK -DNO_LAPACKE -DSMP_SERVER -DNO_WARMUP -DMAX_CPU_NUMBER=4 -DMAX_PARALLEL_NUMBER=1 -DBUILD_SINGLE=1 -DBUILD_DOUBLE=1 -DBUILD_COMPLEX=1 -DBUILD_COMPLEX16=1 -DVERSION=\"0.3.17.dev\" -msse3 -mssse3 -msse4.1 -mavx -mavx2 -mavx2 -UASMNAME -UASMFNAME -UNAME -UCNAME -UCHAR_NAME -UCHAR_CNAME -DASMNAME=cgemm3m_thread_nc -DASMFNAME=cgemm3m_thread_nc_ -DNAME=cgemm3m_thread_nc_ -DCNAME=cgemm3m_thread_nc -DCHAR_NAME=\"cgemm3m_thread_nc_\" -DCHAR_CNAME=\"cgemm3m_thread_nc\" -DNO_AFFINITY -I../.. -UDOUBLE  -DCOMPLEX  -c -DTHREADED_LEVEL3 -UDOUBLE -DCOMPLEX -DNC gemm3m.c -o cgemm3m_thread_nc.o
cc -O2 -DMAX_STACK_ALLOC=2048 -Wall -m64 -DF_INTERFACE_GFORT -fPIC -DNO_LAPACK -DNO_LAPACKE -DSMP_SERVER -DNO_WARMUP -DMAX_CPU_NUMBER=4 -DMAX_PARALLEL_NUMBER=1 -DBUILD_SINGLE=1 -DBUILD_DOUBLE=1 -DBUILD_COMPLEX=1 -DBUILD_COMPLEX16=1 -DVERSION=\"0.3.17.dev\" -msse3 -mssse3 -msse4.1 -mavx -mavx2 -mavx2 -UASMNAME -UASMFNAME -UNAME -UCNAME -UCHAR_NAME -UCHAR_CNAME -DASMNAME=cgemm3m_thread_tn -DASMFNAME=cgemm3m_thread_tn_ -DNAME=cgemm3m_thread_tn_ -DCNAME=cgemm3m_thread_tn -DCHAR_NAME=\"cgemm3m_thread_tn_\" -DCHAR_CNAME=\"cgemm3m_thread_tn\" -DNO_AFFINITY -I../.. -UDOUBLE  -DCOMPLEX  -c -DTHREADED_LEVEL3 -UDOUBLE -DCOMPLEX -DTN gemm3m.c -o cgemm3m_thread_tn.o
cc -O2 -DMAX_STACK_ALLOC=2048 -Wall -m64 -DF_INTERFACE_GFORT -fPIC -DNO_LAPACK -DNO_LAPACKE -DSMP_SERVER -DNO_WARMUP -DMAX_CPU_NUMBER=4 -DMAX_PARALLEL_NUMBER=1 -DBUILD_SINGLE=1 -DBUILD_DOUBLE=1 -DBUILD_COMPLEX=1 -DBUILD_COMPLEX16=1 -DVERSION=\"0.3.17.dev\" -msse3 -mssse3 -msse4.1 -mavx -mavx2 -mavx2 -UASMNAME -UASMFNAME -UNAME -UCNAME -UCHAR_NAME -UCHAR_CNAME -DASMNAME=cgemm3m_thread_tt -DASMFNAME=cgemm3m_thread_tt_ -DNAME=cgemm3m_thread_tt_ -DCNAME=cgemm3m_thread_tt -DCHAR_NAME=\"cgemm3m_thread_tt_\" -DCHAR_CNAME=\"cgemm3m_thread_tt\" -DNO_AFFINITY -I../.. -UDOUBLE  -DCOMPLEX  -c -DTHREADED_LEVEL3 -UDOUBLE -DCOMPLEX -DTT gemm3m.c -o cgemm3m_thread_tt.o
cc -O2 -DMAX_STACK_ALLOC=2048 -Wall -m64 -DF_INTERFACE_GFORT -fPIC -DNO_LAPACK -DNO_LAPACKE -DSMP_SERVER -DNO_WARMUP -DMAX_CPU_NUMBER=4 -DMAX_PARALLEL_NUMBER=1 -DBUILD_SINGLE=1 -DBUILD_DOUBLE=1 -DBUILD_COMPLEX=1 -DBUILD_COMPLEX16=1 -DVERSION=\"0.3.17.dev\" -msse3 -mssse3 -msse4.1 -mavx -mavx2 -mavx2 -UASMNAME -UASMFNAME -UNAME -UCNAME -UCHAR_NAME -UCHAR_CNAME -DASMNAME=cgemm3m_thread_tr -DASMFNAME=cgemm3m_thread_tr_ -DNAME=cgemm3m_thread_tr_ -DCNAME=cgemm3m_thread_tr -DCHAR_NAME=\"cgemm3m_thread_tr_\" -DCHAR_CNAME=\"cgemm3m_thread_tr\" -DNO_AFFINITY -I../.. -UDOUBLE  -DCOMPLEX  -c -DTHREADED_LEVEL3 -UDOUBLE -DCOMPLEX -DTR gemm3m.c -o cgemm3m_thread_tr.o
cc -O2 -DMAX_STACK_ALLOC=2048 -Wall -m64 -DF_INTERFACE_GFORT -fPIC -DNO_LAPACK -DNO_LAPACKE -DSMP_SERVER -DNO_WARMUP -DMAX_CPU_NUMBER=4 -DMAX_PARALLEL_NUMBER=1 -DBUILD_SINGLE=1 -DBUILD_DOUBLE=1 -DBUILD_COMPLEX=1 -DBUILD_COMPLEX16=1 -DVERSION=\"0.3.17.dev\" -msse3 -mssse3 -msse4.1 -mavx -mavx2 -mavx2 -UASMNAME -UASMFNAME -UNAME -UCNAME -UCHAR_NAME -UCHAR_CNAME -DASMNAME=cgemm3m_thread_tc -DASMFNAME=cgemm3m_thread_tc_ -DNAME=cgemm3m_thread_tc_ -DCNAME=cgemm3m_thread_tc -DCHAR_NAME=\"cgemm3m_thread_tc_\" -DCHAR_CNAME=\"cgemm3m_thread_tc\" -DNO_AFFINITY -I../.. -UDOUBLE  -DCOMPLEX  -c -DTHREADED_LEVEL3 -UDOUBLE -DCOMPLEX -DTC gemm3m.c -o cgemm3m_thread_tc.o
cc -O2 -DMAX_STACK_ALLOC=2048 -Wall -m64 -DF_INTERFACE_GFORT -fPIC -DNO_LAPACK -DNO_LAPACKE -DSMP_SERVER -DNO_WARMUP -DMAX_CPU_NUMBER=4 -DMAX_PARALLEL_NUMBER=1 -DBUILD_SINGLE=1 -DBUILD_DOUBLE=1 -DBUILD_COMPLEX=1 -DBUILD_COMPLEX16=1 -DVERSION=\"0.3.17.dev\" -msse3 -mssse3 -msse4.1 -mavx -mavx2 -mavx2 -UASMNAME -UASMFNAME -UNAME -UCNAME -UCHAR_NAME -UCHAR_CNAME -DASMNAME=cgemm3m_thread_rn -DASMFNAME=cgemm3m_thread_rn_ -DNAME=cgemm3m_thread_rn_ -DCNAME=cgemm3m_thread_rn -DCHAR_NAME=\"cgemm3m_thread_rn_\" -DCHAR_CNAME=\"cgemm3m_thread_rn\" -DNO_AFFINITY -I../.. -UDOUBLE  -DCOMPLEX  -c -DTHREADED_LEVEL3 -UDOUBLE -DCOMPLEX -DRN gemm3m.c -o cgemm3m_thread_rn.o
cc -O2 -DMAX_STACK_ALLOC=2048 -Wall -m64 -DF_INTERFACE_GFORT -fPIC -DNO_LAPACK -DNO_LAPACKE -DSMP_SERVER -DNO_WARMUP -DMAX_CPU_NUMBER=4 -DMAX_PARALLEL_NUMBER=1 -DBUILD_SINGLE=1 -DBUILD_DOUBLE=1 -DBUILD_COMPLEX=1 -DBUILD_COMPLEX16=1 -DVERSION=\"0.3.17.dev\" -msse3 -mssse3 -msse4.1 -mavx -mavx2 -mavx2 -UASMNAME -UASMFNAME -UNAME -UCNAME -UCHAR_NAME -UCHAR_CNAME -DASMNAME=cgemm3m_thread_rt -DASMFNAME=cgemm3m_thread_rt_ -DNAME=cgemm3m_thread_rt_ -DCNAME=cgemm3m_thread_rt -DCHAR_NAME=\"cgemm3m_thread_rt_\" -DCHAR_CNAME=\"cgemm3m_thread_rt\" -DNO_AFFINITY -I../.. -UDOUBLE  -DCOMPLEX  -c -DTHREADED_LEVEL3 -UDOUBLE -DCOMPLEX -DRT gemm3m.c -o cgemm3m_thread_rt.o
cc -O2 -DMAX_STACK_ALLOC=2048 -Wall -m64 -DF_INTERFACE_GFORT -fPIC -DNO_LAPACK -DNO_LAPACKE -DSMP_SERVER -DNO_WARMUP -DMAX_CPU_NUMBER=4 -DMAX_PARALLEL_NUMBER=1 -DBUILD_SINGLE=1 -DBUILD_DOUBLE=1 -DBUILD_COMPLEX=1 -DBUILD_COMPLEX16=1 -DVERSION=\"0.3.17.dev\" -msse3 -mssse3 -msse4.1 -mavx -mavx2 -mavx2 -UASMNAME -UASMFNAME -UNAME -UCNAME -UCHAR_NAME -UCHAR_CNAME -DASMNAME=cgemm3m_thread_rr -DASMFNAME=cgemm3m_thread_rr_ -DNAME=cgemm3m_thread_rr_ -DCNAME=cgemm3m_thread_rr -DCHAR_NAME=\"cgemm3m_thread_rr_\" -DCHAR_CNAME=\"cgemm3m_thread_rr\" -DNO_AFFINITY -I../.. -UDOUBLE  -DCOMPLEX  -c -DTHREADED_LEVEL3 -UDOUBLE -DCOMPLEX -DRR gemm3m.c -o cgemm3m_thread_rr.o
cc -O2 -DMAX_STACK_ALLOC=2048 -Wall -m64 -DF_INTERFACE_GFORT -fPIC -DNO_LAPACK -DNO_LAPACKE -DSMP_SERVER -DNO_WARMUP -DMAX_CPU_NUMBER=4 -DMAX_PARALLEL_NUMBER=1 -DBUILD_SINGLE=1 -DBUILD_DOUBLE=1 -DBUILD_COMPLEX=1 -DBUILD_COMPLEX16=1 -DVERSION=\"0.3.17.dev\" -msse3 -mssse3 -msse4.1 -mavx -mavx2 -mavx2 -UASMNAME -UASMFNAME -UNAME -UCNAME -UCHAR_NAME -UCHAR_CNAME -DASMNAME=cgemm3m_thread_rc -DASMFNAME=cgemm3m_thread_rc_ -DNAME=cgemm3m_thread_rc_ -DCNAME=cgemm3m_thread_rc -DCHAR_NAME=\"cgemm3m_thread_rc_\" -DCHAR_CNAME=\"cgemm3m_thread_rc\" -DNO_AFFINITY -I../.. -UDOUBLE  -DCOMPLEX  -c -DTHREADED_LEVEL3 -UDOUBLE -DCOMPLEX -DRC=RC gemm3m.c -o cgemm3m_thread_rc.o
cc -O2 -DMAX_STACK_ALLOC=2048 -Wall -m64 -DF_INTERFACE_GFORT -fPIC -DNO_LAPACK -DNO_LAPACKE -DSMP_SERVER -DNO_WARMUP -DMAX_CPU_NUMBER=4 -DMAX_PARALLEL_NUMBER=1 -DBUILD_SINGLE=1 -DBUILD_DOUBLE=1 -DBUILD_COMPLEX=1 -DBUILD_COMPLEX16=1 -DVERSION=\"0.3.17.dev\" -msse3 -mssse3 -msse4.1 -mavx -mavx2 -mavx2 -UASMNAME -UASMFNAME -UNAME -UCNAME -UCHAR_NAME -UCHAR_CNAME -DASMNAME=cgemm3m_thread_cn -DASMFNAME=cgemm3m_thread_cn_ -DNAME=cgemm3m_thread_cn_ -DCNAME=cgemm3m_thread_cn -DCHAR_NAME=\"cgemm3m_thread_cn_\" -DCHAR_CNAME=\"cgemm3m_thread_cn\" -DNO_AFFINITY -I../.. -UDOUBLE  -DCOMPLEX  -c -DTHREADED_LEVEL3 -UDOUBLE -DCOMPLEX -DCN gemm3m.c -o cgemm3m_thread_cn.o
cc -O2 -DMAX_STACK_ALLOC=2048 -Wall -m64 -DF_INTERFACE_GFORT -fPIC -DNO_LAPACK -DNO_LAPACKE -DSMP_SERVER -DNO_WARMUP -DMAX_CPU_NUMBER=4 -DMAX_PARALLEL_NUMBER=1 -DBUILD_SINGLE=1 -DBUILD_DOUBLE=1 -DBUILD_COMPLEX=1 -DBUILD_COMPLEX16=1 -DVERSION=\"0.3.17.dev\" -msse3 -mssse3 -msse4.1 -mavx -mavx2 -mavx2 -UASMNAME -UASMFNAME -UNAME -UCNAME -UCHAR_NAME -UCHAR_CNAME -DASMNAME=cgemm3m_thread_ct -DASMFNAME=cgemm3m_thread_ct_ -DNAME=cgemm3m_thread_ct_ -DCNAME=cgemm3m_thread_ct -DCHAR_NAME=\"cgemm3m_thread_ct_\" -DCHAR_CNAME=\"cgemm3m_thread_ct\" -DNO_AFFINITY -I../.. -UDOUBLE  -DCOMPLEX  -c -DTHREADED_LEVEL3 -UDOUBLE -DCOMPLEX -DCT gemm3m.c -o cgemm3m_thread_ct.o
cc -O2 -DMAX_STACK_ALLOC=2048 -Wall -m64 -DF_INTERFACE_GFORT -fPIC -DNO_LAPACK -DNO_LAPACKE -DSMP_SERVER -DNO_WARMUP -DMAX_CPU_NUMBER=4 -DMAX_PARALLEL_NUMBER=1 -DBUILD_SINGLE=1 -DBUILD_DOUBLE=1 -DBUILD_COMPLEX=1 -DBUILD_COMPLEX16=1 -DVERSION=\"0.3.17.dev\" -msse3 -mssse3 -msse4.1 -mavx -mavx2 -mavx2 -UASMNAME -UASMFNAME -UNAME -UCNAME -UCHAR_NAME -UCHAR_CNAME -DASMNAME=cgemm3m_thread_cr -DASMFNAME=cgemm3m_thread_cr_ -DNAME=cgemm3m_thread_cr_ -DCNAME=cgemm3m_thread_cr -DCHAR_NAME=\"cgemm3m_thread_cr_\" -DCHAR_CNAME=\"cgemm3m_thread_cr\" -DNO_AFFINITY -I../.. -UDOUBLE  -DCOMPLEX  -c -DTHREADED_LEVEL3 -UDOUBLE -DCOMPLEX -DCR=CR gemm3m.c -o cgemm3m_thread_cr.o
cc -O2 -DMAX_STACK_ALLOC=2048 -Wall -m64 -DF_INTERFACE_GFORT -fPIC -DNO_LAPACK -DNO_LAPACKE -DSMP_SERVER -DNO_WARMUP -DMAX_CPU_NUMBER=4 -DMAX_PARALLEL_NUMBER=1 -DBUILD_SINGLE=1 -DBUILD_DOUBLE=1 -DBUILD_COMPLEX=1 -DBUILD_COMPLEX16=1 -DVERSION=\"0.3.17.dev\" -msse3 -mssse3 -msse4.1 -mavx -mavx2 -mavx2 -UASMNAME -UASMFNAME -UNAME -UCNAME -UCHAR_NAME -UCHAR_CNAME -DASMNAME=cgemm3m_thread_cc -DASMFNAME=cgemm3m_thread_cc_ -DNAME=cgemm3m_thread_cc_ -DCNAME=cgemm3m_thread_cc -DCHAR_NAME=\"cgemm3m_thread_cc_\" -DCHAR_CNAME=\"cgemm3m_thread_cc\" -DNO_AFFINITY -I../.. -UDOUBLE  -DCOMPLEX  -c -DTHREADED_LEVEL3 -UDOUBLE -DCOMPLEX -DCC gemm3m.c -o cgemm3m_thread_cc.o
cc -c -DTHREADED_LEVEL3 -O2 -DMAX_STACK_ALLOC=2048 -Wall -m64 -DF_INTERFACE_GFORT -fPIC -DNO_LAPACK -DNO_LAPACKE -DSMP_SERVER -DNO_WARMUP -DMAX_CPU_NUMBER=4 -DMAX_PARALLEL_NUMBER=1 -DBUILD_SINGLE=1 -DBUILD_DOUBLE=1 -DBUILD_COMPLEX=1 -DBUILD_COMPLEX16=1 -DVERSION=\"0.3.17.dev\" -msse3 -mssse3 -msse4.1 -mavx -mavx2 -mavx2 -UASMNAME -UASMFNAME -UNAME -UCNAME -UCHAR_NAME -UCHAR_CNAME -DASMNAME=csymm3m_thread_LU -DASMFNAME=csymm3m_thread_LU_ -DNAME=csymm3m_thread_LU_ -DCNAME=csymm3m_thread_LU -DCHAR_NAME=\"csymm3m_thread_LU_\" -DCHAR_CNAME=\"csymm3m_thread_LU\" -DNO_AFFINITY -I../.. -UDOUBLE  -DCOMPLEX -UDOUBLE -DCOMPLEX -ULOWER -URSIDE -DNN symm3m_k.c -o csymm3m_thread_LU.o
cc -c -DTHREADED_LEVEL3 -O2 -DMAX_STACK_ALLOC=2048 -Wall -m64 -DF_INTERFACE_GFORT -fPIC -DNO_LAPACK -DNO_LAPACKE -DSMP_SERVER -DNO_WARMUP -DMAX_CPU_NUMBER=4 -DMAX_PARALLEL_NUMBER=1 -DBUILD_SINGLE=1 -DBUILD_DOUBLE=1 -DBUILD_COMPLEX=1 -DBUILD_COMPLEX16=1 -DVERSION=\"0.3.17.dev\" -msse3 -mssse3 -msse4.1 -mavx -mavx2 -mavx2 -UASMNAME -UASMFNAME -UNAME -UCNAME -UCHAR_NAME -UCHAR_CNAME -DASMNAME=csymm3m_thread_LL -DASMFNAME=csymm3m_thread_LL_ -DNAME=csymm3m_thread_LL_ -DCNAME=csymm3m_thread_LL -DCHAR_NAME=\"csymm3m_thread_LL_\" -DCHAR_CNAME=\"csymm3m_thread_LL\" -DNO_AFFINITY -I../.. -UDOUBLE  -DCOMPLEX -UDOUBLE -DCOMPLEX -DLOWER -URSIDE -DNN symm3m_k.c -o csymm3m_thread_LL.o
cc -c -DTHREADED_LEVEL3 -O2 -DMAX_STACK_ALLOC=2048 -Wall -m64 -DF_INTERFACE_GFORT -fPIC -DNO_LAPACK -DNO_LAPACKE -DSMP_SERVER -DNO_WARMUP -DMAX_CPU_NUMBER=4 -DMAX_PARALLEL_NUMBER=1 -DBUILD_SINGLE=1 -DBUILD_DOUBLE=1 -DBUILD_COMPLEX=1 -DBUILD_COMPLEX16=1 -DVERSION=\"0.3.17.dev\" -msse3 -mssse3 -msse4.1 -mavx -mavx2 -mavx2 -UASMNAME -UASMFNAME -UNAME -UCNAME -UCHAR_NAME -UCHAR_CNAME -DASMNAME=csymm3m_thread_RU -DASMFNAME=csymm3m_thread_RU_ -DNAME=csymm3m_thread_RU_ -DCNAME=csymm3m_thread_RU -DCHAR_NAME=\"csymm3m_thread_RU_\" -DCHAR_CNAME=\"csymm3m_thread_RU\" -DNO_AFFINITY -I../.. -UDOUBLE  -DCOMPLEX -UDOUBLE -DCOMPLEX -ULOWER -DRSIDE -DNN symm3m_k.c -o csymm3m_thread_RU.o
cc -c -DTHREADED_LEVEL3 -O2 -DMAX_STACK_ALLOC=2048 -Wall -m64 -DF_INTERFACE_GFORT -fPIC -DNO_LAPACK -DNO_LAPACKE -DSMP_SERVER -DNO_WARMUP -DMAX_CPU_NUMBER=4 -DMAX_PARALLEL_NUMBER=1 -DBUILD_SINGLE=1 -DBUILD_DOUBLE=1 -DBUILD_COMPLEX=1 -DBUILD_COMPLEX16=1 -DVERSION=\"0.3.17.dev\" -msse3 -mssse3 -msse4.1 -mavx -mavx2 -mavx2 -UASMNAME -UASMFNAME -UNAME -UCNAME -UCHAR_NAME -UCHAR_CNAME -DASMNAME=csymm3m_thread_RL -DASMFNAME=csymm3m_thread_RL_ -DNAME=csymm3m_thread_RL_ -DCNAME=csymm3m_thread_RL -DCHAR_NAME=\"csymm3m_thread_RL_\" -DCHAR_CNAME=\"csymm3m_thread_RL\" -DNO_AFFINITY -I../.. -UDOUBLE  -DCOMPLEX -UDOUBLE -DCOMPLEX -DLOWER -DRSIDE -DNN symm3m_k.c -o csymm3m_thread_RL.o
cc -c -DTHREADED_LEVEL3 -O2 -DMAX_STACK_ALLOC=2048 -Wall -m64 -DF_INTERFACE_GFORT -fPIC -DNO_LAPACK -DNO_LAPACKE -DSMP_SERVER -DNO_WARMUP -DMAX_CPU_NUMBER=4 -DMAX_PARALLEL_NUMBER=1 -DBUILD_SINGLE=1 -DBUILD_DOUBLE=1 -DBUILD_COMPLEX=1 -DBUILD_COMPLEX16=1 -DVERSION=\"0.3.17.dev\" -msse3 -mssse3 -msse4.1 -mavx -mavx2 -mavx2 -UASMNAME -UASMFNAME -UNAME -UCNAME -UCHAR_NAME -UCHAR_CNAME -DASMNAME=chemm3m_thread_LU -DASMFNAME=chemm3m_thread_LU_ -DNAME=chemm3m_thread_LU_ -DCNAME=chemm3m_thread_LU -DCHAR_NAME=\"chemm3m_thread_LU_\" -DCHAR_CNAME=\"chemm3m_thread_LU\" -DNO_AFFINITY -I../.. -UDOUBLE  -DCOMPLEX -UDOUBLE -DCOMPLEX -ULOWER -URSIDE -DNN hemm3m_k.c -o chemm3m_thread_LU.o
cc -c -DTHREADED_LEVEL3 -O2 -DMAX_STACK_ALLOC=2048 -Wall -m64 -DF_INTERFACE_GFORT -fPIC -DNO_LAPACK -DNO_LAPACKE -DSMP_SERVER -DNO_WARMUP -DMAX_CPU_NUMBER=4 -DMAX_PARALLEL_NUMBER=1 -DBUILD_SINGLE=1 -DBUILD_DOUBLE=1 -DBUILD_COMPLEX=1 -DBUILD_COMPLEX16=1 -DVERSION=\"0.3.17.dev\" -msse3 -mssse3 -msse4.1 -mavx -mavx2 -mavx2 -UASMNAME -UASMFNAME -UNAME -UCNAME -UCHAR_NAME -UCHAR_CNAME -DASMNAME=chemm3m_thread_LL -DASMFNAME=chemm3m_thread_LL_ -DNAME=chemm3m_thread_LL_ -DCNAME=chemm3m_thread_LL -DCHAR_NAME=\"chemm3m_thread_LL_\" -DCHAR_CNAME=\"chemm3m_thread_LL\" -DNO_AFFINITY -I../.. -UDOUBLE  -DCOMPLEX -UDOUBLE -DCOMPLEX -DLOWER -URSIDE -DNN hemm3m_k.c -o chemm3m_thread_LL.o
cc -c -DTHREADED_LEVEL3 -O2 -DMAX_STACK_ALLOC=2048 -Wall -m64 -DF_INTERFACE_GFORT -fPIC -DNO_LAPACK -DNO_LAPACKE -DSMP_SERVER -DNO_WARMUP -DMAX_CPU_NUMBER=4 -DMAX_PARALLEL_NUMBER=1 -DBUILD_SINGLE=1 -DBUILD_DOUBLE=1 -DBUILD_COMPLEX=1 -DBUILD_COMPLEX16=1 -DVERSION=\"0.3.17.dev\" -msse3 -mssse3 -msse4.1 -mavx -mavx2 -mavx2 -UASMNAME -UASMFNAME -UNAME -UCNAME -UCHAR_NAME -UCHAR_CNAME -DASMNAME=chemm3m_thread_RU -DASMFNAME=chemm3m_thread_RU_ -DNAME=chemm3m_thread_RU_ -DCNAME=chemm3m_thread_RU -DCHAR_NAME=\"chemm3m_thread_RU_\" -DCHAR_CNAME=\"chemm3m_thread_RU\" -DNO_AFFINITY -I../.. -UDOUBLE  -DCOMPLEX -UDOUBLE -DCOMPLEX -ULOWER -DRSIDE -DNN hemm3m_k.c -o chemm3m_thread_RU.o
cc -c -DTHREADED_LEVEL3 -O2 -DMAX_STACK_ALLOC=2048 -Wall -m64 -DF_INTERFACE_GFORT -fPIC -DNO_LAPACK -DNO_LAPACKE -DSMP_SERVER -DNO_WARMUP -DMAX_CPU_NUMBER=4 -DMAX_PARALLEL_NUMBER=1 -DBUILD_SINGLE=1 -DBUILD_DOUBLE=1 -DBUILD_COMPLEX=1 -DBUILD_COMPLEX16=1 -DVERSION=\"0.3.17.dev\" -msse3 -mssse3 -msse4.1 -mavx -mavx2 -mavx2 -UASMNAME -UASMFNAME -UNAME -UCNAME -UCHAR_NAME -UCHAR_CNAME -DASMNAME=chemm3m_thread_RL -DASMFNAME=chemm3m_thread_RL_ -DNAME=chemm3m_thread_RL_ -DCNAME=chemm3m_thread_RL -DCHAR_NAME=\"chemm3m_thread_RL_\" -DCHAR_CNAME=\"chemm3m_thread_RL\" -DNO_AFFINITY -I../.. -UDOUBLE  -DCOMPLEX -UDOUBLE -DCOMPLEX -DLOWER -DRSIDE -DNN hemm3m_k.c -o chemm3m_thread_RL.o
cc -O2 -DMAX_STACK_ALLOC=2048 -Wall -m64 -DF_INTERFACE_GFORT -fPIC -DNO_LAPACK -DNO_LAPACKE -DSMP_SERVER -DNO_WARMUP -DMAX_CPU_NUMBER=4 -DMAX_PARALLEL_NUMBER=1 -DBUILD_SINGLE=1 -DBUILD_DOUBLE=1 -DBUILD_COMPLEX=1 -DBUILD_COMPLEX16=1 -DVERSION=\"0.3.17.dev\" -msse3 -mssse3 -msse4.1 -mavx -mavx2 -mavx2 -UASMNAME -UASMFNAME -UNAME -UCNAME -UCHAR_NAME -UCHAR_CNAME -DASMNAME=zgemm_nn -DASMFNAME=zgemm_nn_ -DNAME=zgemm_nn_ -DCNAME=zgemm_nn -DCHAR_NAME=\"zgemm_nn_\" -DCHAR_CNAME=\"zgemm_nn\" -DNO_AFFINITY -I../.. -DDOUBLE  -DCOMPLEX  -c -DDOUBLE -DCOMPLEX -DNN gemm.c -o zgemm_nn.o
cc -O2 -DMAX_STACK_ALLOC=2048 -Wall -m64 -DF_INTERFACE_GFORT -fPIC -DNO_LAPACK -DNO_LAPACKE -DSMP_SERVER -DNO_WARMUP -DMAX_CPU_NUMBER=4 -DMAX_PARALLEL_NUMBER=1 -DBUILD_SINGLE=1 -DBUILD_DOUBLE=1 -DBUILD_COMPLEX=1 -DBUILD_COMPLEX16=1 -DVERSION=\"0.3.17.dev\" -msse3 -mssse3 -msse4.1 -mavx -mavx2 -mavx2 -UASMNAME -UASMFNAME -UNAME -UCNAME -UCHAR_NAME -UCHAR_CNAME -DASMNAME=zgemm_cn -DASMFNAME=zgemm_cn_ -DNAME=zgemm_cn_ -DCNAME=zgemm_cn -DCHAR_NAME=\"zgemm_cn_\" -DCHAR_CNAME=\"zgemm_cn\" -DNO_AFFINITY -I../.. -DDOUBLE  -DCOMPLEX  -c -DDOUBLE -DCOMPLEX -DCN gemm.c -o zgemm_cn.o
cc -O2 -DMAX_STACK_ALLOC=2048 -Wall -m64 -DF_INTERFACE_GFORT -fPIC -DNO_LAPACK -DNO_LAPACKE -DSMP_SERVER -DNO_WARMUP -DMAX_CPU_NUMBER=4 -DMAX_PARALLEL_NUMBER=1 -DBUILD_SINGLE=1 -DBUILD_DOUBLE=1 -DBUILD_COMPLEX=1 -DBUILD_COMPLEX16=1 -DVERSION=\"0.3.17.dev\" -msse3 -mssse3 -msse4.1 -mavx -mavx2 -mavx2 -UASMNAME -UASMFNAME -UNAME -UCNAME -UCHAR_NAME -UCHAR_CNAME -DASMNAME=zgemm_tn -DASMFNAME=zgemm_tn_ -DNAME=zgemm_tn_ -DCNAME=zgemm_tn -DCHAR_NAME=\"zgemm_tn_\" -DCHAR_CNAME=\"zgemm_tn\" -DNO_AFFINITY -I../.. -DDOUBLE  -DCOMPLEX  -c -DDOUBLE -DCOMPLEX -DTN gemm.c -o zgemm_tn.o
cc -O2 -DMAX_STACK_ALLOC=2048 -Wall -m64 -DF_INTERFACE_GFORT -fPIC -DNO_LAPACK -DNO_LAPACKE -DSMP_SERVER -DNO_WARMUP -DMAX_CPU_NUMBER=4 -DMAX_PARALLEL_NUMBER=1 -DBUILD_SINGLE=1 -DBUILD_DOUBLE=1 -DBUILD_COMPLEX=1 -DBUILD_COMPLEX16=1 -DVERSION=\"0.3.17.dev\" -msse3 -mssse3 -msse4.1 -mavx -mavx2 -mavx2 -UASMNAME -UASMFNAME -UNAME -UCNAME -UCHAR_NAME -UCHAR_CNAME -DASMNAME=zgemm_nc -DASMFNAME=zgemm_nc_ -DNAME=zgemm_nc_ -DCNAME=zgemm_nc -DCHAR_NAME=\"zgemm_nc_\" -DCHAR_CNAME=\"zgemm_nc\" -DNO_AFFINITY -I../.. -DDOUBLE  -DCOMPLEX  -c -DDOUBLE -DCOMPLEX -DNC gemm.c -o zgemm_nc.o
cc -O2 -DMAX_STACK_ALLOC=2048 -Wall -m64 -DF_INTERFACE_GFORT -fPIC -DNO_LAPACK -DNO_LAPACKE -DSMP_SERVER -DNO_WARMUP -DMAX_CPU_NUMBER=4 -DMAX_PARALLEL_NUMBER=1 -DBUILD_SINGLE=1 -DBUILD_DOUBLE=1 -DBUILD_COMPLEX=1 -DBUILD_COMPLEX16=1 -DVERSION=\"0.3.17.dev\" -msse3 -mssse3 -msse4.1 -mavx -mavx2 -mavx2 -UASMNAME -UASMFNAME -UNAME -UCNAME -UCHAR_NAME -UCHAR_CNAME -DASMNAME=zgemm_nt -DASMFNAME=zgemm_nt_ -DNAME=zgemm_nt_ -DCNAME=zgemm_nt -DCHAR_NAME=\"zgemm_nt_\" -DCHAR_CNAME=\"zgemm_nt\" -DNO_AFFINITY -I../.. -DDOUBLE  -DCOMPLEX  -c -DDOUBLE -DCOMPLEX -DNT gemm.c -o zgemm_nt.o
cc -O2 -DMAX_STACK_ALLOC=2048 -Wall -m64 -DF_INTERFACE_GFORT -fPIC -DNO_LAPACK -DNO_LAPACKE -DSMP_SERVER -DNO_WARMUP -DMAX_CPU_NUMBER=4 -DMAX_PARALLEL_NUMBER=1 -DBUILD_SINGLE=1 -DBUILD_DOUBLE=1 -DBUILD_COMPLEX=1 -DBUILD_COMPLEX16=1 -DVERSION=\"0.3.17.dev\" -msse3 -mssse3 -msse4.1 -mavx -mavx2 -mavx2 -UASMNAME -UASMFNAME -UNAME -UCNAME -UCHAR_NAME -UCHAR_CNAME -DASMNAME=zgemm_cc -DASMFNAME=zgemm_cc_ -DNAME=zgemm_cc_ -DCNAME=zgemm_cc -DCHAR_NAME=\"zgemm_cc_\" -DCHAR_CNAME=\"zgemm_cc\" -DNO_AFFINITY -I../.. -DDOUBLE  -DCOMPLEX  -c -DDOUBLE -DCOMPLEX -DCC gemm.c -o zgemm_cc.o
cc -O2 -DMAX_STACK_ALLOC=2048 -Wall -m64 -DF_INTERFACE_GFORT -fPIC -DNO_LAPACK -DNO_LAPACKE -DSMP_SERVER -DNO_WARMUP -DMAX_CPU_NUMBER=4 -DMAX_PARALLEL_NUMBER=1 -DBUILD_SINGLE=1 -DBUILD_DOUBLE=1 -DBUILD_COMPLEX=1 -DBUILD_COMPLEX16=1 -DVERSION=\"0.3.17.dev\" -msse3 -mssse3 -msse4.1 -mavx -mavx2 -mavx2 -UASMNAME -UASMFNAME -UNAME -UCNAME -UCHAR_NAME -UCHAR_CNAME -DASMNAME=zgemm_ct -DASMFNAME=zgemm_ct_ -DNAME=zgemm_ct_ -DCNAME=zgemm_ct -DCHAR_NAME=\"zgemm_ct_\" -DCHAR_CNAME=\"zgemm_ct\" -DNO_AFFINITY -I../.. -DDOUBLE  -DCOMPLEX  -c -DDOUBLE -DCOMPLEX -DCT gemm.c -o zgemm_ct.o
cc -O2 -DMAX_STACK_ALLOC=2048 -Wall -m64 -DF_INTERFACE_GFORT -fPIC -DNO_LAPACK -DNO_LAPACKE -DSMP_SERVER -DNO_WARMUP -DMAX_CPU_NUMBER=4 -DMAX_PARALLEL_NUMBER=1 -DBUILD_SINGLE=1 -DBUILD_DOUBLE=1 -DBUILD_COMPLEX=1 -DBUILD_COMPLEX16=1 -DVERSION=\"0.3.17.dev\" -msse3 -mssse3 -msse4.1 -mavx -mavx2 -mavx2 -UASMNAME -UASMFNAME -UNAME -UCNAME -UCHAR_NAME -UCHAR_CNAME -DASMNAME=zgemm_tc -DASMFNAME=zgemm_tc_ -DNAME=zgemm_tc_ -DCNAME=zgemm_tc -DCHAR_NAME=\"zgemm_tc_\" -DCHAR_CNAME=\"zgemm_tc\" -DNO_AFFINITY -I../.. -DDOUBLE  -DCOMPLEX  -c -DDOUBLE -DCOMPLEX -DTC gemm.c -o zgemm_tc.o
cc -O2 -DMAX_STACK_ALLOC=2048 -Wall -m64 -DF_INTERFACE_GFORT -fPIC -DNO_LAPACK -DNO_LAPACKE -DSMP_SERVER -DNO_WARMUP -DMAX_CPU_NUMBER=4 -DMAX_PARALLEL_NUMBER=1 -DBUILD_SINGLE=1 -DBUILD_DOUBLE=1 -DBUILD_COMPLEX=1 -DBUILD_COMPLEX16=1 -DVERSION=\"0.3.17.dev\" -msse3 -mssse3 -msse4.1 -mavx -mavx2 -mavx2 -UASMNAME -UASMFNAME -UNAME -UCNAME -UCHAR_NAME -UCHAR_CNAME -DASMNAME=zgemm_tt -DASMFNAME=zgemm_tt_ -DNAME=zgemm_tt_ -DCNAME=zgemm_tt -DCHAR_NAME=\"zgemm_tt_\" -DCHAR_CNAME=\"zgemm_tt\" -DNO_AFFINITY -I../.. -DDOUBLE  -DCOMPLEX  -c -DDOUBLE -DCOMPLEX -DTT gemm.c -o zgemm_tt.o
cc -O2 -DMAX_STACK_ALLOC=2048 -Wall -m64 -DF_INTERFACE_GFORT -fPIC -DNO_LAPACK -DNO_LAPACKE -DSMP_SERVER -DNO_WARMUP -DMAX_CPU_NUMBER=4 -DMAX_PARALLEL_NUMBER=1 -DBUILD_SINGLE=1 -DBUILD_DOUBLE=1 -DBUILD_COMPLEX=1 -DBUILD_COMPLEX16=1 -DVERSION=\"0.3.17.dev\" -msse3 -mssse3 -msse4.1 -mavx -mavx2 -mavx2 -UASMNAME -UASMFNAME -UNAME -UCNAME -UCHAR_NAME -UCHAR_CNAME -DASMNAME=zgemm_nr -DASMFNAME=zgemm_nr_ -DNAME=zgemm_nr_ -DCNAME=zgemm_nr -DCHAR_NAME=\"zgemm_nr_\" -DCHAR_CNAME=\"zgemm_nr\" -DNO_AFFINITY -I../.. -DDOUBLE  -DCOMPLEX  -c -DDOUBLE -DCOMPLEX -DNR gemm.c -o zgemm_nr.o
cc -O2 -DMAX_STACK_ALLOC=2048 -Wall -m64 -DF_INTERFACE_GFORT -fPIC -DNO_LAPACK -DNO_LAPACKE -DSMP_SERVER -DNO_WARMUP -DMAX_CPU_NUMBER=4 -DMAX_PARALLEL_NUMBER=1 -DBUILD_SINGLE=1 -DBUILD_DOUBLE=1 -DBUILD_COMPLEX=1 -DBUILD_COMPLEX16=1 -DVERSION=\"0.3.17.dev\" -msse3 -mssse3 -msse4.1 -mavx -mavx2 -mavx2 -UASMNAME -UASMFNAME -UNAME -UCNAME -UCHAR_NAME -UCHAR_CNAME -DASMNAME=zgemm_tr -DASMFNAME=zgemm_tr_ -DNAME=zgemm_tr_ -DCNAME=zgemm_tr -DCHAR_NAME=\"zgemm_tr_\" -DCHAR_CNAME=\"zgemm_tr\" -DNO_AFFINITY -I../.. -DDOUBLE  -DCOMPLEX  -c -DDOUBLE -DCOMPLEX -DTR gemm.c -o zgemm_tr.o
cc -O2 -DMAX_STACK_ALLOC=2048 -Wall -m64 -DF_INTERFACE_GFORT -fPIC -DNO_LAPACK -DNO_LAPACKE -DSMP_SERVER -DNO_WARMUP -DMAX_CPU_NUMBER=4 -DMAX_PARALLEL_NUMBER=1 -DBUILD_SINGLE=1 -DBUILD_DOUBLE=1 -DBUILD_COMPLEX=1 -DBUILD_COMPLEX16=1 -DVERSION=\"0.3.17.dev\" -msse3 -mssse3 -msse4.1 -mavx -mavx2 -mavx2 -UASMNAME -UASMFNAME -UNAME -UCNAME -UCHAR_NAME -UCHAR_CNAME -DASMNAME=zgemm_cr -DASMFNAME=zgemm_cr_ -DNAME=zgemm_cr_ -DCNAME=zgemm_cr -DCHAR_NAME=\"zgemm_cr_\" -DCHAR_CNAME=\"zgemm_cr\" -DNO_AFFINITY -I../.. -DDOUBLE  -DCOMPLEX  -c -DDOUBLE -DCOMPLEX -DCR=CR gemm.c -o zgemm_cr.o
cc -O2 -DMAX_STACK_ALLOC=2048 -Wall -m64 -DF_INTERFACE_GFORT -fPIC -DNO_LAPACK -DNO_LAPACKE -DSMP_SERVER -DNO_WARMUP -DMAX_CPU_NUMBER=4 -DMAX_PARALLEL_NUMBER=1 -DBUILD_SINGLE=1 -DBUILD_DOUBLE=1 -DBUILD_COMPLEX=1 -DBUILD_COMPLEX16=1 -DVERSION=\"0.3.17.dev\" -msse3 -mssse3 -msse4.1 -mavx -mavx2 -mavx2 -UASMNAME -UASMFNAME -UNAME -UCNAME -UCHAR_NAME -UCHAR_CNAME -DASMNAME=zgemm_rn -DASMFNAME=zgemm_rn_ -DNAME=zgemm_rn_ -DCNAME=zgemm_rn -DCHAR_NAME=\"zgemm_rn_\" -DCHAR_CNAME=\"zgemm_rn\" -DNO_AFFINITY -I../.. -DDOUBLE  -DCOMPLEX  -c -DDOUBLE -DCOMPLEX -DRN gemm.c -o zgemm_rn.o
cc -O2 -DMAX_STACK_ALLOC=2048 -Wall -m64 -DF_INTERFACE_GFORT -fPIC -DNO_LAPACK -DNO_LAPACKE -DSMP_SERVER -DNO_WARMUP -DMAX_CPU_NUMBER=4 -DMAX_PARALLEL_NUMBER=1 -DBUILD_SINGLE=1 -DBUILD_DOUBLE=1 -DBUILD_COMPLEX=1 -DBUILD_COMPLEX16=1 -DVERSION=\"0.3.17.dev\" -msse3 -mssse3 -msse4.1 -mavx -mavx2 -mavx2 -UASMNAME -UASMFNAME -UNAME -UCNAME -UCHAR_NAME -UCHAR_CNAME -DASMNAME=zgemm_rt -DASMFNAME=zgemm_rt_ -DNAME=zgemm_rt_ -DCNAME=zgemm_rt -DCHAR_NAME=\"zgemm_rt_\" -DCHAR_CNAME=\"zgemm_rt\" -DNO_AFFINITY -I../.. -DDOUBLE  -DCOMPLEX  -c -DDOUBLE -DCOMPLEX -DRT gemm.c -o zgemm_rt.o
cc -O2 -DMAX_STACK_ALLOC=2048 -Wall -m64 -DF_INTERFACE_GFORT -fPIC -DNO_LAPACK -DNO_LAPACKE -DSMP_SERVER -DNO_WARMUP -DMAX_CPU_NUMBER=4 -DMAX_PARALLEL_NUMBER=1 -DBUILD_SINGLE=1 -DBUILD_DOUBLE=1 -DBUILD_COMPLEX=1 -DBUILD_COMPLEX16=1 -DVERSION=\"0.3.17.dev\" -msse3 -mssse3 -msse4.1 -mavx -mavx2 -mavx2 -UASMNAME -UASMFNAME -UNAME -UCNAME -UCHAR_NAME -UCHAR_CNAME -DASMNAME=zgemm_rc -DASMFNAME=zgemm_rc_ -DNAME=zgemm_rc_ -DCNAME=zgemm_rc -DCHAR_NAME=\"zgemm_rc_\" -DCHAR_CNAME=\"zgemm_rc\" -DNO_AFFINITY -I../.. -DDOUBLE  -DCOMPLEX  -c -DDOUBLE -DCOMPLEX -DRC=RC gemm.c -o zgemm_rc.o
cc -O2 -DMAX_STACK_ALLOC=2048 -Wall -m64 -DF_INTERFACE_GFORT -fPIC -DNO_LAPACK -DNO_LAPACKE -DSMP_SERVER -DNO_WARMUP -DMAX_CPU_NUMBER=4 -DMAX_PARALLEL_NUMBER=1 -DBUILD_SINGLE=1 -DBUILD_DOUBLE=1 -DBUILD_COMPLEX=1 -DBUILD_COMPLEX16=1 -DVERSION=\"0.3.17.dev\" -msse3 -mssse3 -msse4.1 -mavx -mavx2 -mavx2 -UASMNAME -UASMFNAME -UNAME -UCNAME -UCHAR_NAME -UCHAR_CNAME -DASMNAME=zgemm_rr -DASMFNAME=zgemm_rr_ -DNAME=zgemm_rr_ -DCNAME=zgemm_rr -DCHAR_NAME=\"zgemm_rr_\" -DCHAR_CNAME=\"zgemm_rr\" -DNO_AFFINITY -I../.. -DDOUBLE  -DCOMPLEX  -c -DDOUBLE -DCOMPLEX -DRR gemm.c -o zgemm_rr.o
cc -c -O2 -DMAX_STACK_ALLOC=2048 -Wall -m64 -DF_INTERFACE_GFORT -fPIC -DNO_LAPACK -DNO_LAPACKE -DSMP_SERVER -DNO_WARMUP -DMAX_CPU_NUMBER=4 -DMAX_PARALLEL_NUMBER=1 -DBUILD_SINGLE=1 -DBUILD_DOUBLE=1 -DBUILD_COMPLEX=1 -DBUILD_COMPLEX16=1 -DVERSION=\"0.3.17.dev\" -msse3 -mssse3 -msse4.1 -mavx -mavx2 -mavx2 -UASMNAME -UASMFNAME -UNAME -UCNAME -UCHAR_NAME -UCHAR_CNAME -DASMNAME=ztrmm_LNUU -DASMFNAME=ztrmm_LNUU_ -DNAME=ztrmm_LNUU_ -DCNAME=ztrmm_LNUU -DCHAR_NAME=\"ztrmm_LNUU_\" -DCHAR_CNAME=\"ztrmm_LNUU\" -DNO_AFFINITY -I../.. -DDOUBLE  -DCOMPLEX -DCOMPLEX -DDOUBLE -UTRANSA -DUPPER -DUNIT -UCONJ trmm_L.c -o ztrmm_LNUU.o
cc -c -O2 -DMAX_STACK_ALLOC=2048 -Wall -m64 -DF_INTERFACE_GFORT -fPIC -DNO_LAPACK -DNO_LAPACKE -DSMP_SERVER -DNO_WARMUP -DMAX_CPU_NUMBER=4 -DMAX_PARALLEL_NUMBER=1 -DBUILD_SINGLE=1 -DBUILD_DOUBLE=1 -DBUILD_COMPLEX=1 -DBUILD_COMPLEX16=1 -DVERSION=\"0.3.17.dev\" -msse3 -mssse3 -msse4.1 -mavx -mavx2 -mavx2 -UASMNAME -UASMFNAME -UNAME -UCNAME -UCHAR_NAME -UCHAR_CNAME -DASMNAME=ztrmm_LNUN -DASMFNAME=ztrmm_LNUN_ -DNAME=ztrmm_LNUN_ -DCNAME=ztrmm_LNUN -DCHAR_NAME=\"ztrmm_LNUN_\" -DCHAR_CNAME=\"ztrmm_LNUN\" -DNO_AFFINITY -I../.. -DDOUBLE  -DCOMPLEX -DCOMPLEX -DDOUBLE -UTRANSA -DUPPER -UUNIT -UCONJ trmm_L.c -o ztrmm_LNUN.o
cc -c -O2 -DMAX_STACK_ALLOC=2048 -Wall -m64 -DF_INTERFACE_GFORT -fPIC -DNO_LAPACK -DNO_LAPACKE -DSMP_SERVER -DNO_WARMUP -DMAX_CPU_NUMBER=4 -DMAX_PARALLEL_NUMBER=1 -DBUILD_SINGLE=1 -DBUILD_DOUBLE=1 -DBUILD_COMPLEX=1 -DBUILD_COMPLEX16=1 -DVERSION=\"0.3.17.dev\" -msse3 -mssse3 -msse4.1 -mavx -mavx2 -mavx2 -UASMNAME -UASMFNAME -UNAME -UCNAME -UCHAR_NAME -UCHAR_CNAME -DASMNAME=ztrmm_LNLU -DASMFNAME=ztrmm_LNLU_ -DNAME=ztrmm_LNLU_ -DCNAME=ztrmm_LNLU -DCHAR_NAME=\"ztrmm_LNLU_\" -DCHAR_CNAME=\"ztrmm_LNLU\" -DNO_AFFINITY -I../.. -DDOUBLE  -DCOMPLEX -DCOMPLEX -DDOUBLE -UTRANSA -UUPPER -DUNIT -UCONJ trmm_L.c -o ztrmm_LNLU.o
cc -c -O2 -DMAX_STACK_ALLOC=2048 -Wall -m64 -DF_INTERFACE_GFORT -fPIC -DNO_LAPACK -DNO_LAPACKE -DSMP_SERVER -DNO_WARMUP -DMAX_CPU_NUMBER=4 -DMAX_PARALLEL_NUMBER=1 -DBUILD_SINGLE=1 -DBUILD_DOUBLE=1 -DBUILD_COMPLEX=1 -DBUILD_COMPLEX16=1 -DVERSION=\"0.3.17.dev\" -msse3 -mssse3 -msse4.1 -mavx -mavx2 -mavx2 -UASMNAME -UASMFNAME -UNAME -UCNAME -UCHAR_NAME -UCHAR_CNAME -DASMNAME=ztrmm_LNLN -DASMFNAME=ztrmm_LNLN_ -DNAME=ztrmm_LNLN_ -DCNAME=ztrmm_LNLN -DCHAR_NAME=\"ztrmm_LNLN_\" -DCHAR_CNAME=\"ztrmm_LNLN\" -DNO_AFFINITY -I../.. -DDOUBLE  -DCOMPLEX -DCOMPLEX -DDOUBLE -UTRANSA -UUPPER -UUNIT -UCONJ trmm_L.c -o ztrmm_LNLN.o
cc -c -O2 -DMAX_STACK_ALLOC=2048 -Wall -m64 -DF_INTERFACE_GFORT -fPIC -DNO_LAPACK -DNO_LAPACKE -DSMP_SERVER -DNO_WARMUP -DMAX_CPU_NUMBER=4 -DMAX_PARALLEL_NUMBER=1 -DBUILD_SINGLE=1 -DBUILD_DOUBLE=1 -DBUILD_COMPLEX=1 -DBUILD_COMPLEX16=1 -DVERSION=\"0.3.17.dev\" -msse3 -mssse3 -msse4.1 -mavx -mavx2 -mavx2 -UASMNAME -UASMFNAME -UNAME -UCNAME -UCHAR_NAME -UCHAR_CNAME -DASMNAME=ztrmm_LTUU -DASMFNAME=ztrmm_LTUU_ -DNAME=ztrmm_LTUU_ -DCNAME=ztrmm_LTUU -DCHAR_NAME=\"ztrmm_LTUU_\" -DCHAR_CNAME=\"ztrmm_LTUU\" -DNO_AFFINITY -I../.. -DDOUBLE  -DCOMPLEX -DCOMPLEX -DDOUBLE -DTRANSA -DUPPER -DUNIT -UCONJ trmm_L.c -o ztrmm_LTUU.o
cc -c -O2 -DMAX_STACK_ALLOC=2048 -Wall -m64 -DF_INTERFACE_GFORT -fPIC -DNO_LAPACK -DNO_LAPACKE -DSMP_SERVER -DNO_WARMUP -DMAX_CPU_NUMBER=4 -DMAX_PARALLEL_NUMBER=1 -DBUILD_SINGLE=1 -DBUILD_DOUBLE=1 -DBUILD_COMPLEX=1 -DBUILD_COMPLEX16=1 -DVERSION=\"0.3.17.dev\" -msse3 -mssse3 -msse4.1 -mavx -mavx2 -mavx2 -UASMNAME -UASMFNAME -UNAME -UCNAME -UCHAR_NAME -UCHAR_CNAME -DASMNAME=ztrmm_LTUN -DASMFNAME=ztrmm_LTUN_ -DNAME=ztrmm_LTUN_ -DCNAME=ztrmm_LTUN -DCHAR_NAME=\"ztrmm_LTUN_\" -DCHAR_CNAME=\"ztrmm_LTUN\" -DNO_AFFINITY -I../.. -DDOUBLE  -DCOMPLEX -DCOMPLEX -DDOUBLE -DTRANSA -DUPPER -UUNIT -UCONJ trmm_L.c -o ztrmm_LTUN.o
cc -c -O2 -DMAX_STACK_ALLOC=2048 -Wall -m64 -DF_INTERFACE_GFORT -fPIC -DNO_LAPACK -DNO_LAPACKE -DSMP_SERVER -DNO_WARMUP -DMAX_CPU_NUMBER=4 -DMAX_PARALLEL_NUMBER=1 -DBUILD_SINGLE=1 -DBUILD_DOUBLE=1 -DBUILD_COMPLEX=1 -DBUILD_COMPLEX16=1 -DVERSION=\"0.3.17.dev\" -msse3 -mssse3 -msse4.1 -mavx -mavx2 -mavx2 -UASMNAME -UASMFNAME -UNAME -UCNAME -UCHAR_NAME -UCHAR_CNAME -DASMNAME=ztrmm_LTLU -DASMFNAME=ztrmm_LTLU_ -DNAME=ztrmm_LTLU_ -DCNAME=ztrmm_LTLU -DCHAR_NAME=\"ztrmm_LTLU_\" -DCHAR_CNAME=\"ztrmm_LTLU\" -DNO_AFFINITY -I../.. -DDOUBLE  -DCOMPLEX -DCOMPLEX -DDOUBLE -DTRANSA -UUPPER -DUNIT -UCONJ trmm_L.c -o ztrmm_LTLU.o
cc -c -O2 -DMAX_STACK_ALLOC=2048 -Wall -m64 -DF_INTERFACE_GFORT -fPIC -DNO_LAPACK -DNO_LAPACKE -DSMP_SERVER -DNO_WARMUP -DMAX_CPU_NUMBER=4 -DMAX_PARALLEL_NUMBER=1 -DBUILD_SINGLE=1 -DBUILD_DOUBLE=1 -DBUILD_COMPLEX=1 -DBUILD_COMPLEX16=1 -DVERSION=\"0.3.17.dev\" -msse3 -mssse3 -msse4.1 -mavx -mavx2 -mavx2 -UASMNAME -UASMFNAME -UNAME -UCNAME -UCHAR_NAME -UCHAR_CNAME -DASMNAME=ztrmm_LTLN -DASMFNAME=ztrmm_LTLN_ -DNAME=ztrmm_LTLN_ -DCNAME=ztrmm_LTLN -DCHAR_NAME=\"ztrmm_LTLN_\" -DCHAR_CNAME=\"ztrmm_LTLN\" -DNO_AFFINITY -I../.. -DDOUBLE  -DCOMPLEX -DCOMPLEX -DDOUBLE -DTRANSA -UUPPER -UUNIT -UCONJ trmm_L.c -o ztrmm_LTLN.o
cc -c -O2 -DMAX_STACK_ALLOC=2048 -Wall -m64 -DF_INTERFACE_GFORT -fPIC -DNO_LAPACK -DNO_LAPACKE -DSMP_SERVER -DNO_WARMUP -DMAX_CPU_NUMBER=4 -DMAX_PARALLEL_NUMBER=1 -DBUILD_SINGLE=1 -DBUILD_DOUBLE=1 -DBUILD_COMPLEX=1 -DBUILD_COMPLEX16=1 -DVERSION=\"0.3.17.dev\" -msse3 -mssse3 -msse4.1 -mavx -mavx2 -mavx2 -UASMNAME -UASMFNAME -UNAME -UCNAME -UCHAR_NAME -UCHAR_CNAME -DASMNAME=ztrmm_LRUU -DASMFNAME=ztrmm_LRUU_ -DNAME=ztrmm_LRUU_ -DCNAME=ztrmm_LRUU -DCHAR_NAME=\"ztrmm_LRUU_\" -DCHAR_CNAME=\"ztrmm_LRUU\" -DNO_AFFINITY -I../.. -DDOUBLE  -DCOMPLEX -DCOMPLEX -DDOUBLE -UTRANSA -DUPPER -DUNIT -DCONJ trmm_L.c -o ztrmm_LRUU.o
cc -c -O2 -DMAX_STACK_ALLOC=2048 -Wall -m64 -DF_INTERFACE_GFORT -fPIC -DNO_LAPACK -DNO_LAPACKE -DSMP_SERVER -DNO_WARMUP -DMAX_CPU_NUMBER=4 -DMAX_PARALLEL_NUMBER=1 -DBUILD_SINGLE=1 -DBUILD_DOUBLE=1 -DBUILD_COMPLEX=1 -DBUILD_COMPLEX16=1 -DVERSION=\"0.3.17.dev\" -msse3 -mssse3 -msse4.1 -mavx -mavx2 -mavx2 -UASMNAME -UASMFNAME -UNAME -UCNAME -UCHAR_NAME -UCHAR_CNAME -DASMNAME=ztrmm_LRUN -DASMFNAME=ztrmm_LRUN_ -DNAME=ztrmm_LRUN_ -DCNAME=ztrmm_LRUN -DCHAR_NAME=\"ztrmm_LRUN_\" -DCHAR_CNAME=\"ztrmm_LRUN\" -DNO_AFFINITY -I../.. -DDOUBLE  -DCOMPLEX -DCOMPLEX -DDOUBLE -UTRANSA -DUPPER -UUNIT -DCONJ trmm_L.c -o ztrmm_LRUN.o
cc -c -O2 -DMAX_STACK_ALLOC=2048 -Wall -m64 -DF_INTERFACE_GFORT -fPIC -DNO_LAPACK -DNO_LAPACKE -DSMP_SERVER -DNO_WARMUP -DMAX_CPU_NUMBER=4 -DMAX_PARALLEL_NUMBER=1 -DBUILD_SINGLE=1 -DBUILD_DOUBLE=1 -DBUILD_COMPLEX=1 -DBUILD_COMPLEX16=1 -DVERSION=\"0.3.17.dev\" -msse3 -mssse3 -msse4.1 -mavx -mavx2 -mavx2 -UASMNAME -UASMFNAME -UNAME -UCNAME -UCHAR_NAME -UCHAR_CNAME -DASMNAME=ztrmm_LRLU -DASMFNAME=ztrmm_LRLU_ -DNAME=ztrmm_LRLU_ -DCNAME=ztrmm_LRLU -DCHAR_NAME=\"ztrmm_LRLU_\" -DCHAR_CNAME=\"ztrmm_LRLU\" -DNO_AFFINITY -I../.. -DDOUBLE  -DCOMPLEX -DCOMPLEX -DDOUBLE -UTRANSA -UUPPER -DUNIT -DCONJ trmm_L.c -o ztrmm_LRLU.o
cc -c -O2 -DMAX_STACK_ALLOC=2048 -Wall -m64 -DF_INTERFACE_GFORT -fPIC -DNO_LAPACK -DNO_LAPACKE -DSMP_SERVER -DNO_WARMUP -DMAX_CPU_NUMBER=4 -DMAX_PARALLEL_NUMBER=1 -DBUILD_SINGLE=1 -DBUILD_DOUBLE=1 -DBUILD_COMPLEX=1 -DBUILD_COMPLEX16=1 -DVERSION=\"0.3.17.dev\" -msse3 -mssse3 -msse4.1 -mavx -mavx2 -mavx2 -UASMNAME -UASMFNAME -UNAME -UCNAME -UCHAR_NAME -UCHAR_CNAME -DASMNAME=ztrmm_LRLN -DASMFNAME=ztrmm_LRLN_ -DNAME=ztrmm_LRLN_ -DCNAME=ztrmm_LRLN -DCHAR_NAME=\"ztrmm_LRLN_\" -DCHAR_CNAME=\"ztrmm_LRLN\" -DNO_AFFINITY -I../.. -DDOUBLE  -DCOMPLEX -DCOMPLEX -DDOUBLE -UTRANSA -UUPPER -UUNIT -DCONJ trmm_L.c -o ztrmm_LRLN.o
cc -c -O2 -DMAX_STACK_ALLOC=2048 -Wall -m64 -DF_INTERFACE_GFORT -fPIC -DNO_LAPACK -DNO_LAPACKE -DSMP_SERVER -DNO_WARMUP -DMAX_CPU_NUMBER=4 -DMAX_PARALLEL_NUMBER=1 -DBUILD_SINGLE=1 -DBUILD_DOUBLE=1 -DBUILD_COMPLEX=1 -DBUILD_COMPLEX16=1 -DVERSION=\"0.3.17.dev\" -msse3 -mssse3 -msse4.1 -mavx -mavx2 -mavx2 -UASMNAME -UASMFNAME -UNAME -UCNAME -UCHAR_NAME -UCHAR_CNAME -DASMNAME=ztrmm_LCUU -DASMFNAME=ztrmm_LCUU_ -DNAME=ztrmm_LCUU_ -DCNAME=ztrmm_LCUU -DCHAR_NAME=\"ztrmm_LCUU_\" -DCHAR_CNAME=\"ztrmm_LCUU\" -DNO_AFFINITY -I../.. -DDOUBLE  -DCOMPLEX -DCOMPLEX -DDOUBLE -DTRANSA -DUPPER -DUNIT -DCONJ trmm_L.c -o ztrmm_LCUU.o
cc -c -O2 -DMAX_STACK_ALLOC=2048 -Wall -m64 -DF_INTERFACE_GFORT -fPIC -DNO_LAPACK -DNO_LAPACKE -DSMP_SERVER -DNO_WARMUP -DMAX_CPU_NUMBER=4 -DMAX_PARALLEL_NUMBER=1 -DBUILD_SINGLE=1 -DBUILD_DOUBLE=1 -DBUILD_COMPLEX=1 -DBUILD_COMPLEX16=1 -DVERSION=\"0.3.17.dev\" -msse3 -mssse3 -msse4.1 -mavx -mavx2 -mavx2 -UASMNAME -UASMFNAME -UNAME -UCNAME -UCHAR_NAME -UCHAR_CNAME -DASMNAME=ztrmm_LCUN -DASMFNAME=ztrmm_LCUN_ -DNAME=ztrmm_LCUN_ -DCNAME=ztrmm_LCUN -DCHAR_NAME=\"ztrmm_LCUN_\" -DCHAR_CNAME=\"ztrmm_LCUN\" -DNO_AFFINITY -I../.. -DDOUBLE  -DCOMPLEX -DCOMPLEX -DDOUBLE -DTRANSA -DUPPER -UUNIT -DCONJ trmm_L.c -o ztrmm_LCUN.o
cc -c -O2 -DMAX_STACK_ALLOC=2048 -Wall -m64 -DF_INTERFACE_GFORT -fPIC -DNO_LAPACK -DNO_LAPACKE -DSMP_SERVER -DNO_WARMUP -DMAX_CPU_NUMBER=4 -DMAX_PARALLEL_NUMBER=1 -DBUILD_SINGLE=1 -DBUILD_DOUBLE=1 -DBUILD_COMPLEX=1 -DBUILD_COMPLEX16=1 -DVERSION=\"0.3.17.dev\" -msse3 -mssse3 -msse4.1 -mavx -mavx2 -mavx2 -UASMNAME -UASMFNAME -UNAME -UCNAME -UCHAR_NAME -UCHAR_CNAME -DASMNAME=ztrmm_LCLU -DASMFNAME=ztrmm_LCLU_ -DNAME=ztrmm_LCLU_ -DCNAME=ztrmm_LCLU -DCHAR_NAME=\"ztrmm_LCLU_\" -DCHAR_CNAME=\"ztrmm_LCLU\" -DNO_AFFINITY -I../.. -DDOUBLE  -DCOMPLEX -DCOMPLEX -DDOUBLE -DTRANSA -UUPPER -DUNIT -DCONJ trmm_L.c -o ztrmm_LCLU.o
cc -c -O2 -DMAX_STACK_ALLOC=2048 -Wall -m64 -DF_INTERFACE_GFORT -fPIC -DNO_LAPACK -DNO_LAPACKE -DSMP_SERVER -DNO_WARMUP -DMAX_CPU_NUMBER=4 -DMAX_PARALLEL_NUMBER=1 -DBUILD_SINGLE=1 -DBUILD_DOUBLE=1 -DBUILD_COMPLEX=1 -DBUILD_COMPLEX16=1 -DVERSION=\"0.3.17.dev\" -msse3 -mssse3 -msse4.1 -mavx -mavx2 -mavx2 -UASMNAME -UASMFNAME -UNAME -UCNAME -UCHAR_NAME -UCHAR_CNAME -DASMNAME=ztrmm_LCLN -DASMFNAME=ztrmm_LCLN_ -DNAME=ztrmm_LCLN_ -DCNAME=ztrmm_LCLN -DCHAR_NAME=\"ztrmm_LCLN_\" -DCHAR_CNAME=\"ztrmm_LCLN\" -DNO_AFFINITY -I../.. -DDOUBLE  -DCOMPLEX -DCOMPLEX -DDOUBLE -DTRANSA -UUPPER -UUNIT -DCONJ trmm_L.c -o ztrmm_LCLN.o
cc -c -O2 -DMAX_STACK_ALLOC=2048 -Wall -m64 -DF_INTERFACE_GFORT -fPIC -DNO_LAPACK -DNO_LAPACKE -DSMP_SERVER -DNO_WARMUP -DMAX_CPU_NUMBER=4 -DMAX_PARALLEL_NUMBER=1 -DBUILD_SINGLE=1 -DBUILD_DOUBLE=1 -DBUILD_COMPLEX=1 -DBUILD_COMPLEX16=1 -DVERSION=\"0.3.17.dev\" -msse3 -mssse3 -msse4.1 -mavx -mavx2 -mavx2 -UASMNAME -UASMFNAME -UNAME -UCNAME -UCHAR_NAME -UCHAR_CNAME -DASMNAME=ztrmm_RNUU -DASMFNAME=ztrmm_RNUU_ -DNAME=ztrmm_RNUU_ -DCNAME=ztrmm_RNUU -DCHAR_NAME=\"ztrmm_RNUU_\" -DCHAR_CNAME=\"ztrmm_RNUU\" -DNO_AFFINITY -I../.. -DDOUBLE  -DCOMPLEX -DCOMPLEX -DDOUBLE -UTRANSA -DUPPER -DUNIT -UCONJ trmm_R.c -o ztrmm_RNUU.o
cc -c -O2 -DMAX_STACK_ALLOC=2048 -Wall -m64 -DF_INTERFACE_GFORT -fPIC -DNO_LAPACK -DNO_LAPACKE -DSMP_SERVER -DNO_WARMUP -DMAX_CPU_NUMBER=4 -DMAX_PARALLEL_NUMBER=1 -DBUILD_SINGLE=1 -DBUILD_DOUBLE=1 -DBUILD_COMPLEX=1 -DBUILD_COMPLEX16=1 -DVERSION=\"0.3.17.dev\" -msse3 -mssse3 -msse4.1 -mavx -mavx2 -mavx2 -UASMNAME -UASMFNAME -UNAME -UCNAME -UCHAR_NAME -UCHAR_CNAME -DASMNAME=ztrmm_RNUN -DASMFNAME=ztrmm_RNUN_ -DNAME=ztrmm_RNUN_ -DCNAME=ztrmm_RNUN -DCHAR_NAME=\"ztrmm_RNUN_\" -DCHAR_CNAME=\"ztrmm_RNUN\" -DNO_AFFINITY -I../.. -DDOUBLE  -DCOMPLEX -DCOMPLEX -DDOUBLE -UTRANSA -DUPPER -UUNIT -UCONJ trmm_R.c -o ztrmm_RNUN.o
cc -c -O2 -DMAX_STACK_ALLOC=2048 -Wall -m64 -DF_INTERFACE_GFORT -fPIC -DNO_LAPACK -DNO_LAPACKE -DSMP_SERVER -DNO_WARMUP -DMAX_CPU_NUMBER=4 -DMAX_PARALLEL_NUMBER=1 -DBUILD_SINGLE=1 -DBUILD_DOUBLE=1 -DBUILD_COMPLEX=1 -DBUILD_COMPLEX16=1 -DVERSION=\"0.3.17.dev\" -msse3 -mssse3 -msse4.1 -mavx -mavx2 -mavx2 -UASMNAME -UASMFNAME -UNAME -UCNAME -UCHAR_NAME -UCHAR_CNAME -DASMNAME=ztrmm_RNLU -DASMFNAME=ztrmm_RNLU_ -DNAME=ztrmm_RNLU_ -DCNAME=ztrmm_RNLU -DCHAR_NAME=\"ztrmm_RNLU_\" -DCHAR_CNAME=\"ztrmm_RNLU\" -DNO_AFFINITY -I../.. -DDOUBLE  -DCOMPLEX -DCOMPLEX -DDOUBLE -UTRANSA -UUPPER -DUNIT -UCONJ trmm_R.c -o ztrmm_RNLU.o
cc -c -O2 -DMAX_STACK_ALLOC=2048 -Wall -m64 -DF_INTERFACE_GFORT -fPIC -DNO_LAPACK -DNO_LAPACKE -DSMP_SERVER -DNO_WARMUP -DMAX_CPU_NUMBER=4 -DMAX_PARALLEL_NUMBER=1 -DBUILD_SINGLE=1 -DBUILD_DOUBLE=1 -DBUILD_COMPLEX=1 -DBUILD_COMPLEX16=1 -DVERSION=\"0.3.17.dev\" -msse3 -mssse3 -msse4.1 -mavx -mavx2 -mavx2 -UASMNAME -UASMFNAME -UNAME -UCNAME -UCHAR_NAME -UCHAR_CNAME -DASMNAME=ztrmm_RNLN -DASMFNAME=ztrmm_RNLN_ -DNAME=ztrmm_RNLN_ -DCNAME=ztrmm_RNLN -DCHAR_NAME=\"ztrmm_RNLN_\" -DCHAR_CNAME=\"ztrmm_RNLN\" -DNO_AFFINITY -I../.. -DDOUBLE  -DCOMPLEX -DCOMPLEX -DDOUBLE -UTRANSA -UUPPER -UUNIT -UCONJ trmm_R.c -o ztrmm_RNLN.o
cc -c -O2 -DMAX_STACK_ALLOC=2048 -Wall -m64 -DF_INTERFACE_GFORT -fPIC -DNO_LAPACK -DNO_LAPACKE -DSMP_SERVER -DNO_WARMUP -DMAX_CPU_NUMBER=4 -DMAX_PARALLEL_NUMBER=1 -DBUILD_SINGLE=1 -DBUILD_DOUBLE=1 -DBUILD_COMPLEX=1 -DBUILD_COMPLEX16=1 -DVERSION=\"0.3.17.dev\" -msse3 -mssse3 -msse4.1 -mavx -mavx2 -mavx2 -UASMNAME -UASMFNAME -UNAME -UCNAME -UCHAR_NAME -UCHAR_CNAME -DASMNAME=ztrmm_RTUU -DASMFNAME=ztrmm_RTUU_ -DNAME=ztrmm_RTUU_ -DCNAME=ztrmm_RTUU -DCHAR_NAME=\"ztrmm_RTUU_\" -DCHAR_CNAME=\"ztrmm_RTUU\" -DNO_AFFINITY -I../.. -DDOUBLE  -DCOMPLEX -DCOMPLEX -DDOUBLE -DTRANSA -DUPPER -DUNIT -UCONJ trmm_R.c -o ztrmm_RTUU.o
cc -c -O2 -DMAX_STACK_ALLOC=2048 -Wall -m64 -DF_INTERFACE_GFORT -fPIC -DNO_LAPACK -DNO_LAPACKE -DSMP_SERVER -DNO_WARMUP -DMAX_CPU_NUMBER=4 -DMAX_PARALLEL_NUMBER=1 -DBUILD_SINGLE=1 -DBUILD_DOUBLE=1 -DBUILD_COMPLEX=1 -DBUILD_COMPLEX16=1 -DVERSION=\"0.3.17.dev\" -msse3 -mssse3 -msse4.1 -mavx -mavx2 -mavx2 -UASMNAME -UASMFNAME -UNAME -UCNAME -UCHAR_NAME -UCHAR_CNAME -DASMNAME=ztrmm_RTUN -DASMFNAME=ztrmm_RTUN_ -DNAME=ztrmm_RTUN_ -DCNAME=ztrmm_RTUN -DCHAR_NAME=\"ztrmm_RTUN_\" -DCHAR_CNAME=\"ztrmm_RTUN\" -DNO_AFFINITY -I../.. -DDOUBLE  -DCOMPLEX -DCOMPLEX -DDOUBLE -DTRANSA -DUPPER -UUNIT -UCONJ trmm_R.c -o ztrmm_RTUN.o
cc -c -O2 -DMAX_STACK_ALLOC=2048 -Wall -m64 -DF_INTERFACE_GFORT -fPIC -DNO_LAPACK -DNO_LAPACKE -DSMP_SERVER -DNO_WARMUP -DMAX_CPU_NUMBER=4 -DMAX_PARALLEL_NUMBER=1 -DBUILD_SINGLE=1 -DBUILD_DOUBLE=1 -DBUILD_COMPLEX=1 -DBUILD_COMPLEX16=1 -DVERSION=\"0.3.17.dev\" -msse3 -mssse3 -msse4.1 -mavx -mavx2 -mavx2 -UASMNAME -UASMFNAME -UNAME -UCNAME -UCHAR_NAME -UCHAR_CNAME -DASMNAME=ztrmm_RTLU -DASMFNAME=ztrmm_RTLU_ -DNAME=ztrmm_RTLU_ -DCNAME=ztrmm_RTLU -DCHAR_NAME=\"ztrmm_RTLU_\" -DCHAR_CNAME=\"ztrmm_RTLU\" -DNO_AFFINITY -I../.. -DDOUBLE  -DCOMPLEX -DCOMPLEX -DDOUBLE -DTRANSA -UUPPER -DUNIT -UCONJ trmm_R.c -o ztrmm_RTLU.o
cc -c -O2 -DMAX_STACK_ALLOC=2048 -Wall -m64 -DF_INTERFACE_GFORT -fPIC -DNO_LAPACK -DNO_LAPACKE -DSMP_SERVER -DNO_WARMUP -DMAX_CPU_NUMBER=4 -DMAX_PARALLEL_NUMBER=1 -DBUILD_SINGLE=1 -DBUILD_DOUBLE=1 -DBUILD_COMPLEX=1 -DBUILD_COMPLEX16=1 -DVERSION=\"0.3.17.dev\" -msse3 -mssse3 -msse4.1 -mavx -mavx2 -mavx2 -UASMNAME -UASMFNAME -UNAME -UCNAME -UCHAR_NAME -UCHAR_CNAME -DASMNAME=ztrmm_RTLN -DASMFNAME=ztrmm_RTLN_ -DNAME=ztrmm_RTLN_ -DCNAME=ztrmm_RTLN -DCHAR_NAME=\"ztrmm_RTLN_\" -DCHAR_CNAME=\"ztrmm_RTLN\" -DNO_AFFINITY -I../.. -DDOUBLE  -DCOMPLEX -DCOMPLEX -DDOUBLE -DTRANSA -UUPPER -UUNIT -UCONJ trmm_R.c -o ztrmm_RTLN.o
cc -c -O2 -DMAX_STACK_ALLOC=2048 -Wall -m64 -DF_INTERFACE_GFORT -fPIC -DNO_LAPACK -DNO_LAPACKE -DSMP_SERVER -DNO_WARMUP -DMAX_CPU_NUMBER=4 -DMAX_PARALLEL_NUMBER=1 -DBUILD_SINGLE=1 -DBUILD_DOUBLE=1 -DBUILD_COMPLEX=1 -DBUILD_COMPLEX16=1 -DVERSION=\"0.3.17.dev\" -msse3 -mssse3 -msse4.1 -mavx -mavx2 -mavx2 -UASMNAME -UASMFNAME -UNAME -UCNAME -UCHAR_NAME -UCHAR_CNAME -DASMNAME=ztrmm_RRUU -DASMFNAME=ztrmm_RRUU_ -DNAME=ztrmm_RRUU_ -DCNAME=ztrmm_RRUU -DCHAR_NAME=\"ztrmm_RRUU_\" -DCHAR_CNAME=\"ztrmm_RRUU\" -DNO_AFFINITY -I../.. -DDOUBLE  -DCOMPLEX -DCOMPLEX -DDOUBLE -UTRANSA -DUPPER -DUNIT -DCONJ trmm_R.c -o ztrmm_RRUU.o
cc -c -O2 -DMAX_STACK_ALLOC=2048 -Wall -m64 -DF_INTERFACE_GFORT -fPIC -DNO_LAPACK -DNO_LAPACKE -DSMP_SERVER -DNO_WARMUP -DMAX_CPU_NUMBER=4 -DMAX_PARALLEL_NUMBER=1 -DBUILD_SINGLE=1 -DBUILD_DOUBLE=1 -DBUILD_COMPLEX=1 -DBUILD_COMPLEX16=1 -DVERSION=\"0.3.17.dev\" -msse3 -mssse3 -msse4.1 -mavx -mavx2 -mavx2 -UASMNAME -UASMFNAME -UNAME -UCNAME -UCHAR_NAME -UCHAR_CNAME -DASMNAME=ztrmm_RRUN -DASMFNAME=ztrmm_RRUN_ -DNAME=ztrmm_RRUN_ -DCNAME=ztrmm_RRUN -DCHAR_NAME=\"ztrmm_RRUN_\" -DCHAR_CNAME=\"ztrmm_RRUN\" -DNO_AFFINITY -I../.. -DDOUBLE  -DCOMPLEX -DCOMPLEX -DDOUBLE -UTRANSA -DUPPER -UUNIT -DCONJ trmm_R.c -o ztrmm_RRUN.o
cc -c -O2 -DMAX_STACK_ALLOC=2048 -Wall -m64 -DF_INTERFACE_GFORT -fPIC -DNO_LAPACK -DNO_LAPACKE -DSMP_SERVER -DNO_WARMUP -DMAX_CPU_NUMBER=4 -DMAX_PARALLEL_NUMBER=1 -DBUILD_SINGLE=1 -DBUILD_DOUBLE=1 -DBUILD_COMPLEX=1 -DBUILD_COMPLEX16=1 -DVERSION=\"0.3.17.dev\" -msse3 -mssse3 -msse4.1 -mavx -mavx2 -mavx2 -UASMNAME -UASMFNAME -UNAME -UCNAME -UCHAR_NAME -UCHAR_CNAME -DASMNAME=ztrmm_RRLU -DASMFNAME=ztrmm_RRLU_ -DNAME=ztrmm_RRLU_ -DCNAME=ztrmm_RRLU -DCHAR_NAME=\"ztrmm_RRLU_\" -DCHAR_CNAME=\"ztrmm_RRLU\" -DNO_AFFINITY -I../.. -DDOUBLE  -DCOMPLEX -DCOMPLEX -DDOUBLE -UTRANSA -UUPPER -DUNIT -DCONJ trmm_R.c -o ztrmm_RRLU.o
cc -c -O2 -DMAX_STACK_ALLOC=2048 -Wall -m64 -DF_INTERFACE_GFORT -fPIC -DNO_LAPACK -DNO_LAPACKE -DSMP_SERVER -DNO_WARMUP -DMAX_CPU_NUMBER=4 -DMAX_PARALLEL_NUMBER=1 -DBUILD_SINGLE=1 -DBUILD_DOUBLE=1 -DBUILD_COMPLEX=1 -DBUILD_COMPLEX16=1 -DVERSION=\"0.3.17.dev\" -msse3 -mssse3 -msse4.1 -mavx -mavx2 -mavx2 -UASMNAME -UASMFNAME -UNAME -UCNAME -UCHAR_NAME -UCHAR_CNAME -DASMNAME=ztrmm_RRLN -DASMFNAME=ztrmm_RRLN_ -DNAME=ztrmm_RRLN_ -DCNAME=ztrmm_RRLN -DCHAR_NAME=\"ztrmm_RRLN_\" -DCHAR_CNAME=\"ztrmm_RRLN\" -DNO_AFFINITY -I../.. -DDOUBLE  -DCOMPLEX -DCOMPLEX -DDOUBLE -UTRANSA -UUPPER -UUNIT -DCONJ trmm_R.c -o ztrmm_RRLN.o
cc -c -O2 -DMAX_STACK_ALLOC=2048 -Wall -m64 -DF_INTERFACE_GFORT -fPIC -DNO_LAPACK -DNO_LAPACKE -DSMP_SERVER -DNO_WARMUP -DMAX_CPU_NUMBER=4 -DMAX_PARALLEL_NUMBER=1 -DBUILD_SINGLE=1 -DBUILD_DOUBLE=1 -DBUILD_COMPLEX=1 -DBUILD_COMPLEX16=1 -DVERSION=\"0.3.17.dev\" -msse3 -mssse3 -msse4.1 -mavx -mavx2 -mavx2 -UASMNAME -UASMFNAME -UNAME -UCNAME -UCHAR_NAME -UCHAR_CNAME -DASMNAME=ztrmm_RCUU -DASMFNAME=ztrmm_RCUU_ -DNAME=ztrmm_RCUU_ -DCNAME=ztrmm_RCUU -DCHAR_NAME=\"ztrmm_RCUU_\" -DCHAR_CNAME=\"ztrmm_RCUU\" -DNO_AFFINITY -I../.. -DDOUBLE  -DCOMPLEX -DCOMPLEX -DDOUBLE -DTRANSA -DUPPER -DUNIT -DCONJ trmm_R.c -o ztrmm_RCUU.o
cc -c -O2 -DMAX_STACK_ALLOC=2048 -Wall -m64 -DF_INTERFACE_GFORT -fPIC -DNO_LAPACK -DNO_LAPACKE -DSMP_SERVER -DNO_WARMUP -DMAX_CPU_NUMBER=4 -DMAX_PARALLEL_NUMBER=1 -DBUILD_SINGLE=1 -DBUILD_DOUBLE=1 -DBUILD_COMPLEX=1 -DBUILD_COMPLEX16=1 -DVERSION=\"0.3.17.dev\" -msse3 -mssse3 -msse4.1 -mavx -mavx2 -mavx2 -UASMNAME -UASMFNAME -UNAME -UCNAME -UCHAR_NAME -UCHAR_CNAME -DASMNAME=ztrmm_RCUN -DASMFNAME=ztrmm_RCUN_ -DNAME=ztrmm_RCUN_ -DCNAME=ztrmm_RCUN -DCHAR_NAME=\"ztrmm_RCUN_\" -DCHAR_CNAME=\"ztrmm_RCUN\" -DNO_AFFINITY -I../.. -DDOUBLE  -DCOMPLEX -DCOMPLEX -DDOUBLE -DTRANSA -DUPPER -UUNIT -DCONJ trmm_R.c -o ztrmm_RCUN.o
cc -c -O2 -DMAX_STACK_ALLOC=2048 -Wall -m64 -DF_INTERFACE_GFORT -fPIC -DNO_LAPACK -DNO_LAPACKE -DSMP_SERVER -DNO_WARMUP -DMAX_CPU_NUMBER=4 -DMAX_PARALLEL_NUMBER=1 -DBUILD_SINGLE=1 -DBUILD_DOUBLE=1 -DBUILD_COMPLEX=1 -DBUILD_COMPLEX16=1 -DVERSION=\"0.3.17.dev\" -msse3 -mssse3 -msse4.1 -mavx -mavx2 -mavx2 -UASMNAME -UASMFNAME -UNAME -UCNAME -UCHAR_NAME -UCHAR_CNAME -DASMNAME=ztrmm_RCLU -DASMFNAME=ztrmm_RCLU_ -DNAME=ztrmm_RCLU_ -DCNAME=ztrmm_RCLU -DCHAR_NAME=\"ztrmm_RCLU_\" -DCHAR_CNAME=\"ztrmm_RCLU\" -DNO_AFFINITY -I../.. -DDOUBLE  -DCOMPLEX -DCOMPLEX -DDOUBLE -DTRANSA -UUPPER -DUNIT -DCONJ trmm_R.c -o ztrmm_RCLU.o
cc -c -O2 -DMAX_STACK_ALLOC=2048 -Wall -m64 -DF_INTERFACE_GFORT -fPIC -DNO_LAPACK -DNO_LAPACKE -DSMP_SERVER -DNO_WARMUP -DMAX_CPU_NUMBER=4 -DMAX_PARALLEL_NUMBER=1 -DBUILD_SINGLE=1 -DBUILD_DOUBLE=1 -DBUILD_COMPLEX=1 -DBUILD_COMPLEX16=1 -DVERSION=\"0.3.17.dev\" -msse3 -mssse3 -msse4.1 -mavx -mavx2 -mavx2 -UASMNAME -UASMFNAME -UNAME -UCNAME -UCHAR_NAME -UCHAR_CNAME -DASMNAME=ztrmm_RCLN -DASMFNAME=ztrmm_RCLN_ -DNAME=ztrmm_RCLN_ -DCNAME=ztrmm_RCLN -DCHAR_NAME=\"ztrmm_RCLN_\" -DCHAR_CNAME=\"ztrmm_RCLN\" -DNO_AFFINITY -I../.. -DDOUBLE  -DCOMPLEX -DCOMPLEX -DDOUBLE -DTRANSA -UUPPER -UUNIT -DCONJ trmm_R.c -o ztrmm_RCLN.o
cc -c -O2 -DMAX_STACK_ALLOC=2048 -Wall -m64 -DF_INTERFACE_GFORT -fPIC -DNO_LAPACK -DNO_LAPACKE -DSMP_SERVER -DNO_WARMUP -DMAX_CPU_NUMBER=4 -DMAX_PARALLEL_NUMBER=1 -DBUILD_SINGLE=1 -DBUILD_DOUBLE=1 -DBUILD_COMPLEX=1 -DBUILD_COMPLEX16=1 -DVERSION=\"0.3.17.dev\" -msse3 -mssse3 -msse4.1 -mavx -mavx2 -mavx2 -UASMNAME -UASMFNAME -UNAME -UCNAME -UCHAR_NAME -UCHAR_CNAME -DASMNAME=ztrsm_LNUU -DASMFNAME=ztrsm_LNUU_ -DNAME=ztrsm_LNUU_ -DCNAME=ztrsm_LNUU -DCHAR_NAME=\"ztrsm_LNUU_\" -DCHAR_CNAME=\"ztrsm_LNUU\" -DNO_AFFINITY -I../.. -DDOUBLE  -DCOMPLEX -DCOMPLEX -DDOUBLE -UTRANSA -DUPPER -DUNIT -UCONJ trsm_L.c -o ztrsm_LNUU.o
cc -c -O2 -DMAX_STACK_ALLOC=2048 -Wall -m64 -DF_INTERFACE_GFORT -fPIC -DNO_LAPACK -DNO_LAPACKE -DSMP_SERVER -DNO_WARMUP -DMAX_CPU_NUMBER=4 -DMAX_PARALLEL_NUMBER=1 -DBUILD_SINGLE=1 -DBUILD_DOUBLE=1 -DBUILD_COMPLEX=1 -DBUILD_COMPLEX16=1 -DVERSION=\"0.3.17.dev\" -msse3 -mssse3 -msse4.1 -mavx -mavx2 -mavx2 -UASMNAME -UASMFNAME -UNAME -UCNAME -UCHAR_NAME -UCHAR_CNAME -DASMNAME=ztrsm_LNUN -DASMFNAME=ztrsm_LNUN_ -DNAME=ztrsm_LNUN_ -DCNAME=ztrsm_LNUN -DCHAR_NAME=\"ztrsm_LNUN_\" -DCHAR_CNAME=\"ztrsm_LNUN\" -DNO_AFFINITY -I../.. -DDOUBLE  -DCOMPLEX -DCOMPLEX -DDOUBLE -UTRANSA -DUPPER -UUNIT -UCONJ trsm_L.c -o ztrsm_LNUN.o
cc -c -O2 -DMAX_STACK_ALLOC=2048 -Wall -m64 -DF_INTERFACE_GFORT -fPIC -DNO_LAPACK -DNO_LAPACKE -DSMP_SERVER -DNO_WARMUP -DMAX_CPU_NUMBER=4 -DMAX_PARALLEL_NUMBER=1 -DBUILD_SINGLE=1 -DBUILD_DOUBLE=1 -DBUILD_COMPLEX=1 -DBUILD_COMPLEX16=1 -DVERSION=\"0.3.17.dev\" -msse3 -mssse3 -msse4.1 -mavx -mavx2 -mavx2 -UASMNAME -UASMFNAME -UNAME -UCNAME -UCHAR_NAME -UCHAR_CNAME -DASMNAME=ztrsm_LNLU -DASMFNAME=ztrsm_LNLU_ -DNAME=ztrsm_LNLU_ -DCNAME=ztrsm_LNLU -DCHAR_NAME=\"ztrsm_LNLU_\" -DCHAR_CNAME=\"ztrsm_LNLU\" -DNO_AFFINITY -I../.. -DDOUBLE  -DCOMPLEX -DCOMPLEX -DDOUBLE -UTRANSA -UUPPER -DUNIT -UCONJ trsm_L.c -o ztrsm_LNLU.o
cc -c -O2 -DMAX_STACK_ALLOC=2048 -Wall -m64 -DF_INTERFACE_GFORT -fPIC -DNO_LAPACK -DNO_LAPACKE -DSMP_SERVER -DNO_WARMUP -DMAX_CPU_NUMBER=4 -DMAX_PARALLEL_NUMBER=1 -DBUILD_SINGLE=1 -DBUILD_DOUBLE=1 -DBUILD_COMPLEX=1 -DBUILD_COMPLEX16=1 -DVERSION=\"0.3.17.dev\" -msse3 -mssse3 -msse4.1 -mavx -mavx2 -mavx2 -UASMNAME -UASMFNAME -UNAME -UCNAME -UCHAR_NAME -UCHAR_CNAME -DASMNAME=ztrsm_LNLN -DASMFNAME=ztrsm_LNLN_ -DNAME=ztrsm_LNLN_ -DCNAME=ztrsm_LNLN -DCHAR_NAME=\"ztrsm_LNLN_\" -DCHAR_CNAME=\"ztrsm_LNLN\" -DNO_AFFINITY -I../.. -DDOUBLE  -DCOMPLEX -DCOMPLEX -DDOUBLE -UTRANSA -UUPPER -UUNIT -UCONJ trsm_L.c -o ztrsm_LNLN.o
cc -c -O2 -DMAX_STACK_ALLOC=2048 -Wall -m64 -DF_INTERFACE_GFORT -fPIC -DNO_LAPACK -DNO_LAPACKE -DSMP_SERVER -DNO_WARMUP -DMAX_CPU_NUMBER=4 -DMAX_PARALLEL_NUMBER=1 -DBUILD_SINGLE=1 -DBUILD_DOUBLE=1 -DBUILD_COMPLEX=1 -DBUILD_COMPLEX16=1 -DVERSION=\"0.3.17.dev\" -msse3 -mssse3 -msse4.1 -mavx -mavx2 -mavx2 -UASMNAME -UASMFNAME -UNAME -UCNAME -UCHAR_NAME -UCHAR_CNAME -DASMNAME=ztrsm_LTUU -DASMFNAME=ztrsm_LTUU_ -DNAME=ztrsm_LTUU_ -DCNAME=ztrsm_LTUU -DCHAR_NAME=\"ztrsm_LTUU_\" -DCHAR_CNAME=\"ztrsm_LTUU\" -DNO_AFFINITY -I../.. -DDOUBLE  -DCOMPLEX -DCOMPLEX -DDOUBLE -DTRANSA -DUPPER -DUNIT -UCONJ trsm_L.c -o ztrsm_LTUU.o
cc -c -O2 -DMAX_STACK_ALLOC=2048 -Wall -m64 -DF_INTERFACE_GFORT -fPIC -DNO_LAPACK -DNO_LAPACKE -DSMP_SERVER -DNO_WARMUP -DMAX_CPU_NUMBER=4 -DMAX_PARALLEL_NUMBER=1 -DBUILD_SINGLE=1 -DBUILD_DOUBLE=1 -DBUILD_COMPLEX=1 -DBUILD_COMPLEX16=1 -DVERSION=\"0.3.17.dev\" -msse3 -mssse3 -msse4.1 -mavx -mavx2 -mavx2 -UASMNAME -UASMFNAME -UNAME -UCNAME -UCHAR_NAME -UCHAR_CNAME -DASMNAME=ztrsm_LTUN -DASMFNAME=ztrsm_LTUN_ -DNAME=ztrsm_LTUN_ -DCNAME=ztrsm_LTUN -DCHAR_NAME=\"ztrsm_LTUN_\" -DCHAR_CNAME=\"ztrsm_LTUN\" -DNO_AFFINITY -I../.. -DDOUBLE  -DCOMPLEX -DCOMPLEX -DDOUBLE -DTRANSA -DUPPER -UUNIT -UCONJ trsm_L.c -o ztrsm_LTUN.o
cc -c -O2 -DMAX_STACK_ALLOC=2048 -Wall -m64 -DF_INTERFACE_GFORT -fPIC -DNO_LAPACK -DNO_LAPACKE -DSMP_SERVER -DNO_WARMUP -DMAX_CPU_NUMBER=4 -DMAX_PARALLEL_NUMBER=1 -DBUILD_SINGLE=1 -DBUILD_DOUBLE=1 -DBUILD_COMPLEX=1 -DBUILD_COMPLEX16=1 -DVERSION=\"0.3.17.dev\" -msse3 -mssse3 -msse4.1 -mavx -mavx2 -mavx2 -UASMNAME -UASMFNAME -UNAME -UCNAME -UCHAR_NAME -UCHAR_CNAME -DASMNAME=ztrsm_LTLU -DASMFNAME=ztrsm_LTLU_ -DNAME=ztrsm_LTLU_ -DCNAME=ztrsm_LTLU -DCHAR_NAME=\"ztrsm_LTLU_\" -DCHAR_CNAME=\"ztrsm_LTLU\" -DNO_AFFINITY -I../.. -DDOUBLE  -DCOMPLEX -DCOMPLEX -DDOUBLE -DTRANSA -UUPPER -DUNIT -UCONJ trsm_L.c -o ztrsm_LTLU.o
cc -c -O2 -DMAX_STACK_ALLOC=2048 -Wall -m64 -DF_INTERFACE_GFORT -fPIC -DNO_LAPACK -DNO_LAPACKE -DSMP_SERVER -DNO_WARMUP -DMAX_CPU_NUMBER=4 -DMAX_PARALLEL_NUMBER=1 -DBUILD_SINGLE=1 -DBUILD_DOUBLE=1 -DBUILD_COMPLEX=1 -DBUILD_COMPLEX16=1 -DVERSION=\"0.3.17.dev\" -msse3 -mssse3 -msse4.1 -mavx -mavx2 -mavx2 -UASMNAME -UASMFNAME -UNAME -UCNAME -UCHAR_NAME -UCHAR_CNAME -DASMNAME=ztrsm_LTLN -DASMFNAME=ztrsm_LTLN_ -DNAME=ztrsm_LTLN_ -DCNAME=ztrsm_LTLN -DCHAR_NAME=\"ztrsm_LTLN_\" -DCHAR_CNAME=\"ztrsm_LTLN\" -DNO_AFFINITY -I../.. -DDOUBLE  -DCOMPLEX -DCOMPLEX -DDOUBLE -DTRANSA -UUPPER -UUNIT -UCONJ trsm_L.c -o ztrsm_LTLN.o
cc -c -O2 -DMAX_STACK_ALLOC=2048 -Wall -m64 -DF_INTERFACE_GFORT -fPIC -DNO_LAPACK -DNO_LAPACKE -DSMP_SERVER -DNO_WARMUP -DMAX_CPU_NUMBER=4 -DMAX_PARALLEL_NUMBER=1 -DBUILD_SINGLE=1 -DBUILD_DOUBLE=1 -DBUILD_COMPLEX=1 -DBUILD_COMPLEX16=1 -DVERSION=\"0.3.17.dev\" -msse3 -mssse3 -msse4.1 -mavx -mavx2 -mavx2 -UASMNAME -UASMFNAME -UNAME -UCNAME -UCHAR_NAME -UCHAR_CNAME -DASMNAME=ztrsm_LRUU -DASMFNAME=ztrsm_LRUU_ -DNAME=ztrsm_LRUU_ -DCNAME=ztrsm_LRUU -DCHAR_NAME=\"ztrsm_LRUU_\" -DCHAR_CNAME=\"ztrsm_LRUU\" -DNO_AFFINITY -I../.. -DDOUBLE  -DCOMPLEX -DCOMPLEX -DDOUBLE -UTRANSA -DUPPER -DUNIT -DCONJ trsm_L.c -o ztrsm_LRUU.o
cc -c -O2 -DMAX_STACK_ALLOC=2048 -Wall -m64 -DF_INTERFACE_GFORT -fPIC -DNO_LAPACK -DNO_LAPACKE -DSMP_SERVER -DNO_WARMUP -DMAX_CPU_NUMBER=4 -DMAX_PARALLEL_NUMBER=1 -DBUILD_SINGLE=1 -DBUILD_DOUBLE=1 -DBUILD_COMPLEX=1 -DBUILD_COMPLEX16=1 -DVERSION=\"0.3.17.dev\" -msse3 -mssse3 -msse4.1 -mavx -mavx2 -mavx2 -UASMNAME -UASMFNAME -UNAME -UCNAME -UCHAR_NAME -UCHAR_CNAME -DASMNAME=ztrsm_LRUN -DASMFNAME=ztrsm_LRUN_ -DNAME=ztrsm_LRUN_ -DCNAME=ztrsm_LRUN -DCHAR_NAME=\"ztrsm_LRUN_\" -DCHAR_CNAME=\"ztrsm_LRUN\" -DNO_AFFINITY -I../.. -DDOUBLE  -DCOMPLEX -DCOMPLEX -DDOUBLE -UTRANSA -DUPPER -UUNIT -DCONJ trsm_L.c -o ztrsm_LRUN.o
cc -c -O2 -DMAX_STACK_ALLOC=2048 -Wall -m64 -DF_INTERFACE_GFORT -fPIC -DNO_LAPACK -DNO_LAPACKE -DSMP_SERVER -DNO_WARMUP -DMAX_CPU_NUMBER=4 -DMAX_PARALLEL_NUMBER=1 -DBUILD_SINGLE=1 -DBUILD_DOUBLE=1 -DBUILD_COMPLEX=1 -DBUILD_COMPLEX16=1 -DVERSION=\"0.3.17.dev\" -msse3 -mssse3 -msse4.1 -mavx -mavx2 -mavx2 -UASMNAME -UASMFNAME -UNAME -UCNAME -UCHAR_NAME -UCHAR_CNAME -DASMNAME=ztrsm_LRLU -DASMFNAME=ztrsm_LRLU_ -DNAME=ztrsm_LRLU_ -DCNAME=ztrsm_LRLU -DCHAR_NAME=\"ztrsm_LRLU_\" -DCHAR_CNAME=\"ztrsm_LRLU\" -DNO_AFFINITY -I../.. -DDOUBLE  -DCOMPLEX -DCOMPLEX -DDOUBLE -UTRANSA -UUPPER -DUNIT -DCONJ trsm_L.c -o ztrsm_LRLU.o
cc -c -O2 -DMAX_STACK_ALLOC=2048 -Wall -m64 -DF_INTERFACE_GFORT -fPIC -DNO_LAPACK -DNO_LAPACKE -DSMP_SERVER -DNO_WARMUP -DMAX_CPU_NUMBER=4 -DMAX_PARALLEL_NUMBER=1 -DBUILD_SINGLE=1 -DBUILD_DOUBLE=1 -DBUILD_COMPLEX=1 -DBUILD_COMPLEX16=1 -DVERSION=\"0.3.17.dev\" -msse3 -mssse3 -msse4.1 -mavx -mavx2 -mavx2 -UASMNAME -UASMFNAME -UNAME -UCNAME -UCHAR_NAME -UCHAR_CNAME -DASMNAME=ztrsm_LRLN -DASMFNAME=ztrsm_LRLN_ -DNAME=ztrsm_LRLN_ -DCNAME=ztrsm_LRLN -DCHAR_NAME=\"ztrsm_LRLN_\" -DCHAR_CNAME=\"ztrsm_LRLN\" -DNO_AFFINITY -I../.. -DDOUBLE  -DCOMPLEX -DCOMPLEX -DDOUBLE -UTRANSA -UUPPER -UUNIT -DCONJ trsm_L.c -o ztrsm_LRLN.o
cc -c -O2 -DMAX_STACK_ALLOC=2048 -Wall -m64 -DF_INTERFACE_GFORT -fPIC -DNO_LAPACK -DNO_LAPACKE -DSMP_SERVER -DNO_WARMUP -DMAX_CPU_NUMBER=4 -DMAX_PARALLEL_NUMBER=1 -DBUILD_SINGLE=1 -DBUILD_DOUBLE=1 -DBUILD_COMPLEX=1 -DBUILD_COMPLEX16=1 -DVERSION=\"0.3.17.dev\" -msse3 -mssse3 -msse4.1 -mavx -mavx2 -mavx2 -UASMNAME -UASMFNAME -UNAME -UCNAME -UCHAR_NAME -UCHAR_CNAME -DASMNAME=ztrsm_LCUU -DASMFNAME=ztrsm_LCUU_ -DNAME=ztrsm_LCUU_ -DCNAME=ztrsm_LCUU -DCHAR_NAME=\"ztrsm_LCUU_\" -DCHAR_CNAME=\"ztrsm_LCUU\" -DNO_AFFINITY -I../.. -DDOUBLE  -DCOMPLEX -DCOMPLEX -DDOUBLE -DTRANSA -DUPPER -DUNIT -DCONJ trsm_L.c -o ztrsm_LCUU.o
cc -c -O2 -DMAX_STACK_ALLOC=2048 -Wall -m64 -DF_INTERFACE_GFORT -fPIC -DNO_LAPACK -DNO_LAPACKE -DSMP_SERVER -DNO_WARMUP -DMAX_CPU_NUMBER=4 -DMAX_PARALLEL_NUMBER=1 -DBUILD_SINGLE=1 -DBUILD_DOUBLE=1 -DBUILD_COMPLEX=1 -DBUILD_COMPLEX16=1 -DVERSION=\"0.3.17.dev\" -msse3 -mssse3 -msse4.1 -mavx -mavx2 -mavx2 -UASMNAME -UASMFNAME -UNAME -UCNAME -UCHAR_NAME -UCHAR_CNAME -DASMNAME=ztrsm_LCUN -DASMFNAME=ztrsm_LCUN_ -DNAME=ztrsm_LCUN_ -DCNAME=ztrsm_LCUN -DCHAR_NAME=\"ztrsm_LCUN_\" -DCHAR_CNAME=\"ztrsm_LCUN\" -DNO_AFFINITY -I../.. -DDOUBLE  -DCOMPLEX -DCOMPLEX -DDOUBLE -DTRANSA -DUPPER -UUNIT -DCONJ trsm_L.c -o ztrsm_LCUN.o
cc -c -O2 -DMAX_STACK_ALLOC=2048 -Wall -m64 -DF_INTERFACE_GFORT -fPIC -DNO_LAPACK -DNO_LAPACKE -DSMP_SERVER -DNO_WARMUP -DMAX_CPU_NUMBER=4 -DMAX_PARALLEL_NUMBER=1 -DBUILD_SINGLE=1 -DBUILD_DOUBLE=1 -DBUILD_COMPLEX=1 -DBUILD_COMPLEX16=1 -DVERSION=\"0.3.17.dev\" -msse3 -mssse3 -msse4.1 -mavx -mavx2 -mavx2 -UASMNAME -UASMFNAME -UNAME -UCNAME -UCHAR_NAME -UCHAR_CNAME -DASMNAME=ztrsm_LCLU -DASMFNAME=ztrsm_LCLU_ -DNAME=ztrsm_LCLU_ -DCNAME=ztrsm_LCLU -DCHAR_NAME=\"ztrsm_LCLU_\" -DCHAR_CNAME=\"ztrsm_LCLU\" -DNO_AFFINITY -I../.. -DDOUBLE  -DCOMPLEX -DCOMPLEX -DDOUBLE -DTRANSA -UUPPER -DUNIT -DCONJ trsm_L.c -o ztrsm_LCLU.o
cc -c -O2 -DMAX_STACK_ALLOC=2048 -Wall -m64 -DF_INTERFACE_GFORT -fPIC -DNO_LAPACK -DNO_LAPACKE -DSMP_SERVER -DNO_WARMUP -DMAX_CPU_NUMBER=4 -DMAX_PARALLEL_NUMBER=1 -DBUILD_SINGLE=1 -DBUILD_DOUBLE=1 -DBUILD_COMPLEX=1 -DBUILD_COMPLEX16=1 -DVERSION=\"0.3.17.dev\" -msse3 -mssse3 -msse4.1 -mavx -mavx2 -mavx2 -UASMNAME -UASMFNAME -UNAME -UCNAME -UCHAR_NAME -UCHAR_CNAME -DASMNAME=ztrsm_LCLN -DASMFNAME=ztrsm_LCLN_ -DNAME=ztrsm_LCLN_ -DCNAME=ztrsm_LCLN -DCHAR_NAME=\"ztrsm_LCLN_\" -DCHAR_CNAME=\"ztrsm_LCLN\" -DNO_AFFINITY -I../.. -DDOUBLE  -DCOMPLEX -DCOMPLEX -DDOUBLE -DTRANSA -UUPPER -UUNIT -DCONJ trsm_L.c -o ztrsm_LCLN.o
cc -c -O2 -DMAX_STACK_ALLOC=2048 -Wall -m64 -DF_INTERFACE_GFORT -fPIC -DNO_LAPACK -DNO_LAPACKE -DSMP_SERVER -DNO_WARMUP -DMAX_CPU_NUMBER=4 -DMAX_PARALLEL_NUMBER=1 -DBUILD_SINGLE=1 -DBUILD_DOUBLE=1 -DBUILD_COMPLEX=1 -DBUILD_COMPLEX16=1 -DVERSION=\"0.3.17.dev\" -msse3 -mssse3 -msse4.1 -mavx -mavx2 -mavx2 -UASMNAME -UASMFNAME -UNAME -UCNAME -UCHAR_NAME -UCHAR_CNAME -DASMNAME=ztrsm_RNUU -DASMFNAME=ztrsm_RNUU_ -DNAME=ztrsm_RNUU_ -DCNAME=ztrsm_RNUU -DCHAR_NAME=\"ztrsm_RNUU_\" -DCHAR_CNAME=\"ztrsm_RNUU\" -DNO_AFFINITY -I../.. -DDOUBLE  -DCOMPLEX -DCOMPLEX -DDOUBLE -UTRANSA -DUPPER -DUNIT -UCONJ trsm_R.c -o ztrsm_RNUU.o
cc -c -O2 -DMAX_STACK_ALLOC=2048 -Wall -m64 -DF_INTERFACE_GFORT -fPIC -DNO_LAPACK -DNO_LAPACKE -DSMP_SERVER -DNO_WARMUP -DMAX_CPU_NUMBER=4 -DMAX_PARALLEL_NUMBER=1 -DBUILD_SINGLE=1 -DBUILD_DOUBLE=1 -DBUILD_COMPLEX=1 -DBUILD_COMPLEX16=1 -DVERSION=\"0.3.17.dev\" -msse3 -mssse3 -msse4.1 -mavx -mavx2 -mavx2 -UASMNAME -UASMFNAME -UNAME -UCNAME -UCHAR_NAME -UCHAR_CNAME -DASMNAME=ztrsm_RNUN -DASMFNAME=ztrsm_RNUN_ -DNAME=ztrsm_RNUN_ -DCNAME=ztrsm_RNUN -DCHAR_NAME=\"ztrsm_RNUN_\" -DCHAR_CNAME=\"ztrsm_RNUN\" -DNO_AFFINITY -I../.. -DDOUBLE  -DCOMPLEX -DCOMPLEX -DDOUBLE -UTRANSA -DUPPER -UUNIT -UCONJ trsm_R.c -o ztrsm_RNUN.o
cc -c -O2 -DMAX_STACK_ALLOC=2048 -Wall -m64 -DF_INTERFACE_GFORT -fPIC -DNO_LAPACK -DNO_LAPACKE -DSMP_SERVER -DNO_WARMUP -DMAX_CPU_NUMBER=4 -DMAX_PARALLEL_NUMBER=1 -DBUILD_SINGLE=1 -DBUILD_DOUBLE=1 -DBUILD_COMPLEX=1 -DBUILD_COMPLEX16=1 -DVERSION=\"0.3.17.dev\" -msse3 -mssse3 -msse4.1 -mavx -mavx2 -mavx2 -UASMNAME -UASMFNAME -UNAME -UCNAME -UCHAR_NAME -UCHAR_CNAME -DASMNAME=ztrsm_RNLU -DASMFNAME=ztrsm_RNLU_ -DNAME=ztrsm_RNLU_ -DCNAME=ztrsm_RNLU -DCHAR_NAME=\"ztrsm_RNLU_\" -DCHAR_CNAME=\"ztrsm_RNLU\" -DNO_AFFINITY -I../.. -DDOUBLE  -DCOMPLEX -DCOMPLEX -DDOUBLE -UTRANSA -UUPPER -DUNIT -UCONJ trsm_R.c -o ztrsm_RNLU.o
cc -c -O2 -DMAX_STACK_ALLOC=2048 -Wall -m64 -DF_INTERFACE_GFORT -fPIC -DNO_LAPACK -DNO_LAPACKE -DSMP_SERVER -DNO_WARMUP -DMAX_CPU_NUMBER=4 -DMAX_PARALLEL_NUMBER=1 -DBUILD_SINGLE=1 -DBUILD_DOUBLE=1 -DBUILD_COMPLEX=1 -DBUILD_COMPLEX16=1 -DVERSION=\"0.3.17.dev\" -msse3 -mssse3 -msse4.1 -mavx -mavx2 -mavx2 -UASMNAME -UASMFNAME -UNAME -UCNAME -UCHAR_NAME -UCHAR_CNAME -DASMNAME=ztrsm_RNLN -DASMFNAME=ztrsm_RNLN_ -DNAME=ztrsm_RNLN_ -DCNAME=ztrsm_RNLN -DCHAR_NAME=\"ztrsm_RNLN_\" -DCHAR_CNAME=\"ztrsm_RNLN\" -DNO_AFFINITY -I../.. -DDOUBLE  -DCOMPLEX -DCOMPLEX -DDOUBLE -UTRANSA -UUPPER -UUNIT -UCONJ trsm_R.c -o ztrsm_RNLN.o
cc -c -O2 -DMAX_STACK_ALLOC=2048 -Wall -m64 -DF_INTERFACE_GFORT -fPIC -DNO_LAPACK -DNO_LAPACKE -DSMP_SERVER -DNO_WARMUP -DMAX_CPU_NUMBER=4 -DMAX_PARALLEL_NUMBER=1 -DBUILD_SINGLE=1 -DBUILD_DOUBLE=1 -DBUILD_COMPLEX=1 -DBUILD_COMPLEX16=1 -DVERSION=\"0.3.17.dev\" -msse3 -mssse3 -msse4.1 -mavx -mavx2 -mavx2 -UASMNAME -UASMFNAME -UNAME -UCNAME -UCHAR_NAME -UCHAR_CNAME -DASMNAME=ztrsm_RTUU -DASMFNAME=ztrsm_RTUU_ -DNAME=ztrsm_RTUU_ -DCNAME=ztrsm_RTUU -DCHAR_NAME=\"ztrsm_RTUU_\" -DCHAR_CNAME=\"ztrsm_RTUU\" -DNO_AFFINITY -I../.. -DDOUBLE  -DCOMPLEX -DCOMPLEX -DDOUBLE -DTRANSA -DUPPER -DUNIT -UCONJ trsm_R.c -o ztrsm_RTUU.o
cc -c -O2 -DMAX_STACK_ALLOC=2048 -Wall -m64 -DF_INTERFACE_GFORT -fPIC -DNO_LAPACK -DNO_LAPACKE -DSMP_SERVER -DNO_WARMUP -DMAX_CPU_NUMBER=4 -DMAX_PARALLEL_NUMBER=1 -DBUILD_SINGLE=1 -DBUILD_DOUBLE=1 -DBUILD_COMPLEX=1 -DBUILD_COMPLEX16=1 -DVERSION=\"0.3.17.dev\" -msse3 -mssse3 -msse4.1 -mavx -mavx2 -mavx2 -UASMNAME -UASMFNAME -UNAME -UCNAME -UCHAR_NAME -UCHAR_CNAME -DASMNAME=ztrsm_RTUN -DASMFNAME=ztrsm_RTUN_ -DNAME=ztrsm_RTUN_ -DCNAME=ztrsm_RTUN -DCHAR_NAME=\"ztrsm_RTUN_\" -DCHAR_CNAME=\"ztrsm_RTUN\" -DNO_AFFINITY -I../.. -DDOUBLE  -DCOMPLEX -DCOMPLEX -DDOUBLE -DTRANSA -DUPPER -UUNIT -UCONJ trsm_R.c -o ztrsm_RTUN.o
cc -c -O2 -DMAX_STACK_ALLOC=2048 -Wall -m64 -DF_INTERFACE_GFORT -fPIC -DNO_LAPACK -DNO_LAPACKE -DSMP_SERVER -DNO_WARMUP -DMAX_CPU_NUMBER=4 -DMAX_PARALLEL_NUMBER=1 -DBUILD_SINGLE=1 -DBUILD_DOUBLE=1 -DBUILD_COMPLEX=1 -DBUILD_COMPLEX16=1 -DVERSION=\"0.3.17.dev\" -msse3 -mssse3 -msse4.1 -mavx -mavx2 -mavx2 -UASMNAME -UASMFNAME -UNAME -UCNAME -UCHAR_NAME -UCHAR_CNAME -DASMNAME=ztrsm_RTLU -DASMFNAME=ztrsm_RTLU_ -DNAME=ztrsm_RTLU_ -DCNAME=ztrsm_RTLU -DCHAR_NAME=\"ztrsm_RTLU_\" -DCHAR_CNAME=\"ztrsm_RTLU\" -DNO_AFFINITY -I../.. -DDOUBLE  -DCOMPLEX -DCOMPLEX -DDOUBLE -DTRANSA -UUPPER -DUNIT -UCONJ trsm_R.c -o ztrsm_RTLU.o
cc -c -O2 -DMAX_STACK_ALLOC=2048 -Wall -m64 -DF_INTERFACE_GFORT -fPIC -DNO_LAPACK -DNO_LAPACKE -DSMP_SERVER -DNO_WARMUP -DMAX_CPU_NUMBER=4 -DMAX_PARALLEL_NUMBER=1 -DBUILD_SINGLE=1 -DBUILD_DOUBLE=1 -DBUILD_COMPLEX=1 -DBUILD_COMPLEX16=1 -DVERSION=\"0.3.17.dev\" -msse3 -mssse3 -msse4.1 -mavx -mavx2 -mavx2 -UASMNAME -UASMFNAME -UNAME -UCNAME -UCHAR_NAME -UCHAR_CNAME -DASMNAME=ztrsm_RTLN -DASMFNAME=ztrsm_RTLN_ -DNAME=ztrsm_RTLN_ -DCNAME=ztrsm_RTLN -DCHAR_NAME=\"ztrsm_RTLN_\" -DCHAR_CNAME=\"ztrsm_RTLN\" -DNO_AFFINITY -I../.. -DDOUBLE  -DCOMPLEX -DCOMPLEX -DDOUBLE -DTRANSA -UUPPER -UUNIT -UCONJ trsm_R.c -o ztrsm_RTLN.o
cc -c -O2 -DMAX_STACK_ALLOC=2048 -Wall -m64 -DF_INTERFACE_GFORT -fPIC -DNO_LAPACK -DNO_LAPACKE -DSMP_SERVER -DNO_WARMUP -DMAX_CPU_NUMBER=4 -DMAX_PARALLEL_NUMBER=1 -DBUILD_SINGLE=1 -DBUILD_DOUBLE=1 -DBUILD_COMPLEX=1 -DBUILD_COMPLEX16=1 -DVERSION=\"0.3.17.dev\" -msse3 -mssse3 -msse4.1 -mavx -mavx2 -mavx2 -UASMNAME -UASMFNAME -UNAME -UCNAME -UCHAR_NAME -UCHAR_CNAME -DASMNAME=ztrsm_RRUU -DASMFNAME=ztrsm_RRUU_ -DNAME=ztrsm_RRUU_ -DCNAME=ztrsm_RRUU -DCHAR_NAME=\"ztrsm_RRUU_\" -DCHAR_CNAME=\"ztrsm_RRUU\" -DNO_AFFINITY -I../.. -DDOUBLE  -DCOMPLEX -DCOMPLEX -DDOUBLE -UTRANSA -DUPPER -DUNIT -DCONJ trsm_R.c -o ztrsm_RRUU.o
cc -c -O2 -DMAX_STACK_ALLOC=2048 -Wall -m64 -DF_INTERFACE_GFORT -fPIC -DNO_LAPACK -DNO_LAPACKE -DSMP_SERVER -DNO_WARMUP -DMAX_CPU_NUMBER=4 -DMAX_PARALLEL_NUMBER=1 -DBUILD_SINGLE=1 -DBUILD_DOUBLE=1 -DBUILD_COMPLEX=1 -DBUILD_COMPLEX16=1 -DVERSION=\"0.3.17.dev\" -msse3 -mssse3 -msse4.1 -mavx -mavx2 -mavx2 -UASMNAME -UASMFNAME -UNAME -UCNAME -UCHAR_NAME -UCHAR_CNAME -DASMNAME=ztrsm_RRUN -DASMFNAME=ztrsm_RRUN_ -DNAME=ztrsm_RRUN_ -DCNAME=ztrsm_RRUN -DCHAR_NAME=\"ztrsm_RRUN_\" -DCHAR_CNAME=\"ztrsm_RRUN\" -DNO_AFFINITY -I../.. -DDOUBLE  -DCOMPLEX -DCOMPLEX -DDOUBLE -UTRANSA -DUPPER -UUNIT -DCONJ trsm_R.c -o ztrsm_RRUN.o
cc -c -O2 -DMAX_STACK_ALLOC=2048 -Wall -m64 -DF_INTERFACE_GFORT -fPIC -DNO_LAPACK -DNO_LAPACKE -DSMP_SERVER -DNO_WARMUP -DMAX_CPU_NUMBER=4 -DMAX_PARALLEL_NUMBER=1 -DBUILD_SINGLE=1 -DBUILD_DOUBLE=1 -DBUILD_COMPLEX=1 -DBUILD_COMPLEX16=1 -DVERSION=\"0.3.17.dev\" -msse3 -mssse3 -msse4.1 -mavx -mavx2 -mavx2 -UASMNAME -UASMFNAME -UNAME -UCNAME -UCHAR_NAME -UCHAR_CNAME -DASMNAME=ztrsm_RRLU -DASMFNAME=ztrsm_RRLU_ -DNAME=ztrsm_RRLU_ -DCNAME=ztrsm_RRLU -DCHAR_NAME=\"ztrsm_RRLU_\" -DCHAR_CNAME=\"ztrsm_RRLU\" -DNO_AFFINITY -I../.. -DDOUBLE  -DCOMPLEX -DCOMPLEX -DDOUBLE -UTRANSA -UUPPER -DUNIT -DCONJ trsm_R.c -o ztrsm_RRLU.o
cc -c -O2 -DMAX_STACK_ALLOC=2048 -Wall -m64 -DF_INTERFACE_GFORT -fPIC -DNO_LAPACK -DNO_LAPACKE -DSMP_SERVER -DNO_WARMUP -DMAX_CPU_NUMBER=4 -DMAX_PARALLEL_NUMBER=1 -DBUILD_SINGLE=1 -DBUILD_DOUBLE=1 -DBUILD_COMPLEX=1 -DBUILD_COMPLEX16=1 -DVERSION=\"0.3.17.dev\" -msse3 -mssse3 -msse4.1 -mavx -mavx2 -mavx2 -UASMNAME -UASMFNAME -UNAME -UCNAME -UCHAR_NAME -UCHAR_CNAME -DASMNAME=ztrsm_RRLN -DASMFNAME=ztrsm_RRLN_ -DNAME=ztrsm_RRLN_ -DCNAME=ztrsm_RRLN -DCHAR_NAME=\"ztrsm_RRLN_\" -DCHAR_CNAME=\"ztrsm_RRLN\" -DNO_AFFINITY -I../.. -DDOUBLE  -DCOMPLEX -DCOMPLEX -DDOUBLE -UTRANSA -UUPPER -UUNIT -DCONJ trsm_R.c -o ztrsm_RRLN.o
cc -c -O2 -DMAX_STACK_ALLOC=2048 -Wall -m64 -DF_INTERFACE_GFORT -fPIC -DNO_LAPACK -DNO_LAPACKE -DSMP_SERVER -DNO_WARMUP -DMAX_CPU_NUMBER=4 -DMAX_PARALLEL_NUMBER=1 -DBUILD_SINGLE=1 -DBUILD_DOUBLE=1 -DBUILD_COMPLEX=1 -DBUILD_COMPLEX16=1 -DVERSION=\"0.3.17.dev\" -msse3 -mssse3 -msse4.1 -mavx -mavx2 -mavx2 -UASMNAME -UASMFNAME -UNAME -UCNAME -UCHAR_NAME -UCHAR_CNAME -DASMNAME=ztrsm_RCUU -DASMFNAME=ztrsm_RCUU_ -DNAME=ztrsm_RCUU_ -DCNAME=ztrsm_RCUU -DCHAR_NAME=\"ztrsm_RCUU_\" -DCHAR_CNAME=\"ztrsm_RCUU\" -DNO_AFFINITY -I../.. -DDOUBLE  -DCOMPLEX -DCOMPLEX -DDOUBLE -DTRANSA -DUPPER -DUNIT -DCONJ trsm_R.c -o ztrsm_RCUU.o
cc -c -O2 -DMAX_STACK_ALLOC=2048 -Wall -m64 -DF_INTERFACE_GFORT -fPIC -DNO_LAPACK -DNO_LAPACKE -DSMP_SERVER -DNO_WARMUP -DMAX_CPU_NUMBER=4 -DMAX_PARALLEL_NUMBER=1 -DBUILD_SINGLE=1 -DBUILD_DOUBLE=1 -DBUILD_COMPLEX=1 -DBUILD_COMPLEX16=1 -DVERSION=\"0.3.17.dev\" -msse3 -mssse3 -msse4.1 -mavx -mavx2 -mavx2 -UASMNAME -UASMFNAME -UNAME -UCNAME -UCHAR_NAME -UCHAR_CNAME -DASMNAME=ztrsm_RCUN -DASMFNAME=ztrsm_RCUN_ -DNAME=ztrsm_RCUN_ -DCNAME=ztrsm_RCUN -DCHAR_NAME=\"ztrsm_RCUN_\" -DCHAR_CNAME=\"ztrsm_RCUN\" -DNO_AFFINITY -I../.. -DDOUBLE  -DCOMPLEX -DCOMPLEX -DDOUBLE -DTRANSA -DUPPER -UUNIT -DCONJ trsm_R.c -o ztrsm_RCUN.o
cc -c -O2 -DMAX_STACK_ALLOC=2048 -Wall -m64 -DF_INTERFACE_GFORT -fPIC -DNO_LAPACK -DNO_LAPACKE -DSMP_SERVER -DNO_WARMUP -DMAX_CPU_NUMBER=4 -DMAX_PARALLEL_NUMBER=1 -DBUILD_SINGLE=1 -DBUILD_DOUBLE=1 -DBUILD_COMPLEX=1 -DBUILD_COMPLEX16=1 -DVERSION=\"0.3.17.dev\" -msse3 -mssse3 -msse4.1 -mavx -mavx2 -mavx2 -UASMNAME -UASMFNAME -UNAME -UCNAME -UCHAR_NAME -UCHAR_CNAME -DASMNAME=ztrsm_RCLU -DASMFNAME=ztrsm_RCLU_ -DNAME=ztrsm_RCLU_ -DCNAME=ztrsm_RCLU -DCHAR_NAME=\"ztrsm_RCLU_\" -DCHAR_CNAME=\"ztrsm_RCLU\" -DNO_AFFINITY -I../.. -DDOUBLE  -DCOMPLEX -DCOMPLEX -DDOUBLE -DTRANSA -UUPPER -DUNIT -DCONJ trsm_R.c -o ztrsm_RCLU.o
cc -c -O2 -DMAX_STACK_ALLOC=2048 -Wall -m64 -DF_INTERFACE_GFORT -fPIC -DNO_LAPACK -DNO_LAPACKE -DSMP_SERVER -DNO_WARMUP -DMAX_CPU_NUMBER=4 -DMAX_PARALLEL_NUMBER=1 -DBUILD_SINGLE=1 -DBUILD_DOUBLE=1 -DBUILD_COMPLEX=1 -DBUILD_COMPLEX16=1 -DVERSION=\"0.3.17.dev\" -msse3 -mssse3 -msse4.1 -mavx -mavx2 -mavx2 -UASMNAME -UASMFNAME -UNAME -UCNAME -UCHAR_NAME -UCHAR_CNAME -DASMNAME=ztrsm_RCLN -DASMFNAME=ztrsm_RCLN_ -DNAME=ztrsm_RCLN_ -DCNAME=ztrsm_RCLN -DCHAR_NAME=\"ztrsm_RCLN_\" -DCHAR_CNAME=\"ztrsm_RCLN\" -DNO_AFFINITY -I../.. -DDOUBLE  -DCOMPLEX -DCOMPLEX -DDOUBLE -DTRANSA -UUPPER -UUNIT -DCONJ trsm_R.c -o ztrsm_RCLN.o
cc -c -O2 -DMAX_STACK_ALLOC=2048 -Wall -m64 -DF_INTERFACE_GFORT -fPIC -DNO_LAPACK -DNO_LAPACKE -DSMP_SERVER -DNO_WARMUP -DMAX_CPU_NUMBER=4 -DMAX_PARALLEL_NUMBER=1 -DBUILD_SINGLE=1 -DBUILD_DOUBLE=1 -DBUILD_COMPLEX=1 -DBUILD_COMPLEX16=1 -DVERSION=\"0.3.17.dev\" -msse3 -mssse3 -msse4.1 -mavx -mavx2 -mavx2 -UASMNAME -UASMFNAME -UNAME -UCNAME -UCHAR_NAME -UCHAR_CNAME -DASMNAME=zsymm_LU -DASMFNAME=zsymm_LU_ -DNAME=zsymm_LU_ -DCNAME=zsymm_LU -DCHAR_NAME=\"zsymm_LU_\" -DCHAR_CNAME=\"zsymm_LU\" -DNO_AFFINITY -I../.. -DDOUBLE  -DCOMPLEX -DDOUBLE -DCOMPLEX -ULOWER -URSIDE -DNN symm_k.c -o zsymm_LU.o
cc -c -O2 -DMAX_STACK_ALLOC=2048 -Wall -m64 -DF_INTERFACE_GFORT -fPIC -DNO_LAPACK -DNO_LAPACKE -DSMP_SERVER -DNO_WARMUP -DMAX_CPU_NUMBER=4 -DMAX_PARALLEL_NUMBER=1 -DBUILD_SINGLE=1 -DBUILD_DOUBLE=1 -DBUILD_COMPLEX=1 -DBUILD_COMPLEX16=1 -DVERSION=\"0.3.17.dev\" -msse3 -mssse3 -msse4.1 -mavx -mavx2 -mavx2 -UASMNAME -UASMFNAME -UNAME -UCNAME -UCHAR_NAME -UCHAR_CNAME -DASMNAME=zsymm_LL -DASMFNAME=zsymm_LL_ -DNAME=zsymm_LL_ -DCNAME=zsymm_LL -DCHAR_NAME=\"zsymm_LL_\" -DCHAR_CNAME=\"zsymm_LL\" -DNO_AFFINITY -I../.. -DDOUBLE  -DCOMPLEX -DDOUBLE -DCOMPLEX -DLOWER -URSIDE -DNN symm_k.c -o zsymm_LL.o
cc -c -O2 -DMAX_STACK_ALLOC=2048 -Wall -m64 -DF_INTERFACE_GFORT -fPIC -DNO_LAPACK -DNO_LAPACKE -DSMP_SERVER -DNO_WARMUP -DMAX_CPU_NUMBER=4 -DMAX_PARALLEL_NUMBER=1 -DBUILD_SINGLE=1 -DBUILD_DOUBLE=1 -DBUILD_COMPLEX=1 -DBUILD_COMPLEX16=1 -DVERSION=\"0.3.17.dev\" -msse3 -mssse3 -msse4.1 -mavx -mavx2 -mavx2 -UASMNAME -UASMFNAME -UNAME -UCNAME -UCHAR_NAME -UCHAR_CNAME -DASMNAME=zsymm_RU -DASMFNAME=zsymm_RU_ -DNAME=zsymm_RU_ -DCNAME=zsymm_RU -DCHAR_NAME=\"zsymm_RU_\" -DCHAR_CNAME=\"zsymm_RU\" -DNO_AFFINITY -I../.. -DDOUBLE  -DCOMPLEX -DDOUBLE -DCOMPLEX -ULOWER -DRSIDE -DNN symm_k.c -o zsymm_RU.o
cc -c -O2 -DMAX_STACK_ALLOC=2048 -Wall -m64 -DF_INTERFACE_GFORT -fPIC -DNO_LAPACK -DNO_LAPACKE -DSMP_SERVER -DNO_WARMUP -DMAX_CPU_NUMBER=4 -DMAX_PARALLEL_NUMBER=1 -DBUILD_SINGLE=1 -DBUILD_DOUBLE=1 -DBUILD_COMPLEX=1 -DBUILD_COMPLEX16=1 -DVERSION=\"0.3.17.dev\" -msse3 -mssse3 -msse4.1 -mavx -mavx2 -mavx2 -UASMNAME -UASMFNAME -UNAME -UCNAME -UCHAR_NAME -UCHAR_CNAME -DASMNAME=zsymm_RL -DASMFNAME=zsymm_RL_ -DNAME=zsymm_RL_ -DCNAME=zsymm_RL -DCHAR_NAME=\"zsymm_RL_\" -DCHAR_CNAME=\"zsymm_RL\" -DNO_AFFINITY -I../.. -DDOUBLE  -DCOMPLEX -DDOUBLE -DCOMPLEX -DLOWER -DRSIDE -DNN symm_k.c -o zsymm_RL.o
cc -c -O2 -DMAX_STACK_ALLOC=2048 -Wall -m64 -DF_INTERFACE_GFORT -fPIC -DNO_LAPACK -DNO_LAPACKE -DSMP_SERVER -DNO_WARMUP -DMAX_CPU_NUMBER=4 -DMAX_PARALLEL_NUMBER=1 -DBUILD_SINGLE=1 -DBUILD_DOUBLE=1 -DBUILD_COMPLEX=1 -DBUILD_COMPLEX16=1 -DVERSION=\"0.3.17.dev\" -msse3 -mssse3 -msse4.1 -mavx -mavx2 -mavx2 -UASMNAME -UASMFNAME -UNAME -UCNAME -UCHAR_NAME -UCHAR_CNAME -DASMNAME=zhemm_LU -DASMFNAME=zhemm_LU_ -DNAME=zhemm_LU_ -DCNAME=zhemm_LU -DCHAR_NAME=\"zhemm_LU_\" -DCHAR_CNAME=\"zhemm_LU\" -DNO_AFFINITY -I../.. -DDOUBLE  -DCOMPLEX -DDOUBLE -DCOMPLEX -ULOWER -URSIDE -DNN zhemm_k.c -o zhemm_LU.o
cc -c -O2 -DMAX_STACK_ALLOC=2048 -Wall -m64 -DF_INTERFACE_GFORT -fPIC -DNO_LAPACK -DNO_LAPACKE -DSMP_SERVER -DNO_WARMUP -DMAX_CPU_NUMBER=4 -DMAX_PARALLEL_NUMBER=1 -DBUILD_SINGLE=1 -DBUILD_DOUBLE=1 -DBUILD_COMPLEX=1 -DBUILD_COMPLEX16=1 -DVERSION=\"0.3.17.dev\" -msse3 -mssse3 -msse4.1 -mavx -mavx2 -mavx2 -UASMNAME -UASMFNAME -UNAME -UCNAME -UCHAR_NAME -UCHAR_CNAME -DASMNAME=zhemm_LL -DASMFNAME=zhemm_LL_ -DNAME=zhemm_LL_ -DCNAME=zhemm_LL -DCHAR_NAME=\"zhemm_LL_\" -DCHAR_CNAME=\"zhemm_LL\" -DNO_AFFINITY -I../.. -DDOUBLE  -DCOMPLEX -DDOUBLE -DCOMPLEX -DLOWER -URSIDE -DNN zhemm_k.c -o zhemm_LL.o
cc -c -O2 -DMAX_STACK_ALLOC=2048 -Wall -m64 -DF_INTERFACE_GFORT -fPIC -DNO_LAPACK -DNO_LAPACKE -DSMP_SERVER -DNO_WARMUP -DMAX_CPU_NUMBER=4 -DMAX_PARALLEL_NUMBER=1 -DBUILD_SINGLE=1 -DBUILD_DOUBLE=1 -DBUILD_COMPLEX=1 -DBUILD_COMPLEX16=1 -DVERSION=\"0.3.17.dev\" -msse3 -mssse3 -msse4.1 -mavx -mavx2 -mavx2 -UASMNAME -UASMFNAME -UNAME -UCNAME -UCHAR_NAME -UCHAR_CNAME -DASMNAME=zhemm_RU -DASMFNAME=zhemm_RU_ -DNAME=zhemm_RU_ -DCNAME=zhemm_RU -DCHAR_NAME=\"zhemm_RU_\" -DCHAR_CNAME=\"zhemm_RU\" -DNO_AFFINITY -I../.. -DDOUBLE  -DCOMPLEX -DDOUBLE -DCOMPLEX -ULOWER -DRSIDE -DNC zhemm_k.c -o zhemm_RU.o
cc -c -O2 -DMAX_STACK_ALLOC=2048 -Wall -m64 -DF_INTERFACE_GFORT -fPIC -DNO_LAPACK -DNO_LAPACKE -DSMP_SERVER -DNO_WARMUP -DMAX_CPU_NUMBER=4 -DMAX_PARALLEL_NUMBER=1 -DBUILD_SINGLE=1 -DBUILD_DOUBLE=1 -DBUILD_COMPLEX=1 -DBUILD_COMPLEX16=1 -DVERSION=\"0.3.17.dev\" -msse3 -mssse3 -msse4.1 -mavx -mavx2 -mavx2 -UASMNAME -UASMFNAME -UNAME -UCNAME -UCHAR_NAME -UCHAR_CNAME -DASMNAME=zhemm_RL -DASMFNAME=zhemm_RL_ -DNAME=zhemm_RL_ -DCNAME=zhemm_RL -DCHAR_NAME=\"zhemm_RL_\" -DCHAR_CNAME=\"zhemm_RL\" -DNO_AFFINITY -I../.. -DDOUBLE  -DCOMPLEX -DDOUBLE -DCOMPLEX -DLOWER -DRSIDE -DNC zhemm_k.c -o zhemm_RL.o
cc -c -O2 -DMAX_STACK_ALLOC=2048 -Wall -m64 -DF_INTERFACE_GFORT -fPIC -DNO_LAPACK -DNO_LAPACKE -DSMP_SERVER -DNO_WARMUP -DMAX_CPU_NUMBER=4 -DMAX_PARALLEL_NUMBER=1 -DBUILD_SINGLE=1 -DBUILD_DOUBLE=1 -DBUILD_COMPLEX=1 -DBUILD_COMPLEX16=1 -DVERSION=\"0.3.17.dev\" -msse3 -mssse3 -msse4.1 -mavx -mavx2 -mavx2 -UASMNAME -UASMFNAME -UNAME -UCNAME -UCHAR_NAME -UCHAR_CNAME -DASMNAME=zsyrk_UN -DASMFNAME=zsyrk_UN_ -DNAME=zsyrk_UN_ -DCNAME=zsyrk_UN -DCHAR_NAME=\"zsyrk_UN_\" -DCHAR_CNAME=\"zsyrk_UN\" -DNO_AFFINITY -I../.. -DDOUBLE  -DCOMPLEX -DDOUBLE -DCOMPLEX -ULOWER -UTRANS syrk_k.c -o zsyrk_UN.o
cc -c -O2 -DMAX_STACK_ALLOC=2048 -Wall -m64 -DF_INTERFACE_GFORT -fPIC -DNO_LAPACK -DNO_LAPACKE -DSMP_SERVER -DNO_WARMUP -DMAX_CPU_NUMBER=4 -DMAX_PARALLEL_NUMBER=1 -DBUILD_SINGLE=1 -DBUILD_DOUBLE=1 -DBUILD_COMPLEX=1 -DBUILD_COMPLEX16=1 -DVERSION=\"0.3.17.dev\" -msse3 -mssse3 -msse4.1 -mavx -mavx2 -mavx2 -UASMNAME -UASMFNAME -UNAME -UCNAME -UCHAR_NAME -UCHAR_CNAME -DASMNAME=zsyrk_UT -DASMFNAME=zsyrk_UT_ -DNAME=zsyrk_UT_ -DCNAME=zsyrk_UT -DCHAR_NAME=\"zsyrk_UT_\" -DCHAR_CNAME=\"zsyrk_UT\" -DNO_AFFINITY -I../.. -DDOUBLE  -DCOMPLEX -DDOUBLE -DCOMPLEX -ULOWER -DTRANS syrk_k.c -o zsyrk_UT.o
cc -c -O2 -DMAX_STACK_ALLOC=2048 -Wall -m64 -DF_INTERFACE_GFORT -fPIC -DNO_LAPACK -DNO_LAPACKE -DSMP_SERVER -DNO_WARMUP -DMAX_CPU_NUMBER=4 -DMAX_PARALLEL_NUMBER=1 -DBUILD_SINGLE=1 -DBUILD_DOUBLE=1 -DBUILD_COMPLEX=1 -DBUILD_COMPLEX16=1 -DVERSION=\"0.3.17.dev\" -msse3 -mssse3 -msse4.1 -mavx -mavx2 -mavx2 -UASMNAME -UASMFNAME -UNAME -UCNAME -UCHAR_NAME -UCHAR_CNAME -DASMNAME=zsyrk_LN -DASMFNAME=zsyrk_LN_ -DNAME=zsyrk_LN_ -DCNAME=zsyrk_LN -DCHAR_NAME=\"zsyrk_LN_\" -DCHAR_CNAME=\"zsyrk_LN\" -DNO_AFFINITY -I../.. -DDOUBLE  -DCOMPLEX -DDOUBLE -DCOMPLEX -DLOWER -UTRANS syrk_k.c -o zsyrk_LN.o
cc -c -O2 -DMAX_STACK_ALLOC=2048 -Wall -m64 -DF_INTERFACE_GFORT -fPIC -DNO_LAPACK -DNO_LAPACKE -DSMP_SERVER -DNO_WARMUP -DMAX_CPU_NUMBER=4 -DMAX_PARALLEL_NUMBER=1 -DBUILD_SINGLE=1 -DBUILD_DOUBLE=1 -DBUILD_COMPLEX=1 -DBUILD_COMPLEX16=1 -DVERSION=\"0.3.17.dev\" -msse3 -mssse3 -msse4.1 -mavx -mavx2 -mavx2 -UASMNAME -UASMFNAME -UNAME -UCNAME -UCHAR_NAME -UCHAR_CNAME -DASMNAME=zsyrk_LT -DASMFNAME=zsyrk_LT_ -DNAME=zsyrk_LT_ -DCNAME=zsyrk_LT -DCHAR_NAME=\"zsyrk_LT_\" -DCHAR_CNAME=\"zsyrk_LT\" -DNO_AFFINITY -I../.. -DDOUBLE  -DCOMPLEX -DDOUBLE -DCOMPLEX -DLOWER -DTRANS syrk_k.c -o zsyrk_LT.o
cc -c -O2 -DMAX_STACK_ALLOC=2048 -Wall -m64 -DF_INTERFACE_GFORT -fPIC -DNO_LAPACK -DNO_LAPACKE -DSMP_SERVER -DNO_WARMUP -DMAX_CPU_NUMBER=4 -DMAX_PARALLEL_NUMBER=1 -DBUILD_SINGLE=1 -DBUILD_DOUBLE=1 -DBUILD_COMPLEX=1 -DBUILD_COMPLEX16=1 -DVERSION=\"0.3.17.dev\" -msse3 -mssse3 -msse4.1 -mavx -mavx2 -mavx2 -UASMNAME -UASMFNAME -UNAME -UCNAME -UCHAR_NAME -UCHAR_CNAME -DASMNAME=zherk_UN -DASMFNAME=zherk_UN_ -DNAME=zherk_UN_ -DCNAME=zherk_UN -DCHAR_NAME=\"zherk_UN_\" -DCHAR_CNAME=\"zherk_UN\" -DNO_AFFINITY -I../.. -DDOUBLE  -DCOMPLEX -DHERK -DDOUBLE -ULOWER -UTRANS -DCOMPLEX -UCONJ zherk_k.c -o zherk_UN.o
cc -c -O2 -DMAX_STACK_ALLOC=2048 -Wall -m64 -DF_INTERFACE_GFORT -fPIC -DNO_LAPACK -DNO_LAPACKE -DSMP_SERVER -DNO_WARMUP -DMAX_CPU_NUMBER=4 -DMAX_PARALLEL_NUMBER=1 -DBUILD_SINGLE=1 -DBUILD_DOUBLE=1 -DBUILD_COMPLEX=1 -DBUILD_COMPLEX16=1 -DVERSION=\"0.3.17.dev\" -msse3 -mssse3 -msse4.1 -mavx -mavx2 -mavx2 -UASMNAME -UASMFNAME -UNAME -UCNAME -UCHAR_NAME -UCHAR_CNAME -DASMNAME=zherk_UC -DASMFNAME=zherk_UC_ -DNAME=zherk_UC_ -DCNAME=zherk_UC -DCHAR_NAME=\"zherk_UC_\" -DCHAR_CNAME=\"zherk_UC\" -DNO_AFFINITY -I../.. -DDOUBLE  -DCOMPLEX -DHERK -DDOUBLE -ULOWER -DTRANS -DCOMPLEX -DCONJ zherk_k.c -o zherk_UC.o
cc -c -O2 -DMAX_STACK_ALLOC=2048 -Wall -m64 -DF_INTERFACE_GFORT -fPIC -DNO_LAPACK -DNO_LAPACKE -DSMP_SERVER -DNO_WARMUP -DMAX_CPU_NUMBER=4 -DMAX_PARALLEL_NUMBER=1 -DBUILD_SINGLE=1 -DBUILD_DOUBLE=1 -DBUILD_COMPLEX=1 -DBUILD_COMPLEX16=1 -DVERSION=\"0.3.17.dev\" -msse3 -mssse3 -msse4.1 -mavx -mavx2 -mavx2 -UASMNAME -UASMFNAME -UNAME -UCNAME -UCHAR_NAME -UCHAR_CNAME -DASMNAME=zherk_LN -DASMFNAME=zherk_LN_ -DNAME=zherk_LN_ -DCNAME=zherk_LN -DCHAR_NAME=\"zherk_LN_\" -DCHAR_CNAME=\"zherk_LN\" -DNO_AFFINITY -I../.. -DDOUBLE  -DCOMPLEX -DHERK -DDOUBLE -DLOWER -UTRANS -DCOMPLEX -UCONJ zherk_k.c -o zherk_LN.o
cc -c -O2 -DMAX_STACK_ALLOC=2048 -Wall -m64 -DF_INTERFACE_GFORT -fPIC -DNO_LAPACK -DNO_LAPACKE -DSMP_SERVER -DNO_WARMUP -DMAX_CPU_NUMBER=4 -DMAX_PARALLEL_NUMBER=1 -DBUILD_SINGLE=1 -DBUILD_DOUBLE=1 -DBUILD_COMPLEX=1 -DBUILD_COMPLEX16=1 -DVERSION=\"0.3.17.dev\" -msse3 -mssse3 -msse4.1 -mavx -mavx2 -mavx2 -UASMNAME -UASMFNAME -UNAME -UCNAME -UCHAR_NAME -UCHAR_CNAME -DASMNAME=zherk_LC -DASMFNAME=zherk_LC_ -DNAME=zherk_LC_ -DCNAME=zherk_LC -DCHAR_NAME=\"zherk_LC_\" -DCHAR_CNAME=\"zherk_LC\" -DNO_AFFINITY -I../.. -DDOUBLE  -DCOMPLEX -DHERK -DDOUBLE -DLOWER -DTRANS -DCOMPLEX -DCONJ zherk_k.c -o zherk_LC.o
cc -c -O2 -DMAX_STACK_ALLOC=2048 -Wall -m64 -DF_INTERFACE_GFORT -fPIC -DNO_LAPACK -DNO_LAPACKE -DSMP_SERVER -DNO_WARMUP -DMAX_CPU_NUMBER=4 -DMAX_PARALLEL_NUMBER=1 -DBUILD_SINGLE=1 -DBUILD_DOUBLE=1 -DBUILD_COMPLEX=1 -DBUILD_COMPLEX16=1 -DVERSION=\"0.3.17.dev\" -msse3 -mssse3 -msse4.1 -mavx -mavx2 -mavx2 -UASMNAME -UASMFNAME -UNAME -UCNAME -UCHAR_NAME -UCHAR_CNAME -DASMNAME=zsyr2k_UN -DASMFNAME=zsyr2k_UN_ -DNAME=zsyr2k_UN_ -DCNAME=zsyr2k_UN -DCHAR_NAME=\"zsyr2k_UN_\" -DCHAR_CNAME=\"zsyr2k_UN\" -DNO_AFFINITY -I../.. -DDOUBLE  -DCOMPLEX -DDOUBLE -DCOMPLEX -ULOWER -UTRANS syr2k_k.c -o zsyr2k_UN.o
cc -c -O2 -DMAX_STACK_ALLOC=2048 -Wall -m64 -DF_INTERFACE_GFORT -fPIC -DNO_LAPACK -DNO_LAPACKE -DSMP_SERVER -DNO_WARMUP -DMAX_CPU_NUMBER=4 -DMAX_PARALLEL_NUMBER=1 -DBUILD_SINGLE=1 -DBUILD_DOUBLE=1 -DBUILD_COMPLEX=1 -DBUILD_COMPLEX16=1 -DVERSION=\"0.3.17.dev\" -msse3 -mssse3 -msse4.1 -mavx -mavx2 -mavx2 -UASMNAME -UASMFNAME -UNAME -UCNAME -UCHAR_NAME -UCHAR_CNAME -DASMNAME=zsyr2k_UT -DASMFNAME=zsyr2k_UT_ -DNAME=zsyr2k_UT_ -DCNAME=zsyr2k_UT -DCHAR_NAME=\"zsyr2k_UT_\" -DCHAR_CNAME=\"zsyr2k_UT\" -DNO_AFFINITY -I../.. -DDOUBLE  -DCOMPLEX -DDOUBLE -DCOMPLEX -ULOWER -DTRANS syr2k_k.c -o zsyr2k_UT.o
cc -c -O2 -DMAX_STACK_ALLOC=2048 -Wall -m64 -DF_INTERFACE_GFORT -fPIC -DNO_LAPACK -DNO_LAPACKE -DSMP_SERVER -DNO_WARMUP -DMAX_CPU_NUMBER=4 -DMAX_PARALLEL_NUMBER=1 -DBUILD_SINGLE=1 -DBUILD_DOUBLE=1 -DBUILD_COMPLEX=1 -DBUILD_COMPLEX16=1 -DVERSION=\"0.3.17.dev\" -msse3 -mssse3 -msse4.1 -mavx -mavx2 -mavx2 -UASMNAME -UASMFNAME -UNAME -UCNAME -UCHAR_NAME -UCHAR_CNAME -DASMNAME=zsyr2k_LN -DASMFNAME=zsyr2k_LN_ -DNAME=zsyr2k_LN_ -DCNAME=zsyr2k_LN -DCHAR_NAME=\"zsyr2k_LN_\" -DCHAR_CNAME=\"zsyr2k_LN\" -DNO_AFFINITY -I../.. -DDOUBLE  -DCOMPLEX -DDOUBLE -DCOMPLEX -DLOWER -UTRANS syr2k_k.c -o zsyr2k_LN.o
cc -c -O2 -DMAX_STACK_ALLOC=2048 -Wall -m64 -DF_INTERFACE_GFORT -fPIC -DNO_LAPACK -DNO_LAPACKE -DSMP_SERVER -DNO_WARMUP -DMAX_CPU_NUMBER=4 -DMAX_PARALLEL_NUMBER=1 -DBUILD_SINGLE=1 -DBUILD_DOUBLE=1 -DBUILD_COMPLEX=1 -DBUILD_COMPLEX16=1 -DVERSION=\"0.3.17.dev\" -msse3 -mssse3 -msse4.1 -mavx -mavx2 -mavx2 -UASMNAME -UASMFNAME -UNAME -UCNAME -UCHAR_NAME -UCHAR_CNAME -DASMNAME=zsyr2k_LT -DASMFNAME=zsyr2k_LT_ -DNAME=zsyr2k_LT_ -DCNAME=zsyr2k_LT -DCHAR_NAME=\"zsyr2k_LT_\" -DCHAR_CNAME=\"zsyr2k_LT\" -DNO_AFFINITY -I../.. -DDOUBLE  -DCOMPLEX -DDOUBLE -DCOMPLEX -DLOWER -DTRANS syr2k_k.c -o zsyr2k_LT.o
cc -c -O2 -DMAX_STACK_ALLOC=2048 -Wall -m64 -DF_INTERFACE_GFORT -fPIC -DNO_LAPACK -DNO_LAPACKE -DSMP_SERVER -DNO_WARMUP -DMAX_CPU_NUMBER=4 -DMAX_PARALLEL_NUMBER=1 -DBUILD_SINGLE=1 -DBUILD_DOUBLE=1 -DBUILD_COMPLEX=1 -DBUILD_COMPLEX16=1 -DVERSION=\"0.3.17.dev\" -msse3 -mssse3 -msse4.1 -mavx -mavx2 -mavx2 -UASMNAME -UASMFNAME -UNAME -UCNAME -UCHAR_NAME -UCHAR_CNAME -DASMNAME=zher2k_UN -DASMFNAME=zher2k_UN_ -DNAME=zher2k_UN_ -DCNAME=zher2k_UN -DCHAR_NAME=\"zher2k_UN_\" -DCHAR_CNAME=\"zher2k_UN\" -DNO_AFFINITY -I../.. -DDOUBLE  -DCOMPLEX -DHER2K -DDOUBLE -ULOWER -UTRANS -DCOMPLEX -UCONJ zher2k_k.c -o zher2k_UN.o
cc -c -O2 -DMAX_STACK_ALLOC=2048 -Wall -m64 -DF_INTERFACE_GFORT -fPIC -DNO_LAPACK -DNO_LAPACKE -DSMP_SERVER -DNO_WARMUP -DMAX_CPU_NUMBER=4 -DMAX_PARALLEL_NUMBER=1 -DBUILD_SINGLE=1 -DBUILD_DOUBLE=1 -DBUILD_COMPLEX=1 -DBUILD_COMPLEX16=1 -DVERSION=\"0.3.17.dev\" -msse3 -mssse3 -msse4.1 -mavx -mavx2 -mavx2 -UASMNAME -UASMFNAME -UNAME -UCNAME -UCHAR_NAME -UCHAR_CNAME -DASMNAME=zher2k_UC -DASMFNAME=zher2k_UC_ -DNAME=zher2k_UC_ -DCNAME=zher2k_UC -DCHAR_NAME=\"zher2k_UC_\" -DCHAR_CNAME=\"zher2k_UC\" -DNO_AFFINITY -I../.. -DDOUBLE  -DCOMPLEX -DHER2K -DDOUBLE -ULOWER -DTRANS -DCOMPLEX -DCONJ zher2k_k.c -o zher2k_UC.o
cc -c -O2 -DMAX_STACK_ALLOC=2048 -Wall -m64 -DF_INTERFACE_GFORT -fPIC -DNO_LAPACK -DNO_LAPACKE -DSMP_SERVER -DNO_WARMUP -DMAX_CPU_NUMBER=4 -DMAX_PARALLEL_NUMBER=1 -DBUILD_SINGLE=1 -DBUILD_DOUBLE=1 -DBUILD_COMPLEX=1 -DBUILD_COMPLEX16=1 -DVERSION=\"0.3.17.dev\" -msse3 -mssse3 -msse4.1 -mavx -mavx2 -mavx2 -UASMNAME -UASMFNAME -UNAME -UCNAME -UCHAR_NAME -UCHAR_CNAME -DASMNAME=zher2k_LN -DASMFNAME=zher2k_LN_ -DNAME=zher2k_LN_ -DCNAME=zher2k_LN -DCHAR_NAME=\"zher2k_LN_\" -DCHAR_CNAME=\"zher2k_LN\" -DNO_AFFINITY -I../.. -DDOUBLE  -DCOMPLEX -DHER2K -DDOUBLE -DLOWER -UTRANS -DCOMPLEX -UCONJ zher2k_k.c -o zher2k_LN.o
cc -c -O2 -DMAX_STACK_ALLOC=2048 -Wall -m64 -DF_INTERFACE_GFORT -fPIC -DNO_LAPACK -DNO_LAPACKE -DSMP_SERVER -DNO_WARMUP -DMAX_CPU_NUMBER=4 -DMAX_PARALLEL_NUMBER=1 -DBUILD_SINGLE=1 -DBUILD_DOUBLE=1 -DBUILD_COMPLEX=1 -DBUILD_COMPLEX16=1 -DVERSION=\"0.3.17.dev\" -msse3 -mssse3 -msse4.1 -mavx -mavx2 -mavx2 -UASMNAME -UASMFNAME -UNAME -UCNAME -UCHAR_NAME -UCHAR_CNAME -DASMNAME=zher2k_LC -DASMFNAME=zher2k_LC_ -DNAME=zher2k_LC_ -DCNAME=zher2k_LC -DCHAR_NAME=\"zher2k_LC_\" -DCHAR_CNAME=\"zher2k_LC\" -DNO_AFFINITY -I../.. -DDOUBLE  -DCOMPLEX -DHER2K -DDOUBLE -DLOWER -DTRANS -DCOMPLEX -DCONJ zher2k_k.c -o zher2k_LC.o
cc -c -O2 -DMAX_STACK_ALLOC=2048 -Wall -m64 -DF_INTERFACE_GFORT -fPIC -DNO_LAPACK -DNO_LAPACKE -DSMP_SERVER -DNO_WARMUP -DMAX_CPU_NUMBER=4 -DMAX_PARALLEL_NUMBER=1 -DBUILD_SINGLE=1 -DBUILD_DOUBLE=1 -DBUILD_COMPLEX=1 -DBUILD_COMPLEX16=1 -DVERSION=\"0.3.17.dev\" -msse3 -mssse3 -msse4.1 -mavx -mavx2 -mavx2 -UASMNAME -UASMFNAME -UNAME -UCNAME -UCHAR_NAME -UCHAR_CNAME -DASMNAME=zsyrk_kernel_U -DASMFNAME=zsyrk_kernel_U_ -DNAME=zsyrk_kernel_U_ -DCNAME=zsyrk_kernel_U -DCHAR_NAME=\"zsyrk_kernel_U_\" -DCHAR_CNAME=\"zsyrk_kernel_U\" -DNO_AFFINITY -I../.. -DDOUBLE  -DCOMPLEX -DDOUBLE -DCOMPLEX -ULOWER syrk_kernel.c -o zsyrk_kernel_U.o
cc -c -O2 -DMAX_STACK_ALLOC=2048 -Wall -m64 -DF_INTERFACE_GFORT -fPIC -DNO_LAPACK -DNO_LAPACKE -DSMP_SERVER -DNO_WARMUP -DMAX_CPU_NUMBER=4 -DMAX_PARALLEL_NUMBER=1 -DBUILD_SINGLE=1 -DBUILD_DOUBLE=1 -DBUILD_COMPLEX=1 -DBUILD_COMPLEX16=1 -DVERSION=\"0.3.17.dev\" -msse3 -mssse3 -msse4.1 -mavx -mavx2 -mavx2 -UASMNAME -UASMFNAME -UNAME -UCNAME -UCHAR_NAME -UCHAR_CNAME -DASMNAME=zsyrk_kernel_L -DASMFNAME=zsyrk_kernel_L_ -DNAME=zsyrk_kernel_L_ -DCNAME=zsyrk_kernel_L -DCHAR_NAME=\"zsyrk_kernel_L_\" -DCHAR_CNAME=\"zsyrk_kernel_L\" -DNO_AFFINITY -I../.. -DDOUBLE  -DCOMPLEX -DDOUBLE -DCOMPLEX -DLOWER syrk_kernel.c -o zsyrk_kernel_L.o
cc -c -O2 -DMAX_STACK_ALLOC=2048 -Wall -m64 -DF_INTERFACE_GFORT -fPIC -DNO_LAPACK -DNO_LAPACKE -DSMP_SERVER -DNO_WARMUP -DMAX_CPU_NUMBER=4 -DMAX_PARALLEL_NUMBER=1 -DBUILD_SINGLE=1 -DBUILD_DOUBLE=1 -DBUILD_COMPLEX=1 -DBUILD_COMPLEX16=1 -DVERSION=\"0.3.17.dev\" -msse3 -mssse3 -msse4.1 -mavx -mavx2 -mavx2 -UASMNAME -UASMFNAME -UNAME -UCNAME -UCHAR_NAME -UCHAR_CNAME -DASMNAME=zherk_kernel_UN -DASMFNAME=zherk_kernel_UN_ -DNAME=zherk_kernel_UN_ -DCNAME=zherk_kernel_UN -DCHAR_NAME=\"zherk_kernel_UN_\" -DCHAR_CNAME=\"zherk_kernel_UN\" -DNO_AFFINITY -I../.. -DDOUBLE  -DCOMPLEX -DHERK -DDOUBLE -DCOMPLEX -ULOWER -UCONJ zherk_kernel.c -o zherk_kernel_UN.o
cc -c -O2 -DMAX_STACK_ALLOC=2048 -Wall -m64 -DF_INTERFACE_GFORT -fPIC -DNO_LAPACK -DNO_LAPACKE -DSMP_SERVER -DNO_WARMUP -DMAX_CPU_NUMBER=4 -DMAX_PARALLEL_NUMBER=1 -DBUILD_SINGLE=1 -DBUILD_DOUBLE=1 -DBUILD_COMPLEX=1 -DBUILD_COMPLEX16=1 -DVERSION=\"0.3.17.dev\" -msse3 -mssse3 -msse4.1 -mavx -mavx2 -mavx2 -UASMNAME -UASMFNAME -UNAME -UCNAME -UCHAR_NAME -UCHAR_CNAME -DASMNAME=zherk_kernel_UC -DASMFNAME=zherk_kernel_UC_ -DNAME=zherk_kernel_UC_ -DCNAME=zherk_kernel_UC -DCHAR_NAME=\"zherk_kernel_UC_\" -DCHAR_CNAME=\"zherk_kernel_UC\" -DNO_AFFINITY -I../.. -DDOUBLE  -DCOMPLEX -DHERK -DDOUBLE -DCOMPLEX -ULOWER -DCONJ zherk_kernel.c -o zherk_kernel_UC.o
cc -c -O2 -DMAX_STACK_ALLOC=2048 -Wall -m64 -DF_INTERFACE_GFORT -fPIC -DNO_LAPACK -DNO_LAPACKE -DSMP_SERVER -DNO_WARMUP -DMAX_CPU_NUMBER=4 -DMAX_PARALLEL_NUMBER=1 -DBUILD_SINGLE=1 -DBUILD_DOUBLE=1 -DBUILD_COMPLEX=1 -DBUILD_COMPLEX16=1 -DVERSION=\"0.3.17.dev\" -msse3 -mssse3 -msse4.1 -mavx -mavx2 -mavx2 -UASMNAME -UASMFNAME -UNAME -UCNAME -UCHAR_NAME -UCHAR_CNAME -DASMNAME=zherk_kernel_LN -DASMFNAME=zherk_kernel_LN_ -DNAME=zherk_kernel_LN_ -DCNAME=zherk_kernel_LN -DCHAR_NAME=\"zherk_kernel_LN_\" -DCHAR_CNAME=\"zherk_kernel_LN\" -DNO_AFFINITY -I../.. -DDOUBLE  -DCOMPLEX -DHERK -DDOUBLE -DCOMPLEX -DLOWER -UCONJ zherk_kernel.c -o zherk_kernel_LN.o
cc -c -O2 -DMAX_STACK_ALLOC=2048 -Wall -m64 -DF_INTERFACE_GFORT -fPIC -DNO_LAPACK -DNO_LAPACKE -DSMP_SERVER -DNO_WARMUP -DMAX_CPU_NUMBER=4 -DMAX_PARALLEL_NUMBER=1 -DBUILD_SINGLE=1 -DBUILD_DOUBLE=1 -DBUILD_COMPLEX=1 -DBUILD_COMPLEX16=1 -DVERSION=\"0.3.17.dev\" -msse3 -mssse3 -msse4.1 -mavx -mavx2 -mavx2 -UASMNAME -UASMFNAME -UNAME -UCNAME -UCHAR_NAME -UCHAR_CNAME -DASMNAME=zherk_kernel_LC -DASMFNAME=zherk_kernel_LC_ -DNAME=zherk_kernel_LC_ -DCNAME=zherk_kernel_LC -DCHAR_NAME=\"zherk_kernel_LC_\" -DCHAR_CNAME=\"zherk_kernel_LC\" -DNO_AFFINITY -I../.. -DDOUBLE  -DCOMPLEX -DHERK -DDOUBLE -DCOMPLEX -DLOWER -DCONJ zherk_kernel.c -o zherk_kernel_LC.o
cc -c -O2 -DMAX_STACK_ALLOC=2048 -Wall -m64 -DF_INTERFACE_GFORT -fPIC -DNO_LAPACK -DNO_LAPACKE -DSMP_SERVER -DNO_WARMUP -DMAX_CPU_NUMBER=4 -DMAX_PARALLEL_NUMBER=1 -DBUILD_SINGLE=1 -DBUILD_DOUBLE=1 -DBUILD_COMPLEX=1 -DBUILD_COMPLEX16=1 -DVERSION=\"0.3.17.dev\" -msse3 -mssse3 -msse4.1 -mavx -mavx2 -mavx2 -UASMNAME -UASMFNAME -UNAME -UCNAME -UCHAR_NAME -UCHAR_CNAME -DASMNAME=zsyr2k_kernel_U -DASMFNAME=zsyr2k_kernel_U_ -DNAME=zsyr2k_kernel_U_ -DCNAME=zsyr2k_kernel_U -DCHAR_NAME=\"zsyr2k_kernel_U_\" -DCHAR_CNAME=\"zsyr2k_kernel_U\" -DNO_AFFINITY -I../.. -DDOUBLE  -DCOMPLEX -DDOUBLE -DCOMPLEX -ULOWER syr2k_kernel.c -o zsyr2k_kernel_U.o
cc -c -O2 -DMAX_STACK_ALLOC=2048 -Wall -m64 -DF_INTERFACE_GFORT -fPIC -DNO_LAPACK -DNO_LAPACKE -DSMP_SERVER -DNO_WARMUP -DMAX_CPU_NUMBER=4 -DMAX_PARALLEL_NUMBER=1 -DBUILD_SINGLE=1 -DBUILD_DOUBLE=1 -DBUILD_COMPLEX=1 -DBUILD_COMPLEX16=1 -DVERSION=\"0.3.17.dev\" -msse3 -mssse3 -msse4.1 -mavx -mavx2 -mavx2 -UASMNAME -UASMFNAME -UNAME -UCNAME -UCHAR_NAME -UCHAR_CNAME -DASMNAME=zsyr2k_kernel_L -DASMFNAME=zsyr2k_kernel_L_ -DNAME=zsyr2k_kernel_L_ -DCNAME=zsyr2k_kernel_L -DCHAR_NAME=\"zsyr2k_kernel_L_\" -DCHAR_CNAME=\"zsyr2k_kernel_L\" -DNO_AFFINITY -I../.. -DDOUBLE  -DCOMPLEX -DDOUBLE -DCOMPLEX -DLOWER syr2k_kernel.c -o zsyr2k_kernel_L.o
cc -c -O2 -DMAX_STACK_ALLOC=2048 -Wall -m64 -DF_INTERFACE_GFORT -fPIC -DNO_LAPACK -DNO_LAPACKE -DSMP_SERVER -DNO_WARMUP -DMAX_CPU_NUMBER=4 -DMAX_PARALLEL_NUMBER=1 -DBUILD_SINGLE=1 -DBUILD_DOUBLE=1 -DBUILD_COMPLEX=1 -DBUILD_COMPLEX16=1 -DVERSION=\"0.3.17.dev\" -msse3 -mssse3 -msse4.1 -mavx -mavx2 -mavx2 -UASMNAME -UASMFNAME -UNAME -UCNAME -UCHAR_NAME -UCHAR_CNAME -DASMNAME=zher2k_kernel_UN -DASMFNAME=zher2k_kernel_UN_ -DNAME=zher2k_kernel_UN_ -DCNAME=zher2k_kernel_UN -DCHAR_NAME=\"zher2k_kernel_UN_\" -DCHAR_CNAME=\"zher2k_kernel_UN\" -DNO_AFFINITY -I../.. -DDOUBLE  -DCOMPLEX -DDOUBLE -DCOMPLEX -ULOWER -UCONJ zher2k_kernel.c -o zher2k_kernel_UN.o
cc -c -O2 -DMAX_STACK_ALLOC=2048 -Wall -m64 -DF_INTERFACE_GFORT -fPIC -DNO_LAPACK -DNO_LAPACKE -DSMP_SERVER -DNO_WARMUP -DMAX_CPU_NUMBER=4 -DMAX_PARALLEL_NUMBER=1 -DBUILD_SINGLE=1 -DBUILD_DOUBLE=1 -DBUILD_COMPLEX=1 -DBUILD_COMPLEX16=1 -DVERSION=\"0.3.17.dev\" -msse3 -mssse3 -msse4.1 -mavx -mavx2 -mavx2 -UASMNAME -UASMFNAME -UNAME -UCNAME -UCHAR_NAME -UCHAR_CNAME -DASMNAME=zher2k_kernel_UC -DASMFNAME=zher2k_kernel_UC_ -DNAME=zher2k_kernel_UC_ -DCNAME=zher2k_kernel_UC -DCHAR_NAME=\"zher2k_kernel_UC_\" -DCHAR_CNAME=\"zher2k_kernel_UC\" -DNO_AFFINITY -I../.. -DDOUBLE  -DCOMPLEX -DDOUBLE -DCOMPLEX -ULOWER -DCONJ zher2k_kernel.c -o zher2k_kernel_UC.o
cc -c -O2 -DMAX_STACK_ALLOC=2048 -Wall -m64 -DF_INTERFACE_GFORT -fPIC -DNO_LAPACK -DNO_LAPACKE -DSMP_SERVER -DNO_WARMUP -DMAX_CPU_NUMBER=4 -DMAX_PARALLEL_NUMBER=1 -DBUILD_SINGLE=1 -DBUILD_DOUBLE=1 -DBUILD_COMPLEX=1 -DBUILD_COMPLEX16=1 -DVERSION=\"0.3.17.dev\" -msse3 -mssse3 -msse4.1 -mavx -mavx2 -mavx2 -UASMNAME -UASMFNAME -UNAME -UCNAME -UCHAR_NAME -UCHAR_CNAME -DASMNAME=zher2k_kernel_LN -DASMFNAME=zher2k_kernel_LN_ -DNAME=zher2k_kernel_LN_ -DCNAME=zher2k_kernel_LN -DCHAR_NAME=\"zher2k_kernel_LN_\" -DCHAR_CNAME=\"zher2k_kernel_LN\" -DNO_AFFINITY -I../.. -DDOUBLE  -DCOMPLEX -DDOUBLE -DCOMPLEX -DLOWER -UCONJ zher2k_kernel.c -o zher2k_kernel_LN.o
cc -c -O2 -DMAX_STACK_ALLOC=2048 -Wall -m64 -DF_INTERFACE_GFORT -fPIC -DNO_LAPACK -DNO_LAPACKE -DSMP_SERVER -DNO_WARMUP -DMAX_CPU_NUMBER=4 -DMAX_PARALLEL_NUMBER=1 -DBUILD_SINGLE=1 -DBUILD_DOUBLE=1 -DBUILD_COMPLEX=1 -DBUILD_COMPLEX16=1 -DVERSION=\"0.3.17.dev\" -msse3 -mssse3 -msse4.1 -mavx -mavx2 -mavx2 -UASMNAME -UASMFNAME -UNAME -UCNAME -UCHAR_NAME -UCHAR_CNAME -DASMNAME=zher2k_kernel_LC -DASMFNAME=zher2k_kernel_LC_ -DNAME=zher2k_kernel_LC_ -DCNAME=zher2k_kernel_LC -DCHAR_NAME=\"zher2k_kernel_LC_\" -DCHAR_CNAME=\"zher2k_kernel_LC\" -DNO_AFFINITY -I../.. -DDOUBLE  -DCOMPLEX -DDOUBLE -DCOMPLEX -DLOWER -DCONJ zher2k_kernel.c -o zher2k_kernel_LC.o
cc -O2 -DMAX_STACK_ALLOC=2048 -Wall -m64 -DF_INTERFACE_GFORT -fPIC -DNO_LAPACK -DNO_LAPACKE -DSMP_SERVER -DNO_WARMUP -DMAX_CPU_NUMBER=4 -DMAX_PARALLEL_NUMBER=1 -DBUILD_SINGLE=1 -DBUILD_DOUBLE=1 -DBUILD_COMPLEX=1 -DBUILD_COMPLEX16=1 -DVERSION=\"0.3.17.dev\" -msse3 -mssse3 -msse4.1 -mavx -mavx2 -mavx2 -UASMNAME -UASMFNAME -UNAME -UCNAME -UCHAR_NAME -UCHAR_CNAME -DASMNAME=zgemm3m_nn -DASMFNAME=zgemm3m_nn_ -DNAME=zgemm3m_nn_ -DCNAME=zgemm3m_nn -DCHAR_NAME=\"zgemm3m_nn_\" -DCHAR_CNAME=\"zgemm3m_nn\" -DNO_AFFINITY -I../.. -DDOUBLE  -DCOMPLEX  -c -DDOUBLE -DCOMPLEX -DNN gemm3m.c -o zgemm3m_nn.o
cc -O2 -DMAX_STACK_ALLOC=2048 -Wall -m64 -DF_INTERFACE_GFORT -fPIC -DNO_LAPACK -DNO_LAPACKE -DSMP_SERVER -DNO_WARMUP -DMAX_CPU_NUMBER=4 -DMAX_PARALLEL_NUMBER=1 -DBUILD_SINGLE=1 -DBUILD_DOUBLE=1 -DBUILD_COMPLEX=1 -DBUILD_COMPLEX16=1 -DVERSION=\"0.3.17.dev\" -msse3 -mssse3 -msse4.1 -mavx -mavx2 -mavx2 -UASMNAME -UASMFNAME -UNAME -UCNAME -UCHAR_NAME -UCHAR_CNAME -DASMNAME=zgemm3m_cn -DASMFNAME=zgemm3m_cn_ -DNAME=zgemm3m_cn_ -DCNAME=zgemm3m_cn -DCHAR_NAME=\"zgemm3m_cn_\" -DCHAR_CNAME=\"zgemm3m_cn\" -DNO_AFFINITY -I../.. -DDOUBLE  -DCOMPLEX  -c -DDOUBLE -DCOMPLEX -DCN gemm3m.c -o zgemm3m_cn.o
cc -O2 -DMAX_STACK_ALLOC=2048 -Wall -m64 -DF_INTERFACE_GFORT -fPIC -DNO_LAPACK -DNO_LAPACKE -DSMP_SERVER -DNO_WARMUP -DMAX_CPU_NUMBER=4 -DMAX_PARALLEL_NUMBER=1 -DBUILD_SINGLE=1 -DBUILD_DOUBLE=1 -DBUILD_COMPLEX=1 -DBUILD_COMPLEX16=1 -DVERSION=\"0.3.17.dev\" -msse3 -mssse3 -msse4.1 -mavx -mavx2 -mavx2 -UASMNAME -UASMFNAME -UNAME -UCNAME -UCHAR_NAME -UCHAR_CNAME -DASMNAME=zgemm3m_tn -DASMFNAME=zgemm3m_tn_ -DNAME=zgemm3m_tn_ -DCNAME=zgemm3m_tn -DCHAR_NAME=\"zgemm3m_tn_\" -DCHAR_CNAME=\"zgemm3m_tn\" -DNO_AFFINITY -I../.. -DDOUBLE  -DCOMPLEX  -c -DDOUBLE -DCOMPLEX -DTN gemm3m.c -o zgemm3m_tn.o
cc -O2 -DMAX_STACK_ALLOC=2048 -Wall -m64 -DF_INTERFACE_GFORT -fPIC -DNO_LAPACK -DNO_LAPACKE -DSMP_SERVER -DNO_WARMUP -DMAX_CPU_NUMBER=4 -DMAX_PARALLEL_NUMBER=1 -DBUILD_SINGLE=1 -DBUILD_DOUBLE=1 -DBUILD_COMPLEX=1 -DBUILD_COMPLEX16=1 -DVERSION=\"0.3.17.dev\" -msse3 -mssse3 -msse4.1 -mavx -mavx2 -mavx2 -UASMNAME -UASMFNAME -UNAME -UCNAME -UCHAR_NAME -UCHAR_CNAME -DASMNAME=zgemm3m_nc -DASMFNAME=zgemm3m_nc_ -DNAME=zgemm3m_nc_ -DCNAME=zgemm3m_nc -DCHAR_NAME=\"zgemm3m_nc_\" -DCHAR_CNAME=\"zgemm3m_nc\" -DNO_AFFINITY -I../.. -DDOUBLE  -DCOMPLEX  -c -DDOUBLE -DCOMPLEX -DNC gemm3m.c -o zgemm3m_nc.o
cc -O2 -DMAX_STACK_ALLOC=2048 -Wall -m64 -DF_INTERFACE_GFORT -fPIC -DNO_LAPACK -DNO_LAPACKE -DSMP_SERVER -DNO_WARMUP -DMAX_CPU_NUMBER=4 -DMAX_PARALLEL_NUMBER=1 -DBUILD_SINGLE=1 -DBUILD_DOUBLE=1 -DBUILD_COMPLEX=1 -DBUILD_COMPLEX16=1 -DVERSION=\"0.3.17.dev\" -msse3 -mssse3 -msse4.1 -mavx -mavx2 -mavx2 -UASMNAME -UASMFNAME -UNAME -UCNAME -UCHAR_NAME -UCHAR_CNAME -DASMNAME=zgemm3m_nt -DASMFNAME=zgemm3m_nt_ -DNAME=zgemm3m_nt_ -DCNAME=zgemm3m_nt -DCHAR_NAME=\"zgemm3m_nt_\" -DCHAR_CNAME=\"zgemm3m_nt\" -DNO_AFFINITY -I../.. -DDOUBLE  -DCOMPLEX  -c -DDOUBLE -DCOMPLEX -DNT gemm3m.c -o zgemm3m_nt.o
cc -O2 -DMAX_STACK_ALLOC=2048 -Wall -m64 -DF_INTERFACE_GFORT -fPIC -DNO_LAPACK -DNO_LAPACKE -DSMP_SERVER -DNO_WARMUP -DMAX_CPU_NUMBER=4 -DMAX_PARALLEL_NUMBER=1 -DBUILD_SINGLE=1 -DBUILD_DOUBLE=1 -DBUILD_COMPLEX=1 -DBUILD_COMPLEX16=1 -DVERSION=\"0.3.17.dev\" -msse3 -mssse3 -msse4.1 -mavx -mavx2 -mavx2 -UASMNAME -UASMFNAME -UNAME -UCNAME -UCHAR_NAME -UCHAR_CNAME -DASMNAME=zgemm3m_cc -DASMFNAME=zgemm3m_cc_ -DNAME=zgemm3m_cc_ -DCNAME=zgemm3m_cc -DCHAR_NAME=\"zgemm3m_cc_\" -DCHAR_CNAME=\"zgemm3m_cc\" -DNO_AFFINITY -I../.. -DDOUBLE  -DCOMPLEX  -c -DDOUBLE -DCOMPLEX -DCC gemm3m.c -o zgemm3m_cc.o
cc -O2 -DMAX_STACK_ALLOC=2048 -Wall -m64 -DF_INTERFACE_GFORT -fPIC -DNO_LAPACK -DNO_LAPACKE -DSMP_SERVER -DNO_WARMUP -DMAX_CPU_NUMBER=4 -DMAX_PARALLEL_NUMBER=1 -DBUILD_SINGLE=1 -DBUILD_DOUBLE=1 -DBUILD_COMPLEX=1 -DBUILD_COMPLEX16=1 -DVERSION=\"0.3.17.dev\" -msse3 -mssse3 -msse4.1 -mavx -mavx2 -mavx2 -UASMNAME -UASMFNAME -UNAME -UCNAME -UCHAR_NAME -UCHAR_CNAME -DASMNAME=zgemm3m_ct -DASMFNAME=zgemm3m_ct_ -DNAME=zgemm3m_ct_ -DCNAME=zgemm3m_ct -DCHAR_NAME=\"zgemm3m_ct_\" -DCHAR_CNAME=\"zgemm3m_ct\" -DNO_AFFINITY -I../.. -DDOUBLE  -DCOMPLEX  -c -DDOUBLE -DCOMPLEX -DCT gemm3m.c -o zgemm3m_ct.o
cc -O2 -DMAX_STACK_ALLOC=2048 -Wall -m64 -DF_INTERFACE_GFORT -fPIC -DNO_LAPACK -DNO_LAPACKE -DSMP_SERVER -DNO_WARMUP -DMAX_CPU_NUMBER=4 -DMAX_PARALLEL_NUMBER=1 -DBUILD_SINGLE=1 -DBUILD_DOUBLE=1 -DBUILD_COMPLEX=1 -DBUILD_COMPLEX16=1 -DVERSION=\"0.3.17.dev\" -msse3 -mssse3 -msse4.1 -mavx -mavx2 -mavx2 -UASMNAME -UASMFNAME -UNAME -UCNAME -UCHAR_NAME -UCHAR_CNAME -DASMNAME=zgemm3m_tc -DASMFNAME=zgemm3m_tc_ -DNAME=zgemm3m_tc_ -DCNAME=zgemm3m_tc -DCHAR_NAME=\"zgemm3m_tc_\" -DCHAR_CNAME=\"zgemm3m_tc\" -DNO_AFFINITY -I../.. -DDOUBLE  -DCOMPLEX  -c -DDOUBLE -DCOMPLEX -DTC gemm3m.c -o zgemm3m_tc.o
cc -O2 -DMAX_STACK_ALLOC=2048 -Wall -m64 -DF_INTERFACE_GFORT -fPIC -DNO_LAPACK -DNO_LAPACKE -DSMP_SERVER -DNO_WARMUP -DMAX_CPU_NUMBER=4 -DMAX_PARALLEL_NUMBER=1 -DBUILD_SINGLE=1 -DBUILD_DOUBLE=1 -DBUILD_COMPLEX=1 -DBUILD_COMPLEX16=1 -DVERSION=\"0.3.17.dev\" -msse3 -mssse3 -msse4.1 -mavx -mavx2 -mavx2 -UASMNAME -UASMFNAME -UNAME -UCNAME -UCHAR_NAME -UCHAR_CNAME -DASMNAME=zgemm3m_tt -DASMFNAME=zgemm3m_tt_ -DNAME=zgemm3m_tt_ -DCNAME=zgemm3m_tt -DCHAR_NAME=\"zgemm3m_tt_\" -DCHAR_CNAME=\"zgemm3m_tt\" -DNO_AFFINITY -I../.. -DDOUBLE  -DCOMPLEX  -c -DDOUBLE -DCOMPLEX -DTT gemm3m.c -o zgemm3m_tt.o
cc -O2 -DMAX_STACK_ALLOC=2048 -Wall -m64 -DF_INTERFACE_GFORT -fPIC -DNO_LAPACK -DNO_LAPACKE -DSMP_SERVER -DNO_WARMUP -DMAX_CPU_NUMBER=4 -DMAX_PARALLEL_NUMBER=1 -DBUILD_SINGLE=1 -DBUILD_DOUBLE=1 -DBUILD_COMPLEX=1 -DBUILD_COMPLEX16=1 -DVERSION=\"0.3.17.dev\" -msse3 -mssse3 -msse4.1 -mavx -mavx2 -mavx2 -UASMNAME -UASMFNAME -UNAME -UCNAME -UCHAR_NAME -UCHAR_CNAME -DASMNAME=zgemm3m_nr -DASMFNAME=zgemm3m_nr_ -DNAME=zgemm3m_nr_ -DCNAME=zgemm3m_nr -DCHAR_NAME=\"zgemm3m_nr_\" -DCHAR_CNAME=\"zgemm3m_nr\" -DNO_AFFINITY -I../.. -DDOUBLE  -DCOMPLEX  -c -DDOUBLE -DCOMPLEX -DNR gemm3m.c -o zgemm3m_nr.o
cc -O2 -DMAX_STACK_ALLOC=2048 -Wall -m64 -DF_INTERFACE_GFORT -fPIC -DNO_LAPACK -DNO_LAPACKE -DSMP_SERVER -DNO_WARMUP -DMAX_CPU_NUMBER=4 -DMAX_PARALLEL_NUMBER=1 -DBUILD_SINGLE=1 -DBUILD_DOUBLE=1 -DBUILD_COMPLEX=1 -DBUILD_COMPLEX16=1 -DVERSION=\"0.3.17.dev\" -msse3 -mssse3 -msse4.1 -mavx -mavx2 -mavx2 -UASMNAME -UASMFNAME -UNAME -UCNAME -UCHAR_NAME -UCHAR_CNAME -DASMNAME=zgemm3m_tr -DASMFNAME=zgemm3m_tr_ -DNAME=zgemm3m_tr_ -DCNAME=zgemm3m_tr -DCHAR_NAME=\"zgemm3m_tr_\" -DCHAR_CNAME=\"zgemm3m_tr\" -DNO_AFFINITY -I../.. -DDOUBLE  -DCOMPLEX  -c -DDOUBLE -DCOMPLEX -DTR gemm3m.c -o zgemm3m_tr.o
cc -O2 -DMAX_STACK_ALLOC=2048 -Wall -m64 -DF_INTERFACE_GFORT -fPIC -DNO_LAPACK -DNO_LAPACKE -DSMP_SERVER -DNO_WARMUP -DMAX_CPU_NUMBER=4 -DMAX_PARALLEL_NUMBER=1 -DBUILD_SINGLE=1 -DBUILD_DOUBLE=1 -DBUILD_COMPLEX=1 -DBUILD_COMPLEX16=1 -DVERSION=\"0.3.17.dev\" -msse3 -mssse3 -msse4.1 -mavx -mavx2 -mavx2 -UASMNAME -UASMFNAME -UNAME -UCNAME -UCHAR_NAME -UCHAR_CNAME -DASMNAME=zgemm3m_cr -DASMFNAME=zgemm3m_cr_ -DNAME=zgemm3m_cr_ -DCNAME=zgemm3m_cr -DCHAR_NAME=\"zgemm3m_cr_\" -DCHAR_CNAME=\"zgemm3m_cr\" -DNO_AFFINITY -I../.. -DDOUBLE  -DCOMPLEX  -c -DDOUBLE -DCOMPLEX -DCR=CR gemm3m.c -o zgemm3m_cr.o
cc -O2 -DMAX_STACK_ALLOC=2048 -Wall -m64 -DF_INTERFACE_GFORT -fPIC -DNO_LAPACK -DNO_LAPACKE -DSMP_SERVER -DNO_WARMUP -DMAX_CPU_NUMBER=4 -DMAX_PARALLEL_NUMBER=1 -DBUILD_SINGLE=1 -DBUILD_DOUBLE=1 -DBUILD_COMPLEX=1 -DBUILD_COMPLEX16=1 -DVERSION=\"0.3.17.dev\" -msse3 -mssse3 -msse4.1 -mavx -mavx2 -mavx2 -UASMNAME -UASMFNAME -UNAME -UCNAME -UCHAR_NAME -UCHAR_CNAME -DASMNAME=zgemm3m_rn -DASMFNAME=zgemm3m_rn_ -DNAME=zgemm3m_rn_ -DCNAME=zgemm3m_rn -DCHAR_NAME=\"zgemm3m_rn_\" -DCHAR_CNAME=\"zgemm3m_rn\" -DNO_AFFINITY -I../.. -DDOUBLE  -DCOMPLEX  -c -DDOUBLE -DCOMPLEX -DRN gemm3m.c -o zgemm3m_rn.o
cc -O2 -DMAX_STACK_ALLOC=2048 -Wall -m64 -DF_INTERFACE_GFORT -fPIC -DNO_LAPACK -DNO_LAPACKE -DSMP_SERVER -DNO_WARMUP -DMAX_CPU_NUMBER=4 -DMAX_PARALLEL_NUMBER=1 -DBUILD_SINGLE=1 -DBUILD_DOUBLE=1 -DBUILD_COMPLEX=1 -DBUILD_COMPLEX16=1 -DVERSION=\"0.3.17.dev\" -msse3 -mssse3 -msse4.1 -mavx -mavx2 -mavx2 -UASMNAME -UASMFNAME -UNAME -UCNAME -UCHAR_NAME -UCHAR_CNAME -DASMNAME=zgemm3m_rt -DASMFNAME=zgemm3m_rt_ -DNAME=zgemm3m_rt_ -DCNAME=zgemm3m_rt -DCHAR_NAME=\"zgemm3m_rt_\" -DCHAR_CNAME=\"zgemm3m_rt\" -DNO_AFFINITY -I../.. -DDOUBLE  -DCOMPLEX  -c -DDOUBLE -DCOMPLEX -DRT gemm3m.c -o zgemm3m_rt.o
cc -O2 -DMAX_STACK_ALLOC=2048 -Wall -m64 -DF_INTERFACE_GFORT -fPIC -DNO_LAPACK -DNO_LAPACKE -DSMP_SERVER -DNO_WARMUP -DMAX_CPU_NUMBER=4 -DMAX_PARALLEL_NUMBER=1 -DBUILD_SINGLE=1 -DBUILD_DOUBLE=1 -DBUILD_COMPLEX=1 -DBUILD_COMPLEX16=1 -DVERSION=\"0.3.17.dev\" -msse3 -mssse3 -msse4.1 -mavx -mavx2 -mavx2 -UASMNAME -UASMFNAME -UNAME -UCNAME -UCHAR_NAME -UCHAR_CNAME -DASMNAME=zgemm3m_rc -DASMFNAME=zgemm3m_rc_ -DNAME=zgemm3m_rc_ -DCNAME=zgemm3m_rc -DCHAR_NAME=\"zgemm3m_rc_\" -DCHAR_CNAME=\"zgemm3m_rc\" -DNO_AFFINITY -I../.. -DDOUBLE  -DCOMPLEX  -c -DDOUBLE -DCOMPLEX -DRC=RC gemm3m.c -o zgemm3m_rc.o
cc -O2 -DMAX_STACK_ALLOC=2048 -Wall -m64 -DF_INTERFACE_GFORT -fPIC -DNO_LAPACK -DNO_LAPACKE -DSMP_SERVER -DNO_WARMUP -DMAX_CPU_NUMBER=4 -DMAX_PARALLEL_NUMBER=1 -DBUILD_SINGLE=1 -DBUILD_DOUBLE=1 -DBUILD_COMPLEX=1 -DBUILD_COMPLEX16=1 -DVERSION=\"0.3.17.dev\" -msse3 -mssse3 -msse4.1 -mavx -mavx2 -mavx2 -UASMNAME -UASMFNAME -UNAME -UCNAME -UCHAR_NAME -UCHAR_CNAME -DASMNAME=zgemm3m_rr -DASMFNAME=zgemm3m_rr_ -DNAME=zgemm3m_rr_ -DCNAME=zgemm3m_rr -DCHAR_NAME=\"zgemm3m_rr_\" -DCHAR_CNAME=\"zgemm3m_rr\" -DNO_AFFINITY -I../.. -DDOUBLE  -DCOMPLEX  -c -DDOUBLE -DCOMPLEX -DRR gemm3m.c -o zgemm3m_rr.o
cc -c -O2 -DMAX_STACK_ALLOC=2048 -Wall -m64 -DF_INTERFACE_GFORT -fPIC -DNO_LAPACK -DNO_LAPACKE -DSMP_SERVER -DNO_WARMUP -DMAX_CPU_NUMBER=4 -DMAX_PARALLEL_NUMBER=1 -DBUILD_SINGLE=1 -DBUILD_DOUBLE=1 -DBUILD_COMPLEX=1 -DBUILD_COMPLEX16=1 -DVERSION=\"0.3.17.dev\" -msse3 -mssse3 -msse4.1 -mavx -mavx2 -mavx2 -UASMNAME -UASMFNAME -UNAME -UCNAME -UCHAR_NAME -UCHAR_CNAME -DASMNAME=zsymm3m_LU -DASMFNAME=zsymm3m_LU_ -DNAME=zsymm3m_LU_ -DCNAME=zsymm3m_LU -DCHAR_NAME=\"zsymm3m_LU_\" -DCHAR_CNAME=\"zsymm3m_LU\" -DNO_AFFINITY -I../.. -DDOUBLE  -DCOMPLEX -DDOUBLE -DCOMPLEX -ULOWER -URSIDE -DNN symm3m_k.c -o zsymm3m_LU.o
cc -c -O2 -DMAX_STACK_ALLOC=2048 -Wall -m64 -DF_INTERFACE_GFORT -fPIC -DNO_LAPACK -DNO_LAPACKE -DSMP_SERVER -DNO_WARMUP -DMAX_CPU_NUMBER=4 -DMAX_PARALLEL_NUMBER=1 -DBUILD_SINGLE=1 -DBUILD_DOUBLE=1 -DBUILD_COMPLEX=1 -DBUILD_COMPLEX16=1 -DVERSION=\"0.3.17.dev\" -msse3 -mssse3 -msse4.1 -mavx -mavx2 -mavx2 -UASMNAME -UASMFNAME -UNAME -UCNAME -UCHAR_NAME -UCHAR_CNAME -DASMNAME=zsymm3m_LL -DASMFNAME=zsymm3m_LL_ -DNAME=zsymm3m_LL_ -DCNAME=zsymm3m_LL -DCHAR_NAME=\"zsymm3m_LL_\" -DCHAR_CNAME=\"zsymm3m_LL\" -DNO_AFFINITY -I../.. -DDOUBLE  -DCOMPLEX -DDOUBLE -DCOMPLEX -DLOWER -URSIDE -DNN symm3m_k.c -o zsymm3m_LL.o
cc -c -O2 -DMAX_STACK_ALLOC=2048 -Wall -m64 -DF_INTERFACE_GFORT -fPIC -DNO_LAPACK -DNO_LAPACKE -DSMP_SERVER -DNO_WARMUP -DMAX_CPU_NUMBER=4 -DMAX_PARALLEL_NUMBER=1 -DBUILD_SINGLE=1 -DBUILD_DOUBLE=1 -DBUILD_COMPLEX=1 -DBUILD_COMPLEX16=1 -DVERSION=\"0.3.17.dev\" -msse3 -mssse3 -msse4.1 -mavx -mavx2 -mavx2 -UASMNAME -UASMFNAME -UNAME -UCNAME -UCHAR_NAME -UCHAR_CNAME -DASMNAME=zsymm3m_RU -DASMFNAME=zsymm3m_RU_ -DNAME=zsymm3m_RU_ -DCNAME=zsymm3m_RU -DCHAR_NAME=\"zsymm3m_RU_\" -DCHAR_CNAME=\"zsymm3m_RU\" -DNO_AFFINITY -I../.. -DDOUBLE  -DCOMPLEX -DDOUBLE -DCOMPLEX -ULOWER -DRSIDE -DNN symm3m_k.c -o zsymm3m_RU.o
cc -c -O2 -DMAX_STACK_ALLOC=2048 -Wall -m64 -DF_INTERFACE_GFORT -fPIC -DNO_LAPACK -DNO_LAPACKE -DSMP_SERVER -DNO_WARMUP -DMAX_CPU_NUMBER=4 -DMAX_PARALLEL_NUMBER=1 -DBUILD_SINGLE=1 -DBUILD_DOUBLE=1 -DBUILD_COMPLEX=1 -DBUILD_COMPLEX16=1 -DVERSION=\"0.3.17.dev\" -msse3 -mssse3 -msse4.1 -mavx -mavx2 -mavx2 -UASMNAME -UASMFNAME -UNAME -UCNAME -UCHAR_NAME -UCHAR_CNAME -DASMNAME=zsymm3m_RL -DASMFNAME=zsymm3m_RL_ -DNAME=zsymm3m_RL_ -DCNAME=zsymm3m_RL -DCHAR_NAME=\"zsymm3m_RL_\" -DCHAR_CNAME=\"zsymm3m_RL\" -DNO_AFFINITY -I../.. -DDOUBLE  -DCOMPLEX -DDOUBLE -DCOMPLEX -DLOWER -DRSIDE -DNN symm3m_k.c -o zsymm3m_RL.o
cc -c -O2 -DMAX_STACK_ALLOC=2048 -Wall -m64 -DF_INTERFACE_GFORT -fPIC -DNO_LAPACK -DNO_LAPACKE -DSMP_SERVER -DNO_WARMUP -DMAX_CPU_NUMBER=4 -DMAX_PARALLEL_NUMBER=1 -DBUILD_SINGLE=1 -DBUILD_DOUBLE=1 -DBUILD_COMPLEX=1 -DBUILD_COMPLEX16=1 -DVERSION=\"0.3.17.dev\" -msse3 -mssse3 -msse4.1 -mavx -mavx2 -mavx2 -UASMNAME -UASMFNAME -UNAME -UCNAME -UCHAR_NAME -UCHAR_CNAME -DASMNAME=zhemm3m_LU -DASMFNAME=zhemm3m_LU_ -DNAME=zhemm3m_LU_ -DCNAME=zhemm3m_LU -DCHAR_NAME=\"zhemm3m_LU_\" -DCHAR_CNAME=\"zhemm3m_LU\" -DNO_AFFINITY -I../.. -DDOUBLE  -DCOMPLEX -DDOUBLE -DCOMPLEX -ULOWER -URSIDE -DNN hemm3m_k.c -o zhemm3m_LU.o
cc -c -O2 -DMAX_STACK_ALLOC=2048 -Wall -m64 -DF_INTERFACE_GFORT -fPIC -DNO_LAPACK -DNO_LAPACKE -DSMP_SERVER -DNO_WARMUP -DMAX_CPU_NUMBER=4 -DMAX_PARALLEL_NUMBER=1 -DBUILD_SINGLE=1 -DBUILD_DOUBLE=1 -DBUILD_COMPLEX=1 -DBUILD_COMPLEX16=1 -DVERSION=\"0.3.17.dev\" -msse3 -mssse3 -msse4.1 -mavx -mavx2 -mavx2 -UASMNAME -UASMFNAME -UNAME -UCNAME -UCHAR_NAME -UCHAR_CNAME -DASMNAME=zhemm3m_LL -DASMFNAME=zhemm3m_LL_ -DNAME=zhemm3m_LL_ -DCNAME=zhemm3m_LL -DCHAR_NAME=\"zhemm3m_LL_\" -DCHAR_CNAME=\"zhemm3m_LL\" -DNO_AFFINITY -I../.. -DDOUBLE  -DCOMPLEX -DDOUBLE -DCOMPLEX -DLOWER -URSIDE -DNN hemm3m_k.c -o zhemm3m_LL.o
cc -c -O2 -DMAX_STACK_ALLOC=2048 -Wall -m64 -DF_INTERFACE_GFORT -fPIC -DNO_LAPACK -DNO_LAPACKE -DSMP_SERVER -DNO_WARMUP -DMAX_CPU_NUMBER=4 -DMAX_PARALLEL_NUMBER=1 -DBUILD_SINGLE=1 -DBUILD_DOUBLE=1 -DBUILD_COMPLEX=1 -DBUILD_COMPLEX16=1 -DVERSION=\"0.3.17.dev\" -msse3 -mssse3 -msse4.1 -mavx -mavx2 -mavx2 -UASMNAME -UASMFNAME -UNAME -UCNAME -UCHAR_NAME -UCHAR_CNAME -DASMNAME=zhemm3m_RU -DASMFNAME=zhemm3m_RU_ -DNAME=zhemm3m_RU_ -DCNAME=zhemm3m_RU -DCHAR_NAME=\"zhemm3m_RU_\" -DCHAR_CNAME=\"zhemm3m_RU\" -DNO_AFFINITY -I../.. -DDOUBLE  -DCOMPLEX -DDOUBLE -DCOMPLEX -ULOWER -DRSIDE -DNN hemm3m_k.c -o zhemm3m_RU.o
cc -c -O2 -DMAX_STACK_ALLOC=2048 -Wall -m64 -DF_INTERFACE_GFORT -fPIC -DNO_LAPACK -DNO_LAPACKE -DSMP_SERVER -DNO_WARMUP -DMAX_CPU_NUMBER=4 -DMAX_PARALLEL_NUMBER=1 -DBUILD_SINGLE=1 -DBUILD_DOUBLE=1 -DBUILD_COMPLEX=1 -DBUILD_COMPLEX16=1 -DVERSION=\"0.3.17.dev\" -msse3 -mssse3 -msse4.1 -mavx -mavx2 -mavx2 -UASMNAME -UASMFNAME -UNAME -UCNAME -UCHAR_NAME -UCHAR_CNAME -DASMNAME=zhemm3m_RL -DASMFNAME=zhemm3m_RL_ -DNAME=zhemm3m_RL_ -DCNAME=zhemm3m_RL -DCHAR_NAME=\"zhemm3m_RL_\" -DCHAR_CNAME=\"zhemm3m_RL\" -DNO_AFFINITY -I../.. -DDOUBLE  -DCOMPLEX -DDOUBLE -DCOMPLEX -DLOWER -DRSIDE -DNN hemm3m_k.c -o zhemm3m_RL.o
cc -O2 -DMAX_STACK_ALLOC=2048 -Wall -m64 -DF_INTERFACE_GFORT -fPIC -DNO_LAPACK -DNO_LAPACKE -DSMP_SERVER -DNO_WARMUP -DMAX_CPU_NUMBER=4 -DMAX_PARALLEL_NUMBER=1 -DBUILD_SINGLE=1 -DBUILD_DOUBLE=1 -DBUILD_COMPLEX=1 -DBUILD_COMPLEX16=1 -DVERSION=\"0.3.17.dev\" -msse3 -mssse3 -msse4.1 -mavx -mavx2 -mavx2 -UASMNAME -UASMFNAME -UNAME -UCNAME -UCHAR_NAME -UCHAR_CNAME -DASMNAME=zgemm_thread_nn -DASMFNAME=zgemm_thread_nn_ -DNAME=zgemm_thread_nn_ -DCNAME=zgemm_thread_nn -DCHAR_NAME=\"zgemm_thread_nn_\" -DCHAR_CNAME=\"zgemm_thread_nn\" -DNO_AFFINITY -I../.. -DDOUBLE  -DCOMPLEX  -c -DTHREADED_LEVEL3 -DDOUBLE -DCOMPLEX -DNN gemm.c -o zgemm_thread_nn.o
cc -O2 -DMAX_STACK_ALLOC=2048 -Wall -m64 -DF_INTERFACE_GFORT -fPIC -DNO_LAPACK -DNO_LAPACKE -DSMP_SERVER -DNO_WARMUP -DMAX_CPU_NUMBER=4 -DMAX_PARALLEL_NUMBER=1 -DBUILD_SINGLE=1 -DBUILD_DOUBLE=1 -DBUILD_COMPLEX=1 -DBUILD_COMPLEX16=1 -DVERSION=\"0.3.17.dev\" -msse3 -mssse3 -msse4.1 -mavx -mavx2 -mavx2 -UASMNAME -UASMFNAME -UNAME -UCNAME -UCHAR_NAME -UCHAR_CNAME -DASMNAME=zgemm_thread_nt -DASMFNAME=zgemm_thread_nt_ -DNAME=zgemm_thread_nt_ -DCNAME=zgemm_thread_nt -DCHAR_NAME=\"zgemm_thread_nt_\" -DCHAR_CNAME=\"zgemm_thread_nt\" -DNO_AFFINITY -I../.. -DDOUBLE  -DCOMPLEX  -c -DTHREADED_LEVEL3 -DDOUBLE -DCOMPLEX -DNT gemm.c -o zgemm_thread_nt.o
cc -O2 -DMAX_STACK_ALLOC=2048 -Wall -m64 -DF_INTERFACE_GFORT -fPIC -DNO_LAPACK -DNO_LAPACKE -DSMP_SERVER -DNO_WARMUP -DMAX_CPU_NUMBER=4 -DMAX_PARALLEL_NUMBER=1 -DBUILD_SINGLE=1 -DBUILD_DOUBLE=1 -DBUILD_COMPLEX=1 -DBUILD_COMPLEX16=1 -DVERSION=\"0.3.17.dev\" -msse3 -mssse3 -msse4.1 -mavx -mavx2 -mavx2 -UASMNAME -UASMFNAME -UNAME -UCNAME -UCHAR_NAME -UCHAR_CNAME -DASMNAME=zgemm_thread_nr -DASMFNAME=zgemm_thread_nr_ -DNAME=zgemm_thread_nr_ -DCNAME=zgemm_thread_nr -DCHAR_NAME=\"zgemm_thread_nr_\" -DCHAR_CNAME=\"zgemm_thread_nr\" -DNO_AFFINITY -I../.. -DDOUBLE  -DCOMPLEX  -c -DTHREADED_LEVEL3 -DDOUBLE -DCOMPLEX -DNR gemm.c -o zgemm_thread_nr.o
cc -O2 -DMAX_STACK_ALLOC=2048 -Wall -m64 -DF_INTERFACE_GFORT -fPIC -DNO_LAPACK -DNO_LAPACKE -DSMP_SERVER -DNO_WARMUP -DMAX_CPU_NUMBER=4 -DMAX_PARALLEL_NUMBER=1 -DBUILD_SINGLE=1 -DBUILD_DOUBLE=1 -DBUILD_COMPLEX=1 -DBUILD_COMPLEX16=1 -DVERSION=\"0.3.17.dev\" -msse3 -mssse3 -msse4.1 -mavx -mavx2 -mavx2 -UASMNAME -UASMFNAME -UNAME -UCNAME -UCHAR_NAME -UCHAR_CNAME -DASMNAME=zgemm_thread_nc -DASMFNAME=zgemm_thread_nc_ -DNAME=zgemm_thread_nc_ -DCNAME=zgemm_thread_nc -DCHAR_NAME=\"zgemm_thread_nc_\" -DCHAR_CNAME=\"zgemm_thread_nc\" -DNO_AFFINITY -I../.. -DDOUBLE  -DCOMPLEX  -c -DTHREADED_LEVEL3 -DDOUBLE -DCOMPLEX -DNC gemm.c -o zgemm_thread_nc.o
cc -O2 -DMAX_STACK_ALLOC=2048 -Wall -m64 -DF_INTERFACE_GFORT -fPIC -DNO_LAPACK -DNO_LAPACKE -DSMP_SERVER -DNO_WARMUP -DMAX_CPU_NUMBER=4 -DMAX_PARALLEL_NUMBER=1 -DBUILD_SINGLE=1 -DBUILD_DOUBLE=1 -DBUILD_COMPLEX=1 -DBUILD_COMPLEX16=1 -DVERSION=\"0.3.17.dev\" -msse3 -mssse3 -msse4.1 -mavx -mavx2 -mavx2 -UASMNAME -UASMFNAME -UNAME -UCNAME -UCHAR_NAME -UCHAR_CNAME -DASMNAME=zgemm_thread_tn -DASMFNAME=zgemm_thread_tn_ -DNAME=zgemm_thread_tn_ -DCNAME=zgemm_thread_tn -DCHAR_NAME=\"zgemm_thread_tn_\" -DCHAR_CNAME=\"zgemm_thread_tn\" -DNO_AFFINITY -I../.. -DDOUBLE  -DCOMPLEX  -c -DTHREADED_LEVEL3 -DDOUBLE -DCOMPLEX -DTN gemm.c -o zgemm_thread_tn.o
cc -O2 -DMAX_STACK_ALLOC=2048 -Wall -m64 -DF_INTERFACE_GFORT -fPIC -DNO_LAPACK -DNO_LAPACKE -DSMP_SERVER -DNO_WARMUP -DMAX_CPU_NUMBER=4 -DMAX_PARALLEL_NUMBER=1 -DBUILD_SINGLE=1 -DBUILD_DOUBLE=1 -DBUILD_COMPLEX=1 -DBUILD_COMPLEX16=1 -DVERSION=\"0.3.17.dev\" -msse3 -mssse3 -msse4.1 -mavx -mavx2 -mavx2 -UASMNAME -UASMFNAME -UNAME -UCNAME -UCHAR_NAME -UCHAR_CNAME -DASMNAME=zgemm_thread_tt -DASMFNAME=zgemm_thread_tt_ -DNAME=zgemm_thread_tt_ -DCNAME=zgemm_thread_tt -DCHAR_NAME=\"zgemm_thread_tt_\" -DCHAR_CNAME=\"zgemm_thread_tt\" -DNO_AFFINITY -I../.. -DDOUBLE  -DCOMPLEX  -c -DTHREADED_LEVEL3 -DDOUBLE -DCOMPLEX -DTT gemm.c -o zgemm_thread_tt.o
cc -O2 -DMAX_STACK_ALLOC=2048 -Wall -m64 -DF_INTERFACE_GFORT -fPIC -DNO_LAPACK -DNO_LAPACKE -DSMP_SERVER -DNO_WARMUP -DMAX_CPU_NUMBER=4 -DMAX_PARALLEL_NUMBER=1 -DBUILD_SINGLE=1 -DBUILD_DOUBLE=1 -DBUILD_COMPLEX=1 -DBUILD_COMPLEX16=1 -DVERSION=\"0.3.17.dev\" -msse3 -mssse3 -msse4.1 -mavx -mavx2 -mavx2 -UASMNAME -UASMFNAME -UNAME -UCNAME -UCHAR_NAME -UCHAR_CNAME -DASMNAME=zgemm_thread_tr -DASMFNAME=zgemm_thread_tr_ -DNAME=zgemm_thread_tr_ -DCNAME=zgemm_thread_tr -DCHAR_NAME=\"zgemm_thread_tr_\" -DCHAR_CNAME=\"zgemm_thread_tr\" -DNO_AFFINITY -I../.. -DDOUBLE  -DCOMPLEX  -c -DTHREADED_LEVEL3 -DDOUBLE -DCOMPLEX -DTR gemm.c -o zgemm_thread_tr.o
cc -O2 -DMAX_STACK_ALLOC=2048 -Wall -m64 -DF_INTERFACE_GFORT -fPIC -DNO_LAPACK -DNO_LAPACKE -DSMP_SERVER -DNO_WARMUP -DMAX_CPU_NUMBER=4 -DMAX_PARALLEL_NUMBER=1 -DBUILD_SINGLE=1 -DBUILD_DOUBLE=1 -DBUILD_COMPLEX=1 -DBUILD_COMPLEX16=1 -DVERSION=\"0.3.17.dev\" -msse3 -mssse3 -msse4.1 -mavx -mavx2 -mavx2 -UASMNAME -UASMFNAME -UNAME -UCNAME -UCHAR_NAME -UCHAR_CNAME -DASMNAME=zgemm_thread_tc -DASMFNAME=zgemm_thread_tc_ -DNAME=zgemm_thread_tc_ -DCNAME=zgemm_thread_tc -DCHAR_NAME=\"zgemm_thread_tc_\" -DCHAR_CNAME=\"zgemm_thread_tc\" -DNO_AFFINITY -I../.. -DDOUBLE  -DCOMPLEX  -c -DTHREADED_LEVEL3 -DDOUBLE -DCOMPLEX -DTC gemm.c -o zgemm_thread_tc.o
cc -O2 -DMAX_STACK_ALLOC=2048 -Wall -m64 -DF_INTERFACE_GFORT -fPIC -DNO_LAPACK -DNO_LAPACKE -DSMP_SERVER -DNO_WARMUP -DMAX_CPU_NUMBER=4 -DMAX_PARALLEL_NUMBER=1 -DBUILD_SINGLE=1 -DBUILD_DOUBLE=1 -DBUILD_COMPLEX=1 -DBUILD_COMPLEX16=1 -DVERSION=\"0.3.17.dev\" -msse3 -mssse3 -msse4.1 -mavx -mavx2 -mavx2 -UASMNAME -UASMFNAME -UNAME -UCNAME -UCHAR_NAME -UCHAR_CNAME -DASMNAME=zgemm_thread_rn -DASMFNAME=zgemm_thread_rn_ -DNAME=zgemm_thread_rn_ -DCNAME=zgemm_thread_rn -DCHAR_NAME=\"zgemm_thread_rn_\" -DCHAR_CNAME=\"zgemm_thread_rn\" -DNO_AFFINITY -I../.. -DDOUBLE  -DCOMPLEX  -c -DTHREADED_LEVEL3 -DDOUBLE -DCOMPLEX -DRN gemm.c -o zgemm_thread_rn.o
cc -O2 -DMAX_STACK_ALLOC=2048 -Wall -m64 -DF_INTERFACE_GFORT -fPIC -DNO_LAPACK -DNO_LAPACKE -DSMP_SERVER -DNO_WARMUP -DMAX_CPU_NUMBER=4 -DMAX_PARALLEL_NUMBER=1 -DBUILD_SINGLE=1 -DBUILD_DOUBLE=1 -DBUILD_COMPLEX=1 -DBUILD_COMPLEX16=1 -DVERSION=\"0.3.17.dev\" -msse3 -mssse3 -msse4.1 -mavx -mavx2 -mavx2 -UASMNAME -UASMFNAME -UNAME -UCNAME -UCHAR_NAME -UCHAR_CNAME -DASMNAME=zgemm_thread_rt -DASMFNAME=zgemm_thread_rt_ -DNAME=zgemm_thread_rt_ -DCNAME=zgemm_thread_rt -DCHAR_NAME=\"zgemm_thread_rt_\" -DCHAR_CNAME=\"zgemm_thread_rt\" -DNO_AFFINITY -I../.. -DDOUBLE  -DCOMPLEX  -c -DTHREADED_LEVEL3 -DDOUBLE -DCOMPLEX -DRT gemm.c -o zgemm_thread_rt.o
cc -O2 -DMAX_STACK_ALLOC=2048 -Wall -m64 -DF_INTERFACE_GFORT -fPIC -DNO_LAPACK -DNO_LAPACKE -DSMP_SERVER -DNO_WARMUP -DMAX_CPU_NUMBER=4 -DMAX_PARALLEL_NUMBER=1 -DBUILD_SINGLE=1 -DBUILD_DOUBLE=1 -DBUILD_COMPLEX=1 -DBUILD_COMPLEX16=1 -DVERSION=\"0.3.17.dev\" -msse3 -mssse3 -msse4.1 -mavx -mavx2 -mavx2 -UASMNAME -UASMFNAME -UNAME -UCNAME -UCHAR_NAME -UCHAR_CNAME -DASMNAME=zgemm_thread_rr -DASMFNAME=zgemm_thread_rr_ -DNAME=zgemm_thread_rr_ -DCNAME=zgemm_thread_rr -DCHAR_NAME=\"zgemm_thread_rr_\" -DCHAR_CNAME=\"zgemm_thread_rr\" -DNO_AFFINITY -I../.. -DDOUBLE  -DCOMPLEX  -c -DTHREADED_LEVEL3 -DDOUBLE -DCOMPLEX -DRR gemm.c -o zgemm_thread_rr.o
cc -O2 -DMAX_STACK_ALLOC=2048 -Wall -m64 -DF_INTERFACE_GFORT -fPIC -DNO_LAPACK -DNO_LAPACKE -DSMP_SERVER -DNO_WARMUP -DMAX_CPU_NUMBER=4 -DMAX_PARALLEL_NUMBER=1 -DBUILD_SINGLE=1 -DBUILD_DOUBLE=1 -DBUILD_COMPLEX=1 -DBUILD_COMPLEX16=1 -DVERSION=\"0.3.17.dev\" -msse3 -mssse3 -msse4.1 -mavx -mavx2 -mavx2 -UASMNAME -UASMFNAME -UNAME -UCNAME -UCHAR_NAME -UCHAR_CNAME -DASMNAME=zgemm_thread_rc -DASMFNAME=zgemm_thread_rc_ -DNAME=zgemm_thread_rc_ -DCNAME=zgemm_thread_rc -DCHAR_NAME=\"zgemm_thread_rc_\" -DCHAR_CNAME=\"zgemm_thread_rc\" -DNO_AFFINITY -I../.. -DDOUBLE  -DCOMPLEX  -c -DTHREADED_LEVEL3 -DDOUBLE -DCOMPLEX -DRC=RC gemm.c -o zgemm_thread_rc.o
cc -O2 -DMAX_STACK_ALLOC=2048 -Wall -m64 -DF_INTERFACE_GFORT -fPIC -DNO_LAPACK -DNO_LAPACKE -DSMP_SERVER -DNO_WARMUP -DMAX_CPU_NUMBER=4 -DMAX_PARALLEL_NUMBER=1 -DBUILD_SINGLE=1 -DBUILD_DOUBLE=1 -DBUILD_COMPLEX=1 -DBUILD_COMPLEX16=1 -DVERSION=\"0.3.17.dev\" -msse3 -mssse3 -msse4.1 -mavx -mavx2 -mavx2 -UASMNAME -UASMFNAME -UNAME -UCNAME -UCHAR_NAME -UCHAR_CNAME -DASMNAME=zgemm_thread_cn -DASMFNAME=zgemm_thread_cn_ -DNAME=zgemm_thread_cn_ -DCNAME=zgemm_thread_cn -DCHAR_NAME=\"zgemm_thread_cn_\" -DCHAR_CNAME=\"zgemm_thread_cn\" -DNO_AFFINITY -I../.. -DDOUBLE  -DCOMPLEX  -c -DTHREADED_LEVEL3 -DDOUBLE -DCOMPLEX -DCN gemm.c -o zgemm_thread_cn.o
cc -O2 -DMAX_STACK_ALLOC=2048 -Wall -m64 -DF_INTERFACE_GFORT -fPIC -DNO_LAPACK -DNO_LAPACKE -DSMP_SERVER -DNO_WARMUP -DMAX_CPU_NUMBER=4 -DMAX_PARALLEL_NUMBER=1 -DBUILD_SINGLE=1 -DBUILD_DOUBLE=1 -DBUILD_COMPLEX=1 -DBUILD_COMPLEX16=1 -DVERSION=\"0.3.17.dev\" -msse3 -mssse3 -msse4.1 -mavx -mavx2 -mavx2 -UASMNAME -UASMFNAME -UNAME -UCNAME -UCHAR_NAME -UCHAR_CNAME -DASMNAME=zgemm_thread_ct -DASMFNAME=zgemm_thread_ct_ -DNAME=zgemm_thread_ct_ -DCNAME=zgemm_thread_ct -DCHAR_NAME=\"zgemm_thread_ct_\" -DCHAR_CNAME=\"zgemm_thread_ct\" -DNO_AFFINITY -I../.. -DDOUBLE  -DCOMPLEX  -c -DTHREADED_LEVEL3 -DDOUBLE -DCOMPLEX -DCT gemm.c -o zgemm_thread_ct.o
cc -O2 -DMAX_STACK_ALLOC=2048 -Wall -m64 -DF_INTERFACE_GFORT -fPIC -DNO_LAPACK -DNO_LAPACKE -DSMP_SERVER -DNO_WARMUP -DMAX_CPU_NUMBER=4 -DMAX_PARALLEL_NUMBER=1 -DBUILD_SINGLE=1 -DBUILD_DOUBLE=1 -DBUILD_COMPLEX=1 -DBUILD_COMPLEX16=1 -DVERSION=\"0.3.17.dev\" -msse3 -mssse3 -msse4.1 -mavx -mavx2 -mavx2 -UASMNAME -UASMFNAME -UNAME -UCNAME -UCHAR_NAME -UCHAR_CNAME -DASMNAME=zgemm_thread_cr -DASMFNAME=zgemm_thread_cr_ -DNAME=zgemm_thread_cr_ -DCNAME=zgemm_thread_cr -DCHAR_NAME=\"zgemm_thread_cr_\" -DCHAR_CNAME=\"zgemm_thread_cr\" -DNO_AFFINITY -I../.. -DDOUBLE  -DCOMPLEX  -c -DTHREADED_LEVEL3 -DDOUBLE -DCOMPLEX -DCR=CR gemm.c -o zgemm_thread_cr.o
cc -O2 -DMAX_STACK_ALLOC=2048 -Wall -m64 -DF_INTERFACE_GFORT -fPIC -DNO_LAPACK -DNO_LAPACKE -DSMP_SERVER -DNO_WARMUP -DMAX_CPU_NUMBER=4 -DMAX_PARALLEL_NUMBER=1 -DBUILD_SINGLE=1 -DBUILD_DOUBLE=1 -DBUILD_COMPLEX=1 -DBUILD_COMPLEX16=1 -DVERSION=\"0.3.17.dev\" -msse3 -mssse3 -msse4.1 -mavx -mavx2 -mavx2 -UASMNAME -UASMFNAME -UNAME -UCNAME -UCHAR_NAME -UCHAR_CNAME -DASMNAME=zgemm_thread_cc -DASMFNAME=zgemm_thread_cc_ -DNAME=zgemm_thread_cc_ -DCNAME=zgemm_thread_cc -DCHAR_NAME=\"zgemm_thread_cc_\" -DCHAR_CNAME=\"zgemm_thread_cc\" -DNO_AFFINITY -I../.. -DDOUBLE  -DCOMPLEX  -c -DTHREADED_LEVEL3 -DDOUBLE -DCOMPLEX -DCC gemm.c -o zgemm_thread_cc.o
cc -c -DTHREADED_LEVEL3 -O2 -DMAX_STACK_ALLOC=2048 -Wall -m64 -DF_INTERFACE_GFORT -fPIC -DNO_LAPACK -DNO_LAPACKE -DSMP_SERVER -DNO_WARMUP -DMAX_CPU_NUMBER=4 -DMAX_PARALLEL_NUMBER=1 -DBUILD_SINGLE=1 -DBUILD_DOUBLE=1 -DBUILD_COMPLEX=1 -DBUILD_COMPLEX16=1 -DVERSION=\"0.3.17.dev\" -msse3 -mssse3 -msse4.1 -mavx -mavx2 -mavx2 -UASMNAME -UASMFNAME -UNAME -UCNAME -UCHAR_NAME -UCHAR_CNAME -DASMNAME=zsymm_thread_LU -DASMFNAME=zsymm_thread_LU_ -DNAME=zsymm_thread_LU_ -DCNAME=zsymm_thread_LU -DCHAR_NAME=\"zsymm_thread_LU_\" -DCHAR_CNAME=\"zsymm_thread_LU\" -DNO_AFFINITY -I../.. -DDOUBLE  -DCOMPLEX -DDOUBLE -DCOMPLEX -ULOWER -URSIDE -DNN symm_k.c -o zsymm_thread_LU.o
cc -c -DTHREADED_LEVEL3 -O2 -DMAX_STACK_ALLOC=2048 -Wall -m64 -DF_INTERFACE_GFORT -fPIC -DNO_LAPACK -DNO_LAPACKE -DSMP_SERVER -DNO_WARMUP -DMAX_CPU_NUMBER=4 -DMAX_PARALLEL_NUMBER=1 -DBUILD_SINGLE=1 -DBUILD_DOUBLE=1 -DBUILD_COMPLEX=1 -DBUILD_COMPLEX16=1 -DVERSION=\"0.3.17.dev\" -msse3 -mssse3 -msse4.1 -mavx -mavx2 -mavx2 -UASMNAME -UASMFNAME -UNAME -UCNAME -UCHAR_NAME -UCHAR_CNAME -DASMNAME=zsymm_thread_LL -DASMFNAME=zsymm_thread_LL_ -DNAME=zsymm_thread_LL_ -DCNAME=zsymm_thread_LL -DCHAR_NAME=\"zsymm_thread_LL_\" -DCHAR_CNAME=\"zsymm_thread_LL\" -DNO_AFFINITY -I../.. -DDOUBLE  -DCOMPLEX -DDOUBLE -DCOMPLEX -DLOWER -URSIDE -DNN symm_k.c -o zsymm_thread_LL.o
cc -c -DTHREADED_LEVEL3 -O2 -DMAX_STACK_ALLOC=2048 -Wall -m64 -DF_INTERFACE_GFORT -fPIC -DNO_LAPACK -DNO_LAPACKE -DSMP_SERVER -DNO_WARMUP -DMAX_CPU_NUMBER=4 -DMAX_PARALLEL_NUMBER=1 -DBUILD_SINGLE=1 -DBUILD_DOUBLE=1 -DBUILD_COMPLEX=1 -DBUILD_COMPLEX16=1 -DVERSION=\"0.3.17.dev\" -msse3 -mssse3 -msse4.1 -mavx -mavx2 -mavx2 -UASMNAME -UASMFNAME -UNAME -UCNAME -UCHAR_NAME -UCHAR_CNAME -DASMNAME=zsymm_thread_RU -DASMFNAME=zsymm_thread_RU_ -DNAME=zsymm_thread_RU_ -DCNAME=zsymm_thread_RU -DCHAR_NAME=\"zsymm_thread_RU_\" -DCHAR_CNAME=\"zsymm_thread_RU\" -DNO_AFFINITY -I../.. -DDOUBLE  -DCOMPLEX -DDOUBLE -DCOMPLEX -ULOWER -DRSIDE -DNN symm_k.c -o zsymm_thread_RU.o
cc -c -DTHREADED_LEVEL3 -O2 -DMAX_STACK_ALLOC=2048 -Wall -m64 -DF_INTERFACE_GFORT -fPIC -DNO_LAPACK -DNO_LAPACKE -DSMP_SERVER -DNO_WARMUP -DMAX_CPU_NUMBER=4 -DMAX_PARALLEL_NUMBER=1 -DBUILD_SINGLE=1 -DBUILD_DOUBLE=1 -DBUILD_COMPLEX=1 -DBUILD_COMPLEX16=1 -DVERSION=\"0.3.17.dev\" -msse3 -mssse3 -msse4.1 -mavx -mavx2 -mavx2 -UASMNAME -UASMFNAME -UNAME -UCNAME -UCHAR_NAME -UCHAR_CNAME -DASMNAME=zsymm_thread_RL -DASMFNAME=zsymm_thread_RL_ -DNAME=zsymm_thread_RL_ -DCNAME=zsymm_thread_RL -DCHAR_NAME=\"zsymm_thread_RL_\" -DCHAR_CNAME=\"zsymm_thread_RL\" -DNO_AFFINITY -I../.. -DDOUBLE  -DCOMPLEX -DDOUBLE -DCOMPLEX -DLOWER -DRSIDE -DNN symm_k.c -o zsymm_thread_RL.o
cc -c -DTHREADED_LEVEL3 -O2 -DMAX_STACK_ALLOC=2048 -Wall -m64 -DF_INTERFACE_GFORT -fPIC -DNO_LAPACK -DNO_LAPACKE -DSMP_SERVER -DNO_WARMUP -DMAX_CPU_NUMBER=4 -DMAX_PARALLEL_NUMBER=1 -DBUILD_SINGLE=1 -DBUILD_DOUBLE=1 -DBUILD_COMPLEX=1 -DBUILD_COMPLEX16=1 -DVERSION=\"0.3.17.dev\" -msse3 -mssse3 -msse4.1 -mavx -mavx2 -mavx2 -UASMNAME -UASMFNAME -UNAME -UCNAME -UCHAR_NAME -UCHAR_CNAME -DASMNAME=zhemm_thread_LU -DASMFNAME=zhemm_thread_LU_ -DNAME=zhemm_thread_LU_ -DCNAME=zhemm_thread_LU -DCHAR_NAME=\"zhemm_thread_LU_\" -DCHAR_CNAME=\"zhemm_thread_LU\" -DNO_AFFINITY -I../.. -DDOUBLE  -DCOMPLEX -DDOUBLE -DCOMPLEX -ULOWER -URSIDE -DNN zhemm_k.c -o zhemm_thread_LU.o
cc -c -DTHREADED_LEVEL3 -O2 -DMAX_STACK_ALLOC=2048 -Wall -m64 -DF_INTERFACE_GFORT -fPIC -DNO_LAPACK -DNO_LAPACKE -DSMP_SERVER -DNO_WARMUP -DMAX_CPU_NUMBER=4 -DMAX_PARALLEL_NUMBER=1 -DBUILD_SINGLE=1 -DBUILD_DOUBLE=1 -DBUILD_COMPLEX=1 -DBUILD_COMPLEX16=1 -DVERSION=\"0.3.17.dev\" -msse3 -mssse3 -msse4.1 -mavx -mavx2 -mavx2 -UASMNAME -UASMFNAME -UNAME -UCNAME -UCHAR_NAME -UCHAR_CNAME -DASMNAME=zhemm_thread_LL -DASMFNAME=zhemm_thread_LL_ -DNAME=zhemm_thread_LL_ -DCNAME=zhemm_thread_LL -DCHAR_NAME=\"zhemm_thread_LL_\" -DCHAR_CNAME=\"zhemm_thread_LL\" -DNO_AFFINITY -I../.. -DDOUBLE  -DCOMPLEX -DDOUBLE -DCOMPLEX -DLOWER -URSIDE -DNN zhemm_k.c -o zhemm_thread_LL.o
cc -c -DTHREADED_LEVEL3 -O2 -DMAX_STACK_ALLOC=2048 -Wall -m64 -DF_INTERFACE_GFORT -fPIC -DNO_LAPACK -DNO_LAPACKE -DSMP_SERVER -DNO_WARMUP -DMAX_CPU_NUMBER=4 -DMAX_PARALLEL_NUMBER=1 -DBUILD_SINGLE=1 -DBUILD_DOUBLE=1 -DBUILD_COMPLEX=1 -DBUILD_COMPLEX16=1 -DVERSION=\"0.3.17.dev\" -msse3 -mssse3 -msse4.1 -mavx -mavx2 -mavx2 -UASMNAME -UASMFNAME -UNAME -UCNAME -UCHAR_NAME -UCHAR_CNAME -DASMNAME=zhemm_thread_RU -DASMFNAME=zhemm_thread_RU_ -DNAME=zhemm_thread_RU_ -DCNAME=zhemm_thread_RU -DCHAR_NAME=\"zhemm_thread_RU_\" -DCHAR_CNAME=\"zhemm_thread_RU\" -DNO_AFFINITY -I../.. -DDOUBLE  -DCOMPLEX -DDOUBLE -DCOMPLEX -ULOWER -DRSIDE -DNC zhemm_k.c -o zhemm_thread_RU.o
cc -c -DTHREADED_LEVEL3 -O2 -DMAX_STACK_ALLOC=2048 -Wall -m64 -DF_INTERFACE_GFORT -fPIC -DNO_LAPACK -DNO_LAPACKE -DSMP_SERVER -DNO_WARMUP -DMAX_CPU_NUMBER=4 -DMAX_PARALLEL_NUMBER=1 -DBUILD_SINGLE=1 -DBUILD_DOUBLE=1 -DBUILD_COMPLEX=1 -DBUILD_COMPLEX16=1 -DVERSION=\"0.3.17.dev\" -msse3 -mssse3 -msse4.1 -mavx -mavx2 -mavx2 -UASMNAME -UASMFNAME -UNAME -UCNAME -UCHAR_NAME -UCHAR_CNAME -DASMNAME=zhemm_thread_RL -DASMFNAME=zhemm_thread_RL_ -DNAME=zhemm_thread_RL_ -DCNAME=zhemm_thread_RL -DCHAR_NAME=\"zhemm_thread_RL_\" -DCHAR_CNAME=\"zhemm_thread_RL\" -DNO_AFFINITY -I../.. -DDOUBLE  -DCOMPLEX -DDOUBLE -DCOMPLEX -DLOWER -DRSIDE -DNC zhemm_k.c -o zhemm_thread_RL.o
cc -c -DTHREADED_LEVEL3 -O2 -DMAX_STACK_ALLOC=2048 -Wall -m64 -DF_INTERFACE_GFORT -fPIC -DNO_LAPACK -DNO_LAPACKE -DSMP_SERVER -DNO_WARMUP -DMAX_CPU_NUMBER=4 -DMAX_PARALLEL_NUMBER=1 -DBUILD_SINGLE=1 -DBUILD_DOUBLE=1 -DBUILD_COMPLEX=1 -DBUILD_COMPLEX16=1 -DVERSION=\"0.3.17.dev\" -msse3 -mssse3 -msse4.1 -mavx -mavx2 -mavx2 -UASMNAME -UASMFNAME -UNAME -UCNAME -UCHAR_NAME -UCHAR_CNAME -DASMNAME=zsyrk_thread_UN -DASMFNAME=zsyrk_thread_UN_ -DNAME=zsyrk_thread_UN_ -DCNAME=zsyrk_thread_UN -DCHAR_NAME=\"zsyrk_thread_UN_\" -DCHAR_CNAME=\"zsyrk_thread_UN\" -DNO_AFFINITY -I../.. -DDOUBLE  -DCOMPLEX -DDOUBLE -DCOMPLEX -ULOWER -UTRANS syrk_k.c -o zsyrk_thread_UN.o
cc -c -DTHREADED_LEVEL3 -O2 -DMAX_STACK_ALLOC=2048 -Wall -m64 -DF_INTERFACE_GFORT -fPIC -DNO_LAPACK -DNO_LAPACKE -DSMP_SERVER -DNO_WARMUP -DMAX_CPU_NUMBER=4 -DMAX_PARALLEL_NUMBER=1 -DBUILD_SINGLE=1 -DBUILD_DOUBLE=1 -DBUILD_COMPLEX=1 -DBUILD_COMPLEX16=1 -DVERSION=\"0.3.17.dev\" -msse3 -mssse3 -msse4.1 -mavx -mavx2 -mavx2 -UASMNAME -UASMFNAME -UNAME -UCNAME -UCHAR_NAME -UCHAR_CNAME -DASMNAME=zsyrk_thread_UT -DASMFNAME=zsyrk_thread_UT_ -DNAME=zsyrk_thread_UT_ -DCNAME=zsyrk_thread_UT -DCHAR_NAME=\"zsyrk_thread_UT_\" -DCHAR_CNAME=\"zsyrk_thread_UT\" -DNO_AFFINITY -I../.. -DDOUBLE  -DCOMPLEX -DDOUBLE -DCOMPLEX -ULOWER -DTRANS syrk_k.c -o zsyrk_thread_UT.o
cc -c -DTHREADED_LEVEL3 -O2 -DMAX_STACK_ALLOC=2048 -Wall -m64 -DF_INTERFACE_GFORT -fPIC -DNO_LAPACK -DNO_LAPACKE -DSMP_SERVER -DNO_WARMUP -DMAX_CPU_NUMBER=4 -DMAX_PARALLEL_NUMBER=1 -DBUILD_SINGLE=1 -DBUILD_DOUBLE=1 -DBUILD_COMPLEX=1 -DBUILD_COMPLEX16=1 -DVERSION=\"0.3.17.dev\" -msse3 -mssse3 -msse4.1 -mavx -mavx2 -mavx2 -UASMNAME -UASMFNAME -UNAME -UCNAME -UCHAR_NAME -UCHAR_CNAME -DASMNAME=zsyrk_thread_LN -DASMFNAME=zsyrk_thread_LN_ -DNAME=zsyrk_thread_LN_ -DCNAME=zsyrk_thread_LN -DCHAR_NAME=\"zsyrk_thread_LN_\" -DCHAR_CNAME=\"zsyrk_thread_LN\" -DNO_AFFINITY -I../.. -DDOUBLE  -DCOMPLEX -DDOUBLE -DCOMPLEX -DLOWER -UTRANS syrk_k.c -o zsyrk_thread_LN.o
cc -c -DTHREADED_LEVEL3 -O2 -DMAX_STACK_ALLOC=2048 -Wall -m64 -DF_INTERFACE_GFORT -fPIC -DNO_LAPACK -DNO_LAPACKE -DSMP_SERVER -DNO_WARMUP -DMAX_CPU_NUMBER=4 -DMAX_PARALLEL_NUMBER=1 -DBUILD_SINGLE=1 -DBUILD_DOUBLE=1 -DBUILD_COMPLEX=1 -DBUILD_COMPLEX16=1 -DVERSION=\"0.3.17.dev\" -msse3 -mssse3 -msse4.1 -mavx -mavx2 -mavx2 -UASMNAME -UASMFNAME -UNAME -UCNAME -UCHAR_NAME -UCHAR_CNAME -DASMNAME=zsyrk_thread_LT -DASMFNAME=zsyrk_thread_LT_ -DNAME=zsyrk_thread_LT_ -DCNAME=zsyrk_thread_LT -DCHAR_NAME=\"zsyrk_thread_LT_\" -DCHAR_CNAME=\"zsyrk_thread_LT\" -DNO_AFFINITY -I../.. -DDOUBLE  -DCOMPLEX -DDOUBLE -DCOMPLEX -DLOWER -DTRANS syrk_k.c -o zsyrk_thread_LT.o
cc -c -DTHREADED_LEVEL3 -O2 -DMAX_STACK_ALLOC=2048 -Wall -m64 -DF_INTERFACE_GFORT -fPIC -DNO_LAPACK -DNO_LAPACKE -DSMP_SERVER -DNO_WARMUP -DMAX_CPU_NUMBER=4 -DMAX_PARALLEL_NUMBER=1 -DBUILD_SINGLE=1 -DBUILD_DOUBLE=1 -DBUILD_COMPLEX=1 -DBUILD_COMPLEX16=1 -DVERSION=\"0.3.17.dev\" -msse3 -mssse3 -msse4.1 -mavx -mavx2 -mavx2 -UASMNAME -UASMFNAME -UNAME -UCNAME -UCHAR_NAME -UCHAR_CNAME -DASMNAME=zherk_thread_UN -DASMFNAME=zherk_thread_UN_ -DNAME=zherk_thread_UN_ -DCNAME=zherk_thread_UN -DCHAR_NAME=\"zherk_thread_UN_\" -DCHAR_CNAME=\"zherk_thread_UN\" -DNO_AFFINITY -I../.. -DDOUBLE  -DCOMPLEX -DHERK  -DDOUBLE -DCOMPLEX -ULOWER -UTRANS -UCONJ zherk_k.c -o zherk_thread_UN.o
cc -c -DTHREADED_LEVEL3 -O2 -DMAX_STACK_ALLOC=2048 -Wall -m64 -DF_INTERFACE_GFORT -fPIC -DNO_LAPACK -DNO_LAPACKE -DSMP_SERVER -DNO_WARMUP -DMAX_CPU_NUMBER=4 -DMAX_PARALLEL_NUMBER=1 -DBUILD_SINGLE=1 -DBUILD_DOUBLE=1 -DBUILD_COMPLEX=1 -DBUILD_COMPLEX16=1 -DVERSION=\"0.3.17.dev\" -msse3 -mssse3 -msse4.1 -mavx -mavx2 -mavx2 -UASMNAME -UASMFNAME -UNAME -UCNAME -UCHAR_NAME -UCHAR_CNAME -DASMNAME=zherk_thread_UC -DASMFNAME=zherk_thread_UC_ -DNAME=zherk_thread_UC_ -DCNAME=zherk_thread_UC -DCHAR_NAME=\"zherk_thread_UC_\" -DCHAR_CNAME=\"zherk_thread_UC\" -DNO_AFFINITY -I../.. -DDOUBLE  -DCOMPLEX -DHERK  -DDOUBLE -DCOMPLEX -ULOWER -DTRANS -DCONJ zherk_k.c -o zherk_thread_UC.o
cc -c -DTHREADED_LEVEL3 -O2 -DMAX_STACK_ALLOC=2048 -Wall -m64 -DF_INTERFACE_GFORT -fPIC -DNO_LAPACK -DNO_LAPACKE -DSMP_SERVER -DNO_WARMUP -DMAX_CPU_NUMBER=4 -DMAX_PARALLEL_NUMBER=1 -DBUILD_SINGLE=1 -DBUILD_DOUBLE=1 -DBUILD_COMPLEX=1 -DBUILD_COMPLEX16=1 -DVERSION=\"0.3.17.dev\" -msse3 -mssse3 -msse4.1 -mavx -mavx2 -mavx2 -UASMNAME -UASMFNAME -UNAME -UCNAME -UCHAR_NAME -UCHAR_CNAME -DASMNAME=zherk_thread_LN -DASMFNAME=zherk_thread_LN_ -DNAME=zherk_thread_LN_ -DCNAME=zherk_thread_LN -DCHAR_NAME=\"zherk_thread_LN_\" -DCHAR_CNAME=\"zherk_thread_LN\" -DNO_AFFINITY -I../.. -DDOUBLE  -DCOMPLEX -DHERK  -DDOUBLE -DCOMPLEX -DLOWER -UTRANS -UCONJ zherk_k.c -o zherk_thread_LN.o
cc -c -DTHREADED_LEVEL3 -O2 -DMAX_STACK_ALLOC=2048 -Wall -m64 -DF_INTERFACE_GFORT -fPIC -DNO_LAPACK -DNO_LAPACKE -DSMP_SERVER -DNO_WARMUP -DMAX_CPU_NUMBER=4 -DMAX_PARALLEL_NUMBER=1 -DBUILD_SINGLE=1 -DBUILD_DOUBLE=1 -DBUILD_COMPLEX=1 -DBUILD_COMPLEX16=1 -DVERSION=\"0.3.17.dev\" -msse3 -mssse3 -msse4.1 -mavx -mavx2 -mavx2 -UASMNAME -UASMFNAME -UNAME -UCNAME -UCHAR_NAME -UCHAR_CNAME -DASMNAME=zherk_thread_LC -DASMFNAME=zherk_thread_LC_ -DNAME=zherk_thread_LC_ -DCNAME=zherk_thread_LC -DCHAR_NAME=\"zherk_thread_LC_\" -DCHAR_CNAME=\"zherk_thread_LC\" -DNO_AFFINITY -I../.. -DDOUBLE  -DCOMPLEX -DHERK  -DDOUBLE -DCOMPLEX -DLOWER -DTRANS -DCONJ zherk_k.c -o zherk_thread_LC.o
cc -O2 -DMAX_STACK_ALLOC=2048 -Wall -m64 -DF_INTERFACE_GFORT -fPIC -DNO_LAPACK -DNO_LAPACKE -DSMP_SERVER -DNO_WARMUP -DMAX_CPU_NUMBER=4 -DMAX_PARALLEL_NUMBER=1 -DBUILD_SINGLE=1 -DBUILD_DOUBLE=1 -DBUILD_COMPLEX=1 -DBUILD_COMPLEX16=1 -DVERSION=\"0.3.17.dev\" -msse3 -mssse3 -msse4.1 -mavx -mavx2 -mavx2 -UASMNAME -UASMFNAME -UNAME -UCNAME -UCHAR_NAME -UCHAR_CNAME -DASMNAME=zgemm3m_thread_nn -DASMFNAME=zgemm3m_thread_nn_ -DNAME=zgemm3m_thread_nn_ -DCNAME=zgemm3m_thread_nn -DCHAR_NAME=\"zgemm3m_thread_nn_\" -DCHAR_CNAME=\"zgemm3m_thread_nn\" -DNO_AFFINITY -I../.. -DDOUBLE  -DCOMPLEX  -c -DTHREADED_LEVEL3 -DDOUBLE -DCOMPLEX -DNN gemm3m.c -o zgemm3m_thread_nn.o
cc -O2 -DMAX_STACK_ALLOC=2048 -Wall -m64 -DF_INTERFACE_GFORT -fPIC -DNO_LAPACK -DNO_LAPACKE -DSMP_SERVER -DNO_WARMUP -DMAX_CPU_NUMBER=4 -DMAX_PARALLEL_NUMBER=1 -DBUILD_SINGLE=1 -DBUILD_DOUBLE=1 -DBUILD_COMPLEX=1 -DBUILD_COMPLEX16=1 -DVERSION=\"0.3.17.dev\" -msse3 -mssse3 -msse4.1 -mavx -mavx2 -mavx2 -UASMNAME -UASMFNAME -UNAME -UCNAME -UCHAR_NAME -UCHAR_CNAME -DASMNAME=zgemm3m_thread_nt -DASMFNAME=zgemm3m_thread_nt_ -DNAME=zgemm3m_thread_nt_ -DCNAME=zgemm3m_thread_nt -DCHAR_NAME=\"zgemm3m_thread_nt_\" -DCHAR_CNAME=\"zgemm3m_thread_nt\" -DNO_AFFINITY -I../.. -DDOUBLE  -DCOMPLEX  -c -DTHREADED_LEVEL3 -DDOUBLE -DCOMPLEX -DNT gemm3m.c -o zgemm3m_thread_nt.o
cc -O2 -DMAX_STACK_ALLOC=2048 -Wall -m64 -DF_INTERFACE_GFORT -fPIC -DNO_LAPACK -DNO_LAPACKE -DSMP_SERVER -DNO_WARMUP -DMAX_CPU_NUMBER=4 -DMAX_PARALLEL_NUMBER=1 -DBUILD_SINGLE=1 -DBUILD_DOUBLE=1 -DBUILD_COMPLEX=1 -DBUILD_COMPLEX16=1 -DVERSION=\"0.3.17.dev\" -msse3 -mssse3 -msse4.1 -mavx -mavx2 -mavx2 -UASMNAME -UASMFNAME -UNAME -UCNAME -UCHAR_NAME -UCHAR_CNAME -DASMNAME=zgemm3m_thread_nr -DASMFNAME=zgemm3m_thread_nr_ -DNAME=zgemm3m_thread_nr_ -DCNAME=zgemm3m_thread_nr -DCHAR_NAME=\"zgemm3m_thread_nr_\" -DCHAR_CNAME=\"zgemm3m_thread_nr\" -DNO_AFFINITY -I../.. -DDOUBLE  -DCOMPLEX  -c -DTHREADED_LEVEL3 -DDOUBLE -DCOMPLEX -DNR gemm3m.c -o zgemm3m_thread_nr.o
cc -O2 -DMAX_STACK_ALLOC=2048 -Wall -m64 -DF_INTERFACE_GFORT -fPIC -DNO_LAPACK -DNO_LAPACKE -DSMP_SERVER -DNO_WARMUP -DMAX_CPU_NUMBER=4 -DMAX_PARALLEL_NUMBER=1 -DBUILD_SINGLE=1 -DBUILD_DOUBLE=1 -DBUILD_COMPLEX=1 -DBUILD_COMPLEX16=1 -DVERSION=\"0.3.17.dev\" -msse3 -mssse3 -msse4.1 -mavx -mavx2 -mavx2 -UASMNAME -UASMFNAME -UNAME -UCNAME -UCHAR_NAME -UCHAR_CNAME -DASMNAME=zgemm3m_thread_nc -DASMFNAME=zgemm3m_thread_nc_ -DNAME=zgemm3m_thread_nc_ -DCNAME=zgemm3m_thread_nc -DCHAR_NAME=\"zgemm3m_thread_nc_\" -DCHAR_CNAME=\"zgemm3m_thread_nc\" -DNO_AFFINITY -I../.. -DDOUBLE  -DCOMPLEX  -c -DTHREADED_LEVEL3 -DDOUBLE -DCOMPLEX -DNC gemm3m.c -o zgemm3m_thread_nc.o
cc -O2 -DMAX_STACK_ALLOC=2048 -Wall -m64 -DF_INTERFACE_GFORT -fPIC -DNO_LAPACK -DNO_LAPACKE -DSMP_SERVER -DNO_WARMUP -DMAX_CPU_NUMBER=4 -DMAX_PARALLEL_NUMBER=1 -DBUILD_SINGLE=1 -DBUILD_DOUBLE=1 -DBUILD_COMPLEX=1 -DBUILD_COMPLEX16=1 -DVERSION=\"0.3.17.dev\" -msse3 -mssse3 -msse4.1 -mavx -mavx2 -mavx2 -UASMNAME -UASMFNAME -UNAME -UCNAME -UCHAR_NAME -UCHAR_CNAME -DASMNAME=zgemm3m_thread_tn -DASMFNAME=zgemm3m_thread_tn_ -DNAME=zgemm3m_thread_tn_ -DCNAME=zgemm3m_thread_tn -DCHAR_NAME=\"zgemm3m_thread_tn_\" -DCHAR_CNAME=\"zgemm3m_thread_tn\" -DNO_AFFINITY -I../.. -DDOUBLE  -DCOMPLEX  -c -DTHREADED_LEVEL3 -DDOUBLE -DCOMPLEX -DTN gemm3m.c -o zgemm3m_thread_tn.o
cc -O2 -DMAX_STACK_ALLOC=2048 -Wall -m64 -DF_INTERFACE_GFORT -fPIC -DNO_LAPACK -DNO_LAPACKE -DSMP_SERVER -DNO_WARMUP -DMAX_CPU_NUMBER=4 -DMAX_PARALLEL_NUMBER=1 -DBUILD_SINGLE=1 -DBUILD_DOUBLE=1 -DBUILD_COMPLEX=1 -DBUILD_COMPLEX16=1 -DVERSION=\"0.3.17.dev\" -msse3 -mssse3 -msse4.1 -mavx -mavx2 -mavx2 -UASMNAME -UASMFNAME -UNAME -UCNAME -UCHAR_NAME -UCHAR_CNAME -DASMNAME=zgemm3m_thread_tt -DASMFNAME=zgemm3m_thread_tt_ -DNAME=zgemm3m_thread_tt_ -DCNAME=zgemm3m_thread_tt -DCHAR_NAME=\"zgemm3m_thread_tt_\" -DCHAR_CNAME=\"zgemm3m_thread_tt\" -DNO_AFFINITY -I../.. -DDOUBLE  -DCOMPLEX  -c -DTHREADED_LEVEL3 -DDOUBLE -DCOMPLEX -DTT gemm3m.c -o zgemm3m_thread_tt.o
cc -O2 -DMAX_STACK_ALLOC=2048 -Wall -m64 -DF_INTERFACE_GFORT -fPIC -DNO_LAPACK -DNO_LAPACKE -DSMP_SERVER -DNO_WARMUP -DMAX_CPU_NUMBER=4 -DMAX_PARALLEL_NUMBER=1 -DBUILD_SINGLE=1 -DBUILD_DOUBLE=1 -DBUILD_COMPLEX=1 -DBUILD_COMPLEX16=1 -DVERSION=\"0.3.17.dev\" -msse3 -mssse3 -msse4.1 -mavx -mavx2 -mavx2 -UASMNAME -UASMFNAME -UNAME -UCNAME -UCHAR_NAME -UCHAR_CNAME -DASMNAME=zgemm3m_thread_tr -DASMFNAME=zgemm3m_thread_tr_ -DNAME=zgemm3m_thread_tr_ -DCNAME=zgemm3m_thread_tr -DCHAR_NAME=\"zgemm3m_thread_tr_\" -DCHAR_CNAME=\"zgemm3m_thread_tr\" -DNO_AFFINITY -I../.. -DDOUBLE  -DCOMPLEX  -c -DTHREADED_LEVEL3 -DDOUBLE -DCOMPLEX -DTR gemm3m.c -o zgemm3m_thread_tr.o
cc -O2 -DMAX_STACK_ALLOC=2048 -Wall -m64 -DF_INTERFACE_GFORT -fPIC -DNO_LAPACK -DNO_LAPACKE -DSMP_SERVER -DNO_WARMUP -DMAX_CPU_NUMBER=4 -DMAX_PARALLEL_NUMBER=1 -DBUILD_SINGLE=1 -DBUILD_DOUBLE=1 -DBUILD_COMPLEX=1 -DBUILD_COMPLEX16=1 -DVERSION=\"0.3.17.dev\" -msse3 -mssse3 -msse4.1 -mavx -mavx2 -mavx2 -UASMNAME -UASMFNAME -UNAME -UCNAME -UCHAR_NAME -UCHAR_CNAME -DASMNAME=zgemm3m_thread_tc -DASMFNAME=zgemm3m_thread_tc_ -DNAME=zgemm3m_thread_tc_ -DCNAME=zgemm3m_thread_tc -DCHAR_NAME=\"zgemm3m_thread_tc_\" -DCHAR_CNAME=\"zgemm3m_thread_tc\" -DNO_AFFINITY -I../.. -DDOUBLE  -DCOMPLEX  -c -DTHREADED_LEVEL3 -DDOUBLE -DCOMPLEX -DTC gemm3m.c -o zgemm3m_thread_tc.o
cc -O2 -DMAX_STACK_ALLOC=2048 -Wall -m64 -DF_INTERFACE_GFORT -fPIC -DNO_LAPACK -DNO_LAPACKE -DSMP_SERVER -DNO_WARMUP -DMAX_CPU_NUMBER=4 -DMAX_PARALLEL_NUMBER=1 -DBUILD_SINGLE=1 -DBUILD_DOUBLE=1 -DBUILD_COMPLEX=1 -DBUILD_COMPLEX16=1 -DVERSION=\"0.3.17.dev\" -msse3 -mssse3 -msse4.1 -mavx -mavx2 -mavx2 -UASMNAME -UASMFNAME -UNAME -UCNAME -UCHAR_NAME -UCHAR_CNAME -DASMNAME=zgemm3m_thread_rn -DASMFNAME=zgemm3m_thread_rn_ -DNAME=zgemm3m_thread_rn_ -DCNAME=zgemm3m_thread_rn -DCHAR_NAME=\"zgemm3m_thread_rn_\" -DCHAR_CNAME=\"zgemm3m_thread_rn\" -DNO_AFFINITY -I../.. -DDOUBLE  -DCOMPLEX  -c -DTHREADED_LEVEL3 -DDOUBLE -DCOMPLEX -DRN gemm3m.c -o zgemm3m_thread_rn.o
cc -O2 -DMAX_STACK_ALLOC=2048 -Wall -m64 -DF_INTERFACE_GFORT -fPIC -DNO_LAPACK -DNO_LAPACKE -DSMP_SERVER -DNO_WARMUP -DMAX_CPU_NUMBER=4 -DMAX_PARALLEL_NUMBER=1 -DBUILD_SINGLE=1 -DBUILD_DOUBLE=1 -DBUILD_COMPLEX=1 -DBUILD_COMPLEX16=1 -DVERSION=\"0.3.17.dev\" -msse3 -mssse3 -msse4.1 -mavx -mavx2 -mavx2 -UASMNAME -UASMFNAME -UNAME -UCNAME -UCHAR_NAME -UCHAR_CNAME -DASMNAME=zgemm3m_thread_rt -DASMFNAME=zgemm3m_thread_rt_ -DNAME=zgemm3m_thread_rt_ -DCNAME=zgemm3m_thread_rt -DCHAR_NAME=\"zgemm3m_thread_rt_\" -DCHAR_CNAME=\"zgemm3m_thread_rt\" -DNO_AFFINITY -I../.. -DDOUBLE  -DCOMPLEX  -c -DTHREADED_LEVEL3 -DDOUBLE -DCOMPLEX -DRT gemm3m.c -o zgemm3m_thread_rt.o
cc -O2 -DMAX_STACK_ALLOC=2048 -Wall -m64 -DF_INTERFACE_GFORT -fPIC -DNO_LAPACK -DNO_LAPACKE -DSMP_SERVER -DNO_WARMUP -DMAX_CPU_NUMBER=4 -DMAX_PARALLEL_NUMBER=1 -DBUILD_SINGLE=1 -DBUILD_DOUBLE=1 -DBUILD_COMPLEX=1 -DBUILD_COMPLEX16=1 -DVERSION=\"0.3.17.dev\" -msse3 -mssse3 -msse4.1 -mavx -mavx2 -mavx2 -UASMNAME -UASMFNAME -UNAME -UCNAME -UCHAR_NAME -UCHAR_CNAME -DASMNAME=zgemm3m_thread_rr -DASMFNAME=zgemm3m_thread_rr_ -DNAME=zgemm3m_thread_rr_ -DCNAME=zgemm3m_thread_rr -DCHAR_NAME=\"zgemm3m_thread_rr_\" -DCHAR_CNAME=\"zgemm3m_thread_rr\" -DNO_AFFINITY -I../.. -DDOUBLE  -DCOMPLEX  -c -DTHREADED_LEVEL3 -DDOUBLE -DCOMPLEX -DRR gemm3m.c -o zgemm3m_thread_rr.o
cc -O2 -DMAX_STACK_ALLOC=2048 -Wall -m64 -DF_INTERFACE_GFORT -fPIC -DNO_LAPACK -DNO_LAPACKE -DSMP_SERVER -DNO_WARMUP -DMAX_CPU_NUMBER=4 -DMAX_PARALLEL_NUMBER=1 -DBUILD_SINGLE=1 -DBUILD_DOUBLE=1 -DBUILD_COMPLEX=1 -DBUILD_COMPLEX16=1 -DVERSION=\"0.3.17.dev\" -msse3 -mssse3 -msse4.1 -mavx -mavx2 -mavx2 -UASMNAME -UASMFNAME -UNAME -UCNAME -UCHAR_NAME -UCHAR_CNAME -DASMNAME=zgemm3m_thread_rc -DASMFNAME=zgemm3m_thread_rc_ -DNAME=zgemm3m_thread_rc_ -DCNAME=zgemm3m_thread_rc -DCHAR_NAME=\"zgemm3m_thread_rc_\" -DCHAR_CNAME=\"zgemm3m_thread_rc\" -DNO_AFFINITY -I../.. -DDOUBLE  -DCOMPLEX  -c -DTHREADED_LEVEL3 -DDOUBLE -DCOMPLEX -DRC=RC gemm3m.c -o zgemm3m_thread_rc.o
cc -O2 -DMAX_STACK_ALLOC=2048 -Wall -m64 -DF_INTERFACE_GFORT -fPIC -DNO_LAPACK -DNO_LAPACKE -DSMP_SERVER -DNO_WARMUP -DMAX_CPU_NUMBER=4 -DMAX_PARALLEL_NUMBER=1 -DBUILD_SINGLE=1 -DBUILD_DOUBLE=1 -DBUILD_COMPLEX=1 -DBUILD_COMPLEX16=1 -DVERSION=\"0.3.17.dev\" -msse3 -mssse3 -msse4.1 -mavx -mavx2 -mavx2 -UASMNAME -UASMFNAME -UNAME -UCNAME -UCHAR_NAME -UCHAR_CNAME -DASMNAME=zgemm3m_thread_cn -DASMFNAME=zgemm3m_thread_cn_ -DNAME=zgemm3m_thread_cn_ -DCNAME=zgemm3m_thread_cn -DCHAR_NAME=\"zgemm3m_thread_cn_\" -DCHAR_CNAME=\"zgemm3m_thread_cn\" -DNO_AFFINITY -I../.. -DDOUBLE  -DCOMPLEX  -c -DTHREADED_LEVEL3 -DDOUBLE -DCOMPLEX -DCN gemm3m.c -o zgemm3m_thread_cn.o
cc -O2 -DMAX_STACK_ALLOC=2048 -Wall -m64 -DF_INTERFACE_GFORT -fPIC -DNO_LAPACK -DNO_LAPACKE -DSMP_SERVER -DNO_WARMUP -DMAX_CPU_NUMBER=4 -DMAX_PARALLEL_NUMBER=1 -DBUILD_SINGLE=1 -DBUILD_DOUBLE=1 -DBUILD_COMPLEX=1 -DBUILD_COMPLEX16=1 -DVERSION=\"0.3.17.dev\" -msse3 -mssse3 -msse4.1 -mavx -mavx2 -mavx2 -UASMNAME -UASMFNAME -UNAME -UCNAME -UCHAR_NAME -UCHAR_CNAME -DASMNAME=zgemm3m_thread_ct -DASMFNAME=zgemm3m_thread_ct_ -DNAME=zgemm3m_thread_ct_ -DCNAME=zgemm3m_thread_ct -DCHAR_NAME=\"zgemm3m_thread_ct_\" -DCHAR_CNAME=\"zgemm3m_thread_ct\" -DNO_AFFINITY -I../.. -DDOUBLE  -DCOMPLEX  -c -DTHREADED_LEVEL3 -DDOUBLE -DCOMPLEX -DCT gemm3m.c -o zgemm3m_thread_ct.o
cc -O2 -DMAX_STACK_ALLOC=2048 -Wall -m64 -DF_INTERFACE_GFORT -fPIC -DNO_LAPACK -DNO_LAPACKE -DSMP_SERVER -DNO_WARMUP -DMAX_CPU_NUMBER=4 -DMAX_PARALLEL_NUMBER=1 -DBUILD_SINGLE=1 -DBUILD_DOUBLE=1 -DBUILD_COMPLEX=1 -DBUILD_COMPLEX16=1 -DVERSION=\"0.3.17.dev\" -msse3 -mssse3 -msse4.1 -mavx -mavx2 -mavx2 -UASMNAME -UASMFNAME -UNAME -UCNAME -UCHAR_NAME -UCHAR_CNAME -DASMNAME=zgemm3m_thread_cr -DASMFNAME=zgemm3m_thread_cr_ -DNAME=zgemm3m_thread_cr_ -DCNAME=zgemm3m_thread_cr -DCHAR_NAME=\"zgemm3m_thread_cr_\" -DCHAR_CNAME=\"zgemm3m_thread_cr\" -DNO_AFFINITY -I../.. -DDOUBLE  -DCOMPLEX  -c -DTHREADED_LEVEL3 -DDOUBLE -DCOMPLEX -DCR=CR gemm3m.c -o zgemm3m_thread_cr.o
cc -O2 -DMAX_STACK_ALLOC=2048 -Wall -m64 -DF_INTERFACE_GFORT -fPIC -DNO_LAPACK -DNO_LAPACKE -DSMP_SERVER -DNO_WARMUP -DMAX_CPU_NUMBER=4 -DMAX_PARALLEL_NUMBER=1 -DBUILD_SINGLE=1 -DBUILD_DOUBLE=1 -DBUILD_COMPLEX=1 -DBUILD_COMPLEX16=1 -DVERSION=\"0.3.17.dev\" -msse3 -mssse3 -msse4.1 -mavx -mavx2 -mavx2 -UASMNAME -UASMFNAME -UNAME -UCNAME -UCHAR_NAME -UCHAR_CNAME -DASMNAME=zgemm3m_thread_cc -DASMFNAME=zgemm3m_thread_cc_ -DNAME=zgemm3m_thread_cc_ -DCNAME=zgemm3m_thread_cc -DCHAR_NAME=\"zgemm3m_thread_cc_\" -DCHAR_CNAME=\"zgemm3m_thread_cc\" -DNO_AFFINITY -I../.. -DDOUBLE  -DCOMPLEX  -c -DTHREADED_LEVEL3 -DDOUBLE -DCOMPLEX -DCC gemm3m.c -o zgemm3m_thread_cc.o
cc -c -DTHREADED_LEVEL3 -O2 -DMAX_STACK_ALLOC=2048 -Wall -m64 -DF_INTERFACE_GFORT -fPIC -DNO_LAPACK -DNO_LAPACKE -DSMP_SERVER -DNO_WARMUP -DMAX_CPU_NUMBER=4 -DMAX_PARALLEL_NUMBER=1 -DBUILD_SINGLE=1 -DBUILD_DOUBLE=1 -DBUILD_COMPLEX=1 -DBUILD_COMPLEX16=1 -DVERSION=\"0.3.17.dev\" -msse3 -mssse3 -msse4.1 -mavx -mavx2 -mavx2 -UASMNAME -UASMFNAME -UNAME -UCNAME -UCHAR_NAME -UCHAR_CNAME -DASMNAME=zsymm3m_thread_LU -DASMFNAME=zsymm3m_thread_LU_ -DNAME=zsymm3m_thread_LU_ -DCNAME=zsymm3m_thread_LU -DCHAR_NAME=\"zsymm3m_thread_LU_\" -DCHAR_CNAME=\"zsymm3m_thread_LU\" -DNO_AFFINITY -I../.. -DDOUBLE  -DCOMPLEX -DDOUBLE -DCOMPLEX -ULOWER -URSIDE -DNN symm3m_k.c -o zsymm3m_thread_LU.o
cc -c -DTHREADED_LEVEL3 -O2 -DMAX_STACK_ALLOC=2048 -Wall -m64 -DF_INTERFACE_GFORT -fPIC -DNO_LAPACK -DNO_LAPACKE -DSMP_SERVER -DNO_WARMUP -DMAX_CPU_NUMBER=4 -DMAX_PARALLEL_NUMBER=1 -DBUILD_SINGLE=1 -DBUILD_DOUBLE=1 -DBUILD_COMPLEX=1 -DBUILD_COMPLEX16=1 -DVERSION=\"0.3.17.dev\" -msse3 -mssse3 -msse4.1 -mavx -mavx2 -mavx2 -UASMNAME -UASMFNAME -UNAME -UCNAME -UCHAR_NAME -UCHAR_CNAME -DASMNAME=zsymm3m_thread_LL -DASMFNAME=zsymm3m_thread_LL_ -DNAME=zsymm3m_thread_LL_ -DCNAME=zsymm3m_thread_LL -DCHAR_NAME=\"zsymm3m_thread_LL_\" -DCHAR_CNAME=\"zsymm3m_thread_LL\" -DNO_AFFINITY -I../.. -DDOUBLE  -DCOMPLEX -DDOUBLE -DCOMPLEX -DLOWER -URSIDE -DNN symm3m_k.c -o zsymm3m_thread_LL.o
cc -c -DTHREADED_LEVEL3 -O2 -DMAX_STACK_ALLOC=2048 -Wall -m64 -DF_INTERFACE_GFORT -fPIC -DNO_LAPACK -DNO_LAPACKE -DSMP_SERVER -DNO_WARMUP -DMAX_CPU_NUMBER=4 -DMAX_PARALLEL_NUMBER=1 -DBUILD_SINGLE=1 -DBUILD_DOUBLE=1 -DBUILD_COMPLEX=1 -DBUILD_COMPLEX16=1 -DVERSION=\"0.3.17.dev\" -msse3 -mssse3 -msse4.1 -mavx -mavx2 -mavx2 -UASMNAME -UASMFNAME -UNAME -UCNAME -UCHAR_NAME -UCHAR_CNAME -DASMNAME=zsymm3m_thread_RU -DASMFNAME=zsymm3m_thread_RU_ -DNAME=zsymm3m_thread_RU_ -DCNAME=zsymm3m_thread_RU -DCHAR_NAME=\"zsymm3m_thread_RU_\" -DCHAR_CNAME=\"zsymm3m_thread_RU\" -DNO_AFFINITY -I../.. -DDOUBLE  -DCOMPLEX -DDOUBLE -DCOMPLEX -ULOWER -DRSIDE -DNN symm3m_k.c -o zsymm3m_thread_RU.o
cc -c -DTHREADED_LEVEL3 -O2 -DMAX_STACK_ALLOC=2048 -Wall -m64 -DF_INTERFACE_GFORT -fPIC -DNO_LAPACK -DNO_LAPACKE -DSMP_SERVER -DNO_WARMUP -DMAX_CPU_NUMBER=4 -DMAX_PARALLEL_NUMBER=1 -DBUILD_SINGLE=1 -DBUILD_DOUBLE=1 -DBUILD_COMPLEX=1 -DBUILD_COMPLEX16=1 -DVERSION=\"0.3.17.dev\" -msse3 -mssse3 -msse4.1 -mavx -mavx2 -mavx2 -UASMNAME -UASMFNAME -UNAME -UCNAME -UCHAR_NAME -UCHAR_CNAME -DASMNAME=zsymm3m_thread_RL -DASMFNAME=zsymm3m_thread_RL_ -DNAME=zsymm3m_thread_RL_ -DCNAME=zsymm3m_thread_RL -DCHAR_NAME=\"zsymm3m_thread_RL_\" -DCHAR_CNAME=\"zsymm3m_thread_RL\" -DNO_AFFINITY -I../.. -DDOUBLE  -DCOMPLEX -DDOUBLE -DCOMPLEX -DLOWER -DRSIDE -DNN symm3m_k.c -o zsymm3m_thread_RL.o
cc -c -DTHREADED_LEVEL3 -O2 -DMAX_STACK_ALLOC=2048 -Wall -m64 -DF_INTERFACE_GFORT -fPIC -DNO_LAPACK -DNO_LAPACKE -DSMP_SERVER -DNO_WARMUP -DMAX_CPU_NUMBER=4 -DMAX_PARALLEL_NUMBER=1 -DBUILD_SINGLE=1 -DBUILD_DOUBLE=1 -DBUILD_COMPLEX=1 -DBUILD_COMPLEX16=1 -DVERSION=\"0.3.17.dev\" -msse3 -mssse3 -msse4.1 -mavx -mavx2 -mavx2 -UASMNAME -UASMFNAME -UNAME -UCNAME -UCHAR_NAME -UCHAR_CNAME -DASMNAME=zhemm3m_thread_LU -DASMFNAME=zhemm3m_thread_LU_ -DNAME=zhemm3m_thread_LU_ -DCNAME=zhemm3m_thread_LU -DCHAR_NAME=\"zhemm3m_thread_LU_\" -DCHAR_CNAME=\"zhemm3m_thread_LU\" -DNO_AFFINITY -I../.. -DDOUBLE  -DCOMPLEX -DDOUBLE -DCOMPLEX -ULOWER -URSIDE -DNN hemm3m_k.c -o zhemm3m_thread_LU.o
cc -c -DTHREADED_LEVEL3 -O2 -DMAX_STACK_ALLOC=2048 -Wall -m64 -DF_INTERFACE_GFORT -fPIC -DNO_LAPACK -DNO_LAPACKE -DSMP_SERVER -DNO_WARMUP -DMAX_CPU_NUMBER=4 -DMAX_PARALLEL_NUMBER=1 -DBUILD_SINGLE=1 -DBUILD_DOUBLE=1 -DBUILD_COMPLEX=1 -DBUILD_COMPLEX16=1 -DVERSION=\"0.3.17.dev\" -msse3 -mssse3 -msse4.1 -mavx -mavx2 -mavx2 -UASMNAME -UASMFNAME -UNAME -UCNAME -UCHAR_NAME -UCHAR_CNAME -DASMNAME=zhemm3m_thread_LL -DASMFNAME=zhemm3m_thread_LL_ -DNAME=zhemm3m_thread_LL_ -DCNAME=zhemm3m_thread_LL -DCHAR_NAME=\"zhemm3m_thread_LL_\" -DCHAR_CNAME=\"zhemm3m_thread_LL\" -DNO_AFFINITY -I../.. -DDOUBLE  -DCOMPLEX -DDOUBLE -DCOMPLEX -DLOWER -URSIDE -DNN hemm3m_k.c -o zhemm3m_thread_LL.o
cc -c -DTHREADED_LEVEL3 -O2 -DMAX_STACK_ALLOC=2048 -Wall -m64 -DF_INTERFACE_GFORT -fPIC -DNO_LAPACK -DNO_LAPACKE -DSMP_SERVER -DNO_WARMUP -DMAX_CPU_NUMBER=4 -DMAX_PARALLEL_NUMBER=1 -DBUILD_SINGLE=1 -DBUILD_DOUBLE=1 -DBUILD_COMPLEX=1 -DBUILD_COMPLEX16=1 -DVERSION=\"0.3.17.dev\" -msse3 -mssse3 -msse4.1 -mavx -mavx2 -mavx2 -UASMNAME -UASMFNAME -UNAME -UCNAME -UCHAR_NAME -UCHAR_CNAME -DASMNAME=zhemm3m_thread_RU -DASMFNAME=zhemm3m_thread_RU_ -DNAME=zhemm3m_thread_RU_ -DCNAME=zhemm3m_thread_RU -DCHAR_NAME=\"zhemm3m_thread_RU_\" -DCHAR_CNAME=\"zhemm3m_thread_RU\" -DNO_AFFINITY -I../.. -DDOUBLE  -DCOMPLEX -DDOUBLE -DCOMPLEX -ULOWER -DRSIDE -DNN hemm3m_k.c -o zhemm3m_thread_RU.o
cc -c -DTHREADED_LEVEL3 -O2 -DMAX_STACK_ALLOC=2048 -Wall -m64 -DF_INTERFACE_GFORT -fPIC -DNO_LAPACK -DNO_LAPACKE -DSMP_SERVER -DNO_WARMUP -DMAX_CPU_NUMBER=4 -DMAX_PARALLEL_NUMBER=1 -DBUILD_SINGLE=1 -DBUILD_DOUBLE=1 -DBUILD_COMPLEX=1 -DBUILD_COMPLEX16=1 -DVERSION=\"0.3.17.dev\" -msse3 -mssse3 -msse4.1 -mavx -mavx2 -mavx2 -UASMNAME -UASMFNAME -UNAME -UCNAME -UCHAR_NAME -UCHAR_CNAME -DASMNAME=zhemm3m_thread_RL -DASMFNAME=zhemm3m_thread_RL_ -DNAME=zhemm3m_thread_RL_ -DCNAME=zhemm3m_thread_RL -DCHAR_NAME=\"zhemm3m_thread_RL_\" -DCHAR_CNAME=\"zhemm3m_thread_RL\" -DNO_AFFINITY -I../.. -DDOUBLE  -DCOMPLEX -DDOUBLE -DCOMPLEX -DLOWER -DRSIDE -DNN hemm3m_k.c -o zhemm3m_thread_RL.o
cc -c -O2 -DMAX_STACK_ALLOC=2048 -Wall -m64 -DF_INTERFACE_GFORT -fPIC -DNO_LAPACK -DNO_LAPACKE -DSMP_SERVER -DNO_WARMUP -DMAX_CPU_NUMBER=4 -DMAX_PARALLEL_NUMBER=1 -DBUILD_SINGLE=1 -DBUILD_DOUBLE=1 -DBUILD_COMPLEX=1 -DBUILD_COMPLEX16=1 -DVERSION=\"0.3.17.dev\" -msse3 -mssse3 -msse4.1 -mavx -mavx2 -mavx2 -UASMNAME -UASMFNAME -UNAME -UCNAME -UCHAR_NAME -UCHAR_CNAME -DASMNAME=gemm_thread_m -DASMFNAME=gemm_thread_m_ -DNAME=gemm_thread_m_ -DCNAME=gemm_thread_m -DCHAR_NAME=\"gemm_thread_m_\" -DCHAR_CNAME=\"gemm_thread_m\" -DNO_AFFINITY -I../.. gemm_thread_m.c -o gemm_thread_m.o
cc -c -O2 -DMAX_STACK_ALLOC=2048 -Wall -m64 -DF_INTERFACE_GFORT -fPIC -DNO_LAPACK -DNO_LAPACKE -DSMP_SERVER -DNO_WARMUP -DMAX_CPU_NUMBER=4 -DMAX_PARALLEL_NUMBER=1 -DBUILD_SINGLE=1 -DBUILD_DOUBLE=1 -DBUILD_COMPLEX=1 -DBUILD_COMPLEX16=1 -DVERSION=\"0.3.17.dev\" -msse3 -mssse3 -msse4.1 -mavx -mavx2 -mavx2 -UASMNAME -UASMFNAME -UNAME -UCNAME -UCHAR_NAME -UCHAR_CNAME -DASMNAME=gemm_thread_n -DASMFNAME=gemm_thread_n_ -DNAME=gemm_thread_n_ -DCNAME=gemm_thread_n -DCHAR_NAME=\"gemm_thread_n_\" -DCHAR_CNAME=\"gemm_thread_n\" -DNO_AFFINITY -I../.. gemm_thread_n.c -o gemm_thread_n.o
cc -c -O2 -DMAX_STACK_ALLOC=2048 -Wall -m64 -DF_INTERFACE_GFORT -fPIC -DNO_LAPACK -DNO_LAPACKE -DSMP_SERVER -DNO_WARMUP -DMAX_CPU_NUMBER=4 -DMAX_PARALLEL_NUMBER=1 -DBUILD_SINGLE=1 -DBUILD_DOUBLE=1 -DBUILD_COMPLEX=1 -DBUILD_COMPLEX16=1 -DVERSION=\"0.3.17.dev\" -msse3 -mssse3 -msse4.1 -mavx -mavx2 -mavx2 -UASMNAME -UASMFNAME -UNAME -UCNAME -UCHAR_NAME -UCHAR_CNAME -DASMNAME=gemm_thread_mn -DASMFNAME=gemm_thread_mn_ -DNAME=gemm_thread_mn_ -DCNAME=gemm_thread_mn -DCHAR_NAME=\"gemm_thread_mn_\" -DCHAR_CNAME=\"gemm_thread_mn\" -DNO_AFFINITY -I../.. gemm_thread_mn.c -o gemm_thread_mn.o
cc -c -O2 -DMAX_STACK_ALLOC=2048 -Wall -m64 -DF_INTERFACE_GFORT -fPIC -DNO_LAPACK -DNO_LAPACKE -DSMP_SERVER -DNO_WARMUP -DMAX_CPU_NUMBER=4 -DMAX_PARALLEL_NUMBER=1 -DBUILD_SINGLE=1 -DBUILD_DOUBLE=1 -DBUILD_COMPLEX=1 -DBUILD_COMPLEX16=1 -DVERSION=\"0.3.17.dev\" -msse3 -mssse3 -msse4.1 -mavx -mavx2 -mavx2 -UASMNAME -UASMFNAME -UNAME -UCNAME -UCHAR_NAME -UCHAR_CNAME -DASMNAME=gemm_thread_variable -DASMFNAME=gemm_thread_variable_ -DNAME=gemm_thread_variable_ -DCNAME=gemm_thread_variable -DCHAR_NAME=\"gemm_thread_variable_\" -DCHAR_CNAME=\"gemm_thread_variable\" -DNO_AFFINITY -I../.. gemm_thread_variable.c -o gemm_thread_variable.o
cc -c -O2 -DMAX_STACK_ALLOC=2048 -Wall -m64 -DF_INTERFACE_GFORT -fPIC -DNO_LAPACK -DNO_LAPACKE -DSMP_SERVER -DNO_WARMUP -DMAX_CPU_NUMBER=4 -DMAX_PARALLEL_NUMBER=1 -DBUILD_SINGLE=1 -DBUILD_DOUBLE=1 -DBUILD_COMPLEX=1 -DBUILD_COMPLEX16=1 -DVERSION=\"0.3.17.dev\" -msse3 -mssse3 -msse4.1 -mavx -mavx2 -mavx2 -UASMNAME -UASMFNAME -UNAME -UCNAME -UCHAR_NAME -UCHAR_CNAME -DASMNAME=syrk_thread -DASMFNAME=syrk_thread_ -DNAME=syrk_thread_ -DCNAME=syrk_thread -DCHAR_NAME=\"syrk_thread_\" -DCHAR_CNAME=\"syrk_thread\" -DNO_AFFINITY -I../.. syrk_thread.c -o syrk_thread.o
ar  -ru ../../libopenblas_haswellp-r0.3.17.dev.a sgemm_nn.o sgemm_nt.o sgemm_tn.o sgemm_tt.o strmm_LNUU.o strmm_LNUN.o strmm_LNLU.o strmm_LNLN.o strmm_LTUU.o strmm_LTUN.o strmm_LTLU.o strmm_LTLN.o strmm_RNUU.o strmm_RNUN.o strmm_RNLU.o strmm_RNLN.o strmm_RTUU.o strmm_RTUN.o strmm_RTLU.o strmm_RTLN.o strsm_LNUU.o strsm_LNUN.o strsm_LNLU.o strsm_LNLN.o strsm_LTUU.o strsm_LTUN.o strsm_LTLU.o strsm_LTLN.o strsm_RNUU.o strsm_RNUN.o strsm_RNLU.o strsm_RNLN.o strsm_RTUU.o strsm_RTUN.o strsm_RTLU.o strsm_RTLN.o ssymm_LU.o ssymm_LL.o ssymm_RU.o ssymm_RL.o ssyrk_UN.o ssyrk_UT.o ssyrk_LN.o ssyrk_LT.o ssyr2k_UN.o ssyr2k_UT.o ssyr2k_LN.o ssyr2k_LT.o ssyrk_kernel_U.o ssyrk_kernel_L.o ssyr2k_kernel_U.o ssyr2k_kernel_L.o sgemm_thread_nn.o sgemm_thread_nt.o sgemm_thread_tn.o sgemm_thread_tt.o ssymm_thread_LU.o ssymm_thread_LL.o ssymm_thread_RU.o ssymm_thread_RL.o ssyrk_thread_UN.o ssyrk_thread_UT.o ssyrk_thread_LN.o ssyrk_thread_LT.o dgemm_nn.o dgemm_nt.o dgemm_tn.o dgemm_tt.o dtrmm_LNUU.o dtrmm_LNUN.o dtrmm_LNLU.o dtrmm_LNLN.o dtrmm_LTUU.o dtrmm_LTUN.o dtrmm_LTLU.o dtrmm_LTLN.o dtrmm_RNUU.o dtrmm_RNUN.o dtrmm_RNLU.o dtrmm_RNLN.o dtrmm_RTUU.o dtrmm_RTUN.o dtrmm_RTLU.o dtrmm_RTLN.o dtrsm_LNUU.o dtrsm_LNUN.o dtrsm_LNLU.o dtrsm_LNLN.o dtrsm_LTUU.o dtrsm_LTUN.o dtrsm_LTLU.o dtrsm_LTLN.o dtrsm_RNUU.o dtrsm_RNUN.o dtrsm_RNLU.o dtrsm_RNLN.o dtrsm_RTUU.o dtrsm_RTUN.o dtrsm_RTLU.o dtrsm_RTLN.o dsymm_LU.o dsymm_LL.o dsymm_RU.o dsymm_RL.o dsyrk_UN.o dsyrk_UT.o dsyrk_LN.o dsyrk_LT.o dsyr2k_UN.o dsyr2k_UT.o dsyr2k_LN.o dsyr2k_LT.o dsyrk_kernel_U.o dsyrk_kernel_L.o dsyr2k_kernel_U.o dsyr2k_kernel_L.o dgemm_thread_nn.o dgemm_thread_nt.o dgemm_thread_tn.o dgemm_thread_tt.o dsymm_thread_LU.o dsymm_thread_LL.o dsymm_thread_RU.o dsymm_thread_RL.o dsyrk_thread_UN.o dsyrk_thread_UT.o dsyrk_thread_LN.o dsyrk_thread_LT.o cgemm_nn.o cgemm_cn.o cgemm_tn.o cgemm_nc.o cgemm_nt.o cgemm_cc.o cgemm_ct.o cgemm_tc.o cgemm_tt.o cgemm_nr.o cgemm_tr.o cgemm_cr.o cgemm_rn.o cgemm_rt.o cgemm_rc.o cgemm_rr.o ctrmm_LNUU.o ctrmm_LNUN.o ctrmm_LNLU.o ctrmm_LNLN.o ctrmm_LTUU.o ctrmm_LTUN.o ctrmm_LTLU.o ctrmm_LTLN.o ctrmm_LRUU.o ctrmm_LRUN.o ctrmm_LRLU.o ctrmm_LRLN.o ctrmm_LCUU.o ctrmm_LCUN.o ctrmm_LCLU.o ctrmm_LCLN.o ctrmm_RNUU.o ctrmm_RNUN.o ctrmm_RNLU.o ctrmm_RNLN.o ctrmm_RTUU.o ctrmm_RTUN.o ctrmm_RTLU.o ctrmm_RTLN.o ctrmm_RRUU.o ctrmm_RRUN.o ctrmm_RRLU.o ctrmm_RRLN.o ctrmm_RCUU.o ctrmm_RCUN.o ctrmm_RCLU.o ctrmm_RCLN.o ctrsm_LNUU.o ctrsm_LNUN.o ctrsm_LNLU.o ctrsm_LNLN.o ctrsm_LTUU.o ctrsm_LTUN.o ctrsm_LTLU.o ctrsm_LTLN.o ctrsm_LRUU.o ctrsm_LRUN.o ctrsm_LRLU.o ctrsm_LRLN.o ctrsm_LCUU.o ctrsm_LCUN.o ctrsm_LCLU.o ctrsm_LCLN.o ctrsm_RNUU.o ctrsm_RNUN.o ctrsm_RNLU.o ctrsm_RNLN.o ctrsm_RTUU.o ctrsm_RTUN.o ctrsm_RTLU.o ctrsm_RTLN.o ctrsm_RRUU.o ctrsm_RRUN.o ctrsm_RRLU.o ctrsm_RRLN.o ctrsm_RCUU.o ctrsm_RCUN.o ctrsm_RCLU.o ctrsm_RCLN.o csymm_LU.o csymm_LL.o csymm_RU.o csymm_RL.o chemm_LU.o chemm_LL.o chemm_RU.o chemm_RL.o csyrk_UN.o csyrk_UT.o csyrk_LN.o csyrk_LT.o cherk_UN.o cherk_UC.o cherk_LN.o cherk_LC.o csyr2k_UN.o csyr2k_UT.o csyr2k_LN.o csyr2k_LT.o cher2k_UN.o cher2k_UC.o cher2k_LN.o cher2k_LC.o csyrk_kernel_U.o csyrk_kernel_L.o cherk_kernel_UN.o cherk_kernel_UC.o cherk_kernel_LN.o cherk_kernel_LC.o csyr2k_kernel_U.o csyr2k_kernel_L.o cher2k_kernel_UN.o cher2k_kernel_UC.o cher2k_kernel_LN.o cher2k_kernel_LC.o cgemm3m_nn.o cgemm3m_cn.o cgemm3m_tn.o cgemm3m_nc.o cgemm3m_nt.o cgemm3m_cc.o cgemm3m_ct.o cgemm3m_tc.o cgemm3m_tt.o cgemm3m_nr.o cgemm3m_tr.o cgemm3m_cr.o cgemm3m_rn.o cgemm3m_rt.o cgemm3m_rc.o cgemm3m_rr.o csymm3m_LU.o csymm3m_LL.o csymm3m_RU.o csymm3m_RL.o chemm3m_LU.o chemm3m_LL.o chemm3m_RU.o chemm3m_RL.o cgemm_thread_nn.o cgemm_thread_nt.o cgemm_thread_nr.o cgemm_thread_nc.o cgemm_thread_tn.o cgemm_thread_tt.o cgemm_thread_tr.o cgemm_thread_tc.o cgemm_thread_rn.o cgemm_thread_rt.o cgemm_thread_rr.o cgemm_thread_rc.o cgemm_thread_cn.o cgemm_thread_ct.o cgemm_thread_cr.o cgemm_thread_cc.o csymm_thread_LU.o csymm_thread_LL.o csymm_thread_RU.o csymm_thread_RL.o chemm_thread_LU.o chemm_thread_LL.o chemm_thread_RU.o chemm_thread_RL.o csyrk_thread_UN.o csyrk_thread_UT.o csyrk_thread_LN.o csyrk_thread_LT.o cherk_thread_UN.o cherk_thread_UC.o cherk_thread_LN.o cherk_thread_LC.o cgemm3m_thread_nn.o cgemm3m_thread_nt.o cgemm3m_thread_nr.o cgemm3m_thread_nc.o cgemm3m_thread_tn.o cgemm3m_thread_tt.o cgemm3m_thread_tr.o cgemm3m_thread_tc.o cgemm3m_thread_rn.o cgemm3m_thread_rt.o cgemm3m_thread_rr.o cgemm3m_thread_rc.o cgemm3m_thread_cn.o cgemm3m_thread_ct.o cgemm3m_thread_cr.o cgemm3m_thread_cc.o csymm3m_thread_LU.o csymm3m_thread_LL.o csymm3m_thread_RU.o csymm3m_thread_RL.o chemm3m_thread_LU.o chemm3m_thread_LL.o chemm3m_thread_RU.o chemm3m_thread_RL.o zgemm_nn.o zgemm_cn.o zgemm_tn.o zgemm_nc.o zgemm_nt.o zgemm_cc.o zgemm_ct.o zgemm_tc.o zgemm_tt.o zgemm_nr.o zgemm_tr.o zgemm_cr.o zgemm_rn.o zgemm_rt.o zgemm_rc.o zgemm_rr.o ztrmm_LNUU.o ztrmm_LNUN.o ztrmm_LNLU.o ztrmm_LNLN.o ztrmm_LTUU.o ztrmm_LTUN.o ztrmm_LTLU.o ztrmm_LTLN.o ztrmm_LRUU.o ztrmm_LRUN.o ztrmm_LRLU.o ztrmm_LRLN.o ztrmm_LCUU.o ztrmm_LCUN.o ztrmm_LCLU.o ztrmm_LCLN.o ztrmm_RNUU.o ztrmm_RNUN.o ztrmm_RNLU.o ztrmm_RNLN.o ztrmm_RTUU.o ztrmm_RTUN.o ztrmm_RTLU.o ztrmm_RTLN.o ztrmm_RRUU.o ztrmm_RRUN.o ztrmm_RRLU.o ztrmm_RRLN.o ztrmm_RCUU.o ztrmm_RCUN.o ztrmm_RCLU.o ztrmm_RCLN.o ztrsm_LNUU.o ztrsm_LNUN.o ztrsm_LNLU.o ztrsm_LNLN.o ztrsm_LTUU.o ztrsm_LTUN.o ztrsm_LTLU.o ztrsm_LTLN.o ztrsm_LRUU.o ztrsm_LRUN.o ztrsm_LRLU.o ztrsm_LRLN.o ztrsm_LCUU.o ztrsm_LCUN.o ztrsm_LCLU.o ztrsm_LCLN.o ztrsm_RNUU.o ztrsm_RNUN.o ztrsm_RNLU.o ztrsm_RNLN.o ztrsm_RTUU.o ztrsm_RTUN.o ztrsm_RTLU.o ztrsm_RTLN.o ztrsm_RRUU.o ztrsm_RRUN.o ztrsm_RRLU.o ztrsm_RRLN.o ztrsm_RCUU.o ztrsm_RCUN.o ztrsm_RCLU.o ztrsm_RCLN.o zsymm_LU.o zsymm_LL.o zsymm_RU.o zsymm_RL.o zhemm_LU.o zhemm_LL.o zhemm_RU.o zhemm_RL.o zsyrk_UN.o zsyrk_UT.o zsyrk_LN.o zsyrk_LT.o zherk_UN.o zherk_UC.o zherk_LN.o zherk_LC.o zsyr2k_UN.o zsyr2k_UT.o zsyr2k_LN.o zsyr2k_LT.o zher2k_UN.o zher2k_UC.o zher2k_LN.o zher2k_LC.o zsyrk_kernel_U.o zsyrk_kernel_L.o zherk_kernel_UN.o zherk_kernel_UC.o zherk_kernel_LN.o zherk_kernel_LC.o zsyr2k_kernel_U.o zsyr2k_kernel_L.o zher2k_kernel_UN.o zher2k_kernel_UC.o zher2k_kernel_LN.o zher2k_kernel_LC.o zgemm3m_nn.o zgemm3m_cn.o zgemm3m_tn.o zgemm3m_nc.o zgemm3m_nt.o zgemm3m_cc.o zgemm3m_ct.o zgemm3m_tc.o zgemm3m_tt.o zgemm3m_nr.o zgemm3m_tr.o zgemm3m_cr.o zgemm3m_rn.o zgemm3m_rt.o zgemm3m_rc.o zgemm3m_rr.o zsymm3m_LU.o zsymm3m_LL.o zsymm3m_RU.o zsymm3m_RL.o zhemm3m_LU.o zhemm3m_LL.o zhemm3m_RU.o zhemm3m_RL.o zgemm_thread_nn.o zgemm_thread_nt.o zgemm_thread_nr.o zgemm_thread_nc.o zgemm_thread_tn.o zgemm_thread_tt.o zgemm_thread_tr.o zgemm_thread_tc.o zgemm_thread_rn.o zgemm_thread_rt.o zgemm_thread_rr.o zgemm_thread_rc.o zgemm_thread_cn.o zgemm_thread_ct.o zgemm_thread_cr.o zgemm_thread_cc.o zsymm_thread_LU.o zsymm_thread_LL.o zsymm_thread_RU.o zsymm_thread_RL.o zhemm_thread_LU.o zhemm_thread_LL.o zhemm_thread_RU.o zhemm_thread_RL.o zsyrk_thread_UN.o zsyrk_thread_UT.o zsyrk_thread_LN.o zsyrk_thread_LT.o zherk_thread_UN.o zherk_thread_UC.o zherk_thread_LN.o zherk_thread_LC.o zgemm3m_thread_nn.o zgemm3m_thread_nt.o zgemm3m_thread_nr.o zgemm3m_thread_nc.o zgemm3m_thread_tn.o zgemm3m_thread_tt.o zgemm3m_thread_tr.o zgemm3m_thread_tc.o zgemm3m_thread_rn.o zgemm3m_thread_rt.o zgemm3m_thread_rr.o zgemm3m_thread_rc.o zgemm3m_thread_cn.o zgemm3m_thread_ct.o zgemm3m_thread_cr.o zgemm3m_thread_cc.o zsymm3m_thread_LU.o zsymm3m_thread_LL.o zsymm3m_thread_RU.o zsymm3m_thread_RL.o zhemm3m_thread_LU.o zhemm3m_thread_LL.o zhemm3m_thread_RU.o zhemm3m_thread_RL.o gemm_thread_m.o gemm_thread_n.o gemm_thread_mn.o gemm_thread_variable.o syrk_thread.o
make[1]: 离开目录“/home/gxw/Code/community/OpenBLAS/driver/level3”
make[1]: 进入目录“/home/gxw/Code/community/OpenBLAS/driver/others”
cc -O2 -DMAX_STACK_ALLOC=2048 -Wall -m64 -DF_INTERFACE_GFORT -fPIC -DNO_LAPACK -DNO_LAPACKE -DSMP_SERVER -DNO_WARMUP -DMAX_CPU_NUMBER=4 -DMAX_PARALLEL_NUMBER=1 -DBUILD_SINGLE=1 -DBUILD_DOUBLE=1 -DBUILD_COMPLEX=1 -DBUILD_COMPLEX16=1 -DVERSION=\"0.3.17.dev\" -msse3 -mssse3 -msse4.1 -mavx -mavx2 -mavx2 -UASMNAME -UASMFNAME -UNAME -UCNAME -UCHAR_NAME -UCHAR_CNAME -DASMNAME=memory -DASMFNAME=memory_ -DNAME=memory_ -DCNAME=memory -DCHAR_NAME=\"memory_\" -DCHAR_CNAME=\"memory\" -DNO_AFFINITY -I../.. -c memory.c -o memory.o
cc -O2 -DMAX_STACK_ALLOC=2048 -Wall -m64 -DF_INTERFACE_GFORT -fPIC -DNO_LAPACK -DNO_LAPACKE -DSMP_SERVER -DNO_WARMUP -DMAX_CPU_NUMBER=4 -DMAX_PARALLEL_NUMBER=1 -DBUILD_SINGLE=1 -DBUILD_DOUBLE=1 -DBUILD_COMPLEX=1 -DBUILD_COMPLEX16=1 -DVERSION=\"0.3.17.dev\" -msse3 -mssse3 -msse4.1 -mavx -mavx2 -mavx2 -UASMNAME -UASMFNAME -UNAME -UCNAME -UCHAR_NAME -UCHAR_CNAME -DASMNAME=xerbla -DASMFNAME=xerbla_ -DNAME=xerbla_ -DCNAME=xerbla -DCHAR_NAME=\"xerbla_\" -DCHAR_CNAME=\"xerbla\" -DNO_AFFINITY -I../.. -c xerbla.c -o xerbla.o
cc -O2 -DMAX_STACK_ALLOC=2048 -Wall -m64 -DF_INTERFACE_GFORT -fPIC -DNO_LAPACK -DNO_LAPACKE -DSMP_SERVER -DNO_WARMUP -DMAX_CPU_NUMBER=4 -DMAX_PARALLEL_NUMBER=1 -DBUILD_SINGLE=1 -DBUILD_DOUBLE=1 -DBUILD_COMPLEX=1 -DBUILD_COMPLEX16=1 -DVERSION=\"0.3.17.dev\" -msse3 -mssse3 -msse4.1 -mavx -mavx2 -mavx2 -UASMNAME -UASMFNAME -UNAME -UCNAME -UCHAR_NAME -UCHAR_CNAME -DASMNAME=c_abs -DASMFNAME=c_abs_ -DNAME=c_abs_ -DCNAME=c_abs -DCHAR_NAME=\"c_abs_\" -DCHAR_CNAME=\"c_abs\" -DNO_AFFINITY -I../.. -c -UDOUBLE abs.c -o c_abs.o
cc -O2 -DMAX_STACK_ALLOC=2048 -Wall -m64 -DF_INTERFACE_GFORT -fPIC -DNO_LAPACK -DNO_LAPACKE -DSMP_SERVER -DNO_WARMUP -DMAX_CPU_NUMBER=4 -DMAX_PARALLEL_NUMBER=1 -DBUILD_SINGLE=1 -DBUILD_DOUBLE=1 -DBUILD_COMPLEX=1 -DBUILD_COMPLEX16=1 -DVERSION=\"0.3.17.dev\" -msse3 -mssse3 -msse4.1 -mavx -mavx2 -mavx2 -UASMNAME -UASMFNAME -UNAME -UCNAME -UCHAR_NAME -UCHAR_CNAME -DASMNAME=z_abs -DASMFNAME=z_abs_ -DNAME=z_abs_ -DCNAME=z_abs -DCHAR_NAME=\"z_abs_\" -DCHAR_CNAME=\"z_abs\" -DNO_AFFINITY -I../.. -c -DDOUBLE abs.c -o z_abs.o
cc -O2 -DMAX_STACK_ALLOC=2048 -Wall -m64 -DF_INTERFACE_GFORT -fPIC -DNO_LAPACK -DNO_LAPACKE -DSMP_SERVER -DNO_WARMUP -DMAX_CPU_NUMBER=4 -DMAX_PARALLEL_NUMBER=1 -DBUILD_SINGLE=1 -DBUILD_DOUBLE=1 -DBUILD_COMPLEX=1 -DBUILD_COMPLEX16=1 -DVERSION=\"0.3.17.dev\" -msse3 -mssse3 -msse4.1 -mavx -mavx2 -mavx2 -UASMNAME -UASMFNAME -UNAME -UCNAME -UCHAR_NAME -UCHAR_CNAME -DASMNAME=openblas_set_num_threads -DASMFNAME=openblas_set_num_threads_ -DNAME=openblas_set_num_threads_ -DCNAME=openblas_set_num_threads -DCHAR_NAME=\"openblas_set_num_threads_\" -DCHAR_CNAME=\"openblas_set_num_threads\" -DNO_AFFINITY -I../.. -c openblas_set_num_threads.c -o openblas_set_num_threads.o
cc -O2 -DMAX_STACK_ALLOC=2048 -Wall -m64 -DF_INTERFACE_GFORT -fPIC -DNO_LAPACK -DNO_LAPACKE -DSMP_SERVER -DNO_WARMUP -DMAX_CPU_NUMBER=4 -DMAX_PARALLEL_NUMBER=1 -DBUILD_SINGLE=1 -DBUILD_DOUBLE=1 -DBUILD_COMPLEX=1 -DBUILD_COMPLEX16=1 -DVERSION=\"0.3.17.dev\" -msse3 -mssse3 -msse4.1 -mavx -mavx2 -mavx2 -UASMNAME -UASMFNAME -UNAME -UCNAME -UCHAR_NAME -UCHAR_CNAME -DASMNAME=openblas_get_num_threads -DASMFNAME=openblas_get_num_threads_ -DNAME=openblas_get_num_threads_ -DCNAME=openblas_get_num_threads -DCHAR_NAME=\"openblas_get_num_threads_\" -DCHAR_CNAME=\"openblas_get_num_threads\" -DNO_AFFINITY -I../.. -c openblas_get_num_threads.c -o openblas_get_num_threads.o
cc -O2 -DMAX_STACK_ALLOC=2048 -Wall -m64 -DF_INTERFACE_GFORT -fPIC -DNO_LAPACK -DNO_LAPACKE -DSMP_SERVER -DNO_WARMUP -DMAX_CPU_NUMBER=4 -DMAX_PARALLEL_NUMBER=1 -DBUILD_SINGLE=1 -DBUILD_DOUBLE=1 -DBUILD_COMPLEX=1 -DBUILD_COMPLEX16=1 -DVERSION=\"0.3.17.dev\" -msse3 -mssse3 -msse4.1 -mavx -mavx2 -mavx2 -UASMNAME -UASMFNAME -UNAME -UCNAME -UCHAR_NAME -UCHAR_CNAME -DASMNAME=openblas_get_num_procs -DASMFNAME=openblas_get_num_procs_ -DNAME=openblas_get_num_procs_ -DCNAME=openblas_get_num_procs -DCHAR_NAME=\"openblas_get_num_procs_\" -DCHAR_CNAME=\"openblas_get_num_procs\" -DNO_AFFINITY -I../.. -c openblas_get_num_procs.c -o openblas_get_num_procs.o
cc -O2 -DMAX_STACK_ALLOC=2048 -Wall -m64 -DF_INTERFACE_GFORT -fPIC -DNO_LAPACK -DNO_LAPACKE -DSMP_SERVER -DNO_WARMUP -DMAX_CPU_NUMBER=4 -DMAX_PARALLEL_NUMBER=1 -DBUILD_SINGLE=1 -DBUILD_DOUBLE=1 -DBUILD_COMPLEX=1 -DBUILD_COMPLEX16=1 -DVERSION=\"0.3.17.dev\" -msse3 -mssse3 -msse4.1 -mavx -mavx2 -mavx2 -UASMNAME -UASMFNAME -UNAME -UCNAME -UCHAR_NAME -UCHAR_CNAME -DASMNAME=openblas_get_config -DASMFNAME=openblas_get_config_ -DNAME=openblas_get_config_ -DCNAME=openblas_get_config -DCHAR_NAME=\"openblas_get_config_\" -DCHAR_CNAME=\"openblas_get_config\" -DNO_AFFINITY -I../.. -c openblas_get_config.c -o openblas_get_config.o
cc -O2 -DMAX_STACK_ALLOC=2048 -Wall -m64 -DF_INTERFACE_GFORT -fPIC -DNO_LAPACK -DNO_LAPACKE -DSMP_SERVER -DNO_WARMUP -DMAX_CPU_NUMBER=4 -DMAX_PARALLEL_NUMBER=1 -DBUILD_SINGLE=1 -DBUILD_DOUBLE=1 -DBUILD_COMPLEX=1 -DBUILD_COMPLEX16=1 -DVERSION=\"0.3.17.dev\" -msse3 -mssse3 -msse4.1 -mavx -mavx2 -mavx2 -UASMNAME -UASMFNAME -UNAME -UCNAME -UCHAR_NAME -UCHAR_CNAME -DASMNAME=openblas_get_parallel -DASMFNAME=openblas_get_parallel_ -DNAME=openblas_get_parallel_ -DCNAME=openblas_get_parallel -DCHAR_NAME=\"openblas_get_parallel_\" -DCHAR_CNAME=\"openblas_get_parallel\" -DNO_AFFINITY -I../.. -c openblas_get_parallel.c -o openblas_get_parallel.o
cc -O2 -DMAX_STACK_ALLOC=2048 -Wall -m64 -DF_INTERFACE_GFORT -fPIC -DNO_LAPACK -DNO_LAPACKE -DSMP_SERVER -DNO_WARMUP -DMAX_CPU_NUMBER=4 -DMAX_PARALLEL_NUMBER=1 -DBUILD_SINGLE=1 -DBUILD_DOUBLE=1 -DBUILD_COMPLEX=1 -DBUILD_COMPLEX16=1 -DVERSION=\"0.3.17.dev\" -msse3 -mssse3 -msse4.1 -mavx -mavx2 -mavx2 -UASMNAME -UASMFNAME -UNAME -UCNAME -UCHAR_NAME -UCHAR_CNAME -DASMNAME=openblas_error_handle -DASMFNAME=openblas_error_handle_ -DNAME=openblas_error_handle_ -DCNAME=openblas_error_handle -DCHAR_NAME=\"openblas_error_handle_\" -DCHAR_CNAME=\"openblas_error_handle\" -DNO_AFFINITY -I../.. -c openblas_error_handle.c -o openblas_error_handle.o
cc -O2 -DMAX_STACK_ALLOC=2048 -Wall -m64 -DF_INTERFACE_GFORT -fPIC -DNO_LAPACK -DNO_LAPACKE -DSMP_SERVER -DNO_WARMUP -DMAX_CPU_NUMBER=4 -DMAX_PARALLEL_NUMBER=1 -DBUILD_SINGLE=1 -DBUILD_DOUBLE=1 -DBUILD_COMPLEX=1 -DBUILD_COMPLEX16=1 -DVERSION=\"0.3.17.dev\" -msse3 -mssse3 -msse4.1 -mavx -mavx2 -mavx2 -UASMNAME -UASMFNAME -UNAME -UCNAME -UCHAR_NAME -UCHAR_CNAME -DASMNAME=openblas_env -DASMFNAME=openblas_env_ -DNAME=openblas_env_ -DCNAME=openblas_env -DCHAR_NAME=\"openblas_env_\" -DCHAR_CNAME=\"openblas_env\" -DNO_AFFINITY -I../.. -c openblas_env.c -o openblas_env.o
cc -O2 -DMAX_STACK_ALLOC=2048 -Wall -m64 -DF_INTERFACE_GFORT -fPIC -DNO_LAPACK -DNO_LAPACKE -DSMP_SERVER -DNO_WARMUP -DMAX_CPU_NUMBER=4 -DMAX_PARALLEL_NUMBER=1 -DBUILD_SINGLE=1 -DBUILD_DOUBLE=1 -DBUILD_COMPLEX=1 -DBUILD_COMPLEX16=1 -DVERSION=\"0.3.17.dev\" -msse3 -mssse3 -msse4.1 -mavx -mavx2 -mavx2 -UASMNAME -UASMFNAME -UNAME -UCNAME -UCHAR_NAME -UCHAR_CNAME -DASMNAME=blas_server -DASMFNAME=blas_server_ -DNAME=blas_server_ -DCNAME=blas_server -DCHAR_NAME=\"blas_server_\" -DCHAR_CNAME=\"blas_server\" -DNO_AFFINITY -I../.. -c blas_server.c -o blas_server.o
cc -O2 -DMAX_STACK_ALLOC=2048 -Wall -m64 -DF_INTERFACE_GFORT -fPIC -DNO_LAPACK -DNO_LAPACKE -DSMP_SERVER -DNO_WARMUP -DMAX_CPU_NUMBER=4 -DMAX_PARALLEL_NUMBER=1 -DBUILD_SINGLE=1 -DBUILD_DOUBLE=1 -DBUILD_COMPLEX=1 -DBUILD_COMPLEX16=1 -DVERSION=\"0.3.17.dev\" -msse3 -mssse3 -msse4.1 -mavx -mavx2 -mavx2 -UASMNAME -UASMFNAME -UNAME -UCNAME -UCHAR_NAME -UCHAR_CNAME -DASMNAME=divtable -DASMFNAME=divtable_ -DNAME=divtable_ -DCNAME=divtable -DCHAR_NAME=\"divtable_\" -DCHAR_CNAME=\"divtable\" -DNO_AFFINITY -I../.. -c -UDOUBLE divtable.c -o divtable.o
cc -O2 -DMAX_STACK_ALLOC=2048 -Wall -m64 -DF_INTERFACE_GFORT -fPIC -DNO_LAPACK -DNO_LAPACKE -DSMP_SERVER -DNO_WARMUP -DMAX_CPU_NUMBER=4 -DMAX_PARALLEL_NUMBER=1 -DBUILD_SINGLE=1 -DBUILD_DOUBLE=1 -DBUILD_COMPLEX=1 -DBUILD_COMPLEX16=1 -DVERSION=\"0.3.17.dev\" -msse3 -mssse3 -msse4.1 -mavx -mavx2 -mavx2 -UASMNAME -UASMFNAME -UNAME -UCNAME -UCHAR_NAME -UCHAR_CNAME -DASMNAME=blasL1thread -DASMFNAME=blasL1thread_ -DNAME=blasL1thread_ -DCNAME=blasL1thread -DCHAR_NAME=\"blasL1thread_\" -DCHAR_CNAME=\"blasL1thread\" -DNO_AFFINITY -I../.. -c blas_l1_thread.c -o blasL1thread.o
cc -O2 -DMAX_STACK_ALLOC=2048 -Wall -m64 -DF_INTERFACE_GFORT -fPIC -DNO_LAPACK -DNO_LAPACKE -DSMP_SERVER -DNO_WARMUP -DMAX_CPU_NUMBER=4 -DMAX_PARALLEL_NUMBER=1 -DBUILD_SINGLE=1 -DBUILD_DOUBLE=1 -DBUILD_COMPLEX=1 -DBUILD_COMPLEX16=1 -DVERSION=\"0.3.17.dev\" -msse3 -mssse3 -msse4.1 -mavx -mavx2 -mavx2 -UASMNAME -UASMFNAME -UNAME -UCNAME -UCHAR_NAME -UCHAR_CNAME -DASMNAME=parameter -DASMFNAME=parameter_ -DNAME=parameter_ -DCNAME=parameter -DCHAR_NAME=\"parameter_\" -DCHAR_CNAME=\"parameter\" -DNO_AFFINITY -I../.. -c parameter.c -o parameter.o
ar  -ru ../../libopenblas_haswellp-r0.3.17.dev.a memory.o xerbla.o c_abs.o z_abs.o openblas_set_num_threads.o openblas_get_num_threads.o openblas_get_num_procs.o openblas_get_config.o openblas_get_parallel.o openblas_error_handle.o openblas_env.o blas_server.o divtable.o blasL1thread.o parameter.o
make[1]: 离开目录“/home/gxw/Code/community/OpenBLAS/driver/others”
make[1]: 进入目录“/home/gxw/Code/community/OpenBLAS/kernel”
cc -c -O2 -DMAX_STACK_ALLOC=2048 -Wall -m64 -DF_INTERFACE_GFORT -fPIC -DNO_LAPACK -DNO_LAPACKE -DSMP_SERVER -DNO_WARMUP -DMAX_CPU_NUMBER=4 -DMAX_PARALLEL_NUMBER=1 -DBUILD_SINGLE=1 -DBUILD_DOUBLE=1 -DBUILD_COMPLEX=1 -DBUILD_COMPLEX16=1 -DVERSION=\"0.3.17.dev\" -msse3 -mssse3 -msse4.1 -mavx -mavx2 -mavx2 -UASMNAME -UASMFNAME -UNAME -UCNAME -UCHAR_NAME -UCHAR_CNAME -DASMNAME=samax_k -DASMFNAME=samax_k_ -DNAME=samax_k_ -DCNAME=samax_k -DCHAR_NAME=\"samax_k_\" -DCHAR_CNAME=\"samax_k\" -DNO_AFFINITY -I.. -UDOUBLE  -UCOMPLEX -UCOMPLEX -UDOUBLE  -DUSE_ABS -UUSE_MIN ../kernel/x86_64/amax_sse.S -o samax_k.o
cc -c -O2 -DMAX_STACK_ALLOC=2048 -Wall -m64 -DF_INTERFACE_GFORT -fPIC -DNO_LAPACK -DNO_LAPACKE -DSMP_SERVER -DNO_WARMUP -DMAX_CPU_NUMBER=4 -DMAX_PARALLEL_NUMBER=1 -DBUILD_SINGLE=1 -DBUILD_DOUBLE=1 -DBUILD_COMPLEX=1 -DBUILD_COMPLEX16=1 -DVERSION=\"0.3.17.dev\" -msse3 -mssse3 -msse4.1 -mavx -mavx2 -mavx2 -UASMNAME -UASMFNAME -UNAME -UCNAME -UCHAR_NAME -UCHAR_CNAME -DASMNAME=samin_k -DASMFNAME=samin_k_ -DNAME=samin_k_ -DCNAME=samin_k -DCHAR_NAME=\"samin_k_\" -DCHAR_CNAME=\"samin_k\" -DNO_AFFINITY -I.. -UDOUBLE  -UCOMPLEX -UCOMPLEX -UDOUBLE -DUSE_ABS  -DUSE_MIN ../kernel/x86_64/amax_sse.S -o samin_k.o
cc -c -O2 -DMAX_STACK_ALLOC=2048 -Wall -m64 -DF_INTERFACE_GFORT -fPIC -DNO_LAPACK -DNO_LAPACKE -DSMP_SERVER -DNO_WARMUP -DMAX_CPU_NUMBER=4 -DMAX_PARALLEL_NUMBER=1 -DBUILD_SINGLE=1 -DBUILD_DOUBLE=1 -DBUILD_COMPLEX=1 -DBUILD_COMPLEX16=1 -DVERSION=\"0.3.17.dev\" -msse3 -mssse3 -msse4.1 -mavx -mavx2 -mavx2 -UASMNAME -UASMFNAME -UNAME -UCNAME -UCHAR_NAME -UCHAR_CNAME -DASMNAME=smax_k -DASMFNAME=smax_k_ -DNAME=smax_k_ -DCNAME=smax_k -DCHAR_NAME=\"smax_k_\" -DCHAR_CNAME=\"smax_k\" -DNO_AFFINITY -I.. -UDOUBLE  -UCOMPLEX -UCOMPLEX -UDOUBLE -UUSE_ABS  -UUSE_MIN ../kernel/x86_64/amax_sse.S -o smax_k.o
cc -c -O2 -DMAX_STACK_ALLOC=2048 -Wall -m64 -DF_INTERFACE_GFORT -fPIC -DNO_LAPACK -DNO_LAPACKE -DSMP_SERVER -DNO_WARMUP -DMAX_CPU_NUMBER=4 -DMAX_PARALLEL_NUMBER=1 -DBUILD_SINGLE=1 -DBUILD_DOUBLE=1 -DBUILD_COMPLEX=1 -DBUILD_COMPLEX16=1 -DVERSION=\"0.3.17.dev\" -msse3 -mssse3 -msse4.1 -mavx -mavx2 -mavx2 -UASMNAME -UASMFNAME -UNAME -UCNAME -UCHAR_NAME -UCHAR_CNAME -DASMNAME=smin_k -DASMFNAME=smin_k_ -DNAME=smin_k_ -DCNAME=smin_k -DCHAR_NAME=\"smin_k_\" -DCHAR_CNAME=\"smin_k\" -DNO_AFFINITY -I.. -UDOUBLE  -UCOMPLEX -UCOMPLEX -UDOUBLE -UUSE_ABS  -DUSE_MIN ../kernel/x86_64/amax_sse.S -o smin_k.o
cc -c -O2 -DMAX_STACK_ALLOC=2048 -Wall -m64 -DF_INTERFACE_GFORT -fPIC -DNO_LAPACK -DNO_LAPACKE -DSMP_SERVER -DNO_WARMUP -DMAX_CPU_NUMBER=4 -DMAX_PARALLEL_NUMBER=1 -DBUILD_SINGLE=1 -DBUILD_DOUBLE=1 -DBUILD_COMPLEX=1 -DBUILD_COMPLEX16=1 -DVERSION=\"0.3.17.dev\" -msse3 -mssse3 -msse4.1 -mavx -mavx2 -mavx2 -UASMNAME -UASMFNAME -UNAME -UCNAME -UCHAR_NAME -UCHAR_CNAME -DASMNAME=isamax_k -DASMFNAME=isamax_k_ -DNAME=isamax_k_ -DCNAME=isamax_k -DCHAR_NAME=\"isamax_k_\" -DCHAR_CNAME=\"isamax_k\" -DNO_AFFINITY -I.. -UDOUBLE  -UCOMPLEX -UCOMPLEX -UDOUBLE -DUSE_ABS  -UUSE_MIN ../kernel/x86_64/iamax_sse.S -o isamax_k.o
cc -c -O2 -DMAX_STACK_ALLOC=2048 -Wall -m64 -DF_INTERFACE_GFORT -fPIC -DNO_LAPACK -DNO_LAPACKE -DSMP_SERVER -DNO_WARMUP -DMAX_CPU_NUMBER=4 -DMAX_PARALLEL_NUMBER=1 -DBUILD_SINGLE=1 -DBUILD_DOUBLE=1 -DBUILD_COMPLEX=1 -DBUILD_COMPLEX16=1 -DVERSION=\"0.3.17.dev\" -msse3 -mssse3 -msse4.1 -mavx -mavx2 -mavx2 -UASMNAME -UASMFNAME -UNAME -UCNAME -UCHAR_NAME -UCHAR_CNAME -DASMNAME=isamin_k -DASMFNAME=isamin_k_ -DNAME=isamin_k_ -DCNAME=isamin_k -DCHAR_NAME=\"isamin_k_\" -DCHAR_CNAME=\"isamin_k\" -DNO_AFFINITY -I.. -UDOUBLE  -UCOMPLEX -UCOMPLEX -UDOUBLE -DUSE_ABS  -DUSE_MIN ../kernel/x86_64/iamax_sse.S -o isamin_k.o
cc -c -O2 -DMAX_STACK_ALLOC=2048 -Wall -m64 -DF_INTERFACE_GFORT -fPIC -DNO_LAPACK -DNO_LAPACKE -DSMP_SERVER -DNO_WARMUP -DMAX_CPU_NUMBER=4 -DMAX_PARALLEL_NUMBER=1 -DBUILD_SINGLE=1 -DBUILD_DOUBLE=1 -DBUILD_COMPLEX=1 -DBUILD_COMPLEX16=1 -DVERSION=\"0.3.17.dev\" -msse3 -mssse3 -msse4.1 -mavx -mavx2 -mavx2 -UASMNAME -UASMFNAME -UNAME -UCNAME -UCHAR_NAME -UCHAR_CNAME -DASMNAME=ismax_k -DASMFNAME=ismax_k_ -DNAME=ismax_k_ -DCNAME=ismax_k -DCHAR_NAME=\"ismax_k_\" -DCHAR_CNAME=\"ismax_k\" -DNO_AFFINITY -I.. -UDOUBLE  -UCOMPLEX -UCOMPLEX -UDOUBLE -UUSE_ABS  -UUSE_MIN ../kernel/x86_64/iamax_sse.S -o ismax_k.o
cc -c -O2 -DMAX_STACK_ALLOC=2048 -Wall -m64 -DF_INTERFACE_GFORT -fPIC -DNO_LAPACK -DNO_LAPACKE -DSMP_SERVER -DNO_WARMUP -DMAX_CPU_NUMBER=4 -DMAX_PARALLEL_NUMBER=1 -DBUILD_SINGLE=1 -DBUILD_DOUBLE=1 -DBUILD_COMPLEX=1 -DBUILD_COMPLEX16=1 -DVERSION=\"0.3.17.dev\" -msse3 -mssse3 -msse4.1 -mavx -mavx2 -mavx2 -UASMNAME -UASMFNAME -UNAME -UCNAME -UCHAR_NAME -UCHAR_CNAME -DASMNAME=ismin_k -DASMFNAME=ismin_k_ -DNAME=ismin_k_ -DCNAME=ismin_k -DCHAR_NAME=\"ismin_k_\" -DCHAR_CNAME=\"ismin_k\" -DNO_AFFINITY -I.. -UDOUBLE  -UCOMPLEX -UCOMPLEX -UDOUBLE -UUSE_ABS  -DUSE_MIN ../kernel/x86_64/iamax_sse.S -o ismin_k.o
cc -c -O2 -DMAX_STACK_ALLOC=2048 -Wall -m64 -DF_INTERFACE_GFORT -fPIC -DNO_LAPACK -DNO_LAPACKE -DSMP_SERVER -DNO_WARMUP -DMAX_CPU_NUMBER=4 -DMAX_PARALLEL_NUMBER=1 -DBUILD_SINGLE=1 -DBUILD_DOUBLE=1 -DBUILD_COMPLEX=1 -DBUILD_COMPLEX16=1 -DVERSION=\"0.3.17.dev\" -msse3 -mssse3 -msse4.1 -mavx -mavx2 -mavx2 -UASMNAME -UASMFNAME -UNAME -UCNAME -UCHAR_NAME -UCHAR_CNAME -DASMNAME=sasum_k -DASMFNAME=sasum_k_ -DNAME=sasum_k_ -DCNAME=sasum_k -DCHAR_NAME=\"sasum_k_\" -DCHAR_CNAME=\"sasum_k\" -DNO_AFFINITY -I.. -UDOUBLE  -UCOMPLEX -UCOMPLEX -UDOUBLE ../kernel/x86_64/sasum.c -o sasum_k.o
cc -c -O2 -DMAX_STACK_ALLOC=2048 -Wall -m64 -DF_INTERFACE_GFORT -fPIC -DNO_LAPACK -DNO_LAPACKE -DSMP_SERVER -DNO_WARMUP -DMAX_CPU_NUMBER=4 -DMAX_PARALLEL_NUMBER=1 -DBUILD_SINGLE=1 -DBUILD_DOUBLE=1 -DBUILD_COMPLEX=1 -DBUILD_COMPLEX16=1 -DVERSION=\"0.3.17.dev\" -msse3 -mssse3 -msse4.1 -mavx -mavx2 -mavx2 -UASMNAME -UASMFNAME -UNAME -UCNAME -UCHAR_NAME -UCHAR_CNAME -DASMNAME=ssum_k -DASMFNAME=ssum_k_ -DNAME=ssum_k_ -DCNAME=ssum_k -DCHAR_NAME=\"ssum_k_\" -DCHAR_CNAME=\"ssum_k\" -DNO_AFFINITY -I.. -UDOUBLE  -UCOMPLEX -UCOMPLEX -UDOUBLE ../kernel/x86_64/../arm/sum.c -o ssum_k.o
cc -c -O2 -DMAX_STACK_ALLOC=2048 -Wall -m64 -DF_INTERFACE_GFORT -fPIC -DNO_LAPACK -DNO_LAPACKE -DSMP_SERVER -DNO_WARMUP -DMAX_CPU_NUMBER=4 -DMAX_PARALLEL_NUMBER=1 -DBUILD_SINGLE=1 -DBUILD_DOUBLE=1 -DBUILD_COMPLEX=1 -DBUILD_COMPLEX16=1 -DVERSION=\"0.3.17.dev\" -msse3 -mssse3 -msse4.1 -mavx -mavx2 -mavx2 -UASMNAME -UASMFNAME -UNAME -UCNAME -UCHAR_NAME -UCHAR_CNAME -DASMNAME=saxpy_k -DASMFNAME=saxpy_k_ -DNAME=saxpy_k_ -DCNAME=saxpy_k -DCHAR_NAME=\"saxpy_k_\" -DCHAR_CNAME=\"saxpy_k\" -DNO_AFFINITY -I.. -UDOUBLE  -UCOMPLEX -UCOMPLEX -UDOUBLE ../kernel/x86_64/saxpy.c -o saxpy_k.o
cc -c -O2 -DMAX_STACK_ALLOC=2048 -Wall -m64 -DF_INTERFACE_GFORT -fPIC -DNO_LAPACK -DNO_LAPACKE -DSMP_SERVER -DNO_WARMUP -DMAX_CPU_NUMBER=4 -DMAX_PARALLEL_NUMBER=1 -DBUILD_SINGLE=1 -DBUILD_DOUBLE=1 -DBUILD_COMPLEX=1 -DBUILD_COMPLEX16=1 -DVERSION=\"0.3.17.dev\" -msse3 -mssse3 -msse4.1 -mavx -mavx2 -mavx2 -UASMNAME -UASMFNAME -UNAME -UCNAME -UCHAR_NAME -UCHAR_CNAME -DASMNAME=scopy_k -DASMFNAME=scopy_k_ -DNAME=scopy_k_ -DCNAME=scopy_k -DCHAR_NAME=\"scopy_k_\" -DCHAR_CNAME=\"scopy_k\" -DNO_AFFINITY -I.. -UDOUBLE  -UCOMPLEX -UCOMPLEX -UDOUBLE -DC_INTERFACE ../kernel/x86_64/copy_sse.S -o scopy_k.o
cc -c -O2 -DMAX_STACK_ALLOC=2048 -Wall -m64 -DF_INTERFACE_GFORT -fPIC -DNO_LAPACK -DNO_LAPACKE -DSMP_SERVER -DNO_WARMUP -DMAX_CPU_NUMBER=4 -DMAX_PARALLEL_NUMBER=1 -DBUILD_SINGLE=1 -DBUILD_DOUBLE=1 -DBUILD_COMPLEX=1 -DBUILD_COMPLEX16=1 -DVERSION=\"0.3.17.dev\" -msse3 -mssse3 -msse4.1 -mavx -mavx2 -mavx2 -UASMNAME -UASMFNAME -UNAME -UCNAME -UCHAR_NAME -UCHAR_CNAME -DASMNAME=sdot_k -DASMFNAME=sdot_k_ -DNAME=sdot_k_ -DCNAME=sdot_k -DCHAR_NAME=\"sdot_k_\" -DCHAR_CNAME=\"sdot_k\" -DNO_AFFINITY -I.. -UDOUBLE  -UCOMPLEX -UCOMPLEX -UDOUBLE ../kernel/x86_64/sdot.c -o sdot_k.o
cc -c -O2 -DMAX_STACK_ALLOC=2048 -Wall -m64 -DF_INTERFACE_GFORT -fPIC -DNO_LAPACK -DNO_LAPACKE -DSMP_SERVER -DNO_WARMUP -DMAX_CPU_NUMBER=4 -DMAX_PARALLEL_NUMBER=1 -DBUILD_SINGLE=1 -DBUILD_DOUBLE=1 -DBUILD_COMPLEX=1 -DBUILD_COMPLEX16=1 -DVERSION=\"0.3.17.dev\" -msse3 -mssse3 -msse4.1 -mavx -mavx2 -mavx2 -UASMNAME -UASMFNAME -UNAME -UCNAME -UCHAR_NAME -UCHAR_CNAME -DASMNAME=sdsdot_k -DASMFNAME=sdsdot_k_ -DNAME=sdsdot_k_ -DCNAME=sdsdot_k -DCHAR_NAME=\"sdsdot_k_\" -DCHAR_CNAME=\"sdsdot_k\" -DNO_AFFINITY -I.. -UDOUBLE  -UCOMPLEX -UCOMPLEX -UDOUBLE -DDSDOT ../kernel/x86_64/sdot.c -o sdsdot_k.o
cc -c -O2 -DMAX_STACK_ALLOC=2048 -Wall -m64 -DF_INTERFACE_GFORT -fPIC -DNO_LAPACK -DNO_LAPACKE -DSMP_SERVER -DNO_WARMUP -DMAX_CPU_NUMBER=4 -DMAX_PARALLEL_NUMBER=1 -DBUILD_SINGLE=1 -DBUILD_DOUBLE=1 -DBUILD_COMPLEX=1 -DBUILD_COMPLEX16=1 -DVERSION=\"0.3.17.dev\" -msse3 -mssse3 -msse4.1 -mavx -mavx2 -mavx2 -UASMNAME -UASMFNAME -UNAME -UCNAME -UCHAR_NAME -UCHAR_CNAME -DASMNAME=dsdot_k -DASMFNAME=dsdot_k_ -DNAME=dsdot_k_ -DCNAME=dsdot_k -DCHAR_NAME=\"dsdot_k_\" -DCHAR_CNAME=\"dsdot_k\" -DNO_AFFINITY -I.. -UDOUBLE  -UCOMPLEX -UCOMPLEX -UDOUBLE -DDSDOT ../kernel/x86_64/sdot.c -o dsdot_k.o
cc -O2 -DMAX_STACK_ALLOC=2048 -Wall -m64 -DF_INTERFACE_GFORT -fPIC -DNO_LAPACK -DNO_LAPACKE -DSMP_SERVER -DNO_WARMUP -DMAX_CPU_NUMBER=4 -DMAX_PARALLEL_NUMBER=1 -DBUILD_SINGLE=1 -DBUILD_DOUBLE=1 -DBUILD_COMPLEX=1 -DBUILD_COMPLEX16=1 -DVERSION=\"0.3.17.dev\" -msse3 -mssse3 -msse4.1 -mavx -mavx2 -mavx2 -UASMNAME -UASMFNAME -UNAME -UCNAME -UCHAR_NAME -UCHAR_CNAME -DASMNAME=snrm2_k -DASMFNAME=snrm2_k_ -DNAME=snrm2_k_ -DCNAME=snrm2_k -DCHAR_NAME=\"snrm2_k_\" -DCHAR_CNAME=\"snrm2_k\" -DNO_AFFINITY -I.. -UDOUBLE  -UCOMPLEX -UCOMPLEX -c -UDOUBLE ../kernel/x86_64/nrm2_sse.S -o snrm2_k.o
cc -c -O2 -DMAX_STACK_ALLOC=2048 -Wall -m64 -DF_INTERFACE_GFORT -fPIC -DNO_LAPACK -DNO_LAPACKE -DSMP_SERVER -DNO_WARMUP -DMAX_CPU_NUMBER=4 -DMAX_PARALLEL_NUMBER=1 -DBUILD_SINGLE=1 -DBUILD_DOUBLE=1 -DBUILD_COMPLEX=1 -DBUILD_COMPLEX16=1 -DVERSION=\"0.3.17.dev\" -msse3 -mssse3 -msse4.1 -mavx -mavx2 -mavx2 -UASMNAME -UASMFNAME -UNAME -UCNAME -UCHAR_NAME -UCHAR_CNAME -DASMNAME=srot_k -DASMFNAME=srot_k_ -DNAME=srot_k_ -DCNAME=srot_k -DCHAR_NAME=\"srot_k_\" -DCHAR_CNAME=\"srot_k\" -DNO_AFFINITY -I.. -UDOUBLE  -UCOMPLEX -mfma -UCOMPLEX -UCOMPLEX -UDOUBLE  ../kernel/x86_64/srot.c -o srot_k.o
cc -c -O2 -DMAX_STACK_ALLOC=2048 -Wall -m64 -DF_INTERFACE_GFORT -fPIC -DNO_LAPACK -DNO_LAPACKE -DSMP_SERVER -DNO_WARMUP -DMAX_CPU_NUMBER=4 -DMAX_PARALLEL_NUMBER=1 -DBUILD_SINGLE=1 -DBUILD_DOUBLE=1 -DBUILD_COMPLEX=1 -DBUILD_COMPLEX16=1 -DVERSION=\"0.3.17.dev\" -msse3 -mssse3 -msse4.1 -mavx -mavx2 -mavx2 -UASMNAME -UASMFNAME -UNAME -UCNAME -UCHAR_NAME -UCHAR_CNAME -DASMNAME=sscal_k -DASMFNAME=sscal_k_ -DNAME=sscal_k_ -DCNAME=sscal_k -DCHAR_NAME=\"sscal_k_\" -DCHAR_CNAME=\"sscal_k\" -DNO_AFFINITY -I.. -UDOUBLE  -UCOMPLEX -UCOMPLEX -UDOUBLE ../kernel/x86_64/scal_sse.S -o sscal_k.o
cc -c -O2 -DMAX_STACK_ALLOC=2048 -Wall -m64 -DF_INTERFACE_GFORT -fPIC -DNO_LAPACK -DNO_LAPACKE -DSMP_SERVER -DNO_WARMUP -DMAX_CPU_NUMBER=4 -DMAX_PARALLEL_NUMBER=1 -DBUILD_SINGLE=1 -DBUILD_DOUBLE=1 -DBUILD_COMPLEX=1 -DBUILD_COMPLEX16=1 -DVERSION=\"0.3.17.dev\" -msse3 -mssse3 -msse4.1 -mavx -mavx2 -mavx2 -UASMNAME -UASMFNAME -UNAME -UCNAME -UCHAR_NAME -UCHAR_CNAME -DASMNAME=sswap_k -DASMFNAME=sswap_k_ -DNAME=sswap_k_ -DCNAME=sswap_k -DCHAR_NAME=\"sswap_k_\" -DCHAR_CNAME=\"sswap_k\" -DNO_AFFINITY -I.. -UDOUBLE  -UCOMPLEX -UCOMPLEX -UDOUBLE ../kernel/x86_64/swap_sse.S -o sswap_k.o
cc -c -O2 -DMAX_STACK_ALLOC=2048 -Wall -m64 -DF_INTERFACE_GFORT -fPIC -DNO_LAPACK -DNO_LAPACKE -DSMP_SERVER -DNO_WARMUP -DMAX_CPU_NUMBER=4 -DMAX_PARALLEL_NUMBER=1 -DBUILD_SINGLE=1 -DBUILD_DOUBLE=1 -DBUILD_COMPLEX=1 -DBUILD_COMPLEX16=1 -DVERSION=\"0.3.17.dev\" -msse3 -mssse3 -msse4.1 -mavx -mavx2 -mavx2 -UASMNAME -UASMFNAME -UNAME -UCNAME -UCHAR_NAME -UCHAR_CNAME -DASMNAME=saxpby_k -DASMFNAME=saxpby_k_ -DNAME=saxpby_k_ -DCNAME=saxpby_k -DCHAR_NAME=\"saxpby_k_\" -DCHAR_CNAME=\"saxpby_k\" -DNO_AFFINITY -I.. -UDOUBLE  -UCOMPLEX -UCOMPLEX -UDOUBLE ../kernel/x86_64/../arm/axpby.c -o saxpby_k.o
cc -c -O2 -DMAX_STACK_ALLOC=2048 -Wall -m64 -DF_INTERFACE_GFORT -fPIC -DNO_LAPACK -DNO_LAPACKE -DSMP_SERVER -DNO_WARMUP -DMAX_CPU_NUMBER=4 -DMAX_PARALLEL_NUMBER=1 -DBUILD_SINGLE=1 -DBUILD_DOUBLE=1 -DBUILD_COMPLEX=1 -DBUILD_COMPLEX16=1 -DVERSION=\"0.3.17.dev\" -msse3 -mssse3 -msse4.1 -mavx -mavx2 -mavx2 -UASMNAME -UASMFNAME -UNAME -UCNAME -UCHAR_NAME -UCHAR_CNAME -DASMNAME=sgemv_n -DASMFNAME=sgemv_n_ -DNAME=sgemv_n_ -DCNAME=sgemv_n -DCHAR_NAME=\"sgemv_n_\" -DCHAR_CNAME=\"sgemv_n\" -DNO_AFFINITY -I.. -UDOUBLE  -UCOMPLEX -UDOUBLE  -UCOMPLEX -UDOUBLE -UCOMPLEX  -UTRANS ../kernel/x86_64/sgemv_n_4.c -o sgemv_n.o
cc -c -O2 -DMAX_STACK_ALLOC=2048 -Wall -m64 -DF_INTERFACE_GFORT -fPIC -DNO_LAPACK -DNO_LAPACKE -DSMP_SERVER -DNO_WARMUP -DMAX_CPU_NUMBER=4 -DMAX_PARALLEL_NUMBER=1 -DBUILD_SINGLE=1 -DBUILD_DOUBLE=1 -DBUILD_COMPLEX=1 -DBUILD_COMPLEX16=1 -DVERSION=\"0.3.17.dev\" -msse3 -mssse3 -msse4.1 -mavx -mavx2 -mavx2 -UASMNAME -UASMFNAME -UNAME -UCNAME -UCHAR_NAME -UCHAR_CNAME -DASMNAME=sgemv_t -DASMFNAME=sgemv_t_ -DNAME=sgemv_t_ -DCNAME=sgemv_t -DCHAR_NAME=\"sgemv_t_\" -DCHAR_CNAME=\"sgemv_t\" -DNO_AFFINITY -I.. -UDOUBLE  -UCOMPLEX -UDOUBLE  -UCOMPLEX -UDOUBLE -UCOMPLEX  -DTRANS  ../kernel/x86_64/sgemv_t_4.c -o sgemv_t.o
cc -c -O2 -DMAX_STACK_ALLOC=2048 -Wall -m64 -DF_INTERFACE_GFORT -fPIC -DNO_LAPACK -DNO_LAPACKE -DSMP_SERVER -DNO_WARMUP -DMAX_CPU_NUMBER=4 -DMAX_PARALLEL_NUMBER=1 -DBUILD_SINGLE=1 -DBUILD_DOUBLE=1 -DBUILD_COMPLEX=1 -DBUILD_COMPLEX16=1 -DVERSION=\"0.3.17.dev\" -msse3 -mssse3 -msse4.1 -mavx -mavx2 -mavx2 -UASMNAME -UASMFNAME -UNAME -UCNAME -UCHAR_NAME -UCHAR_CNAME -DASMNAME=ssymv_U -DASMFNAME=ssymv_U_ -DNAME=ssymv_U_ -DCNAME=ssymv_U -DCHAR_NAME=\"ssymv_U_\" -DCHAR_CNAME=\"ssymv_U\" -DNO_AFFINITY -I.. -UDOUBLE  -UCOMPLEX -UCOMPLEX -UDOUBLE -ULOWER ../kernel/x86_64/ssymv_U.c -o ssymv_U.o
cc -c -O2 -DMAX_STACK_ALLOC=2048 -Wall -m64 -DF_INTERFACE_GFORT -fPIC -DNO_LAPACK -DNO_LAPACKE -DSMP_SERVER -DNO_WARMUP -DMAX_CPU_NUMBER=4 -DMAX_PARALLEL_NUMBER=1 -DBUILD_SINGLE=1 -DBUILD_DOUBLE=1 -DBUILD_COMPLEX=1 -DBUILD_COMPLEX16=1 -DVERSION=\"0.3.17.dev\" -msse3 -mssse3 -msse4.1 -mavx -mavx2 -mavx2 -UASMNAME -UASMFNAME -UNAME -UCNAME -UCHAR_NAME -UCHAR_CNAME -DASMNAME=ssymv_L -DASMFNAME=ssymv_L_ -DNAME=ssymv_L_ -DCNAME=ssymv_L -DCHAR_NAME=\"ssymv_L_\" -DCHAR_CNAME=\"ssymv_L\" -DNO_AFFINITY -I.. -UDOUBLE  -UCOMPLEX -UCOMPLEX -UDOUBLE -DLOWER ../kernel/x86_64/ssymv_L.c -o ssymv_L.o
cc -c -O2 -DMAX_STACK_ALLOC=2048 -Wall -m64 -DF_INTERFACE_GFORT -fPIC -DNO_LAPACK -DNO_LAPACKE -DSMP_SERVER -DNO_WARMUP -DMAX_CPU_NUMBER=4 -DMAX_PARALLEL_NUMBER=1 -DBUILD_SINGLE=1 -DBUILD_DOUBLE=1 -DBUILD_COMPLEX=1 -DBUILD_COMPLEX16=1 -DVERSION=\"0.3.17.dev\" -msse3 -mssse3 -msse4.1 -mavx -mavx2 -mavx2 -UASMNAME -UASMFNAME -UNAME -UCNAME -UCHAR_NAME -UCHAR_CNAME -DASMNAME=sger_k -DASMFNAME=sger_k_ -DNAME=sger_k_ -DCNAME=sger_k -DCHAR_NAME=\"sger_k_\" -DCHAR_CNAME=\"sger_k\" -DNO_AFFINITY -I.. -UDOUBLE  -UCOMPLEX -UDOUBLE ../kernel/x86_64/../generic/ger.c -o sger_k.o
cc -O2 -DMAX_STACK_ALLOC=2048 -Wall -m64 -DF_INTERFACE_GFORT -fPIC -DNO_LAPACK -DNO_LAPACKE -DSMP_SERVER -DNO_WARMUP -DMAX_CPU_NUMBER=4 -DMAX_PARALLEL_NUMBER=1 -DBUILD_SINGLE=1 -DBUILD_DOUBLE=1 -DBUILD_COMPLEX=1 -DBUILD_COMPLEX16=1 -DVERSION=\"0.3.17.dev\" -msse3 -mssse3 -msse4.1 -mavx -mavx2 -mavx2 -UASMNAME -UASMFNAME -UNAME -UCNAME -UCHAR_NAME -UCHAR_CNAME -DASMNAME=sgemm_kernel -DASMFNAME=sgemm_kernel_ -DNAME=sgemm_kernel_ -DCNAME=sgemm_kernel -DCHAR_NAME=\"sgemm_kernel_\" -DCHAR_CNAME=\"sgemm_kernel\" -DNO_AFFINITY -I.. -UDOUBLE  -UCOMPLEX -c -UDOUBLE -UCOMPLEX ../kernel/x86_64/sgemm_kernel_8x4_haswell_2.c -o sgemm_kernel.o
cc -O2 -DMAX_STACK_ALLOC=2048 -Wall -m64 -DF_INTERFACE_GFORT -fPIC -DNO_LAPACK -DNO_LAPACKE -DSMP_SERVER -DNO_WARMUP -DMAX_CPU_NUMBER=4 -DMAX_PARALLEL_NUMBER=1 -DBUILD_SINGLE=1 -DBUILD_DOUBLE=1 -DBUILD_COMPLEX=1 -DBUILD_COMPLEX16=1 -DVERSION=\"0.3.17.dev\" -msse3 -mssse3 -msse4.1 -mavx -mavx2 -mavx2 -UASMNAME -UASMFNAME -UNAME -UCNAME -UCHAR_NAME -UCHAR_CNAME -DASMNAME=sgemm_beta -DASMFNAME=sgemm_beta_ -DNAME=sgemm_beta_ -DCNAME=sgemm_beta -DCHAR_NAME=\"sgemm_beta_\" -DCHAR_CNAME=\"sgemm_beta\" -DNO_AFFINITY -I.. -UDOUBLE  -UCOMPLEX -UDOUBLE  -UCOMPLEX -c -UDOUBLE -UCOMPLEX ../kernel/x86_64/sgemm_beta_skylakex.c -o sgemm_beta.o
cc -O2 -DMAX_STACK_ALLOC=2048 -Wall -m64 -DF_INTERFACE_GFORT -fPIC -DNO_LAPACK -DNO_LAPACKE -DSMP_SERVER -DNO_WARMUP -DMAX_CPU_NUMBER=4 -DMAX_PARALLEL_NUMBER=1 -DBUILD_SINGLE=1 -DBUILD_DOUBLE=1 -DBUILD_COMPLEX=1 -DBUILD_COMPLEX16=1 -DVERSION=\"0.3.17.dev\" -msse3 -mssse3 -msse4.1 -mavx -mavx2 -mavx2 -UASMNAME -UASMFNAME -UNAME -UCNAME -UCHAR_NAME -UCHAR_CNAME -DASMNAME=sgemm_incopy -DASMFNAME=sgemm_incopy_ -DNAME=sgemm_incopy_ -DCNAME=sgemm_incopy -DCHAR_NAME=\"sgemm_incopy_\" -DCHAR_CNAME=\"sgemm_incopy\" -DNO_AFFINITY -I.. -UDOUBLE  -UCOMPLEX -c -UDOUBLE -UCOMPLEX ../kernel/x86_64/../generic/gemm_ncopy_8.c -o sgemm_incopy.o
cc -O2 -DMAX_STACK_ALLOC=2048 -Wall -m64 -DF_INTERFACE_GFORT -fPIC -DNO_LAPACK -DNO_LAPACKE -DSMP_SERVER -DNO_WARMUP -DMAX_CPU_NUMBER=4 -DMAX_PARALLEL_NUMBER=1 -DBUILD_SINGLE=1 -DBUILD_DOUBLE=1 -DBUILD_COMPLEX=1 -DBUILD_COMPLEX16=1 -DVERSION=\"0.3.17.dev\" -msse3 -mssse3 -msse4.1 -mavx -mavx2 -mavx2 -UASMNAME -UASMFNAME -UNAME -UCNAME -UCHAR_NAME -UCHAR_CNAME -DASMNAME=sgemm_itcopy -DASMFNAME=sgemm_itcopy_ -DNAME=sgemm_itcopy_ -DCNAME=sgemm_itcopy -DCHAR_NAME=\"sgemm_itcopy_\" -DCHAR_CNAME=\"sgemm_itcopy\" -DNO_AFFINITY -I.. -UDOUBLE  -UCOMPLEX -c -UDOUBLE -UCOMPLEX ../kernel/x86_64/../generic/gemm_tcopy_8.c -o sgemm_itcopy.o 
cc -O2 -DMAX_STACK_ALLOC=2048 -Wall -m64 -DF_INTERFACE_GFORT -fPIC -DNO_LAPACK -DNO_LAPACKE -DSMP_SERVER -DNO_WARMUP -DMAX_CPU_NUMBER=4 -DMAX_PARALLEL_NUMBER=1 -DBUILD_SINGLE=1 -DBUILD_DOUBLE=1 -DBUILD_COMPLEX=1 -DBUILD_COMPLEX16=1 -DVERSION=\"0.3.17.dev\" -msse3 -mssse3 -msse4.1 -mavx -mavx2 -mavx2 -UASMNAME -UASMFNAME -UNAME -UCNAME -UCHAR_NAME -UCHAR_CNAME -DASMNAME=sgemm_oncopy -DASMFNAME=sgemm_oncopy_ -DNAME=sgemm_oncopy_ -DCNAME=sgemm_oncopy -DCHAR_NAME=\"sgemm_oncopy_\" -DCHAR_CNAME=\"sgemm_oncopy\" -DNO_AFFINITY -I.. -UDOUBLE  -UCOMPLEX -c -UDOUBLE -UCOMPLEX ../kernel/x86_64/sgemm_ncopy_4_skylakex.c -o sgemm_oncopy.o
cc -O2 -DMAX_STACK_ALLOC=2048 -Wall -m64 -DF_INTERFACE_GFORT -fPIC -DNO_LAPACK -DNO_LAPACKE -DSMP_SERVER -DNO_WARMUP -DMAX_CPU_NUMBER=4 -DMAX_PARALLEL_NUMBER=1 -DBUILD_SINGLE=1 -DBUILD_DOUBLE=1 -DBUILD_COMPLEX=1 -DBUILD_COMPLEX16=1 -DVERSION=\"0.3.17.dev\" -msse3 -mssse3 -msse4.1 -mavx -mavx2 -mavx2 -UASMNAME -UASMFNAME -UNAME -UCNAME -UCHAR_NAME -UCHAR_CNAME -DASMNAME=sgemm_otcopy -DASMFNAME=sgemm_otcopy_ -DNAME=sgemm_otcopy_ -DCNAME=sgemm_otcopy -DCHAR_NAME=\"sgemm_otcopy_\" -DCHAR_CNAME=\"sgemm_otcopy\" -DNO_AFFINITY -I.. -UDOUBLE  -UCOMPLEX -c -UDOUBLE -UCOMPLEX ../kernel/x86_64/../generic/gemm_tcopy_4.c -o sgemm_otcopy.o
cc -O2 -DMAX_STACK_ALLOC=2048 -Wall -m64 -DF_INTERFACE_GFORT -fPIC -DNO_LAPACK -DNO_LAPACKE -DSMP_SERVER -DNO_WARMUP -DMAX_CPU_NUMBER=4 -DMAX_PARALLEL_NUMBER=1 -DBUILD_SINGLE=1 -DBUILD_DOUBLE=1 -DBUILD_COMPLEX=1 -DBUILD_COMPLEX16=1 -DVERSION=\"0.3.17.dev\" -msse3 -mssse3 -msse4.1 -mavx -mavx2 -mavx2 -UASMNAME -UASMFNAME -UNAME -UCNAME -UCHAR_NAME -UCHAR_CNAME -DASMNAME=sgemm_direct -DASMFNAME=sgemm_direct_ -DNAME=sgemm_direct_ -DCNAME=sgemm_direct -DCHAR_NAME=\"sgemm_direct_\" -DCHAR_CNAME=\"sgemm_direct\" -DNO_AFFINITY -I.. -UDOUBLE  -UCOMPLEX -c -UDOUBLE -UCOMPLEX ../kernel/x86_64/sgemm_direct_skylakex.c -o sgemm_direct.o
cc -O2 -DMAX_STACK_ALLOC=2048 -Wall -m64 -DF_INTERFACE_GFORT -fPIC -DNO_LAPACK -DNO_LAPACKE -DSMP_SERVER -DNO_WARMUP -DMAX_CPU_NUMBER=4 -DMAX_PARALLEL_NUMBER=1 -DBUILD_SINGLE=1 -DBUILD_DOUBLE=1 -DBUILD_COMPLEX=1 -DBUILD_COMPLEX16=1 -DVERSION=\"0.3.17.dev\" -msse3 -mssse3 -msse4.1 -mavx -mavx2 -mavx2 -UASMNAME -UASMFNAME -UNAME -UCNAME -UCHAR_NAME -UCHAR_CNAME -DASMNAME=sgemm_direct_performant -DASMFNAME=sgemm_direct_performant_ -DNAME=sgemm_direct_performant_ -DCNAME=sgemm_direct_performant -DCHAR_NAME=\"sgemm_direct_performant_\" -DCHAR_CNAME=\"sgemm_direct_performant\" -DNO_AFFINITY -I.. -UDOUBLE  -UCOMPLEX -c -UDOUBLE -UCOMPLEX ../kernel/x86_64/sgemm_direct_performant.c -o sgemm_direct_performant.o
cc -O2 -DMAX_STACK_ALLOC=2048 -Wall -m64 -DF_INTERFACE_GFORT -fPIC -DNO_LAPACK -DNO_LAPACKE -DSMP_SERVER -DNO_WARMUP -DMAX_CPU_NUMBER=4 -DMAX_PARALLEL_NUMBER=1 -DBUILD_SINGLE=1 -DBUILD_DOUBLE=1 -DBUILD_COMPLEX=1 -DBUILD_COMPLEX16=1 -DVERSION=\"0.3.17.dev\" -msse3 -mssse3 -msse4.1 -mavx -mavx2 -mavx2 -UASMNAME -UASMFNAME -UNAME -UCNAME -UCHAR_NAME -UCHAR_CNAME -DASMNAME=strmm_kernel_LN -DASMFNAME=strmm_kernel_LN_ -DNAME=strmm_kernel_LN_ -DCNAME=strmm_kernel_LN -DCHAR_NAME=\"strmm_kernel_LN_\" -DCHAR_CNAME=\"strmm_kernel_LN\" -DNO_AFFINITY -I.. -UDOUBLE  -UCOMPLEX -c -DTRMMKERNEL -UDOUBLE -UCOMPLEX -DLEFT -UTRANSA ../kernel/x86_64/sgemm_kernel_8x4_haswell.c -o strmm_kernel_LN.o
cc -O2 -DMAX_STACK_ALLOC=2048 -Wall -m64 -DF_INTERFACE_GFORT -fPIC -DNO_LAPACK -DNO_LAPACKE -DSMP_SERVER -DNO_WARMUP -DMAX_CPU_NUMBER=4 -DMAX_PARALLEL_NUMBER=1 -DBUILD_SINGLE=1 -DBUILD_DOUBLE=1 -DBUILD_COMPLEX=1 -DBUILD_COMPLEX16=1 -DVERSION=\"0.3.17.dev\" -msse3 -mssse3 -msse4.1 -mavx -mavx2 -mavx2 -UASMNAME -UASMFNAME -UNAME -UCNAME -UCHAR_NAME -UCHAR_CNAME -DASMNAME=strmm_kernel_LT -DASMFNAME=strmm_kernel_LT_ -DNAME=strmm_kernel_LT_ -DCNAME=strmm_kernel_LT -DCHAR_NAME=\"strmm_kernel_LT_\" -DCHAR_CNAME=\"strmm_kernel_LT\" -DNO_AFFINITY -I.. -UDOUBLE  -UCOMPLEX -c -DTRMMKERNEL -UDOUBLE -UCOMPLEX -DLEFT -DTRANSA ../kernel/x86_64/sgemm_kernel_8x4_haswell.c -o strmm_kernel_LT.o
cc -O2 -DMAX_STACK_ALLOC=2048 -Wall -m64 -DF_INTERFACE_GFORT -fPIC -DNO_LAPACK -DNO_LAPACKE -DSMP_SERVER -DNO_WARMUP -DMAX_CPU_NUMBER=4 -DMAX_PARALLEL_NUMBER=1 -DBUILD_SINGLE=1 -DBUILD_DOUBLE=1 -DBUILD_COMPLEX=1 -DBUILD_COMPLEX16=1 -DVERSION=\"0.3.17.dev\" -msse3 -mssse3 -msse4.1 -mavx -mavx2 -mavx2 -UASMNAME -UASMFNAME -UNAME -UCNAME -UCHAR_NAME -UCHAR_CNAME -DASMNAME=strmm_kernel_RN -DASMFNAME=strmm_kernel_RN_ -DNAME=strmm_kernel_RN_ -DCNAME=strmm_kernel_RN -DCHAR_NAME=\"strmm_kernel_RN_\" -DCHAR_CNAME=\"strmm_kernel_RN\" -DNO_AFFINITY -I.. -UDOUBLE  -UCOMPLEX -c -DTRMMKERNEL -UDOUBLE -UCOMPLEX -ULEFT -UTRANSA ../kernel/x86_64/sgemm_kernel_8x4_haswell.c -o strmm_kernel_RN.o
cc -O2 -DMAX_STACK_ALLOC=2048 -Wall -m64 -DF_INTERFACE_GFORT -fPIC -DNO_LAPACK -DNO_LAPACKE -DSMP_SERVER -DNO_WARMUP -DMAX_CPU_NUMBER=4 -DMAX_PARALLEL_NUMBER=1 -DBUILD_SINGLE=1 -DBUILD_DOUBLE=1 -DBUILD_COMPLEX=1 -DBUILD_COMPLEX16=1 -DVERSION=\"0.3.17.dev\" -msse3 -mssse3 -msse4.1 -mavx -mavx2 -mavx2 -UASMNAME -UASMFNAME -UNAME -UCNAME -UCHAR_NAME -UCHAR_CNAME -DASMNAME=strmm_kernel_RT -DASMFNAME=strmm_kernel_RT_ -DNAME=strmm_kernel_RT_ -DCNAME=strmm_kernel_RT -DCHAR_NAME=\"strmm_kernel_RT_\" -DCHAR_CNAME=\"strmm_kernel_RT\" -DNO_AFFINITY -I.. -UDOUBLE  -UCOMPLEX -c -DTRMMKERNEL -UDOUBLE -UCOMPLEX -ULEFT -DTRANSA ../kernel/x86_64/sgemm_kernel_8x4_haswell.c -o strmm_kernel_RT.o
cc -c -O2 -DMAX_STACK_ALLOC=2048 -Wall -m64 -DF_INTERFACE_GFORT -fPIC -DNO_LAPACK -DNO_LAPACKE -DSMP_SERVER -DNO_WARMUP -DMAX_CPU_NUMBER=4 -DMAX_PARALLEL_NUMBER=1 -DBUILD_SINGLE=1 -DBUILD_DOUBLE=1 -DBUILD_COMPLEX=1 -DBUILD_COMPLEX16=1 -DVERSION=\"0.3.17.dev\" -msse3 -mssse3 -msse4.1 -mavx -mavx2 -mavx2 -UASMNAME -UASMFNAME -UNAME -UCNAME -UCHAR_NAME -UCHAR_CNAME -DASMNAME=strsm_kernel_LN -DASMFNAME=strsm_kernel_LN_ -DNAME=strsm_kernel_LN_ -DCNAME=strsm_kernel_LN -DCHAR_NAME=\"strsm_kernel_LN_\" -DCHAR_CNAME=\"strsm_kernel_LN\" -DNO_AFFINITY -I.. -UDOUBLE  -UCOMPLEX -DTRSMKERNEL -UCOMPLEX -UDOUBLE -DUPPER -DLN -UCONJ ../kernel/x86_64/strsm_kernel_8x4_haswell_LN.c -o strsm_kernel_LN.o
cc -c -O2 -DMAX_STACK_ALLOC=2048 -Wall -m64 -DF_INTERFACE_GFORT -fPIC -DNO_LAPACK -DNO_LAPACKE -DSMP_SERVER -DNO_WARMUP -DMAX_CPU_NUMBER=4 -DMAX_PARALLEL_NUMBER=1 -DBUILD_SINGLE=1 -DBUILD_DOUBLE=1 -DBUILD_COMPLEX=1 -DBUILD_COMPLEX16=1 -DVERSION=\"0.3.17.dev\" -msse3 -mssse3 -msse4.1 -mavx -mavx2 -mavx2 -UASMNAME -UASMFNAME -UNAME -UCNAME -UCHAR_NAME -UCHAR_CNAME -DASMNAME=strsm_kernel_LT -DASMFNAME=strsm_kernel_LT_ -DNAME=strsm_kernel_LT_ -DCNAME=strsm_kernel_LT -DCHAR_NAME=\"strsm_kernel_LT_\" -DCHAR_CNAME=\"strsm_kernel_LT\" -DNO_AFFINITY -I.. -UDOUBLE  -UCOMPLEX -DTRSMKERNEL -UCOMPLEX -UDOUBLE -UUPPER -DLT -UCONJ ../kernel/x86_64/strsm_kernel_8x4_haswell_LT.c -o strsm_kernel_LT.o
cc -c -O2 -DMAX_STACK_ALLOC=2048 -Wall -m64 -DF_INTERFACE_GFORT -fPIC -DNO_LAPACK -DNO_LAPACKE -DSMP_SERVER -DNO_WARMUP -DMAX_CPU_NUMBER=4 -DMAX_PARALLEL_NUMBER=1 -DBUILD_SINGLE=1 -DBUILD_DOUBLE=1 -DBUILD_COMPLEX=1 -DBUILD_COMPLEX16=1 -DVERSION=\"0.3.17.dev\" -msse3 -mssse3 -msse4.1 -mavx -mavx2 -mavx2 -UASMNAME -UASMFNAME -UNAME -UCNAME -UCHAR_NAME -UCHAR_CNAME -DASMNAME=strsm_kernel_RN -DASMFNAME=strsm_kernel_RN_ -DNAME=strsm_kernel_RN_ -DCNAME=strsm_kernel_RN -DCHAR_NAME=\"strsm_kernel_RN_\" -DCHAR_CNAME=\"strsm_kernel_RN\" -DNO_AFFINITY -I.. -UDOUBLE  -UCOMPLEX -DTRSMKERNEL -UCOMPLEX -UDOUBLE -DUPPER -DRN -UCONJ ../kernel/x86_64/strsm_kernel_8x4_haswell_RN.c -o strsm_kernel_RN.o
cc -c -O2 -DMAX_STACK_ALLOC=2048 -Wall -m64 -DF_INTERFACE_GFORT -fPIC -DNO_LAPACK -DNO_LAPACKE -DSMP_SERVER -DNO_WARMUP -DMAX_CPU_NUMBER=4 -DMAX_PARALLEL_NUMBER=1 -DBUILD_SINGLE=1 -DBUILD_DOUBLE=1 -DBUILD_COMPLEX=1 -DBUILD_COMPLEX16=1 -DVERSION=\"0.3.17.dev\" -msse3 -mssse3 -msse4.1 -mavx -mavx2 -mavx2 -UASMNAME -UASMFNAME -UNAME -UCNAME -UCHAR_NAME -UCHAR_CNAME -DASMNAME=strsm_kernel_RT -DASMFNAME=strsm_kernel_RT_ -DNAME=strsm_kernel_RT_ -DCNAME=strsm_kernel_RT -DCHAR_NAME=\"strsm_kernel_RT_\" -DCHAR_CNAME=\"strsm_kernel_RT\" -DNO_AFFINITY -I.. -UDOUBLE  -UCOMPLEX -DTRSMKERNEL -UCOMPLEX -UDOUBLE -UUPPER -DRT -UCONJ ../kernel/x86_64/strsm_kernel_8x4_haswell_RT.c -o strsm_kernel_RT.o
cc -c -O2 -DMAX_STACK_ALLOC=2048 -Wall -m64 -DF_INTERFACE_GFORT -fPIC -DNO_LAPACK -DNO_LAPACKE -DSMP_SERVER -DNO_WARMUP -DMAX_CPU_NUMBER=4 -DMAX_PARALLEL_NUMBER=1 -DBUILD_SINGLE=1 -DBUILD_DOUBLE=1 -DBUILD_COMPLEX=1 -DBUILD_COMPLEX16=1 -DVERSION=\"0.3.17.dev\" -msse3 -mssse3 -msse4.1 -mavx -mavx2 -mavx2 -UASMNAME -UASMFNAME -UNAME -UCNAME -UCHAR_NAME -UCHAR_CNAME -DASMNAME=strmm_iunucopy -DASMFNAME=strmm_iunucopy_ -DNAME=strmm_iunucopy_ -DCNAME=strmm_iunucopy -DCHAR_NAME=\"strmm_iunucopy_\" -DCHAR_CNAME=\"strmm_iunucopy\" -DNO_AFFINITY -I.. -UDOUBLE  -UCOMPLEX -Wno-uninitialized -UDOUBLE -UCOMPLEX -UOUTER -ULOWER -DUNIT generic/trmm_uncopy_8.c -o strmm_iunucopy.o
cc -c -O2 -DMAX_STACK_ALLOC=2048 -Wall -m64 -DF_INTERFACE_GFORT -fPIC -DNO_LAPACK -DNO_LAPACKE -DSMP_SERVER -DNO_WARMUP -DMAX_CPU_NUMBER=4 -DMAX_PARALLEL_NUMBER=1 -DBUILD_SINGLE=1 -DBUILD_DOUBLE=1 -DBUILD_COMPLEX=1 -DBUILD_COMPLEX16=1 -DVERSION=\"0.3.17.dev\" -msse3 -mssse3 -msse4.1 -mavx -mavx2 -mavx2 -UASMNAME -UASMFNAME -UNAME -UCNAME -UCHAR_NAME -UCHAR_CNAME -DASMNAME=strmm_iunncopy -DASMFNAME=strmm_iunncopy_ -DNAME=strmm_iunncopy_ -DCNAME=strmm_iunncopy -DCHAR_NAME=\"strmm_iunncopy_\" -DCHAR_CNAME=\"strmm_iunncopy\" -DNO_AFFINITY -I.. -UDOUBLE  -UCOMPLEX -Wno-uninitialized -UDOUBLE -UCOMPLEX -UOUTER -ULOWER -UUNIT generic/trmm_uncopy_8.c -o strmm_iunncopy.o
cc -c -O2 -DMAX_STACK_ALLOC=2048 -Wall -m64 -DF_INTERFACE_GFORT -fPIC -DNO_LAPACK -DNO_LAPACKE -DSMP_SERVER -DNO_WARMUP -DMAX_CPU_NUMBER=4 -DMAX_PARALLEL_NUMBER=1 -DBUILD_SINGLE=1 -DBUILD_DOUBLE=1 -DBUILD_COMPLEX=1 -DBUILD_COMPLEX16=1 -DVERSION=\"0.3.17.dev\" -msse3 -mssse3 -msse4.1 -mavx -mavx2 -mavx2 -UASMNAME -UASMFNAME -UNAME -UCNAME -UCHAR_NAME -UCHAR_CNAME -DASMNAME=strmm_ilnucopy -DASMFNAME=strmm_ilnucopy_ -DNAME=strmm_ilnucopy_ -DCNAME=strmm_ilnucopy -DCHAR_NAME=\"strmm_ilnucopy_\" -DCHAR_CNAME=\"strmm_ilnucopy\" -DNO_AFFINITY -I.. -UDOUBLE  -UCOMPLEX -Wno-uninitialized -UDOUBLE -UCOMPLEX -UOUTER -DLOWER -DUNIT generic/trmm_lncopy_8.c -o strmm_ilnucopy.o
cc -c -O2 -DMAX_STACK_ALLOC=2048 -Wall -m64 -DF_INTERFACE_GFORT -fPIC -DNO_LAPACK -DNO_LAPACKE -DSMP_SERVER -DNO_WARMUP -DMAX_CPU_NUMBER=4 -DMAX_PARALLEL_NUMBER=1 -DBUILD_SINGLE=1 -DBUILD_DOUBLE=1 -DBUILD_COMPLEX=1 -DBUILD_COMPLEX16=1 -DVERSION=\"0.3.17.dev\" -msse3 -mssse3 -msse4.1 -mavx -mavx2 -mavx2 -UASMNAME -UASMFNAME -UNAME -UCNAME -UCHAR_NAME -UCHAR_CNAME -DASMNAME=strmm_ilnncopy -DASMFNAME=strmm_ilnncopy_ -DNAME=strmm_ilnncopy_ -DCNAME=strmm_ilnncopy -DCHAR_NAME=\"strmm_ilnncopy_\" -DCHAR_CNAME=\"strmm_ilnncopy\" -DNO_AFFINITY -I.. -UDOUBLE  -UCOMPLEX -Wno-uninitialized -UDOUBLE -UCOMPLEX -UOUTER -DLOWER -UUNIT generic/trmm_lncopy_8.c -o strmm_ilnncopy.o
cc -c -O2 -DMAX_STACK_ALLOC=2048 -Wall -m64 -DF_INTERFACE_GFORT -fPIC -DNO_LAPACK -DNO_LAPACKE -DSMP_SERVER -DNO_WARMUP -DMAX_CPU_NUMBER=4 -DMAX_PARALLEL_NUMBER=1 -DBUILD_SINGLE=1 -DBUILD_DOUBLE=1 -DBUILD_COMPLEX=1 -DBUILD_COMPLEX16=1 -DVERSION=\"0.3.17.dev\" -msse3 -mssse3 -msse4.1 -mavx -mavx2 -mavx2 -UASMNAME -UASMFNAME -UNAME -UCNAME -UCHAR_NAME -UCHAR_CNAME -DASMNAME=strmm_iutucopy -DASMFNAME=strmm_iutucopy_ -DNAME=strmm_iutucopy_ -DCNAME=strmm_iutucopy -DCHAR_NAME=\"strmm_iutucopy_\" -DCHAR_CNAME=\"strmm_iutucopy\" -DNO_AFFINITY -I.. -UDOUBLE  -UCOMPLEX -Wno-uninitialized -UDOUBLE -UCOMPLEX -UOUTER -ULOWER -DUNIT generic/trmm_utcopy_8.c -o strmm_iutucopy.o
cc -c -O2 -DMAX_STACK_ALLOC=2048 -Wall -m64 -DF_INTERFACE_GFORT -fPIC -DNO_LAPACK -DNO_LAPACKE -DSMP_SERVER -DNO_WARMUP -DMAX_CPU_NUMBER=4 -DMAX_PARALLEL_NUMBER=1 -DBUILD_SINGLE=1 -DBUILD_DOUBLE=1 -DBUILD_COMPLEX=1 -DBUILD_COMPLEX16=1 -DVERSION=\"0.3.17.dev\" -msse3 -mssse3 -msse4.1 -mavx -mavx2 -mavx2 -UASMNAME -UASMFNAME -UNAME -UCNAME -UCHAR_NAME -UCHAR_CNAME -DASMNAME=strmm_iutncopy -DASMFNAME=strmm_iutncopy_ -DNAME=strmm_iutncopy_ -DCNAME=strmm_iutncopy -DCHAR_NAME=\"strmm_iutncopy_\" -DCHAR_CNAME=\"strmm_iutncopy\" -DNO_AFFINITY -I.. -UDOUBLE  -UCOMPLEX -Wno-uninitialized -UDOUBLE -UCOMPLEX -UOUTER -ULOWER -UUNIT generic/trmm_utcopy_8.c -o strmm_iutncopy.o
cc -c -O2 -DMAX_STACK_ALLOC=2048 -Wall -m64 -DF_INTERFACE_GFORT -fPIC -DNO_LAPACK -DNO_LAPACKE -DSMP_SERVER -DNO_WARMUP -DMAX_CPU_NUMBER=4 -DMAX_PARALLEL_NUMBER=1 -DBUILD_SINGLE=1 -DBUILD_DOUBLE=1 -DBUILD_COMPLEX=1 -DBUILD_COMPLEX16=1 -DVERSION=\"0.3.17.dev\" -msse3 -mssse3 -msse4.1 -mavx -mavx2 -mavx2 -UASMNAME -UASMFNAME -UNAME -UCNAME -UCHAR_NAME -UCHAR_CNAME -DASMNAME=strmm_iltucopy -DASMFNAME=strmm_iltucopy_ -DNAME=strmm_iltucopy_ -DCNAME=strmm_iltucopy -DCHAR_NAME=\"strmm_iltucopy_\" -DCHAR_CNAME=\"strmm_iltucopy\" -DNO_AFFINITY -I.. -UDOUBLE  -UCOMPLEX -Wno-uninitialized -UDOUBLE -UCOMPLEX -UOUTER -DLOWER -DUNIT generic/trmm_ltcopy_8.c -o strmm_iltucopy.o
cc -c -O2 -DMAX_STACK_ALLOC=2048 -Wall -m64 -DF_INTERFACE_GFORT -fPIC -DNO_LAPACK -DNO_LAPACKE -DSMP_SERVER -DNO_WARMUP -DMAX_CPU_NUMBER=4 -DMAX_PARALLEL_NUMBER=1 -DBUILD_SINGLE=1 -DBUILD_DOUBLE=1 -DBUILD_COMPLEX=1 -DBUILD_COMPLEX16=1 -DVERSION=\"0.3.17.dev\" -msse3 -mssse3 -msse4.1 -mavx -mavx2 -mavx2 -UASMNAME -UASMFNAME -UNAME -UCNAME -UCHAR_NAME -UCHAR_CNAME -DASMNAME=strmm_iltncopy -DASMFNAME=strmm_iltncopy_ -DNAME=strmm_iltncopy_ -DCNAME=strmm_iltncopy -DCHAR_NAME=\"strmm_iltncopy_\" -DCHAR_CNAME=\"strmm_iltncopy\" -DNO_AFFINITY -I.. -UDOUBLE  -UCOMPLEX -Wno-uninitialized -UDOUBLE -UCOMPLEX -UOUTER -DLOWER -UUNIT generic/trmm_ltcopy_8.c -o strmm_iltncopy.o
cc -c -O2 -DMAX_STACK_ALLOC=2048 -Wall -m64 -DF_INTERFACE_GFORT -fPIC -DNO_LAPACK -DNO_LAPACKE -DSMP_SERVER -DNO_WARMUP -DMAX_CPU_NUMBER=4 -DMAX_PARALLEL_NUMBER=1 -DBUILD_SINGLE=1 -DBUILD_DOUBLE=1 -DBUILD_COMPLEX=1 -DBUILD_COMPLEX16=1 -DVERSION=\"0.3.17.dev\" -msse3 -mssse3 -msse4.1 -mavx -mavx2 -mavx2 -UASMNAME -UASMFNAME -UNAME -UCNAME -UCHAR_NAME -UCHAR_CNAME -DASMNAME=strmm_ounucopy -DASMFNAME=strmm_ounucopy_ -DNAME=strmm_ounucopy_ -DCNAME=strmm_ounucopy -DCHAR_NAME=\"strmm_ounucopy_\" -DCHAR_CNAME=\"strmm_ounucopy\" -DNO_AFFINITY -I.. -UDOUBLE  -UCOMPLEX -Wno-uninitialized -UDOUBLE -UCOMPLEX -DOUTER -ULOWER -DUNIT generic/trmm_uncopy_4.c -o strmm_ounucopy.o
cc -c -O2 -DMAX_STACK_ALLOC=2048 -Wall -m64 -DF_INTERFACE_GFORT -fPIC -DNO_LAPACK -DNO_LAPACKE -DSMP_SERVER -DNO_WARMUP -DMAX_CPU_NUMBER=4 -DMAX_PARALLEL_NUMBER=1 -DBUILD_SINGLE=1 -DBUILD_DOUBLE=1 -DBUILD_COMPLEX=1 -DBUILD_COMPLEX16=1 -DVERSION=\"0.3.17.dev\" -msse3 -mssse3 -msse4.1 -mavx -mavx2 -mavx2 -UASMNAME -UASMFNAME -UNAME -UCNAME -UCHAR_NAME -UCHAR_CNAME -DASMNAME=strmm_ounncopy -DASMFNAME=strmm_ounncopy_ -DNAME=strmm_ounncopy_ -DCNAME=strmm_ounncopy -DCHAR_NAME=\"strmm_ounncopy_\" -DCHAR_CNAME=\"strmm_ounncopy\" -DNO_AFFINITY -I.. -UDOUBLE  -UCOMPLEX -Wno-uninitialized -UDOUBLE -UCOMPLEX -DOUTER -ULOWER -UUNIT generic/trmm_uncopy_4.c -o strmm_ounncopy.o
cc -c -O2 -DMAX_STACK_ALLOC=2048 -Wall -m64 -DF_INTERFACE_GFORT -fPIC -DNO_LAPACK -DNO_LAPACKE -DSMP_SERVER -DNO_WARMUP -DMAX_CPU_NUMBER=4 -DMAX_PARALLEL_NUMBER=1 -DBUILD_SINGLE=1 -DBUILD_DOUBLE=1 -DBUILD_COMPLEX=1 -DBUILD_COMPLEX16=1 -DVERSION=\"0.3.17.dev\" -msse3 -mssse3 -msse4.1 -mavx -mavx2 -mavx2 -UASMNAME -UASMFNAME -UNAME -UCNAME -UCHAR_NAME -UCHAR_CNAME -DASMNAME=strmm_olnucopy -DASMFNAME=strmm_olnucopy_ -DNAME=strmm_olnucopy_ -DCNAME=strmm_olnucopy -DCHAR_NAME=\"strmm_olnucopy_\" -DCHAR_CNAME=\"strmm_olnucopy\" -DNO_AFFINITY -I.. -UDOUBLE  -UCOMPLEX -Wno-uninitialized -UDOUBLE -UCOMPLEX -DOUTER -DLOWER -DUNIT generic/trmm_lncopy_4.c -o strmm_olnucopy.o
cc -c -O2 -DMAX_STACK_ALLOC=2048 -Wall -m64 -DF_INTERFACE_GFORT -fPIC -DNO_LAPACK -DNO_LAPACKE -DSMP_SERVER -DNO_WARMUP -DMAX_CPU_NUMBER=4 -DMAX_PARALLEL_NUMBER=1 -DBUILD_SINGLE=1 -DBUILD_DOUBLE=1 -DBUILD_COMPLEX=1 -DBUILD_COMPLEX16=1 -DVERSION=\"0.3.17.dev\" -msse3 -mssse3 -msse4.1 -mavx -mavx2 -mavx2 -UASMNAME -UASMFNAME -UNAME -UCNAME -UCHAR_NAME -UCHAR_CNAME -DASMNAME=strmm_olnncopy -DASMFNAME=strmm_olnncopy_ -DNAME=strmm_olnncopy_ -DCNAME=strmm_olnncopy -DCHAR_NAME=\"strmm_olnncopy_\" -DCHAR_CNAME=\"strmm_olnncopy\" -DNO_AFFINITY -I.. -UDOUBLE  -UCOMPLEX -Wno-uninitialized -UDOUBLE -UCOMPLEX -DOUTER -DLOWER -UUNIT generic/trmm_lncopy_4.c -o strmm_olnncopy.o
cc -c -O2 -DMAX_STACK_ALLOC=2048 -Wall -m64 -DF_INTERFACE_GFORT -fPIC -DNO_LAPACK -DNO_LAPACKE -DSMP_SERVER -DNO_WARMUP -DMAX_CPU_NUMBER=4 -DMAX_PARALLEL_NUMBER=1 -DBUILD_SINGLE=1 -DBUILD_DOUBLE=1 -DBUILD_COMPLEX=1 -DBUILD_COMPLEX16=1 -DVERSION=\"0.3.17.dev\" -msse3 -mssse3 -msse4.1 -mavx -mavx2 -mavx2 -UASMNAME -UASMFNAME -UNAME -UCNAME -UCHAR_NAME -UCHAR_CNAME -DASMNAME=strmm_outucopy -DASMFNAME=strmm_outucopy_ -DNAME=strmm_outucopy_ -DCNAME=strmm_outucopy -DCHAR_NAME=\"strmm_outucopy_\" -DCHAR_CNAME=\"strmm_outucopy\" -DNO_AFFINITY -I.. -UDOUBLE  -UCOMPLEX -Wno-uninitialized -UDOUBLE -UCOMPLEX -DOUTER -ULOWER -DUNIT generic/trmm_utcopy_4.c -o strmm_outucopy.o
cc -c -O2 -DMAX_STACK_ALLOC=2048 -Wall -m64 -DF_INTERFACE_GFORT -fPIC -DNO_LAPACK -DNO_LAPACKE -DSMP_SERVER -DNO_WARMUP -DMAX_CPU_NUMBER=4 -DMAX_PARALLEL_NUMBER=1 -DBUILD_SINGLE=1 -DBUILD_DOUBLE=1 -DBUILD_COMPLEX=1 -DBUILD_COMPLEX16=1 -DVERSION=\"0.3.17.dev\" -msse3 -mssse3 -msse4.1 -mavx -mavx2 -mavx2 -UASMNAME -UASMFNAME -UNAME -UCNAME -UCHAR_NAME -UCHAR_CNAME -DASMNAME=strmm_outncopy -DASMFNAME=strmm_outncopy_ -DNAME=strmm_outncopy_ -DCNAME=strmm_outncopy -DCHAR_NAME=\"strmm_outncopy_\" -DCHAR_CNAME=\"strmm_outncopy\" -DNO_AFFINITY -I.. -UDOUBLE  -UCOMPLEX -Wno-uninitialized -UDOUBLE -UCOMPLEX -DOUTER -ULOWER -UUNIT generic/trmm_utcopy_4.c -o strmm_outncopy.o
cc -c -O2 -DMAX_STACK_ALLOC=2048 -Wall -m64 -DF_INTERFACE_GFORT -fPIC -DNO_LAPACK -DNO_LAPACKE -DSMP_SERVER -DNO_WARMUP -DMAX_CPU_NUMBER=4 -DMAX_PARALLEL_NUMBER=1 -DBUILD_SINGLE=1 -DBUILD_DOUBLE=1 -DBUILD_COMPLEX=1 -DBUILD_COMPLEX16=1 -DVERSION=\"0.3.17.dev\" -msse3 -mssse3 -msse4.1 -mavx -mavx2 -mavx2 -UASMNAME -UASMFNAME -UNAME -UCNAME -UCHAR_NAME -UCHAR_CNAME -DASMNAME=strmm_oltucopy -DASMFNAME=strmm_oltucopy_ -DNAME=strmm_oltucopy_ -DCNAME=strmm_oltucopy -DCHAR_NAME=\"strmm_oltucopy_\" -DCHAR_CNAME=\"strmm_oltucopy\" -DNO_AFFINITY -I.. -UDOUBLE  -UCOMPLEX -Wno-uninitialized -UDOUBLE -UCOMPLEX -DOUTER -DLOWER -DUNIT generic/trmm_ltcopy_4.c -o strmm_oltucopy.o
cc -c -O2 -DMAX_STACK_ALLOC=2048 -Wall -m64 -DF_INTERFACE_GFORT -fPIC -DNO_LAPACK -DNO_LAPACKE -DSMP_SERVER -DNO_WARMUP -DMAX_CPU_NUMBER=4 -DMAX_PARALLEL_NUMBER=1 -DBUILD_SINGLE=1 -DBUILD_DOUBLE=1 -DBUILD_COMPLEX=1 -DBUILD_COMPLEX16=1 -DVERSION=\"0.3.17.dev\" -msse3 -mssse3 -msse4.1 -mavx -mavx2 -mavx2 -UASMNAME -UASMFNAME -UNAME -UCNAME -UCHAR_NAME -UCHAR_CNAME -DASMNAME=strmm_oltncopy -DASMFNAME=strmm_oltncopy_ -DNAME=strmm_oltncopy_ -DCNAME=strmm_oltncopy -DCHAR_NAME=\"strmm_oltncopy_\" -DCHAR_CNAME=\"strmm_oltncopy\" -DNO_AFFINITY -I.. -UDOUBLE  -UCOMPLEX -Wno-uninitialized -UDOUBLE -UCOMPLEX -DOUTER -DLOWER -UUNIT generic/trmm_ltcopy_4.c -o strmm_oltncopy.o
cc -c -O2 -DMAX_STACK_ALLOC=2048 -Wall -m64 -DF_INTERFACE_GFORT -fPIC -DNO_LAPACK -DNO_LAPACKE -DSMP_SERVER -DNO_WARMUP -DMAX_CPU_NUMBER=4 -DMAX_PARALLEL_NUMBER=1 -DBUILD_SINGLE=1 -DBUILD_DOUBLE=1 -DBUILD_COMPLEX=1 -DBUILD_COMPLEX16=1 -DVERSION=\"0.3.17.dev\" -msse3 -mssse3 -msse4.1 -mavx -mavx2 -mavx2 -UASMNAME -UASMFNAME -UNAME -UCNAME -UCHAR_NAME -UCHAR_CNAME -DASMNAME=strsm_iunucopy -DASMFNAME=strsm_iunucopy_ -DNAME=strsm_iunucopy_ -DCNAME=strsm_iunucopy -DCHAR_NAME=\"strsm_iunucopy_\" -DCHAR_CNAME=\"strsm_iunucopy\" -DNO_AFFINITY -I.. -UDOUBLE  -UCOMPLEX -Wno-uninitialized -UDOUBLE -UCOMPLEX -UOUTER -ULOWER -DUNIT generic/trsm_uncopy_8.c -o strsm_iunucopy.o
cc -c -O2 -DMAX_STACK_ALLOC=2048 -Wall -m64 -DF_INTERFACE_GFORT -fPIC -DNO_LAPACK -DNO_LAPACKE -DSMP_SERVER -DNO_WARMUP -DMAX_CPU_NUMBER=4 -DMAX_PARALLEL_NUMBER=1 -DBUILD_SINGLE=1 -DBUILD_DOUBLE=1 -DBUILD_COMPLEX=1 -DBUILD_COMPLEX16=1 -DVERSION=\"0.3.17.dev\" -msse3 -mssse3 -msse4.1 -mavx -mavx2 -mavx2 -UASMNAME -UASMFNAME -UNAME -UCNAME -UCHAR_NAME -UCHAR_CNAME -DASMNAME=strsm_iunncopy -DASMFNAME=strsm_iunncopy_ -DNAME=strsm_iunncopy_ -DCNAME=strsm_iunncopy -DCHAR_NAME=\"strsm_iunncopy_\" -DCHAR_CNAME=\"strsm_iunncopy\" -DNO_AFFINITY -I.. -UDOUBLE  -UCOMPLEX -Wno-uninitialized -UDOUBLE -UCOMPLEX -UOUTER -ULOWER -UUNIT generic/trsm_uncopy_8.c -o strsm_iunncopy.o
cc -c -O2 -DMAX_STACK_ALLOC=2048 -Wall -m64 -DF_INTERFACE_GFORT -fPIC -DNO_LAPACK -DNO_LAPACKE -DSMP_SERVER -DNO_WARMUP -DMAX_CPU_NUMBER=4 -DMAX_PARALLEL_NUMBER=1 -DBUILD_SINGLE=1 -DBUILD_DOUBLE=1 -DBUILD_COMPLEX=1 -DBUILD_COMPLEX16=1 -DVERSION=\"0.3.17.dev\" -msse3 -mssse3 -msse4.1 -mavx -mavx2 -mavx2 -UASMNAME -UASMFNAME -UNAME -UCNAME -UCHAR_NAME -UCHAR_CNAME -DASMNAME=strsm_ilnucopy -DASMFNAME=strsm_ilnucopy_ -DNAME=strsm_ilnucopy_ -DCNAME=strsm_ilnucopy -DCHAR_NAME=\"strsm_ilnucopy_\" -DCHAR_CNAME=\"strsm_ilnucopy\" -DNO_AFFINITY -I.. -UDOUBLE  -UCOMPLEX -Wno-uninitialized -UDOUBLE -UCOMPLEX -UOUTER -DLOWER -DUNIT generic/trsm_lncopy_8.c -o strsm_ilnucopy.o
cc -c -O2 -DMAX_STACK_ALLOC=2048 -Wall -m64 -DF_INTERFACE_GFORT -fPIC -DNO_LAPACK -DNO_LAPACKE -DSMP_SERVER -DNO_WARMUP -DMAX_CPU_NUMBER=4 -DMAX_PARALLEL_NUMBER=1 -DBUILD_SINGLE=1 -DBUILD_DOUBLE=1 -DBUILD_COMPLEX=1 -DBUILD_COMPLEX16=1 -DVERSION=\"0.3.17.dev\" -msse3 -mssse3 -msse4.1 -mavx -mavx2 -mavx2 -UASMNAME -UASMFNAME -UNAME -UCNAME -UCHAR_NAME -UCHAR_CNAME -DASMNAME=strsm_ilnncopy -DASMFNAME=strsm_ilnncopy_ -DNAME=strsm_ilnncopy_ -DCNAME=strsm_ilnncopy -DCHAR_NAME=\"strsm_ilnncopy_\" -DCHAR_CNAME=\"strsm_ilnncopy\" -DNO_AFFINITY -I.. -UDOUBLE  -UCOMPLEX -Wno-uninitialized -UDOUBLE -UCOMPLEX -UOUTER -DLOWER -UUNIT generic/trsm_lncopy_8.c -o strsm_ilnncopy.o
cc -c -O2 -DMAX_STACK_ALLOC=2048 -Wall -m64 -DF_INTERFACE_GFORT -fPIC -DNO_LAPACK -DNO_LAPACKE -DSMP_SERVER -DNO_WARMUP -DMAX_CPU_NUMBER=4 -DMAX_PARALLEL_NUMBER=1 -DBUILD_SINGLE=1 -DBUILD_DOUBLE=1 -DBUILD_COMPLEX=1 -DBUILD_COMPLEX16=1 -DVERSION=\"0.3.17.dev\" -msse3 -mssse3 -msse4.1 -mavx -mavx2 -mavx2 -UASMNAME -UASMFNAME -UNAME -UCNAME -UCHAR_NAME -UCHAR_CNAME -DASMNAME=strsm_iutucopy -DASMFNAME=strsm_iutucopy_ -DNAME=strsm_iutucopy_ -DCNAME=strsm_iutucopy -DCHAR_NAME=\"strsm_iutucopy_\" -DCHAR_CNAME=\"strsm_iutucopy\" -DNO_AFFINITY -I.. -UDOUBLE  -UCOMPLEX -Wno-uninitialized -UDOUBLE -UCOMPLEX -UOUTER -ULOWER -DUNIT generic/trsm_utcopy_8.c -o strsm_iutucopy.o
cc -c -O2 -DMAX_STACK_ALLOC=2048 -Wall -m64 -DF_INTERFACE_GFORT -fPIC -DNO_LAPACK -DNO_LAPACKE -DSMP_SERVER -DNO_WARMUP -DMAX_CPU_NUMBER=4 -DMAX_PARALLEL_NUMBER=1 -DBUILD_SINGLE=1 -DBUILD_DOUBLE=1 -DBUILD_COMPLEX=1 -DBUILD_COMPLEX16=1 -DVERSION=\"0.3.17.dev\" -msse3 -mssse3 -msse4.1 -mavx -mavx2 -mavx2 -UASMNAME -UASMFNAME -UNAME -UCNAME -UCHAR_NAME -UCHAR_CNAME -DASMNAME=strsm_iutncopy -DASMFNAME=strsm_iutncopy_ -DNAME=strsm_iutncopy_ -DCNAME=strsm_iutncopy -DCHAR_NAME=\"strsm_iutncopy_\" -DCHAR_CNAME=\"strsm_iutncopy\" -DNO_AFFINITY -I.. -UDOUBLE  -UCOMPLEX -Wno-uninitialized -UDOUBLE -UCOMPLEX -UOUTER -ULOWER -UUNIT generic/trsm_utcopy_8.c -o strsm_iutncopy.o
cc -c -O2 -DMAX_STACK_ALLOC=2048 -Wall -m64 -DF_INTERFACE_GFORT -fPIC -DNO_LAPACK -DNO_LAPACKE -DSMP_SERVER -DNO_WARMUP -DMAX_CPU_NUMBER=4 -DMAX_PARALLEL_NUMBER=1 -DBUILD_SINGLE=1 -DBUILD_DOUBLE=1 -DBUILD_COMPLEX=1 -DBUILD_COMPLEX16=1 -DVERSION=\"0.3.17.dev\" -msse3 -mssse3 -msse4.1 -mavx -mavx2 -mavx2 -UASMNAME -UASMFNAME -UNAME -UCNAME -UCHAR_NAME -UCHAR_CNAME -DASMNAME=strsm_iltucopy -DASMFNAME=strsm_iltucopy_ -DNAME=strsm_iltucopy_ -DCNAME=strsm_iltucopy -DCHAR_NAME=\"strsm_iltucopy_\" -DCHAR_CNAME=\"strsm_iltucopy\" -DNO_AFFINITY -I.. -UDOUBLE  -UCOMPLEX -Wno-uninitialized -UDOUBLE -UCOMPLEX -UOUTER -DLOWER -DUNIT generic/trsm_ltcopy_8.c -o strsm_iltucopy.o
cc -c -O2 -DMAX_STACK_ALLOC=2048 -Wall -m64 -DF_INTERFACE_GFORT -fPIC -DNO_LAPACK -DNO_LAPACKE -DSMP_SERVER -DNO_WARMUP -DMAX_CPU_NUMBER=4 -DMAX_PARALLEL_NUMBER=1 -DBUILD_SINGLE=1 -DBUILD_DOUBLE=1 -DBUILD_COMPLEX=1 -DBUILD_COMPLEX16=1 -DVERSION=\"0.3.17.dev\" -msse3 -mssse3 -msse4.1 -mavx -mavx2 -mavx2 -UASMNAME -UASMFNAME -UNAME -UCNAME -UCHAR_NAME -UCHAR_CNAME -DASMNAME=strsm_iltncopy -DASMFNAME=strsm_iltncopy_ -DNAME=strsm_iltncopy_ -DCNAME=strsm_iltncopy -DCHAR_NAME=\"strsm_iltncopy_\" -DCHAR_CNAME=\"strsm_iltncopy\" -DNO_AFFINITY -I.. -UDOUBLE  -UCOMPLEX -Wno-uninitialized -UDOUBLE -UCOMPLEX -UOUTER -DLOWER -UUNIT generic/trsm_ltcopy_8.c -o strsm_iltncopy.o
cc -c -O2 -DMAX_STACK_ALLOC=2048 -Wall -m64 -DF_INTERFACE_GFORT -fPIC -DNO_LAPACK -DNO_LAPACKE -DSMP_SERVER -DNO_WARMUP -DMAX_CPU_NUMBER=4 -DMAX_PARALLEL_NUMBER=1 -DBUILD_SINGLE=1 -DBUILD_DOUBLE=1 -DBUILD_COMPLEX=1 -DBUILD_COMPLEX16=1 -DVERSION=\"0.3.17.dev\" -msse3 -mssse3 -msse4.1 -mavx -mavx2 -mavx2 -UASMNAME -UASMFNAME -UNAME -UCNAME -UCHAR_NAME -UCHAR_CNAME -DASMNAME=strsm_ounucopy -DASMFNAME=strsm_ounucopy_ -DNAME=strsm_ounucopy_ -DCNAME=strsm_ounucopy -DCHAR_NAME=\"strsm_ounucopy_\" -DCHAR_CNAME=\"strsm_ounucopy\" -DNO_AFFINITY -I.. -UDOUBLE  -UCOMPLEX -Wno-uninitialized -UDOUBLE -UCOMPLEX -DOUTER -ULOWER -DUNIT generic/trsm_uncopy_4.c -o strsm_ounucopy.o
cc -c -O2 -DMAX_STACK_ALLOC=2048 -Wall -m64 -DF_INTERFACE_GFORT -fPIC -DNO_LAPACK -DNO_LAPACKE -DSMP_SERVER -DNO_WARMUP -DMAX_CPU_NUMBER=4 -DMAX_PARALLEL_NUMBER=1 -DBUILD_SINGLE=1 -DBUILD_DOUBLE=1 -DBUILD_COMPLEX=1 -DBUILD_COMPLEX16=1 -DVERSION=\"0.3.17.dev\" -msse3 -mssse3 -msse4.1 -mavx -mavx2 -mavx2 -UASMNAME -UASMFNAME -UNAME -UCNAME -UCHAR_NAME -UCHAR_CNAME -DASMNAME=strsm_ounncopy -DASMFNAME=strsm_ounncopy_ -DNAME=strsm_ounncopy_ -DCNAME=strsm_ounncopy -DCHAR_NAME=\"strsm_ounncopy_\" -DCHAR_CNAME=\"strsm_ounncopy\" -DNO_AFFINITY -I.. -UDOUBLE  -UCOMPLEX -Wno-uninitialized -UDOUBLE -UCOMPLEX -DOUTER -ULOWER -UUNIT generic/trsm_uncopy_4.c -o strsm_ounncopy.o
cc -c -O2 -DMAX_STACK_ALLOC=2048 -Wall -m64 -DF_INTERFACE_GFORT -fPIC -DNO_LAPACK -DNO_LAPACKE -DSMP_SERVER -DNO_WARMUP -DMAX_CPU_NUMBER=4 -DMAX_PARALLEL_NUMBER=1 -DBUILD_SINGLE=1 -DBUILD_DOUBLE=1 -DBUILD_COMPLEX=1 -DBUILD_COMPLEX16=1 -DVERSION=\"0.3.17.dev\" -msse3 -mssse3 -msse4.1 -mavx -mavx2 -mavx2 -UASMNAME -UASMFNAME -UNAME -UCNAME -UCHAR_NAME -UCHAR_CNAME -DASMNAME=strsm_olnucopy -DASMFNAME=strsm_olnucopy_ -DNAME=strsm_olnucopy_ -DCNAME=strsm_olnucopy -DCHAR_NAME=\"strsm_olnucopy_\" -DCHAR_CNAME=\"strsm_olnucopy\" -DNO_AFFINITY -I.. -UDOUBLE  -UCOMPLEX -Wno-uninitialized -UDOUBLE -UCOMPLEX -DOUTER -DLOWER -DUNIT generic/trsm_lncopy_4.c -o strsm_olnucopy.o
cc -c -O2 -DMAX_STACK_ALLOC=2048 -Wall -m64 -DF_INTERFACE_GFORT -fPIC -DNO_LAPACK -DNO_LAPACKE -DSMP_SERVER -DNO_WARMUP -DMAX_CPU_NUMBER=4 -DMAX_PARALLEL_NUMBER=1 -DBUILD_SINGLE=1 -DBUILD_DOUBLE=1 -DBUILD_COMPLEX=1 -DBUILD_COMPLEX16=1 -DVERSION=\"0.3.17.dev\" -msse3 -mssse3 -msse4.1 -mavx -mavx2 -mavx2 -UASMNAME -UASMFNAME -UNAME -UCNAME -UCHAR_NAME -UCHAR_CNAME -DASMNAME=strsm_olnncopy -DASMFNAME=strsm_olnncopy_ -DNAME=strsm_olnncopy_ -DCNAME=strsm_olnncopy -DCHAR_NAME=\"strsm_olnncopy_\" -DCHAR_CNAME=\"strsm_olnncopy\" -DNO_AFFINITY -I.. -UDOUBLE  -UCOMPLEX -Wno-uninitialized -UDOUBLE -UCOMPLEX -DOUTER -DLOWER -UUNIT generic/trsm_lncopy_4.c -o strsm_olnncopy.o
cc -c -O2 -DMAX_STACK_ALLOC=2048 -Wall -m64 -DF_INTERFACE_GFORT -fPIC -DNO_LAPACK -DNO_LAPACKE -DSMP_SERVER -DNO_WARMUP -DMAX_CPU_NUMBER=4 -DMAX_PARALLEL_NUMBER=1 -DBUILD_SINGLE=1 -DBUILD_DOUBLE=1 -DBUILD_COMPLEX=1 -DBUILD_COMPLEX16=1 -DVERSION=\"0.3.17.dev\" -msse3 -mssse3 -msse4.1 -mavx -mavx2 -mavx2 -UASMNAME -UASMFNAME -UNAME -UCNAME -UCHAR_NAME -UCHAR_CNAME -DASMNAME=strsm_outucopy -DASMFNAME=strsm_outucopy_ -DNAME=strsm_outucopy_ -DCNAME=strsm_outucopy -DCHAR_NAME=\"strsm_outucopy_\" -DCHAR_CNAME=\"strsm_outucopy\" -DNO_AFFINITY -I.. -UDOUBLE  -UCOMPLEX -Wno-uninitialized -UDOUBLE -UCOMPLEX -DOUTER -ULOWER -DUNIT generic/trsm_utcopy_4.c -o strsm_outucopy.o
cc -c -O2 -DMAX_STACK_ALLOC=2048 -Wall -m64 -DF_INTERFACE_GFORT -fPIC -DNO_LAPACK -DNO_LAPACKE -DSMP_SERVER -DNO_WARMUP -DMAX_CPU_NUMBER=4 -DMAX_PARALLEL_NUMBER=1 -DBUILD_SINGLE=1 -DBUILD_DOUBLE=1 -DBUILD_COMPLEX=1 -DBUILD_COMPLEX16=1 -DVERSION=\"0.3.17.dev\" -msse3 -mssse3 -msse4.1 -mavx -mavx2 -mavx2 -UASMNAME -UASMFNAME -UNAME -UCNAME -UCHAR_NAME -UCHAR_CNAME -DASMNAME=strsm_outncopy -DASMFNAME=strsm_outncopy_ -DNAME=strsm_outncopy_ -DCNAME=strsm_outncopy -DCHAR_NAME=\"strsm_outncopy_\" -DCHAR_CNAME=\"strsm_outncopy\" -DNO_AFFINITY -I.. -UDOUBLE  -UCOMPLEX -Wno-uninitialized -UDOUBLE -UCOMPLEX -DOUTER -ULOWER -UUNIT generic/trsm_utcopy_4.c -o strsm_outncopy.o
cc -c -O2 -DMAX_STACK_ALLOC=2048 -Wall -m64 -DF_INTERFACE_GFORT -fPIC -DNO_LAPACK -DNO_LAPACKE -DSMP_SERVER -DNO_WARMUP -DMAX_CPU_NUMBER=4 -DMAX_PARALLEL_NUMBER=1 -DBUILD_SINGLE=1 -DBUILD_DOUBLE=1 -DBUILD_COMPLEX=1 -DBUILD_COMPLEX16=1 -DVERSION=\"0.3.17.dev\" -msse3 -mssse3 -msse4.1 -mavx -mavx2 -mavx2 -UASMNAME -UASMFNAME -UNAME -UCNAME -UCHAR_NAME -UCHAR_CNAME -DASMNAME=strsm_oltucopy -DASMFNAME=strsm_oltucopy_ -DNAME=strsm_oltucopy_ -DCNAME=strsm_oltucopy -DCHAR_NAME=\"strsm_oltucopy_\" -DCHAR_CNAME=\"strsm_oltucopy\" -DNO_AFFINITY -I.. -UDOUBLE  -UCOMPLEX -Wno-uninitialized -UDOUBLE -UCOMPLEX -DOUTER -DLOWER -DUNIT generic/trsm_ltcopy_4.c -o strsm_oltucopy.o
cc -c -O2 -DMAX_STACK_ALLOC=2048 -Wall -m64 -DF_INTERFACE_GFORT -fPIC -DNO_LAPACK -DNO_LAPACKE -DSMP_SERVER -DNO_WARMUP -DMAX_CPU_NUMBER=4 -DMAX_PARALLEL_NUMBER=1 -DBUILD_SINGLE=1 -DBUILD_DOUBLE=1 -DBUILD_COMPLEX=1 -DBUILD_COMPLEX16=1 -DVERSION=\"0.3.17.dev\" -msse3 -mssse3 -msse4.1 -mavx -mavx2 -mavx2 -UASMNAME -UASMFNAME -UNAME -UCNAME -UCHAR_NAME -UCHAR_CNAME -DASMNAME=strsm_oltncopy -DASMFNAME=strsm_oltncopy_ -DNAME=strsm_oltncopy_ -DCNAME=strsm_oltncopy -DCHAR_NAME=\"strsm_oltncopy_\" -DCHAR_CNAME=\"strsm_oltncopy\" -DNO_AFFINITY -I.. -UDOUBLE  -UCOMPLEX -Wno-uninitialized -UDOUBLE -UCOMPLEX -DOUTER -DLOWER -UUNIT generic/trsm_ltcopy_4.c -o strsm_oltncopy.o
cc -c -O2 -DMAX_STACK_ALLOC=2048 -Wall -m64 -DF_INTERFACE_GFORT -fPIC -DNO_LAPACK -DNO_LAPACKE -DSMP_SERVER -DNO_WARMUP -DMAX_CPU_NUMBER=4 -DMAX_PARALLEL_NUMBER=1 -DBUILD_SINGLE=1 -DBUILD_DOUBLE=1 -DBUILD_COMPLEX=1 -DBUILD_COMPLEX16=1 -DVERSION=\"0.3.17.dev\" -msse3 -mssse3 -msse4.1 -mavx -mavx2 -mavx2 -UASMNAME -UASMFNAME -UNAME -UCNAME -UCHAR_NAME -UCHAR_CNAME -DASMNAME=ssymm_iutcopy -DASMFNAME=ssymm_iutcopy_ -DNAME=ssymm_iutcopy_ -DCNAME=ssymm_iutcopy -DCHAR_NAME=\"ssymm_iutcopy_\" -DCHAR_CNAME=\"ssymm_iutcopy\" -DNO_AFFINITY -I.. -UDOUBLE  -UCOMPLEX -Wno-uninitialized -UDOUBLE -UCOMPLEX -UOUTER -ULOWER generic/symm_ucopy_8.c -o ssymm_iutcopy.o
cc -c -O2 -DMAX_STACK_ALLOC=2048 -Wall -m64 -DF_INTERFACE_GFORT -fPIC -DNO_LAPACK -DNO_LAPACKE -DSMP_SERVER -DNO_WARMUP -DMAX_CPU_NUMBER=4 -DMAX_PARALLEL_NUMBER=1 -DBUILD_SINGLE=1 -DBUILD_DOUBLE=1 -DBUILD_COMPLEX=1 -DBUILD_COMPLEX16=1 -DVERSION=\"0.3.17.dev\" -msse3 -mssse3 -msse4.1 -mavx -mavx2 -mavx2 -UASMNAME -UASMFNAME -UNAME -UCNAME -UCHAR_NAME -UCHAR_CNAME -DASMNAME=ssymm_iltcopy -DASMFNAME=ssymm_iltcopy_ -DNAME=ssymm_iltcopy_ -DCNAME=ssymm_iltcopy -DCHAR_NAME=\"ssymm_iltcopy_\" -DCHAR_CNAME=\"ssymm_iltcopy\" -DNO_AFFINITY -I.. -UDOUBLE  -UCOMPLEX -Wno-uninitialized -UDOUBLE -UCOMPLEX -UOUTER -DLOWER generic/symm_lcopy_8.c -o ssymm_iltcopy.o
cc -c -O2 -DMAX_STACK_ALLOC=2048 -Wall -m64 -DF_INTERFACE_GFORT -fPIC -DNO_LAPACK -DNO_LAPACKE -DSMP_SERVER -DNO_WARMUP -DMAX_CPU_NUMBER=4 -DMAX_PARALLEL_NUMBER=1 -DBUILD_SINGLE=1 -DBUILD_DOUBLE=1 -DBUILD_COMPLEX=1 -DBUILD_COMPLEX16=1 -DVERSION=\"0.3.17.dev\" -msse3 -mssse3 -msse4.1 -mavx -mavx2 -mavx2 -UASMNAME -UASMFNAME -UNAME -UCNAME -UCHAR_NAME -UCHAR_CNAME -DASMNAME=ssymm_outcopy -DASMFNAME=ssymm_outcopy_ -DNAME=ssymm_outcopy_ -DCNAME=ssymm_outcopy -DCHAR_NAME=\"ssymm_outcopy_\" -DCHAR_CNAME=\"ssymm_outcopy\" -DNO_AFFINITY -I.. -UDOUBLE  -UCOMPLEX -Wno-uninitialized -UDOUBLE -UCOMPLEX -DOUTER -ULOWER generic/symm_ucopy_4.c -o ssymm_outcopy.o
cc -c -O2 -DMAX_STACK_ALLOC=2048 -Wall -m64 -DF_INTERFACE_GFORT -fPIC -DNO_LAPACK -DNO_LAPACKE -DSMP_SERVER -DNO_WARMUP -DMAX_CPU_NUMBER=4 -DMAX_PARALLEL_NUMBER=1 -DBUILD_SINGLE=1 -DBUILD_DOUBLE=1 -DBUILD_COMPLEX=1 -DBUILD_COMPLEX16=1 -DVERSION=\"0.3.17.dev\" -msse3 -mssse3 -msse4.1 -mavx -mavx2 -mavx2 -UASMNAME -UASMFNAME -UNAME -UCNAME -UCHAR_NAME -UCHAR_CNAME -DASMNAME=ssymm_oltcopy -DASMFNAME=ssymm_oltcopy_ -DNAME=ssymm_oltcopy_ -DCNAME=ssymm_oltcopy -DCHAR_NAME=\"ssymm_oltcopy_\" -DCHAR_CNAME=\"ssymm_oltcopy\" -DNO_AFFINITY -I.. -UDOUBLE  -UCOMPLEX -Wno-uninitialized -UDOUBLE -UCOMPLEX -DOUTER -DLOWER generic/symm_lcopy_4.c -o ssymm_oltcopy.o
cc -O2 -DMAX_STACK_ALLOC=2048 -Wall -m64 -DF_INTERFACE_GFORT -fPIC -DNO_LAPACK -DNO_LAPACKE -DSMP_SERVER -DNO_WARMUP -DMAX_CPU_NUMBER=4 -DMAX_PARALLEL_NUMBER=1 -DBUILD_SINGLE=1 -DBUILD_DOUBLE=1 -DBUILD_COMPLEX=1 -DBUILD_COMPLEX16=1 -DVERSION=\"0.3.17.dev\" -msse3 -mssse3 -msse4.1 -mavx -mavx2 -mavx2 -UASMNAME -UASMFNAME -UNAME -UCNAME -UCHAR_NAME -UCHAR_CNAME -DASMNAME=somatcopy_k_cn -DASMFNAME=somatcopy_k_cn_ -DNAME=somatcopy_k_cn_ -DCNAME=somatcopy_k_cn -DCHAR_NAME=\"somatcopy_k_cn_\" -DCHAR_CNAME=\"somatcopy_k_cn\" -DNO_AFFINITY -I.. -UDOUBLE  -UCOMPLEX -c -UDOUBLE -UCOMPLEX -UROWM ../kernel/x86_64/../arm/omatcopy_cn.c -o somatcopy_k_cn.o
cc -O2 -DMAX_STACK_ALLOC=2048 -Wall -m64 -DF_INTERFACE_GFORT -fPIC -DNO_LAPACK -DNO_LAPACKE -DSMP_SERVER -DNO_WARMUP -DMAX_CPU_NUMBER=4 -DMAX_PARALLEL_NUMBER=1 -DBUILD_SINGLE=1 -DBUILD_DOUBLE=1 -DBUILD_COMPLEX=1 -DBUILD_COMPLEX16=1 -DVERSION=\"0.3.17.dev\" -msse3 -mssse3 -msse4.1 -mavx -mavx2 -mavx2 -UASMNAME -UASMFNAME -UNAME -UCNAME -UCHAR_NAME -UCHAR_CNAME -DASMNAME=somatcopy_k_rn -DASMFNAME=somatcopy_k_rn_ -DNAME=somatcopy_k_rn_ -DCNAME=somatcopy_k_rn -DCHAR_NAME=\"somatcopy_k_rn_\" -DCHAR_CNAME=\"somatcopy_k_rn\" -DNO_AFFINITY -I.. -UDOUBLE  -UCOMPLEX -c -UDOUBLE -UCOMPLEX -DROWM ../kernel/x86_64/../arm/omatcopy_rn.c -o somatcopy_k_rn.o
cc -O2 -DMAX_STACK_ALLOC=2048 -Wall -m64 -DF_INTERFACE_GFORT -fPIC -DNO_LAPACK -DNO_LAPACKE -DSMP_SERVER -DNO_WARMUP -DMAX_CPU_NUMBER=4 -DMAX_PARALLEL_NUMBER=1 -DBUILD_SINGLE=1 -DBUILD_DOUBLE=1 -DBUILD_COMPLEX=1 -DBUILD_COMPLEX16=1 -DVERSION=\"0.3.17.dev\" -msse3 -mssse3 -msse4.1 -mavx -mavx2 -mavx2 -UASMNAME -UASMFNAME -UNAME -UCNAME -UCHAR_NAME -UCHAR_CNAME -DASMNAME=somatcopy_k_ct -DASMFNAME=somatcopy_k_ct_ -DNAME=somatcopy_k_ct_ -DCNAME=somatcopy_k_ct -DCHAR_NAME=\"somatcopy_k_ct_\" -DCHAR_CNAME=\"somatcopy_k_ct\" -DNO_AFFINITY -I.. -UDOUBLE  -UCOMPLEX -c -UDOUBLE -UCOMPLEX -UROWM ../kernel/x86_64/../arm/omatcopy_ct.c -o somatcopy_k_ct.o
cc -O2 -DMAX_STACK_ALLOC=2048 -Wall -m64 -DF_INTERFACE_GFORT -fPIC -DNO_LAPACK -DNO_LAPACKE -DSMP_SERVER -DNO_WARMUP -DMAX_CPU_NUMBER=4 -DMAX_PARALLEL_NUMBER=1 -DBUILD_SINGLE=1 -DBUILD_DOUBLE=1 -DBUILD_COMPLEX=1 -DBUILD_COMPLEX16=1 -DVERSION=\"0.3.17.dev\" -msse3 -mssse3 -msse4.1 -mavx -mavx2 -mavx2 -UASMNAME -UASMFNAME -UNAME -UCNAME -UCHAR_NAME -UCHAR_CNAME -DASMNAME=somatcopy_k_rt -DASMFNAME=somatcopy_k_rt_ -DNAME=somatcopy_k_rt_ -DCNAME=somatcopy_k_rt -DCHAR_NAME=\"somatcopy_k_rt_\" -DCHAR_CNAME=\"somatcopy_k_rt\" -DNO_AFFINITY -I.. -UDOUBLE  -UCOMPLEX -c -UDOUBLE -UCOMPLEX -DROWM ../kernel/x86_64/omatcopy_rt.c -o somatcopy_k_rt.o
cc -O2 -DMAX_STACK_ALLOC=2048 -Wall -m64 -DF_INTERFACE_GFORT -fPIC -DNO_LAPACK -DNO_LAPACKE -DSMP_SERVER -DNO_WARMUP -DMAX_CPU_NUMBER=4 -DMAX_PARALLEL_NUMBER=1 -DBUILD_SINGLE=1 -DBUILD_DOUBLE=1 -DBUILD_COMPLEX=1 -DBUILD_COMPLEX16=1 -DVERSION=\"0.3.17.dev\" -msse3 -mssse3 -msse4.1 -mavx -mavx2 -mavx2 -UASMNAME -UASMFNAME -UNAME -UCNAME -UCHAR_NAME -UCHAR_CNAME -DASMNAME=simatcopy_k_cn -DASMFNAME=simatcopy_k_cn_ -DNAME=simatcopy_k_cn_ -DCNAME=simatcopy_k_cn -DCHAR_NAME=\"simatcopy_k_cn_\" -DCHAR_CNAME=\"simatcopy_k_cn\" -DNO_AFFINITY -I.. -UDOUBLE  -UCOMPLEX -c -UDOUBLE -UCOMPLEX -UROWM ../kernel/x86_64/../generic/imatcopy_cn.c -o simatcopy_k_cn.o
cc -O2 -DMAX_STACK_ALLOC=2048 -Wall -m64 -DF_INTERFACE_GFORT -fPIC -DNO_LAPACK -DNO_LAPACKE -DSMP_SERVER -DNO_WARMUP -DMAX_CPU_NUMBER=4 -DMAX_PARALLEL_NUMBER=1 -DBUILD_SINGLE=1 -DBUILD_DOUBLE=1 -DBUILD_COMPLEX=1 -DBUILD_COMPLEX16=1 -DVERSION=\"0.3.17.dev\" -msse3 -mssse3 -msse4.1 -mavx -mavx2 -mavx2 -UASMNAME -UASMFNAME -UNAME -UCNAME -UCHAR_NAME -UCHAR_CNAME -DASMNAME=simatcopy_k_rn -DASMFNAME=simatcopy_k_rn_ -DNAME=simatcopy_k_rn_ -DCNAME=simatcopy_k_rn -DCHAR_NAME=\"simatcopy_k_rn_\" -DCHAR_CNAME=\"simatcopy_k_rn\" -DNO_AFFINITY -I.. -UDOUBLE  -UCOMPLEX -c -UDOUBLE -UCOMPLEX -DROWM ../kernel/x86_64/../generic/imatcopy_rn.c -o simatcopy_k_rn.o
cc -O2 -DMAX_STACK_ALLOC=2048 -Wall -m64 -DF_INTERFACE_GFORT -fPIC -DNO_LAPACK -DNO_LAPACKE -DSMP_SERVER -DNO_WARMUP -DMAX_CPU_NUMBER=4 -DMAX_PARALLEL_NUMBER=1 -DBUILD_SINGLE=1 -DBUILD_DOUBLE=1 -DBUILD_COMPLEX=1 -DBUILD_COMPLEX16=1 -DVERSION=\"0.3.17.dev\" -msse3 -mssse3 -msse4.1 -mavx -mavx2 -mavx2 -UASMNAME -UASMFNAME -UNAME -UCNAME -UCHAR_NAME -UCHAR_CNAME -DASMNAME=simatcopy_k_ct -DASMFNAME=simatcopy_k_ct_ -DNAME=simatcopy_k_ct_ -DCNAME=simatcopy_k_ct -DCHAR_NAME=\"simatcopy_k_ct_\" -DCHAR_CNAME=\"simatcopy_k_ct\" -DNO_AFFINITY -I.. -UDOUBLE  -UCOMPLEX -c -UDOUBLE -UCOMPLEX -UROWM ../kernel/x86_64/../generic/imatcopy_ct.c -o simatcopy_k_ct.o
cc -O2 -DMAX_STACK_ALLOC=2048 -Wall -m64 -DF_INTERFACE_GFORT -fPIC -DNO_LAPACK -DNO_LAPACKE -DSMP_SERVER -DNO_WARMUP -DMAX_CPU_NUMBER=4 -DMAX_PARALLEL_NUMBER=1 -DBUILD_SINGLE=1 -DBUILD_DOUBLE=1 -DBUILD_COMPLEX=1 -DBUILD_COMPLEX16=1 -DVERSION=\"0.3.17.dev\" -msse3 -mssse3 -msse4.1 -mavx -mavx2 -mavx2 -UASMNAME -UASMFNAME -UNAME -UCNAME -UCHAR_NAME -UCHAR_CNAME -DASMNAME=simatcopy_k_rt -DASMFNAME=simatcopy_k_rt_ -DNAME=simatcopy_k_rt_ -DCNAME=simatcopy_k_rt -DCHAR_NAME=\"simatcopy_k_rt_\" -DCHAR_CNAME=\"simatcopy_k_rt\" -DNO_AFFINITY -I.. -UDOUBLE  -UCOMPLEX -c -UDOUBLE -UCOMPLEX -DROWM ../kernel/x86_64/../generic/imatcopy_rt.c -o simatcopy_k_rt.o
cc -O2 -DMAX_STACK_ALLOC=2048 -Wall -m64 -DF_INTERFACE_GFORT -fPIC -DNO_LAPACK -DNO_LAPACKE -DSMP_SERVER -DNO_WARMUP -DMAX_CPU_NUMBER=4 -DMAX_PARALLEL_NUMBER=1 -DBUILD_SINGLE=1 -DBUILD_DOUBLE=1 -DBUILD_COMPLEX=1 -DBUILD_COMPLEX16=1 -DVERSION=\"0.3.17.dev\" -msse3 -mssse3 -msse4.1 -mavx -mavx2 -mavx2 -UASMNAME -UASMFNAME -UNAME -UCNAME -UCHAR_NAME -UCHAR_CNAME -DASMNAME=sgeadd_k -DASMFNAME=sgeadd_k_ -DNAME=sgeadd_k_ -DCNAME=sgeadd_k -DCHAR_NAME=\"sgeadd_k_\" -DCHAR_CNAME=\"sgeadd_k\" -DNO_AFFINITY -I.. -UDOUBLE  -UCOMPLEX -c -UDOUBLE -UCOMPLEX -UROWM ../kernel/x86_64/../generic/geadd.c -o sgeadd_k.o
cc -c -O2 -DMAX_STACK_ALLOC=2048 -Wall -m64 -DF_INTERFACE_GFORT -fPIC -DNO_LAPACK -DNO_LAPACKE -DSMP_SERVER -DNO_WARMUP -DMAX_CPU_NUMBER=4 -DMAX_PARALLEL_NUMBER=1 -DBUILD_SINGLE=1 -DBUILD_DOUBLE=1 -DBUILD_COMPLEX=1 -DBUILD_COMPLEX16=1 -DVERSION=\"0.3.17.dev\" -msse3 -mssse3 -msse4.1 -mavx -mavx2 -mavx2 -UASMNAME -UASMFNAME -UNAME -UCNAME -UCHAR_NAME -UCHAR_CNAME -DASMNAME=damax_k -DASMFNAME=damax_k_ -DNAME=damax_k_ -DCNAME=damax_k -DCHAR_NAME=\"damax_k_\" -DCHAR_CNAME=\"damax_k\" -DNO_AFFINITY -I.. -DDOUBLE  -UCOMPLEX -UCOMPLEX -DDOUBLE  -DUSE_ABS -UUSE_MIN ../kernel/x86_64/amax_sse2.S -o damax_k.o
cc -c -O2 -DMAX_STACK_ALLOC=2048 -Wall -m64 -DF_INTERFACE_GFORT -fPIC -DNO_LAPACK -DNO_LAPACKE -DSMP_SERVER -DNO_WARMUP -DMAX_CPU_NUMBER=4 -DMAX_PARALLEL_NUMBER=1 -DBUILD_SINGLE=1 -DBUILD_DOUBLE=1 -DBUILD_COMPLEX=1 -DBUILD_COMPLEX16=1 -DVERSION=\"0.3.17.dev\" -msse3 -mssse3 -msse4.1 -mavx -mavx2 -mavx2 -UASMNAME -UASMFNAME -UNAME -UCNAME -UCHAR_NAME -UCHAR_CNAME -DASMNAME=damin_k -DASMFNAME=damin_k_ -DNAME=damin_k_ -DCNAME=damin_k -DCHAR_NAME=\"damin_k_\" -DCHAR_CNAME=\"damin_k\" -DNO_AFFINITY -I.. -DDOUBLE  -UCOMPLEX -UCOMPLEX -DDOUBLE -DUSE_ABS  -DUSE_MIN ../kernel/x86_64/amax_sse2.S -o damin_k.o
cc -c -O2 -DMAX_STACK_ALLOC=2048 -Wall -m64 -DF_INTERFACE_GFORT -fPIC -DNO_LAPACK -DNO_LAPACKE -DSMP_SERVER -DNO_WARMUP -DMAX_CPU_NUMBER=4 -DMAX_PARALLEL_NUMBER=1 -DBUILD_SINGLE=1 -DBUILD_DOUBLE=1 -DBUILD_COMPLEX=1 -DBUILD_COMPLEX16=1 -DVERSION=\"0.3.17.dev\" -msse3 -mssse3 -msse4.1 -mavx -mavx2 -mavx2 -UASMNAME -UASMFNAME -UNAME -UCNAME -UCHAR_NAME -UCHAR_CNAME -DASMNAME=dmax_k -DASMFNAME=dmax_k_ -DNAME=dmax_k_ -DCNAME=dmax_k -DCHAR_NAME=\"dmax_k_\" -DCHAR_CNAME=\"dmax_k\" -DNO_AFFINITY -I.. -DDOUBLE  -UCOMPLEX -UCOMPLEX -DDOUBLE -UUSE_ABS  -UUSE_MIN ../kernel/x86_64/amax_sse2.S -o dmax_k.o
cc -c -O2 -DMAX_STACK_ALLOC=2048 -Wall -m64 -DF_INTERFACE_GFORT -fPIC -DNO_LAPACK -DNO_LAPACKE -DSMP_SERVER -DNO_WARMUP -DMAX_CPU_NUMBER=4 -DMAX_PARALLEL_NUMBER=1 -DBUILD_SINGLE=1 -DBUILD_DOUBLE=1 -DBUILD_COMPLEX=1 -DBUILD_COMPLEX16=1 -DVERSION=\"0.3.17.dev\" -msse3 -mssse3 -msse4.1 -mavx -mavx2 -mavx2 -UASMNAME -UASMFNAME -UNAME -UCNAME -UCHAR_NAME -UCHAR_CNAME -DASMNAME=dmin_k -DASMFNAME=dmin_k_ -DNAME=dmin_k_ -DCNAME=dmin_k -DCHAR_NAME=\"dmin_k_\" -DCHAR_CNAME=\"dmin_k\" -DNO_AFFINITY -I.. -DDOUBLE  -UCOMPLEX -UCOMPLEX -DDOUBLE -UUSE_ABS  -DUSE_MIN ../kernel/x86_64/amax_sse2.S -o dmin_k.o
cc -c -O2 -DMAX_STACK_ALLOC=2048 -Wall -m64 -DF_INTERFACE_GFORT -fPIC -DNO_LAPACK -DNO_LAPACKE -DSMP_SERVER -DNO_WARMUP -DMAX_CPU_NUMBER=4 -DMAX_PARALLEL_NUMBER=1 -DBUILD_SINGLE=1 -DBUILD_DOUBLE=1 -DBUILD_COMPLEX=1 -DBUILD_COMPLEX16=1 -DVERSION=\"0.3.17.dev\" -msse3 -mssse3 -msse4.1 -mavx -mavx2 -mavx2 -UASMNAME -UASMFNAME -UNAME -UCNAME -UCHAR_NAME -UCHAR_CNAME -DASMNAME=idamax_k -DASMFNAME=idamax_k_ -DNAME=idamax_k_ -DCNAME=idamax_k -DCHAR_NAME=\"idamax_k_\" -DCHAR_CNAME=\"idamax_k\" -DNO_AFFINITY -I.. -DDOUBLE  -UCOMPLEX -UCOMPLEX -DDOUBLE -DUSE_ABS  -UUSE_MIN ../kernel/x86_64/iamax_sse2.S -o idamax_k.o
cc -c -O2 -DMAX_STACK_ALLOC=2048 -Wall -m64 -DF_INTERFACE_GFORT -fPIC -DNO_LAPACK -DNO_LAPACKE -DSMP_SERVER -DNO_WARMUP -DMAX_CPU_NUMBER=4 -DMAX_PARALLEL_NUMBER=1 -DBUILD_SINGLE=1 -DBUILD_DOUBLE=1 -DBUILD_COMPLEX=1 -DBUILD_COMPLEX16=1 -DVERSION=\"0.3.17.dev\" -msse3 -mssse3 -msse4.1 -mavx -mavx2 -mavx2 -UASMNAME -UASMFNAME -UNAME -UCNAME -UCHAR_NAME -UCHAR_CNAME -DASMNAME=idamin_k -DASMFNAME=idamin_k_ -DNAME=idamin_k_ -DCNAME=idamin_k -DCHAR_NAME=\"idamin_k_\" -DCHAR_CNAME=\"idamin_k\" -DNO_AFFINITY -I.. -DDOUBLE  -UCOMPLEX -UCOMPLEX -DDOUBLE -DUSE_ABS  -DUSE_MIN ../kernel/x86_64/iamax_sse2.S -o idamin_k.o
cc -c -O2 -DMAX_STACK_ALLOC=2048 -Wall -m64 -DF_INTERFACE_GFORT -fPIC -DNO_LAPACK -DNO_LAPACKE -DSMP_SERVER -DNO_WARMUP -DMAX_CPU_NUMBER=4 -DMAX_PARALLEL_NUMBER=1 -DBUILD_SINGLE=1 -DBUILD_DOUBLE=1 -DBUILD_COMPLEX=1 -DBUILD_COMPLEX16=1 -DVERSION=\"0.3.17.dev\" -msse3 -mssse3 -msse4.1 -mavx -mavx2 -mavx2 -UASMNAME -UASMFNAME -UNAME -UCNAME -UCHAR_NAME -UCHAR_CNAME -DASMNAME=idmax_k -DASMFNAME=idmax_k_ -DNAME=idmax_k_ -DCNAME=idmax_k -DCHAR_NAME=\"idmax_k_\" -DCHAR_CNAME=\"idmax_k\" -DNO_AFFINITY -I.. -DDOUBLE  -UCOMPLEX -UCOMPLEX -DDOUBLE -UUSE_ABS  -UUSE_MIN ../kernel/x86_64/iamax_sse2.S -o idmax_k.o
cc -c -O2 -DMAX_STACK_ALLOC=2048 -Wall -m64 -DF_INTERFACE_GFORT -fPIC -DNO_LAPACK -DNO_LAPACKE -DSMP_SERVER -DNO_WARMUP -DMAX_CPU_NUMBER=4 -DMAX_PARALLEL_NUMBER=1 -DBUILD_SINGLE=1 -DBUILD_DOUBLE=1 -DBUILD_COMPLEX=1 -DBUILD_COMPLEX16=1 -DVERSION=\"0.3.17.dev\" -msse3 -mssse3 -msse4.1 -mavx -mavx2 -mavx2 -UASMNAME -UASMFNAME -UNAME -UCNAME -UCHAR_NAME -UCHAR_CNAME -DASMNAME=idmin_k -DASMFNAME=idmin_k_ -DNAME=idmin_k_ -DCNAME=idmin_k -DCHAR_NAME=\"idmin_k_\" -DCHAR_CNAME=\"idmin_k\" -DNO_AFFINITY -I.. -DDOUBLE  -UCOMPLEX -UCOMPLEX -DDOUBLE -UUSE_ABS  -DUSE_MIN ../kernel/x86_64/iamax_sse2.S -o idmin_k.o
cc -c -O2 -DMAX_STACK_ALLOC=2048 -Wall -m64 -DF_INTERFACE_GFORT -fPIC -DNO_LAPACK -DNO_LAPACKE -DSMP_SERVER -DNO_WARMUP -DMAX_CPU_NUMBER=4 -DMAX_PARALLEL_NUMBER=1 -DBUILD_SINGLE=1 -DBUILD_DOUBLE=1 -DBUILD_COMPLEX=1 -DBUILD_COMPLEX16=1 -DVERSION=\"0.3.17.dev\" -msse3 -mssse3 -msse4.1 -mavx -mavx2 -mavx2 -UASMNAME -UASMFNAME -UNAME -UCNAME -UCHAR_NAME -UCHAR_CNAME -DASMNAME=dasum_k -DASMFNAME=dasum_k_ -DNAME=dasum_k_ -DCNAME=dasum_k -DCHAR_NAME=\"dasum_k_\" -DCHAR_CNAME=\"dasum_k\" -DNO_AFFINITY -I.. -DDOUBLE  -UCOMPLEX -UCOMPLEX -DDOUBLE ../kernel/x86_64/dasum.c -o dasum_k.o
cc -c -O2 -DMAX_STACK_ALLOC=2048 -Wall -m64 -DF_INTERFACE_GFORT -fPIC -DNO_LAPACK -DNO_LAPACKE -DSMP_SERVER -DNO_WARMUP -DMAX_CPU_NUMBER=4 -DMAX_PARALLEL_NUMBER=1 -DBUILD_SINGLE=1 -DBUILD_DOUBLE=1 -DBUILD_COMPLEX=1 -DBUILD_COMPLEX16=1 -DVERSION=\"0.3.17.dev\" -msse3 -mssse3 -msse4.1 -mavx -mavx2 -mavx2 -UASMNAME -UASMFNAME -UNAME -UCNAME -UCHAR_NAME -UCHAR_CNAME -DASMNAME=daxpy_k -DASMFNAME=daxpy_k_ -DNAME=daxpy_k_ -DCNAME=daxpy_k -DCHAR_NAME=\"daxpy_k_\" -DCHAR_CNAME=\"daxpy_k\" -DNO_AFFINITY -I.. -DDOUBLE  -UCOMPLEX -UCOMPLEX -DDOUBLE ../kernel/x86_64/daxpy.c -o daxpy_k.o
cc -c -O2 -DMAX_STACK_ALLOC=2048 -Wall -m64 -DF_INTERFACE_GFORT -fPIC -DNO_LAPACK -DNO_LAPACKE -DSMP_SERVER -DNO_WARMUP -DMAX_CPU_NUMBER=4 -DMAX_PARALLEL_NUMBER=1 -DBUILD_SINGLE=1 -DBUILD_DOUBLE=1 -DBUILD_COMPLEX=1 -DBUILD_COMPLEX16=1 -DVERSION=\"0.3.17.dev\" -msse3 -mssse3 -msse4.1 -mavx -mavx2 -mavx2 -UASMNAME -UASMFNAME -UNAME -UCNAME -UCHAR_NAME -UCHAR_CNAME -DASMNAME=dcopy_k -DASMFNAME=dcopy_k_ -DNAME=dcopy_k_ -DCNAME=dcopy_k -DCHAR_NAME=\"dcopy_k_\" -DCHAR_CNAME=\"dcopy_k\" -DNO_AFFINITY -I.. -DDOUBLE  -UCOMPLEX -UCOMPLEX -DDOUBLE -DC_INTERFACE ../kernel/x86_64/copy_sse2.S -o dcopy_k.o
cc -c -O2 -DMAX_STACK_ALLOC=2048 -Wall -m64 -DF_INTERFACE_GFORT -fPIC -DNO_LAPACK -DNO_LAPACKE -DSMP_SERVER -DNO_WARMUP -DMAX_CPU_NUMBER=4 -DMAX_PARALLEL_NUMBER=1 -DBUILD_SINGLE=1 -DBUILD_DOUBLE=1 -DBUILD_COMPLEX=1 -DBUILD_COMPLEX16=1 -DVERSION=\"0.3.17.dev\" -msse3 -mssse3 -msse4.1 -mavx -mavx2 -mavx2 -UASMNAME -UASMFNAME -UNAME -UCNAME -UCHAR_NAME -UCHAR_CNAME -DASMNAME=ddot_k -DASMFNAME=ddot_k_ -DNAME=ddot_k_ -DCNAME=ddot_k -DCHAR_NAME=\"ddot_k_\" -DCHAR_CNAME=\"ddot_k\" -DNO_AFFINITY -I.. -DDOUBLE  -UCOMPLEX -UCOMPLEX -DDOUBLE ../kernel/x86_64/ddot.c -o ddot_k.o
cc -O2 -DMAX_STACK_ALLOC=2048 -Wall -m64 -DF_INTERFACE_GFORT -fPIC -DNO_LAPACK -DNO_LAPACKE -DSMP_SERVER -DNO_WARMUP -DMAX_CPU_NUMBER=4 -DMAX_PARALLEL_NUMBER=1 -DBUILD_SINGLE=1 -DBUILD_DOUBLE=1 -DBUILD_COMPLEX=1 -DBUILD_COMPLEX16=1 -DVERSION=\"0.3.17.dev\" -msse3 -mssse3 -msse4.1 -mavx -mavx2 -mavx2 -UASMNAME -UASMFNAME -UNAME -UCNAME -UCHAR_NAME -UCHAR_CNAME -DASMNAME=dnrm2_k -DASMFNAME=dnrm2_k_ -DNAME=dnrm2_k_ -DCNAME=dnrm2_k -DCHAR_NAME=\"dnrm2_k_\" -DCHAR_CNAME=\"dnrm2_k\" -DNO_AFFINITY -I.. -DDOUBLE  -UCOMPLEX -UCOMPLEX -c -DDOUBLE ../kernel/x86_64/nrm2.S -o dnrm2_k.o
cc -c -O2 -DMAX_STACK_ALLOC=2048 -Wall -m64 -DF_INTERFACE_GFORT -fPIC -DNO_LAPACK -DNO_LAPACKE -DSMP_SERVER -DNO_WARMUP -DMAX_CPU_NUMBER=4 -DMAX_PARALLEL_NUMBER=1 -DBUILD_SINGLE=1 -DBUILD_DOUBLE=1 -DBUILD_COMPLEX=1 -DBUILD_COMPLEX16=1 -DVERSION=\"0.3.17.dev\" -msse3 -mssse3 -msse4.1 -mavx -mavx2 -mavx2 -UASMNAME -UASMFNAME -UNAME -UCNAME -UCHAR_NAME -UCHAR_CNAME -DASMNAME=drot_k -DASMFNAME=drot_k_ -DNAME=drot_k_ -DCNAME=drot_k -DCHAR_NAME=\"drot_k_\" -DCHAR_CNAME=\"drot_k\" -DNO_AFFINITY -I.. -DDOUBLE  -UCOMPLEX -mfma -UCOMPLEX -UCOMPLEX -DDOUBLE  ../kernel/x86_64/drot.c -o drot_k.o
cc -c -O2 -DMAX_STACK_ALLOC=2048 -Wall -m64 -DF_INTERFACE_GFORT -fPIC -DNO_LAPACK -DNO_LAPACKE -DSMP_SERVER -DNO_WARMUP -DMAX_CPU_NUMBER=4 -DMAX_PARALLEL_NUMBER=1 -DBUILD_SINGLE=1 -DBUILD_DOUBLE=1 -DBUILD_COMPLEX=1 -DBUILD_COMPLEX16=1 -DVERSION=\"0.3.17.dev\" -msse3 -mssse3 -msse4.1 -mavx -mavx2 -mavx2 -UASMNAME -UASMFNAME -UNAME -UCNAME -UCHAR_NAME -UCHAR_CNAME -DASMNAME=dscal_k -DASMFNAME=dscal_k_ -DNAME=dscal_k_ -DCNAME=dscal_k -DCHAR_NAME=\"dscal_k_\" -DCHAR_CNAME=\"dscal_k\" -DNO_AFFINITY -I.. -DDOUBLE  -UCOMPLEX -UCOMPLEX -DDOUBLE ../kernel/x86_64/dscal.c -o dscal_k.o
cc -c -O2 -DMAX_STACK_ALLOC=2048 -Wall -m64 -DF_INTERFACE_GFORT -fPIC -DNO_LAPACK -DNO_LAPACKE -DSMP_SERVER -DNO_WARMUP -DMAX_CPU_NUMBER=4 -DMAX_PARALLEL_NUMBER=1 -DBUILD_SINGLE=1 -DBUILD_DOUBLE=1 -DBUILD_COMPLEX=1 -DBUILD_COMPLEX16=1 -DVERSION=\"0.3.17.dev\" -msse3 -mssse3 -msse4.1 -mavx -mavx2 -mavx2 -UASMNAME -UASMFNAME -UNAME -UCNAME -UCHAR_NAME -UCHAR_CNAME -DASMNAME=dswap_k -DASMFNAME=dswap_k_ -DNAME=dswap_k_ -DCNAME=dswap_k -DCHAR_NAME=\"dswap_k_\" -DCHAR_CNAME=\"dswap_k\" -DNO_AFFINITY -I.. -DDOUBLE  -UCOMPLEX -UCOMPLEX -DDOUBLE ../kernel/x86_64/swap_sse2.S -o dswap_k.o
cc -c -O2 -DMAX_STACK_ALLOC=2048 -Wall -m64 -DF_INTERFACE_GFORT -fPIC -DNO_LAPACK -DNO_LAPACKE -DSMP_SERVER -DNO_WARMUP -DMAX_CPU_NUMBER=4 -DMAX_PARALLEL_NUMBER=1 -DBUILD_SINGLE=1 -DBUILD_DOUBLE=1 -DBUILD_COMPLEX=1 -DBUILD_COMPLEX16=1 -DVERSION=\"0.3.17.dev\" -msse3 -mssse3 -msse4.1 -mavx -mavx2 -mavx2 -UASMNAME -UASMFNAME -UNAME -UCNAME -UCHAR_NAME -UCHAR_CNAME -DASMNAME=daxpby_k -DASMFNAME=daxpby_k_ -DNAME=daxpby_k_ -DCNAME=daxpby_k -DCHAR_NAME=\"daxpby_k_\" -DCHAR_CNAME=\"daxpby_k\" -DNO_AFFINITY -I.. -DDOUBLE  -UCOMPLEX -UCOMPLEX -DDOUBLE ../kernel/x86_64/../arm/axpby.c -o daxpby_k.o
cc -c -O2 -DMAX_STACK_ALLOC=2048 -Wall -m64 -DF_INTERFACE_GFORT -fPIC -DNO_LAPACK -DNO_LAPACKE -DSMP_SERVER -DNO_WARMUP -DMAX_CPU_NUMBER=4 -DMAX_PARALLEL_NUMBER=1 -DBUILD_SINGLE=1 -DBUILD_DOUBLE=1 -DBUILD_COMPLEX=1 -DBUILD_COMPLEX16=1 -DVERSION=\"0.3.17.dev\" -msse3 -mssse3 -msse4.1 -mavx -mavx2 -mavx2 -UASMNAME -UASMFNAME -UNAME -UCNAME -UCHAR_NAME -UCHAR_CNAME -DASMNAME=dsum_k -DASMFNAME=dsum_k_ -DNAME=dsum_k_ -DCNAME=dsum_k -DCHAR_NAME=\"dsum_k_\" -DCHAR_CNAME=\"dsum_k\" -DNO_AFFINITY -I.. -DDOUBLE  -UCOMPLEX -UCOMPLEX -DDOUBLE ../kernel/x86_64/../arm/sum.c -o dsum_k.o
cc -c -O2 -DMAX_STACK_ALLOC=2048 -Wall -m64 -DF_INTERFACE_GFORT -fPIC -DNO_LAPACK -DNO_LAPACKE -DSMP_SERVER -DNO_WARMUP -DMAX_CPU_NUMBER=4 -DMAX_PARALLEL_NUMBER=1 -DBUILD_SINGLE=1 -DBUILD_DOUBLE=1 -DBUILD_COMPLEX=1 -DBUILD_COMPLEX16=1 -DVERSION=\"0.3.17.dev\" -msse3 -mssse3 -msse4.1 -mavx -mavx2 -mavx2 -UASMNAME -UASMFNAME -UNAME -UCNAME -UCHAR_NAME -UCHAR_CNAME -DASMNAME=dgemv_n -DASMFNAME=dgemv_n_ -DNAME=dgemv_n_ -DCNAME=dgemv_n -DCHAR_NAME=\"dgemv_n_\" -DCHAR_CNAME=\"dgemv_n\" -DNO_AFFINITY -I.. -DDOUBLE  -UCOMPLEX -DDOUBLE  -UCOMPLEX -DDOUBLE -UCOMPLEX  -UTRANS ../kernel/x86_64/dgemv_n_4.c -o dgemv_n.o
cc -c -O2 -DMAX_STACK_ALLOC=2048 -Wall -m64 -DF_INTERFACE_GFORT -fPIC -DNO_LAPACK -DNO_LAPACKE -DSMP_SERVER -DNO_WARMUP -DMAX_CPU_NUMBER=4 -DMAX_PARALLEL_NUMBER=1 -DBUILD_SINGLE=1 -DBUILD_DOUBLE=1 -DBUILD_COMPLEX=1 -DBUILD_COMPLEX16=1 -DVERSION=\"0.3.17.dev\" -msse3 -mssse3 -msse4.1 -mavx -mavx2 -mavx2 -UASMNAME -UASMFNAME -UNAME -UCNAME -UCHAR_NAME -UCHAR_CNAME -DASMNAME=dgemv_t -DASMFNAME=dgemv_t_ -DNAME=dgemv_t_ -DCNAME=dgemv_t -DCHAR_NAME=\"dgemv_t_\" -DCHAR_CNAME=\"dgemv_t\" -DNO_AFFINITY -I.. -DDOUBLE  -UCOMPLEX -DDOUBLE  -UCOMPLEX -DDOUBLE -UCOMPLEX  -DTRANS ../kernel/x86_64/dgemv_t_4.c -o dgemv_t.o
cc -c -O2 -DMAX_STACK_ALLOC=2048 -Wall -m64 -DF_INTERFACE_GFORT -fPIC -DNO_LAPACK -DNO_LAPACKE -DSMP_SERVER -DNO_WARMUP -DMAX_CPU_NUMBER=4 -DMAX_PARALLEL_NUMBER=1 -DBUILD_SINGLE=1 -DBUILD_DOUBLE=1 -DBUILD_COMPLEX=1 -DBUILD_COMPLEX16=1 -DVERSION=\"0.3.17.dev\" -msse3 -mssse3 -msse4.1 -mavx -mavx2 -mavx2 -UASMNAME -UASMFNAME -UNAME -UCNAME -UCHAR_NAME -UCHAR_CNAME -DASMNAME=dsymv_U -DASMFNAME=dsymv_U_ -DNAME=dsymv_U_ -DCNAME=dsymv_U -DCHAR_NAME=\"dsymv_U_\" -DCHAR_CNAME=\"dsymv_U\" -DNO_AFFINITY -I.. -DDOUBLE  -UCOMPLEX -UCOMPLEX -DDOUBLE -ULOWER ../kernel/x86_64/dsymv_U.c -o dsymv_U.o
cc -c -O2 -DMAX_STACK_ALLOC=2048 -Wall -m64 -DF_INTERFACE_GFORT -fPIC -DNO_LAPACK -DNO_LAPACKE -DSMP_SERVER -DNO_WARMUP -DMAX_CPU_NUMBER=4 -DMAX_PARALLEL_NUMBER=1 -DBUILD_SINGLE=1 -DBUILD_DOUBLE=1 -DBUILD_COMPLEX=1 -DBUILD_COMPLEX16=1 -DVERSION=\"0.3.17.dev\" -msse3 -mssse3 -msse4.1 -mavx -mavx2 -mavx2 -UASMNAME -UASMFNAME -UNAME -UCNAME -UCHAR_NAME -UCHAR_CNAME -DASMNAME=dsymv_L -DASMFNAME=dsymv_L_ -DNAME=dsymv_L_ -DCNAME=dsymv_L -DCHAR_NAME=\"dsymv_L_\" -DCHAR_CNAME=\"dsymv_L\" -DNO_AFFINITY -I.. -DDOUBLE  -UCOMPLEX -UCOMPLEX -DDOUBLE -DLOWER ../kernel/x86_64/dsymv_L.c -o dsymv_L.o
cc -c -O2 -DMAX_STACK_ALLOC=2048 -Wall -m64 -DF_INTERFACE_GFORT -fPIC -DNO_LAPACK -DNO_LAPACKE -DSMP_SERVER -DNO_WARMUP -DMAX_CPU_NUMBER=4 -DMAX_PARALLEL_NUMBER=1 -DBUILD_SINGLE=1 -DBUILD_DOUBLE=1 -DBUILD_COMPLEX=1 -DBUILD_COMPLEX16=1 -DVERSION=\"0.3.17.dev\" -msse3 -mssse3 -msse4.1 -mavx -mavx2 -mavx2 -UASMNAME -UASMFNAME -UNAME -UCNAME -UCHAR_NAME -UCHAR_CNAME -DASMNAME=dger_k -DASMFNAME=dger_k_ -DNAME=dger_k_ -DCNAME=dger_k -DCHAR_NAME=\"dger_k_\" -DCHAR_CNAME=\"dger_k\" -DNO_AFFINITY -I.. -DDOUBLE  -UCOMPLEX -DDOUBLE ../kernel/x86_64/../generic/ger.c -o dger_k.o
cc -O2 -DMAX_STACK_ALLOC=2048 -Wall -m64 -DF_INTERFACE_GFORT -fPIC -DNO_LAPACK -DNO_LAPACKE -DSMP_SERVER -DNO_WARMUP -DMAX_CPU_NUMBER=4 -DMAX_PARALLEL_NUMBER=1 -DBUILD_SINGLE=1 -DBUILD_DOUBLE=1 -DBUILD_COMPLEX=1 -DBUILD_COMPLEX16=1 -DVERSION=\"0.3.17.dev\" -msse3 -mssse3 -msse4.1 -mavx -mavx2 -mavx2 -UASMNAME -UASMFNAME -UNAME -UCNAME -UCHAR_NAME -UCHAR_CNAME -DASMNAME=dgemm_beta -DASMFNAME=dgemm_beta_ -DNAME=dgemm_beta_ -DCNAME=dgemm_beta -DCHAR_NAME=\"dgemm_beta_\" -DCHAR_CNAME=\"dgemm_beta\" -DNO_AFFINITY -I.. -DDOUBLE  -UCOMPLEX -DDOUBLE  -UCOMPLEX -c -DDOUBLE -UCOMPLEX ../kernel/x86_64/dgemm_beta_skylakex.c -o dgemm_beta.o
cc -O2 -DMAX_STACK_ALLOC=2048 -Wall -m64 -DF_INTERFACE_GFORT -fPIC -DNO_LAPACK -DNO_LAPACKE -DSMP_SERVER -DNO_WARMUP -DMAX_CPU_NUMBER=4 -DMAX_PARALLEL_NUMBER=1 -DBUILD_SINGLE=1 -DBUILD_DOUBLE=1 -DBUILD_COMPLEX=1 -DBUILD_COMPLEX16=1 -DVERSION=\"0.3.17.dev\" -msse3 -mssse3 -msse4.1 -mavx -mavx2 -mavx2 -UASMNAME -UASMFNAME -UNAME -UCNAME -UCHAR_NAME -UCHAR_CNAME -DASMNAME=dgemm_kernel -DASMFNAME=dgemm_kernel_ -DNAME=dgemm_kernel_ -DCNAME=dgemm_kernel -DCHAR_NAME=\"dgemm_kernel_\" -DCHAR_CNAME=\"dgemm_kernel\" -DNO_AFFINITY -I.. -DDOUBLE  -UCOMPLEX -c -DDOUBLE -UCOMPLEX ../kernel/x86_64/dgemm_kernel_4x8_haswell.S -o dgemm_kernel.o
cc -O2 -DMAX_STACK_ALLOC=2048 -Wall -m64 -DF_INTERFACE_GFORT -fPIC -DNO_LAPACK -DNO_LAPACKE -DSMP_SERVER -DNO_WARMUP -DMAX_CPU_NUMBER=4 -DMAX_PARALLEL_NUMBER=1 -DBUILD_SINGLE=1 -DBUILD_DOUBLE=1 -DBUILD_COMPLEX=1 -DBUILD_COMPLEX16=1 -DVERSION=\"0.3.17.dev\" -msse3 -mssse3 -msse4.1 -mavx -mavx2 -mavx2 -UASMNAME -UASMFNAME -UNAME -UCNAME -UCHAR_NAME -UCHAR_CNAME -DASMNAME=dgemm_incopy -DASMFNAME=dgemm_incopy_ -DNAME=dgemm_incopy_ -DCNAME=dgemm_incopy -DCHAR_NAME=\"dgemm_incopy_\" -DCHAR_CNAME=\"dgemm_incopy\" -DNO_AFFINITY -I.. -DDOUBLE  -UCOMPLEX -c -DDOUBLE -UCOMPLEX ../kernel/x86_64/../generic/gemm_ncopy_4.c -o dgemm_incopy.o
cc -O2 -DMAX_STACK_ALLOC=2048 -Wall -m64 -DF_INTERFACE_GFORT -fPIC -DNO_LAPACK -DNO_LAPACKE -DSMP_SERVER -DNO_WARMUP -DMAX_CPU_NUMBER=4 -DMAX_PARALLEL_NUMBER=1 -DBUILD_SINGLE=1 -DBUILD_DOUBLE=1 -DBUILD_COMPLEX=1 -DBUILD_COMPLEX16=1 -DVERSION=\"0.3.17.dev\" -msse3 -mssse3 -msse4.1 -mavx -mavx2 -mavx2 -UASMNAME -UASMFNAME -UNAME -UCNAME -UCHAR_NAME -UCHAR_CNAME -DASMNAME=dgemm_itcopy -DASMFNAME=dgemm_itcopy_ -DNAME=dgemm_itcopy_ -DCNAME=dgemm_itcopy -DCHAR_NAME=\"dgemm_itcopy_\" -DCHAR_CNAME=\"dgemm_itcopy\" -DNO_AFFINITY -I.. -DDOUBLE  -UCOMPLEX -c -DDOUBLE -UCOMPLEX ../kernel/x86_64/../generic/gemm_tcopy_4.c -o dgemm_itcopy.o
cc -O2 -DMAX_STACK_ALLOC=2048 -Wall -m64 -DF_INTERFACE_GFORT -fPIC -DNO_LAPACK -DNO_LAPACKE -DSMP_SERVER -DNO_WARMUP -DMAX_CPU_NUMBER=4 -DMAX_PARALLEL_NUMBER=1 -DBUILD_SINGLE=1 -DBUILD_DOUBLE=1 -DBUILD_COMPLEX=1 -DBUILD_COMPLEX16=1 -DVERSION=\"0.3.17.dev\" -msse3 -mssse3 -msse4.1 -mavx -mavx2 -mavx2 -UASMNAME -UASMFNAME -UNAME -UCNAME -UCHAR_NAME -UCHAR_CNAME -DASMNAME=dgemm_oncopy -DASMFNAME=dgemm_oncopy_ -DNAME=dgemm_oncopy_ -DCNAME=dgemm_oncopy -DCHAR_NAME=\"dgemm_oncopy_\" -DCHAR_CNAME=\"dgemm_oncopy\" -DNO_AFFINITY -I.. -DDOUBLE  -UCOMPLEX -c -DDOUBLE -UCOMPLEX ../kernel/x86_64/dgemm_ncopy_8_skylakex.c -o dgemm_oncopy.o
cc -O2 -DMAX_STACK_ALLOC=2048 -Wall -m64 -DF_INTERFACE_GFORT -fPIC -DNO_LAPACK -DNO_LAPACKE -DSMP_SERVER -DNO_WARMUP -DMAX_CPU_NUMBER=4 -DMAX_PARALLEL_NUMBER=1 -DBUILD_SINGLE=1 -DBUILD_DOUBLE=1 -DBUILD_COMPLEX=1 -DBUILD_COMPLEX16=1 -DVERSION=\"0.3.17.dev\" -msse3 -mssse3 -msse4.1 -mavx -mavx2 -mavx2 -UASMNAME -UASMFNAME -UNAME -UCNAME -UCHAR_NAME -UCHAR_CNAME -DASMNAME=dgemm_otcopy -DASMFNAME=dgemm_otcopy_ -DNAME=dgemm_otcopy_ -DCNAME=dgemm_otcopy -DCHAR_NAME=\"dgemm_otcopy_\" -DCHAR_CNAME=\"dgemm_otcopy\" -DNO_AFFINITY -I.. -DDOUBLE  -UCOMPLEX -c -DDOUBLE -UCOMPLEX ../kernel/x86_64/../generic/gemm_tcopy_8.c -o dgemm_otcopy.o
cc -O2 -DMAX_STACK_ALLOC=2048 -Wall -m64 -DF_INTERFACE_GFORT -fPIC -DNO_LAPACK -DNO_LAPACKE -DSMP_SERVER -DNO_WARMUP -DMAX_CPU_NUMBER=4 -DMAX_PARALLEL_NUMBER=1 -DBUILD_SINGLE=1 -DBUILD_DOUBLE=1 -DBUILD_COMPLEX=1 -DBUILD_COMPLEX16=1 -DVERSION=\"0.3.17.dev\" -msse3 -mssse3 -msse4.1 -mavx -mavx2 -mavx2 -UASMNAME -UASMFNAME -UNAME -UCNAME -UCHAR_NAME -UCHAR_CNAME -DASMNAME=dtrmm_kernel_LN -DASMFNAME=dtrmm_kernel_LN_ -DNAME=dtrmm_kernel_LN_ -DCNAME=dtrmm_kernel_LN -DCHAR_NAME=\"dtrmm_kernel_LN_\" -DCHAR_CNAME=\"dtrmm_kernel_LN\" -DNO_AFFINITY -I.. -DDOUBLE  -UCOMPLEX -c -DTRMMKERNEL -DDOUBLE -UCOMPLEX -DLEFT -UTRANSA ../kernel/x86_64/dtrmm_kernel_4x8_haswell.c -o dtrmm_kernel_LN.o
cc -O2 -DMAX_STACK_ALLOC=2048 -Wall -m64 -DF_INTERFACE_GFORT -fPIC -DNO_LAPACK -DNO_LAPACKE -DSMP_SERVER -DNO_WARMUP -DMAX_CPU_NUMBER=4 -DMAX_PARALLEL_NUMBER=1 -DBUILD_SINGLE=1 -DBUILD_DOUBLE=1 -DBUILD_COMPLEX=1 -DBUILD_COMPLEX16=1 -DVERSION=\"0.3.17.dev\" -msse3 -mssse3 -msse4.1 -mavx -mavx2 -mavx2 -UASMNAME -UASMFNAME -UNAME -UCNAME -UCHAR_NAME -UCHAR_CNAME -DASMNAME=dtrmm_kernel_LT -DASMFNAME=dtrmm_kernel_LT_ -DNAME=dtrmm_kernel_LT_ -DCNAME=dtrmm_kernel_LT -DCHAR_NAME=\"dtrmm_kernel_LT_\" -DCHAR_CNAME=\"dtrmm_kernel_LT\" -DNO_AFFINITY -I.. -DDOUBLE  -UCOMPLEX -c -DTRMMKERNEL -DDOUBLE -UCOMPLEX -DLEFT -DTRANSA ../kernel/x86_64/dtrmm_kernel_4x8_haswell.c -o dtrmm_kernel_LT.o
cc -O2 -DMAX_STACK_ALLOC=2048 -Wall -m64 -DF_INTERFACE_GFORT -fPIC -DNO_LAPACK -DNO_LAPACKE -DSMP_SERVER -DNO_WARMUP -DMAX_CPU_NUMBER=4 -DMAX_PARALLEL_NUMBER=1 -DBUILD_SINGLE=1 -DBUILD_DOUBLE=1 -DBUILD_COMPLEX=1 -DBUILD_COMPLEX16=1 -DVERSION=\"0.3.17.dev\" -msse3 -mssse3 -msse4.1 -mavx -mavx2 -mavx2 -UASMNAME -UASMFNAME -UNAME -UCNAME -UCHAR_NAME -UCHAR_CNAME -DASMNAME=dtrmm_kernel_RN -DASMFNAME=dtrmm_kernel_RN_ -DNAME=dtrmm_kernel_RN_ -DCNAME=dtrmm_kernel_RN -DCHAR_NAME=\"dtrmm_kernel_RN_\" -DCHAR_CNAME=\"dtrmm_kernel_RN\" -DNO_AFFINITY -I.. -DDOUBLE  -UCOMPLEX -c -DTRMMKERNEL -DDOUBLE -UCOMPLEX -ULEFT -UTRANSA ../kernel/x86_64/dtrmm_kernel_4x8_haswell.c -o dtrmm_kernel_RN.o
cc -O2 -DMAX_STACK_ALLOC=2048 -Wall -m64 -DF_INTERFACE_GFORT -fPIC -DNO_LAPACK -DNO_LAPACKE -DSMP_SERVER -DNO_WARMUP -DMAX_CPU_NUMBER=4 -DMAX_PARALLEL_NUMBER=1 -DBUILD_SINGLE=1 -DBUILD_DOUBLE=1 -DBUILD_COMPLEX=1 -DBUILD_COMPLEX16=1 -DVERSION=\"0.3.17.dev\" -msse3 -mssse3 -msse4.1 -mavx -mavx2 -mavx2 -UASMNAME -UASMFNAME -UNAME -UCNAME -UCHAR_NAME -UCHAR_CNAME -DASMNAME=dtrmm_kernel_RT -DASMFNAME=dtrmm_kernel_RT_ -DNAME=dtrmm_kernel_RT_ -DCNAME=dtrmm_kernel_RT -DCHAR_NAME=\"dtrmm_kernel_RT_\" -DCHAR_CNAME=\"dtrmm_kernel_RT\" -DNO_AFFINITY -I.. -DDOUBLE  -UCOMPLEX -c -DTRMMKERNEL -DDOUBLE -UCOMPLEX -ULEFT -DTRANSA ../kernel/x86_64/dtrmm_kernel_4x8_haswell.c -o dtrmm_kernel_RT.o
cc -c -O2 -DMAX_STACK_ALLOC=2048 -Wall -m64 -DF_INTERFACE_GFORT -fPIC -DNO_LAPACK -DNO_LAPACKE -DSMP_SERVER -DNO_WARMUP -DMAX_CPU_NUMBER=4 -DMAX_PARALLEL_NUMBER=1 -DBUILD_SINGLE=1 -DBUILD_DOUBLE=1 -DBUILD_COMPLEX=1 -DBUILD_COMPLEX16=1 -DVERSION=\"0.3.17.dev\" -msse3 -mssse3 -msse4.1 -mavx -mavx2 -mavx2 -UASMNAME -UASMFNAME -UNAME -UCNAME -UCHAR_NAME -UCHAR_CNAME -DASMNAME=dtrsm_kernel_LN -DASMFNAME=dtrsm_kernel_LN_ -DNAME=dtrsm_kernel_LN_ -DCNAME=dtrsm_kernel_LN -DCHAR_NAME=\"dtrsm_kernel_LN_\" -DCHAR_CNAME=\"dtrsm_kernel_LN\" -DNO_AFFINITY -I.. -DDOUBLE  -UCOMPLEX -DTRSMKERNEL -UCOMPLEX -DDOUBLE -DUPPER -DLN -UCONJ ../kernel/x86_64/../generic/trsm_kernel_LN.c -o dtrsm_kernel_LN.o
cc -c -O2 -DMAX_STACK_ALLOC=2048 -Wall -m64 -DF_INTERFACE_GFORT -fPIC -DNO_LAPACK -DNO_LAPACKE -DSMP_SERVER -DNO_WARMUP -DMAX_CPU_NUMBER=4 -DMAX_PARALLEL_NUMBER=1 -DBUILD_SINGLE=1 -DBUILD_DOUBLE=1 -DBUILD_COMPLEX=1 -DBUILD_COMPLEX16=1 -DVERSION=\"0.3.17.dev\" -msse3 -mssse3 -msse4.1 -mavx -mavx2 -mavx2 -UASMNAME -UASMFNAME -UNAME -UCNAME -UCHAR_NAME -UCHAR_CNAME -DASMNAME=dtrsm_kernel_LT -DASMFNAME=dtrsm_kernel_LT_ -DNAME=dtrsm_kernel_LT_ -DCNAME=dtrsm_kernel_LT -DCHAR_NAME=\"dtrsm_kernel_LT_\" -DCHAR_CNAME=\"dtrsm_kernel_LT\" -DNO_AFFINITY -I.. -DDOUBLE  -UCOMPLEX -DTRSMKERNEL -UCOMPLEX -DDOUBLE -UUPPER -DLT -UCONJ ../kernel/x86_64/../generic/trsm_kernel_LT.c -o dtrsm_kernel_LT.o
cc -c -O2 -DMAX_STACK_ALLOC=2048 -Wall -m64 -DF_INTERFACE_GFORT -fPIC -DNO_LAPACK -DNO_LAPACKE -DSMP_SERVER -DNO_WARMUP -DMAX_CPU_NUMBER=4 -DMAX_PARALLEL_NUMBER=1 -DBUILD_SINGLE=1 -DBUILD_DOUBLE=1 -DBUILD_COMPLEX=1 -DBUILD_COMPLEX16=1 -DVERSION=\"0.3.17.dev\" -msse3 -mssse3 -msse4.1 -mavx -mavx2 -mavx2 -UASMNAME -UASMFNAME -UNAME -UCNAME -UCHAR_NAME -UCHAR_CNAME -DASMNAME=dtrsm_kernel_RN -DASMFNAME=dtrsm_kernel_RN_ -DNAME=dtrsm_kernel_RN_ -DCNAME=dtrsm_kernel_RN -DCHAR_NAME=\"dtrsm_kernel_RN_\" -DCHAR_CNAME=\"dtrsm_kernel_RN\" -DNO_AFFINITY -I.. -DDOUBLE  -UCOMPLEX -DTRSMKERNEL -UCOMPLEX -DDOUBLE -DUPPER -DRN -UCONJ ../kernel/x86_64/dtrsm_kernel_RN_haswell.c -o dtrsm_kernel_RN.o
cc -c -O2 -DMAX_STACK_ALLOC=2048 -Wall -m64 -DF_INTERFACE_GFORT -fPIC -DNO_LAPACK -DNO_LAPACKE -DSMP_SERVER -DNO_WARMUP -DMAX_CPU_NUMBER=4 -DMAX_PARALLEL_NUMBER=1 -DBUILD_SINGLE=1 -DBUILD_DOUBLE=1 -DBUILD_COMPLEX=1 -DBUILD_COMPLEX16=1 -DVERSION=\"0.3.17.dev\" -msse3 -mssse3 -msse4.1 -mavx -mavx2 -mavx2 -UASMNAME -UASMFNAME -UNAME -UCNAME -UCHAR_NAME -UCHAR_CNAME -DASMNAME=dtrsm_kernel_RT -DASMFNAME=dtrsm_kernel_RT_ -DNAME=dtrsm_kernel_RT_ -DCNAME=dtrsm_kernel_RT -DCHAR_NAME=\"dtrsm_kernel_RT_\" -DCHAR_CNAME=\"dtrsm_kernel_RT\" -DNO_AFFINITY -I.. -DDOUBLE  -UCOMPLEX -DTRSMKERNEL -UCOMPLEX -DDOUBLE -UUPPER -DRT -UCONJ ../kernel/x86_64/../generic/trsm_kernel_RT.c -o dtrsm_kernel_RT.o
cc -c -O2 -DMAX_STACK_ALLOC=2048 -Wall -m64 -DF_INTERFACE_GFORT -fPIC -DNO_LAPACK -DNO_LAPACKE -DSMP_SERVER -DNO_WARMUP -DMAX_CPU_NUMBER=4 -DMAX_PARALLEL_NUMBER=1 -DBUILD_SINGLE=1 -DBUILD_DOUBLE=1 -DBUILD_COMPLEX=1 -DBUILD_COMPLEX16=1 -DVERSION=\"0.3.17.dev\" -msse3 -mssse3 -msse4.1 -mavx -mavx2 -mavx2 -UASMNAME -UASMFNAME -UNAME -UCNAME -UCHAR_NAME -UCHAR_CNAME -DASMNAME=dtrmm_iunucopy -DASMFNAME=dtrmm_iunucopy_ -DNAME=dtrmm_iunucopy_ -DCNAME=dtrmm_iunucopy -DCHAR_NAME=\"dtrmm_iunucopy_\" -DCHAR_CNAME=\"dtrmm_iunucopy\" -DNO_AFFINITY -I.. -DDOUBLE  -UCOMPLEX -Wno-uninitialized -DDOUBLE -UCOMPLEX -UOUTER -ULOWER -DUNIT generic/trmm_uncopy_4.c -o dtrmm_iunucopy.o
cc -c -O2 -DMAX_STACK_ALLOC=2048 -Wall -m64 -DF_INTERFACE_GFORT -fPIC -DNO_LAPACK -DNO_LAPACKE -DSMP_SERVER -DNO_WARMUP -DMAX_CPU_NUMBER=4 -DMAX_PARALLEL_NUMBER=1 -DBUILD_SINGLE=1 -DBUILD_DOUBLE=1 -DBUILD_COMPLEX=1 -DBUILD_COMPLEX16=1 -DVERSION=\"0.3.17.dev\" -msse3 -mssse3 -msse4.1 -mavx -mavx2 -mavx2 -UASMNAME -UASMFNAME -UNAME -UCNAME -UCHAR_NAME -UCHAR_CNAME -DASMNAME=dtrmm_iunncopy -DASMFNAME=dtrmm_iunncopy_ -DNAME=dtrmm_iunncopy_ -DCNAME=dtrmm_iunncopy -DCHAR_NAME=\"dtrmm_iunncopy_\" -DCHAR_CNAME=\"dtrmm_iunncopy\" -DNO_AFFINITY -I.. -DDOUBLE  -UCOMPLEX -Wno-uninitialized -DDOUBLE -UCOMPLEX -UOUTER -ULOWER -UUNIT generic/trmm_uncopy_4.c -o dtrmm_iunncopy.o
cc -c -O2 -DMAX_STACK_ALLOC=2048 -Wall -m64 -DF_INTERFACE_GFORT -fPIC -DNO_LAPACK -DNO_LAPACKE -DSMP_SERVER -DNO_WARMUP -DMAX_CPU_NUMBER=4 -DMAX_PARALLEL_NUMBER=1 -DBUILD_SINGLE=1 -DBUILD_DOUBLE=1 -DBUILD_COMPLEX=1 -DBUILD_COMPLEX16=1 -DVERSION=\"0.3.17.dev\" -msse3 -mssse3 -msse4.1 -mavx -mavx2 -mavx2 -UASMNAME -UASMFNAME -UNAME -UCNAME -UCHAR_NAME -UCHAR_CNAME -DASMNAME=dtrmm_ilnucopy -DASMFNAME=dtrmm_ilnucopy_ -DNAME=dtrmm_ilnucopy_ -DCNAME=dtrmm_ilnucopy -DCHAR_NAME=\"dtrmm_ilnucopy_\" -DCHAR_CNAME=\"dtrmm_ilnucopy\" -DNO_AFFINITY -I.. -DDOUBLE  -UCOMPLEX -Wno-uninitialized -DDOUBLE -UCOMPLEX -UOUTER -DLOWER -DUNIT generic/trmm_lncopy_4.c -o dtrmm_ilnucopy.o
cc -c -O2 -DMAX_STACK_ALLOC=2048 -Wall -m64 -DF_INTERFACE_GFORT -fPIC -DNO_LAPACK -DNO_LAPACKE -DSMP_SERVER -DNO_WARMUP -DMAX_CPU_NUMBER=4 -DMAX_PARALLEL_NUMBER=1 -DBUILD_SINGLE=1 -DBUILD_DOUBLE=1 -DBUILD_COMPLEX=1 -DBUILD_COMPLEX16=1 -DVERSION=\"0.3.17.dev\" -msse3 -mssse3 -msse4.1 -mavx -mavx2 -mavx2 -UASMNAME -UASMFNAME -UNAME -UCNAME -UCHAR_NAME -UCHAR_CNAME -DASMNAME=dtrmm_ilnncopy -DASMFNAME=dtrmm_ilnncopy_ -DNAME=dtrmm_ilnncopy_ -DCNAME=dtrmm_ilnncopy -DCHAR_NAME=\"dtrmm_ilnncopy_\" -DCHAR_CNAME=\"dtrmm_ilnncopy\" -DNO_AFFINITY -I.. -DDOUBLE  -UCOMPLEX -Wno-uninitialized -DDOUBLE -UCOMPLEX -UOUTER -DLOWER -UUNIT generic/trmm_lncopy_4.c -o dtrmm_ilnncopy.o
cc -c -O2 -DMAX_STACK_ALLOC=2048 -Wall -m64 -DF_INTERFACE_GFORT -fPIC -DNO_LAPACK -DNO_LAPACKE -DSMP_SERVER -DNO_WARMUP -DMAX_CPU_NUMBER=4 -DMAX_PARALLEL_NUMBER=1 -DBUILD_SINGLE=1 -DBUILD_DOUBLE=1 -DBUILD_COMPLEX=1 -DBUILD_COMPLEX16=1 -DVERSION=\"0.3.17.dev\" -msse3 -mssse3 -msse4.1 -mavx -mavx2 -mavx2 -UASMNAME -UASMFNAME -UNAME -UCNAME -UCHAR_NAME -UCHAR_CNAME -DASMNAME=dtrmm_iutucopy -DASMFNAME=dtrmm_iutucopy_ -DNAME=dtrmm_iutucopy_ -DCNAME=dtrmm_iutucopy -DCHAR_NAME=\"dtrmm_iutucopy_\" -DCHAR_CNAME=\"dtrmm_iutucopy\" -DNO_AFFINITY -I.. -DDOUBLE  -UCOMPLEX -Wno-uninitialized -DDOUBLE -UCOMPLEX -UOUTER -ULOWER -DUNIT generic/trmm_utcopy_4.c -o dtrmm_iutucopy.o
cc -c -O2 -DMAX_STACK_ALLOC=2048 -Wall -m64 -DF_INTERFACE_GFORT -fPIC -DNO_LAPACK -DNO_LAPACKE -DSMP_SERVER -DNO_WARMUP -DMAX_CPU_NUMBER=4 -DMAX_PARALLEL_NUMBER=1 -DBUILD_SINGLE=1 -DBUILD_DOUBLE=1 -DBUILD_COMPLEX=1 -DBUILD_COMPLEX16=1 -DVERSION=\"0.3.17.dev\" -msse3 -mssse3 -msse4.1 -mavx -mavx2 -mavx2 -UASMNAME -UASMFNAME -UNAME -UCNAME -UCHAR_NAME -UCHAR_CNAME -DASMNAME=dtrmm_iutncopy -DASMFNAME=dtrmm_iutncopy_ -DNAME=dtrmm_iutncopy_ -DCNAME=dtrmm_iutncopy -DCHAR_NAME=\"dtrmm_iutncopy_\" -DCHAR_CNAME=\"dtrmm_iutncopy\" -DNO_AFFINITY -I.. -DDOUBLE  -UCOMPLEX -Wno-uninitialized -DDOUBLE -UCOMPLEX -UOUTER -ULOWER -UUNIT generic/trmm_utcopy_4.c -o dtrmm_iutncopy.o
cc -c -O2 -DMAX_STACK_ALLOC=2048 -Wall -m64 -DF_INTERFACE_GFORT -fPIC -DNO_LAPACK -DNO_LAPACKE -DSMP_SERVER -DNO_WARMUP -DMAX_CPU_NUMBER=4 -DMAX_PARALLEL_NUMBER=1 -DBUILD_SINGLE=1 -DBUILD_DOUBLE=1 -DBUILD_COMPLEX=1 -DBUILD_COMPLEX16=1 -DVERSION=\"0.3.17.dev\" -msse3 -mssse3 -msse4.1 -mavx -mavx2 -mavx2 -UASMNAME -UASMFNAME -UNAME -UCNAME -UCHAR_NAME -UCHAR_CNAME -DASMNAME=dtrmm_iltucopy -DASMFNAME=dtrmm_iltucopy_ -DNAME=dtrmm_iltucopy_ -DCNAME=dtrmm_iltucopy -DCHAR_NAME=\"dtrmm_iltucopy_\" -DCHAR_CNAME=\"dtrmm_iltucopy\" -DNO_AFFINITY -I.. -DDOUBLE  -UCOMPLEX -Wno-uninitialized -DDOUBLE -UCOMPLEX -UOUTER -DLOWER -DUNIT generic/trmm_ltcopy_4.c -o dtrmm_iltucopy.o
cc -c -O2 -DMAX_STACK_ALLOC=2048 -Wall -m64 -DF_INTERFACE_GFORT -fPIC -DNO_LAPACK -DNO_LAPACKE -DSMP_SERVER -DNO_WARMUP -DMAX_CPU_NUMBER=4 -DMAX_PARALLEL_NUMBER=1 -DBUILD_SINGLE=1 -DBUILD_DOUBLE=1 -DBUILD_COMPLEX=1 -DBUILD_COMPLEX16=1 -DVERSION=\"0.3.17.dev\" -msse3 -mssse3 -msse4.1 -mavx -mavx2 -mavx2 -UASMNAME -UASMFNAME -UNAME -UCNAME -UCHAR_NAME -UCHAR_CNAME -DASMNAME=dtrmm_iltncopy -DASMFNAME=dtrmm_iltncopy_ -DNAME=dtrmm_iltncopy_ -DCNAME=dtrmm_iltncopy -DCHAR_NAME=\"dtrmm_iltncopy_\" -DCHAR_CNAME=\"dtrmm_iltncopy\" -DNO_AFFINITY -I.. -DDOUBLE  -UCOMPLEX -Wno-uninitialized -DDOUBLE -UCOMPLEX -UOUTER -DLOWER -UUNIT generic/trmm_ltcopy_4.c -o dtrmm_iltncopy.o
cc -c -O2 -DMAX_STACK_ALLOC=2048 -Wall -m64 -DF_INTERFACE_GFORT -fPIC -DNO_LAPACK -DNO_LAPACKE -DSMP_SERVER -DNO_WARMUP -DMAX_CPU_NUMBER=4 -DMAX_PARALLEL_NUMBER=1 -DBUILD_SINGLE=1 -DBUILD_DOUBLE=1 -DBUILD_COMPLEX=1 -DBUILD_COMPLEX16=1 -DVERSION=\"0.3.17.dev\" -msse3 -mssse3 -msse4.1 -mavx -mavx2 -mavx2 -UASMNAME -UASMFNAME -UNAME -UCNAME -UCHAR_NAME -UCHAR_CNAME -DASMNAME=dtrmm_ounucopy -DASMFNAME=dtrmm_ounucopy_ -DNAME=dtrmm_ounucopy_ -DCNAME=dtrmm_ounucopy -DCHAR_NAME=\"dtrmm_ounucopy_\" -DCHAR_CNAME=\"dtrmm_ounucopy\" -DNO_AFFINITY -I.. -DDOUBLE  -UCOMPLEX -Wno-uninitialized -DDOUBLE -UCOMPLEX -DOUTER -ULOWER -DUNIT generic/trmm_uncopy_8.c -o dtrmm_ounucopy.o
cc -c -O2 -DMAX_STACK_ALLOC=2048 -Wall -m64 -DF_INTERFACE_GFORT -fPIC -DNO_LAPACK -DNO_LAPACKE -DSMP_SERVER -DNO_WARMUP -DMAX_CPU_NUMBER=4 -DMAX_PARALLEL_NUMBER=1 -DBUILD_SINGLE=1 -DBUILD_DOUBLE=1 -DBUILD_COMPLEX=1 -DBUILD_COMPLEX16=1 -DVERSION=\"0.3.17.dev\" -msse3 -mssse3 -msse4.1 -mavx -mavx2 -mavx2 -UASMNAME -UASMFNAME -UNAME -UCNAME -UCHAR_NAME -UCHAR_CNAME -DASMNAME=dtrmm_ounncopy -DASMFNAME=dtrmm_ounncopy_ -DNAME=dtrmm_ounncopy_ -DCNAME=dtrmm_ounncopy -DCHAR_NAME=\"dtrmm_ounncopy_\" -DCHAR_CNAME=\"dtrmm_ounncopy\" -DNO_AFFINITY -I.. -DDOUBLE  -UCOMPLEX -Wno-uninitialized -DDOUBLE -UCOMPLEX -DOUTER -ULOWER -UUNIT generic/trmm_uncopy_8.c -o dtrmm_ounncopy.o
cc -c -O2 -DMAX_STACK_ALLOC=2048 -Wall -m64 -DF_INTERFACE_GFORT -fPIC -DNO_LAPACK -DNO_LAPACKE -DSMP_SERVER -DNO_WARMUP -DMAX_CPU_NUMBER=4 -DMAX_PARALLEL_NUMBER=1 -DBUILD_SINGLE=1 -DBUILD_DOUBLE=1 -DBUILD_COMPLEX=1 -DBUILD_COMPLEX16=1 -DVERSION=\"0.3.17.dev\" -msse3 -mssse3 -msse4.1 -mavx -mavx2 -mavx2 -UASMNAME -UASMFNAME -UNAME -UCNAME -UCHAR_NAME -UCHAR_CNAME -DASMNAME=dtrmm_olnucopy -DASMFNAME=dtrmm_olnucopy_ -DNAME=dtrmm_olnucopy_ -DCNAME=dtrmm_olnucopy -DCHAR_NAME=\"dtrmm_olnucopy_\" -DCHAR_CNAME=\"dtrmm_olnucopy\" -DNO_AFFINITY -I.. -DDOUBLE  -UCOMPLEX -Wno-uninitialized -DDOUBLE -UCOMPLEX -DOUTER -DLOWER -DUNIT generic/trmm_lncopy_8.c -o dtrmm_olnucopy.o
cc -c -O2 -DMAX_STACK_ALLOC=2048 -Wall -m64 -DF_INTERFACE_GFORT -fPIC -DNO_LAPACK -DNO_LAPACKE -DSMP_SERVER -DNO_WARMUP -DMAX_CPU_NUMBER=4 -DMAX_PARALLEL_NUMBER=1 -DBUILD_SINGLE=1 -DBUILD_DOUBLE=1 -DBUILD_COMPLEX=1 -DBUILD_COMPLEX16=1 -DVERSION=\"0.3.17.dev\" -msse3 -mssse3 -msse4.1 -mavx -mavx2 -mavx2 -UASMNAME -UASMFNAME -UNAME -UCNAME -UCHAR_NAME -UCHAR_CNAME -DASMNAME=dtrmm_olnncopy -DASMFNAME=dtrmm_olnncopy_ -DNAME=dtrmm_olnncopy_ -DCNAME=dtrmm_olnncopy -DCHAR_NAME=\"dtrmm_olnncopy_\" -DCHAR_CNAME=\"dtrmm_olnncopy\" -DNO_AFFINITY -I.. -DDOUBLE  -UCOMPLEX -Wno-uninitialized -DDOUBLE -UCOMPLEX -DOUTER -DLOWER -UUNIT generic/trmm_lncopy_8.c -o dtrmm_olnncopy.o
cc -c -O2 -DMAX_STACK_ALLOC=2048 -Wall -m64 -DF_INTERFACE_GFORT -fPIC -DNO_LAPACK -DNO_LAPACKE -DSMP_SERVER -DNO_WARMUP -DMAX_CPU_NUMBER=4 -DMAX_PARALLEL_NUMBER=1 -DBUILD_SINGLE=1 -DBUILD_DOUBLE=1 -DBUILD_COMPLEX=1 -DBUILD_COMPLEX16=1 -DVERSION=\"0.3.17.dev\" -msse3 -mssse3 -msse4.1 -mavx -mavx2 -mavx2 -UASMNAME -UASMFNAME -UNAME -UCNAME -UCHAR_NAME -UCHAR_CNAME -DASMNAME=dtrmm_outucopy -DASMFNAME=dtrmm_outucopy_ -DNAME=dtrmm_outucopy_ -DCNAME=dtrmm_outucopy -DCHAR_NAME=\"dtrmm_outucopy_\" -DCHAR_CNAME=\"dtrmm_outucopy\" -DNO_AFFINITY -I.. -DDOUBLE  -UCOMPLEX -Wno-uninitialized -DDOUBLE -UCOMPLEX -DOUTER -ULOWER -DUNIT generic/trmm_utcopy_8.c -o dtrmm_outucopy.o
cc -c -O2 -DMAX_STACK_ALLOC=2048 -Wall -m64 -DF_INTERFACE_GFORT -fPIC -DNO_LAPACK -DNO_LAPACKE -DSMP_SERVER -DNO_WARMUP -DMAX_CPU_NUMBER=4 -DMAX_PARALLEL_NUMBER=1 -DBUILD_SINGLE=1 -DBUILD_DOUBLE=1 -DBUILD_COMPLEX=1 -DBUILD_COMPLEX16=1 -DVERSION=\"0.3.17.dev\" -msse3 -mssse3 -msse4.1 -mavx -mavx2 -mavx2 -UASMNAME -UASMFNAME -UNAME -UCNAME -UCHAR_NAME -UCHAR_CNAME -DASMNAME=dtrmm_outncopy -DASMFNAME=dtrmm_outncopy_ -DNAME=dtrmm_outncopy_ -DCNAME=dtrmm_outncopy -DCHAR_NAME=\"dtrmm_outncopy_\" -DCHAR_CNAME=\"dtrmm_outncopy\" -DNO_AFFINITY -I.. -DDOUBLE  -UCOMPLEX -Wno-uninitialized -DDOUBLE -UCOMPLEX -DOUTER -ULOWER -UUNIT generic/trmm_utcopy_8.c -o dtrmm_outncopy.o
cc -c -O2 -DMAX_STACK_ALLOC=2048 -Wall -m64 -DF_INTERFACE_GFORT -fPIC -DNO_LAPACK -DNO_LAPACKE -DSMP_SERVER -DNO_WARMUP -DMAX_CPU_NUMBER=4 -DMAX_PARALLEL_NUMBER=1 -DBUILD_SINGLE=1 -DBUILD_DOUBLE=1 -DBUILD_COMPLEX=1 -DBUILD_COMPLEX16=1 -DVERSION=\"0.3.17.dev\" -msse3 -mssse3 -msse4.1 -mavx -mavx2 -mavx2 -UASMNAME -UASMFNAME -UNAME -UCNAME -UCHAR_NAME -UCHAR_CNAME -DASMNAME=dtrmm_oltucopy -DASMFNAME=dtrmm_oltucopy_ -DNAME=dtrmm_oltucopy_ -DCNAME=dtrmm_oltucopy -DCHAR_NAME=\"dtrmm_oltucopy_\" -DCHAR_CNAME=\"dtrmm_oltucopy\" -DNO_AFFINITY -I.. -DDOUBLE  -UCOMPLEX -Wno-uninitialized -DDOUBLE -UCOMPLEX -DOUTER -DLOWER -DUNIT generic/trmm_ltcopy_8.c -o dtrmm_oltucopy.o
cc -c -O2 -DMAX_STACK_ALLOC=2048 -Wall -m64 -DF_INTERFACE_GFORT -fPIC -DNO_LAPACK -DNO_LAPACKE -DSMP_SERVER -DNO_WARMUP -DMAX_CPU_NUMBER=4 -DMAX_PARALLEL_NUMBER=1 -DBUILD_SINGLE=1 -DBUILD_DOUBLE=1 -DBUILD_COMPLEX=1 -DBUILD_COMPLEX16=1 -DVERSION=\"0.3.17.dev\" -msse3 -mssse3 -msse4.1 -mavx -mavx2 -mavx2 -UASMNAME -UASMFNAME -UNAME -UCNAME -UCHAR_NAME -UCHAR_CNAME -DASMNAME=dtrmm_oltncopy -DASMFNAME=dtrmm_oltncopy_ -DNAME=dtrmm_oltncopy_ -DCNAME=dtrmm_oltncopy -DCHAR_NAME=\"dtrmm_oltncopy_\" -DCHAR_CNAME=\"dtrmm_oltncopy\" -DNO_AFFINITY -I.. -DDOUBLE  -UCOMPLEX -Wno-uninitialized -DDOUBLE -UCOMPLEX -DOUTER -DLOWER -UUNIT generic/trmm_ltcopy_8.c -o dtrmm_oltncopy.o
cc -c -O2 -DMAX_STACK_ALLOC=2048 -Wall -m64 -DF_INTERFACE_GFORT -fPIC -DNO_LAPACK -DNO_LAPACKE -DSMP_SERVER -DNO_WARMUP -DMAX_CPU_NUMBER=4 -DMAX_PARALLEL_NUMBER=1 -DBUILD_SINGLE=1 -DBUILD_DOUBLE=1 -DBUILD_COMPLEX=1 -DBUILD_COMPLEX16=1 -DVERSION=\"0.3.17.dev\" -msse3 -mssse3 -msse4.1 -mavx -mavx2 -mavx2 -UASMNAME -UASMFNAME -UNAME -UCNAME -UCHAR_NAME -UCHAR_CNAME -DASMNAME=dtrsm_iunucopy -DASMFNAME=dtrsm_iunucopy_ -DNAME=dtrsm_iunucopy_ -DCNAME=dtrsm_iunucopy -DCHAR_NAME=\"dtrsm_iunucopy_\" -DCHAR_CNAME=\"dtrsm_iunucopy\" -DNO_AFFINITY -I.. -DDOUBLE  -UCOMPLEX -Wno-uninitialized -DDOUBLE -UCOMPLEX -UOUTER -ULOWER -DUNIT generic/trsm_uncopy_4.c -o dtrsm_iunucopy.o
cc -c -O2 -DMAX_STACK_ALLOC=2048 -Wall -m64 -DF_INTERFACE_GFORT -fPIC -DNO_LAPACK -DNO_LAPACKE -DSMP_SERVER -DNO_WARMUP -DMAX_CPU_NUMBER=4 -DMAX_PARALLEL_NUMBER=1 -DBUILD_SINGLE=1 -DBUILD_DOUBLE=1 -DBUILD_COMPLEX=1 -DBUILD_COMPLEX16=1 -DVERSION=\"0.3.17.dev\" -msse3 -mssse3 -msse4.1 -mavx -mavx2 -mavx2 -UASMNAME -UASMFNAME -UNAME -UCNAME -UCHAR_NAME -UCHAR_CNAME -DASMNAME=dtrsm_iunncopy -DASMFNAME=dtrsm_iunncopy_ -DNAME=dtrsm_iunncopy_ -DCNAME=dtrsm_iunncopy -DCHAR_NAME=\"dtrsm_iunncopy_\" -DCHAR_CNAME=\"dtrsm_iunncopy\" -DNO_AFFINITY -I.. -DDOUBLE  -UCOMPLEX -Wno-uninitialized -DDOUBLE -UCOMPLEX -UOUTER -ULOWER -UUNIT generic/trsm_uncopy_4.c -o dtrsm_iunncopy.o
cc -c -O2 -DMAX_STACK_ALLOC=2048 -Wall -m64 -DF_INTERFACE_GFORT -fPIC -DNO_LAPACK -DNO_LAPACKE -DSMP_SERVER -DNO_WARMUP -DMAX_CPU_NUMBER=4 -DMAX_PARALLEL_NUMBER=1 -DBUILD_SINGLE=1 -DBUILD_DOUBLE=1 -DBUILD_COMPLEX=1 -DBUILD_COMPLEX16=1 -DVERSION=\"0.3.17.dev\" -msse3 -mssse3 -msse4.1 -mavx -mavx2 -mavx2 -UASMNAME -UASMFNAME -UNAME -UCNAME -UCHAR_NAME -UCHAR_CNAME -DASMNAME=dtrsm_ilnucopy -DASMFNAME=dtrsm_ilnucopy_ -DNAME=dtrsm_ilnucopy_ -DCNAME=dtrsm_ilnucopy -DCHAR_NAME=\"dtrsm_ilnucopy_\" -DCHAR_CNAME=\"dtrsm_ilnucopy\" -DNO_AFFINITY -I.. -DDOUBLE  -UCOMPLEX -Wno-uninitialized -DDOUBLE -UCOMPLEX -UOUTER -DLOWER -DUNIT generic/trsm_lncopy_4.c -o dtrsm_ilnucopy.o
cc -c -O2 -DMAX_STACK_ALLOC=2048 -Wall -m64 -DF_INTERFACE_GFORT -fPIC -DNO_LAPACK -DNO_LAPACKE -DSMP_SERVER -DNO_WARMUP -DMAX_CPU_NUMBER=4 -DMAX_PARALLEL_NUMBER=1 -DBUILD_SINGLE=1 -DBUILD_DOUBLE=1 -DBUILD_COMPLEX=1 -DBUILD_COMPLEX16=1 -DVERSION=\"0.3.17.dev\" -msse3 -mssse3 -msse4.1 -mavx -mavx2 -mavx2 -UASMNAME -UASMFNAME -UNAME -UCNAME -UCHAR_NAME -UCHAR_CNAME -DASMNAME=dtrsm_ilnncopy -DASMFNAME=dtrsm_ilnncopy_ -DNAME=dtrsm_ilnncopy_ -DCNAME=dtrsm_ilnncopy -DCHAR_NAME=\"dtrsm_ilnncopy_\" -DCHAR_CNAME=\"dtrsm_ilnncopy\" -DNO_AFFINITY -I.. -DDOUBLE  -UCOMPLEX -Wno-uninitialized -DDOUBLE -UCOMPLEX -UOUTER -DLOWER -UUNIT generic/trsm_lncopy_4.c -o dtrsm_ilnncopy.o
cc -c -O2 -DMAX_STACK_ALLOC=2048 -Wall -m64 -DF_INTERFACE_GFORT -fPIC -DNO_LAPACK -DNO_LAPACKE -DSMP_SERVER -DNO_WARMUP -DMAX_CPU_NUMBER=4 -DMAX_PARALLEL_NUMBER=1 -DBUILD_SINGLE=1 -DBUILD_DOUBLE=1 -DBUILD_COMPLEX=1 -DBUILD_COMPLEX16=1 -DVERSION=\"0.3.17.dev\" -msse3 -mssse3 -msse4.1 -mavx -mavx2 -mavx2 -UASMNAME -UASMFNAME -UNAME -UCNAME -UCHAR_NAME -UCHAR_CNAME -DASMNAME=dtrsm_iutucopy -DASMFNAME=dtrsm_iutucopy_ -DNAME=dtrsm_iutucopy_ -DCNAME=dtrsm_iutucopy -DCHAR_NAME=\"dtrsm_iutucopy_\" -DCHAR_CNAME=\"dtrsm_iutucopy\" -DNO_AFFINITY -I.. -DDOUBLE  -UCOMPLEX -Wno-uninitialized -DDOUBLE -UCOMPLEX -UOUTER -ULOWER -DUNIT generic/trsm_utcopy_4.c -o dtrsm_iutucopy.o
cc -c -O2 -DMAX_STACK_ALLOC=2048 -Wall -m64 -DF_INTERFACE_GFORT -fPIC -DNO_LAPACK -DNO_LAPACKE -DSMP_SERVER -DNO_WARMUP -DMAX_CPU_NUMBER=4 -DMAX_PARALLEL_NUMBER=1 -DBUILD_SINGLE=1 -DBUILD_DOUBLE=1 -DBUILD_COMPLEX=1 -DBUILD_COMPLEX16=1 -DVERSION=\"0.3.17.dev\" -msse3 -mssse3 -msse4.1 -mavx -mavx2 -mavx2 -UASMNAME -UASMFNAME -UNAME -UCNAME -UCHAR_NAME -UCHAR_CNAME -DASMNAME=dtrsm_iutncopy -DASMFNAME=dtrsm_iutncopy_ -DNAME=dtrsm_iutncopy_ -DCNAME=dtrsm_iutncopy -DCHAR_NAME=\"dtrsm_iutncopy_\" -DCHAR_CNAME=\"dtrsm_iutncopy\" -DNO_AFFINITY -I.. -DDOUBLE  -UCOMPLEX -Wno-uninitialized -DDOUBLE -UCOMPLEX -UOUTER -ULOWER -UUNIT generic/trsm_utcopy_4.c -o dtrsm_iutncopy.o
cc -c -O2 -DMAX_STACK_ALLOC=2048 -Wall -m64 -DF_INTERFACE_GFORT -fPIC -DNO_LAPACK -DNO_LAPACKE -DSMP_SERVER -DNO_WARMUP -DMAX_CPU_NUMBER=4 -DMAX_PARALLEL_NUMBER=1 -DBUILD_SINGLE=1 -DBUILD_DOUBLE=1 -DBUILD_COMPLEX=1 -DBUILD_COMPLEX16=1 -DVERSION=\"0.3.17.dev\" -msse3 -mssse3 -msse4.1 -mavx -mavx2 -mavx2 -UASMNAME -UASMFNAME -UNAME -UCNAME -UCHAR_NAME -UCHAR_CNAME -DASMNAME=dtrsm_iltucopy -DASMFNAME=dtrsm_iltucopy_ -DNAME=dtrsm_iltucopy_ -DCNAME=dtrsm_iltucopy -DCHAR_NAME=\"dtrsm_iltucopy_\" -DCHAR_CNAME=\"dtrsm_iltucopy\" -DNO_AFFINITY -I.. -DDOUBLE  -UCOMPLEX -Wno-uninitialized -DDOUBLE -UCOMPLEX -UOUTER -DLOWER -DUNIT generic/trsm_ltcopy_4.c -o dtrsm_iltucopy.o
cc -c -O2 -DMAX_STACK_ALLOC=2048 -Wall -m64 -DF_INTERFACE_GFORT -fPIC -DNO_LAPACK -DNO_LAPACKE -DSMP_SERVER -DNO_WARMUP -DMAX_CPU_NUMBER=4 -DMAX_PARALLEL_NUMBER=1 -DBUILD_SINGLE=1 -DBUILD_DOUBLE=1 -DBUILD_COMPLEX=1 -DBUILD_COMPLEX16=1 -DVERSION=\"0.3.17.dev\" -msse3 -mssse3 -msse4.1 -mavx -mavx2 -mavx2 -UASMNAME -UASMFNAME -UNAME -UCNAME -UCHAR_NAME -UCHAR_CNAME -DASMNAME=dtrsm_iltncopy -DASMFNAME=dtrsm_iltncopy_ -DNAME=dtrsm_iltncopy_ -DCNAME=dtrsm_iltncopy -DCHAR_NAME=\"dtrsm_iltncopy_\" -DCHAR_CNAME=\"dtrsm_iltncopy\" -DNO_AFFINITY -I.. -DDOUBLE  -UCOMPLEX -Wno-uninitialized -DDOUBLE -UCOMPLEX -UOUTER -DLOWER -UUNIT generic/trsm_ltcopy_4.c -o dtrsm_iltncopy.o
cc -c -O2 -DMAX_STACK_ALLOC=2048 -Wall -m64 -DF_INTERFACE_GFORT -fPIC -DNO_LAPACK -DNO_LAPACKE -DSMP_SERVER -DNO_WARMUP -DMAX_CPU_NUMBER=4 -DMAX_PARALLEL_NUMBER=1 -DBUILD_SINGLE=1 -DBUILD_DOUBLE=1 -DBUILD_COMPLEX=1 -DBUILD_COMPLEX16=1 -DVERSION=\"0.3.17.dev\" -msse3 -mssse3 -msse4.1 -mavx -mavx2 -mavx2 -UASMNAME -UASMFNAME -UNAME -UCNAME -UCHAR_NAME -UCHAR_CNAME -DASMNAME=dtrsm_ounucopy -DASMFNAME=dtrsm_ounucopy_ -DNAME=dtrsm_ounucopy_ -DCNAME=dtrsm_ounucopy -DCHAR_NAME=\"dtrsm_ounucopy_\" -DCHAR_CNAME=\"dtrsm_ounucopy\" -DNO_AFFINITY -I.. -DDOUBLE  -UCOMPLEX -Wno-uninitialized -DDOUBLE -UCOMPLEX -DOUTER -ULOWER -DUNIT generic/trsm_uncopy_8.c -o dtrsm_ounucopy.o
cc -c -O2 -DMAX_STACK_ALLOC=2048 -Wall -m64 -DF_INTERFACE_GFORT -fPIC -DNO_LAPACK -DNO_LAPACKE -DSMP_SERVER -DNO_WARMUP -DMAX_CPU_NUMBER=4 -DMAX_PARALLEL_NUMBER=1 -DBUILD_SINGLE=1 -DBUILD_DOUBLE=1 -DBUILD_COMPLEX=1 -DBUILD_COMPLEX16=1 -DVERSION=\"0.3.17.dev\" -msse3 -mssse3 -msse4.1 -mavx -mavx2 -mavx2 -UASMNAME -UASMFNAME -UNAME -UCNAME -UCHAR_NAME -UCHAR_CNAME -DASMNAME=dtrsm_ounncopy -DASMFNAME=dtrsm_ounncopy_ -DNAME=dtrsm_ounncopy_ -DCNAME=dtrsm_ounncopy -DCHAR_NAME=\"dtrsm_ounncopy_\" -DCHAR_CNAME=\"dtrsm_ounncopy\" -DNO_AFFINITY -I.. -DDOUBLE  -UCOMPLEX -Wno-uninitialized -DDOUBLE -UCOMPLEX -DOUTER -ULOWER -UUNIT generic/trsm_uncopy_8.c -o dtrsm_ounncopy.o
cc -c -O2 -DMAX_STACK_ALLOC=2048 -Wall -m64 -DF_INTERFACE_GFORT -fPIC -DNO_LAPACK -DNO_LAPACKE -DSMP_SERVER -DNO_WARMUP -DMAX_CPU_NUMBER=4 -DMAX_PARALLEL_NUMBER=1 -DBUILD_SINGLE=1 -DBUILD_DOUBLE=1 -DBUILD_COMPLEX=1 -DBUILD_COMPLEX16=1 -DVERSION=\"0.3.17.dev\" -msse3 -mssse3 -msse4.1 -mavx -mavx2 -mavx2 -UASMNAME -UASMFNAME -UNAME -UCNAME -UCHAR_NAME -UCHAR_CNAME -DASMNAME=dtrsm_olnucopy -DASMFNAME=dtrsm_olnucopy_ -DNAME=dtrsm_olnucopy_ -DCNAME=dtrsm_olnucopy -DCHAR_NAME=\"dtrsm_olnucopy_\" -DCHAR_CNAME=\"dtrsm_olnucopy\" -DNO_AFFINITY -I.. -DDOUBLE  -UCOMPLEX -Wno-uninitialized -DDOUBLE -UCOMPLEX -DOUTER -DLOWER -DUNIT generic/trsm_lncopy_8.c -o dtrsm_olnucopy.o
cc -c -O2 -DMAX_STACK_ALLOC=2048 -Wall -m64 -DF_INTERFACE_GFORT -fPIC -DNO_LAPACK -DNO_LAPACKE -DSMP_SERVER -DNO_WARMUP -DMAX_CPU_NUMBER=4 -DMAX_PARALLEL_NUMBER=1 -DBUILD_SINGLE=1 -DBUILD_DOUBLE=1 -DBUILD_COMPLEX=1 -DBUILD_COMPLEX16=1 -DVERSION=\"0.3.17.dev\" -msse3 -mssse3 -msse4.1 -mavx -mavx2 -mavx2 -UASMNAME -UASMFNAME -UNAME -UCNAME -UCHAR_NAME -UCHAR_CNAME -DASMNAME=dtrsm_olnncopy -DASMFNAME=dtrsm_olnncopy_ -DNAME=dtrsm_olnncopy_ -DCNAME=dtrsm_olnncopy -DCHAR_NAME=\"dtrsm_olnncopy_\" -DCHAR_CNAME=\"dtrsm_olnncopy\" -DNO_AFFINITY -I.. -DDOUBLE  -UCOMPLEX -Wno-uninitialized -DDOUBLE -UCOMPLEX -DOUTER -DLOWER -UUNIT generic/trsm_lncopy_8.c -o dtrsm_olnncopy.o
cc -c -O2 -DMAX_STACK_ALLOC=2048 -Wall -m64 -DF_INTERFACE_GFORT -fPIC -DNO_LAPACK -DNO_LAPACKE -DSMP_SERVER -DNO_WARMUP -DMAX_CPU_NUMBER=4 -DMAX_PARALLEL_NUMBER=1 -DBUILD_SINGLE=1 -DBUILD_DOUBLE=1 -DBUILD_COMPLEX=1 -DBUILD_COMPLEX16=1 -DVERSION=\"0.3.17.dev\" -msse3 -mssse3 -msse4.1 -mavx -mavx2 -mavx2 -UASMNAME -UASMFNAME -UNAME -UCNAME -UCHAR_NAME -UCHAR_CNAME -DASMNAME=dtrsm_outucopy -DASMFNAME=dtrsm_outucopy_ -DNAME=dtrsm_outucopy_ -DCNAME=dtrsm_outucopy -DCHAR_NAME=\"dtrsm_outucopy_\" -DCHAR_CNAME=\"dtrsm_outucopy\" -DNO_AFFINITY -I.. -DDOUBLE  -UCOMPLEX -Wno-uninitialized -DDOUBLE -UCOMPLEX -DOUTER -ULOWER -DUNIT generic/trsm_utcopy_8.c -o dtrsm_outucopy.o
cc -c -O2 -DMAX_STACK_ALLOC=2048 -Wall -m64 -DF_INTERFACE_GFORT -fPIC -DNO_LAPACK -DNO_LAPACKE -DSMP_SERVER -DNO_WARMUP -DMAX_CPU_NUMBER=4 -DMAX_PARALLEL_NUMBER=1 -DBUILD_SINGLE=1 -DBUILD_DOUBLE=1 -DBUILD_COMPLEX=1 -DBUILD_COMPLEX16=1 -DVERSION=\"0.3.17.dev\" -msse3 -mssse3 -msse4.1 -mavx -mavx2 -mavx2 -UASMNAME -UASMFNAME -UNAME -UCNAME -UCHAR_NAME -UCHAR_CNAME -DASMNAME=dtrsm_outncopy -DASMFNAME=dtrsm_outncopy_ -DNAME=dtrsm_outncopy_ -DCNAME=dtrsm_outncopy -DCHAR_NAME=\"dtrsm_outncopy_\" -DCHAR_CNAME=\"dtrsm_outncopy\" -DNO_AFFINITY -I.. -DDOUBLE  -UCOMPLEX -Wno-uninitialized -DDOUBLE -UCOMPLEX -DOUTER -ULOWER -UUNIT generic/trsm_utcopy_8.c -o dtrsm_outncopy.o
cc -c -O2 -DMAX_STACK_ALLOC=2048 -Wall -m64 -DF_INTERFACE_GFORT -fPIC -DNO_LAPACK -DNO_LAPACKE -DSMP_SERVER -DNO_WARMUP -DMAX_CPU_NUMBER=4 -DMAX_PARALLEL_NUMBER=1 -DBUILD_SINGLE=1 -DBUILD_DOUBLE=1 -DBUILD_COMPLEX=1 -DBUILD_COMPLEX16=1 -DVERSION=\"0.3.17.dev\" -msse3 -mssse3 -msse4.1 -mavx -mavx2 -mavx2 -UASMNAME -UASMFNAME -UNAME -UCNAME -UCHAR_NAME -UCHAR_CNAME -DASMNAME=dtrsm_oltucopy -DASMFNAME=dtrsm_oltucopy_ -DNAME=dtrsm_oltucopy_ -DCNAME=dtrsm_oltucopy -DCHAR_NAME=\"dtrsm_oltucopy_\" -DCHAR_CNAME=\"dtrsm_oltucopy\" -DNO_AFFINITY -I.. -DDOUBLE  -UCOMPLEX -Wno-uninitialized -DDOUBLE -UCOMPLEX -DOUTER -DLOWER -DUNIT generic/trsm_ltcopy_8.c -o dtrsm_oltucopy.o
cc -c -O2 -DMAX_STACK_ALLOC=2048 -Wall -m64 -DF_INTERFACE_GFORT -fPIC -DNO_LAPACK -DNO_LAPACKE -DSMP_SERVER -DNO_WARMUP -DMAX_CPU_NUMBER=4 -DMAX_PARALLEL_NUMBER=1 -DBUILD_SINGLE=1 -DBUILD_DOUBLE=1 -DBUILD_COMPLEX=1 -DBUILD_COMPLEX16=1 -DVERSION=\"0.3.17.dev\" -msse3 -mssse3 -msse4.1 -mavx -mavx2 -mavx2 -UASMNAME -UASMFNAME -UNAME -UCNAME -UCHAR_NAME -UCHAR_CNAME -DASMNAME=dtrsm_oltncopy -DASMFNAME=dtrsm_oltncopy_ -DNAME=dtrsm_oltncopy_ -DCNAME=dtrsm_oltncopy -DCHAR_NAME=\"dtrsm_oltncopy_\" -DCHAR_CNAME=\"dtrsm_oltncopy\" -DNO_AFFINITY -I.. -DDOUBLE  -UCOMPLEX -Wno-uninitialized -DDOUBLE -UCOMPLEX -DOUTER -DLOWER -UUNIT generic/trsm_ltcopy_8.c -o dtrsm_oltncopy.o
cc -c -O2 -DMAX_STACK_ALLOC=2048 -Wall -m64 -DF_INTERFACE_GFORT -fPIC -DNO_LAPACK -DNO_LAPACKE -DSMP_SERVER -DNO_WARMUP -DMAX_CPU_NUMBER=4 -DMAX_PARALLEL_NUMBER=1 -DBUILD_SINGLE=1 -DBUILD_DOUBLE=1 -DBUILD_COMPLEX=1 -DBUILD_COMPLEX16=1 -DVERSION=\"0.3.17.dev\" -msse3 -mssse3 -msse4.1 -mavx -mavx2 -mavx2 -UASMNAME -UASMFNAME -UNAME -UCNAME -UCHAR_NAME -UCHAR_CNAME -DASMNAME=dsymm_iutcopy -DASMFNAME=dsymm_iutcopy_ -DNAME=dsymm_iutcopy_ -DCNAME=dsymm_iutcopy -DCHAR_NAME=\"dsymm_iutcopy_\" -DCHAR_CNAME=\"dsymm_iutcopy\" -DNO_AFFINITY -I.. -DDOUBLE  -UCOMPLEX -Wno-uninitialized -DDOUBLE -UCOMPLEX -UOUTER -ULOWER generic/symm_ucopy_4.c -o dsymm_iutcopy.o
cc -c -O2 -DMAX_STACK_ALLOC=2048 -Wall -m64 -DF_INTERFACE_GFORT -fPIC -DNO_LAPACK -DNO_LAPACKE -DSMP_SERVER -DNO_WARMUP -DMAX_CPU_NUMBER=4 -DMAX_PARALLEL_NUMBER=1 -DBUILD_SINGLE=1 -DBUILD_DOUBLE=1 -DBUILD_COMPLEX=1 -DBUILD_COMPLEX16=1 -DVERSION=\"0.3.17.dev\" -msse3 -mssse3 -msse4.1 -mavx -mavx2 -mavx2 -UASMNAME -UASMFNAME -UNAME -UCNAME -UCHAR_NAME -UCHAR_CNAME -DASMNAME=dsymm_iltcopy -DASMFNAME=dsymm_iltcopy_ -DNAME=dsymm_iltcopy_ -DCNAME=dsymm_iltcopy -DCHAR_NAME=\"dsymm_iltcopy_\" -DCHAR_CNAME=\"dsymm_iltcopy\" -DNO_AFFINITY -I.. -DDOUBLE  -UCOMPLEX -Wno-uninitialized -DDOUBLE -UCOMPLEX -UOUTER -DLOWER generic/symm_lcopy_4.c -o dsymm_iltcopy.o
cc -c -O2 -DMAX_STACK_ALLOC=2048 -Wall -m64 -DF_INTERFACE_GFORT -fPIC -DNO_LAPACK -DNO_LAPACKE -DSMP_SERVER -DNO_WARMUP -DMAX_CPU_NUMBER=4 -DMAX_PARALLEL_NUMBER=1 -DBUILD_SINGLE=1 -DBUILD_DOUBLE=1 -DBUILD_COMPLEX=1 -DBUILD_COMPLEX16=1 -DVERSION=\"0.3.17.dev\" -msse3 -mssse3 -msse4.1 -mavx -mavx2 -mavx2 -UASMNAME -UASMFNAME -UNAME -UCNAME -UCHAR_NAME -UCHAR_CNAME -DASMNAME=dsymm_outcopy -DASMFNAME=dsymm_outcopy_ -DNAME=dsymm_outcopy_ -DCNAME=dsymm_outcopy -DCHAR_NAME=\"dsymm_outcopy_\" -DCHAR_CNAME=\"dsymm_outcopy\" -DNO_AFFINITY -I.. -DDOUBLE  -UCOMPLEX -Wno-uninitialized -DDOUBLE -UCOMPLEX -DOUTER -ULOWER generic/symm_ucopy_8.c -o dsymm_outcopy.o
cc -c -O2 -DMAX_STACK_ALLOC=2048 -Wall -m64 -DF_INTERFACE_GFORT -fPIC -DNO_LAPACK -DNO_LAPACKE -DSMP_SERVER -DNO_WARMUP -DMAX_CPU_NUMBER=4 -DMAX_PARALLEL_NUMBER=1 -DBUILD_SINGLE=1 -DBUILD_DOUBLE=1 -DBUILD_COMPLEX=1 -DBUILD_COMPLEX16=1 -DVERSION=\"0.3.17.dev\" -msse3 -mssse3 -msse4.1 -mavx -mavx2 -mavx2 -UASMNAME -UASMFNAME -UNAME -UCNAME -UCHAR_NAME -UCHAR_CNAME -DASMNAME=dsymm_oltcopy -DASMFNAME=dsymm_oltcopy_ -DNAME=dsymm_oltcopy_ -DCNAME=dsymm_oltcopy -DCHAR_NAME=\"dsymm_oltcopy_\" -DCHAR_CNAME=\"dsymm_oltcopy\" -DNO_AFFINITY -I.. -DDOUBLE  -UCOMPLEX -Wno-uninitialized -DDOUBLE -UCOMPLEX -DOUTER -DLOWER generic/symm_lcopy_8.c -o dsymm_oltcopy.o
cc -O2 -DMAX_STACK_ALLOC=2048 -Wall -m64 -DF_INTERFACE_GFORT -fPIC -DNO_LAPACK -DNO_LAPACKE -DSMP_SERVER -DNO_WARMUP -DMAX_CPU_NUMBER=4 -DMAX_PARALLEL_NUMBER=1 -DBUILD_SINGLE=1 -DBUILD_DOUBLE=1 -DBUILD_COMPLEX=1 -DBUILD_COMPLEX16=1 -DVERSION=\"0.3.17.dev\" -msse3 -mssse3 -msse4.1 -mavx -mavx2 -mavx2 -UASMNAME -UASMFNAME -UNAME -UCNAME -UCHAR_NAME -UCHAR_CNAME -DASMNAME=domatcopy_k_cn -DASMFNAME=domatcopy_k_cn_ -DNAME=domatcopy_k_cn_ -DCNAME=domatcopy_k_cn -DCHAR_NAME=\"domatcopy_k_cn_\" -DCHAR_CNAME=\"domatcopy_k_cn\" -DNO_AFFINITY -I.. -DDOUBLE  -UCOMPLEX -c -DDOUBLE -UCOMPLEX -UROWM ../kernel/x86_64/../arm/omatcopy_cn.c -o domatcopy_k_cn.o
cc -O2 -DMAX_STACK_ALLOC=2048 -Wall -m64 -DF_INTERFACE_GFORT -fPIC -DNO_LAPACK -DNO_LAPACKE -DSMP_SERVER -DNO_WARMUP -DMAX_CPU_NUMBER=4 -DMAX_PARALLEL_NUMBER=1 -DBUILD_SINGLE=1 -DBUILD_DOUBLE=1 -DBUILD_COMPLEX=1 -DBUILD_COMPLEX16=1 -DVERSION=\"0.3.17.dev\" -msse3 -mssse3 -msse4.1 -mavx -mavx2 -mavx2 -UASMNAME -UASMFNAME -UNAME -UCNAME -UCHAR_NAME -UCHAR_CNAME -DASMNAME=domatcopy_k_rn -DASMFNAME=domatcopy_k_rn_ -DNAME=domatcopy_k_rn_ -DCNAME=domatcopy_k_rn -DCHAR_NAME=\"domatcopy_k_rn_\" -DCHAR_CNAME=\"domatcopy_k_rn\" -DNO_AFFINITY -I.. -DDOUBLE  -UCOMPLEX -c -DDOUBLE -UCOMPLEX -DROWM ../kernel/x86_64/../arm/omatcopy_rn.c -o domatcopy_k_rn.o
cc -O2 -DMAX_STACK_ALLOC=2048 -Wall -m64 -DF_INTERFACE_GFORT -fPIC -DNO_LAPACK -DNO_LAPACKE -DSMP_SERVER -DNO_WARMUP -DMAX_CPU_NUMBER=4 -DMAX_PARALLEL_NUMBER=1 -DBUILD_SINGLE=1 -DBUILD_DOUBLE=1 -DBUILD_COMPLEX=1 -DBUILD_COMPLEX16=1 -DVERSION=\"0.3.17.dev\" -msse3 -mssse3 -msse4.1 -mavx -mavx2 -mavx2 -UASMNAME -UASMFNAME -UNAME -UCNAME -UCHAR_NAME -UCHAR_CNAME -DASMNAME=domatcopy_k_ct -DASMFNAME=domatcopy_k_ct_ -DNAME=domatcopy_k_ct_ -DCNAME=domatcopy_k_ct -DCHAR_NAME=\"domatcopy_k_ct_\" -DCHAR_CNAME=\"domatcopy_k_ct\" -DNO_AFFINITY -I.. -DDOUBLE  -UCOMPLEX -c -DDOUBLE -UCOMPLEX -UROWM ../kernel/x86_64/../arm/omatcopy_ct.c -o domatcopy_k_ct.o
cc -O2 -DMAX_STACK_ALLOC=2048 -Wall -m64 -DF_INTERFACE_GFORT -fPIC -DNO_LAPACK -DNO_LAPACKE -DSMP_SERVER -DNO_WARMUP -DMAX_CPU_NUMBER=4 -DMAX_PARALLEL_NUMBER=1 -DBUILD_SINGLE=1 -DBUILD_DOUBLE=1 -DBUILD_COMPLEX=1 -DBUILD_COMPLEX16=1 -DVERSION=\"0.3.17.dev\" -msse3 -mssse3 -msse4.1 -mavx -mavx2 -mavx2 -UASMNAME -UASMFNAME -UNAME -UCNAME -UCHAR_NAME -UCHAR_CNAME -DASMNAME=domatcopy_k_rt -DASMFNAME=domatcopy_k_rt_ -DNAME=domatcopy_k_rt_ -DCNAME=domatcopy_k_rt -DCHAR_NAME=\"domatcopy_k_rt_\" -DCHAR_CNAME=\"domatcopy_k_rt\" -DNO_AFFINITY -I.. -DDOUBLE  -UCOMPLEX -c -DDOUBLE -UCOMPLEX -DROWM ../kernel/x86_64/../arm/omatcopy_rt.c -o domatcopy_k_rt.o
cc -O2 -DMAX_STACK_ALLOC=2048 -Wall -m64 -DF_INTERFACE_GFORT -fPIC -DNO_LAPACK -DNO_LAPACKE -DSMP_SERVER -DNO_WARMUP -DMAX_CPU_NUMBER=4 -DMAX_PARALLEL_NUMBER=1 -DBUILD_SINGLE=1 -DBUILD_DOUBLE=1 -DBUILD_COMPLEX=1 -DBUILD_COMPLEX16=1 -DVERSION=\"0.3.17.dev\" -msse3 -mssse3 -msse4.1 -mavx -mavx2 -mavx2 -UASMNAME -UASMFNAME -UNAME -UCNAME -UCHAR_NAME -UCHAR_CNAME -DASMNAME=dimatcopy_k_cn -DASMFNAME=dimatcopy_k_cn_ -DNAME=dimatcopy_k_cn_ -DCNAME=dimatcopy_k_cn -DCHAR_NAME=\"dimatcopy_k_cn_\" -DCHAR_CNAME=\"dimatcopy_k_cn\" -DNO_AFFINITY -I.. -DDOUBLE  -UCOMPLEX -c -DDOUBLE -UCOMPLEX -UROWM ../kernel/x86_64/../generic/imatcopy_cn.c -o dimatcopy_k_cn.o
cc -O2 -DMAX_STACK_ALLOC=2048 -Wall -m64 -DF_INTERFACE_GFORT -fPIC -DNO_LAPACK -DNO_LAPACKE -DSMP_SERVER -DNO_WARMUP -DMAX_CPU_NUMBER=4 -DMAX_PARALLEL_NUMBER=1 -DBUILD_SINGLE=1 -DBUILD_DOUBLE=1 -DBUILD_COMPLEX=1 -DBUILD_COMPLEX16=1 -DVERSION=\"0.3.17.dev\" -msse3 -mssse3 -msse4.1 -mavx -mavx2 -mavx2 -UASMNAME -UASMFNAME -UNAME -UCNAME -UCHAR_NAME -UCHAR_CNAME -DASMNAME=dimatcopy_k_rn -DASMFNAME=dimatcopy_k_rn_ -DNAME=dimatcopy_k_rn_ -DCNAME=dimatcopy_k_rn -DCHAR_NAME=\"dimatcopy_k_rn_\" -DCHAR_CNAME=\"dimatcopy_k_rn\" -DNO_AFFINITY -I.. -DDOUBLE  -UCOMPLEX -c -DDOUBLE -UCOMPLEX -DROWM ../kernel/x86_64/../generic/imatcopy_rn.c -o dimatcopy_k_rn.o
cc -O2 -DMAX_STACK_ALLOC=2048 -Wall -m64 -DF_INTERFACE_GFORT -fPIC -DNO_LAPACK -DNO_LAPACKE -DSMP_SERVER -DNO_WARMUP -DMAX_CPU_NUMBER=4 -DMAX_PARALLEL_NUMBER=1 -DBUILD_SINGLE=1 -DBUILD_DOUBLE=1 -DBUILD_COMPLEX=1 -DBUILD_COMPLEX16=1 -DVERSION=\"0.3.17.dev\" -msse3 -mssse3 -msse4.1 -mavx -mavx2 -mavx2 -UASMNAME -UASMFNAME -UNAME -UCNAME -UCHAR_NAME -UCHAR_CNAME -DASMNAME=dimatcopy_k_ct -DASMFNAME=dimatcopy_k_ct_ -DNAME=dimatcopy_k_ct_ -DCNAME=dimatcopy_k_ct -DCHAR_NAME=\"dimatcopy_k_ct_\" -DCHAR_CNAME=\"dimatcopy_k_ct\" -DNO_AFFINITY -I.. -DDOUBLE  -UCOMPLEX -c -DDOUBLE -UCOMPLEX -UROWM ../kernel/x86_64/../generic/imatcopy_ct.c -o dimatcopy_k_ct.o
cc -O2 -DMAX_STACK_ALLOC=2048 -Wall -m64 -DF_INTERFACE_GFORT -fPIC -DNO_LAPACK -DNO_LAPACKE -DSMP_SERVER -DNO_WARMUP -DMAX_CPU_NUMBER=4 -DMAX_PARALLEL_NUMBER=1 -DBUILD_SINGLE=1 -DBUILD_DOUBLE=1 -DBUILD_COMPLEX=1 -DBUILD_COMPLEX16=1 -DVERSION=\"0.3.17.dev\" -msse3 -mssse3 -msse4.1 -mavx -mavx2 -mavx2 -UASMNAME -UASMFNAME -UNAME -UCNAME -UCHAR_NAME -UCHAR_CNAME -DASMNAME=dimatcopy_k_rt -DASMFNAME=dimatcopy_k_rt_ -DNAME=dimatcopy_k_rt_ -DCNAME=dimatcopy_k_rt -DCHAR_NAME=\"dimatcopy_k_rt_\" -DCHAR_CNAME=\"dimatcopy_k_rt\" -DNO_AFFINITY -I.. -DDOUBLE  -UCOMPLEX -c -DDOUBLE -UCOMPLEX -DROWM ../kernel/x86_64/../generic/imatcopy_rt.c -o dimatcopy_k_rt.o
cc -O2 -DMAX_STACK_ALLOC=2048 -Wall -m64 -DF_INTERFACE_GFORT -fPIC -DNO_LAPACK -DNO_LAPACKE -DSMP_SERVER -DNO_WARMUP -DMAX_CPU_NUMBER=4 -DMAX_PARALLEL_NUMBER=1 -DBUILD_SINGLE=1 -DBUILD_DOUBLE=1 -DBUILD_COMPLEX=1 -DBUILD_COMPLEX16=1 -DVERSION=\"0.3.17.dev\" -msse3 -mssse3 -msse4.1 -mavx -mavx2 -mavx2 -UASMNAME -UASMFNAME -UNAME -UCNAME -UCHAR_NAME -UCHAR_CNAME -DASMNAME=dgeadd_k -DASMFNAME=dgeadd_k_ -DNAME=dgeadd_k_ -DCNAME=dgeadd_k -DCHAR_NAME=\"dgeadd_k_\" -DCHAR_CNAME=\"dgeadd_k\" -DNO_AFFINITY -I.. -DDOUBLE  -UCOMPLEX -c -DDOUBLE -UCOMPLEX -UROWM ../kernel/x86_64/../generic/geadd.c -o dgeadd_k.o
cc -c -O2 -DMAX_STACK_ALLOC=2048 -Wall -m64 -DF_INTERFACE_GFORT -fPIC -DNO_LAPACK -DNO_LAPACKE -DSMP_SERVER -DNO_WARMUP -DMAX_CPU_NUMBER=4 -DMAX_PARALLEL_NUMBER=1 -DBUILD_SINGLE=1 -DBUILD_DOUBLE=1 -DBUILD_COMPLEX=1 -DBUILD_COMPLEX16=1 -DVERSION=\"0.3.17.dev\" -msse3 -mssse3 -msse4.1 -mavx -mavx2 -mavx2 -UASMNAME -UASMFNAME -UNAME -UCNAME -UCHAR_NAME -UCHAR_CNAME -DASMNAME=camax_k -DASMFNAME=camax_k_ -DNAME=camax_k_ -DCNAME=camax_k -DCHAR_NAME=\"camax_k_\" -DCHAR_CNAME=\"camax_k\" -DNO_AFFINITY -I.. -UDOUBLE  -DCOMPLEX -DCOMPLEX -UDOUBLE  -DUSE_ABS -UUSE_MIN ../kernel/x86_64/zamax_sse.S -o camax_k.o
cc -c -O2 -DMAX_STACK_ALLOC=2048 -Wall -m64 -DF_INTERFACE_GFORT -fPIC -DNO_LAPACK -DNO_LAPACKE -DSMP_SERVER -DNO_WARMUP -DMAX_CPU_NUMBER=4 -DMAX_PARALLEL_NUMBER=1 -DBUILD_SINGLE=1 -DBUILD_DOUBLE=1 -DBUILD_COMPLEX=1 -DBUILD_COMPLEX16=1 -DVERSION=\"0.3.17.dev\" -msse3 -mssse3 -msse4.1 -mavx -mavx2 -mavx2 -UASMNAME -UASMFNAME -UNAME -UCNAME -UCHAR_NAME -UCHAR_CNAME -DASMNAME=camin_k -DASMFNAME=camin_k_ -DNAME=camin_k_ -DCNAME=camin_k -DCHAR_NAME=\"camin_k_\" -DCHAR_CNAME=\"camin_k\" -DNO_AFFINITY -I.. -UDOUBLE  -DCOMPLEX -DCOMPLEX -UDOUBLE -DUSE_ABS  -DUSE_MIN ../kernel/x86_64/zamax_sse.S -o camin_k.o
cc -c -O2 -DMAX_STACK_ALLOC=2048 -Wall -m64 -DF_INTERFACE_GFORT -fPIC -DNO_LAPACK -DNO_LAPACKE -DSMP_SERVER -DNO_WARMUP -DMAX_CPU_NUMBER=4 -DMAX_PARALLEL_NUMBER=1 -DBUILD_SINGLE=1 -DBUILD_DOUBLE=1 -DBUILD_COMPLEX=1 -DBUILD_COMPLEX16=1 -DVERSION=\"0.3.17.dev\" -msse3 -mssse3 -msse4.1 -mavx -mavx2 -mavx2 -UASMNAME -UASMFNAME -UNAME -UCNAME -UCHAR_NAME -UCHAR_CNAME -DASMNAME=icamax_k -DASMFNAME=icamax_k_ -DNAME=icamax_k_ -DCNAME=icamax_k -DCHAR_NAME=\"icamax_k_\" -DCHAR_CNAME=\"icamax_k\" -DNO_AFFINITY -I.. -UDOUBLE  -DCOMPLEX -DCOMPLEX -UDOUBLE -DUSE_ABS  -UUSE_MIN ../kernel/x86_64/izamax_sse.S -o icamax_k.o
cc -c -O2 -DMAX_STACK_ALLOC=2048 -Wall -m64 -DF_INTERFACE_GFORT -fPIC -DNO_LAPACK -DNO_LAPACKE -DSMP_SERVER -DNO_WARMUP -DMAX_CPU_NUMBER=4 -DMAX_PARALLEL_NUMBER=1 -DBUILD_SINGLE=1 -DBUILD_DOUBLE=1 -DBUILD_COMPLEX=1 -DBUILD_COMPLEX16=1 -DVERSION=\"0.3.17.dev\" -msse3 -mssse3 -msse4.1 -mavx -mavx2 -mavx2 -UASMNAME -UASMFNAME -UNAME -UCNAME -UCHAR_NAME -UCHAR_CNAME -DASMNAME=icamin_k -DASMFNAME=icamin_k_ -DNAME=icamin_k_ -DCNAME=icamin_k -DCHAR_NAME=\"icamin_k_\" -DCHAR_CNAME=\"icamin_k\" -DNO_AFFINITY -I.. -UDOUBLE  -DCOMPLEX -DCOMPLEX -UDOUBLE -DUSE_ABS  -DUSE_MIN ../kernel/x86_64/izamax_sse.S -o icamin_k.o
cc -c -O2 -DMAX_STACK_ALLOC=2048 -Wall -m64 -DF_INTERFACE_GFORT -fPIC -DNO_LAPACK -DNO_LAPACKE -DSMP_SERVER -DNO_WARMUP -DMAX_CPU_NUMBER=4 -DMAX_PARALLEL_NUMBER=1 -DBUILD_SINGLE=1 -DBUILD_DOUBLE=1 -DBUILD_COMPLEX=1 -DBUILD_COMPLEX16=1 -DVERSION=\"0.3.17.dev\" -msse3 -mssse3 -msse4.1 -mavx -mavx2 -mavx2 -UASMNAME -UASMFNAME -UNAME -UCNAME -UCHAR_NAME -UCHAR_CNAME -DASMNAME=casum_k -DASMFNAME=casum_k_ -DNAME=casum_k_ -DCNAME=casum_k -DCHAR_NAME=\"casum_k_\" -DCHAR_CNAME=\"casum_k\" -DNO_AFFINITY -I.. -UDOUBLE  -DCOMPLEX -DCOMPLEX -UDOUBLE ../kernel/x86_64/zasum_sse.S -o casum_k.o
cc -c -O2 -DMAX_STACK_ALLOC=2048 -Wall -m64 -DF_INTERFACE_GFORT -fPIC -DNO_LAPACK -DNO_LAPACKE -DSMP_SERVER -DNO_WARMUP -DMAX_CPU_NUMBER=4 -DMAX_PARALLEL_NUMBER=1 -DBUILD_SINGLE=1 -DBUILD_DOUBLE=1 -DBUILD_COMPLEX=1 -DBUILD_COMPLEX16=1 -DVERSION=\"0.3.17.dev\" -msse3 -mssse3 -msse4.1 -mavx -mavx2 -mavx2 -UASMNAME -UASMFNAME -UNAME -UCNAME -UCHAR_NAME -UCHAR_CNAME -DASMNAME=caxpy_k -DASMFNAME=caxpy_k_ -DNAME=caxpy_k_ -DCNAME=caxpy_k -DCHAR_NAME=\"caxpy_k_\" -DCHAR_CNAME=\"caxpy_k\" -DNO_AFFINITY -I.. -UDOUBLE  -DCOMPLEX -DCOMPLEX -DCOMPLEX -UCONJ -UDOUBLE ../kernel/x86_64/caxpy.c -o caxpy_k.o
cc -c -O2 -DMAX_STACK_ALLOC=2048 -Wall -m64 -DF_INTERFACE_GFORT -fPIC -DNO_LAPACK -DNO_LAPACKE -DSMP_SERVER -DNO_WARMUP -DMAX_CPU_NUMBER=4 -DMAX_PARALLEL_NUMBER=1 -DBUILD_SINGLE=1 -DBUILD_DOUBLE=1 -DBUILD_COMPLEX=1 -DBUILD_COMPLEX16=1 -DVERSION=\"0.3.17.dev\" -msse3 -mssse3 -msse4.1 -mavx -mavx2 -mavx2 -UASMNAME -UASMFNAME -UNAME -UCNAME -UCHAR_NAME -UCHAR_CNAME -DASMNAME=caxpyc_k -DASMFNAME=caxpyc_k_ -DNAME=caxpyc_k_ -DCNAME=caxpyc_k -DCHAR_NAME=\"caxpyc_k_\" -DCHAR_CNAME=\"caxpyc_k\" -DNO_AFFINITY -I.. -UDOUBLE  -DCOMPLEX -DCOMPLEX -DCONJ -UDOUBLE ../kernel/x86_64/caxpy.c -o caxpyc_k.o
cc -c -O2 -DMAX_STACK_ALLOC=2048 -Wall -m64 -DF_INTERFACE_GFORT -fPIC -DNO_LAPACK -DNO_LAPACKE -DSMP_SERVER -DNO_WARMUP -DMAX_CPU_NUMBER=4 -DMAX_PARALLEL_NUMBER=1 -DBUILD_SINGLE=1 -DBUILD_DOUBLE=1 -DBUILD_COMPLEX=1 -DBUILD_COMPLEX16=1 -DVERSION=\"0.3.17.dev\" -msse3 -mssse3 -msse4.1 -mavx -mavx2 -mavx2 -UASMNAME -UASMFNAME -UNAME -UCNAME -UCHAR_NAME -UCHAR_CNAME -DASMNAME=ccopy_k -DASMFNAME=ccopy_k_ -DNAME=ccopy_k_ -DCNAME=ccopy_k -DCHAR_NAME=\"ccopy_k_\" -DCHAR_CNAME=\"ccopy_k\" -DNO_AFFINITY -I.. -UDOUBLE  -DCOMPLEX -DCOMPLEX -UDOUBLE -DC_INTERFACE ../kernel/x86_64/zcopy_sse.S -o ccopy_k.o
cc -c -O2 -DMAX_STACK_ALLOC=2048 -Wall -m64 -DF_INTERFACE_GFORT -fPIC -DNO_LAPACK -DNO_LAPACKE -DSMP_SERVER -DNO_WARMUP -DMAX_CPU_NUMBER=4 -DMAX_PARALLEL_NUMBER=1 -DBUILD_SINGLE=1 -DBUILD_DOUBLE=1 -DBUILD_COMPLEX=1 -DBUILD_COMPLEX16=1 -DVERSION=\"0.3.17.dev\" -msse3 -mssse3 -msse4.1 -mavx -mavx2 -mavx2 -UASMNAME -UASMFNAME -UNAME -UCNAME -UCHAR_NAME -UCHAR_CNAME -DASMNAME=cdotc_k -DASMFNAME=cdotc_k_ -DNAME=cdotc_k_ -DCNAME=cdotc_k -DCHAR_NAME=\"cdotc_k_\" -DCHAR_CNAME=\"cdotc_k\" -DNO_AFFINITY -I.. -UDOUBLE  -DCOMPLEX -DCOMPLEX -UDOUBLE -DCONJ ../kernel/x86_64/cdot.c -o cdotc_k.o
cc -c -O2 -DMAX_STACK_ALLOC=2048 -Wall -m64 -DF_INTERFACE_GFORT -fPIC -DNO_LAPACK -DNO_LAPACKE -DSMP_SERVER -DNO_WARMUP -DMAX_CPU_NUMBER=4 -DMAX_PARALLEL_NUMBER=1 -DBUILD_SINGLE=1 -DBUILD_DOUBLE=1 -DBUILD_COMPLEX=1 -DBUILD_COMPLEX16=1 -DVERSION=\"0.3.17.dev\" -msse3 -mssse3 -msse4.1 -mavx -mavx2 -mavx2 -UASMNAME -UASMFNAME -UNAME -UCNAME -UCHAR_NAME -UCHAR_CNAME -DASMNAME=cdotu_k -DASMFNAME=cdotu_k_ -DNAME=cdotu_k_ -DCNAME=cdotu_k -DCHAR_NAME=\"cdotu_k_\" -DCHAR_CNAME=\"cdotu_k\" -DNO_AFFINITY -I.. -UDOUBLE  -DCOMPLEX -DCOMPLEX -UDOUBLE -UCONJ ../kernel/x86_64/cdot.c -o cdotu_k.o
cc -O2 -DMAX_STACK_ALLOC=2048 -Wall -m64 -DF_INTERFACE_GFORT -fPIC -DNO_LAPACK -DNO_LAPACKE -DSMP_SERVER -DNO_WARMUP -DMAX_CPU_NUMBER=4 -DMAX_PARALLEL_NUMBER=1 -DBUILD_SINGLE=1 -DBUILD_DOUBLE=1 -DBUILD_COMPLEX=1 -DBUILD_COMPLEX16=1 -DVERSION=\"0.3.17.dev\" -msse3 -mssse3 -msse4.1 -mavx -mavx2 -mavx2 -UASMNAME -UASMFNAME -UNAME -UCNAME -UCHAR_NAME -UCHAR_CNAME -DASMNAME=cnrm2_k -DASMFNAME=cnrm2_k_ -DNAME=cnrm2_k_ -DCNAME=cnrm2_k -DCHAR_NAME=\"cnrm2_k_\" -DCHAR_CNAME=\"cnrm2_k\" -DNO_AFFINITY -I.. -UDOUBLE  -DCOMPLEX -DCOMPLEX -c -UDOUBLE ../kernel/x86_64/znrm2_sse.S -o cnrm2_k.o
cc -c -O2 -DMAX_STACK_ALLOC=2048 -Wall -m64 -DF_INTERFACE_GFORT -fPIC -DNO_LAPACK -DNO_LAPACKE -DSMP_SERVER -DNO_WARMUP -DMAX_CPU_NUMBER=4 -DMAX_PARALLEL_NUMBER=1 -DBUILD_SINGLE=1 -DBUILD_DOUBLE=1 -DBUILD_COMPLEX=1 -DBUILD_COMPLEX16=1 -DVERSION=\"0.3.17.dev\" -msse3 -mssse3 -msse4.1 -mavx -mavx2 -mavx2 -UASMNAME -UASMFNAME -UNAME -UCNAME -UCHAR_NAME -UCHAR_CNAME -DASMNAME=csrot_k -DASMFNAME=csrot_k_ -DNAME=csrot_k_ -DCNAME=csrot_k -DCHAR_NAME=\"csrot_k_\" -DCHAR_CNAME=\"csrot_k\" -DNO_AFFINITY -I.. -UDOUBLE  -DCOMPLEX -DCOMPLEX -DCOMPLEX -UDOUBLE  ../kernel/x86_64/zrot_sse.S -o csrot_k.o
cc -c -O2 -DMAX_STACK_ALLOC=2048 -Wall -m64 -DF_INTERFACE_GFORT -fPIC -DNO_LAPACK -DNO_LAPACKE -DSMP_SERVER -DNO_WARMUP -DMAX_CPU_NUMBER=4 -DMAX_PARALLEL_NUMBER=1 -DBUILD_SINGLE=1 -DBUILD_DOUBLE=1 -DBUILD_COMPLEX=1 -DBUILD_COMPLEX16=1 -DVERSION=\"0.3.17.dev\" -msse3 -mssse3 -msse4.1 -mavx -mavx2 -mavx2 -UASMNAME -UASMFNAME -UNAME -UCNAME -UCHAR_NAME -UCHAR_CNAME -DASMNAME=cscal_k -DASMFNAME=cscal_k_ -DNAME=cscal_k_ -DCNAME=cscal_k -DCHAR_NAME=\"cscal_k_\" -DCHAR_CNAME=\"cscal_k\" -DNO_AFFINITY -I.. -UDOUBLE  -DCOMPLEX -DCOMPLEX -UDOUBLE ../kernel/x86_64/cscal.c -o cscal_k.o
cc -c -O2 -DMAX_STACK_ALLOC=2048 -Wall -m64 -DF_INTERFACE_GFORT -fPIC -DNO_LAPACK -DNO_LAPACKE -DSMP_SERVER -DNO_WARMUP -DMAX_CPU_NUMBER=4 -DMAX_PARALLEL_NUMBER=1 -DBUILD_SINGLE=1 -DBUILD_DOUBLE=1 -DBUILD_COMPLEX=1 -DBUILD_COMPLEX16=1 -DVERSION=\"0.3.17.dev\" -msse3 -mssse3 -msse4.1 -mavx -mavx2 -mavx2 -UASMNAME -UASMFNAME -UNAME -UCNAME -UCHAR_NAME -UCHAR_CNAME -DASMNAME=cswap_k -DASMFNAME=cswap_k_ -DNAME=cswap_k_ -DCNAME=cswap_k -DCHAR_NAME=\"cswap_k_\" -DCHAR_CNAME=\"cswap_k\" -DNO_AFFINITY -I.. -UDOUBLE  -DCOMPLEX -DCOMPLEX -UDOUBLE ../kernel/x86_64/zswap_sse.S -o cswap_k.o
cc -c -O2 -DMAX_STACK_ALLOC=2048 -Wall -m64 -DF_INTERFACE_GFORT -fPIC -DNO_LAPACK -DNO_LAPACKE -DSMP_SERVER -DNO_WARMUP -DMAX_CPU_NUMBER=4 -DMAX_PARALLEL_NUMBER=1 -DBUILD_SINGLE=1 -DBUILD_DOUBLE=1 -DBUILD_COMPLEX=1 -DBUILD_COMPLEX16=1 -DVERSION=\"0.3.17.dev\" -msse3 -mssse3 -msse4.1 -mavx -mavx2 -mavx2 -UASMNAME -UASMFNAME -UNAME -UCNAME -UCHAR_NAME -UCHAR_CNAME -DASMNAME=caxpby_k -DASMFNAME=caxpby_k_ -DNAME=caxpby_k_ -DCNAME=caxpby_k -DCHAR_NAME=\"caxpby_k_\" -DCHAR_CNAME=\"caxpby_k\" -DNO_AFFINITY -I.. -UDOUBLE  -DCOMPLEX -DCOMPLEX -UCONJ -UDOUBLE ../kernel/x86_64/../arm/zaxpby.c -o caxpby_k.o
cc -c -O2 -DMAX_STACK_ALLOC=2048 -Wall -m64 -DF_INTERFACE_GFORT -fPIC -DNO_LAPACK -DNO_LAPACKE -DSMP_SERVER -DNO_WARMUP -DMAX_CPU_NUMBER=4 -DMAX_PARALLEL_NUMBER=1 -DBUILD_SINGLE=1 -DBUILD_DOUBLE=1 -DBUILD_COMPLEX=1 -DBUILD_COMPLEX16=1 -DVERSION=\"0.3.17.dev\" -msse3 -mssse3 -msse4.1 -mavx -mavx2 -mavx2 -UASMNAME -UASMFNAME -UNAME -UCNAME -UCHAR_NAME -UCHAR_CNAME -DASMNAME=csum_k -DASMFNAME=csum_k_ -DNAME=csum_k_ -DCNAME=csum_k -DCHAR_NAME=\"csum_k_\" -DCHAR_CNAME=\"csum_k\" -DNO_AFFINITY -I.. -UDOUBLE  -DCOMPLEX -DCOMPLEX -UDOUBLE ../kernel/x86_64/zsum.S -o csum_k.o
cc -c -O2 -DMAX_STACK_ALLOC=2048 -Wall -m64 -DF_INTERFACE_GFORT -fPIC -DNO_LAPACK -DNO_LAPACKE -DSMP_SERVER -DNO_WARMUP -DMAX_CPU_NUMBER=4 -DMAX_PARALLEL_NUMBER=1 -DBUILD_SINGLE=1 -DBUILD_DOUBLE=1 -DBUILD_COMPLEX=1 -DBUILD_COMPLEX16=1 -DVERSION=\"0.3.17.dev\" -msse3 -mssse3 -msse4.1 -mavx -mavx2 -mavx2 -UASMNAME -UASMFNAME -UNAME -UCNAME -UCHAR_NAME -UCHAR_CNAME -DASMNAME=cgemv_n -DASMFNAME=cgemv_n_ -DNAME=cgemv_n_ -DCNAME=cgemv_n -DCHAR_NAME=\"cgemv_n_\" -DCHAR_CNAME=\"cgemv_n\" -DNO_AFFINITY -I.. -UDOUBLE  -DCOMPLEX -UDOUBLE  -DCOMPLEX -UDOUBLE -DCOMPLEX -UTRANS -UCONJ -UXCONJ ../kernel/x86_64/cgemv_n_4.c -o cgemv_n.o
cc -c -O2 -DMAX_STACK_ALLOC=2048 -Wall -m64 -DF_INTERFACE_GFORT -fPIC -DNO_LAPACK -DNO_LAPACKE -DSMP_SERVER -DNO_WARMUP -DMAX_CPU_NUMBER=4 -DMAX_PARALLEL_NUMBER=1 -DBUILD_SINGLE=1 -DBUILD_DOUBLE=1 -DBUILD_COMPLEX=1 -DBUILD_COMPLEX16=1 -DVERSION=\"0.3.17.dev\" -msse3 -mssse3 -msse4.1 -mavx -mavx2 -mavx2 -UASMNAME -UASMFNAME -UNAME -UCNAME -UCHAR_NAME -UCHAR_CNAME -DASMNAME=cgemv_t -DASMFNAME=cgemv_t_ -DNAME=cgemv_t_ -DCNAME=cgemv_t -DCHAR_NAME=\"cgemv_t_\" -DCHAR_CNAME=\"cgemv_t\" -DNO_AFFINITY -I.. -UDOUBLE  -DCOMPLEX -UDOUBLE  -DCOMPLEX -UDOUBLE -DCOMPLEX -DTRANS -UCONJ -UXCONJ ../kernel/x86_64/cgemv_t_4.c -o cgemv_t.o
cc -c -O2 -DMAX_STACK_ALLOC=2048 -Wall -m64 -DF_INTERFACE_GFORT -fPIC -DNO_LAPACK -DNO_LAPACKE -DSMP_SERVER -DNO_WARMUP -DMAX_CPU_NUMBER=4 -DMAX_PARALLEL_NUMBER=1 -DBUILD_SINGLE=1 -DBUILD_DOUBLE=1 -DBUILD_COMPLEX=1 -DBUILD_COMPLEX16=1 -DVERSION=\"0.3.17.dev\" -msse3 -mssse3 -msse4.1 -mavx -mavx2 -mavx2 -UASMNAME -UASMFNAME -UNAME -UCNAME -UCHAR_NAME -UCHAR_CNAME -DASMNAME=cgemv_r -DASMFNAME=cgemv_r_ -DNAME=cgemv_r_ -DCNAME=cgemv_r -DCHAR_NAME=\"cgemv_r_\" -DCHAR_CNAME=\"cgemv_r\" -DNO_AFFINITY -I.. -UDOUBLE  -DCOMPLEX -UDOUBLE  -DCOMPLEX -UDOUBLE -DCOMPLEX -UTRANS -DCONJ -UXCONJ ../kernel/x86_64/cgemv_n_4.c -o cgemv_r.o
cc -c -O2 -DMAX_STACK_ALLOC=2048 -Wall -m64 -DF_INTERFACE_GFORT -fPIC -DNO_LAPACK -DNO_LAPACKE -DSMP_SERVER -DNO_WARMUP -DMAX_CPU_NUMBER=4 -DMAX_PARALLEL_NUMBER=1 -DBUILD_SINGLE=1 -DBUILD_DOUBLE=1 -DBUILD_COMPLEX=1 -DBUILD_COMPLEX16=1 -DVERSION=\"0.3.17.dev\" -msse3 -mssse3 -msse4.1 -mavx -mavx2 -mavx2 -UASMNAME -UASMFNAME -UNAME -UCNAME -UCHAR_NAME -UCHAR_CNAME -DASMNAME=cgemv_c -DASMFNAME=cgemv_c_ -DNAME=cgemv_c_ -DCNAME=cgemv_c -DCHAR_NAME=\"cgemv_c_\" -DCHAR_CNAME=\"cgemv_c\" -DNO_AFFINITY -I.. -UDOUBLE  -DCOMPLEX -UDOUBLE  -DCOMPLEX -UDOUBLE -DCOMPLEX -DTRANS -DCONJ -UXCONJ ../kernel/x86_64/cgemv_t_4.c -o cgemv_c.o
cc -c -O2 -DMAX_STACK_ALLOC=2048 -Wall -m64 -DF_INTERFACE_GFORT -fPIC -DNO_LAPACK -DNO_LAPACKE -DSMP_SERVER -DNO_WARMUP -DMAX_CPU_NUMBER=4 -DMAX_PARALLEL_NUMBER=1 -DBUILD_SINGLE=1 -DBUILD_DOUBLE=1 -DBUILD_COMPLEX=1 -DBUILD_COMPLEX16=1 -DVERSION=\"0.3.17.dev\" -msse3 -mssse3 -msse4.1 -mavx -mavx2 -mavx2 -UASMNAME -UASMFNAME -UNAME -UCNAME -UCHAR_NAME -UCHAR_CNAME -DASMNAME=cgemv_o -DASMFNAME=cgemv_o_ -DNAME=cgemv_o_ -DCNAME=cgemv_o -DCHAR_NAME=\"cgemv_o_\" -DCHAR_CNAME=\"cgemv_o\" -DNO_AFFINITY -I.. -UDOUBLE  -DCOMPLEX -UDOUBLE  -DCOMPLEX -UDOUBLE -DCOMPLEX -UTRANS -UCONJ -DXCONJ ../kernel/x86_64/cgemv_n_4.c -o cgemv_o.o
cc -c -O2 -DMAX_STACK_ALLOC=2048 -Wall -m64 -DF_INTERFACE_GFORT -fPIC -DNO_LAPACK -DNO_LAPACKE -DSMP_SERVER -DNO_WARMUP -DMAX_CPU_NUMBER=4 -DMAX_PARALLEL_NUMBER=1 -DBUILD_SINGLE=1 -DBUILD_DOUBLE=1 -DBUILD_COMPLEX=1 -DBUILD_COMPLEX16=1 -DVERSION=\"0.3.17.dev\" -msse3 -mssse3 -msse4.1 -mavx -mavx2 -mavx2 -UASMNAME -UASMFNAME -UNAME -UCNAME -UCHAR_NAME -UCHAR_CNAME -DASMNAME=cgemv_u -DASMFNAME=cgemv_u_ -DNAME=cgemv_u_ -DCNAME=cgemv_u -DCHAR_NAME=\"cgemv_u_\" -DCHAR_CNAME=\"cgemv_u\" -DNO_AFFINITY -I.. -UDOUBLE  -DCOMPLEX -UDOUBLE  -DCOMPLEX -UDOUBLE -DCOMPLEX -DTRANS -UCONJ -DXCONJ ../kernel/x86_64/cgemv_t_4.c -o cgemv_u.o
cc -c -O2 -DMAX_STACK_ALLOC=2048 -Wall -m64 -DF_INTERFACE_GFORT -fPIC -DNO_LAPACK -DNO_LAPACKE -DSMP_SERVER -DNO_WARMUP -DMAX_CPU_NUMBER=4 -DMAX_PARALLEL_NUMBER=1 -DBUILD_SINGLE=1 -DBUILD_DOUBLE=1 -DBUILD_COMPLEX=1 -DBUILD_COMPLEX16=1 -DVERSION=\"0.3.17.dev\" -msse3 -mssse3 -msse4.1 -mavx -mavx2 -mavx2 -UASMNAME -UASMFNAME -UNAME -UCNAME -UCHAR_NAME -UCHAR_CNAME -DASMNAME=cgemv_s -DASMFNAME=cgemv_s_ -DNAME=cgemv_s_ -DCNAME=cgemv_s -DCHAR_NAME=\"cgemv_s_\" -DCHAR_CNAME=\"cgemv_s\" -DNO_AFFINITY -I.. -UDOUBLE  -DCOMPLEX -UDOUBLE  -DCOMPLEX -UDOUBLE -DCOMPLEX -UTRANS -DCONJ -DXCONJ ../kernel/x86_64/cgemv_n_4.c -o cgemv_s.o
cc -c -O2 -DMAX_STACK_ALLOC=2048 -Wall -m64 -DF_INTERFACE_GFORT -fPIC -DNO_LAPACK -DNO_LAPACKE -DSMP_SERVER -DNO_WARMUP -DMAX_CPU_NUMBER=4 -DMAX_PARALLEL_NUMBER=1 -DBUILD_SINGLE=1 -DBUILD_DOUBLE=1 -DBUILD_COMPLEX=1 -DBUILD_COMPLEX16=1 -DVERSION=\"0.3.17.dev\" -msse3 -mssse3 -msse4.1 -mavx -mavx2 -mavx2 -UASMNAME -UASMFNAME -UNAME -UCNAME -UCHAR_NAME -UCHAR_CNAME -DASMNAME=cgemv_d -DASMFNAME=cgemv_d_ -DNAME=cgemv_d_ -DCNAME=cgemv_d -DCHAR_NAME=\"cgemv_d_\" -DCHAR_CNAME=\"cgemv_d\" -DNO_AFFINITY -I.. -UDOUBLE  -DCOMPLEX -UDOUBLE  -DCOMPLEX -UDOUBLE -DCOMPLEX -DTRANS -DCONJ -DXCONJ ../kernel/x86_64/cgemv_t_4.c -o cgemv_d.o
cc -c -O2 -DMAX_STACK_ALLOC=2048 -Wall -m64 -DF_INTERFACE_GFORT -fPIC -DNO_LAPACK -DNO_LAPACKE -DSMP_SERVER -DNO_WARMUP -DMAX_CPU_NUMBER=4 -DMAX_PARALLEL_NUMBER=1 -DBUILD_SINGLE=1 -DBUILD_DOUBLE=1 -DBUILD_COMPLEX=1 -DBUILD_COMPLEX16=1 -DVERSION=\"0.3.17.dev\" -msse3 -mssse3 -msse4.1 -mavx -mavx2 -mavx2 -UASMNAME -UASMFNAME -UNAME -UCNAME -UCHAR_NAME -UCHAR_CNAME -DASMNAME=csymv_U -DASMFNAME=csymv_U_ -DNAME=csymv_U_ -DCNAME=csymv_U -DCHAR_NAME=\"csymv_U_\" -DCHAR_CNAME=\"csymv_U\" -DNO_AFFINITY -I.. -UDOUBLE  -DCOMPLEX -DCOMPLEX -UDOUBLE -ULOWER ../kernel/x86_64/../generic/zsymv_k.c -o csymv_U.o
cc -c -O2 -DMAX_STACK_ALLOC=2048 -Wall -m64 -DF_INTERFACE_GFORT -fPIC -DNO_LAPACK -DNO_LAPACKE -DSMP_SERVER -DNO_WARMUP -DMAX_CPU_NUMBER=4 -DMAX_PARALLEL_NUMBER=1 -DBUILD_SINGLE=1 -DBUILD_DOUBLE=1 -DBUILD_COMPLEX=1 -DBUILD_COMPLEX16=1 -DVERSION=\"0.3.17.dev\" -msse3 -mssse3 -msse4.1 -mavx -mavx2 -mavx2 -UASMNAME -UASMFNAME -UNAME -UCNAME -UCHAR_NAME -UCHAR_CNAME -DASMNAME=csymv_L -DASMFNAME=csymv_L_ -DNAME=csymv_L_ -DCNAME=csymv_L -DCHAR_NAME=\"csymv_L_\" -DCHAR_CNAME=\"csymv_L\" -DNO_AFFINITY -I.. -UDOUBLE  -DCOMPLEX -DCOMPLEX -UDOUBLE -DLOWER ../kernel/x86_64/../generic/zsymv_k.c -o csymv_L.o
cc -c -O2 -DMAX_STACK_ALLOC=2048 -Wall -m64 -DF_INTERFACE_GFORT -fPIC -DNO_LAPACK -DNO_LAPACKE -DSMP_SERVER -DNO_WARMUP -DMAX_CPU_NUMBER=4 -DMAX_PARALLEL_NUMBER=1 -DBUILD_SINGLE=1 -DBUILD_DOUBLE=1 -DBUILD_COMPLEX=1 -DBUILD_COMPLEX16=1 -DVERSION=\"0.3.17.dev\" -msse3 -mssse3 -msse4.1 -mavx -mavx2 -mavx2 -UASMNAME -UASMFNAME -UNAME -UCNAME -UCHAR_NAME -UCHAR_CNAME -DASMNAME=chemv_U -DASMFNAME=chemv_U_ -DNAME=chemv_U_ -DCNAME=chemv_U -DCHAR_NAME=\"chemv_U_\" -DCHAR_CNAME=\"chemv_U\" -DNO_AFFINITY -I.. -UDOUBLE  -DCOMPLEX -DCOMPLEX -UDOUBLE -ULOWER -DHEMV ../kernel/x86_64/../generic/zhemv_k.c -o chemv_U.o
cc -c -O2 -DMAX_STACK_ALLOC=2048 -Wall -m64 -DF_INTERFACE_GFORT -fPIC -DNO_LAPACK -DNO_LAPACKE -DSMP_SERVER -DNO_WARMUP -DMAX_CPU_NUMBER=4 -DMAX_PARALLEL_NUMBER=1 -DBUILD_SINGLE=1 -DBUILD_DOUBLE=1 -DBUILD_COMPLEX=1 -DBUILD_COMPLEX16=1 -DVERSION=\"0.3.17.dev\" -msse3 -mssse3 -msse4.1 -mavx -mavx2 -mavx2 -UASMNAME -UASMFNAME -UNAME -UCNAME -UCHAR_NAME -UCHAR_CNAME -DASMNAME=chemv_L -DASMFNAME=chemv_L_ -DNAME=chemv_L_ -DCNAME=chemv_L -DCHAR_NAME=\"chemv_L_\" -DCHAR_CNAME=\"chemv_L\" -DNO_AFFINITY -I.. -UDOUBLE  -DCOMPLEX -DCOMPLEX -UDOUBLE -DLOWER -DHEMV ../kernel/x86_64/../generic/zhemv_k.c -o chemv_L.o
cc -c -O2 -DMAX_STACK_ALLOC=2048 -Wall -m64 -DF_INTERFACE_GFORT -fPIC -DNO_LAPACK -DNO_LAPACKE -DSMP_SERVER -DNO_WARMUP -DMAX_CPU_NUMBER=4 -DMAX_PARALLEL_NUMBER=1 -DBUILD_SINGLE=1 -DBUILD_DOUBLE=1 -DBUILD_COMPLEX=1 -DBUILD_COMPLEX16=1 -DVERSION=\"0.3.17.dev\" -msse3 -mssse3 -msse4.1 -mavx -mavx2 -mavx2 -UASMNAME -UASMFNAME -UNAME -UCNAME -UCHAR_NAME -UCHAR_CNAME -DASMNAME=chemv_V -DASMFNAME=chemv_V_ -DNAME=chemv_V_ -DCNAME=chemv_V -DCHAR_NAME=\"chemv_V_\" -DCHAR_CNAME=\"chemv_V\" -DNO_AFFINITY -I.. -UDOUBLE  -DCOMPLEX -DCOMPLEX -UDOUBLE -ULOWER -DHEMV -DHEMVREV ../kernel/x86_64/../generic/zhemv_k.c -o chemv_V.o
cc -c -O2 -DMAX_STACK_ALLOC=2048 -Wall -m64 -DF_INTERFACE_GFORT -fPIC -DNO_LAPACK -DNO_LAPACKE -DSMP_SERVER -DNO_WARMUP -DMAX_CPU_NUMBER=4 -DMAX_PARALLEL_NUMBER=1 -DBUILD_SINGLE=1 -DBUILD_DOUBLE=1 -DBUILD_COMPLEX=1 -DBUILD_COMPLEX16=1 -DVERSION=\"0.3.17.dev\" -msse3 -mssse3 -msse4.1 -mavx -mavx2 -mavx2 -UASMNAME -UASMFNAME -UNAME -UCNAME -UCHAR_NAME -UCHAR_CNAME -DASMNAME=chemv_M -DASMFNAME=chemv_M_ -DNAME=chemv_M_ -DCNAME=chemv_M -DCHAR_NAME=\"chemv_M_\" -DCHAR_CNAME=\"chemv_M\" -DNO_AFFINITY -I.. -UDOUBLE  -DCOMPLEX -DCOMPLEX -UDOUBLE -DLOWER -DHEMV -DHEMVREV ../kernel/x86_64/../generic/zhemv_k.c -o chemv_M.o
cc -c -O2 -DMAX_STACK_ALLOC=2048 -Wall -m64 -DF_INTERFACE_GFORT -fPIC -DNO_LAPACK -DNO_LAPACKE -DSMP_SERVER -DNO_WARMUP -DMAX_CPU_NUMBER=4 -DMAX_PARALLEL_NUMBER=1 -DBUILD_SINGLE=1 -DBUILD_DOUBLE=1 -DBUILD_COMPLEX=1 -DBUILD_COMPLEX16=1 -DVERSION=\"0.3.17.dev\" -msse3 -mssse3 -msse4.1 -mavx -mavx2 -mavx2 -UASMNAME -UASMFNAME -UNAME -UCNAME -UCHAR_NAME -UCHAR_CNAME -DASMNAME=cgeru_k -DASMFNAME=cgeru_k_ -DNAME=cgeru_k_ -DCNAME=cgeru_k -DCHAR_NAME=\"cgeru_k_\" -DCHAR_CNAME=\"cgeru_k\" -DNO_AFFINITY -I.. -UDOUBLE  -DCOMPLEX -UDOUBLE -UCONJ ../kernel/x86_64/../generic/zger.c -o cgeru_k.o
cc -c -O2 -DMAX_STACK_ALLOC=2048 -Wall -m64 -DF_INTERFACE_GFORT -fPIC -DNO_LAPACK -DNO_LAPACKE -DSMP_SERVER -DNO_WARMUP -DMAX_CPU_NUMBER=4 -DMAX_PARALLEL_NUMBER=1 -DBUILD_SINGLE=1 -DBUILD_DOUBLE=1 -DBUILD_COMPLEX=1 -DBUILD_COMPLEX16=1 -DVERSION=\"0.3.17.dev\" -msse3 -mssse3 -msse4.1 -mavx -mavx2 -mavx2 -UASMNAME -UASMFNAME -UNAME -UCNAME -UCHAR_NAME -UCHAR_CNAME -DASMNAME=cgerc_k -DASMFNAME=cgerc_k_ -DNAME=cgerc_k_ -DCNAME=cgerc_k -DCHAR_NAME=\"cgerc_k_\" -DCHAR_CNAME=\"cgerc_k\" -DNO_AFFINITY -I.. -UDOUBLE  -DCOMPLEX -UDOUBLE -DCONJ ../kernel/x86_64/../generic/zger.c -o cgerc_k.o
cc -c -O2 -DMAX_STACK_ALLOC=2048 -Wall -m64 -DF_INTERFACE_GFORT -fPIC -DNO_LAPACK -DNO_LAPACKE -DSMP_SERVER -DNO_WARMUP -DMAX_CPU_NUMBER=4 -DMAX_PARALLEL_NUMBER=1 -DBUILD_SINGLE=1 -DBUILD_DOUBLE=1 -DBUILD_COMPLEX=1 -DBUILD_COMPLEX16=1 -DVERSION=\"0.3.17.dev\" -msse3 -mssse3 -msse4.1 -mavx -mavx2 -mavx2 -UASMNAME -UASMFNAME -UNAME -UCNAME -UCHAR_NAME -UCHAR_CNAME -DASMNAME=cgerv_k -DASMFNAME=cgerv_k_ -DNAME=cgerv_k_ -DCNAME=cgerv_k -DCHAR_NAME=\"cgerv_k_\" -DCHAR_CNAME=\"cgerv_k\" -DNO_AFFINITY -I.. -UDOUBLE  -DCOMPLEX -UDOUBLE -UCONJ -DXCONJ ../kernel/x86_64/../generic/zger.c -o cgerv_k.o
cc -c -O2 -DMAX_STACK_ALLOC=2048 -Wall -m64 -DF_INTERFACE_GFORT -fPIC -DNO_LAPACK -DNO_LAPACKE -DSMP_SERVER -DNO_WARMUP -DMAX_CPU_NUMBER=4 -DMAX_PARALLEL_NUMBER=1 -DBUILD_SINGLE=1 -DBUILD_DOUBLE=1 -DBUILD_COMPLEX=1 -DBUILD_COMPLEX16=1 -DVERSION=\"0.3.17.dev\" -msse3 -mssse3 -msse4.1 -mavx -mavx2 -mavx2 -UASMNAME -UASMFNAME -UNAME -UCNAME -UCHAR_NAME -UCHAR_CNAME -DASMNAME=cgerd_k -DASMFNAME=cgerd_k_ -DNAME=cgerd_k_ -DCNAME=cgerd_k -DCHAR_NAME=\"cgerd_k_\" -DCHAR_CNAME=\"cgerd_k\" -DNO_AFFINITY -I.. -UDOUBLE  -DCOMPLEX -UDOUBLE -DCONJ -DXCONJ ../kernel/x86_64/../generic/zger.c -o cgerd_k.o
cc -O2 -DMAX_STACK_ALLOC=2048 -Wall -m64 -DF_INTERFACE_GFORT -fPIC -DNO_LAPACK -DNO_LAPACKE -DSMP_SERVER -DNO_WARMUP -DMAX_CPU_NUMBER=4 -DMAX_PARALLEL_NUMBER=1 -DBUILD_SINGLE=1 -DBUILD_DOUBLE=1 -DBUILD_COMPLEX=1 -DBUILD_COMPLEX16=1 -DVERSION=\"0.3.17.dev\" -msse3 -mssse3 -msse4.1 -mavx -mavx2 -mavx2 -UASMNAME -UASMFNAME -UNAME -UCNAME -UCHAR_NAME -UCHAR_CNAME -DASMNAME=cgemm_kernel_n -DASMFNAME=cgemm_kernel_n_ -DNAME=cgemm_kernel_n_ -DCNAME=cgemm_kernel_n -DCHAR_NAME=\"cgemm_kernel_n_\" -DCHAR_CNAME=\"cgemm_kernel_n\" -DNO_AFFINITY -I.. -UDOUBLE  -DCOMPLEX -c -UDOUBLE -DCOMPLEX -DNN ../kernel/x86_64/cgemm_kernel_8x2_haswell.c -o cgemm_kernel_n.o
cc -O2 -DMAX_STACK_ALLOC=2048 -Wall -m64 -DF_INTERFACE_GFORT -fPIC -DNO_LAPACK -DNO_LAPACKE -DSMP_SERVER -DNO_WARMUP -DMAX_CPU_NUMBER=4 -DMAX_PARALLEL_NUMBER=1 -DBUILD_SINGLE=1 -DBUILD_DOUBLE=1 -DBUILD_COMPLEX=1 -DBUILD_COMPLEX16=1 -DVERSION=\"0.3.17.dev\" -msse3 -mssse3 -msse4.1 -mavx -mavx2 -mavx2 -UASMNAME -UASMFNAME -UNAME -UCNAME -UCHAR_NAME -UCHAR_CNAME -DASMNAME=cgemm_kernel_r -DASMFNAME=cgemm_kernel_r_ -DNAME=cgemm_kernel_r_ -DCNAME=cgemm_kernel_r -DCHAR_NAME=\"cgemm_kernel_r_\" -DCHAR_CNAME=\"cgemm_kernel_r\" -DNO_AFFINITY -I.. -UDOUBLE  -DCOMPLEX -c -UDOUBLE -DCOMPLEX -DNC ../kernel/x86_64/cgemm_kernel_8x2_haswell.c -o cgemm_kernel_r.o
cc -O2 -DMAX_STACK_ALLOC=2048 -Wall -m64 -DF_INTERFACE_GFORT -fPIC -DNO_LAPACK -DNO_LAPACKE -DSMP_SERVER -DNO_WARMUP -DMAX_CPU_NUMBER=4 -DMAX_PARALLEL_NUMBER=1 -DBUILD_SINGLE=1 -DBUILD_DOUBLE=1 -DBUILD_COMPLEX=1 -DBUILD_COMPLEX16=1 -DVERSION=\"0.3.17.dev\" -msse3 -mssse3 -msse4.1 -mavx -mavx2 -mavx2 -UASMNAME -UASMFNAME -UNAME -UCNAME -UCHAR_NAME -UCHAR_CNAME -DASMNAME=cgemm_kernel_l -DASMFNAME=cgemm_kernel_l_ -DNAME=cgemm_kernel_l_ -DCNAME=cgemm_kernel_l -DCHAR_NAME=\"cgemm_kernel_l_\" -DCHAR_CNAME=\"cgemm_kernel_l\" -DNO_AFFINITY -I.. -UDOUBLE  -DCOMPLEX -c -UDOUBLE -DCOMPLEX -DCN ../kernel/x86_64/cgemm_kernel_8x2_haswell.c -o cgemm_kernel_l.o
cc -O2 -DMAX_STACK_ALLOC=2048 -Wall -m64 -DF_INTERFACE_GFORT -fPIC -DNO_LAPACK -DNO_LAPACKE -DSMP_SERVER -DNO_WARMUP -DMAX_CPU_NUMBER=4 -DMAX_PARALLEL_NUMBER=1 -DBUILD_SINGLE=1 -DBUILD_DOUBLE=1 -DBUILD_COMPLEX=1 -DBUILD_COMPLEX16=1 -DVERSION=\"0.3.17.dev\" -msse3 -mssse3 -msse4.1 -mavx -mavx2 -mavx2 -UASMNAME -UASMFNAME -UNAME -UCNAME -UCHAR_NAME -UCHAR_CNAME -DASMNAME=cgemm_kernel_b -DASMFNAME=cgemm_kernel_b_ -DNAME=cgemm_kernel_b_ -DCNAME=cgemm_kernel_b -DCHAR_NAME=\"cgemm_kernel_b_\" -DCHAR_CNAME=\"cgemm_kernel_b\" -DNO_AFFINITY -I.. -UDOUBLE  -DCOMPLEX -c -UDOUBLE -DCOMPLEX -DCC ../kernel/x86_64/cgemm_kernel_8x2_haswell.c -o cgemm_kernel_b.o
cc -O2 -DMAX_STACK_ALLOC=2048 -Wall -m64 -DF_INTERFACE_GFORT -fPIC -DNO_LAPACK -DNO_LAPACKE -DSMP_SERVER -DNO_WARMUP -DMAX_CPU_NUMBER=4 -DMAX_PARALLEL_NUMBER=1 -DBUILD_SINGLE=1 -DBUILD_DOUBLE=1 -DBUILD_COMPLEX=1 -DBUILD_COMPLEX16=1 -DVERSION=\"0.3.17.dev\" -msse3 -mssse3 -msse4.1 -mavx -mavx2 -mavx2 -UASMNAME -UASMFNAME -UNAME -UCNAME -UCHAR_NAME -UCHAR_CNAME -DASMNAME=cgemm_incopy -DASMFNAME=cgemm_incopy_ -DNAME=cgemm_incopy_ -DCNAME=cgemm_incopy -DCHAR_NAME=\"cgemm_incopy_\" -DCHAR_CNAME=\"cgemm_incopy\" -DNO_AFFINITY -I.. -UDOUBLE  -DCOMPLEX -c -UDOUBLE -UCOMPLEX ../kernel/x86_64/../generic/zgemm_ncopy_8.c -o cgemm_incopy.o
cc -O2 -DMAX_STACK_ALLOC=2048 -Wall -m64 -DF_INTERFACE_GFORT -fPIC -DNO_LAPACK -DNO_LAPACKE -DSMP_SERVER -DNO_WARMUP -DMAX_CPU_NUMBER=4 -DMAX_PARALLEL_NUMBER=1 -DBUILD_SINGLE=1 -DBUILD_DOUBLE=1 -DBUILD_COMPLEX=1 -DBUILD_COMPLEX16=1 -DVERSION=\"0.3.17.dev\" -msse3 -mssse3 -msse4.1 -mavx -mavx2 -mavx2 -UASMNAME -UASMFNAME -UNAME -UCNAME -UCHAR_NAME -UCHAR_CNAME -DASMNAME=cgemm_itcopy -DASMFNAME=cgemm_itcopy_ -DNAME=cgemm_itcopy_ -DCNAME=cgemm_itcopy -DCHAR_NAME=\"cgemm_itcopy_\" -DCHAR_CNAME=\"cgemm_itcopy\" -DNO_AFFINITY -I.. -UDOUBLE  -DCOMPLEX -c -UDOUBLE -UCOMPLEX ../kernel/x86_64/../generic/zgemm_tcopy_8.c -o cgemm_itcopy.o
cc -O2 -DMAX_STACK_ALLOC=2048 -Wall -m64 -DF_INTERFACE_GFORT -fPIC -DNO_LAPACK -DNO_LAPACKE -DSMP_SERVER -DNO_WARMUP -DMAX_CPU_NUMBER=4 -DMAX_PARALLEL_NUMBER=1 -DBUILD_SINGLE=1 -DBUILD_DOUBLE=1 -DBUILD_COMPLEX=1 -DBUILD_COMPLEX16=1 -DVERSION=\"0.3.17.dev\" -msse3 -mssse3 -msse4.1 -mavx -mavx2 -mavx2 -UASMNAME -UASMFNAME -UNAME -UCNAME -UCHAR_NAME -UCHAR_CNAME -DASMNAME=cgemm_oncopy -DASMFNAME=cgemm_oncopy_ -DNAME=cgemm_oncopy_ -DCNAME=cgemm_oncopy -DCHAR_NAME=\"cgemm_oncopy_\" -DCHAR_CNAME=\"cgemm_oncopy\" -DNO_AFFINITY -I.. -UDOUBLE  -DCOMPLEX -c -UDOUBLE -UCOMPLEX ../kernel/x86_64/../generic/zgemm_ncopy_2.c -o cgemm_oncopy.o
cc -O2 -DMAX_STACK_ALLOC=2048 -Wall -m64 -DF_INTERFACE_GFORT -fPIC -DNO_LAPACK -DNO_LAPACKE -DSMP_SERVER -DNO_WARMUP -DMAX_CPU_NUMBER=4 -DMAX_PARALLEL_NUMBER=1 -DBUILD_SINGLE=1 -DBUILD_DOUBLE=1 -DBUILD_COMPLEX=1 -DBUILD_COMPLEX16=1 -DVERSION=\"0.3.17.dev\" -msse3 -mssse3 -msse4.1 -mavx -mavx2 -mavx2 -UASMNAME -UASMFNAME -UNAME -UCNAME -UCHAR_NAME -UCHAR_CNAME -DASMNAME=cgemm_otcopy -DASMFNAME=cgemm_otcopy_ -DNAME=cgemm_otcopy_ -DCNAME=cgemm_otcopy -DCHAR_NAME=\"cgemm_otcopy_\" -DCHAR_CNAME=\"cgemm_otcopy\" -DNO_AFFINITY -I.. -UDOUBLE  -DCOMPLEX -c -UDOUBLE -UCOMPLEX ../kernel/x86_64/../generic/zgemm_tcopy_2.c -o cgemm_otcopy.o
cc -O2 -DMAX_STACK_ALLOC=2048 -Wall -m64 -DF_INTERFACE_GFORT -fPIC -DNO_LAPACK -DNO_LAPACKE -DSMP_SERVER -DNO_WARMUP -DMAX_CPU_NUMBER=4 -DMAX_PARALLEL_NUMBER=1 -DBUILD_SINGLE=1 -DBUILD_DOUBLE=1 -DBUILD_COMPLEX=1 -DBUILD_COMPLEX16=1 -DVERSION=\"0.3.17.dev\" -msse3 -mssse3 -msse4.1 -mavx -mavx2 -mavx2 -UASMNAME -UASMFNAME -UNAME -UCNAME -UCHAR_NAME -UCHAR_CNAME -DASMNAME=ctrmm_kernel_LN -DASMFNAME=ctrmm_kernel_LN_ -DNAME=ctrmm_kernel_LN_ -DCNAME=ctrmm_kernel_LN -DCHAR_NAME=\"ctrmm_kernel_LN_\" -DCHAR_CNAME=\"ctrmm_kernel_LN\" -DNO_AFFINITY -I.. -UDOUBLE  -DCOMPLEX -c -DTRMMKERNEL -UDOUBLE -DCOMPLEX -DLEFT -UTRANSA -UCONJ -DNN ../kernel/x86_64/cgemm_kernel_8x2_haswell.S -o ctrmm_kernel_LN.o
cc -O2 -DMAX_STACK_ALLOC=2048 -Wall -m64 -DF_INTERFACE_GFORT -fPIC -DNO_LAPACK -DNO_LAPACKE -DSMP_SERVER -DNO_WARMUP -DMAX_CPU_NUMBER=4 -DMAX_PARALLEL_NUMBER=1 -DBUILD_SINGLE=1 -DBUILD_DOUBLE=1 -DBUILD_COMPLEX=1 -DBUILD_COMPLEX16=1 -DVERSION=\"0.3.17.dev\" -msse3 -mssse3 -msse4.1 -mavx -mavx2 -mavx2 -UASMNAME -UASMFNAME -UNAME -UCNAME -UCHAR_NAME -UCHAR_CNAME -DASMNAME=ctrmm_kernel_LT -DASMFNAME=ctrmm_kernel_LT_ -DNAME=ctrmm_kernel_LT_ -DCNAME=ctrmm_kernel_LT -DCHAR_NAME=\"ctrmm_kernel_LT_\" -DCHAR_CNAME=\"ctrmm_kernel_LT\" -DNO_AFFINITY -I.. -UDOUBLE  -DCOMPLEX -c -DTRMMKERNEL -UDOUBLE -DCOMPLEX -DLEFT -DTRANSA -UCONJ -DNN ../kernel/x86_64/cgemm_kernel_8x2_haswell.S -o ctrmm_kernel_LT.o
cc -O2 -DMAX_STACK_ALLOC=2048 -Wall -m64 -DF_INTERFACE_GFORT -fPIC -DNO_LAPACK -DNO_LAPACKE -DSMP_SERVER -DNO_WARMUP -DMAX_CPU_NUMBER=4 -DMAX_PARALLEL_NUMBER=1 -DBUILD_SINGLE=1 -DBUILD_DOUBLE=1 -DBUILD_COMPLEX=1 -DBUILD_COMPLEX16=1 -DVERSION=\"0.3.17.dev\" -msse3 -mssse3 -msse4.1 -mavx -mavx2 -mavx2 -UASMNAME -UASMFNAME -UNAME -UCNAME -UCHAR_NAME -UCHAR_CNAME -DASMNAME=ctrmm_kernel_LR -DASMFNAME=ctrmm_kernel_LR_ -DNAME=ctrmm_kernel_LR_ -DCNAME=ctrmm_kernel_LR -DCHAR_NAME=\"ctrmm_kernel_LR_\" -DCHAR_CNAME=\"ctrmm_kernel_LR\" -DNO_AFFINITY -I.. -UDOUBLE  -DCOMPLEX -c -DTRMMKERNEL -UDOUBLE -DCOMPLEX -DLEFT -UTRANSA -DCONJ -DCN ../kernel/x86_64/cgemm_kernel_8x2_haswell.S -o ctrmm_kernel_LR.o
cc -O2 -DMAX_STACK_ALLOC=2048 -Wall -m64 -DF_INTERFACE_GFORT -fPIC -DNO_LAPACK -DNO_LAPACKE -DSMP_SERVER -DNO_WARMUP -DMAX_CPU_NUMBER=4 -DMAX_PARALLEL_NUMBER=1 -DBUILD_SINGLE=1 -DBUILD_DOUBLE=1 -DBUILD_COMPLEX=1 -DBUILD_COMPLEX16=1 -DVERSION=\"0.3.17.dev\" -msse3 -mssse3 -msse4.1 -mavx -mavx2 -mavx2 -UASMNAME -UASMFNAME -UNAME -UCNAME -UCHAR_NAME -UCHAR_CNAME -DASMNAME=ctrmm_kernel_LC -DASMFNAME=ctrmm_kernel_LC_ -DNAME=ctrmm_kernel_LC_ -DCNAME=ctrmm_kernel_LC -DCHAR_NAME=\"ctrmm_kernel_LC_\" -DCHAR_CNAME=\"ctrmm_kernel_LC\" -DNO_AFFINITY -I.. -UDOUBLE  -DCOMPLEX -c -DTRMMKERNEL -UDOUBLE -DCOMPLEX -DLEFT -DTRANSA -DCONJ -DCN ../kernel/x86_64/cgemm_kernel_8x2_haswell.S -o ctrmm_kernel_LC.o
cc -O2 -DMAX_STACK_ALLOC=2048 -Wall -m64 -DF_INTERFACE_GFORT -fPIC -DNO_LAPACK -DNO_LAPACKE -DSMP_SERVER -DNO_WARMUP -DMAX_CPU_NUMBER=4 -DMAX_PARALLEL_NUMBER=1 -DBUILD_SINGLE=1 -DBUILD_DOUBLE=1 -DBUILD_COMPLEX=1 -DBUILD_COMPLEX16=1 -DVERSION=\"0.3.17.dev\" -msse3 -mssse3 -msse4.1 -mavx -mavx2 -mavx2 -UASMNAME -UASMFNAME -UNAME -UCNAME -UCHAR_NAME -UCHAR_CNAME -DASMNAME=ctrmm_kernel_RN -DASMFNAME=ctrmm_kernel_RN_ -DNAME=ctrmm_kernel_RN_ -DCNAME=ctrmm_kernel_RN -DCHAR_NAME=\"ctrmm_kernel_RN_\" -DCHAR_CNAME=\"ctrmm_kernel_RN\" -DNO_AFFINITY -I.. -UDOUBLE  -DCOMPLEX -c -DTRMMKERNEL -UDOUBLE -DCOMPLEX -ULEFT -UTRANSA -UCONJ -DNN ../kernel/x86_64/cgemm_kernel_8x2_haswell.S -o ctrmm_kernel_RN.o
cc -O2 -DMAX_STACK_ALLOC=2048 -Wall -m64 -DF_INTERFACE_GFORT -fPIC -DNO_LAPACK -DNO_LAPACKE -DSMP_SERVER -DNO_WARMUP -DMAX_CPU_NUMBER=4 -DMAX_PARALLEL_NUMBER=1 -DBUILD_SINGLE=1 -DBUILD_DOUBLE=1 -DBUILD_COMPLEX=1 -DBUILD_COMPLEX16=1 -DVERSION=\"0.3.17.dev\" -msse3 -mssse3 -msse4.1 -mavx -mavx2 -mavx2 -UASMNAME -UASMFNAME -UNAME -UCNAME -UCHAR_NAME -UCHAR_CNAME -DASMNAME=ctrmm_kernel_RT -DASMFNAME=ctrmm_kernel_RT_ -DNAME=ctrmm_kernel_RT_ -DCNAME=ctrmm_kernel_RT -DCHAR_NAME=\"ctrmm_kernel_RT_\" -DCHAR_CNAME=\"ctrmm_kernel_RT\" -DNO_AFFINITY -I.. -UDOUBLE  -DCOMPLEX -c -DTRMMKERNEL -UDOUBLE -DCOMPLEX -ULEFT -DTRANSA -UCONJ -DNN ../kernel/x86_64/cgemm_kernel_8x2_haswell.S -o ctrmm_kernel_RT.o
cc -O2 -DMAX_STACK_ALLOC=2048 -Wall -m64 -DF_INTERFACE_GFORT -fPIC -DNO_LAPACK -DNO_LAPACKE -DSMP_SERVER -DNO_WARMUP -DMAX_CPU_NUMBER=4 -DMAX_PARALLEL_NUMBER=1 -DBUILD_SINGLE=1 -DBUILD_DOUBLE=1 -DBUILD_COMPLEX=1 -DBUILD_COMPLEX16=1 -DVERSION=\"0.3.17.dev\" -msse3 -mssse3 -msse4.1 -mavx -mavx2 -mavx2 -UASMNAME -UASMFNAME -UNAME -UCNAME -UCHAR_NAME -UCHAR_CNAME -DASMNAME=ctrmm_kernel_RR -DASMFNAME=ctrmm_kernel_RR_ -DNAME=ctrmm_kernel_RR_ -DCNAME=ctrmm_kernel_RR -DCHAR_NAME=\"ctrmm_kernel_RR_\" -DCHAR_CNAME=\"ctrmm_kernel_RR\" -DNO_AFFINITY -I.. -UDOUBLE  -DCOMPLEX -c -DTRMMKERNEL -UDOUBLE -DCOMPLEX -ULEFT -UTRANSA -DCONJ -DNC ../kernel/x86_64/cgemm_kernel_8x2_haswell.S -o ctrmm_kernel_RR.o
cc -O2 -DMAX_STACK_ALLOC=2048 -Wall -m64 -DF_INTERFACE_GFORT -fPIC -DNO_LAPACK -DNO_LAPACKE -DSMP_SERVER -DNO_WARMUP -DMAX_CPU_NUMBER=4 -DMAX_PARALLEL_NUMBER=1 -DBUILD_SINGLE=1 -DBUILD_DOUBLE=1 -DBUILD_COMPLEX=1 -DBUILD_COMPLEX16=1 -DVERSION=\"0.3.17.dev\" -msse3 -mssse3 -msse4.1 -mavx -mavx2 -mavx2 -UASMNAME -UASMFNAME -UNAME -UCNAME -UCHAR_NAME -UCHAR_CNAME -DASMNAME=ctrmm_kernel_RC -DASMFNAME=ctrmm_kernel_RC_ -DNAME=ctrmm_kernel_RC_ -DCNAME=ctrmm_kernel_RC -DCHAR_NAME=\"ctrmm_kernel_RC_\" -DCHAR_CNAME=\"ctrmm_kernel_RC\" -DNO_AFFINITY -I.. -UDOUBLE  -DCOMPLEX -c -DTRMMKERNEL -UDOUBLE -DCOMPLEX -ULEFT -DTRANSA -DCONJ -DNC ../kernel/x86_64/cgemm_kernel_8x2_haswell.S -o ctrmm_kernel_RC.o
cc -O2 -DMAX_STACK_ALLOC=2048 -Wall -m64 -DF_INTERFACE_GFORT -fPIC -DNO_LAPACK -DNO_LAPACKE -DSMP_SERVER -DNO_WARMUP -DMAX_CPU_NUMBER=4 -DMAX_PARALLEL_NUMBER=1 -DBUILD_SINGLE=1 -DBUILD_DOUBLE=1 -DBUILD_COMPLEX=1 -DBUILD_COMPLEX16=1 -DVERSION=\"0.3.17.dev\" -msse3 -mssse3 -msse4.1 -mavx -mavx2 -mavx2 -UASMNAME -UASMFNAME -UNAME -UCNAME -UCHAR_NAME -UCHAR_CNAME -DASMNAME=cgemm_beta -DASMFNAME=cgemm_beta_ -DNAME=cgemm_beta_ -DCNAME=cgemm_beta -DCHAR_NAME=\"cgemm_beta_\" -DCHAR_CNAME=\"cgemm_beta\" -DNO_AFFINITY -I.. -UDOUBLE  -DCOMPLEX -c -UDOUBLE -DCOMPLEX ../kernel/x86_64/zgemm_beta.S -o cgemm_beta.o
cc -c -O2 -DMAX_STACK_ALLOC=2048 -Wall -m64 -DF_INTERFACE_GFORT -fPIC -DNO_LAPACK -DNO_LAPACKE -DSMP_SERVER -DNO_WARMUP -DMAX_CPU_NUMBER=4 -DMAX_PARALLEL_NUMBER=1 -DBUILD_SINGLE=1 -DBUILD_DOUBLE=1 -DBUILD_COMPLEX=1 -DBUILD_COMPLEX16=1 -DVERSION=\"0.3.17.dev\" -msse3 -mssse3 -msse4.1 -mavx -mavx2 -mavx2 -UASMNAME -UASMFNAME -UNAME -UCNAME -UCHAR_NAME -UCHAR_CNAME -DASMNAME=ctrsm_kernel_LN -DASMFNAME=ctrsm_kernel_LN_ -DNAME=ctrsm_kernel_LN_ -DCNAME=ctrsm_kernel_LN -DCHAR_NAME=\"ctrsm_kernel_LN_\" -DCHAR_CNAME=\"ctrsm_kernel_LN\" -DNO_AFFINITY -I.. -UDOUBLE  -DCOMPLEX -DTRSMKERNEL -DCOMPLEX -UDOUBLE -DUPPER -DLN -UCONJ ../kernel/x86_64/../generic/trsm_kernel_LN.c -o ctrsm_kernel_LN.o
cc -c -O2 -DMAX_STACK_ALLOC=2048 -Wall -m64 -DF_INTERFACE_GFORT -fPIC -DNO_LAPACK -DNO_LAPACKE -DSMP_SERVER -DNO_WARMUP -DMAX_CPU_NUMBER=4 -DMAX_PARALLEL_NUMBER=1 -DBUILD_SINGLE=1 -DBUILD_DOUBLE=1 -DBUILD_COMPLEX=1 -DBUILD_COMPLEX16=1 -DVERSION=\"0.3.17.dev\" -msse3 -mssse3 -msse4.1 -mavx -mavx2 -mavx2 -UASMNAME -UASMFNAME -UNAME -UCNAME -UCHAR_NAME -UCHAR_CNAME -DASMNAME=ctrsm_kernel_LT -DASMFNAME=ctrsm_kernel_LT_ -DNAME=ctrsm_kernel_LT_ -DCNAME=ctrsm_kernel_LT -DCHAR_NAME=\"ctrsm_kernel_LT_\" -DCHAR_CNAME=\"ctrsm_kernel_LT\" -DNO_AFFINITY -I.. -UDOUBLE  -DCOMPLEX -DTRSMKERNEL -DCOMPLEX -UDOUBLE -UUPPER -DLT -UCONJ ../kernel/x86_64/../generic/trsm_kernel_LT.c -o ctrsm_kernel_LT.o
cc -c -O2 -DMAX_STACK_ALLOC=2048 -Wall -m64 -DF_INTERFACE_GFORT -fPIC -DNO_LAPACK -DNO_LAPACKE -DSMP_SERVER -DNO_WARMUP -DMAX_CPU_NUMBER=4 -DMAX_PARALLEL_NUMBER=1 -DBUILD_SINGLE=1 -DBUILD_DOUBLE=1 -DBUILD_COMPLEX=1 -DBUILD_COMPLEX16=1 -DVERSION=\"0.3.17.dev\" -msse3 -mssse3 -msse4.1 -mavx -mavx2 -mavx2 -UASMNAME -UASMFNAME -UNAME -UCNAME -UCHAR_NAME -UCHAR_CNAME -DASMNAME=ctrsm_kernel_LR -DASMFNAME=ctrsm_kernel_LR_ -DNAME=ctrsm_kernel_LR_ -DCNAME=ctrsm_kernel_LR -DCHAR_NAME=\"ctrsm_kernel_LR_\" -DCHAR_CNAME=\"ctrsm_kernel_LR\" -DNO_AFFINITY -I.. -UDOUBLE  -DCOMPLEX -DTRSMKERNEL -DCOMPLEX -UDOUBLE -DUPPER -DLN -DCONJ ../kernel/x86_64/../generic/trsm_kernel_LN.c -o ctrsm_kernel_LR.o
cc -c -O2 -DMAX_STACK_ALLOC=2048 -Wall -m64 -DF_INTERFACE_GFORT -fPIC -DNO_LAPACK -DNO_LAPACKE -DSMP_SERVER -DNO_WARMUP -DMAX_CPU_NUMBER=4 -DMAX_PARALLEL_NUMBER=1 -DBUILD_SINGLE=1 -DBUILD_DOUBLE=1 -DBUILD_COMPLEX=1 -DBUILD_COMPLEX16=1 -DVERSION=\"0.3.17.dev\" -msse3 -mssse3 -msse4.1 -mavx -mavx2 -mavx2 -UASMNAME -UASMFNAME -UNAME -UCNAME -UCHAR_NAME -UCHAR_CNAME -DASMNAME=ctrsm_kernel_LC -DASMFNAME=ctrsm_kernel_LC_ -DNAME=ctrsm_kernel_LC_ -DCNAME=ctrsm_kernel_LC -DCHAR_NAME=\"ctrsm_kernel_LC_\" -DCHAR_CNAME=\"ctrsm_kernel_LC\" -DNO_AFFINITY -I.. -UDOUBLE  -DCOMPLEX -DTRSMKERNEL -DCOMPLEX -UDOUBLE -UUPPER -DLT -DCONJ ../kernel/x86_64/../generic/trsm_kernel_LT.c -o ctrsm_kernel_LC.o
cc -c -O2 -DMAX_STACK_ALLOC=2048 -Wall -m64 -DF_INTERFACE_GFORT -fPIC -DNO_LAPACK -DNO_LAPACKE -DSMP_SERVER -DNO_WARMUP -DMAX_CPU_NUMBER=4 -DMAX_PARALLEL_NUMBER=1 -DBUILD_SINGLE=1 -DBUILD_DOUBLE=1 -DBUILD_COMPLEX=1 -DBUILD_COMPLEX16=1 -DVERSION=\"0.3.17.dev\" -msse3 -mssse3 -msse4.1 -mavx -mavx2 -mavx2 -UASMNAME -UASMFNAME -UNAME -UCNAME -UCHAR_NAME -UCHAR_CNAME -DASMNAME=ctrsm_kernel_RN -DASMFNAME=ctrsm_kernel_RN_ -DNAME=ctrsm_kernel_RN_ -DCNAME=ctrsm_kernel_RN -DCHAR_NAME=\"ctrsm_kernel_RN_\" -DCHAR_CNAME=\"ctrsm_kernel_RN\" -DNO_AFFINITY -I.. -UDOUBLE  -DCOMPLEX -DTRSMKERNEL -DCOMPLEX -UDOUBLE -DUPPER -DRN -UCONJ ../kernel/x86_64/../generic/trsm_kernel_RN.c -o ctrsm_kernel_RN.o
cc -c -O2 -DMAX_STACK_ALLOC=2048 -Wall -m64 -DF_INTERFACE_GFORT -fPIC -DNO_LAPACK -DNO_LAPACKE -DSMP_SERVER -DNO_WARMUP -DMAX_CPU_NUMBER=4 -DMAX_PARALLEL_NUMBER=1 -DBUILD_SINGLE=1 -DBUILD_DOUBLE=1 -DBUILD_COMPLEX=1 -DBUILD_COMPLEX16=1 -DVERSION=\"0.3.17.dev\" -msse3 -mssse3 -msse4.1 -mavx -mavx2 -mavx2 -UASMNAME -UASMFNAME -UNAME -UCNAME -UCHAR_NAME -UCHAR_CNAME -DASMNAME=ctrsm_kernel_RT -DASMFNAME=ctrsm_kernel_RT_ -DNAME=ctrsm_kernel_RT_ -DCNAME=ctrsm_kernel_RT -DCHAR_NAME=\"ctrsm_kernel_RT_\" -DCHAR_CNAME=\"ctrsm_kernel_RT\" -DNO_AFFINITY -I.. -UDOUBLE  -DCOMPLEX -DTRSMKERNEL -DCOMPLEX -UDOUBLE -UUPPER -DRT -UCONJ ../kernel/x86_64/../generic/trsm_kernel_RT.c -o ctrsm_kernel_RT.o
cc -c -O2 -DMAX_STACK_ALLOC=2048 -Wall -m64 -DF_INTERFACE_GFORT -fPIC -DNO_LAPACK -DNO_LAPACKE -DSMP_SERVER -DNO_WARMUP -DMAX_CPU_NUMBER=4 -DMAX_PARALLEL_NUMBER=1 -DBUILD_SINGLE=1 -DBUILD_DOUBLE=1 -DBUILD_COMPLEX=1 -DBUILD_COMPLEX16=1 -DVERSION=\"0.3.17.dev\" -msse3 -mssse3 -msse4.1 -mavx -mavx2 -mavx2 -UASMNAME -UASMFNAME -UNAME -UCNAME -UCHAR_NAME -UCHAR_CNAME -DASMNAME=ctrsm_kernel_RR -DASMFNAME=ctrsm_kernel_RR_ -DNAME=ctrsm_kernel_RR_ -DCNAME=ctrsm_kernel_RR -DCHAR_NAME=\"ctrsm_kernel_RR_\" -DCHAR_CNAME=\"ctrsm_kernel_RR\" -DNO_AFFINITY -I.. -UDOUBLE  -DCOMPLEX -DTRSMKERNEL -DCOMPLEX -UDOUBLE -DUPPER -DRN -DCONJ ../kernel/x86_64/../generic/trsm_kernel_RN.c -o ctrsm_kernel_RR.o
cc -c -O2 -DMAX_STACK_ALLOC=2048 -Wall -m64 -DF_INTERFACE_GFORT -fPIC -DNO_LAPACK -DNO_LAPACKE -DSMP_SERVER -DNO_WARMUP -DMAX_CPU_NUMBER=4 -DMAX_PARALLEL_NUMBER=1 -DBUILD_SINGLE=1 -DBUILD_DOUBLE=1 -DBUILD_COMPLEX=1 -DBUILD_COMPLEX16=1 -DVERSION=\"0.3.17.dev\" -msse3 -mssse3 -msse4.1 -mavx -mavx2 -mavx2 -UASMNAME -UASMFNAME -UNAME -UCNAME -UCHAR_NAME -UCHAR_CNAME -DASMNAME=ctrsm_kernel_RC -DASMFNAME=ctrsm_kernel_RC_ -DNAME=ctrsm_kernel_RC_ -DCNAME=ctrsm_kernel_RC -DCHAR_NAME=\"ctrsm_kernel_RC_\" -DCHAR_CNAME=\"ctrsm_kernel_RC\" -DNO_AFFINITY -I.. -UDOUBLE  -DCOMPLEX -DTRSMKERNEL -DCOMPLEX -UDOUBLE -UUPPER -DRT -DCONJ ../kernel/x86_64/../generic/trsm_kernel_RT.c -o ctrsm_kernel_RC.o
cc -O2 -DMAX_STACK_ALLOC=2048 -Wall -m64 -DF_INTERFACE_GFORT -fPIC -DNO_LAPACK -DNO_LAPACKE -DSMP_SERVER -DNO_WARMUP -DMAX_CPU_NUMBER=4 -DMAX_PARALLEL_NUMBER=1 -DBUILD_SINGLE=1 -DBUILD_DOUBLE=1 -DBUILD_COMPLEX=1 -DBUILD_COMPLEX16=1 -DVERSION=\"0.3.17.dev\" -msse3 -mssse3 -msse4.1 -mavx -mavx2 -mavx2 -UASMNAME -UASMFNAME -UNAME -UCNAME -UCHAR_NAME -UCHAR_CNAME -DASMNAME=cgemm3m_kernel -DASMFNAME=cgemm3m_kernel_ -DNAME=cgemm3m_kernel_ -DCNAME=cgemm3m_kernel -DCHAR_NAME=\"cgemm3m_kernel_\" -DCHAR_CNAME=\"cgemm3m_kernel\" -DNO_AFFINITY -I.. -UDOUBLE  -DCOMPLEX -c -UDOUBLE -DCOMPLEX -DNN ../kernel/x86_64/cgemm3m_kernel_8x4_haswell.c -o cgemm3m_kernel.o
cc -c -O2 -DMAX_STACK_ALLOC=2048 -Wall -m64 -DF_INTERFACE_GFORT -fPIC -DNO_LAPACK -DNO_LAPACKE -DSMP_SERVER -DNO_WARMUP -DMAX_CPU_NUMBER=4 -DMAX_PARALLEL_NUMBER=1 -DBUILD_SINGLE=1 -DBUILD_DOUBLE=1 -DBUILD_COMPLEX=1 -DBUILD_COMPLEX16=1 -DVERSION=\"0.3.17.dev\" -msse3 -mssse3 -msse4.1 -mavx -mavx2 -mavx2 -UASMNAME -UASMFNAME -UNAME -UCNAME -UCHAR_NAME -UCHAR_CNAME -DASMNAME=ctrmm_iunucopy -DASMFNAME=ctrmm_iunucopy_ -DNAME=ctrmm_iunucopy_ -DCNAME=ctrmm_iunucopy -DCHAR_NAME=\"ctrmm_iunucopy_\" -DCHAR_CNAME=\"ctrmm_iunucopy\" -DNO_AFFINITY -I.. -UDOUBLE  -DCOMPLEX -Wno-uninitialized -UDOUBLE -DCOMPLEX -UOUTER -ULOWER -DUNIT generic/ztrmm_uncopy_8.c -o ctrmm_iunucopy.o
cc -c -O2 -DMAX_STACK_ALLOC=2048 -Wall -m64 -DF_INTERFACE_GFORT -fPIC -DNO_LAPACK -DNO_LAPACKE -DSMP_SERVER -DNO_WARMUP -DMAX_CPU_NUMBER=4 -DMAX_PARALLEL_NUMBER=1 -DBUILD_SINGLE=1 -DBUILD_DOUBLE=1 -DBUILD_COMPLEX=1 -DBUILD_COMPLEX16=1 -DVERSION=\"0.3.17.dev\" -msse3 -mssse3 -msse4.1 -mavx -mavx2 -mavx2 -UASMNAME -UASMFNAME -UNAME -UCNAME -UCHAR_NAME -UCHAR_CNAME -DASMNAME=ctrmm_iunncopy -DASMFNAME=ctrmm_iunncopy_ -DNAME=ctrmm_iunncopy_ -DCNAME=ctrmm_iunncopy -DCHAR_NAME=\"ctrmm_iunncopy_\" -DCHAR_CNAME=\"ctrmm_iunncopy\" -DNO_AFFINITY -I.. -UDOUBLE  -DCOMPLEX -Wno-uninitialized -UDOUBLE -DCOMPLEX -UOUTER -ULOWER -UUNIT generic/ztrmm_uncopy_8.c -o ctrmm_iunncopy.o
cc -c -O2 -DMAX_STACK_ALLOC=2048 -Wall -m64 -DF_INTERFACE_GFORT -fPIC -DNO_LAPACK -DNO_LAPACKE -DSMP_SERVER -DNO_WARMUP -DMAX_CPU_NUMBER=4 -DMAX_PARALLEL_NUMBER=1 -DBUILD_SINGLE=1 -DBUILD_DOUBLE=1 -DBUILD_COMPLEX=1 -DBUILD_COMPLEX16=1 -DVERSION=\"0.3.17.dev\" -msse3 -mssse3 -msse4.1 -mavx -mavx2 -mavx2 -UASMNAME -UASMFNAME -UNAME -UCNAME -UCHAR_NAME -UCHAR_CNAME -DASMNAME=ctrmm_ilnucopy -DASMFNAME=ctrmm_ilnucopy_ -DNAME=ctrmm_ilnucopy_ -DCNAME=ctrmm_ilnucopy -DCHAR_NAME=\"ctrmm_ilnucopy_\" -DCHAR_CNAME=\"ctrmm_ilnucopy\" -DNO_AFFINITY -I.. -UDOUBLE  -DCOMPLEX -Wno-uninitialized -UDOUBLE -DCOMPLEX -UOUTER -DLOWER -DUNIT generic/ztrmm_lncopy_8.c -o ctrmm_ilnucopy.o
cc -c -O2 -DMAX_STACK_ALLOC=2048 -Wall -m64 -DF_INTERFACE_GFORT -fPIC -DNO_LAPACK -DNO_LAPACKE -DSMP_SERVER -DNO_WARMUP -DMAX_CPU_NUMBER=4 -DMAX_PARALLEL_NUMBER=1 -DBUILD_SINGLE=1 -DBUILD_DOUBLE=1 -DBUILD_COMPLEX=1 -DBUILD_COMPLEX16=1 -DVERSION=\"0.3.17.dev\" -msse3 -mssse3 -msse4.1 -mavx -mavx2 -mavx2 -UASMNAME -UASMFNAME -UNAME -UCNAME -UCHAR_NAME -UCHAR_CNAME -DASMNAME=ctrmm_ilnncopy -DASMFNAME=ctrmm_ilnncopy_ -DNAME=ctrmm_ilnncopy_ -DCNAME=ctrmm_ilnncopy -DCHAR_NAME=\"ctrmm_ilnncopy_\" -DCHAR_CNAME=\"ctrmm_ilnncopy\" -DNO_AFFINITY -I.. -UDOUBLE  -DCOMPLEX -Wno-uninitialized -UDOUBLE -DCOMPLEX -UOUTER -DLOWER -UUNIT generic/ztrmm_lncopy_8.c -o ctrmm_ilnncopy.o
cc -c -O2 -DMAX_STACK_ALLOC=2048 -Wall -m64 -DF_INTERFACE_GFORT -fPIC -DNO_LAPACK -DNO_LAPACKE -DSMP_SERVER -DNO_WARMUP -DMAX_CPU_NUMBER=4 -DMAX_PARALLEL_NUMBER=1 -DBUILD_SINGLE=1 -DBUILD_DOUBLE=1 -DBUILD_COMPLEX=1 -DBUILD_COMPLEX16=1 -DVERSION=\"0.3.17.dev\" -msse3 -mssse3 -msse4.1 -mavx -mavx2 -mavx2 -UASMNAME -UASMFNAME -UNAME -UCNAME -UCHAR_NAME -UCHAR_CNAME -DASMNAME=ctrmm_iutucopy -DASMFNAME=ctrmm_iutucopy_ -DNAME=ctrmm_iutucopy_ -DCNAME=ctrmm_iutucopy -DCHAR_NAME=\"ctrmm_iutucopy_\" -DCHAR_CNAME=\"ctrmm_iutucopy\" -DNO_AFFINITY -I.. -UDOUBLE  -DCOMPLEX -Wno-uninitialized -UDOUBLE -DCOMPLEX -UOUTER -ULOWER -DUNIT generic/ztrmm_utcopy_8.c -o ctrmm_iutucopy.o
cc -c -O2 -DMAX_STACK_ALLOC=2048 -Wall -m64 -DF_INTERFACE_GFORT -fPIC -DNO_LAPACK -DNO_LAPACKE -DSMP_SERVER -DNO_WARMUP -DMAX_CPU_NUMBER=4 -DMAX_PARALLEL_NUMBER=1 -DBUILD_SINGLE=1 -DBUILD_DOUBLE=1 -DBUILD_COMPLEX=1 -DBUILD_COMPLEX16=1 -DVERSION=\"0.3.17.dev\" -msse3 -mssse3 -msse4.1 -mavx -mavx2 -mavx2 -UASMNAME -UASMFNAME -UNAME -UCNAME -UCHAR_NAME -UCHAR_CNAME -DASMNAME=ctrmm_iutncopy -DASMFNAME=ctrmm_iutncopy_ -DNAME=ctrmm_iutncopy_ -DCNAME=ctrmm_iutncopy -DCHAR_NAME=\"ctrmm_iutncopy_\" -DCHAR_CNAME=\"ctrmm_iutncopy\" -DNO_AFFINITY -I.. -UDOUBLE  -DCOMPLEX -Wno-uninitialized -UDOUBLE -DCOMPLEX -UOUTER -ULOWER -UUNIT generic/ztrmm_utcopy_8.c -o ctrmm_iutncopy.o
cc -c -O2 -DMAX_STACK_ALLOC=2048 -Wall -m64 -DF_INTERFACE_GFORT -fPIC -DNO_LAPACK -DNO_LAPACKE -DSMP_SERVER -DNO_WARMUP -DMAX_CPU_NUMBER=4 -DMAX_PARALLEL_NUMBER=1 -DBUILD_SINGLE=1 -DBUILD_DOUBLE=1 -DBUILD_COMPLEX=1 -DBUILD_COMPLEX16=1 -DVERSION=\"0.3.17.dev\" -msse3 -mssse3 -msse4.1 -mavx -mavx2 -mavx2 -UASMNAME -UASMFNAME -UNAME -UCNAME -UCHAR_NAME -UCHAR_CNAME -DASMNAME=ctrmm_iltucopy -DASMFNAME=ctrmm_iltucopy_ -DNAME=ctrmm_iltucopy_ -DCNAME=ctrmm_iltucopy -DCHAR_NAME=\"ctrmm_iltucopy_\" -DCHAR_CNAME=\"ctrmm_iltucopy\" -DNO_AFFINITY -I.. -UDOUBLE  -DCOMPLEX -Wno-uninitialized -UDOUBLE -DCOMPLEX -UOUTER -DLOWER -DUNIT generic/ztrmm_ltcopy_8.c -o ctrmm_iltucopy.o
cc -c -O2 -DMAX_STACK_ALLOC=2048 -Wall -m64 -DF_INTERFACE_GFORT -fPIC -DNO_LAPACK -DNO_LAPACKE -DSMP_SERVER -DNO_WARMUP -DMAX_CPU_NUMBER=4 -DMAX_PARALLEL_NUMBER=1 -DBUILD_SINGLE=1 -DBUILD_DOUBLE=1 -DBUILD_COMPLEX=1 -DBUILD_COMPLEX16=1 -DVERSION=\"0.3.17.dev\" -msse3 -mssse3 -msse4.1 -mavx -mavx2 -mavx2 -UASMNAME -UASMFNAME -UNAME -UCNAME -UCHAR_NAME -UCHAR_CNAME -DASMNAME=ctrmm_iltncopy -DASMFNAME=ctrmm_iltncopy_ -DNAME=ctrmm_iltncopy_ -DCNAME=ctrmm_iltncopy -DCHAR_NAME=\"ctrmm_iltncopy_\" -DCHAR_CNAME=\"ctrmm_iltncopy\" -DNO_AFFINITY -I.. -UDOUBLE  -DCOMPLEX -Wno-uninitialized -UDOUBLE -DCOMPLEX -UOUTER -DLOWER -UUNIT generic/ztrmm_ltcopy_8.c -o ctrmm_iltncopy.o
cc -c -O2 -DMAX_STACK_ALLOC=2048 -Wall -m64 -DF_INTERFACE_GFORT -fPIC -DNO_LAPACK -DNO_LAPACKE -DSMP_SERVER -DNO_WARMUP -DMAX_CPU_NUMBER=4 -DMAX_PARALLEL_NUMBER=1 -DBUILD_SINGLE=1 -DBUILD_DOUBLE=1 -DBUILD_COMPLEX=1 -DBUILD_COMPLEX16=1 -DVERSION=\"0.3.17.dev\" -msse3 -mssse3 -msse4.1 -mavx -mavx2 -mavx2 -UASMNAME -UASMFNAME -UNAME -UCNAME -UCHAR_NAME -UCHAR_CNAME -DASMNAME=ctrmm_ounucopy -DASMFNAME=ctrmm_ounucopy_ -DNAME=ctrmm_ounucopy_ -DCNAME=ctrmm_ounucopy -DCHAR_NAME=\"ctrmm_ounucopy_\" -DCHAR_CNAME=\"ctrmm_ounucopy\" -DNO_AFFINITY -I.. -UDOUBLE  -DCOMPLEX -Wno-uninitialized -UDOUBLE -DCOMPLEX -DOUTER -ULOWER -DUNIT generic/ztrmm_uncopy_2.c -o ctrmm_ounucopy.o
cc -c -O2 -DMAX_STACK_ALLOC=2048 -Wall -m64 -DF_INTERFACE_GFORT -fPIC -DNO_LAPACK -DNO_LAPACKE -DSMP_SERVER -DNO_WARMUP -DMAX_CPU_NUMBER=4 -DMAX_PARALLEL_NUMBER=1 -DBUILD_SINGLE=1 -DBUILD_DOUBLE=1 -DBUILD_COMPLEX=1 -DBUILD_COMPLEX16=1 -DVERSION=\"0.3.17.dev\" -msse3 -mssse3 -msse4.1 -mavx -mavx2 -mavx2 -UASMNAME -UASMFNAME -UNAME -UCNAME -UCHAR_NAME -UCHAR_CNAME -DASMNAME=ctrmm_ounncopy -DASMFNAME=ctrmm_ounncopy_ -DNAME=ctrmm_ounncopy_ -DCNAME=ctrmm_ounncopy -DCHAR_NAME=\"ctrmm_ounncopy_\" -DCHAR_CNAME=\"ctrmm_ounncopy\" -DNO_AFFINITY -I.. -UDOUBLE  -DCOMPLEX -Wno-uninitialized -UDOUBLE -DCOMPLEX -DOUTER -ULOWER -UUNIT generic/ztrmm_uncopy_2.c -o ctrmm_ounncopy.o
cc -c -O2 -DMAX_STACK_ALLOC=2048 -Wall -m64 -DF_INTERFACE_GFORT -fPIC -DNO_LAPACK -DNO_LAPACKE -DSMP_SERVER -DNO_WARMUP -DMAX_CPU_NUMBER=4 -DMAX_PARALLEL_NUMBER=1 -DBUILD_SINGLE=1 -DBUILD_DOUBLE=1 -DBUILD_COMPLEX=1 -DBUILD_COMPLEX16=1 -DVERSION=\"0.3.17.dev\" -msse3 -mssse3 -msse4.1 -mavx -mavx2 -mavx2 -UASMNAME -UASMFNAME -UNAME -UCNAME -UCHAR_NAME -UCHAR_CNAME -DASMNAME=ctrmm_olnucopy -DASMFNAME=ctrmm_olnucopy_ -DNAME=ctrmm_olnucopy_ -DCNAME=ctrmm_olnucopy -DCHAR_NAME=\"ctrmm_olnucopy_\" -DCHAR_CNAME=\"ctrmm_olnucopy\" -DNO_AFFINITY -I.. -UDOUBLE  -DCOMPLEX -Wno-uninitialized -UDOUBLE -DCOMPLEX -DOUTER -DLOWER -DUNIT generic/ztrmm_lncopy_2.c -o ctrmm_olnucopy.o
cc -c -O2 -DMAX_STACK_ALLOC=2048 -Wall -m64 -DF_INTERFACE_GFORT -fPIC -DNO_LAPACK -DNO_LAPACKE -DSMP_SERVER -DNO_WARMUP -DMAX_CPU_NUMBER=4 -DMAX_PARALLEL_NUMBER=1 -DBUILD_SINGLE=1 -DBUILD_DOUBLE=1 -DBUILD_COMPLEX=1 -DBUILD_COMPLEX16=1 -DVERSION=\"0.3.17.dev\" -msse3 -mssse3 -msse4.1 -mavx -mavx2 -mavx2 -UASMNAME -UASMFNAME -UNAME -UCNAME -UCHAR_NAME -UCHAR_CNAME -DASMNAME=ctrmm_olnncopy -DASMFNAME=ctrmm_olnncopy_ -DNAME=ctrmm_olnncopy_ -DCNAME=ctrmm_olnncopy -DCHAR_NAME=\"ctrmm_olnncopy_\" -DCHAR_CNAME=\"ctrmm_olnncopy\" -DNO_AFFINITY -I.. -UDOUBLE  -DCOMPLEX -Wno-uninitialized -UDOUBLE -DCOMPLEX -DOUTER -DLOWER -UUNIT generic/ztrmm_lncopy_2.c -o ctrmm_olnncopy.o
cc -c -O2 -DMAX_STACK_ALLOC=2048 -Wall -m64 -DF_INTERFACE_GFORT -fPIC -DNO_LAPACK -DNO_LAPACKE -DSMP_SERVER -DNO_WARMUP -DMAX_CPU_NUMBER=4 -DMAX_PARALLEL_NUMBER=1 -DBUILD_SINGLE=1 -DBUILD_DOUBLE=1 -DBUILD_COMPLEX=1 -DBUILD_COMPLEX16=1 -DVERSION=\"0.3.17.dev\" -msse3 -mssse3 -msse4.1 -mavx -mavx2 -mavx2 -UASMNAME -UASMFNAME -UNAME -UCNAME -UCHAR_NAME -UCHAR_CNAME -DASMNAME=ctrmm_outucopy -DASMFNAME=ctrmm_outucopy_ -DNAME=ctrmm_outucopy_ -DCNAME=ctrmm_outucopy -DCHAR_NAME=\"ctrmm_outucopy_\" -DCHAR_CNAME=\"ctrmm_outucopy\" -DNO_AFFINITY -I.. -UDOUBLE  -DCOMPLEX -Wno-uninitialized -UDOUBLE -DCOMPLEX -DOUTER -ULOWER -DUNIT generic/ztrmm_utcopy_2.c -o ctrmm_outucopy.o
cc -c -O2 -DMAX_STACK_ALLOC=2048 -Wall -m64 -DF_INTERFACE_GFORT -fPIC -DNO_LAPACK -DNO_LAPACKE -DSMP_SERVER -DNO_WARMUP -DMAX_CPU_NUMBER=4 -DMAX_PARALLEL_NUMBER=1 -DBUILD_SINGLE=1 -DBUILD_DOUBLE=1 -DBUILD_COMPLEX=1 -DBUILD_COMPLEX16=1 -DVERSION=\"0.3.17.dev\" -msse3 -mssse3 -msse4.1 -mavx -mavx2 -mavx2 -UASMNAME -UASMFNAME -UNAME -UCNAME -UCHAR_NAME -UCHAR_CNAME -DASMNAME=ctrmm_outncopy -DASMFNAME=ctrmm_outncopy_ -DNAME=ctrmm_outncopy_ -DCNAME=ctrmm_outncopy -DCHAR_NAME=\"ctrmm_outncopy_\" -DCHAR_CNAME=\"ctrmm_outncopy\" -DNO_AFFINITY -I.. -UDOUBLE  -DCOMPLEX -Wno-uninitialized -UDOUBLE -DCOMPLEX -DOUTER -ULOWER -UUNIT generic/ztrmm_utcopy_2.c -o ctrmm_outncopy.o
cc -c -O2 -DMAX_STACK_ALLOC=2048 -Wall -m64 -DF_INTERFACE_GFORT -fPIC -DNO_LAPACK -DNO_LAPACKE -DSMP_SERVER -DNO_WARMUP -DMAX_CPU_NUMBER=4 -DMAX_PARALLEL_NUMBER=1 -DBUILD_SINGLE=1 -DBUILD_DOUBLE=1 -DBUILD_COMPLEX=1 -DBUILD_COMPLEX16=1 -DVERSION=\"0.3.17.dev\" -msse3 -mssse3 -msse4.1 -mavx -mavx2 -mavx2 -UASMNAME -UASMFNAME -UNAME -UCNAME -UCHAR_NAME -UCHAR_CNAME -DASMNAME=ctrmm_oltucopy -DASMFNAME=ctrmm_oltucopy_ -DNAME=ctrmm_oltucopy_ -DCNAME=ctrmm_oltucopy -DCHAR_NAME=\"ctrmm_oltucopy_\" -DCHAR_CNAME=\"ctrmm_oltucopy\" -DNO_AFFINITY -I.. -UDOUBLE  -DCOMPLEX -Wno-uninitialized -UDOUBLE -DCOMPLEX -DOUTER -DLOWER -DUNIT generic/ztrmm_ltcopy_2.c -o ctrmm_oltucopy.o
cc -c -O2 -DMAX_STACK_ALLOC=2048 -Wall -m64 -DF_INTERFACE_GFORT -fPIC -DNO_LAPACK -DNO_LAPACKE -DSMP_SERVER -DNO_WARMUP -DMAX_CPU_NUMBER=4 -DMAX_PARALLEL_NUMBER=1 -DBUILD_SINGLE=1 -DBUILD_DOUBLE=1 -DBUILD_COMPLEX=1 -DBUILD_COMPLEX16=1 -DVERSION=\"0.3.17.dev\" -msse3 -mssse3 -msse4.1 -mavx -mavx2 -mavx2 -UASMNAME -UASMFNAME -UNAME -UCNAME -UCHAR_NAME -UCHAR_CNAME -DASMNAME=ctrmm_oltncopy -DASMFNAME=ctrmm_oltncopy_ -DNAME=ctrmm_oltncopy_ -DCNAME=ctrmm_oltncopy -DCHAR_NAME=\"ctrmm_oltncopy_\" -DCHAR_CNAME=\"ctrmm_oltncopy\" -DNO_AFFINITY -I.. -UDOUBLE  -DCOMPLEX -Wno-uninitialized -UDOUBLE -DCOMPLEX -DOUTER -DLOWER -UUNIT generic/ztrmm_ltcopy_2.c -o ctrmm_oltncopy.o
cc -c -O2 -DMAX_STACK_ALLOC=2048 -Wall -m64 -DF_INTERFACE_GFORT -fPIC -DNO_LAPACK -DNO_LAPACKE -DSMP_SERVER -DNO_WARMUP -DMAX_CPU_NUMBER=4 -DMAX_PARALLEL_NUMBER=1 -DBUILD_SINGLE=1 -DBUILD_DOUBLE=1 -DBUILD_COMPLEX=1 -DBUILD_COMPLEX16=1 -DVERSION=\"0.3.17.dev\" -msse3 -mssse3 -msse4.1 -mavx -mavx2 -mavx2 -UASMNAME -UASMFNAME -UNAME -UCNAME -UCHAR_NAME -UCHAR_CNAME -DASMNAME=csymm_iutcopy -DASMFNAME=csymm_iutcopy_ -DNAME=csymm_iutcopy_ -DCNAME=csymm_iutcopy -DCHAR_NAME=\"csymm_iutcopy_\" -DCHAR_CNAME=\"csymm_iutcopy\" -DNO_AFFINITY -I.. -UDOUBLE  -DCOMPLEX -Wno-uninitialized -UDOUBLE -DCOMPLEX -UOUTER -ULOWER generic/zsymm_ucopy_8.c -o csymm_iutcopy.o
cc -c -O2 -DMAX_STACK_ALLOC=2048 -Wall -m64 -DF_INTERFACE_GFORT -fPIC -DNO_LAPACK -DNO_LAPACKE -DSMP_SERVER -DNO_WARMUP -DMAX_CPU_NUMBER=4 -DMAX_PARALLEL_NUMBER=1 -DBUILD_SINGLE=1 -DBUILD_DOUBLE=1 -DBUILD_COMPLEX=1 -DBUILD_COMPLEX16=1 -DVERSION=\"0.3.17.dev\" -msse3 -mssse3 -msse4.1 -mavx -mavx2 -mavx2 -UASMNAME -UASMFNAME -UNAME -UCNAME -UCHAR_NAME -UCHAR_CNAME -DASMNAME=csymm_iltcopy -DASMFNAME=csymm_iltcopy_ -DNAME=csymm_iltcopy_ -DCNAME=csymm_iltcopy -DCHAR_NAME=\"csymm_iltcopy_\" -DCHAR_CNAME=\"csymm_iltcopy\" -DNO_AFFINITY -I.. -UDOUBLE  -DCOMPLEX -Wno-uninitialized -UDOUBLE -DCOMPLEX -UOUTER -DLOWER generic/zsymm_lcopy_8.c -o csymm_iltcopy.o
cc -c -O2 -DMAX_STACK_ALLOC=2048 -Wall -m64 -DF_INTERFACE_GFORT -fPIC -DNO_LAPACK -DNO_LAPACKE -DSMP_SERVER -DNO_WARMUP -DMAX_CPU_NUMBER=4 -DMAX_PARALLEL_NUMBER=1 -DBUILD_SINGLE=1 -DBUILD_DOUBLE=1 -DBUILD_COMPLEX=1 -DBUILD_COMPLEX16=1 -DVERSION=\"0.3.17.dev\" -msse3 -mssse3 -msse4.1 -mavx -mavx2 -mavx2 -UASMNAME -UASMFNAME -UNAME -UCNAME -UCHAR_NAME -UCHAR_CNAME -DASMNAME=csymm_outcopy -DASMFNAME=csymm_outcopy_ -DNAME=csymm_outcopy_ -DCNAME=csymm_outcopy -DCHAR_NAME=\"csymm_outcopy_\" -DCHAR_CNAME=\"csymm_outcopy\" -DNO_AFFINITY -I.. -UDOUBLE  -DCOMPLEX -Wno-uninitialized -UDOUBLE -DCOMPLEX -DOUTER -ULOWER generic/zsymm_ucopy_2.c -o csymm_outcopy.o
cc -c -O2 -DMAX_STACK_ALLOC=2048 -Wall -m64 -DF_INTERFACE_GFORT -fPIC -DNO_LAPACK -DNO_LAPACKE -DSMP_SERVER -DNO_WARMUP -DMAX_CPU_NUMBER=4 -DMAX_PARALLEL_NUMBER=1 -DBUILD_SINGLE=1 -DBUILD_DOUBLE=1 -DBUILD_COMPLEX=1 -DBUILD_COMPLEX16=1 -DVERSION=\"0.3.17.dev\" -msse3 -mssse3 -msse4.1 -mavx -mavx2 -mavx2 -UASMNAME -UASMFNAME -UNAME -UCNAME -UCHAR_NAME -UCHAR_CNAME -DASMNAME=csymm_oltcopy -DASMFNAME=csymm_oltcopy_ -DNAME=csymm_oltcopy_ -DCNAME=csymm_oltcopy -DCHAR_NAME=\"csymm_oltcopy_\" -DCHAR_CNAME=\"csymm_oltcopy\" -DNO_AFFINITY -I.. -UDOUBLE  -DCOMPLEX -Wno-uninitialized -UDOUBLE -DCOMPLEX -DOUTER -DLOWER generic/zsymm_lcopy_2.c -o csymm_oltcopy.o
cc -c -O2 -DMAX_STACK_ALLOC=2048 -Wall -m64 -DF_INTERFACE_GFORT -fPIC -DNO_LAPACK -DNO_LAPACKE -DSMP_SERVER -DNO_WARMUP -DMAX_CPU_NUMBER=4 -DMAX_PARALLEL_NUMBER=1 -DBUILD_SINGLE=1 -DBUILD_DOUBLE=1 -DBUILD_COMPLEX=1 -DBUILD_COMPLEX16=1 -DVERSION=\"0.3.17.dev\" -msse3 -mssse3 -msse4.1 -mavx -mavx2 -mavx2 -UASMNAME -UASMFNAME -UNAME -UCNAME -UCHAR_NAME -UCHAR_CNAME -DASMNAME=chemm_iutcopy -DASMFNAME=chemm_iutcopy_ -DNAME=chemm_iutcopy_ -DCNAME=chemm_iutcopy -DCHAR_NAME=\"chemm_iutcopy_\" -DCHAR_CNAME=\"chemm_iutcopy\" -DNO_AFFINITY -I.. -UDOUBLE  -DCOMPLEX -Wno-uninitialized -UDOUBLE -DCOMPLEX -UOUTER generic/zhemm_utcopy_8.c -ULOWER -o chemm_iutcopy.o
cc -c -O2 -DMAX_STACK_ALLOC=2048 -Wall -m64 -DF_INTERFACE_GFORT -fPIC -DNO_LAPACK -DNO_LAPACKE -DSMP_SERVER -DNO_WARMUP -DMAX_CPU_NUMBER=4 -DMAX_PARALLEL_NUMBER=1 -DBUILD_SINGLE=1 -DBUILD_DOUBLE=1 -DBUILD_COMPLEX=1 -DBUILD_COMPLEX16=1 -DVERSION=\"0.3.17.dev\" -msse3 -mssse3 -msse4.1 -mavx -mavx2 -mavx2 -UASMNAME -UASMFNAME -UNAME -UCNAME -UCHAR_NAME -UCHAR_CNAME -DASMNAME=chemm_iltcopy -DASMFNAME=chemm_iltcopy_ -DNAME=chemm_iltcopy_ -DCNAME=chemm_iltcopy -DCHAR_NAME=\"chemm_iltcopy_\" -DCHAR_CNAME=\"chemm_iltcopy\" -DNO_AFFINITY -I.. -UDOUBLE  -DCOMPLEX -Wno-uninitialized -UDOUBLE -DCOMPLEX -UOUTER generic/zhemm_ltcopy_8.c -DLOWER -o chemm_iltcopy.o
cc -c -O2 -DMAX_STACK_ALLOC=2048 -Wall -m64 -DF_INTERFACE_GFORT -fPIC -DNO_LAPACK -DNO_LAPACKE -DSMP_SERVER -DNO_WARMUP -DMAX_CPU_NUMBER=4 -DMAX_PARALLEL_NUMBER=1 -DBUILD_SINGLE=1 -DBUILD_DOUBLE=1 -DBUILD_COMPLEX=1 -DBUILD_COMPLEX16=1 -DVERSION=\"0.3.17.dev\" -msse3 -mssse3 -msse4.1 -mavx -mavx2 -mavx2 -UASMNAME -UASMFNAME -UNAME -UCNAME -UCHAR_NAME -UCHAR_CNAME -DASMNAME=chemm_outcopy -DASMFNAME=chemm_outcopy_ -DNAME=chemm_outcopy_ -DCNAME=chemm_outcopy -DCHAR_NAME=\"chemm_outcopy_\" -DCHAR_CNAME=\"chemm_outcopy\" -DNO_AFFINITY -I.. -UDOUBLE  -DCOMPLEX -Wno-uninitialized -UDOUBLE -DCOMPLEX -DOUTER generic/zhemm_utcopy_2.c -ULOWER -o chemm_outcopy.o
cc -c -O2 -DMAX_STACK_ALLOC=2048 -Wall -m64 -DF_INTERFACE_GFORT -fPIC -DNO_LAPACK -DNO_LAPACKE -DSMP_SERVER -DNO_WARMUP -DMAX_CPU_NUMBER=4 -DMAX_PARALLEL_NUMBER=1 -DBUILD_SINGLE=1 -DBUILD_DOUBLE=1 -DBUILD_COMPLEX=1 -DBUILD_COMPLEX16=1 -DVERSION=\"0.3.17.dev\" -msse3 -mssse3 -msse4.1 -mavx -mavx2 -mavx2 -UASMNAME -UASMFNAME -UNAME -UCNAME -UCHAR_NAME -UCHAR_CNAME -DASMNAME=chemm_oltcopy -DASMFNAME=chemm_oltcopy_ -DNAME=chemm_oltcopy_ -DCNAME=chemm_oltcopy -DCHAR_NAME=\"chemm_oltcopy_\" -DCHAR_CNAME=\"chemm_oltcopy\" -DNO_AFFINITY -I.. -UDOUBLE  -DCOMPLEX -Wno-uninitialized -UDOUBLE -DCOMPLEX -DOUTER generic/zhemm_ltcopy_2.c -DLOWER -o chemm_oltcopy.o
cc -c -O2 -DMAX_STACK_ALLOC=2048 -Wall -m64 -DF_INTERFACE_GFORT -fPIC -DNO_LAPACK -DNO_LAPACKE -DSMP_SERVER -DNO_WARMUP -DMAX_CPU_NUMBER=4 -DMAX_PARALLEL_NUMBER=1 -DBUILD_SINGLE=1 -DBUILD_DOUBLE=1 -DBUILD_COMPLEX=1 -DBUILD_COMPLEX16=1 -DVERSION=\"0.3.17.dev\" -msse3 -mssse3 -msse4.1 -mavx -mavx2 -mavx2 -UASMNAME -UASMFNAME -UNAME -UCNAME -UCHAR_NAME -UCHAR_CNAME -DASMNAME=ctrsm_iunucopy -DASMFNAME=ctrsm_iunucopy_ -DNAME=ctrsm_iunucopy_ -DCNAME=ctrsm_iunucopy -DCHAR_NAME=\"ctrsm_iunucopy_\" -DCHAR_CNAME=\"ctrsm_iunucopy\" -DNO_AFFINITY -I.. -UDOUBLE  -DCOMPLEX -Wno-uninitialized -UDOUBLE -DCOMPLEX -UOUTER -ULOWER -DUNIT generic/ztrsm_uncopy_8.c -o ctrsm_iunucopy.o
cc -c -O2 -DMAX_STACK_ALLOC=2048 -Wall -m64 -DF_INTERFACE_GFORT -fPIC -DNO_LAPACK -DNO_LAPACKE -DSMP_SERVER -DNO_WARMUP -DMAX_CPU_NUMBER=4 -DMAX_PARALLEL_NUMBER=1 -DBUILD_SINGLE=1 -DBUILD_DOUBLE=1 -DBUILD_COMPLEX=1 -DBUILD_COMPLEX16=1 -DVERSION=\"0.3.17.dev\" -msse3 -mssse3 -msse4.1 -mavx -mavx2 -mavx2 -UASMNAME -UASMFNAME -UNAME -UCNAME -UCHAR_NAME -UCHAR_CNAME -DASMNAME=ctrsm_iunncopy -DASMFNAME=ctrsm_iunncopy_ -DNAME=ctrsm_iunncopy_ -DCNAME=ctrsm_iunncopy -DCHAR_NAME=\"ctrsm_iunncopy_\" -DCHAR_CNAME=\"ctrsm_iunncopy\" -DNO_AFFINITY -I.. -UDOUBLE  -DCOMPLEX -Wno-uninitialized -UDOUBLE -DCOMPLEX -UOUTER -ULOWER -UUNIT generic/ztrsm_uncopy_8.c -o ctrsm_iunncopy.o
cc -c -O2 -DMAX_STACK_ALLOC=2048 -Wall -m64 -DF_INTERFACE_GFORT -fPIC -DNO_LAPACK -DNO_LAPACKE -DSMP_SERVER -DNO_WARMUP -DMAX_CPU_NUMBER=4 -DMAX_PARALLEL_NUMBER=1 -DBUILD_SINGLE=1 -DBUILD_DOUBLE=1 -DBUILD_COMPLEX=1 -DBUILD_COMPLEX16=1 -DVERSION=\"0.3.17.dev\" -msse3 -mssse3 -msse4.1 -mavx -mavx2 -mavx2 -UASMNAME -UASMFNAME -UNAME -UCNAME -UCHAR_NAME -UCHAR_CNAME -DASMNAME=ctrsm_ilnucopy -DASMFNAME=ctrsm_ilnucopy_ -DNAME=ctrsm_ilnucopy_ -DCNAME=ctrsm_ilnucopy -DCHAR_NAME=\"ctrsm_ilnucopy_\" -DCHAR_CNAME=\"ctrsm_ilnucopy\" -DNO_AFFINITY -I.. -UDOUBLE  -DCOMPLEX -Wno-uninitialized -UDOUBLE -DCOMPLEX -UOUTER -DLOWER -DUNIT generic/ztrsm_lncopy_8.c -o ctrsm_ilnucopy.o
cc -c -O2 -DMAX_STACK_ALLOC=2048 -Wall -m64 -DF_INTERFACE_GFORT -fPIC -DNO_LAPACK -DNO_LAPACKE -DSMP_SERVER -DNO_WARMUP -DMAX_CPU_NUMBER=4 -DMAX_PARALLEL_NUMBER=1 -DBUILD_SINGLE=1 -DBUILD_DOUBLE=1 -DBUILD_COMPLEX=1 -DBUILD_COMPLEX16=1 -DVERSION=\"0.3.17.dev\" -msse3 -mssse3 -msse4.1 -mavx -mavx2 -mavx2 -UASMNAME -UASMFNAME -UNAME -UCNAME -UCHAR_NAME -UCHAR_CNAME -DASMNAME=ctrsm_ilnncopy -DASMFNAME=ctrsm_ilnncopy_ -DNAME=ctrsm_ilnncopy_ -DCNAME=ctrsm_ilnncopy -DCHAR_NAME=\"ctrsm_ilnncopy_\" -DCHAR_CNAME=\"ctrsm_ilnncopy\" -DNO_AFFINITY -I.. -UDOUBLE  -DCOMPLEX -Wno-uninitialized -UDOUBLE -DCOMPLEX -UOUTER -DLOWER -UUNIT generic/ztrsm_lncopy_8.c -o ctrsm_ilnncopy.o
cc -c -O2 -DMAX_STACK_ALLOC=2048 -Wall -m64 -DF_INTERFACE_GFORT -fPIC -DNO_LAPACK -DNO_LAPACKE -DSMP_SERVER -DNO_WARMUP -DMAX_CPU_NUMBER=4 -DMAX_PARALLEL_NUMBER=1 -DBUILD_SINGLE=1 -DBUILD_DOUBLE=1 -DBUILD_COMPLEX=1 -DBUILD_COMPLEX16=1 -DVERSION=\"0.3.17.dev\" -msse3 -mssse3 -msse4.1 -mavx -mavx2 -mavx2 -UASMNAME -UASMFNAME -UNAME -UCNAME -UCHAR_NAME -UCHAR_CNAME -DASMNAME=ctrsm_iutucopy -DASMFNAME=ctrsm_iutucopy_ -DNAME=ctrsm_iutucopy_ -DCNAME=ctrsm_iutucopy -DCHAR_NAME=\"ctrsm_iutucopy_\" -DCHAR_CNAME=\"ctrsm_iutucopy\" -DNO_AFFINITY -I.. -UDOUBLE  -DCOMPLEX -Wno-uninitialized -UDOUBLE -DCOMPLEX -UOUTER -ULOWER -DUNIT generic/ztrsm_utcopy_8.c -o ctrsm_iutucopy.o
cc -c -O2 -DMAX_STACK_ALLOC=2048 -Wall -m64 -DF_INTERFACE_GFORT -fPIC -DNO_LAPACK -DNO_LAPACKE -DSMP_SERVER -DNO_WARMUP -DMAX_CPU_NUMBER=4 -DMAX_PARALLEL_NUMBER=1 -DBUILD_SINGLE=1 -DBUILD_DOUBLE=1 -DBUILD_COMPLEX=1 -DBUILD_COMPLEX16=1 -DVERSION=\"0.3.17.dev\" -msse3 -mssse3 -msse4.1 -mavx -mavx2 -mavx2 -UASMNAME -UASMFNAME -UNAME -UCNAME -UCHAR_NAME -UCHAR_CNAME -DASMNAME=ctrsm_iutncopy -DASMFNAME=ctrsm_iutncopy_ -DNAME=ctrsm_iutncopy_ -DCNAME=ctrsm_iutncopy -DCHAR_NAME=\"ctrsm_iutncopy_\" -DCHAR_CNAME=\"ctrsm_iutncopy\" -DNO_AFFINITY -I.. -UDOUBLE  -DCOMPLEX -Wno-uninitialized -UDOUBLE -DCOMPLEX -UOUTER -ULOWER -UUNIT generic/ztrsm_utcopy_8.c -o ctrsm_iutncopy.o
cc -c -O2 -DMAX_STACK_ALLOC=2048 -Wall -m64 -DF_INTERFACE_GFORT -fPIC -DNO_LAPACK -DNO_LAPACKE -DSMP_SERVER -DNO_WARMUP -DMAX_CPU_NUMBER=4 -DMAX_PARALLEL_NUMBER=1 -DBUILD_SINGLE=1 -DBUILD_DOUBLE=1 -DBUILD_COMPLEX=1 -DBUILD_COMPLEX16=1 -DVERSION=\"0.3.17.dev\" -msse3 -mssse3 -msse4.1 -mavx -mavx2 -mavx2 -UASMNAME -UASMFNAME -UNAME -UCNAME -UCHAR_NAME -UCHAR_CNAME -DASMNAME=ctrsm_iltucopy -DASMFNAME=ctrsm_iltucopy_ -DNAME=ctrsm_iltucopy_ -DCNAME=ctrsm_iltucopy -DCHAR_NAME=\"ctrsm_iltucopy_\" -DCHAR_CNAME=\"ctrsm_iltucopy\" -DNO_AFFINITY -I.. -UDOUBLE  -DCOMPLEX -Wno-uninitialized -UDOUBLE -DCOMPLEX -UOUTER -DLOWER -DUNIT generic/ztrsm_ltcopy_8.c -o ctrsm_iltucopy.o
cc -c -O2 -DMAX_STACK_ALLOC=2048 -Wall -m64 -DF_INTERFACE_GFORT -fPIC -DNO_LAPACK -DNO_LAPACKE -DSMP_SERVER -DNO_WARMUP -DMAX_CPU_NUMBER=4 -DMAX_PARALLEL_NUMBER=1 -DBUILD_SINGLE=1 -DBUILD_DOUBLE=1 -DBUILD_COMPLEX=1 -DBUILD_COMPLEX16=1 -DVERSION=\"0.3.17.dev\" -msse3 -mssse3 -msse4.1 -mavx -mavx2 -mavx2 -UASMNAME -UASMFNAME -UNAME -UCNAME -UCHAR_NAME -UCHAR_CNAME -DASMNAME=ctrsm_iltncopy -DASMFNAME=ctrsm_iltncopy_ -DNAME=ctrsm_iltncopy_ -DCNAME=ctrsm_iltncopy -DCHAR_NAME=\"ctrsm_iltncopy_\" -DCHAR_CNAME=\"ctrsm_iltncopy\" -DNO_AFFINITY -I.. -UDOUBLE  -DCOMPLEX -Wno-uninitialized -UDOUBLE -DCOMPLEX -UOUTER -DLOWER -UUNIT generic/ztrsm_ltcopy_8.c -o ctrsm_iltncopy.o
cc -c -O2 -DMAX_STACK_ALLOC=2048 -Wall -m64 -DF_INTERFACE_GFORT -fPIC -DNO_LAPACK -DNO_LAPACKE -DSMP_SERVER -DNO_WARMUP -DMAX_CPU_NUMBER=4 -DMAX_PARALLEL_NUMBER=1 -DBUILD_SINGLE=1 -DBUILD_DOUBLE=1 -DBUILD_COMPLEX=1 -DBUILD_COMPLEX16=1 -DVERSION=\"0.3.17.dev\" -msse3 -mssse3 -msse4.1 -mavx -mavx2 -mavx2 -UASMNAME -UASMFNAME -UNAME -UCNAME -UCHAR_NAME -UCHAR_CNAME -DASMNAME=ctrsm_ounucopy -DASMFNAME=ctrsm_ounucopy_ -DNAME=ctrsm_ounucopy_ -DCNAME=ctrsm_ounucopy -DCHAR_NAME=\"ctrsm_ounucopy_\" -DCHAR_CNAME=\"ctrsm_ounucopy\" -DNO_AFFINITY -I.. -UDOUBLE  -DCOMPLEX -Wno-uninitialized -UDOUBLE -DCOMPLEX -DOUTER -ULOWER -DUNIT generic/ztrsm_uncopy_2.c -o ctrsm_ounucopy.o
cc -c -O2 -DMAX_STACK_ALLOC=2048 -Wall -m64 -DF_INTERFACE_GFORT -fPIC -DNO_LAPACK -DNO_LAPACKE -DSMP_SERVER -DNO_WARMUP -DMAX_CPU_NUMBER=4 -DMAX_PARALLEL_NUMBER=1 -DBUILD_SINGLE=1 -DBUILD_DOUBLE=1 -DBUILD_COMPLEX=1 -DBUILD_COMPLEX16=1 -DVERSION=\"0.3.17.dev\" -msse3 -mssse3 -msse4.1 -mavx -mavx2 -mavx2 -UASMNAME -UASMFNAME -UNAME -UCNAME -UCHAR_NAME -UCHAR_CNAME -DASMNAME=ctrsm_ounncopy -DASMFNAME=ctrsm_ounncopy_ -DNAME=ctrsm_ounncopy_ -DCNAME=ctrsm_ounncopy -DCHAR_NAME=\"ctrsm_ounncopy_\" -DCHAR_CNAME=\"ctrsm_ounncopy\" -DNO_AFFINITY -I.. -UDOUBLE  -DCOMPLEX -Wno-uninitialized -UDOUBLE -DCOMPLEX -DOUTER -ULOWER -UUNIT generic/ztrsm_uncopy_2.c -o ctrsm_ounncopy.o
cc -c -O2 -DMAX_STACK_ALLOC=2048 -Wall -m64 -DF_INTERFACE_GFORT -fPIC -DNO_LAPACK -DNO_LAPACKE -DSMP_SERVER -DNO_WARMUP -DMAX_CPU_NUMBER=4 -DMAX_PARALLEL_NUMBER=1 -DBUILD_SINGLE=1 -DBUILD_DOUBLE=1 -DBUILD_COMPLEX=1 -DBUILD_COMPLEX16=1 -DVERSION=\"0.3.17.dev\" -msse3 -mssse3 -msse4.1 -mavx -mavx2 -mavx2 -UASMNAME -UASMFNAME -UNAME -UCNAME -UCHAR_NAME -UCHAR_CNAME -DASMNAME=ctrsm_olnucopy -DASMFNAME=ctrsm_olnucopy_ -DNAME=ctrsm_olnucopy_ -DCNAME=ctrsm_olnucopy -DCHAR_NAME=\"ctrsm_olnucopy_\" -DCHAR_CNAME=\"ctrsm_olnucopy\" -DNO_AFFINITY -I.. -UDOUBLE  -DCOMPLEX -Wno-uninitialized -UDOUBLE -DCOMPLEX -DOUTER -DLOWER -DUNIT generic/ztrsm_lncopy_2.c -o ctrsm_olnucopy.o
cc -c -O2 -DMAX_STACK_ALLOC=2048 -Wall -m64 -DF_INTERFACE_GFORT -fPIC -DNO_LAPACK -DNO_LAPACKE -DSMP_SERVER -DNO_WARMUP -DMAX_CPU_NUMBER=4 -DMAX_PARALLEL_NUMBER=1 -DBUILD_SINGLE=1 -DBUILD_DOUBLE=1 -DBUILD_COMPLEX=1 -DBUILD_COMPLEX16=1 -DVERSION=\"0.3.17.dev\" -msse3 -mssse3 -msse4.1 -mavx -mavx2 -mavx2 -UASMNAME -UASMFNAME -UNAME -UCNAME -UCHAR_NAME -UCHAR_CNAME -DASMNAME=ctrsm_olnncopy -DASMFNAME=ctrsm_olnncopy_ -DNAME=ctrsm_olnncopy_ -DCNAME=ctrsm_olnncopy -DCHAR_NAME=\"ctrsm_olnncopy_\" -DCHAR_CNAME=\"ctrsm_olnncopy\" -DNO_AFFINITY -I.. -UDOUBLE  -DCOMPLEX -Wno-uninitialized -UDOUBLE -DCOMPLEX -DOUTER -DLOWER -UUNIT generic/ztrsm_lncopy_2.c -o ctrsm_olnncopy.o
cc -c -O2 -DMAX_STACK_ALLOC=2048 -Wall -m64 -DF_INTERFACE_GFORT -fPIC -DNO_LAPACK -DNO_LAPACKE -DSMP_SERVER -DNO_WARMUP -DMAX_CPU_NUMBER=4 -DMAX_PARALLEL_NUMBER=1 -DBUILD_SINGLE=1 -DBUILD_DOUBLE=1 -DBUILD_COMPLEX=1 -DBUILD_COMPLEX16=1 -DVERSION=\"0.3.17.dev\" -msse3 -mssse3 -msse4.1 -mavx -mavx2 -mavx2 -UASMNAME -UASMFNAME -UNAME -UCNAME -UCHAR_NAME -UCHAR_CNAME -DASMNAME=ctrsm_outucopy -DASMFNAME=ctrsm_outucopy_ -DNAME=ctrsm_outucopy_ -DCNAME=ctrsm_outucopy -DCHAR_NAME=\"ctrsm_outucopy_\" -DCHAR_CNAME=\"ctrsm_outucopy\" -DNO_AFFINITY -I.. -UDOUBLE  -DCOMPLEX -Wno-uninitialized -UDOUBLE -DCOMPLEX -DOUTER -ULOWER -DUNIT generic/ztrsm_utcopy_2.c -o ctrsm_outucopy.o
cc -c -O2 -DMAX_STACK_ALLOC=2048 -Wall -m64 -DF_INTERFACE_GFORT -fPIC -DNO_LAPACK -DNO_LAPACKE -DSMP_SERVER -DNO_WARMUP -DMAX_CPU_NUMBER=4 -DMAX_PARALLEL_NUMBER=1 -DBUILD_SINGLE=1 -DBUILD_DOUBLE=1 -DBUILD_COMPLEX=1 -DBUILD_COMPLEX16=1 -DVERSION=\"0.3.17.dev\" -msse3 -mssse3 -msse4.1 -mavx -mavx2 -mavx2 -UASMNAME -UASMFNAME -UNAME -UCNAME -UCHAR_NAME -UCHAR_CNAME -DASMNAME=ctrsm_outncopy -DASMFNAME=ctrsm_outncopy_ -DNAME=ctrsm_outncopy_ -DCNAME=ctrsm_outncopy -DCHAR_NAME=\"ctrsm_outncopy_\" -DCHAR_CNAME=\"ctrsm_outncopy\" -DNO_AFFINITY -I.. -UDOUBLE  -DCOMPLEX -Wno-uninitialized -UDOUBLE -DCOMPLEX -DOUTER -ULOWER -UUNIT generic/ztrsm_utcopy_2.c -o ctrsm_outncopy.o
cc -c -O2 -DMAX_STACK_ALLOC=2048 -Wall -m64 -DF_INTERFACE_GFORT -fPIC -DNO_LAPACK -DNO_LAPACKE -DSMP_SERVER -DNO_WARMUP -DMAX_CPU_NUMBER=4 -DMAX_PARALLEL_NUMBER=1 -DBUILD_SINGLE=1 -DBUILD_DOUBLE=1 -DBUILD_COMPLEX=1 -DBUILD_COMPLEX16=1 -DVERSION=\"0.3.17.dev\" -msse3 -mssse3 -msse4.1 -mavx -mavx2 -mavx2 -UASMNAME -UASMFNAME -UNAME -UCNAME -UCHAR_NAME -UCHAR_CNAME -DASMNAME=ctrsm_oltucopy -DASMFNAME=ctrsm_oltucopy_ -DNAME=ctrsm_oltucopy_ -DCNAME=ctrsm_oltucopy -DCHAR_NAME=\"ctrsm_oltucopy_\" -DCHAR_CNAME=\"ctrsm_oltucopy\" -DNO_AFFINITY -I.. -UDOUBLE  -DCOMPLEX -Wno-uninitialized -UDOUBLE -DCOMPLEX -DOUTER -DLOWER -DUNIT generic/ztrsm_ltcopy_2.c -o ctrsm_oltucopy.o
cc -c -O2 -DMAX_STACK_ALLOC=2048 -Wall -m64 -DF_INTERFACE_GFORT -fPIC -DNO_LAPACK -DNO_LAPACKE -DSMP_SERVER -DNO_WARMUP -DMAX_CPU_NUMBER=4 -DMAX_PARALLEL_NUMBER=1 -DBUILD_SINGLE=1 -DBUILD_DOUBLE=1 -DBUILD_COMPLEX=1 -DBUILD_COMPLEX16=1 -DVERSION=\"0.3.17.dev\" -msse3 -mssse3 -msse4.1 -mavx -mavx2 -mavx2 -UASMNAME -UASMFNAME -UNAME -UCNAME -UCHAR_NAME -UCHAR_CNAME -DASMNAME=ctrsm_oltncopy -DASMFNAME=ctrsm_oltncopy_ -DNAME=ctrsm_oltncopy_ -DCNAME=ctrsm_oltncopy -DCHAR_NAME=\"ctrsm_oltncopy_\" -DCHAR_CNAME=\"ctrsm_oltncopy\" -DNO_AFFINITY -I.. -UDOUBLE  -DCOMPLEX -Wno-uninitialized -UDOUBLE -DCOMPLEX -DOUTER -DLOWER -UUNIT generic/ztrsm_ltcopy_2.c -o ctrsm_oltncopy.o
cc -O2 -DMAX_STACK_ALLOC=2048 -Wall -m64 -DF_INTERFACE_GFORT -fPIC -DNO_LAPACK -DNO_LAPACKE -DSMP_SERVER -DNO_WARMUP -DMAX_CPU_NUMBER=4 -DMAX_PARALLEL_NUMBER=1 -DBUILD_SINGLE=1 -DBUILD_DOUBLE=1 -DBUILD_COMPLEX=1 -DBUILD_COMPLEX16=1 -DVERSION=\"0.3.17.dev\" -msse3 -mssse3 -msse4.1 -mavx -mavx2 -mavx2 -UASMNAME -UASMFNAME -UNAME -UCNAME -UCHAR_NAME -UCHAR_CNAME -DASMNAME=cgemm3m_incopyb -DASMFNAME=cgemm3m_incopyb_ -DNAME=cgemm3m_incopyb_ -DCNAME=cgemm3m_incopyb -DCHAR_NAME=\"cgemm3m_incopyb_\" -DCHAR_CNAME=\"cgemm3m_incopyb\" -DNO_AFFINITY -I.. -UDOUBLE  -DCOMPLEX -c -UDOUBLE -DCOMPLEX -DICOPY -UUSE_ALPHA generic/zgemm3m_ncopy_8.c -o cgemm3m_incopyb.o
cc -O2 -DMAX_STACK_ALLOC=2048 -Wall -m64 -DF_INTERFACE_GFORT -fPIC -DNO_LAPACK -DNO_LAPACKE -DSMP_SERVER -DNO_WARMUP -DMAX_CPU_NUMBER=4 -DMAX_PARALLEL_NUMBER=1 -DBUILD_SINGLE=1 -DBUILD_DOUBLE=1 -DBUILD_COMPLEX=1 -DBUILD_COMPLEX16=1 -DVERSION=\"0.3.17.dev\" -msse3 -mssse3 -msse4.1 -mavx -mavx2 -mavx2 -UASMNAME -UASMFNAME -UNAME -UCNAME -UCHAR_NAME -UCHAR_CNAME -DASMNAME=cgemm3m_itcopyb -DASMFNAME=cgemm3m_itcopyb_ -DNAME=cgemm3m_itcopyb_ -DCNAME=cgemm3m_itcopyb -DCHAR_NAME=\"cgemm3m_itcopyb_\" -DCHAR_CNAME=\"cgemm3m_itcopyb\" -DNO_AFFINITY -I.. -UDOUBLE  -DCOMPLEX -c -UDOUBLE -DCOMPLEX -DICOPY -UUSE_ALPHA generic/zgemm3m_tcopy_8.c -o cgemm3m_itcopyb.o
cc -O2 -DMAX_STACK_ALLOC=2048 -Wall -m64 -DF_INTERFACE_GFORT -fPIC -DNO_LAPACK -DNO_LAPACKE -DSMP_SERVER -DNO_WARMUP -DMAX_CPU_NUMBER=4 -DMAX_PARALLEL_NUMBER=1 -DBUILD_SINGLE=1 -DBUILD_DOUBLE=1 -DBUILD_COMPLEX=1 -DBUILD_COMPLEX16=1 -DVERSION=\"0.3.17.dev\" -msse3 -mssse3 -msse4.1 -mavx -mavx2 -mavx2 -UASMNAME -UASMFNAME -UNAME -UCNAME -UCHAR_NAME -UCHAR_CNAME -DASMNAME=cgemm3m_incopyr -DASMFNAME=cgemm3m_incopyr_ -DNAME=cgemm3m_incopyr_ -DCNAME=cgemm3m_incopyr -DCHAR_NAME=\"cgemm3m_incopyr_\" -DCHAR_CNAME=\"cgemm3m_incopyr\" -DNO_AFFINITY -I.. -UDOUBLE  -DCOMPLEX -c -UDOUBLE -DCOMPLEX -DICOPY -UUSE_ALPHA -DREAL_ONLY generic/zgemm3m_ncopy_8.c -o cgemm3m_incopyr.o
cc -O2 -DMAX_STACK_ALLOC=2048 -Wall -m64 -DF_INTERFACE_GFORT -fPIC -DNO_LAPACK -DNO_LAPACKE -DSMP_SERVER -DNO_WARMUP -DMAX_CPU_NUMBER=4 -DMAX_PARALLEL_NUMBER=1 -DBUILD_SINGLE=1 -DBUILD_DOUBLE=1 -DBUILD_COMPLEX=1 -DBUILD_COMPLEX16=1 -DVERSION=\"0.3.17.dev\" -msse3 -mssse3 -msse4.1 -mavx -mavx2 -mavx2 -UASMNAME -UASMFNAME -UNAME -UCNAME -UCHAR_NAME -UCHAR_CNAME -DASMNAME=cgemm3m_itcopyr -DASMFNAME=cgemm3m_itcopyr_ -DNAME=cgemm3m_itcopyr_ -DCNAME=cgemm3m_itcopyr -DCHAR_NAME=\"cgemm3m_itcopyr_\" -DCHAR_CNAME=\"cgemm3m_itcopyr\" -DNO_AFFINITY -I.. -UDOUBLE  -DCOMPLEX -c -UDOUBLE -DCOMPLEX -DICOPY -UUSE_ALPHA -DREAL_ONLY generic/zgemm3m_tcopy_8.c -o cgemm3m_itcopyr.o
cc -O2 -DMAX_STACK_ALLOC=2048 -Wall -m64 -DF_INTERFACE_GFORT -fPIC -DNO_LAPACK -DNO_LAPACKE -DSMP_SERVER -DNO_WARMUP -DMAX_CPU_NUMBER=4 -DMAX_PARALLEL_NUMBER=1 -DBUILD_SINGLE=1 -DBUILD_DOUBLE=1 -DBUILD_COMPLEX=1 -DBUILD_COMPLEX16=1 -DVERSION=\"0.3.17.dev\" -msse3 -mssse3 -msse4.1 -mavx -mavx2 -mavx2 -UASMNAME -UASMFNAME -UNAME -UCNAME -UCHAR_NAME -UCHAR_CNAME -DASMNAME=cgemm3m_incopyi -DASMFNAME=cgemm3m_incopyi_ -DNAME=cgemm3m_incopyi_ -DCNAME=cgemm3m_incopyi -DCHAR_NAME=\"cgemm3m_incopyi_\" -DCHAR_CNAME=\"cgemm3m_incopyi\" -DNO_AFFINITY -I.. -UDOUBLE  -DCOMPLEX -c -UDOUBLE -DCOMPLEX -DICOPY -UUSE_ALPHA -DIMAGE_ONLY generic/zgemm3m_ncopy_8.c -o cgemm3m_incopyi.o
cc -O2 -DMAX_STACK_ALLOC=2048 -Wall -m64 -DF_INTERFACE_GFORT -fPIC -DNO_LAPACK -DNO_LAPACKE -DSMP_SERVER -DNO_WARMUP -DMAX_CPU_NUMBER=4 -DMAX_PARALLEL_NUMBER=1 -DBUILD_SINGLE=1 -DBUILD_DOUBLE=1 -DBUILD_COMPLEX=1 -DBUILD_COMPLEX16=1 -DVERSION=\"0.3.17.dev\" -msse3 -mssse3 -msse4.1 -mavx -mavx2 -mavx2 -UASMNAME -UASMFNAME -UNAME -UCNAME -UCHAR_NAME -UCHAR_CNAME -DASMNAME=cgemm3m_itcopyi -DASMFNAME=cgemm3m_itcopyi_ -DNAME=cgemm3m_itcopyi_ -DCNAME=cgemm3m_itcopyi -DCHAR_NAME=\"cgemm3m_itcopyi_\" -DCHAR_CNAME=\"cgemm3m_itcopyi\" -DNO_AFFINITY -I.. -UDOUBLE  -DCOMPLEX -c -UDOUBLE -DCOMPLEX -DICOPY -UUSE_ALPHA -DIMAGE_ONLY generic/zgemm3m_tcopy_8.c -o cgemm3m_itcopyi.o
cc -O2 -DMAX_STACK_ALLOC=2048 -Wall -m64 -DF_INTERFACE_GFORT -fPIC -DNO_LAPACK -DNO_LAPACKE -DSMP_SERVER -DNO_WARMUP -DMAX_CPU_NUMBER=4 -DMAX_PARALLEL_NUMBER=1 -DBUILD_SINGLE=1 -DBUILD_DOUBLE=1 -DBUILD_COMPLEX=1 -DBUILD_COMPLEX16=1 -DVERSION=\"0.3.17.dev\" -msse3 -mssse3 -msse4.1 -mavx -mavx2 -mavx2 -UASMNAME -UASMFNAME -UNAME -UCNAME -UCHAR_NAME -UCHAR_CNAME -DASMNAME=cgemm3m_oncopyb -DASMFNAME=cgemm3m_oncopyb_ -DNAME=cgemm3m_oncopyb_ -DCNAME=cgemm3m_oncopyb -DCHAR_NAME=\"cgemm3m_oncopyb_\" -DCHAR_CNAME=\"cgemm3m_oncopyb\" -DNO_AFFINITY -I.. -UDOUBLE  -DCOMPLEX -c -UDOUBLE -DCOMPLEX -DUSE_ALPHA generic/zgemm3m_ncopy_4.c -o cgemm3m_oncopyb.o
cc -O2 -DMAX_STACK_ALLOC=2048 -Wall -m64 -DF_INTERFACE_GFORT -fPIC -DNO_LAPACK -DNO_LAPACKE -DSMP_SERVER -DNO_WARMUP -DMAX_CPU_NUMBER=4 -DMAX_PARALLEL_NUMBER=1 -DBUILD_SINGLE=1 -DBUILD_DOUBLE=1 -DBUILD_COMPLEX=1 -DBUILD_COMPLEX16=1 -DVERSION=\"0.3.17.dev\" -msse3 -mssse3 -msse4.1 -mavx -mavx2 -mavx2 -UASMNAME -UASMFNAME -UNAME -UCNAME -UCHAR_NAME -UCHAR_CNAME -DASMNAME=cgemm3m_otcopyb -DASMFNAME=cgemm3m_otcopyb_ -DNAME=cgemm3m_otcopyb_ -DCNAME=cgemm3m_otcopyb -DCHAR_NAME=\"cgemm3m_otcopyb_\" -DCHAR_CNAME=\"cgemm3m_otcopyb\" -DNO_AFFINITY -I.. -UDOUBLE  -DCOMPLEX -c -UDOUBLE -DCOMPLEX -DUSE_ALPHA generic/zgemm3m_tcopy_4.c -o cgemm3m_otcopyb.o
cc -O2 -DMAX_STACK_ALLOC=2048 -Wall -m64 -DF_INTERFACE_GFORT -fPIC -DNO_LAPACK -DNO_LAPACKE -DSMP_SERVER -DNO_WARMUP -DMAX_CPU_NUMBER=4 -DMAX_PARALLEL_NUMBER=1 -DBUILD_SINGLE=1 -DBUILD_DOUBLE=1 -DBUILD_COMPLEX=1 -DBUILD_COMPLEX16=1 -DVERSION=\"0.3.17.dev\" -msse3 -mssse3 -msse4.1 -mavx -mavx2 -mavx2 -UASMNAME -UASMFNAME -UNAME -UCNAME -UCHAR_NAME -UCHAR_CNAME -DASMNAME=cgemm3m_oncopyr -DASMFNAME=cgemm3m_oncopyr_ -DNAME=cgemm3m_oncopyr_ -DCNAME=cgemm3m_oncopyr -DCHAR_NAME=\"cgemm3m_oncopyr_\" -DCHAR_CNAME=\"cgemm3m_oncopyr\" -DNO_AFFINITY -I.. -UDOUBLE  -DCOMPLEX -c -UDOUBLE -DCOMPLEX -DUSE_ALPHA -DREAL_ONLY generic/zgemm3m_ncopy_4.c -o cgemm3m_oncopyr.o
cc -O2 -DMAX_STACK_ALLOC=2048 -Wall -m64 -DF_INTERFACE_GFORT -fPIC -DNO_LAPACK -DNO_LAPACKE -DSMP_SERVER -DNO_WARMUP -DMAX_CPU_NUMBER=4 -DMAX_PARALLEL_NUMBER=1 -DBUILD_SINGLE=1 -DBUILD_DOUBLE=1 -DBUILD_COMPLEX=1 -DBUILD_COMPLEX16=1 -DVERSION=\"0.3.17.dev\" -msse3 -mssse3 -msse4.1 -mavx -mavx2 -mavx2 -UASMNAME -UASMFNAME -UNAME -UCNAME -UCHAR_NAME -UCHAR_CNAME -DASMNAME=cgemm3m_otcopyr -DASMFNAME=cgemm3m_otcopyr_ -DNAME=cgemm3m_otcopyr_ -DCNAME=cgemm3m_otcopyr -DCHAR_NAME=\"cgemm3m_otcopyr_\" -DCHAR_CNAME=\"cgemm3m_otcopyr\" -DNO_AFFINITY -I.. -UDOUBLE  -DCOMPLEX -c -UDOUBLE -DCOMPLEX -DUSE_ALPHA -DREAL_ONLY generic/zgemm3m_tcopy_4.c -o cgemm3m_otcopyr.o
cc -O2 -DMAX_STACK_ALLOC=2048 -Wall -m64 -DF_INTERFACE_GFORT -fPIC -DNO_LAPACK -DNO_LAPACKE -DSMP_SERVER -DNO_WARMUP -DMAX_CPU_NUMBER=4 -DMAX_PARALLEL_NUMBER=1 -DBUILD_SINGLE=1 -DBUILD_DOUBLE=1 -DBUILD_COMPLEX=1 -DBUILD_COMPLEX16=1 -DVERSION=\"0.3.17.dev\" -msse3 -mssse3 -msse4.1 -mavx -mavx2 -mavx2 -UASMNAME -UASMFNAME -UNAME -UCNAME -UCHAR_NAME -UCHAR_CNAME -DASMNAME=cgemm3m_oncopyi -DASMFNAME=cgemm3m_oncopyi_ -DNAME=cgemm3m_oncopyi_ -DCNAME=cgemm3m_oncopyi -DCHAR_NAME=\"cgemm3m_oncopyi_\" -DCHAR_CNAME=\"cgemm3m_oncopyi\" -DNO_AFFINITY -I.. -UDOUBLE  -DCOMPLEX -c -UDOUBLE -DCOMPLEX -DUSE_ALPHA -DIMAGE_ONLY generic/zgemm3m_ncopy_4.c -o cgemm3m_oncopyi.o
cc -O2 -DMAX_STACK_ALLOC=2048 -Wall -m64 -DF_INTERFACE_GFORT -fPIC -DNO_LAPACK -DNO_LAPACKE -DSMP_SERVER -DNO_WARMUP -DMAX_CPU_NUMBER=4 -DMAX_PARALLEL_NUMBER=1 -DBUILD_SINGLE=1 -DBUILD_DOUBLE=1 -DBUILD_COMPLEX=1 -DBUILD_COMPLEX16=1 -DVERSION=\"0.3.17.dev\" -msse3 -mssse3 -msse4.1 -mavx -mavx2 -mavx2 -UASMNAME -UASMFNAME -UNAME -UCNAME -UCHAR_NAME -UCHAR_CNAME -DASMNAME=cgemm3m_otcopyi -DASMFNAME=cgemm3m_otcopyi_ -DNAME=cgemm3m_otcopyi_ -DCNAME=cgemm3m_otcopyi -DCHAR_NAME=\"cgemm3m_otcopyi_\" -DCHAR_CNAME=\"cgemm3m_otcopyi\" -DNO_AFFINITY -I.. -UDOUBLE  -DCOMPLEX -c -UDOUBLE -DCOMPLEX -DUSE_ALPHA -DIMAGE_ONLY generic/zgemm3m_tcopy_4.c -o cgemm3m_otcopyi.o
cc -O2 -DMAX_STACK_ALLOC=2048 -Wall -m64 -DF_INTERFACE_GFORT -fPIC -DNO_LAPACK -DNO_LAPACKE -DSMP_SERVER -DNO_WARMUP -DMAX_CPU_NUMBER=4 -DMAX_PARALLEL_NUMBER=1 -DBUILD_SINGLE=1 -DBUILD_DOUBLE=1 -DBUILD_COMPLEX=1 -DBUILD_COMPLEX16=1 -DVERSION=\"0.3.17.dev\" -msse3 -mssse3 -msse4.1 -mavx -mavx2 -mavx2 -UASMNAME -UASMFNAME -UNAME -UCNAME -UCHAR_NAME -UCHAR_CNAME -DASMNAME=csymm3m_iucopyb -DASMFNAME=csymm3m_iucopyb_ -DNAME=csymm3m_iucopyb_ -DCNAME=csymm3m_iucopyb -DCHAR_NAME=\"csymm3m_iucopyb_\" -DCHAR_CNAME=\"csymm3m_iucopyb\" -DNO_AFFINITY -I.. -UDOUBLE  -DCOMPLEX -Wno-uninitialized -c -UDOUBLE -DCOMPLEX -UUSE_ALPHA generic/zsymm3m_ucopy_8.c -o csymm3m_iucopyb.o
cc -O2 -DMAX_STACK_ALLOC=2048 -Wall -m64 -DF_INTERFACE_GFORT -fPIC -DNO_LAPACK -DNO_LAPACKE -DSMP_SERVER -DNO_WARMUP -DMAX_CPU_NUMBER=4 -DMAX_PARALLEL_NUMBER=1 -DBUILD_SINGLE=1 -DBUILD_DOUBLE=1 -DBUILD_COMPLEX=1 -DBUILD_COMPLEX16=1 -DVERSION=\"0.3.17.dev\" -msse3 -mssse3 -msse4.1 -mavx -mavx2 -mavx2 -UASMNAME -UASMFNAME -UNAME -UCNAME -UCHAR_NAME -UCHAR_CNAME -DASMNAME=csymm3m_oucopyb -DASMFNAME=csymm3m_oucopyb_ -DNAME=csymm3m_oucopyb_ -DCNAME=csymm3m_oucopyb -DCHAR_NAME=\"csymm3m_oucopyb_\" -DCHAR_CNAME=\"csymm3m_oucopyb\" -DNO_AFFINITY -I.. -UDOUBLE  -DCOMPLEX -Wno-uninitialized -c -UDOUBLE -DCOMPLEX -DUSE_ALPHA generic/zsymm3m_ucopy_4.c -o csymm3m_oucopyb.o
cc -O2 -DMAX_STACK_ALLOC=2048 -Wall -m64 -DF_INTERFACE_GFORT -fPIC -DNO_LAPACK -DNO_LAPACKE -DSMP_SERVER -DNO_WARMUP -DMAX_CPU_NUMBER=4 -DMAX_PARALLEL_NUMBER=1 -DBUILD_SINGLE=1 -DBUILD_DOUBLE=1 -DBUILD_COMPLEX=1 -DBUILD_COMPLEX16=1 -DVERSION=\"0.3.17.dev\" -msse3 -mssse3 -msse4.1 -mavx -mavx2 -mavx2 -UASMNAME -UASMFNAME -UNAME -UCNAME -UCHAR_NAME -UCHAR_CNAME -DASMNAME=csymm3m_iucopyr -DASMFNAME=csymm3m_iucopyr_ -DNAME=csymm3m_iucopyr_ -DCNAME=csymm3m_iucopyr -DCHAR_NAME=\"csymm3m_iucopyr_\" -DCHAR_CNAME=\"csymm3m_iucopyr\" -DNO_AFFINITY -I.. -UDOUBLE  -DCOMPLEX -Wno-uninitialized -c -UDOUBLE -DCOMPLEX -UUSE_ALPHA -DREAL_ONLY generic/zsymm3m_ucopy_8.c -o csymm3m_iucopyr.o
cc -O2 -DMAX_STACK_ALLOC=2048 -Wall -m64 -DF_INTERFACE_GFORT -fPIC -DNO_LAPACK -DNO_LAPACKE -DSMP_SERVER -DNO_WARMUP -DMAX_CPU_NUMBER=4 -DMAX_PARALLEL_NUMBER=1 -DBUILD_SINGLE=1 -DBUILD_DOUBLE=1 -DBUILD_COMPLEX=1 -DBUILD_COMPLEX16=1 -DVERSION=\"0.3.17.dev\" -msse3 -mssse3 -msse4.1 -mavx -mavx2 -mavx2 -UASMNAME -UASMFNAME -UNAME -UCNAME -UCHAR_NAME -UCHAR_CNAME -DASMNAME=csymm3m_oucopyr -DASMFNAME=csymm3m_oucopyr_ -DNAME=csymm3m_oucopyr_ -DCNAME=csymm3m_oucopyr -DCHAR_NAME=\"csymm3m_oucopyr_\" -DCHAR_CNAME=\"csymm3m_oucopyr\" -DNO_AFFINITY -I.. -UDOUBLE  -DCOMPLEX -Wno-uninitialized -c -UDOUBLE -DCOMPLEX -DUSE_ALPHA -DREAL_ONLY generic/zsymm3m_ucopy_4.c -o csymm3m_oucopyr.o
cc -O2 -DMAX_STACK_ALLOC=2048 -Wall -m64 -DF_INTERFACE_GFORT -fPIC -DNO_LAPACK -DNO_LAPACKE -DSMP_SERVER -DNO_WARMUP -DMAX_CPU_NUMBER=4 -DMAX_PARALLEL_NUMBER=1 -DBUILD_SINGLE=1 -DBUILD_DOUBLE=1 -DBUILD_COMPLEX=1 -DBUILD_COMPLEX16=1 -DVERSION=\"0.3.17.dev\" -msse3 -mssse3 -msse4.1 -mavx -mavx2 -mavx2 -UASMNAME -UASMFNAME -UNAME -UCNAME -UCHAR_NAME -UCHAR_CNAME -DASMNAME=csymm3m_iucopyi -DASMFNAME=csymm3m_iucopyi_ -DNAME=csymm3m_iucopyi_ -DCNAME=csymm3m_iucopyi -DCHAR_NAME=\"csymm3m_iucopyi_\" -DCHAR_CNAME=\"csymm3m_iucopyi\" -DNO_AFFINITY -I.. -UDOUBLE  -DCOMPLEX -Wno-uninitialized -c -UDOUBLE -DCOMPLEX -UUSE_ALPHA -DIMAGE_ONLY generic/zsymm3m_ucopy_8.c -o csymm3m_iucopyi.o
cc -O2 -DMAX_STACK_ALLOC=2048 -Wall -m64 -DF_INTERFACE_GFORT -fPIC -DNO_LAPACK -DNO_LAPACKE -DSMP_SERVER -DNO_WARMUP -DMAX_CPU_NUMBER=4 -DMAX_PARALLEL_NUMBER=1 -DBUILD_SINGLE=1 -DBUILD_DOUBLE=1 -DBUILD_COMPLEX=1 -DBUILD_COMPLEX16=1 -DVERSION=\"0.3.17.dev\" -msse3 -mssse3 -msse4.1 -mavx -mavx2 -mavx2 -UASMNAME -UASMFNAME -UNAME -UCNAME -UCHAR_NAME -UCHAR_CNAME -DASMNAME=csymm3m_oucopyi -DASMFNAME=csymm3m_oucopyi_ -DNAME=csymm3m_oucopyi_ -DCNAME=csymm3m_oucopyi -DCHAR_NAME=\"csymm3m_oucopyi_\" -DCHAR_CNAME=\"csymm3m_oucopyi\" -DNO_AFFINITY -I.. -UDOUBLE  -DCOMPLEX -Wno-uninitialized -c -UDOUBLE -DCOMPLEX -DUSE_ALPHA -DIMAGE_ONLY generic/zsymm3m_ucopy_4.c -o csymm3m_oucopyi.o
cc -O2 -DMAX_STACK_ALLOC=2048 -Wall -m64 -DF_INTERFACE_GFORT -fPIC -DNO_LAPACK -DNO_LAPACKE -DSMP_SERVER -DNO_WARMUP -DMAX_CPU_NUMBER=4 -DMAX_PARALLEL_NUMBER=1 -DBUILD_SINGLE=1 -DBUILD_DOUBLE=1 -DBUILD_COMPLEX=1 -DBUILD_COMPLEX16=1 -DVERSION=\"0.3.17.dev\" -msse3 -mssse3 -msse4.1 -mavx -mavx2 -mavx2 -UASMNAME -UASMFNAME -UNAME -UCNAME -UCHAR_NAME -UCHAR_CNAME -DASMNAME=csymm3m_ilcopyb -DASMFNAME=csymm3m_ilcopyb_ -DNAME=csymm3m_ilcopyb_ -DCNAME=csymm3m_ilcopyb -DCHAR_NAME=\"csymm3m_ilcopyb_\" -DCHAR_CNAME=\"csymm3m_ilcopyb\" -DNO_AFFINITY -I.. -UDOUBLE  -DCOMPLEX -Wno-uninitialized -c -UDOUBLE -DCOMPLEX -UUSE_ALPHA generic/zsymm3m_lcopy_8.c -o csymm3m_ilcopyb.o
cc -O2 -DMAX_STACK_ALLOC=2048 -Wall -m64 -DF_INTERFACE_GFORT -fPIC -DNO_LAPACK -DNO_LAPACKE -DSMP_SERVER -DNO_WARMUP -DMAX_CPU_NUMBER=4 -DMAX_PARALLEL_NUMBER=1 -DBUILD_SINGLE=1 -DBUILD_DOUBLE=1 -DBUILD_COMPLEX=1 -DBUILD_COMPLEX16=1 -DVERSION=\"0.3.17.dev\" -msse3 -mssse3 -msse4.1 -mavx -mavx2 -mavx2 -UASMNAME -UASMFNAME -UNAME -UCNAME -UCHAR_NAME -UCHAR_CNAME -DASMNAME=csymm3m_olcopyb -DASMFNAME=csymm3m_olcopyb_ -DNAME=csymm3m_olcopyb_ -DCNAME=csymm3m_olcopyb -DCHAR_NAME=\"csymm3m_olcopyb_\" -DCHAR_CNAME=\"csymm3m_olcopyb\" -DNO_AFFINITY -I.. -UDOUBLE  -DCOMPLEX -Wno-uninitialized -c -UDOUBLE -DCOMPLEX -DUSE_ALPHA generic/zsymm3m_lcopy_4.c -o csymm3m_olcopyb.o
cc -O2 -DMAX_STACK_ALLOC=2048 -Wall -m64 -DF_INTERFACE_GFORT -fPIC -DNO_LAPACK -DNO_LAPACKE -DSMP_SERVER -DNO_WARMUP -DMAX_CPU_NUMBER=4 -DMAX_PARALLEL_NUMBER=1 -DBUILD_SINGLE=1 -DBUILD_DOUBLE=1 -DBUILD_COMPLEX=1 -DBUILD_COMPLEX16=1 -DVERSION=\"0.3.17.dev\" -msse3 -mssse3 -msse4.1 -mavx -mavx2 -mavx2 -UASMNAME -UASMFNAME -UNAME -UCNAME -UCHAR_NAME -UCHAR_CNAME -DASMNAME=csymm3m_ilcopyr -DASMFNAME=csymm3m_ilcopyr_ -DNAME=csymm3m_ilcopyr_ -DCNAME=csymm3m_ilcopyr -DCHAR_NAME=\"csymm3m_ilcopyr_\" -DCHAR_CNAME=\"csymm3m_ilcopyr\" -DNO_AFFINITY -I.. -UDOUBLE  -DCOMPLEX -Wno-uninitialized -c -UDOUBLE -DCOMPLEX -UUSE_ALPHA -DREAL_ONLY generic/zsymm3m_lcopy_8.c -o csymm3m_ilcopyr.o
cc -O2 -DMAX_STACK_ALLOC=2048 -Wall -m64 -DF_INTERFACE_GFORT -fPIC -DNO_LAPACK -DNO_LAPACKE -DSMP_SERVER -DNO_WARMUP -DMAX_CPU_NUMBER=4 -DMAX_PARALLEL_NUMBER=1 -DBUILD_SINGLE=1 -DBUILD_DOUBLE=1 -DBUILD_COMPLEX=1 -DBUILD_COMPLEX16=1 -DVERSION=\"0.3.17.dev\" -msse3 -mssse3 -msse4.1 -mavx -mavx2 -mavx2 -UASMNAME -UASMFNAME -UNAME -UCNAME -UCHAR_NAME -UCHAR_CNAME -DASMNAME=csymm3m_olcopyr -DASMFNAME=csymm3m_olcopyr_ -DNAME=csymm3m_olcopyr_ -DCNAME=csymm3m_olcopyr -DCHAR_NAME=\"csymm3m_olcopyr_\" -DCHAR_CNAME=\"csymm3m_olcopyr\" -DNO_AFFINITY -I.. -UDOUBLE  -DCOMPLEX -Wno-uninitialized -c -UDOUBLE -DCOMPLEX -DUSE_ALPHA -DREAL_ONLY generic/zsymm3m_lcopy_4.c -o csymm3m_olcopyr.o
cc -O2 -DMAX_STACK_ALLOC=2048 -Wall -m64 -DF_INTERFACE_GFORT -fPIC -DNO_LAPACK -DNO_LAPACKE -DSMP_SERVER -DNO_WARMUP -DMAX_CPU_NUMBER=4 -DMAX_PARALLEL_NUMBER=1 -DBUILD_SINGLE=1 -DBUILD_DOUBLE=1 -DBUILD_COMPLEX=1 -DBUILD_COMPLEX16=1 -DVERSION=\"0.3.17.dev\" -msse3 -mssse3 -msse4.1 -mavx -mavx2 -mavx2 -UASMNAME -UASMFNAME -UNAME -UCNAME -UCHAR_NAME -UCHAR_CNAME -DASMNAME=csymm3m_ilcopyi -DASMFNAME=csymm3m_ilcopyi_ -DNAME=csymm3m_ilcopyi_ -DCNAME=csymm3m_ilcopyi -DCHAR_NAME=\"csymm3m_ilcopyi_\" -DCHAR_CNAME=\"csymm3m_ilcopyi\" -DNO_AFFINITY -I.. -UDOUBLE  -DCOMPLEX -Wno-uninitialized -c -UDOUBLE -DCOMPLEX -UUSE_ALPHA -DIMAGE_ONLY generic/zsymm3m_lcopy_8.c -o csymm3m_ilcopyi.o
cc -O2 -DMAX_STACK_ALLOC=2048 -Wall -m64 -DF_INTERFACE_GFORT -fPIC -DNO_LAPACK -DNO_LAPACKE -DSMP_SERVER -DNO_WARMUP -DMAX_CPU_NUMBER=4 -DMAX_PARALLEL_NUMBER=1 -DBUILD_SINGLE=1 -DBUILD_DOUBLE=1 -DBUILD_COMPLEX=1 -DBUILD_COMPLEX16=1 -DVERSION=\"0.3.17.dev\" -msse3 -mssse3 -msse4.1 -mavx -mavx2 -mavx2 -UASMNAME -UASMFNAME -UNAME -UCNAME -UCHAR_NAME -UCHAR_CNAME -DASMNAME=csymm3m_olcopyi -DASMFNAME=csymm3m_olcopyi_ -DNAME=csymm3m_olcopyi_ -DCNAME=csymm3m_olcopyi -DCHAR_NAME=\"csymm3m_olcopyi_\" -DCHAR_CNAME=\"csymm3m_olcopyi\" -DNO_AFFINITY -I.. -UDOUBLE  -DCOMPLEX -Wno-uninitialized -c -UDOUBLE -DCOMPLEX -DUSE_ALPHA -DIMAGE_ONLY generic/zsymm3m_lcopy_4.c -o csymm3m_olcopyi.o
cc -O2 -DMAX_STACK_ALLOC=2048 -Wall -m64 -DF_INTERFACE_GFORT -fPIC -DNO_LAPACK -DNO_LAPACKE -DSMP_SERVER -DNO_WARMUP -DMAX_CPU_NUMBER=4 -DMAX_PARALLEL_NUMBER=1 -DBUILD_SINGLE=1 -DBUILD_DOUBLE=1 -DBUILD_COMPLEX=1 -DBUILD_COMPLEX16=1 -DVERSION=\"0.3.17.dev\" -msse3 -mssse3 -msse4.1 -mavx -mavx2 -mavx2 -UASMNAME -UASMFNAME -UNAME -UCNAME -UCHAR_NAME -UCHAR_CNAME -DASMNAME=chemm3m_iucopyb -DASMFNAME=chemm3m_iucopyb_ -DNAME=chemm3m_iucopyb_ -DCNAME=chemm3m_iucopyb -DCHAR_NAME=\"chemm3m_iucopyb_\" -DCHAR_CNAME=\"chemm3m_iucopyb\" -DNO_AFFINITY -I.. -UDOUBLE  -DCOMPLEX -Wno-uninitialized -c -UDOUBLE -DCOMPLEX -UUSE_ALPHA generic/zhemm3m_ucopy_8.c -o chemm3m_iucopyb.o
cc -O2 -DMAX_STACK_ALLOC=2048 -Wall -m64 -DF_INTERFACE_GFORT -fPIC -DNO_LAPACK -DNO_LAPACKE -DSMP_SERVER -DNO_WARMUP -DMAX_CPU_NUMBER=4 -DMAX_PARALLEL_NUMBER=1 -DBUILD_SINGLE=1 -DBUILD_DOUBLE=1 -DBUILD_COMPLEX=1 -DBUILD_COMPLEX16=1 -DVERSION=\"0.3.17.dev\" -msse3 -mssse3 -msse4.1 -mavx -mavx2 -mavx2 -UASMNAME -UASMFNAME -UNAME -UCNAME -UCHAR_NAME -UCHAR_CNAME -DASMNAME=chemm3m_oucopyb -DASMFNAME=chemm3m_oucopyb_ -DNAME=chemm3m_oucopyb_ -DCNAME=chemm3m_oucopyb -DCHAR_NAME=\"chemm3m_oucopyb_\" -DCHAR_CNAME=\"chemm3m_oucopyb\" -DNO_AFFINITY -I.. -UDOUBLE  -DCOMPLEX -Wno-uninitialized -c -UDOUBLE -DCOMPLEX -DUSE_ALPHA generic/zhemm3m_ucopy_4.c -o chemm3m_oucopyb.o
cc -O2 -DMAX_STACK_ALLOC=2048 -Wall -m64 -DF_INTERFACE_GFORT -fPIC -DNO_LAPACK -DNO_LAPACKE -DSMP_SERVER -DNO_WARMUP -DMAX_CPU_NUMBER=4 -DMAX_PARALLEL_NUMBER=1 -DBUILD_SINGLE=1 -DBUILD_DOUBLE=1 -DBUILD_COMPLEX=1 -DBUILD_COMPLEX16=1 -DVERSION=\"0.3.17.dev\" -msse3 -mssse3 -msse4.1 -mavx -mavx2 -mavx2 -UASMNAME -UASMFNAME -UNAME -UCNAME -UCHAR_NAME -UCHAR_CNAME -DASMNAME=chemm3m_iucopyr -DASMFNAME=chemm3m_iucopyr_ -DNAME=chemm3m_iucopyr_ -DCNAME=chemm3m_iucopyr -DCHAR_NAME=\"chemm3m_iucopyr_\" -DCHAR_CNAME=\"chemm3m_iucopyr\" -DNO_AFFINITY -I.. -UDOUBLE  -DCOMPLEX -Wno-uninitialized -c -UDOUBLE -DCOMPLEX -UUSE_ALPHA -DREAL_ONLY generic/zhemm3m_ucopy_8.c -o chemm3m_iucopyr.o
cc -O2 -DMAX_STACK_ALLOC=2048 -Wall -m64 -DF_INTERFACE_GFORT -fPIC -DNO_LAPACK -DNO_LAPACKE -DSMP_SERVER -DNO_WARMUP -DMAX_CPU_NUMBER=4 -DMAX_PARALLEL_NUMBER=1 -DBUILD_SINGLE=1 -DBUILD_DOUBLE=1 -DBUILD_COMPLEX=1 -DBUILD_COMPLEX16=1 -DVERSION=\"0.3.17.dev\" -msse3 -mssse3 -msse4.1 -mavx -mavx2 -mavx2 -UASMNAME -UASMFNAME -UNAME -UCNAME -UCHAR_NAME -UCHAR_CNAME -DASMNAME=chemm3m_oucopyr -DASMFNAME=chemm3m_oucopyr_ -DNAME=chemm3m_oucopyr_ -DCNAME=chemm3m_oucopyr -DCHAR_NAME=\"chemm3m_oucopyr_\" -DCHAR_CNAME=\"chemm3m_oucopyr\" -DNO_AFFINITY -I.. -UDOUBLE  -DCOMPLEX -Wno-uninitialized -c -UDOUBLE -DCOMPLEX -DUSE_ALPHA -DREAL_ONLY generic/zhemm3m_ucopy_4.c -o chemm3m_oucopyr.o
cc -O2 -DMAX_STACK_ALLOC=2048 -Wall -m64 -DF_INTERFACE_GFORT -fPIC -DNO_LAPACK -DNO_LAPACKE -DSMP_SERVER -DNO_WARMUP -DMAX_CPU_NUMBER=4 -DMAX_PARALLEL_NUMBER=1 -DBUILD_SINGLE=1 -DBUILD_DOUBLE=1 -DBUILD_COMPLEX=1 -DBUILD_COMPLEX16=1 -DVERSION=\"0.3.17.dev\" -msse3 -mssse3 -msse4.1 -mavx -mavx2 -mavx2 -UASMNAME -UASMFNAME -UNAME -UCNAME -UCHAR_NAME -UCHAR_CNAME -DASMNAME=chemm3m_iucopyi -DASMFNAME=chemm3m_iucopyi_ -DNAME=chemm3m_iucopyi_ -DCNAME=chemm3m_iucopyi -DCHAR_NAME=\"chemm3m_iucopyi_\" -DCHAR_CNAME=\"chemm3m_iucopyi\" -DNO_AFFINITY -I.. -UDOUBLE  -DCOMPLEX -Wno-uninitialized -c -UDOUBLE -DCOMPLEX -UUSE_ALPHA -DIMAGE_ONLY generic/zhemm3m_ucopy_8.c -o chemm3m_iucopyi.o
cc -O2 -DMAX_STACK_ALLOC=2048 -Wall -m64 -DF_INTERFACE_GFORT -fPIC -DNO_LAPACK -DNO_LAPACKE -DSMP_SERVER -DNO_WARMUP -DMAX_CPU_NUMBER=4 -DMAX_PARALLEL_NUMBER=1 -DBUILD_SINGLE=1 -DBUILD_DOUBLE=1 -DBUILD_COMPLEX=1 -DBUILD_COMPLEX16=1 -DVERSION=\"0.3.17.dev\" -msse3 -mssse3 -msse4.1 -mavx -mavx2 -mavx2 -UASMNAME -UASMFNAME -UNAME -UCNAME -UCHAR_NAME -UCHAR_CNAME -DASMNAME=chemm3m_oucopyi -DASMFNAME=chemm3m_oucopyi_ -DNAME=chemm3m_oucopyi_ -DCNAME=chemm3m_oucopyi -DCHAR_NAME=\"chemm3m_oucopyi_\" -DCHAR_CNAME=\"chemm3m_oucopyi\" -DNO_AFFINITY -I.. -UDOUBLE  -DCOMPLEX -Wno-uninitialized -c -UDOUBLE -DCOMPLEX -DUSE_ALPHA -DIMAGE_ONLY generic/zhemm3m_ucopy_4.c -o chemm3m_oucopyi.o
cc -O2 -DMAX_STACK_ALLOC=2048 -Wall -m64 -DF_INTERFACE_GFORT -fPIC -DNO_LAPACK -DNO_LAPACKE -DSMP_SERVER -DNO_WARMUP -DMAX_CPU_NUMBER=4 -DMAX_PARALLEL_NUMBER=1 -DBUILD_SINGLE=1 -DBUILD_DOUBLE=1 -DBUILD_COMPLEX=1 -DBUILD_COMPLEX16=1 -DVERSION=\"0.3.17.dev\" -msse3 -mssse3 -msse4.1 -mavx -mavx2 -mavx2 -UASMNAME -UASMFNAME -UNAME -UCNAME -UCHAR_NAME -UCHAR_CNAME -DASMNAME=chemm3m_ilcopyb -DASMFNAME=chemm3m_ilcopyb_ -DNAME=chemm3m_ilcopyb_ -DCNAME=chemm3m_ilcopyb -DCHAR_NAME=\"chemm3m_ilcopyb_\" -DCHAR_CNAME=\"chemm3m_ilcopyb\" -DNO_AFFINITY -I.. -UDOUBLE  -DCOMPLEX -Wno-uninitialized -c -UDOUBLE -DCOMPLEX -UUSE_ALPHA generic/zhemm3m_lcopy_8.c -o chemm3m_ilcopyb.o
cc -O2 -DMAX_STACK_ALLOC=2048 -Wall -m64 -DF_INTERFACE_GFORT -fPIC -DNO_LAPACK -DNO_LAPACKE -DSMP_SERVER -DNO_WARMUP -DMAX_CPU_NUMBER=4 -DMAX_PARALLEL_NUMBER=1 -DBUILD_SINGLE=1 -DBUILD_DOUBLE=1 -DBUILD_COMPLEX=1 -DBUILD_COMPLEX16=1 -DVERSION=\"0.3.17.dev\" -msse3 -mssse3 -msse4.1 -mavx -mavx2 -mavx2 -UASMNAME -UASMFNAME -UNAME -UCNAME -UCHAR_NAME -UCHAR_CNAME -DASMNAME=chemm3m_olcopyb -DASMFNAME=chemm3m_olcopyb_ -DNAME=chemm3m_olcopyb_ -DCNAME=chemm3m_olcopyb -DCHAR_NAME=\"chemm3m_olcopyb_\" -DCHAR_CNAME=\"chemm3m_olcopyb\" -DNO_AFFINITY -I.. -UDOUBLE  -DCOMPLEX -Wno-uninitialized -c -UDOUBLE -DCOMPLEX -DUSE_ALPHA generic/zhemm3m_lcopy_4.c -o chemm3m_olcopyb.o
cc -O2 -DMAX_STACK_ALLOC=2048 -Wall -m64 -DF_INTERFACE_GFORT -fPIC -DNO_LAPACK -DNO_LAPACKE -DSMP_SERVER -DNO_WARMUP -DMAX_CPU_NUMBER=4 -DMAX_PARALLEL_NUMBER=1 -DBUILD_SINGLE=1 -DBUILD_DOUBLE=1 -DBUILD_COMPLEX=1 -DBUILD_COMPLEX16=1 -DVERSION=\"0.3.17.dev\" -msse3 -mssse3 -msse4.1 -mavx -mavx2 -mavx2 -UASMNAME -UASMFNAME -UNAME -UCNAME -UCHAR_NAME -UCHAR_CNAME -DASMNAME=chemm3m_ilcopyr -DASMFNAME=chemm3m_ilcopyr_ -DNAME=chemm3m_ilcopyr_ -DCNAME=chemm3m_ilcopyr -DCHAR_NAME=\"chemm3m_ilcopyr_\" -DCHAR_CNAME=\"chemm3m_ilcopyr\" -DNO_AFFINITY -I.. -UDOUBLE  -DCOMPLEX -Wno-uninitialized -c -UDOUBLE -DCOMPLEX -UUSE_ALPHA -DREAL_ONLY generic/zhemm3m_lcopy_8.c -o chemm3m_ilcopyr.o
cc -O2 -DMAX_STACK_ALLOC=2048 -Wall -m64 -DF_INTERFACE_GFORT -fPIC -DNO_LAPACK -DNO_LAPACKE -DSMP_SERVER -DNO_WARMUP -DMAX_CPU_NUMBER=4 -DMAX_PARALLEL_NUMBER=1 -DBUILD_SINGLE=1 -DBUILD_DOUBLE=1 -DBUILD_COMPLEX=1 -DBUILD_COMPLEX16=1 -DVERSION=\"0.3.17.dev\" -msse3 -mssse3 -msse4.1 -mavx -mavx2 -mavx2 -UASMNAME -UASMFNAME -UNAME -UCNAME -UCHAR_NAME -UCHAR_CNAME -DASMNAME=chemm3m_olcopyr -DASMFNAME=chemm3m_olcopyr_ -DNAME=chemm3m_olcopyr_ -DCNAME=chemm3m_olcopyr -DCHAR_NAME=\"chemm3m_olcopyr_\" -DCHAR_CNAME=\"chemm3m_olcopyr\" -DNO_AFFINITY -I.. -UDOUBLE  -DCOMPLEX -Wno-uninitialized -c -UDOUBLE -DCOMPLEX -DUSE_ALPHA -DREAL_ONLY generic/zhemm3m_lcopy_4.c -o chemm3m_olcopyr.o
cc -O2 -DMAX_STACK_ALLOC=2048 -Wall -m64 -DF_INTERFACE_GFORT -fPIC -DNO_LAPACK -DNO_LAPACKE -DSMP_SERVER -DNO_WARMUP -DMAX_CPU_NUMBER=4 -DMAX_PARALLEL_NUMBER=1 -DBUILD_SINGLE=1 -DBUILD_DOUBLE=1 -DBUILD_COMPLEX=1 -DBUILD_COMPLEX16=1 -DVERSION=\"0.3.17.dev\" -msse3 -mssse3 -msse4.1 -mavx -mavx2 -mavx2 -UASMNAME -UASMFNAME -UNAME -UCNAME -UCHAR_NAME -UCHAR_CNAME -DASMNAME=chemm3m_ilcopyi -DASMFNAME=chemm3m_ilcopyi_ -DNAME=chemm3m_ilcopyi_ -DCNAME=chemm3m_ilcopyi -DCHAR_NAME=\"chemm3m_ilcopyi_\" -DCHAR_CNAME=\"chemm3m_ilcopyi\" -DNO_AFFINITY -I.. -UDOUBLE  -DCOMPLEX -Wno-uninitialized -c -UDOUBLE -DCOMPLEX -UUSE_ALPHA -DIMAGE_ONLY generic/zhemm3m_lcopy_8.c -o chemm3m_ilcopyi.o
cc -O2 -DMAX_STACK_ALLOC=2048 -Wall -m64 -DF_INTERFACE_GFORT -fPIC -DNO_LAPACK -DNO_LAPACKE -DSMP_SERVER -DNO_WARMUP -DMAX_CPU_NUMBER=4 -DMAX_PARALLEL_NUMBER=1 -DBUILD_SINGLE=1 -DBUILD_DOUBLE=1 -DBUILD_COMPLEX=1 -DBUILD_COMPLEX16=1 -DVERSION=\"0.3.17.dev\" -msse3 -mssse3 -msse4.1 -mavx -mavx2 -mavx2 -UASMNAME -UASMFNAME -UNAME -UCNAME -UCHAR_NAME -UCHAR_CNAME -DASMNAME=chemm3m_olcopyi -DASMFNAME=chemm3m_olcopyi_ -DNAME=chemm3m_olcopyi_ -DCNAME=chemm3m_olcopyi -DCHAR_NAME=\"chemm3m_olcopyi_\" -DCHAR_CNAME=\"chemm3m_olcopyi\" -DNO_AFFINITY -I.. -UDOUBLE  -DCOMPLEX -Wno-uninitialized -c -UDOUBLE -DCOMPLEX -DUSE_ALPHA -DIMAGE_ONLY generic/zhemm3m_lcopy_4.c -o chemm3m_olcopyi.o
cc -O2 -DMAX_STACK_ALLOC=2048 -Wall -m64 -DF_INTERFACE_GFORT -fPIC -DNO_LAPACK -DNO_LAPACKE -DSMP_SERVER -DNO_WARMUP -DMAX_CPU_NUMBER=4 -DMAX_PARALLEL_NUMBER=1 -DBUILD_SINGLE=1 -DBUILD_DOUBLE=1 -DBUILD_COMPLEX=1 -DBUILD_COMPLEX16=1 -DVERSION=\"0.3.17.dev\" -msse3 -mssse3 -msse4.1 -mavx -mavx2 -mavx2 -UASMNAME -UASMFNAME -UNAME -UCNAME -UCHAR_NAME -UCHAR_CNAME -DASMNAME=comatcopy_k_cn -DASMFNAME=comatcopy_k_cn_ -DNAME=comatcopy_k_cn_ -DCNAME=comatcopy_k_cn -DCHAR_NAME=\"comatcopy_k_cn_\" -DCHAR_CNAME=\"comatcopy_k_cn\" -DNO_AFFINITY -I.. -UDOUBLE  -DCOMPLEX -c -UDOUBLE -DCOMPLEX -UROWM -UCONJ ../kernel/x86_64/../arm/zomatcopy_cn.c -o comatcopy_k_cn.o
cc -O2 -DMAX_STACK_ALLOC=2048 -Wall -m64 -DF_INTERFACE_GFORT -fPIC -DNO_LAPACK -DNO_LAPACKE -DSMP_SERVER -DNO_WARMUP -DMAX_CPU_NUMBER=4 -DMAX_PARALLEL_NUMBER=1 -DBUILD_SINGLE=1 -DBUILD_DOUBLE=1 -DBUILD_COMPLEX=1 -DBUILD_COMPLEX16=1 -DVERSION=\"0.3.17.dev\" -msse3 -mssse3 -msse4.1 -mavx -mavx2 -mavx2 -UASMNAME -UASMFNAME -UNAME -UCNAME -UCHAR_NAME -UCHAR_CNAME -DASMNAME=comatcopy_k_rn -DASMFNAME=comatcopy_k_rn_ -DNAME=comatcopy_k_rn_ -DCNAME=comatcopy_k_rn -DCHAR_NAME=\"comatcopy_k_rn_\" -DCHAR_CNAME=\"comatcopy_k_rn\" -DNO_AFFINITY -I.. -UDOUBLE  -DCOMPLEX -c -UDOUBLE -DCOMPLEX -DROWM -UCONJ ../kernel/x86_64/../arm/zomatcopy_rn.c -o comatcopy_k_rn.o
cc -O2 -DMAX_STACK_ALLOC=2048 -Wall -m64 -DF_INTERFACE_GFORT -fPIC -DNO_LAPACK -DNO_LAPACKE -DSMP_SERVER -DNO_WARMUP -DMAX_CPU_NUMBER=4 -DMAX_PARALLEL_NUMBER=1 -DBUILD_SINGLE=1 -DBUILD_DOUBLE=1 -DBUILD_COMPLEX=1 -DBUILD_COMPLEX16=1 -DVERSION=\"0.3.17.dev\" -msse3 -mssse3 -msse4.1 -mavx -mavx2 -mavx2 -UASMNAME -UASMFNAME -UNAME -UCNAME -UCHAR_NAME -UCHAR_CNAME -DASMNAME=comatcopy_k_ct -DASMFNAME=comatcopy_k_ct_ -DNAME=comatcopy_k_ct_ -DCNAME=comatcopy_k_ct -DCHAR_NAME=\"comatcopy_k_ct_\" -DCHAR_CNAME=\"comatcopy_k_ct\" -DNO_AFFINITY -I.. -UDOUBLE  -DCOMPLEX -c -UDOUBLE -DCOMPLEX -UROWM -UCONJ ../kernel/x86_64/../arm/zomatcopy_ct.c -o comatcopy_k_ct.o
cc -O2 -DMAX_STACK_ALLOC=2048 -Wall -m64 -DF_INTERFACE_GFORT -fPIC -DNO_LAPACK -DNO_LAPACKE -DSMP_SERVER -DNO_WARMUP -DMAX_CPU_NUMBER=4 -DMAX_PARALLEL_NUMBER=1 -DBUILD_SINGLE=1 -DBUILD_DOUBLE=1 -DBUILD_COMPLEX=1 -DBUILD_COMPLEX16=1 -DVERSION=\"0.3.17.dev\" -msse3 -mssse3 -msse4.1 -mavx -mavx2 -mavx2 -UASMNAME -UASMFNAME -UNAME -UCNAME -UCHAR_NAME -UCHAR_CNAME -DASMNAME=comatcopy_k_rt -DASMFNAME=comatcopy_k_rt_ -DNAME=comatcopy_k_rt_ -DCNAME=comatcopy_k_rt -DCHAR_NAME=\"comatcopy_k_rt_\" -DCHAR_CNAME=\"comatcopy_k_rt\" -DNO_AFFINITY -I.. -UDOUBLE  -DCOMPLEX -c -UDOUBLE -DCOMPLEX -DROWM -UCONJ ../kernel/x86_64/../arm/zomatcopy_rt.c -o comatcopy_k_rt.o
cc -O2 -DMAX_STACK_ALLOC=2048 -Wall -m64 -DF_INTERFACE_GFORT -fPIC -DNO_LAPACK -DNO_LAPACKE -DSMP_SERVER -DNO_WARMUP -DMAX_CPU_NUMBER=4 -DMAX_PARALLEL_NUMBER=1 -DBUILD_SINGLE=1 -DBUILD_DOUBLE=1 -DBUILD_COMPLEX=1 -DBUILD_COMPLEX16=1 -DVERSION=\"0.3.17.dev\" -msse3 -mssse3 -msse4.1 -mavx -mavx2 -mavx2 -UASMNAME -UASMFNAME -UNAME -UCNAME -UCHAR_NAME -UCHAR_CNAME -DASMNAME=comatcopy_k_cnc -DASMFNAME=comatcopy_k_cnc_ -DNAME=comatcopy_k_cnc_ -DCNAME=comatcopy_k_cnc -DCHAR_NAME=\"comatcopy_k_cnc_\" -DCHAR_CNAME=\"comatcopy_k_cnc\" -DNO_AFFINITY -I.. -UDOUBLE  -DCOMPLEX -c -UDOUBLE -DCOMPLEX -UROWM -DCONJ ../kernel/x86_64/../arm/zomatcopy_cnc.c -o comatcopy_k_cnc.o
cc -O2 -DMAX_STACK_ALLOC=2048 -Wall -m64 -DF_INTERFACE_GFORT -fPIC -DNO_LAPACK -DNO_LAPACKE -DSMP_SERVER -DNO_WARMUP -DMAX_CPU_NUMBER=4 -DMAX_PARALLEL_NUMBER=1 -DBUILD_SINGLE=1 -DBUILD_DOUBLE=1 -DBUILD_COMPLEX=1 -DBUILD_COMPLEX16=1 -DVERSION=\"0.3.17.dev\" -msse3 -mssse3 -msse4.1 -mavx -mavx2 -mavx2 -UASMNAME -UASMFNAME -UNAME -UCNAME -UCHAR_NAME -UCHAR_CNAME -DASMNAME=comatcopy_k_rnc -DASMFNAME=comatcopy_k_rnc_ -DNAME=comatcopy_k_rnc_ -DCNAME=comatcopy_k_rnc -DCHAR_NAME=\"comatcopy_k_rnc_\" -DCHAR_CNAME=\"comatcopy_k_rnc\" -DNO_AFFINITY -I.. -UDOUBLE  -DCOMPLEX -c -UDOUBLE -DCOMPLEX -DROWM -DCONJ ../kernel/x86_64/../arm/zomatcopy_rnc.c -o comatcopy_k_rnc.o
cc -O2 -DMAX_STACK_ALLOC=2048 -Wall -m64 -DF_INTERFACE_GFORT -fPIC -DNO_LAPACK -DNO_LAPACKE -DSMP_SERVER -DNO_WARMUP -DMAX_CPU_NUMBER=4 -DMAX_PARALLEL_NUMBER=1 -DBUILD_SINGLE=1 -DBUILD_DOUBLE=1 -DBUILD_COMPLEX=1 -DBUILD_COMPLEX16=1 -DVERSION=\"0.3.17.dev\" -msse3 -mssse3 -msse4.1 -mavx -mavx2 -mavx2 -UASMNAME -UASMFNAME -UNAME -UCNAME -UCHAR_NAME -UCHAR_CNAME -DASMNAME=comatcopy_k_ctc -DASMFNAME=comatcopy_k_ctc_ -DNAME=comatcopy_k_ctc_ -DCNAME=comatcopy_k_ctc -DCHAR_NAME=\"comatcopy_k_ctc_\" -DCHAR_CNAME=\"comatcopy_k_ctc\" -DNO_AFFINITY -I.. -UDOUBLE  -DCOMPLEX -c -UDOUBLE -DCOMPLEX -UROWM -DCONJ ../kernel/x86_64/../arm/zomatcopy_ctc.c -o comatcopy_k_ctc.o
cc -O2 -DMAX_STACK_ALLOC=2048 -Wall -m64 -DF_INTERFACE_GFORT -fPIC -DNO_LAPACK -DNO_LAPACKE -DSMP_SERVER -DNO_WARMUP -DMAX_CPU_NUMBER=4 -DMAX_PARALLEL_NUMBER=1 -DBUILD_SINGLE=1 -DBUILD_DOUBLE=1 -DBUILD_COMPLEX=1 -DBUILD_COMPLEX16=1 -DVERSION=\"0.3.17.dev\" -msse3 -mssse3 -msse4.1 -mavx -mavx2 -mavx2 -UASMNAME -UASMFNAME -UNAME -UCNAME -UCHAR_NAME -UCHAR_CNAME -DASMNAME=comatcopy_k_rtc -DASMFNAME=comatcopy_k_rtc_ -DNAME=comatcopy_k_rtc_ -DCNAME=comatcopy_k_rtc -DCHAR_NAME=\"comatcopy_k_rtc_\" -DCHAR_CNAME=\"comatcopy_k_rtc\" -DNO_AFFINITY -I.. -UDOUBLE  -DCOMPLEX -c -UDOUBLE -DCOMPLEX -DROWM -DCONJ ../kernel/x86_64/../arm/zomatcopy_rtc.c -o comatcopy_k_rtc.o
cc -O2 -DMAX_STACK_ALLOC=2048 -Wall -m64 -DF_INTERFACE_GFORT -fPIC -DNO_LAPACK -DNO_LAPACKE -DSMP_SERVER -DNO_WARMUP -DMAX_CPU_NUMBER=4 -DMAX_PARALLEL_NUMBER=1 -DBUILD_SINGLE=1 -DBUILD_DOUBLE=1 -DBUILD_COMPLEX=1 -DBUILD_COMPLEX16=1 -DVERSION=\"0.3.17.dev\" -msse3 -mssse3 -msse4.1 -mavx -mavx2 -mavx2 -UASMNAME -UASMFNAME -UNAME -UCNAME -UCHAR_NAME -UCHAR_CNAME -DASMNAME=cimatcopy_k_cn -DASMFNAME=cimatcopy_k_cn_ -DNAME=cimatcopy_k_cn_ -DCNAME=cimatcopy_k_cn -DCHAR_NAME=\"cimatcopy_k_cn_\" -DCHAR_CNAME=\"cimatcopy_k_cn\" -DNO_AFFINITY -I.. -UDOUBLE  -DCOMPLEX -c -UDOUBLE -DCOMPLEX -UROWM -UCONJ ../kernel/x86_64/../generic/zimatcopy_cn.c -o cimatcopy_k_cn.o
cc -O2 -DMAX_STACK_ALLOC=2048 -Wall -m64 -DF_INTERFACE_GFORT -fPIC -DNO_LAPACK -DNO_LAPACKE -DSMP_SERVER -DNO_WARMUP -DMAX_CPU_NUMBER=4 -DMAX_PARALLEL_NUMBER=1 -DBUILD_SINGLE=1 -DBUILD_DOUBLE=1 -DBUILD_COMPLEX=1 -DBUILD_COMPLEX16=1 -DVERSION=\"0.3.17.dev\" -msse3 -mssse3 -msse4.1 -mavx -mavx2 -mavx2 -UASMNAME -UASMFNAME -UNAME -UCNAME -UCHAR_NAME -UCHAR_CNAME -DASMNAME=cimatcopy_k_rn -DASMFNAME=cimatcopy_k_rn_ -DNAME=cimatcopy_k_rn_ -DCNAME=cimatcopy_k_rn -DCHAR_NAME=\"cimatcopy_k_rn_\" -DCHAR_CNAME=\"cimatcopy_k_rn\" -DNO_AFFINITY -I.. -UDOUBLE  -DCOMPLEX -c -UDOUBLE -DCOMPLEX -DROWM -UCONJ ../kernel/x86_64/../generic/zimatcopy_rn.c -o cimatcopy_k_rn.o
cc -O2 -DMAX_STACK_ALLOC=2048 -Wall -m64 -DF_INTERFACE_GFORT -fPIC -DNO_LAPACK -DNO_LAPACKE -DSMP_SERVER -DNO_WARMUP -DMAX_CPU_NUMBER=4 -DMAX_PARALLEL_NUMBER=1 -DBUILD_SINGLE=1 -DBUILD_DOUBLE=1 -DBUILD_COMPLEX=1 -DBUILD_COMPLEX16=1 -DVERSION=\"0.3.17.dev\" -msse3 -mssse3 -msse4.1 -mavx -mavx2 -mavx2 -UASMNAME -UASMFNAME -UNAME -UCNAME -UCHAR_NAME -UCHAR_CNAME -DASMNAME=cimatcopy_k_ct -DASMFNAME=cimatcopy_k_ct_ -DNAME=cimatcopy_k_ct_ -DCNAME=cimatcopy_k_ct -DCHAR_NAME=\"cimatcopy_k_ct_\" -DCHAR_CNAME=\"cimatcopy_k_ct\" -DNO_AFFINITY -I.. -UDOUBLE  -DCOMPLEX -c -UDOUBLE -DCOMPLEX -UROWM -UCONJ ../kernel/x86_64/../generic/zimatcopy_ct.c -o cimatcopy_k_ct.o
cc -O2 -DMAX_STACK_ALLOC=2048 -Wall -m64 -DF_INTERFACE_GFORT -fPIC -DNO_LAPACK -DNO_LAPACKE -DSMP_SERVER -DNO_WARMUP -DMAX_CPU_NUMBER=4 -DMAX_PARALLEL_NUMBER=1 -DBUILD_SINGLE=1 -DBUILD_DOUBLE=1 -DBUILD_COMPLEX=1 -DBUILD_COMPLEX16=1 -DVERSION=\"0.3.17.dev\" -msse3 -mssse3 -msse4.1 -mavx -mavx2 -mavx2 -UASMNAME -UASMFNAME -UNAME -UCNAME -UCHAR_NAME -UCHAR_CNAME -DASMNAME=cimatcopy_k_rt -DASMFNAME=cimatcopy_k_rt_ -DNAME=cimatcopy_k_rt_ -DCNAME=cimatcopy_k_rt -DCHAR_NAME=\"cimatcopy_k_rt_\" -DCHAR_CNAME=\"cimatcopy_k_rt\" -DNO_AFFINITY -I.. -UDOUBLE  -DCOMPLEX -c -UDOUBLE -DCOMPLEX -DROWM -UCONJ ../kernel/x86_64/../generic/zimatcopy_rt.c -o cimatcopy_k_rt.o
cc -O2 -DMAX_STACK_ALLOC=2048 -Wall -m64 -DF_INTERFACE_GFORT -fPIC -DNO_LAPACK -DNO_LAPACKE -DSMP_SERVER -DNO_WARMUP -DMAX_CPU_NUMBER=4 -DMAX_PARALLEL_NUMBER=1 -DBUILD_SINGLE=1 -DBUILD_DOUBLE=1 -DBUILD_COMPLEX=1 -DBUILD_COMPLEX16=1 -DVERSION=\"0.3.17.dev\" -msse3 -mssse3 -msse4.1 -mavx -mavx2 -mavx2 -UASMNAME -UASMFNAME -UNAME -UCNAME -UCHAR_NAME -UCHAR_CNAME -DASMNAME=cimatcopy_k_cnc -DASMFNAME=cimatcopy_k_cnc_ -DNAME=cimatcopy_k_cnc_ -DCNAME=cimatcopy_k_cnc -DCHAR_NAME=\"cimatcopy_k_cnc_\" -DCHAR_CNAME=\"cimatcopy_k_cnc\" -DNO_AFFINITY -I.. -UDOUBLE  -DCOMPLEX -c -UDOUBLE -DCOMPLEX -UROWM -DCONJ ../kernel/x86_64/../generic/zimatcopy_cnc.c -o cimatcopy_k_cnc.o
cc -O2 -DMAX_STACK_ALLOC=2048 -Wall -m64 -DF_INTERFACE_GFORT -fPIC -DNO_LAPACK -DNO_LAPACKE -DSMP_SERVER -DNO_WARMUP -DMAX_CPU_NUMBER=4 -DMAX_PARALLEL_NUMBER=1 -DBUILD_SINGLE=1 -DBUILD_DOUBLE=1 -DBUILD_COMPLEX=1 -DBUILD_COMPLEX16=1 -DVERSION=\"0.3.17.dev\" -msse3 -mssse3 -msse4.1 -mavx -mavx2 -mavx2 -UASMNAME -UASMFNAME -UNAME -UCNAME -UCHAR_NAME -UCHAR_CNAME -DASMNAME=cimatcopy_k_rnc -DASMFNAME=cimatcopy_k_rnc_ -DNAME=cimatcopy_k_rnc_ -DCNAME=cimatcopy_k_rnc -DCHAR_NAME=\"cimatcopy_k_rnc_\" -DCHAR_CNAME=\"cimatcopy_k_rnc\" -DNO_AFFINITY -I.. -UDOUBLE  -DCOMPLEX -c -UDOUBLE -DCOMPLEX -DROWM -DCONJ ../kernel/x86_64/../generic/zimatcopy_rnc.c -o cimatcopy_k_rnc.o
cc -O2 -DMAX_STACK_ALLOC=2048 -Wall -m64 -DF_INTERFACE_GFORT -fPIC -DNO_LAPACK -DNO_LAPACKE -DSMP_SERVER -DNO_WARMUP -DMAX_CPU_NUMBER=4 -DMAX_PARALLEL_NUMBER=1 -DBUILD_SINGLE=1 -DBUILD_DOUBLE=1 -DBUILD_COMPLEX=1 -DBUILD_COMPLEX16=1 -DVERSION=\"0.3.17.dev\" -msse3 -mssse3 -msse4.1 -mavx -mavx2 -mavx2 -UASMNAME -UASMFNAME -UNAME -UCNAME -UCHAR_NAME -UCHAR_CNAME -DASMNAME=cimatcopy_k_ctc -DASMFNAME=cimatcopy_k_ctc_ -DNAME=cimatcopy_k_ctc_ -DCNAME=cimatcopy_k_ctc -DCHAR_NAME=\"cimatcopy_k_ctc_\" -DCHAR_CNAME=\"cimatcopy_k_ctc\" -DNO_AFFINITY -I.. -UDOUBLE  -DCOMPLEX -c -UDOUBLE -DCOMPLEX -UROWM -DCONJ ../kernel/x86_64/../generic/zimatcopy_ctc.c -o cimatcopy_k_ctc.o
cc -O2 -DMAX_STACK_ALLOC=2048 -Wall -m64 -DF_INTERFACE_GFORT -fPIC -DNO_LAPACK -DNO_LAPACKE -DSMP_SERVER -DNO_WARMUP -DMAX_CPU_NUMBER=4 -DMAX_PARALLEL_NUMBER=1 -DBUILD_SINGLE=1 -DBUILD_DOUBLE=1 -DBUILD_COMPLEX=1 -DBUILD_COMPLEX16=1 -DVERSION=\"0.3.17.dev\" -msse3 -mssse3 -msse4.1 -mavx -mavx2 -mavx2 -UASMNAME -UASMFNAME -UNAME -UCNAME -UCHAR_NAME -UCHAR_CNAME -DASMNAME=cimatcopy_k_rtc -DASMFNAME=cimatcopy_k_rtc_ -DNAME=cimatcopy_k_rtc_ -DCNAME=cimatcopy_k_rtc -DCHAR_NAME=\"cimatcopy_k_rtc_\" -DCHAR_CNAME=\"cimatcopy_k_rtc\" -DNO_AFFINITY -I.. -UDOUBLE  -DCOMPLEX -c -UDOUBLE -DCOMPLEX -DROWM -DCONJ ../kernel/x86_64/../generic/zimatcopy_rtc.c -o cimatcopy_k_rtc.o
cc -O2 -DMAX_STACK_ALLOC=2048 -Wall -m64 -DF_INTERFACE_GFORT -fPIC -DNO_LAPACK -DNO_LAPACKE -DSMP_SERVER -DNO_WARMUP -DMAX_CPU_NUMBER=4 -DMAX_PARALLEL_NUMBER=1 -DBUILD_SINGLE=1 -DBUILD_DOUBLE=1 -DBUILD_COMPLEX=1 -DBUILD_COMPLEX16=1 -DVERSION=\"0.3.17.dev\" -msse3 -mssse3 -msse4.1 -mavx -mavx2 -mavx2 -UASMNAME -UASMFNAME -UNAME -UCNAME -UCHAR_NAME -UCHAR_CNAME -DASMNAME=cgeadd_k -DASMFNAME=cgeadd_k_ -DNAME=cgeadd_k_ -DCNAME=cgeadd_k -DCHAR_NAME=\"cgeadd_k_\" -DCHAR_CNAME=\"cgeadd_k\" -DNO_AFFINITY -I.. -UDOUBLE  -DCOMPLEX -c -UDOUBLE -DCOMPLEX -UROWM ../kernel/x86_64/../generic/zgeadd.c -o cgeadd_k.o
cc -c -O2 -DMAX_STACK_ALLOC=2048 -Wall -m64 -DF_INTERFACE_GFORT -fPIC -DNO_LAPACK -DNO_LAPACKE -DSMP_SERVER -DNO_WARMUP -DMAX_CPU_NUMBER=4 -DMAX_PARALLEL_NUMBER=1 -DBUILD_SINGLE=1 -DBUILD_DOUBLE=1 -DBUILD_COMPLEX=1 -DBUILD_COMPLEX16=1 -DVERSION=\"0.3.17.dev\" -msse3 -mssse3 -msse4.1 -mavx -mavx2 -mavx2 -UASMNAME -UASMFNAME -UNAME -UCNAME -UCHAR_NAME -UCHAR_CNAME -DASMNAME=zamax_k -DASMFNAME=zamax_k_ -DNAME=zamax_k_ -DCNAME=zamax_k -DCHAR_NAME=\"zamax_k_\" -DCHAR_CNAME=\"zamax_k\" -DNO_AFFINITY -I.. -DDOUBLE  -DCOMPLEX -DCOMPLEX -DDOUBLE  -DUSE_ABS -UUSE_MIN ../kernel/x86_64/zamax_sse2.S -o zamax_k.o
cc -c -O2 -DMAX_STACK_ALLOC=2048 -Wall -m64 -DF_INTERFACE_GFORT -fPIC -DNO_LAPACK -DNO_LAPACKE -DSMP_SERVER -DNO_WARMUP -DMAX_CPU_NUMBER=4 -DMAX_PARALLEL_NUMBER=1 -DBUILD_SINGLE=1 -DBUILD_DOUBLE=1 -DBUILD_COMPLEX=1 -DBUILD_COMPLEX16=1 -DVERSION=\"0.3.17.dev\" -msse3 -mssse3 -msse4.1 -mavx -mavx2 -mavx2 -UASMNAME -UASMFNAME -UNAME -UCNAME -UCHAR_NAME -UCHAR_CNAME -DASMNAME=zamin_k -DASMFNAME=zamin_k_ -DNAME=zamin_k_ -DCNAME=zamin_k -DCHAR_NAME=\"zamin_k_\" -DCHAR_CNAME=\"zamin_k\" -DNO_AFFINITY -I.. -DDOUBLE  -DCOMPLEX -DCOMPLEX -DDOUBLE -DUSE_ABS  -DUSE_MIN ../kernel/x86_64/zamax_sse2.S -o zamin_k.o
cc -c -O2 -DMAX_STACK_ALLOC=2048 -Wall -m64 -DF_INTERFACE_GFORT -fPIC -DNO_LAPACK -DNO_LAPACKE -DSMP_SERVER -DNO_WARMUP -DMAX_CPU_NUMBER=4 -DMAX_PARALLEL_NUMBER=1 -DBUILD_SINGLE=1 -DBUILD_DOUBLE=1 -DBUILD_COMPLEX=1 -DBUILD_COMPLEX16=1 -DVERSION=\"0.3.17.dev\" -msse3 -mssse3 -msse4.1 -mavx -mavx2 -mavx2 -UASMNAME -UASMFNAME -UNAME -UCNAME -UCHAR_NAME -UCHAR_CNAME -DASMNAME=izamax_k -DASMFNAME=izamax_k_ -DNAME=izamax_k_ -DCNAME=izamax_k -DCHAR_NAME=\"izamax_k_\" -DCHAR_CNAME=\"izamax_k\" -DNO_AFFINITY -I.. -DDOUBLE  -DCOMPLEX -DCOMPLEX -DDOUBLE -DUSE_ABS  -UUSE_MIN ../kernel/x86_64/izamax_sse2.S -o izamax_k.o
cc -c -O2 -DMAX_STACK_ALLOC=2048 -Wall -m64 -DF_INTERFACE_GFORT -fPIC -DNO_LAPACK -DNO_LAPACKE -DSMP_SERVER -DNO_WARMUP -DMAX_CPU_NUMBER=4 -DMAX_PARALLEL_NUMBER=1 -DBUILD_SINGLE=1 -DBUILD_DOUBLE=1 -DBUILD_COMPLEX=1 -DBUILD_COMPLEX16=1 -DVERSION=\"0.3.17.dev\" -msse3 -mssse3 -msse4.1 -mavx -mavx2 -mavx2 -UASMNAME -UASMFNAME -UNAME -UCNAME -UCHAR_NAME -UCHAR_CNAME -DASMNAME=izamin_k -DASMFNAME=izamin_k_ -DNAME=izamin_k_ -DCNAME=izamin_k -DCHAR_NAME=\"izamin_k_\" -DCHAR_CNAME=\"izamin_k\" -DNO_AFFINITY -I.. -DDOUBLE  -DCOMPLEX -DCOMPLEX -DDOUBLE -DUSE_ABS  -DUSE_MIN ../kernel/x86_64/izamax_sse2.S -o izamin_k.o
cc -c -O2 -DMAX_STACK_ALLOC=2048 -Wall -m64 -DF_INTERFACE_GFORT -fPIC -DNO_LAPACK -DNO_LAPACKE -DSMP_SERVER -DNO_WARMUP -DMAX_CPU_NUMBER=4 -DMAX_PARALLEL_NUMBER=1 -DBUILD_SINGLE=1 -DBUILD_DOUBLE=1 -DBUILD_COMPLEX=1 -DBUILD_COMPLEX16=1 -DVERSION=\"0.3.17.dev\" -msse3 -mssse3 -msse4.1 -mavx -mavx2 -mavx2 -UASMNAME -UASMFNAME -UNAME -UCNAME -UCHAR_NAME -UCHAR_CNAME -DASMNAME=zasum_k -DASMFNAME=zasum_k_ -DNAME=zasum_k_ -DCNAME=zasum_k -DCHAR_NAME=\"zasum_k_\" -DCHAR_CNAME=\"zasum_k\" -DNO_AFFINITY -I.. -DDOUBLE  -DCOMPLEX -DCOMPLEX -DDOUBLE ../kernel/x86_64/zasum_sse2.S -o zasum_k.o
cc -c -O2 -DMAX_STACK_ALLOC=2048 -Wall -m64 -DF_INTERFACE_GFORT -fPIC -DNO_LAPACK -DNO_LAPACKE -DSMP_SERVER -DNO_WARMUP -DMAX_CPU_NUMBER=4 -DMAX_PARALLEL_NUMBER=1 -DBUILD_SINGLE=1 -DBUILD_DOUBLE=1 -DBUILD_COMPLEX=1 -DBUILD_COMPLEX16=1 -DVERSION=\"0.3.17.dev\" -msse3 -mssse3 -msse4.1 -mavx -mavx2 -mavx2 -UASMNAME -UASMFNAME -UNAME -UCNAME -UCHAR_NAME -UCHAR_CNAME -DASMNAME=zaxpy_k -DASMFNAME=zaxpy_k_ -DNAME=zaxpy_k_ -DCNAME=zaxpy_k -DCHAR_NAME=\"zaxpy_k_\" -DCHAR_CNAME=\"zaxpy_k\" -DNO_AFFINITY -I.. -DDOUBLE  -DCOMPLEX -DCOMPLEX -UCONJ -DDOUBLE ../kernel/x86_64/zaxpy.c -o zaxpy_k.o
cc -c -O2 -DMAX_STACK_ALLOC=2048 -Wall -m64 -DF_INTERFACE_GFORT -fPIC -DNO_LAPACK -DNO_LAPACKE -DSMP_SERVER -DNO_WARMUP -DMAX_CPU_NUMBER=4 -DMAX_PARALLEL_NUMBER=1 -DBUILD_SINGLE=1 -DBUILD_DOUBLE=1 -DBUILD_COMPLEX=1 -DBUILD_COMPLEX16=1 -DVERSION=\"0.3.17.dev\" -msse3 -mssse3 -msse4.1 -mavx -mavx2 -mavx2 -UASMNAME -UASMFNAME -UNAME -UCNAME -UCHAR_NAME -UCHAR_CNAME -DASMNAME=zaxpyc_k -DASMFNAME=zaxpyc_k_ -DNAME=zaxpyc_k_ -DCNAME=zaxpyc_k -DCHAR_NAME=\"zaxpyc_k_\" -DCHAR_CNAME=\"zaxpyc_k\" -DNO_AFFINITY -I.. -DDOUBLE  -DCOMPLEX -DCOMPLEX -DCONJ -DDOUBLE ../kernel/x86_64/zaxpy.c -o zaxpyc_k.o
cc -c -O2 -DMAX_STACK_ALLOC=2048 -Wall -m64 -DF_INTERFACE_GFORT -fPIC -DNO_LAPACK -DNO_LAPACKE -DSMP_SERVER -DNO_WARMUP -DMAX_CPU_NUMBER=4 -DMAX_PARALLEL_NUMBER=1 -DBUILD_SINGLE=1 -DBUILD_DOUBLE=1 -DBUILD_COMPLEX=1 -DBUILD_COMPLEX16=1 -DVERSION=\"0.3.17.dev\" -msse3 -mssse3 -msse4.1 -mavx -mavx2 -mavx2 -UASMNAME -UASMFNAME -UNAME -UCNAME -UCHAR_NAME -UCHAR_CNAME -DASMNAME=zcopy_k -DASMFNAME=zcopy_k_ -DNAME=zcopy_k_ -DCNAME=zcopy_k -DCHAR_NAME=\"zcopy_k_\" -DCHAR_CNAME=\"zcopy_k\" -DNO_AFFINITY -I.. -DDOUBLE  -DCOMPLEX -DCOMPLEX -DDOUBLE -DC_INTERFACE ../kernel/x86_64/zcopy_sse2.S -o zcopy_k.o
cc -c -O2 -DMAX_STACK_ALLOC=2048 -Wall -m64 -DF_INTERFACE_GFORT -fPIC -DNO_LAPACK -DNO_LAPACKE -DSMP_SERVER -DNO_WARMUP -DMAX_CPU_NUMBER=4 -DMAX_PARALLEL_NUMBER=1 -DBUILD_SINGLE=1 -DBUILD_DOUBLE=1 -DBUILD_COMPLEX=1 -DBUILD_COMPLEX16=1 -DVERSION=\"0.3.17.dev\" -msse3 -mssse3 -msse4.1 -mavx -mavx2 -mavx2 -UASMNAME -UASMFNAME -UNAME -UCNAME -UCHAR_NAME -UCHAR_CNAME -DASMNAME=zdotc_k -DASMFNAME=zdotc_k_ -DNAME=zdotc_k_ -DCNAME=zdotc_k -DCHAR_NAME=\"zdotc_k_\" -DCHAR_CNAME=\"zdotc_k\" -DNO_AFFINITY -I.. -DDOUBLE  -DCOMPLEX -DCOMPLEX -DDOUBLE -DCONJ ../kernel/x86_64/zdot.c -o zdotc_k.o
cc -c -O2 -DMAX_STACK_ALLOC=2048 -Wall -m64 -DF_INTERFACE_GFORT -fPIC -DNO_LAPACK -DNO_LAPACKE -DSMP_SERVER -DNO_WARMUP -DMAX_CPU_NUMBER=4 -DMAX_PARALLEL_NUMBER=1 -DBUILD_SINGLE=1 -DBUILD_DOUBLE=1 -DBUILD_COMPLEX=1 -DBUILD_COMPLEX16=1 -DVERSION=\"0.3.17.dev\" -msse3 -mssse3 -msse4.1 -mavx -mavx2 -mavx2 -UASMNAME -UASMFNAME -UNAME -UCNAME -UCHAR_NAME -UCHAR_CNAME -DASMNAME=zdotu_k -DASMFNAME=zdotu_k_ -DNAME=zdotu_k_ -DCNAME=zdotu_k -DCHAR_NAME=\"zdotu_k_\" -DCHAR_CNAME=\"zdotu_k\" -DNO_AFFINITY -I.. -DDOUBLE  -DCOMPLEX -DCOMPLEX -DDOUBLE -UCONJ ../kernel/x86_64/zdot.c -o zdotu_k.o
cc -O2 -DMAX_STACK_ALLOC=2048 -Wall -m64 -DF_INTERFACE_GFORT -fPIC -DNO_LAPACK -DNO_LAPACKE -DSMP_SERVER -DNO_WARMUP -DMAX_CPU_NUMBER=4 -DMAX_PARALLEL_NUMBER=1 -DBUILD_SINGLE=1 -DBUILD_DOUBLE=1 -DBUILD_COMPLEX=1 -DBUILD_COMPLEX16=1 -DVERSION=\"0.3.17.dev\" -msse3 -mssse3 -msse4.1 -mavx -mavx2 -mavx2 -UASMNAME -UASMFNAME -UNAME -UCNAME -UCHAR_NAME -UCHAR_CNAME -DASMNAME=znrm2_k -DASMFNAME=znrm2_k_ -DNAME=znrm2_k_ -DCNAME=znrm2_k -DCHAR_NAME=\"znrm2_k_\" -DCHAR_CNAME=\"znrm2_k\" -DNO_AFFINITY -I.. -DDOUBLE  -DCOMPLEX -DCOMPLEX -c -DDOUBLE ../kernel/x86_64/znrm2.S -o znrm2_k.o
cc -c -O2 -DMAX_STACK_ALLOC=2048 -Wall -m64 -DF_INTERFACE_GFORT -fPIC -DNO_LAPACK -DNO_LAPACKE -DSMP_SERVER -DNO_WARMUP -DMAX_CPU_NUMBER=4 -DMAX_PARALLEL_NUMBER=1 -DBUILD_SINGLE=1 -DBUILD_DOUBLE=1 -DBUILD_COMPLEX=1 -DBUILD_COMPLEX16=1 -DVERSION=\"0.3.17.dev\" -msse3 -mssse3 -msse4.1 -mavx -mavx2 -mavx2 -UASMNAME -UASMFNAME -UNAME -UCNAME -UCHAR_NAME -UCHAR_CNAME -DASMNAME=zdrot_k -DASMFNAME=zdrot_k_ -DNAME=zdrot_k_ -DCNAME=zdrot_k -DCHAR_NAME=\"zdrot_k_\" -DCHAR_CNAME=\"zdrot_k\" -DNO_AFFINITY -I.. -DDOUBLE  -DCOMPLEX -DCOMPLEX -DCOMPLEX -DDOUBLE  ../kernel/x86_64/zrot_sse2.S -o zdrot_k.o
cc -c -O2 -DMAX_STACK_ALLOC=2048 -Wall -m64 -DF_INTERFACE_GFORT -fPIC -DNO_LAPACK -DNO_LAPACKE -DSMP_SERVER -DNO_WARMUP -DMAX_CPU_NUMBER=4 -DMAX_PARALLEL_NUMBER=1 -DBUILD_SINGLE=1 -DBUILD_DOUBLE=1 -DBUILD_COMPLEX=1 -DBUILD_COMPLEX16=1 -DVERSION=\"0.3.17.dev\" -msse3 -mssse3 -msse4.1 -mavx -mavx2 -mavx2 -UASMNAME -UASMFNAME -UNAME -UCNAME -UCHAR_NAME -UCHAR_CNAME -DASMNAME=zscal_k -DASMFNAME=zscal_k_ -DNAME=zscal_k_ -DCNAME=zscal_k -DCHAR_NAME=\"zscal_k_\" -DCHAR_CNAME=\"zscal_k\" -DNO_AFFINITY -I.. -DDOUBLE  -DCOMPLEX -DCOMPLEX -DDOUBLE ../kernel/x86_64/zscal.c -o zscal_k.o
cc -c -O2 -DMAX_STACK_ALLOC=2048 -Wall -m64 -DF_INTERFACE_GFORT -fPIC -DNO_LAPACK -DNO_LAPACKE -DSMP_SERVER -DNO_WARMUP -DMAX_CPU_NUMBER=4 -DMAX_PARALLEL_NUMBER=1 -DBUILD_SINGLE=1 -DBUILD_DOUBLE=1 -DBUILD_COMPLEX=1 -DBUILD_COMPLEX16=1 -DVERSION=\"0.3.17.dev\" -msse3 -mssse3 -msse4.1 -mavx -mavx2 -mavx2 -UASMNAME -UASMFNAME -UNAME -UCNAME -UCHAR_NAME -UCHAR_CNAME -DASMNAME=zswap_k -DASMFNAME=zswap_k_ -DNAME=zswap_k_ -DCNAME=zswap_k -DCHAR_NAME=\"zswap_k_\" -DCHAR_CNAME=\"zswap_k\" -DNO_AFFINITY -I.. -DDOUBLE  -DCOMPLEX -DCOMPLEX -DDOUBLE ../kernel/x86_64/zswap_sse2.S -o zswap_k.o
cc -c -O2 -DMAX_STACK_ALLOC=2048 -Wall -m64 -DF_INTERFACE_GFORT -fPIC -DNO_LAPACK -DNO_LAPACKE -DSMP_SERVER -DNO_WARMUP -DMAX_CPU_NUMBER=4 -DMAX_PARALLEL_NUMBER=1 -DBUILD_SINGLE=1 -DBUILD_DOUBLE=1 -DBUILD_COMPLEX=1 -DBUILD_COMPLEX16=1 -DVERSION=\"0.3.17.dev\" -msse3 -mssse3 -msse4.1 -mavx -mavx2 -mavx2 -UASMNAME -UASMFNAME -UNAME -UCNAME -UCHAR_NAME -UCHAR_CNAME -DASMNAME=zaxpby_k -DASMFNAME=zaxpby_k_ -DNAME=zaxpby_k_ -DCNAME=zaxpby_k -DCHAR_NAME=\"zaxpby_k_\" -DCHAR_CNAME=\"zaxpby_k\" -DNO_AFFINITY -I.. -DDOUBLE  -DCOMPLEX -DCOMPLEX -UCONJ -DDOUBLE ../kernel/x86_64/../arm/zaxpby.c -o zaxpby_k.o
cc -c -O2 -DMAX_STACK_ALLOC=2048 -Wall -m64 -DF_INTERFACE_GFORT -fPIC -DNO_LAPACK -DNO_LAPACKE -DSMP_SERVER -DNO_WARMUP -DMAX_CPU_NUMBER=4 -DMAX_PARALLEL_NUMBER=1 -DBUILD_SINGLE=1 -DBUILD_DOUBLE=1 -DBUILD_COMPLEX=1 -DBUILD_COMPLEX16=1 -DVERSION=\"0.3.17.dev\" -msse3 -mssse3 -msse4.1 -mavx -mavx2 -mavx2 -UASMNAME -UASMFNAME -UNAME -UCNAME -UCHAR_NAME -UCHAR_CNAME -DASMNAME=zsum_k -DASMFNAME=zsum_k_ -DNAME=zsum_k_ -DCNAME=zsum_k -DCHAR_NAME=\"zsum_k_\" -DCHAR_CNAME=\"zsum_k\" -DNO_AFFINITY -I.. -DDOUBLE  -DCOMPLEX -DCOMPLEX -DDOUBLE ../kernel/x86_64/zsum.S -o zsum_k.o
cc -c -O2 -DMAX_STACK_ALLOC=2048 -Wall -m64 -DF_INTERFACE_GFORT -fPIC -DNO_LAPACK -DNO_LAPACKE -DSMP_SERVER -DNO_WARMUP -DMAX_CPU_NUMBER=4 -DMAX_PARALLEL_NUMBER=1 -DBUILD_SINGLE=1 -DBUILD_DOUBLE=1 -DBUILD_COMPLEX=1 -DBUILD_COMPLEX16=1 -DVERSION=\"0.3.17.dev\" -msse3 -mssse3 -msse4.1 -mavx -mavx2 -mavx2 -UASMNAME -UASMFNAME -UNAME -UCNAME -UCHAR_NAME -UCHAR_CNAME -DASMNAME=zgemv_n -DASMFNAME=zgemv_n_ -DNAME=zgemv_n_ -DCNAME=zgemv_n -DCHAR_NAME=\"zgemv_n_\" -DCHAR_CNAME=\"zgemv_n\" -DNO_AFFINITY -I.. -DDOUBLE  -DCOMPLEX -DDOUBLE -DCOMPLEX -UTRANS -UCONJ -UXCONJ ../kernel/x86_64/zgemv_n_4.c -o zgemv_n.o
cc -c -O2 -DMAX_STACK_ALLOC=2048 -Wall -m64 -DF_INTERFACE_GFORT -fPIC -DNO_LAPACK -DNO_LAPACKE -DSMP_SERVER -DNO_WARMUP -DMAX_CPU_NUMBER=4 -DMAX_PARALLEL_NUMBER=1 -DBUILD_SINGLE=1 -DBUILD_DOUBLE=1 -DBUILD_COMPLEX=1 -DBUILD_COMPLEX16=1 -DVERSION=\"0.3.17.dev\" -msse3 -mssse3 -msse4.1 -mavx -mavx2 -mavx2 -UASMNAME -UASMFNAME -UNAME -UCNAME -UCHAR_NAME -UCHAR_CNAME -DASMNAME=zgemv_t -DASMFNAME=zgemv_t_ -DNAME=zgemv_t_ -DCNAME=zgemv_t -DCHAR_NAME=\"zgemv_t_\" -DCHAR_CNAME=\"zgemv_t\" -DNO_AFFINITY -I.. -DDOUBLE  -DCOMPLEX -DDOUBLE -DCOMPLEX -DTRANS -UCONJ -UXCONJ ../kernel/x86_64/zgemv_t_4.c -o zgemv_t.o
cc -c -O2 -DMAX_STACK_ALLOC=2048 -Wall -m64 -DF_INTERFACE_GFORT -fPIC -DNO_LAPACK -DNO_LAPACKE -DSMP_SERVER -DNO_WARMUP -DMAX_CPU_NUMBER=4 -DMAX_PARALLEL_NUMBER=1 -DBUILD_SINGLE=1 -DBUILD_DOUBLE=1 -DBUILD_COMPLEX=1 -DBUILD_COMPLEX16=1 -DVERSION=\"0.3.17.dev\" -msse3 -mssse3 -msse4.1 -mavx -mavx2 -mavx2 -UASMNAME -UASMFNAME -UNAME -UCNAME -UCHAR_NAME -UCHAR_CNAME -DASMNAME=zgemv_r -DASMFNAME=zgemv_r_ -DNAME=zgemv_r_ -DCNAME=zgemv_r -DCHAR_NAME=\"zgemv_r_\" -DCHAR_CNAME=\"zgemv_r\" -DNO_AFFINITY -I.. -DDOUBLE  -DCOMPLEX -DDOUBLE -DCOMPLEX -UTRANS -DCONJ -UXCONJ ../kernel/x86_64/zgemv_n_4.c -o zgemv_r.o
cc -c -O2 -DMAX_STACK_ALLOC=2048 -Wall -m64 -DF_INTERFACE_GFORT -fPIC -DNO_LAPACK -DNO_LAPACKE -DSMP_SERVER -DNO_WARMUP -DMAX_CPU_NUMBER=4 -DMAX_PARALLEL_NUMBER=1 -DBUILD_SINGLE=1 -DBUILD_DOUBLE=1 -DBUILD_COMPLEX=1 -DBUILD_COMPLEX16=1 -DVERSION=\"0.3.17.dev\" -msse3 -mssse3 -msse4.1 -mavx -mavx2 -mavx2 -UASMNAME -UASMFNAME -UNAME -UCNAME -UCHAR_NAME -UCHAR_CNAME -DASMNAME=zgemv_c -DASMFNAME=zgemv_c_ -DNAME=zgemv_c_ -DCNAME=zgemv_c -DCHAR_NAME=\"zgemv_c_\" -DCHAR_CNAME=\"zgemv_c\" -DNO_AFFINITY -I.. -DDOUBLE  -DCOMPLEX -DDOUBLE -DCOMPLEX -DTRANS -DCONJ -UXCONJ ../kernel/x86_64/zgemv_t_4.c -o zgemv_c.o
cc -c -O2 -DMAX_STACK_ALLOC=2048 -Wall -m64 -DF_INTERFACE_GFORT -fPIC -DNO_LAPACK -DNO_LAPACKE -DSMP_SERVER -DNO_WARMUP -DMAX_CPU_NUMBER=4 -DMAX_PARALLEL_NUMBER=1 -DBUILD_SINGLE=1 -DBUILD_DOUBLE=1 -DBUILD_COMPLEX=1 -DBUILD_COMPLEX16=1 -DVERSION=\"0.3.17.dev\" -msse3 -mssse3 -msse4.1 -mavx -mavx2 -mavx2 -UASMNAME -UASMFNAME -UNAME -UCNAME -UCHAR_NAME -UCHAR_CNAME -DASMNAME=zgemv_o -DASMFNAME=zgemv_o_ -DNAME=zgemv_o_ -DCNAME=zgemv_o -DCHAR_NAME=\"zgemv_o_\" -DCHAR_CNAME=\"zgemv_o\" -DNO_AFFINITY -I.. -DDOUBLE  -DCOMPLEX -DDOUBLE -DCOMPLEX -UTRANS -UCONJ -DXCONJ ../kernel/x86_64/zgemv_n_4.c -o zgemv_o.o
cc -c -O2 -DMAX_STACK_ALLOC=2048 -Wall -m64 -DF_INTERFACE_GFORT -fPIC -DNO_LAPACK -DNO_LAPACKE -DSMP_SERVER -DNO_WARMUP -DMAX_CPU_NUMBER=4 -DMAX_PARALLEL_NUMBER=1 -DBUILD_SINGLE=1 -DBUILD_DOUBLE=1 -DBUILD_COMPLEX=1 -DBUILD_COMPLEX16=1 -DVERSION=\"0.3.17.dev\" -msse3 -mssse3 -msse4.1 -mavx -mavx2 -mavx2 -UASMNAME -UASMFNAME -UNAME -UCNAME -UCHAR_NAME -UCHAR_CNAME -DASMNAME=zgemv_u -DASMFNAME=zgemv_u_ -DNAME=zgemv_u_ -DCNAME=zgemv_u -DCHAR_NAME=\"zgemv_u_\" -DCHAR_CNAME=\"zgemv_u\" -DNO_AFFINITY -I.. -DDOUBLE  -DCOMPLEX -DDOUBLE -DCOMPLEX -DTRANS -UCONJ -DXCONJ ../kernel/x86_64/zgemv_t_4.c -o zgemv_u.o
cc -c -O2 -DMAX_STACK_ALLOC=2048 -Wall -m64 -DF_INTERFACE_GFORT -fPIC -DNO_LAPACK -DNO_LAPACKE -DSMP_SERVER -DNO_WARMUP -DMAX_CPU_NUMBER=4 -DMAX_PARALLEL_NUMBER=1 -DBUILD_SINGLE=1 -DBUILD_DOUBLE=1 -DBUILD_COMPLEX=1 -DBUILD_COMPLEX16=1 -DVERSION=\"0.3.17.dev\" -msse3 -mssse3 -msse4.1 -mavx -mavx2 -mavx2 -UASMNAME -UASMFNAME -UNAME -UCNAME -UCHAR_NAME -UCHAR_CNAME -DASMNAME=zgemv_s -DASMFNAME=zgemv_s_ -DNAME=zgemv_s_ -DCNAME=zgemv_s -DCHAR_NAME=\"zgemv_s_\" -DCHAR_CNAME=\"zgemv_s\" -DNO_AFFINITY -I.. -DDOUBLE  -DCOMPLEX -DDOUBLE -DCOMPLEX -UTRANS -DCONJ -DXCONJ ../kernel/x86_64/zgemv_n_4.c -o zgemv_s.o
cc -c -O2 -DMAX_STACK_ALLOC=2048 -Wall -m64 -DF_INTERFACE_GFORT -fPIC -DNO_LAPACK -DNO_LAPACKE -DSMP_SERVER -DNO_WARMUP -DMAX_CPU_NUMBER=4 -DMAX_PARALLEL_NUMBER=1 -DBUILD_SINGLE=1 -DBUILD_DOUBLE=1 -DBUILD_COMPLEX=1 -DBUILD_COMPLEX16=1 -DVERSION=\"0.3.17.dev\" -msse3 -mssse3 -msse4.1 -mavx -mavx2 -mavx2 -UASMNAME -UASMFNAME -UNAME -UCNAME -UCHAR_NAME -UCHAR_CNAME -DASMNAME=zgemv_d -DASMFNAME=zgemv_d_ -DNAME=zgemv_d_ -DCNAME=zgemv_d -DCHAR_NAME=\"zgemv_d_\" -DCHAR_CNAME=\"zgemv_d\" -DNO_AFFINITY -I.. -DDOUBLE  -DCOMPLEX -DDOUBLE -DCOMPLEX -DTRANS -DCONJ -DXCONJ ../kernel/x86_64/zgemv_t_4.c -o zgemv_d.o
cc -c -O2 -DMAX_STACK_ALLOC=2048 -Wall -m64 -DF_INTERFACE_GFORT -fPIC -DNO_LAPACK -DNO_LAPACKE -DSMP_SERVER -DNO_WARMUP -DMAX_CPU_NUMBER=4 -DMAX_PARALLEL_NUMBER=1 -DBUILD_SINGLE=1 -DBUILD_DOUBLE=1 -DBUILD_COMPLEX=1 -DBUILD_COMPLEX16=1 -DVERSION=\"0.3.17.dev\" -msse3 -mssse3 -msse4.1 -mavx -mavx2 -mavx2 -UASMNAME -UASMFNAME -UNAME -UCNAME -UCHAR_NAME -UCHAR_CNAME -DASMNAME=zsymv_U -DASMFNAME=zsymv_U_ -DNAME=zsymv_U_ -DCNAME=zsymv_U -DCHAR_NAME=\"zsymv_U_\" -DCHAR_CNAME=\"zsymv_U\" -DNO_AFFINITY -I.. -DDOUBLE  -DCOMPLEX -DCOMPLEX -DDOUBLE -ULOWER ../kernel/x86_64/zsymv_U_sse2.S -o zsymv_U.o
cc -c -O2 -DMAX_STACK_ALLOC=2048 -Wall -m64 -DF_INTERFACE_GFORT -fPIC -DNO_LAPACK -DNO_LAPACKE -DSMP_SERVER -DNO_WARMUP -DMAX_CPU_NUMBER=4 -DMAX_PARALLEL_NUMBER=1 -DBUILD_SINGLE=1 -DBUILD_DOUBLE=1 -DBUILD_COMPLEX=1 -DBUILD_COMPLEX16=1 -DVERSION=\"0.3.17.dev\" -msse3 -mssse3 -msse4.1 -mavx -mavx2 -mavx2 -UASMNAME -UASMFNAME -UNAME -UCNAME -UCHAR_NAME -UCHAR_CNAME -DASMNAME=zsymv_L -DASMFNAME=zsymv_L_ -DNAME=zsymv_L_ -DCNAME=zsymv_L -DCHAR_NAME=\"zsymv_L_\" -DCHAR_CNAME=\"zsymv_L\" -DNO_AFFINITY -I.. -DDOUBLE  -DCOMPLEX -DCOMPLEX -DDOUBLE -DLOWER ../kernel/x86_64/zsymv_L_sse2.S -o zsymv_L.o
cc -c -O2 -DMAX_STACK_ALLOC=2048 -Wall -m64 -DF_INTERFACE_GFORT -fPIC -DNO_LAPACK -DNO_LAPACKE -DSMP_SERVER -DNO_WARMUP -DMAX_CPU_NUMBER=4 -DMAX_PARALLEL_NUMBER=1 -DBUILD_SINGLE=1 -DBUILD_DOUBLE=1 -DBUILD_COMPLEX=1 -DBUILD_COMPLEX16=1 -DVERSION=\"0.3.17.dev\" -msse3 -mssse3 -msse4.1 -mavx -mavx2 -mavx2 -UASMNAME -UASMFNAME -UNAME -UCNAME -UCHAR_NAME -UCHAR_CNAME -DASMNAME=zhemv_U -DASMFNAME=zhemv_U_ -DNAME=zhemv_U_ -DCNAME=zhemv_U -DCHAR_NAME=\"zhemv_U_\" -DCHAR_CNAME=\"zhemv_U\" -DNO_AFFINITY -I.. -DDOUBLE  -DCOMPLEX -DCOMPLEX -DDOUBLE -ULOWER -DHEMV ../kernel/x86_64/zsymv_U_sse2.S -o zhemv_U.o
cc -c -O2 -DMAX_STACK_ALLOC=2048 -Wall -m64 -DF_INTERFACE_GFORT -fPIC -DNO_LAPACK -DNO_LAPACKE -DSMP_SERVER -DNO_WARMUP -DMAX_CPU_NUMBER=4 -DMAX_PARALLEL_NUMBER=1 -DBUILD_SINGLE=1 -DBUILD_DOUBLE=1 -DBUILD_COMPLEX=1 -DBUILD_COMPLEX16=1 -DVERSION=\"0.3.17.dev\" -msse3 -mssse3 -msse4.1 -mavx -mavx2 -mavx2 -UASMNAME -UASMFNAME -UNAME -UCNAME -UCHAR_NAME -UCHAR_CNAME -DASMNAME=zhemv_L -DASMFNAME=zhemv_L_ -DNAME=zhemv_L_ -DCNAME=zhemv_L -DCHAR_NAME=\"zhemv_L_\" -DCHAR_CNAME=\"zhemv_L\" -DNO_AFFINITY -I.. -DDOUBLE  -DCOMPLEX -DCOMPLEX -DDOUBLE -DLOWER -DHEMV ../kernel/x86_64/zsymv_L_sse2.S -o zhemv_L.o
cc -c -O2 -DMAX_STACK_ALLOC=2048 -Wall -m64 -DF_INTERFACE_GFORT -fPIC -DNO_LAPACK -DNO_LAPACKE -DSMP_SERVER -DNO_WARMUP -DMAX_CPU_NUMBER=4 -DMAX_PARALLEL_NUMBER=1 -DBUILD_SINGLE=1 -DBUILD_DOUBLE=1 -DBUILD_COMPLEX=1 -DBUILD_COMPLEX16=1 -DVERSION=\"0.3.17.dev\" -msse3 -mssse3 -msse4.1 -mavx -mavx2 -mavx2 -UASMNAME -UASMFNAME -UNAME -UCNAME -UCHAR_NAME -UCHAR_CNAME -DASMNAME=zhemv_V -DASMFNAME=zhemv_V_ -DNAME=zhemv_V_ -DCNAME=zhemv_V -DCHAR_NAME=\"zhemv_V_\" -DCHAR_CNAME=\"zhemv_V\" -DNO_AFFINITY -I.. -DDOUBLE  -DCOMPLEX -DCOMPLEX -DDOUBLE -ULOWER -DHEMV -DHEMVREV ../kernel/x86_64/../generic/zhemv_k.c -o zhemv_V.o
cc -c -O2 -DMAX_STACK_ALLOC=2048 -Wall -m64 -DF_INTERFACE_GFORT -fPIC -DNO_LAPACK -DNO_LAPACKE -DSMP_SERVER -DNO_WARMUP -DMAX_CPU_NUMBER=4 -DMAX_PARALLEL_NUMBER=1 -DBUILD_SINGLE=1 -DBUILD_DOUBLE=1 -DBUILD_COMPLEX=1 -DBUILD_COMPLEX16=1 -DVERSION=\"0.3.17.dev\" -msse3 -mssse3 -msse4.1 -mavx -mavx2 -mavx2 -UASMNAME -UASMFNAME -UNAME -UCNAME -UCHAR_NAME -UCHAR_CNAME -DASMNAME=zhemv_M -DASMFNAME=zhemv_M_ -DNAME=zhemv_M_ -DCNAME=zhemv_M -DCHAR_NAME=\"zhemv_M_\" -DCHAR_CNAME=\"zhemv_M\" -DNO_AFFINITY -I.. -DDOUBLE  -DCOMPLEX -DCOMPLEX -DDOUBLE -DLOWER -DHEMV -DHEMVREV ../kernel/x86_64/../generic/zhemv_k.c -o zhemv_M.o
cc -c -O2 -DMAX_STACK_ALLOC=2048 -Wall -m64 -DF_INTERFACE_GFORT -fPIC -DNO_LAPACK -DNO_LAPACKE -DSMP_SERVER -DNO_WARMUP -DMAX_CPU_NUMBER=4 -DMAX_PARALLEL_NUMBER=1 -DBUILD_SINGLE=1 -DBUILD_DOUBLE=1 -DBUILD_COMPLEX=1 -DBUILD_COMPLEX16=1 -DVERSION=\"0.3.17.dev\" -msse3 -mssse3 -msse4.1 -mavx -mavx2 -mavx2 -UASMNAME -UASMFNAME -UNAME -UCNAME -UCHAR_NAME -UCHAR_CNAME -DASMNAME=zgeru_k -DASMFNAME=zgeru_k_ -DNAME=zgeru_k_ -DCNAME=zgeru_k -DCHAR_NAME=\"zgeru_k_\" -DCHAR_CNAME=\"zgeru_k\" -DNO_AFFINITY -I.. -DDOUBLE  -DCOMPLEX -DDOUBLE -UCONJ ../kernel/x86_64/../generic/zger.c -o zgeru_k.o
cc -c -O2 -DMAX_STACK_ALLOC=2048 -Wall -m64 -DF_INTERFACE_GFORT -fPIC -DNO_LAPACK -DNO_LAPACKE -DSMP_SERVER -DNO_WARMUP -DMAX_CPU_NUMBER=4 -DMAX_PARALLEL_NUMBER=1 -DBUILD_SINGLE=1 -DBUILD_DOUBLE=1 -DBUILD_COMPLEX=1 -DBUILD_COMPLEX16=1 -DVERSION=\"0.3.17.dev\" -msse3 -mssse3 -msse4.1 -mavx -mavx2 -mavx2 -UASMNAME -UASMFNAME -UNAME -UCNAME -UCHAR_NAME -UCHAR_CNAME -DASMNAME=zgerc_k -DASMFNAME=zgerc_k_ -DNAME=zgerc_k_ -DCNAME=zgerc_k -DCHAR_NAME=\"zgerc_k_\" -DCHAR_CNAME=\"zgerc_k\" -DNO_AFFINITY -I.. -DDOUBLE  -DCOMPLEX -DDOUBLE -DCONJ ../kernel/x86_64/../generic/zger.c -o zgerc_k.o
cc -c -O2 -DMAX_STACK_ALLOC=2048 -Wall -m64 -DF_INTERFACE_GFORT -fPIC -DNO_LAPACK -DNO_LAPACKE -DSMP_SERVER -DNO_WARMUP -DMAX_CPU_NUMBER=4 -DMAX_PARALLEL_NUMBER=1 -DBUILD_SINGLE=1 -DBUILD_DOUBLE=1 -DBUILD_COMPLEX=1 -DBUILD_COMPLEX16=1 -DVERSION=\"0.3.17.dev\" -msse3 -mssse3 -msse4.1 -mavx -mavx2 -mavx2 -UASMNAME -UASMFNAME -UNAME -UCNAME -UCHAR_NAME -UCHAR_CNAME -DASMNAME=zgerv_k -DASMFNAME=zgerv_k_ -DNAME=zgerv_k_ -DCNAME=zgerv_k -DCHAR_NAME=\"zgerv_k_\" -DCHAR_CNAME=\"zgerv_k\" -DNO_AFFINITY -I.. -DDOUBLE  -DCOMPLEX -DDOUBLE -UCONJ -DXCONJ ../kernel/x86_64/../generic/zger.c -o zgerv_k.o
cc -c -O2 -DMAX_STACK_ALLOC=2048 -Wall -m64 -DF_INTERFACE_GFORT -fPIC -DNO_LAPACK -DNO_LAPACKE -DSMP_SERVER -DNO_WARMUP -DMAX_CPU_NUMBER=4 -DMAX_PARALLEL_NUMBER=1 -DBUILD_SINGLE=1 -DBUILD_DOUBLE=1 -DBUILD_COMPLEX=1 -DBUILD_COMPLEX16=1 -DVERSION=\"0.3.17.dev\" -msse3 -mssse3 -msse4.1 -mavx -mavx2 -mavx2 -UASMNAME -UASMFNAME -UNAME -UCNAME -UCHAR_NAME -UCHAR_CNAME -DASMNAME=zgerd_k -DASMFNAME=zgerd_k_ -DNAME=zgerd_k_ -DCNAME=zgerd_k -DCHAR_NAME=\"zgerd_k_\" -DCHAR_CNAME=\"zgerd_k\" -DNO_AFFINITY -I.. -DDOUBLE  -DCOMPLEX -DDOUBLE -DCONJ -DXCONJ ../kernel/x86_64/../generic/zger.c -o zgerd_k.o
cc -O2 -DMAX_STACK_ALLOC=2048 -Wall -m64 -DF_INTERFACE_GFORT -fPIC -DNO_LAPACK -DNO_LAPACKE -DSMP_SERVER -DNO_WARMUP -DMAX_CPU_NUMBER=4 -DMAX_PARALLEL_NUMBER=1 -DBUILD_SINGLE=1 -DBUILD_DOUBLE=1 -DBUILD_COMPLEX=1 -DBUILD_COMPLEX16=1 -DVERSION=\"0.3.17.dev\" -msse3 -mssse3 -msse4.1 -mavx -mavx2 -mavx2 -UASMNAME -UASMFNAME -UNAME -UCNAME -UCHAR_NAME -UCHAR_CNAME -DASMNAME=zgemm_kernel_n -DASMFNAME=zgemm_kernel_n_ -DNAME=zgemm_kernel_n_ -DCNAME=zgemm_kernel_n -DCHAR_NAME=\"zgemm_kernel_n_\" -DCHAR_CNAME=\"zgemm_kernel_n\" -DNO_AFFINITY -I.. -DDOUBLE  -DCOMPLEX -c -DDOUBLE -DCOMPLEX -DNN ../kernel/x86_64/zgemm_kernel_4x2_haswell.c -o zgemm_kernel_n.o
cc -O2 -DMAX_STACK_ALLOC=2048 -Wall -m64 -DF_INTERFACE_GFORT -fPIC -DNO_LAPACK -DNO_LAPACKE -DSMP_SERVER -DNO_WARMUP -DMAX_CPU_NUMBER=4 -DMAX_PARALLEL_NUMBER=1 -DBUILD_SINGLE=1 -DBUILD_DOUBLE=1 -DBUILD_COMPLEX=1 -DBUILD_COMPLEX16=1 -DVERSION=\"0.3.17.dev\" -msse3 -mssse3 -msse4.1 -mavx -mavx2 -mavx2 -UASMNAME -UASMFNAME -UNAME -UCNAME -UCHAR_NAME -UCHAR_CNAME -DASMNAME=zgemm_kernel_r -DASMFNAME=zgemm_kernel_r_ -DNAME=zgemm_kernel_r_ -DCNAME=zgemm_kernel_r -DCHAR_NAME=\"zgemm_kernel_r_\" -DCHAR_CNAME=\"zgemm_kernel_r\" -DNO_AFFINITY -I.. -DDOUBLE  -DCOMPLEX -c -DDOUBLE -DCOMPLEX -DNC ../kernel/x86_64/zgemm_kernel_4x2_haswell.c -o zgemm_kernel_r.o
cc -O2 -DMAX_STACK_ALLOC=2048 -Wall -m64 -DF_INTERFACE_GFORT -fPIC -DNO_LAPACK -DNO_LAPACKE -DSMP_SERVER -DNO_WARMUP -DMAX_CPU_NUMBER=4 -DMAX_PARALLEL_NUMBER=1 -DBUILD_SINGLE=1 -DBUILD_DOUBLE=1 -DBUILD_COMPLEX=1 -DBUILD_COMPLEX16=1 -DVERSION=\"0.3.17.dev\" -msse3 -mssse3 -msse4.1 -mavx -mavx2 -mavx2 -UASMNAME -UASMFNAME -UNAME -UCNAME -UCHAR_NAME -UCHAR_CNAME -DASMNAME=zgemm_kernel_l -DASMFNAME=zgemm_kernel_l_ -DNAME=zgemm_kernel_l_ -DCNAME=zgemm_kernel_l -DCHAR_NAME=\"zgemm_kernel_l_\" -DCHAR_CNAME=\"zgemm_kernel_l\" -DNO_AFFINITY -I.. -DDOUBLE  -DCOMPLEX -c -DDOUBLE -DCOMPLEX -DCN ../kernel/x86_64/zgemm_kernel_4x2_haswell.c -o zgemm_kernel_l.o
cc -O2 -DMAX_STACK_ALLOC=2048 -Wall -m64 -DF_INTERFACE_GFORT -fPIC -DNO_LAPACK -DNO_LAPACKE -DSMP_SERVER -DNO_WARMUP -DMAX_CPU_NUMBER=4 -DMAX_PARALLEL_NUMBER=1 -DBUILD_SINGLE=1 -DBUILD_DOUBLE=1 -DBUILD_COMPLEX=1 -DBUILD_COMPLEX16=1 -DVERSION=\"0.3.17.dev\" -msse3 -mssse3 -msse4.1 -mavx -mavx2 -mavx2 -UASMNAME -UASMFNAME -UNAME -UCNAME -UCHAR_NAME -UCHAR_CNAME -DASMNAME=zgemm_kernel_b -DASMFNAME=zgemm_kernel_b_ -DNAME=zgemm_kernel_b_ -DCNAME=zgemm_kernel_b -DCHAR_NAME=\"zgemm_kernel_b_\" -DCHAR_CNAME=\"zgemm_kernel_b\" -DNO_AFFINITY -I.. -DDOUBLE  -DCOMPLEX -c -DDOUBLE -DCOMPLEX -DCC ../kernel/x86_64/zgemm_kernel_4x2_haswell.c -o zgemm_kernel_b.o
cc -O2 -DMAX_STACK_ALLOC=2048 -Wall -m64 -DF_INTERFACE_GFORT -fPIC -DNO_LAPACK -DNO_LAPACKE -DSMP_SERVER -DNO_WARMUP -DMAX_CPU_NUMBER=4 -DMAX_PARALLEL_NUMBER=1 -DBUILD_SINGLE=1 -DBUILD_DOUBLE=1 -DBUILD_COMPLEX=1 -DBUILD_COMPLEX16=1 -DVERSION=\"0.3.17.dev\" -msse3 -mssse3 -msse4.1 -mavx -mavx2 -mavx2 -UASMNAME -UASMFNAME -UNAME -UCNAME -UCHAR_NAME -UCHAR_CNAME -DASMNAME=zgemm_incopy -DASMFNAME=zgemm_incopy_ -DNAME=zgemm_incopy_ -DCNAME=zgemm_incopy -DCHAR_NAME=\"zgemm_incopy_\" -DCHAR_CNAME=\"zgemm_incopy\" -DNO_AFFINITY -I.. -DDOUBLE  -DCOMPLEX -c -DDOUBLE -UCOMPLEX ../kernel/x86_64/../generic/zgemm_ncopy_4.c -o zgemm_incopy.o
cc -O2 -DMAX_STACK_ALLOC=2048 -Wall -m64 -DF_INTERFACE_GFORT -fPIC -DNO_LAPACK -DNO_LAPACKE -DSMP_SERVER -DNO_WARMUP -DMAX_CPU_NUMBER=4 -DMAX_PARALLEL_NUMBER=1 -DBUILD_SINGLE=1 -DBUILD_DOUBLE=1 -DBUILD_COMPLEX=1 -DBUILD_COMPLEX16=1 -DVERSION=\"0.3.17.dev\" -msse3 -mssse3 -msse4.1 -mavx -mavx2 -mavx2 -UASMNAME -UASMFNAME -UNAME -UCNAME -UCHAR_NAME -UCHAR_CNAME -DASMNAME=zgemm_itcopy -DASMFNAME=zgemm_itcopy_ -DNAME=zgemm_itcopy_ -DCNAME=zgemm_itcopy -DCHAR_NAME=\"zgemm_itcopy_\" -DCHAR_CNAME=\"zgemm_itcopy\" -DNO_AFFINITY -I.. -DDOUBLE  -DCOMPLEX -c -DDOUBLE -UCOMPLEX ../kernel/x86_64/../generic/zgemm_tcopy_4.c -o zgemm_itcopy.o
cc -O2 -DMAX_STACK_ALLOC=2048 -Wall -m64 -DF_INTERFACE_GFORT -fPIC -DNO_LAPACK -DNO_LAPACKE -DSMP_SERVER -DNO_WARMUP -DMAX_CPU_NUMBER=4 -DMAX_PARALLEL_NUMBER=1 -DBUILD_SINGLE=1 -DBUILD_DOUBLE=1 -DBUILD_COMPLEX=1 -DBUILD_COMPLEX16=1 -DVERSION=\"0.3.17.dev\" -msse3 -mssse3 -msse4.1 -mavx -mavx2 -mavx2 -UASMNAME -UASMFNAME -UNAME -UCNAME -UCHAR_NAME -UCHAR_CNAME -DASMNAME=zgemm_oncopy -DASMFNAME=zgemm_oncopy_ -DNAME=zgemm_oncopy_ -DCNAME=zgemm_oncopy -DCHAR_NAME=\"zgemm_oncopy_\" -DCHAR_CNAME=\"zgemm_oncopy\" -DNO_AFFINITY -I.. -DDOUBLE  -DCOMPLEX -c -DDOUBLE -UCOMPLEX ../kernel/x86_64/../generic/zgemm_ncopy_2.c -o zgemm_oncopy.o
cc -O2 -DMAX_STACK_ALLOC=2048 -Wall -m64 -DF_INTERFACE_GFORT -fPIC -DNO_LAPACK -DNO_LAPACKE -DSMP_SERVER -DNO_WARMUP -DMAX_CPU_NUMBER=4 -DMAX_PARALLEL_NUMBER=1 -DBUILD_SINGLE=1 -DBUILD_DOUBLE=1 -DBUILD_COMPLEX=1 -DBUILD_COMPLEX16=1 -DVERSION=\"0.3.17.dev\" -msse3 -mssse3 -msse4.1 -mavx -mavx2 -mavx2 -UASMNAME -UASMFNAME -UNAME -UCNAME -UCHAR_NAME -UCHAR_CNAME -DASMNAME=zgemm_otcopy -DASMFNAME=zgemm_otcopy_ -DNAME=zgemm_otcopy_ -DCNAME=zgemm_otcopy -DCHAR_NAME=\"zgemm_otcopy_\" -DCHAR_CNAME=\"zgemm_otcopy\" -DNO_AFFINITY -I.. -DDOUBLE  -DCOMPLEX -c -DDOUBLE -UCOMPLEX ../kernel/x86_64/../generic/zgemm_tcopy_2.c -o zgemm_otcopy.o
cc -O2 -DMAX_STACK_ALLOC=2048 -Wall -m64 -DF_INTERFACE_GFORT -fPIC -DNO_LAPACK -DNO_LAPACKE -DSMP_SERVER -DNO_WARMUP -DMAX_CPU_NUMBER=4 -DMAX_PARALLEL_NUMBER=1 -DBUILD_SINGLE=1 -DBUILD_DOUBLE=1 -DBUILD_COMPLEX=1 -DBUILD_COMPLEX16=1 -DVERSION=\"0.3.17.dev\" -msse3 -mssse3 -msse4.1 -mavx -mavx2 -mavx2 -UASMNAME -UASMFNAME -UNAME -UCNAME -UCHAR_NAME -UCHAR_CNAME -DASMNAME=zgemm_beta -DASMFNAME=zgemm_beta_ -DNAME=zgemm_beta_ -DCNAME=zgemm_beta -DCHAR_NAME=\"zgemm_beta_\" -DCHAR_CNAME=\"zgemm_beta\" -DNO_AFFINITY -I.. -DDOUBLE  -DCOMPLEX -c -DDOUBLE -DCOMPLEX ../kernel/x86_64/zgemm_beta.S -o zgemm_beta.o
cc -O2 -DMAX_STACK_ALLOC=2048 -Wall -m64 -DF_INTERFACE_GFORT -fPIC -DNO_LAPACK -DNO_LAPACKE -DSMP_SERVER -DNO_WARMUP -DMAX_CPU_NUMBER=4 -DMAX_PARALLEL_NUMBER=1 -DBUILD_SINGLE=1 -DBUILD_DOUBLE=1 -DBUILD_COMPLEX=1 -DBUILD_COMPLEX16=1 -DVERSION=\"0.3.17.dev\" -msse3 -mssse3 -msse4.1 -mavx -mavx2 -mavx2 -UASMNAME -UASMFNAME -UNAME -UCNAME -UCHAR_NAME -UCHAR_CNAME -DASMNAME=ztrmm_kernel_LN -DASMFNAME=ztrmm_kernel_LN_ -DNAME=ztrmm_kernel_LN_ -DCNAME=ztrmm_kernel_LN -DCHAR_NAME=\"ztrmm_kernel_LN_\" -DCHAR_CNAME=\"ztrmm_kernel_LN\" -DNO_AFFINITY -I.. -DDOUBLE  -DCOMPLEX -c -DTRMMKERNEL -DDOUBLE -DCOMPLEX -DLEFT -UTRANSA -UCONJ -DNN ../kernel/x86_64/zgemm_kernel_4x2_haswell.S -o ztrmm_kernel_LN.o
cc -O2 -DMAX_STACK_ALLOC=2048 -Wall -m64 -DF_INTERFACE_GFORT -fPIC -DNO_LAPACK -DNO_LAPACKE -DSMP_SERVER -DNO_WARMUP -DMAX_CPU_NUMBER=4 -DMAX_PARALLEL_NUMBER=1 -DBUILD_SINGLE=1 -DBUILD_DOUBLE=1 -DBUILD_COMPLEX=1 -DBUILD_COMPLEX16=1 -DVERSION=\"0.3.17.dev\" -msse3 -mssse3 -msse4.1 -mavx -mavx2 -mavx2 -UASMNAME -UASMFNAME -UNAME -UCNAME -UCHAR_NAME -UCHAR_CNAME -DASMNAME=ztrmm_kernel_LT -DASMFNAME=ztrmm_kernel_LT_ -DNAME=ztrmm_kernel_LT_ -DCNAME=ztrmm_kernel_LT -DCHAR_NAME=\"ztrmm_kernel_LT_\" -DCHAR_CNAME=\"ztrmm_kernel_LT\" -DNO_AFFINITY -I.. -DDOUBLE  -DCOMPLEX -c -DTRMMKERNEL -DDOUBLE -DCOMPLEX -DLEFT -DTRANSA -UCONJ -DNN ../kernel/x86_64/zgemm_kernel_4x2_haswell.S -o ztrmm_kernel_LT.o
cc -O2 -DMAX_STACK_ALLOC=2048 -Wall -m64 -DF_INTERFACE_GFORT -fPIC -DNO_LAPACK -DNO_LAPACKE -DSMP_SERVER -DNO_WARMUP -DMAX_CPU_NUMBER=4 -DMAX_PARALLEL_NUMBER=1 -DBUILD_SINGLE=1 -DBUILD_DOUBLE=1 -DBUILD_COMPLEX=1 -DBUILD_COMPLEX16=1 -DVERSION=\"0.3.17.dev\" -msse3 -mssse3 -msse4.1 -mavx -mavx2 -mavx2 -UASMNAME -UASMFNAME -UNAME -UCNAME -UCHAR_NAME -UCHAR_CNAME -DASMNAME=ztrmm_kernel_LR -DASMFNAME=ztrmm_kernel_LR_ -DNAME=ztrmm_kernel_LR_ -DCNAME=ztrmm_kernel_LR -DCHAR_NAME=\"ztrmm_kernel_LR_\" -DCHAR_CNAME=\"ztrmm_kernel_LR\" -DNO_AFFINITY -I.. -DDOUBLE  -DCOMPLEX -c -DTRMMKERNEL -DDOUBLE -DCOMPLEX -DLEFT -UTRANSA -DCONJ -DCN ../kernel/x86_64/zgemm_kernel_4x2_haswell.S -o ztrmm_kernel_LR.o
cc -O2 -DMAX_STACK_ALLOC=2048 -Wall -m64 -DF_INTERFACE_GFORT -fPIC -DNO_LAPACK -DNO_LAPACKE -DSMP_SERVER -DNO_WARMUP -DMAX_CPU_NUMBER=4 -DMAX_PARALLEL_NUMBER=1 -DBUILD_SINGLE=1 -DBUILD_DOUBLE=1 -DBUILD_COMPLEX=1 -DBUILD_COMPLEX16=1 -DVERSION=\"0.3.17.dev\" -msse3 -mssse3 -msse4.1 -mavx -mavx2 -mavx2 -UASMNAME -UASMFNAME -UNAME -UCNAME -UCHAR_NAME -UCHAR_CNAME -DASMNAME=ztrmm_kernel_LC -DASMFNAME=ztrmm_kernel_LC_ -DNAME=ztrmm_kernel_LC_ -DCNAME=ztrmm_kernel_LC -DCHAR_NAME=\"ztrmm_kernel_LC_\" -DCHAR_CNAME=\"ztrmm_kernel_LC\" -DNO_AFFINITY -I.. -DDOUBLE  -DCOMPLEX -c -DTRMMKERNEL -DDOUBLE -DCOMPLEX -DLEFT -DTRANSA -DCONJ -DCN ../kernel/x86_64/zgemm_kernel_4x2_haswell.S -o ztrmm_kernel_LC.o
cc -O2 -DMAX_STACK_ALLOC=2048 -Wall -m64 -DF_INTERFACE_GFORT -fPIC -DNO_LAPACK -DNO_LAPACKE -DSMP_SERVER -DNO_WARMUP -DMAX_CPU_NUMBER=4 -DMAX_PARALLEL_NUMBER=1 -DBUILD_SINGLE=1 -DBUILD_DOUBLE=1 -DBUILD_COMPLEX=1 -DBUILD_COMPLEX16=1 -DVERSION=\"0.3.17.dev\" -msse3 -mssse3 -msse4.1 -mavx -mavx2 -mavx2 -UASMNAME -UASMFNAME -UNAME -UCNAME -UCHAR_NAME -UCHAR_CNAME -DASMNAME=ztrmm_kernel_RN -DASMFNAME=ztrmm_kernel_RN_ -DNAME=ztrmm_kernel_RN_ -DCNAME=ztrmm_kernel_RN -DCHAR_NAME=\"ztrmm_kernel_RN_\" -DCHAR_CNAME=\"ztrmm_kernel_RN\" -DNO_AFFINITY -I.. -DDOUBLE  -DCOMPLEX -c -DTRMMKERNEL -DDOUBLE -DCOMPLEX -ULEFT -UTRANSA -UCONJ -DNN ../kernel/x86_64/zgemm_kernel_4x2_haswell.S -o ztrmm_kernel_RN.o
cc -O2 -DMAX_STACK_ALLOC=2048 -Wall -m64 -DF_INTERFACE_GFORT -fPIC -DNO_LAPACK -DNO_LAPACKE -DSMP_SERVER -DNO_WARMUP -DMAX_CPU_NUMBER=4 -DMAX_PARALLEL_NUMBER=1 -DBUILD_SINGLE=1 -DBUILD_DOUBLE=1 -DBUILD_COMPLEX=1 -DBUILD_COMPLEX16=1 -DVERSION=\"0.3.17.dev\" -msse3 -mssse3 -msse4.1 -mavx -mavx2 -mavx2 -UASMNAME -UASMFNAME -UNAME -UCNAME -UCHAR_NAME -UCHAR_CNAME -DASMNAME=ztrmm_kernel_RT -DASMFNAME=ztrmm_kernel_RT_ -DNAME=ztrmm_kernel_RT_ -DCNAME=ztrmm_kernel_RT -DCHAR_NAME=\"ztrmm_kernel_RT_\" -DCHAR_CNAME=\"ztrmm_kernel_RT\" -DNO_AFFINITY -I.. -DDOUBLE  -DCOMPLEX -c -DTRMMKERNEL -DDOUBLE -DCOMPLEX -ULEFT -DTRANSA -UCONJ -DNN ../kernel/x86_64/zgemm_kernel_4x2_haswell.S -o ztrmm_kernel_RT.o
cc -O2 -DMAX_STACK_ALLOC=2048 -Wall -m64 -DF_INTERFACE_GFORT -fPIC -DNO_LAPACK -DNO_LAPACKE -DSMP_SERVER -DNO_WARMUP -DMAX_CPU_NUMBER=4 -DMAX_PARALLEL_NUMBER=1 -DBUILD_SINGLE=1 -DBUILD_DOUBLE=1 -DBUILD_COMPLEX=1 -DBUILD_COMPLEX16=1 -DVERSION=\"0.3.17.dev\" -msse3 -mssse3 -msse4.1 -mavx -mavx2 -mavx2 -UASMNAME -UASMFNAME -UNAME -UCNAME -UCHAR_NAME -UCHAR_CNAME -DASMNAME=ztrmm_kernel_RR -DASMFNAME=ztrmm_kernel_RR_ -DNAME=ztrmm_kernel_RR_ -DCNAME=ztrmm_kernel_RR -DCHAR_NAME=\"ztrmm_kernel_RR_\" -DCHAR_CNAME=\"ztrmm_kernel_RR\" -DNO_AFFINITY -I.. -DDOUBLE  -DCOMPLEX -c -DTRMMKERNEL -DDOUBLE -DCOMPLEX -ULEFT -UTRANSA -DCONJ -DNC ../kernel/x86_64/zgemm_kernel_4x2_haswell.S -o ztrmm_kernel_RR.o
cc -O2 -DMAX_STACK_ALLOC=2048 -Wall -m64 -DF_INTERFACE_GFORT -fPIC -DNO_LAPACK -DNO_LAPACKE -DSMP_SERVER -DNO_WARMUP -DMAX_CPU_NUMBER=4 -DMAX_PARALLEL_NUMBER=1 -DBUILD_SINGLE=1 -DBUILD_DOUBLE=1 -DBUILD_COMPLEX=1 -DBUILD_COMPLEX16=1 -DVERSION=\"0.3.17.dev\" -msse3 -mssse3 -msse4.1 -mavx -mavx2 -mavx2 -UASMNAME -UASMFNAME -UNAME -UCNAME -UCHAR_NAME -UCHAR_CNAME -DASMNAME=ztrmm_kernel_RC -DASMFNAME=ztrmm_kernel_RC_ -DNAME=ztrmm_kernel_RC_ -DCNAME=ztrmm_kernel_RC -DCHAR_NAME=\"ztrmm_kernel_RC_\" -DCHAR_CNAME=\"ztrmm_kernel_RC\" -DNO_AFFINITY -I.. -DDOUBLE  -DCOMPLEX -c -DTRMMKERNEL -DDOUBLE -DCOMPLEX -ULEFT -DTRANSA -DCONJ -DNC ../kernel/x86_64/zgemm_kernel_4x2_haswell.S -o ztrmm_kernel_RC.o
cc -c -O2 -DMAX_STACK_ALLOC=2048 -Wall -m64 -DF_INTERFACE_GFORT -fPIC -DNO_LAPACK -DNO_LAPACKE -DSMP_SERVER -DNO_WARMUP -DMAX_CPU_NUMBER=4 -DMAX_PARALLEL_NUMBER=1 -DBUILD_SINGLE=1 -DBUILD_DOUBLE=1 -DBUILD_COMPLEX=1 -DBUILD_COMPLEX16=1 -DVERSION=\"0.3.17.dev\" -msse3 -mssse3 -msse4.1 -mavx -mavx2 -mavx2 -UASMNAME -UASMFNAME -UNAME -UCNAME -UCHAR_NAME -UCHAR_CNAME -DASMNAME=ztrsm_kernel_LN -DASMFNAME=ztrsm_kernel_LN_ -DNAME=ztrsm_kernel_LN_ -DCNAME=ztrsm_kernel_LN -DCHAR_NAME=\"ztrsm_kernel_LN_\" -DCHAR_CNAME=\"ztrsm_kernel_LN\" -DNO_AFFINITY -I.. -DDOUBLE  -DCOMPLEX -DTRSMKERNEL -DCOMPLEX -DDOUBLE -DUPPER -DLN -UCONJ ../kernel/x86_64/../generic/trsm_kernel_LN.c -o ztrsm_kernel_LN.o
cc -c -O2 -DMAX_STACK_ALLOC=2048 -Wall -m64 -DF_INTERFACE_GFORT -fPIC -DNO_LAPACK -DNO_LAPACKE -DSMP_SERVER -DNO_WARMUP -DMAX_CPU_NUMBER=4 -DMAX_PARALLEL_NUMBER=1 -DBUILD_SINGLE=1 -DBUILD_DOUBLE=1 -DBUILD_COMPLEX=1 -DBUILD_COMPLEX16=1 -DVERSION=\"0.3.17.dev\" -msse3 -mssse3 -msse4.1 -mavx -mavx2 -mavx2 -UASMNAME -UASMFNAME -UNAME -UCNAME -UCHAR_NAME -UCHAR_CNAME -DASMNAME=ztrsm_kernel_LT -DASMFNAME=ztrsm_kernel_LT_ -DNAME=ztrsm_kernel_LT_ -DCNAME=ztrsm_kernel_LT -DCHAR_NAME=\"ztrsm_kernel_LT_\" -DCHAR_CNAME=\"ztrsm_kernel_LT\" -DNO_AFFINITY -I.. -DDOUBLE  -DCOMPLEX -DTRSMKERNEL -DCOMPLEX -DDOUBLE -UUPPER -DLT -UCONJ ../kernel/x86_64/../generic/trsm_kernel_LT.c -o ztrsm_kernel_LT.o
cc -c -O2 -DMAX_STACK_ALLOC=2048 -Wall -m64 -DF_INTERFACE_GFORT -fPIC -DNO_LAPACK -DNO_LAPACKE -DSMP_SERVER -DNO_WARMUP -DMAX_CPU_NUMBER=4 -DMAX_PARALLEL_NUMBER=1 -DBUILD_SINGLE=1 -DBUILD_DOUBLE=1 -DBUILD_COMPLEX=1 -DBUILD_COMPLEX16=1 -DVERSION=\"0.3.17.dev\" -msse3 -mssse3 -msse4.1 -mavx -mavx2 -mavx2 -UASMNAME -UASMFNAME -UNAME -UCNAME -UCHAR_NAME -UCHAR_CNAME -DASMNAME=ztrsm_kernel_LR -DASMFNAME=ztrsm_kernel_LR_ -DNAME=ztrsm_kernel_LR_ -DCNAME=ztrsm_kernel_LR -DCHAR_NAME=\"ztrsm_kernel_LR_\" -DCHAR_CNAME=\"ztrsm_kernel_LR\" -DNO_AFFINITY -I.. -DDOUBLE  -DCOMPLEX -DTRSMKERNEL -DCOMPLEX -DDOUBLE -DUPPER -DLN -DCONJ ../kernel/x86_64/../generic/trsm_kernel_LN.c -o ztrsm_kernel_LR.o
cc -c -O2 -DMAX_STACK_ALLOC=2048 -Wall -m64 -DF_INTERFACE_GFORT -fPIC -DNO_LAPACK -DNO_LAPACKE -DSMP_SERVER -DNO_WARMUP -DMAX_CPU_NUMBER=4 -DMAX_PARALLEL_NUMBER=1 -DBUILD_SINGLE=1 -DBUILD_DOUBLE=1 -DBUILD_COMPLEX=1 -DBUILD_COMPLEX16=1 -DVERSION=\"0.3.17.dev\" -msse3 -mssse3 -msse4.1 -mavx -mavx2 -mavx2 -UASMNAME -UASMFNAME -UNAME -UCNAME -UCHAR_NAME -UCHAR_CNAME -DASMNAME=ztrsm_kernel_LC -DASMFNAME=ztrsm_kernel_LC_ -DNAME=ztrsm_kernel_LC_ -DCNAME=ztrsm_kernel_LC -DCHAR_NAME=\"ztrsm_kernel_LC_\" -DCHAR_CNAME=\"ztrsm_kernel_LC\" -DNO_AFFINITY -I.. -DDOUBLE  -DCOMPLEX -DTRSMKERNEL -DCOMPLEX -DDOUBLE -UUPPER -DLT -DCONJ ../kernel/x86_64/../generic/trsm_kernel_LT.c -o ztrsm_kernel_LC.o
cc -c -O2 -DMAX_STACK_ALLOC=2048 -Wall -m64 -DF_INTERFACE_GFORT -fPIC -DNO_LAPACK -DNO_LAPACKE -DSMP_SERVER -DNO_WARMUP -DMAX_CPU_NUMBER=4 -DMAX_PARALLEL_NUMBER=1 -DBUILD_SINGLE=1 -DBUILD_DOUBLE=1 -DBUILD_COMPLEX=1 -DBUILD_COMPLEX16=1 -DVERSION=\"0.3.17.dev\" -msse3 -mssse3 -msse4.1 -mavx -mavx2 -mavx2 -UASMNAME -UASMFNAME -UNAME -UCNAME -UCHAR_NAME -UCHAR_CNAME -DASMNAME=ztrsm_kernel_RN -DASMFNAME=ztrsm_kernel_RN_ -DNAME=ztrsm_kernel_RN_ -DCNAME=ztrsm_kernel_RN -DCHAR_NAME=\"ztrsm_kernel_RN_\" -DCHAR_CNAME=\"ztrsm_kernel_RN\" -DNO_AFFINITY -I.. -DDOUBLE  -DCOMPLEX -DTRSMKERNEL -DCOMPLEX -DDOUBLE -DUPPER -DRN -UCONJ ../kernel/x86_64/../generic/trsm_kernel_RN.c -o ztrsm_kernel_RN.o
cc -c -O2 -DMAX_STACK_ALLOC=2048 -Wall -m64 -DF_INTERFACE_GFORT -fPIC -DNO_LAPACK -DNO_LAPACKE -DSMP_SERVER -DNO_WARMUP -DMAX_CPU_NUMBER=4 -DMAX_PARALLEL_NUMBER=1 -DBUILD_SINGLE=1 -DBUILD_DOUBLE=1 -DBUILD_COMPLEX=1 -DBUILD_COMPLEX16=1 -DVERSION=\"0.3.17.dev\" -msse3 -mssse3 -msse4.1 -mavx -mavx2 -mavx2 -UASMNAME -UASMFNAME -UNAME -UCNAME -UCHAR_NAME -UCHAR_CNAME -DASMNAME=ztrsm_kernel_RT -DASMFNAME=ztrsm_kernel_RT_ -DNAME=ztrsm_kernel_RT_ -DCNAME=ztrsm_kernel_RT -DCHAR_NAME=\"ztrsm_kernel_RT_\" -DCHAR_CNAME=\"ztrsm_kernel_RT\" -DNO_AFFINITY -I.. -DDOUBLE  -DCOMPLEX -DTRSMKERNEL -DCOMPLEX -DDOUBLE -UUPPER -DRT -UCONJ ../kernel/x86_64/../generic/trsm_kernel_RT.c -o ztrsm_kernel_RT.o
cc -c -O2 -DMAX_STACK_ALLOC=2048 -Wall -m64 -DF_INTERFACE_GFORT -fPIC -DNO_LAPACK -DNO_LAPACKE -DSMP_SERVER -DNO_WARMUP -DMAX_CPU_NUMBER=4 -DMAX_PARALLEL_NUMBER=1 -DBUILD_SINGLE=1 -DBUILD_DOUBLE=1 -DBUILD_COMPLEX=1 -DBUILD_COMPLEX16=1 -DVERSION=\"0.3.17.dev\" -msse3 -mssse3 -msse4.1 -mavx -mavx2 -mavx2 -UASMNAME -UASMFNAME -UNAME -UCNAME -UCHAR_NAME -UCHAR_CNAME -DASMNAME=ztrsm_kernel_RR -DASMFNAME=ztrsm_kernel_RR_ -DNAME=ztrsm_kernel_RR_ -DCNAME=ztrsm_kernel_RR -DCHAR_NAME=\"ztrsm_kernel_RR_\" -DCHAR_CNAME=\"ztrsm_kernel_RR\" -DNO_AFFINITY -I.. -DDOUBLE  -DCOMPLEX -DTRSMKERNEL -DCOMPLEX -DDOUBLE -DUPPER -DRN -DCONJ ../kernel/x86_64/../generic/trsm_kernel_RN.c -o ztrsm_kernel_RR.o
cc -c -O2 -DMAX_STACK_ALLOC=2048 -Wall -m64 -DF_INTERFACE_GFORT -fPIC -DNO_LAPACK -DNO_LAPACKE -DSMP_SERVER -DNO_WARMUP -DMAX_CPU_NUMBER=4 -DMAX_PARALLEL_NUMBER=1 -DBUILD_SINGLE=1 -DBUILD_DOUBLE=1 -DBUILD_COMPLEX=1 -DBUILD_COMPLEX16=1 -DVERSION=\"0.3.17.dev\" -msse3 -mssse3 -msse4.1 -mavx -mavx2 -mavx2 -UASMNAME -UASMFNAME -UNAME -UCNAME -UCHAR_NAME -UCHAR_CNAME -DASMNAME=ztrsm_kernel_RC -DASMFNAME=ztrsm_kernel_RC_ -DNAME=ztrsm_kernel_RC_ -DCNAME=ztrsm_kernel_RC -DCHAR_NAME=\"ztrsm_kernel_RC_\" -DCHAR_CNAME=\"ztrsm_kernel_RC\" -DNO_AFFINITY -I.. -DDOUBLE  -DCOMPLEX -DTRSMKERNEL -DCOMPLEX -DDOUBLE -UUPPER -DRT -DCONJ ../kernel/x86_64/../generic/trsm_kernel_RT.c -o ztrsm_kernel_RC.o
cc -O2 -DMAX_STACK_ALLOC=2048 -Wall -m64 -DF_INTERFACE_GFORT -fPIC -DNO_LAPACK -DNO_LAPACKE -DSMP_SERVER -DNO_WARMUP -DMAX_CPU_NUMBER=4 -DMAX_PARALLEL_NUMBER=1 -DBUILD_SINGLE=1 -DBUILD_DOUBLE=1 -DBUILD_COMPLEX=1 -DBUILD_COMPLEX16=1 -DVERSION=\"0.3.17.dev\" -msse3 -mssse3 -msse4.1 -mavx -mavx2 -mavx2 -UASMNAME -UASMFNAME -UNAME -UCNAME -UCHAR_NAME -UCHAR_CNAME -DASMNAME=zgemm3m_kernel -DASMFNAME=zgemm3m_kernel_ -DNAME=zgemm3m_kernel_ -DCNAME=zgemm3m_kernel -DCHAR_NAME=\"zgemm3m_kernel_\" -DCHAR_CNAME=\"zgemm3m_kernel\" -DNO_AFFINITY -I.. -DDOUBLE  -DCOMPLEX -c -DDOUBLE -DCOMPLEX -DNN ../kernel/x86_64/zgemm3m_kernel_4x4_haswell.c -o zgemm3m_kernel.o
cc -c -O2 -DMAX_STACK_ALLOC=2048 -Wall -m64 -DF_INTERFACE_GFORT -fPIC -DNO_LAPACK -DNO_LAPACKE -DSMP_SERVER -DNO_WARMUP -DMAX_CPU_NUMBER=4 -DMAX_PARALLEL_NUMBER=1 -DBUILD_SINGLE=1 -DBUILD_DOUBLE=1 -DBUILD_COMPLEX=1 -DBUILD_COMPLEX16=1 -DVERSION=\"0.3.17.dev\" -msse3 -mssse3 -msse4.1 -mavx -mavx2 -mavx2 -UASMNAME -UASMFNAME -UNAME -UCNAME -UCHAR_NAME -UCHAR_CNAME -DASMNAME=ztrmm_iunucopy -DASMFNAME=ztrmm_iunucopy_ -DNAME=ztrmm_iunucopy_ -DCNAME=ztrmm_iunucopy -DCHAR_NAME=\"ztrmm_iunucopy_\" -DCHAR_CNAME=\"ztrmm_iunucopy\" -DNO_AFFINITY -I.. -DDOUBLE  -DCOMPLEX -Wno-uninitialized -DDOUBLE -DCOMPLEX -UOUTER -ULOWER -DUNIT generic/ztrmm_uncopy_4.c -o ztrmm_iunucopy.o
cc -c -O2 -DMAX_STACK_ALLOC=2048 -Wall -m64 -DF_INTERFACE_GFORT -fPIC -DNO_LAPACK -DNO_LAPACKE -DSMP_SERVER -DNO_WARMUP -DMAX_CPU_NUMBER=4 -DMAX_PARALLEL_NUMBER=1 -DBUILD_SINGLE=1 -DBUILD_DOUBLE=1 -DBUILD_COMPLEX=1 -DBUILD_COMPLEX16=1 -DVERSION=\"0.3.17.dev\" -msse3 -mssse3 -msse4.1 -mavx -mavx2 -mavx2 -UASMNAME -UASMFNAME -UNAME -UCNAME -UCHAR_NAME -UCHAR_CNAME -DASMNAME=ztrmm_iunncopy -DASMFNAME=ztrmm_iunncopy_ -DNAME=ztrmm_iunncopy_ -DCNAME=ztrmm_iunncopy -DCHAR_NAME=\"ztrmm_iunncopy_\" -DCHAR_CNAME=\"ztrmm_iunncopy\" -DNO_AFFINITY -I.. -DDOUBLE  -DCOMPLEX -Wno-uninitialized -DDOUBLE -DCOMPLEX -UOUTER -ULOWER -UUNIT generic/ztrmm_uncopy_4.c -o ztrmm_iunncopy.o
cc -c -O2 -DMAX_STACK_ALLOC=2048 -Wall -m64 -DF_INTERFACE_GFORT -fPIC -DNO_LAPACK -DNO_LAPACKE -DSMP_SERVER -DNO_WARMUP -DMAX_CPU_NUMBER=4 -DMAX_PARALLEL_NUMBER=1 -DBUILD_SINGLE=1 -DBUILD_DOUBLE=1 -DBUILD_COMPLEX=1 -DBUILD_COMPLEX16=1 -DVERSION=\"0.3.17.dev\" -msse3 -mssse3 -msse4.1 -mavx -mavx2 -mavx2 -UASMNAME -UASMFNAME -UNAME -UCNAME -UCHAR_NAME -UCHAR_CNAME -DASMNAME=ztrmm_ilnucopy -DASMFNAME=ztrmm_ilnucopy_ -DNAME=ztrmm_ilnucopy_ -DCNAME=ztrmm_ilnucopy -DCHAR_NAME=\"ztrmm_ilnucopy_\" -DCHAR_CNAME=\"ztrmm_ilnucopy\" -DNO_AFFINITY -I.. -DDOUBLE  -DCOMPLEX -Wno-uninitialized -DDOUBLE -DCOMPLEX -UOUTER -DLOWER -DUNIT generic/ztrmm_lncopy_4.c -o ztrmm_ilnucopy.o
cc -c -O2 -DMAX_STACK_ALLOC=2048 -Wall -m64 -DF_INTERFACE_GFORT -fPIC -DNO_LAPACK -DNO_LAPACKE -DSMP_SERVER -DNO_WARMUP -DMAX_CPU_NUMBER=4 -DMAX_PARALLEL_NUMBER=1 -DBUILD_SINGLE=1 -DBUILD_DOUBLE=1 -DBUILD_COMPLEX=1 -DBUILD_COMPLEX16=1 -DVERSION=\"0.3.17.dev\" -msse3 -mssse3 -msse4.1 -mavx -mavx2 -mavx2 -UASMNAME -UASMFNAME -UNAME -UCNAME -UCHAR_NAME -UCHAR_CNAME -DASMNAME=ztrmm_ilnncopy -DASMFNAME=ztrmm_ilnncopy_ -DNAME=ztrmm_ilnncopy_ -DCNAME=ztrmm_ilnncopy -DCHAR_NAME=\"ztrmm_ilnncopy_\" -DCHAR_CNAME=\"ztrmm_ilnncopy\" -DNO_AFFINITY -I.. -DDOUBLE  -DCOMPLEX -Wno-uninitialized -DDOUBLE -DCOMPLEX -UOUTER -DLOWER -UUNIT generic/ztrmm_lncopy_4.c -o ztrmm_ilnncopy.o
cc -c -O2 -DMAX_STACK_ALLOC=2048 -Wall -m64 -DF_INTERFACE_GFORT -fPIC -DNO_LAPACK -DNO_LAPACKE -DSMP_SERVER -DNO_WARMUP -DMAX_CPU_NUMBER=4 -DMAX_PARALLEL_NUMBER=1 -DBUILD_SINGLE=1 -DBUILD_DOUBLE=1 -DBUILD_COMPLEX=1 -DBUILD_COMPLEX16=1 -DVERSION=\"0.3.17.dev\" -msse3 -mssse3 -msse4.1 -mavx -mavx2 -mavx2 -UASMNAME -UASMFNAME -UNAME -UCNAME -UCHAR_NAME -UCHAR_CNAME -DASMNAME=ztrmm_iutucopy -DASMFNAME=ztrmm_iutucopy_ -DNAME=ztrmm_iutucopy_ -DCNAME=ztrmm_iutucopy -DCHAR_NAME=\"ztrmm_iutucopy_\" -DCHAR_CNAME=\"ztrmm_iutucopy\" -DNO_AFFINITY -I.. -DDOUBLE  -DCOMPLEX -Wno-uninitialized -DDOUBLE -DCOMPLEX -UOUTER -ULOWER -DUNIT generic/ztrmm_utcopy_4.c -o ztrmm_iutucopy.o
cc -c -O2 -DMAX_STACK_ALLOC=2048 -Wall -m64 -DF_INTERFACE_GFORT -fPIC -DNO_LAPACK -DNO_LAPACKE -DSMP_SERVER -DNO_WARMUP -DMAX_CPU_NUMBER=4 -DMAX_PARALLEL_NUMBER=1 -DBUILD_SINGLE=1 -DBUILD_DOUBLE=1 -DBUILD_COMPLEX=1 -DBUILD_COMPLEX16=1 -DVERSION=\"0.3.17.dev\" -msse3 -mssse3 -msse4.1 -mavx -mavx2 -mavx2 -UASMNAME -UASMFNAME -UNAME -UCNAME -UCHAR_NAME -UCHAR_CNAME -DASMNAME=ztrmm_iutncopy -DASMFNAME=ztrmm_iutncopy_ -DNAME=ztrmm_iutncopy_ -DCNAME=ztrmm_iutncopy -DCHAR_NAME=\"ztrmm_iutncopy_\" -DCHAR_CNAME=\"ztrmm_iutncopy\" -DNO_AFFINITY -I.. -DDOUBLE  -DCOMPLEX -Wno-uninitialized -DDOUBLE -DCOMPLEX -UOUTER -ULOWER -UUNIT generic/ztrmm_utcopy_4.c -o ztrmm_iutncopy.o
cc -c -O2 -DMAX_STACK_ALLOC=2048 -Wall -m64 -DF_INTERFACE_GFORT -fPIC -DNO_LAPACK -DNO_LAPACKE -DSMP_SERVER -DNO_WARMUP -DMAX_CPU_NUMBER=4 -DMAX_PARALLEL_NUMBER=1 -DBUILD_SINGLE=1 -DBUILD_DOUBLE=1 -DBUILD_COMPLEX=1 -DBUILD_COMPLEX16=1 -DVERSION=\"0.3.17.dev\" -msse3 -mssse3 -msse4.1 -mavx -mavx2 -mavx2 -UASMNAME -UASMFNAME -UNAME -UCNAME -UCHAR_NAME -UCHAR_CNAME -DASMNAME=ztrmm_iltucopy -DASMFNAME=ztrmm_iltucopy_ -DNAME=ztrmm_iltucopy_ -DCNAME=ztrmm_iltucopy -DCHAR_NAME=\"ztrmm_iltucopy_\" -DCHAR_CNAME=\"ztrmm_iltucopy\" -DNO_AFFINITY -I.. -DDOUBLE  -DCOMPLEX -Wno-uninitialized -DDOUBLE -DCOMPLEX -UOUTER -DLOWER -DUNIT generic/ztrmm_ltcopy_4.c -o ztrmm_iltucopy.o
cc -c -O2 -DMAX_STACK_ALLOC=2048 -Wall -m64 -DF_INTERFACE_GFORT -fPIC -DNO_LAPACK -DNO_LAPACKE -DSMP_SERVER -DNO_WARMUP -DMAX_CPU_NUMBER=4 -DMAX_PARALLEL_NUMBER=1 -DBUILD_SINGLE=1 -DBUILD_DOUBLE=1 -DBUILD_COMPLEX=1 -DBUILD_COMPLEX16=1 -DVERSION=\"0.3.17.dev\" -msse3 -mssse3 -msse4.1 -mavx -mavx2 -mavx2 -UASMNAME -UASMFNAME -UNAME -UCNAME -UCHAR_NAME -UCHAR_CNAME -DASMNAME=ztrmm_iltncopy -DASMFNAME=ztrmm_iltncopy_ -DNAME=ztrmm_iltncopy_ -DCNAME=ztrmm_iltncopy -DCHAR_NAME=\"ztrmm_iltncopy_\" -DCHAR_CNAME=\"ztrmm_iltncopy\" -DNO_AFFINITY -I.. -DDOUBLE  -DCOMPLEX -Wno-uninitialized -DDOUBLE -DCOMPLEX -UOUTER -DLOWER -UUNIT generic/ztrmm_ltcopy_4.c -o ztrmm_iltncopy.o
cc -c -O2 -DMAX_STACK_ALLOC=2048 -Wall -m64 -DF_INTERFACE_GFORT -fPIC -DNO_LAPACK -DNO_LAPACKE -DSMP_SERVER -DNO_WARMUP -DMAX_CPU_NUMBER=4 -DMAX_PARALLEL_NUMBER=1 -DBUILD_SINGLE=1 -DBUILD_DOUBLE=1 -DBUILD_COMPLEX=1 -DBUILD_COMPLEX16=1 -DVERSION=\"0.3.17.dev\" -msse3 -mssse3 -msse4.1 -mavx -mavx2 -mavx2 -UASMNAME -UASMFNAME -UNAME -UCNAME -UCHAR_NAME -UCHAR_CNAME -DASMNAME=ztrmm_ounucopy -DASMFNAME=ztrmm_ounucopy_ -DNAME=ztrmm_ounucopy_ -DCNAME=ztrmm_ounucopy -DCHAR_NAME=\"ztrmm_ounucopy_\" -DCHAR_CNAME=\"ztrmm_ounucopy\" -DNO_AFFINITY -I.. -DDOUBLE  -DCOMPLEX -Wno-uninitialized -DDOUBLE -DCOMPLEX -DOUTER -ULOWER -DUNIT generic/ztrmm_uncopy_2.c -o ztrmm_ounucopy.o
cc -c -O2 -DMAX_STACK_ALLOC=2048 -Wall -m64 -DF_INTERFACE_GFORT -fPIC -DNO_LAPACK -DNO_LAPACKE -DSMP_SERVER -DNO_WARMUP -DMAX_CPU_NUMBER=4 -DMAX_PARALLEL_NUMBER=1 -DBUILD_SINGLE=1 -DBUILD_DOUBLE=1 -DBUILD_COMPLEX=1 -DBUILD_COMPLEX16=1 -DVERSION=\"0.3.17.dev\" -msse3 -mssse3 -msse4.1 -mavx -mavx2 -mavx2 -UASMNAME -UASMFNAME -UNAME -UCNAME -UCHAR_NAME -UCHAR_CNAME -DASMNAME=ztrmm_ounncopy -DASMFNAME=ztrmm_ounncopy_ -DNAME=ztrmm_ounncopy_ -DCNAME=ztrmm_ounncopy -DCHAR_NAME=\"ztrmm_ounncopy_\" -DCHAR_CNAME=\"ztrmm_ounncopy\" -DNO_AFFINITY -I.. -DDOUBLE  -DCOMPLEX -Wno-uninitialized -DDOUBLE -DCOMPLEX -DOUTER -ULOWER -UUNIT generic/ztrmm_uncopy_2.c -o ztrmm_ounncopy.o
cc -c -O2 -DMAX_STACK_ALLOC=2048 -Wall -m64 -DF_INTERFACE_GFORT -fPIC -DNO_LAPACK -DNO_LAPACKE -DSMP_SERVER -DNO_WARMUP -DMAX_CPU_NUMBER=4 -DMAX_PARALLEL_NUMBER=1 -DBUILD_SINGLE=1 -DBUILD_DOUBLE=1 -DBUILD_COMPLEX=1 -DBUILD_COMPLEX16=1 -DVERSION=\"0.3.17.dev\" -msse3 -mssse3 -msse4.1 -mavx -mavx2 -mavx2 -UASMNAME -UASMFNAME -UNAME -UCNAME -UCHAR_NAME -UCHAR_CNAME -DASMNAME=ztrmm_olnucopy -DASMFNAME=ztrmm_olnucopy_ -DNAME=ztrmm_olnucopy_ -DCNAME=ztrmm_olnucopy -DCHAR_NAME=\"ztrmm_olnucopy_\" -DCHAR_CNAME=\"ztrmm_olnucopy\" -DNO_AFFINITY -I.. -DDOUBLE  -DCOMPLEX -Wno-uninitialized -DDOUBLE -DCOMPLEX -DOUTER -DLOWER -DUNIT generic/ztrmm_lncopy_2.c -o ztrmm_olnucopy.o
cc -c -O2 -DMAX_STACK_ALLOC=2048 -Wall -m64 -DF_INTERFACE_GFORT -fPIC -DNO_LAPACK -DNO_LAPACKE -DSMP_SERVER -DNO_WARMUP -DMAX_CPU_NUMBER=4 -DMAX_PARALLEL_NUMBER=1 -DBUILD_SINGLE=1 -DBUILD_DOUBLE=1 -DBUILD_COMPLEX=1 -DBUILD_COMPLEX16=1 -DVERSION=\"0.3.17.dev\" -msse3 -mssse3 -msse4.1 -mavx -mavx2 -mavx2 -UASMNAME -UASMFNAME -UNAME -UCNAME -UCHAR_NAME -UCHAR_CNAME -DASMNAME=ztrmm_olnncopy -DASMFNAME=ztrmm_olnncopy_ -DNAME=ztrmm_olnncopy_ -DCNAME=ztrmm_olnncopy -DCHAR_NAME=\"ztrmm_olnncopy_\" -DCHAR_CNAME=\"ztrmm_olnncopy\" -DNO_AFFINITY -I.. -DDOUBLE  -DCOMPLEX -Wno-uninitialized -DDOUBLE -DCOMPLEX -DOUTER -DLOWER -UUNIT generic/ztrmm_lncopy_2.c -o ztrmm_olnncopy.o
cc -c -O2 -DMAX_STACK_ALLOC=2048 -Wall -m64 -DF_INTERFACE_GFORT -fPIC -DNO_LAPACK -DNO_LAPACKE -DSMP_SERVER -DNO_WARMUP -DMAX_CPU_NUMBER=4 -DMAX_PARALLEL_NUMBER=1 -DBUILD_SINGLE=1 -DBUILD_DOUBLE=1 -DBUILD_COMPLEX=1 -DBUILD_COMPLEX16=1 -DVERSION=\"0.3.17.dev\" -msse3 -mssse3 -msse4.1 -mavx -mavx2 -mavx2 -UASMNAME -UASMFNAME -UNAME -UCNAME -UCHAR_NAME -UCHAR_CNAME -DASMNAME=ztrmm_outucopy -DASMFNAME=ztrmm_outucopy_ -DNAME=ztrmm_outucopy_ -DCNAME=ztrmm_outucopy -DCHAR_NAME=\"ztrmm_outucopy_\" -DCHAR_CNAME=\"ztrmm_outucopy\" -DNO_AFFINITY -I.. -DDOUBLE  -DCOMPLEX -Wno-uninitialized -DDOUBLE -DCOMPLEX -DOUTER -ULOWER -DUNIT generic/ztrmm_utcopy_2.c -o ztrmm_outucopy.o
cc -c -O2 -DMAX_STACK_ALLOC=2048 -Wall -m64 -DF_INTERFACE_GFORT -fPIC -DNO_LAPACK -DNO_LAPACKE -DSMP_SERVER -DNO_WARMUP -DMAX_CPU_NUMBER=4 -DMAX_PARALLEL_NUMBER=1 -DBUILD_SINGLE=1 -DBUILD_DOUBLE=1 -DBUILD_COMPLEX=1 -DBUILD_COMPLEX16=1 -DVERSION=\"0.3.17.dev\" -msse3 -mssse3 -msse4.1 -mavx -mavx2 -mavx2 -UASMNAME -UASMFNAME -UNAME -UCNAME -UCHAR_NAME -UCHAR_CNAME -DASMNAME=ztrmm_outncopy -DASMFNAME=ztrmm_outncopy_ -DNAME=ztrmm_outncopy_ -DCNAME=ztrmm_outncopy -DCHAR_NAME=\"ztrmm_outncopy_\" -DCHAR_CNAME=\"ztrmm_outncopy\" -DNO_AFFINITY -I.. -DDOUBLE  -DCOMPLEX -Wno-uninitialized -DDOUBLE -DCOMPLEX -DOUTER -ULOWER -UUNIT generic/ztrmm_utcopy_2.c -o ztrmm_outncopy.o
cc -c -O2 -DMAX_STACK_ALLOC=2048 -Wall -m64 -DF_INTERFACE_GFORT -fPIC -DNO_LAPACK -DNO_LAPACKE -DSMP_SERVER -DNO_WARMUP -DMAX_CPU_NUMBER=4 -DMAX_PARALLEL_NUMBER=1 -DBUILD_SINGLE=1 -DBUILD_DOUBLE=1 -DBUILD_COMPLEX=1 -DBUILD_COMPLEX16=1 -DVERSION=\"0.3.17.dev\" -msse3 -mssse3 -msse4.1 -mavx -mavx2 -mavx2 -UASMNAME -UASMFNAME -UNAME -UCNAME -UCHAR_NAME -UCHAR_CNAME -DASMNAME=ztrmm_oltucopy -DASMFNAME=ztrmm_oltucopy_ -DNAME=ztrmm_oltucopy_ -DCNAME=ztrmm_oltucopy -DCHAR_NAME=\"ztrmm_oltucopy_\" -DCHAR_CNAME=\"ztrmm_oltucopy\" -DNO_AFFINITY -I.. -DDOUBLE  -DCOMPLEX -Wno-uninitialized -DDOUBLE -DCOMPLEX -DOUTER -DLOWER -DUNIT generic/ztrmm_ltcopy_2.c -o ztrmm_oltucopy.o
cc -c -O2 -DMAX_STACK_ALLOC=2048 -Wall -m64 -DF_INTERFACE_GFORT -fPIC -DNO_LAPACK -DNO_LAPACKE -DSMP_SERVER -DNO_WARMUP -DMAX_CPU_NUMBER=4 -DMAX_PARALLEL_NUMBER=1 -DBUILD_SINGLE=1 -DBUILD_DOUBLE=1 -DBUILD_COMPLEX=1 -DBUILD_COMPLEX16=1 -DVERSION=\"0.3.17.dev\" -msse3 -mssse3 -msse4.1 -mavx -mavx2 -mavx2 -UASMNAME -UASMFNAME -UNAME -UCNAME -UCHAR_NAME -UCHAR_CNAME -DASMNAME=ztrmm_oltncopy -DASMFNAME=ztrmm_oltncopy_ -DNAME=ztrmm_oltncopy_ -DCNAME=ztrmm_oltncopy -DCHAR_NAME=\"ztrmm_oltncopy_\" -DCHAR_CNAME=\"ztrmm_oltncopy\" -DNO_AFFINITY -I.. -DDOUBLE  -DCOMPLEX -Wno-uninitialized -DDOUBLE -DCOMPLEX -DOUTER -DLOWER -UUNIT generic/ztrmm_ltcopy_2.c -o ztrmm_oltncopy.o
cc -c -O2 -DMAX_STACK_ALLOC=2048 -Wall -m64 -DF_INTERFACE_GFORT -fPIC -DNO_LAPACK -DNO_LAPACKE -DSMP_SERVER -DNO_WARMUP -DMAX_CPU_NUMBER=4 -DMAX_PARALLEL_NUMBER=1 -DBUILD_SINGLE=1 -DBUILD_DOUBLE=1 -DBUILD_COMPLEX=1 -DBUILD_COMPLEX16=1 -DVERSION=\"0.3.17.dev\" -msse3 -mssse3 -msse4.1 -mavx -mavx2 -mavx2 -UASMNAME -UASMFNAME -UNAME -UCNAME -UCHAR_NAME -UCHAR_CNAME -DASMNAME=ztrsm_iunucopy -DASMFNAME=ztrsm_iunucopy_ -DNAME=ztrsm_iunucopy_ -DCNAME=ztrsm_iunucopy -DCHAR_NAME=\"ztrsm_iunucopy_\" -DCHAR_CNAME=\"ztrsm_iunucopy\" -DNO_AFFINITY -I.. -DDOUBLE  -DCOMPLEX -Wno-uninitialized -DDOUBLE -DCOMPLEX -UOUTER -ULOWER -DUNIT generic/ztrsm_uncopy_4.c -o ztrsm_iunucopy.o
cc -c -O2 -DMAX_STACK_ALLOC=2048 -Wall -m64 -DF_INTERFACE_GFORT -fPIC -DNO_LAPACK -DNO_LAPACKE -DSMP_SERVER -DNO_WARMUP -DMAX_CPU_NUMBER=4 -DMAX_PARALLEL_NUMBER=1 -DBUILD_SINGLE=1 -DBUILD_DOUBLE=1 -DBUILD_COMPLEX=1 -DBUILD_COMPLEX16=1 -DVERSION=\"0.3.17.dev\" -msse3 -mssse3 -msse4.1 -mavx -mavx2 -mavx2 -UASMNAME -UASMFNAME -UNAME -UCNAME -UCHAR_NAME -UCHAR_CNAME -DASMNAME=ztrsm_iunncopy -DASMFNAME=ztrsm_iunncopy_ -DNAME=ztrsm_iunncopy_ -DCNAME=ztrsm_iunncopy -DCHAR_NAME=\"ztrsm_iunncopy_\" -DCHAR_CNAME=\"ztrsm_iunncopy\" -DNO_AFFINITY -I.. -DDOUBLE  -DCOMPLEX -Wno-uninitialized -DDOUBLE -DCOMPLEX -UOUTER -ULOWER -UUNIT generic/ztrsm_uncopy_4.c -o ztrsm_iunncopy.o
cc -c -O2 -DMAX_STACK_ALLOC=2048 -Wall -m64 -DF_INTERFACE_GFORT -fPIC -DNO_LAPACK -DNO_LAPACKE -DSMP_SERVER -DNO_WARMUP -DMAX_CPU_NUMBER=4 -DMAX_PARALLEL_NUMBER=1 -DBUILD_SINGLE=1 -DBUILD_DOUBLE=1 -DBUILD_COMPLEX=1 -DBUILD_COMPLEX16=1 -DVERSION=\"0.3.17.dev\" -msse3 -mssse3 -msse4.1 -mavx -mavx2 -mavx2 -UASMNAME -UASMFNAME -UNAME -UCNAME -UCHAR_NAME -UCHAR_CNAME -DASMNAME=ztrsm_ilnucopy -DASMFNAME=ztrsm_ilnucopy_ -DNAME=ztrsm_ilnucopy_ -DCNAME=ztrsm_ilnucopy -DCHAR_NAME=\"ztrsm_ilnucopy_\" -DCHAR_CNAME=\"ztrsm_ilnucopy\" -DNO_AFFINITY -I.. -DDOUBLE  -DCOMPLEX -Wno-uninitialized -DDOUBLE -DCOMPLEX -UOUTER -DLOWER -DUNIT generic/ztrsm_lncopy_4.c -o ztrsm_ilnucopy.o
cc -c -O2 -DMAX_STACK_ALLOC=2048 -Wall -m64 -DF_INTERFACE_GFORT -fPIC -DNO_LAPACK -DNO_LAPACKE -DSMP_SERVER -DNO_WARMUP -DMAX_CPU_NUMBER=4 -DMAX_PARALLEL_NUMBER=1 -DBUILD_SINGLE=1 -DBUILD_DOUBLE=1 -DBUILD_COMPLEX=1 -DBUILD_COMPLEX16=1 -DVERSION=\"0.3.17.dev\" -msse3 -mssse3 -msse4.1 -mavx -mavx2 -mavx2 -UASMNAME -UASMFNAME -UNAME -UCNAME -UCHAR_NAME -UCHAR_CNAME -DASMNAME=ztrsm_ilnncopy -DASMFNAME=ztrsm_ilnncopy_ -DNAME=ztrsm_ilnncopy_ -DCNAME=ztrsm_ilnncopy -DCHAR_NAME=\"ztrsm_ilnncopy_\" -DCHAR_CNAME=\"ztrsm_ilnncopy\" -DNO_AFFINITY -I.. -DDOUBLE  -DCOMPLEX -Wno-uninitialized -DDOUBLE -DCOMPLEX -UOUTER -DLOWER -UUNIT generic/ztrsm_lncopy_4.c -o ztrsm_ilnncopy.o
cc -c -O2 -DMAX_STACK_ALLOC=2048 -Wall -m64 -DF_INTERFACE_GFORT -fPIC -DNO_LAPACK -DNO_LAPACKE -DSMP_SERVER -DNO_WARMUP -DMAX_CPU_NUMBER=4 -DMAX_PARALLEL_NUMBER=1 -DBUILD_SINGLE=1 -DBUILD_DOUBLE=1 -DBUILD_COMPLEX=1 -DBUILD_COMPLEX16=1 -DVERSION=\"0.3.17.dev\" -msse3 -mssse3 -msse4.1 -mavx -mavx2 -mavx2 -UASMNAME -UASMFNAME -UNAME -UCNAME -UCHAR_NAME -UCHAR_CNAME -DASMNAME=ztrsm_iutucopy -DASMFNAME=ztrsm_iutucopy_ -DNAME=ztrsm_iutucopy_ -DCNAME=ztrsm_iutucopy -DCHAR_NAME=\"ztrsm_iutucopy_\" -DCHAR_CNAME=\"ztrsm_iutucopy\" -DNO_AFFINITY -I.. -DDOUBLE  -DCOMPLEX -Wno-uninitialized -DDOUBLE -DCOMPLEX -UOUTER -ULOWER -DUNIT generic/ztrsm_utcopy_4.c -o ztrsm_iutucopy.o
cc -c -O2 -DMAX_STACK_ALLOC=2048 -Wall -m64 -DF_INTERFACE_GFORT -fPIC -DNO_LAPACK -DNO_LAPACKE -DSMP_SERVER -DNO_WARMUP -DMAX_CPU_NUMBER=4 -DMAX_PARALLEL_NUMBER=1 -DBUILD_SINGLE=1 -DBUILD_DOUBLE=1 -DBUILD_COMPLEX=1 -DBUILD_COMPLEX16=1 -DVERSION=\"0.3.17.dev\" -msse3 -mssse3 -msse4.1 -mavx -mavx2 -mavx2 -UASMNAME -UASMFNAME -UNAME -UCNAME -UCHAR_NAME -UCHAR_CNAME -DASMNAME=ztrsm_iutncopy -DASMFNAME=ztrsm_iutncopy_ -DNAME=ztrsm_iutncopy_ -DCNAME=ztrsm_iutncopy -DCHAR_NAME=\"ztrsm_iutncopy_\" -DCHAR_CNAME=\"ztrsm_iutncopy\" -DNO_AFFINITY -I.. -DDOUBLE  -DCOMPLEX -Wno-uninitialized -DDOUBLE -DCOMPLEX -UOUTER -ULOWER -UUNIT generic/ztrsm_utcopy_4.c -o ztrsm_iutncopy.o
cc -c -O2 -DMAX_STACK_ALLOC=2048 -Wall -m64 -DF_INTERFACE_GFORT -fPIC -DNO_LAPACK -DNO_LAPACKE -DSMP_SERVER -DNO_WARMUP -DMAX_CPU_NUMBER=4 -DMAX_PARALLEL_NUMBER=1 -DBUILD_SINGLE=1 -DBUILD_DOUBLE=1 -DBUILD_COMPLEX=1 -DBUILD_COMPLEX16=1 -DVERSION=\"0.3.17.dev\" -msse3 -mssse3 -msse4.1 -mavx -mavx2 -mavx2 -UASMNAME -UASMFNAME -UNAME -UCNAME -UCHAR_NAME -UCHAR_CNAME -DASMNAME=ztrsm_iltucopy -DASMFNAME=ztrsm_iltucopy_ -DNAME=ztrsm_iltucopy_ -DCNAME=ztrsm_iltucopy -DCHAR_NAME=\"ztrsm_iltucopy_\" -DCHAR_CNAME=\"ztrsm_iltucopy\" -DNO_AFFINITY -I.. -DDOUBLE  -DCOMPLEX -Wno-uninitialized -DDOUBLE -DCOMPLEX -UOUTER -DLOWER -DUNIT generic/ztrsm_ltcopy_4.c -o ztrsm_iltucopy.o
cc -c -O2 -DMAX_STACK_ALLOC=2048 -Wall -m64 -DF_INTERFACE_GFORT -fPIC -DNO_LAPACK -DNO_LAPACKE -DSMP_SERVER -DNO_WARMUP -DMAX_CPU_NUMBER=4 -DMAX_PARALLEL_NUMBER=1 -DBUILD_SINGLE=1 -DBUILD_DOUBLE=1 -DBUILD_COMPLEX=1 -DBUILD_COMPLEX16=1 -DVERSION=\"0.3.17.dev\" -msse3 -mssse3 -msse4.1 -mavx -mavx2 -mavx2 -UASMNAME -UASMFNAME -UNAME -UCNAME -UCHAR_NAME -UCHAR_CNAME -DASMNAME=ztrsm_iltncopy -DASMFNAME=ztrsm_iltncopy_ -DNAME=ztrsm_iltncopy_ -DCNAME=ztrsm_iltncopy -DCHAR_NAME=\"ztrsm_iltncopy_\" -DCHAR_CNAME=\"ztrsm_iltncopy\" -DNO_AFFINITY -I.. -DDOUBLE  -DCOMPLEX -Wno-uninitialized -DDOUBLE -DCOMPLEX -UOUTER -DLOWER -UUNIT generic/ztrsm_ltcopy_4.c -o ztrsm_iltncopy.o
cc -c -O2 -DMAX_STACK_ALLOC=2048 -Wall -m64 -DF_INTERFACE_GFORT -fPIC -DNO_LAPACK -DNO_LAPACKE -DSMP_SERVER -DNO_WARMUP -DMAX_CPU_NUMBER=4 -DMAX_PARALLEL_NUMBER=1 -DBUILD_SINGLE=1 -DBUILD_DOUBLE=1 -DBUILD_COMPLEX=1 -DBUILD_COMPLEX16=1 -DVERSION=\"0.3.17.dev\" -msse3 -mssse3 -msse4.1 -mavx -mavx2 -mavx2 -UASMNAME -UASMFNAME -UNAME -UCNAME -UCHAR_NAME -UCHAR_CNAME -DASMNAME=ztrsm_ounucopy -DASMFNAME=ztrsm_ounucopy_ -DNAME=ztrsm_ounucopy_ -DCNAME=ztrsm_ounucopy -DCHAR_NAME=\"ztrsm_ounucopy_\" -DCHAR_CNAME=\"ztrsm_ounucopy\" -DNO_AFFINITY -I.. -DDOUBLE  -DCOMPLEX -Wno-uninitialized -DDOUBLE -DCOMPLEX -DOUTER -ULOWER -DUNIT generic/ztrsm_uncopy_2.c -o ztrsm_ounucopy.o
cc -c -O2 -DMAX_STACK_ALLOC=2048 -Wall -m64 -DF_INTERFACE_GFORT -fPIC -DNO_LAPACK -DNO_LAPACKE -DSMP_SERVER -DNO_WARMUP -DMAX_CPU_NUMBER=4 -DMAX_PARALLEL_NUMBER=1 -DBUILD_SINGLE=1 -DBUILD_DOUBLE=1 -DBUILD_COMPLEX=1 -DBUILD_COMPLEX16=1 -DVERSION=\"0.3.17.dev\" -msse3 -mssse3 -msse4.1 -mavx -mavx2 -mavx2 -UASMNAME -UASMFNAME -UNAME -UCNAME -UCHAR_NAME -UCHAR_CNAME -DASMNAME=ztrsm_ounncopy -DASMFNAME=ztrsm_ounncopy_ -DNAME=ztrsm_ounncopy_ -DCNAME=ztrsm_ounncopy -DCHAR_NAME=\"ztrsm_ounncopy_\" -DCHAR_CNAME=\"ztrsm_ounncopy\" -DNO_AFFINITY -I.. -DDOUBLE  -DCOMPLEX -Wno-uninitialized -DDOUBLE -DCOMPLEX -DOUTER -ULOWER -UUNIT generic/ztrsm_uncopy_2.c -o ztrsm_ounncopy.o
cc -c -O2 -DMAX_STACK_ALLOC=2048 -Wall -m64 -DF_INTERFACE_GFORT -fPIC -DNO_LAPACK -DNO_LAPACKE -DSMP_SERVER -DNO_WARMUP -DMAX_CPU_NUMBER=4 -DMAX_PARALLEL_NUMBER=1 -DBUILD_SINGLE=1 -DBUILD_DOUBLE=1 -DBUILD_COMPLEX=1 -DBUILD_COMPLEX16=1 -DVERSION=\"0.3.17.dev\" -msse3 -mssse3 -msse4.1 -mavx -mavx2 -mavx2 -UASMNAME -UASMFNAME -UNAME -UCNAME -UCHAR_NAME -UCHAR_CNAME -DASMNAME=ztrsm_olnucopy -DASMFNAME=ztrsm_olnucopy_ -DNAME=ztrsm_olnucopy_ -DCNAME=ztrsm_olnucopy -DCHAR_NAME=\"ztrsm_olnucopy_\" -DCHAR_CNAME=\"ztrsm_olnucopy\" -DNO_AFFINITY -I.. -DDOUBLE  -DCOMPLEX -Wno-uninitialized -DDOUBLE -DCOMPLEX -DOUTER -DLOWER -DUNIT generic/ztrsm_lncopy_2.c -o ztrsm_olnucopy.o
cc -c -O2 -DMAX_STACK_ALLOC=2048 -Wall -m64 -DF_INTERFACE_GFORT -fPIC -DNO_LAPACK -DNO_LAPACKE -DSMP_SERVER -DNO_WARMUP -DMAX_CPU_NUMBER=4 -DMAX_PARALLEL_NUMBER=1 -DBUILD_SINGLE=1 -DBUILD_DOUBLE=1 -DBUILD_COMPLEX=1 -DBUILD_COMPLEX16=1 -DVERSION=\"0.3.17.dev\" -msse3 -mssse3 -msse4.1 -mavx -mavx2 -mavx2 -UASMNAME -UASMFNAME -UNAME -UCNAME -UCHAR_NAME -UCHAR_CNAME -DASMNAME=ztrsm_olnncopy -DASMFNAME=ztrsm_olnncopy_ -DNAME=ztrsm_olnncopy_ -DCNAME=ztrsm_olnncopy -DCHAR_NAME=\"ztrsm_olnncopy_\" -DCHAR_CNAME=\"ztrsm_olnncopy\" -DNO_AFFINITY -I.. -DDOUBLE  -DCOMPLEX -Wno-uninitialized -DDOUBLE -DCOMPLEX -DOUTER -DLOWER -UUNIT generic/ztrsm_lncopy_2.c -o ztrsm_olnncopy.o
cc -c -O2 -DMAX_STACK_ALLOC=2048 -Wall -m64 -DF_INTERFACE_GFORT -fPIC -DNO_LAPACK -DNO_LAPACKE -DSMP_SERVER -DNO_WARMUP -DMAX_CPU_NUMBER=4 -DMAX_PARALLEL_NUMBER=1 -DBUILD_SINGLE=1 -DBUILD_DOUBLE=1 -DBUILD_COMPLEX=1 -DBUILD_COMPLEX16=1 -DVERSION=\"0.3.17.dev\" -msse3 -mssse3 -msse4.1 -mavx -mavx2 -mavx2 -UASMNAME -UASMFNAME -UNAME -UCNAME -UCHAR_NAME -UCHAR_CNAME -DASMNAME=ztrsm_outucopy -DASMFNAME=ztrsm_outucopy_ -DNAME=ztrsm_outucopy_ -DCNAME=ztrsm_outucopy -DCHAR_NAME=\"ztrsm_outucopy_\" -DCHAR_CNAME=\"ztrsm_outucopy\" -DNO_AFFINITY -I.. -DDOUBLE  -DCOMPLEX -Wno-uninitialized -DDOUBLE -DCOMPLEX -DOUTER -ULOWER -DUNIT generic/ztrsm_utcopy_2.c -o ztrsm_outucopy.o
cc -c -O2 -DMAX_STACK_ALLOC=2048 -Wall -m64 -DF_INTERFACE_GFORT -fPIC -DNO_LAPACK -DNO_LAPACKE -DSMP_SERVER -DNO_WARMUP -DMAX_CPU_NUMBER=4 -DMAX_PARALLEL_NUMBER=1 -DBUILD_SINGLE=1 -DBUILD_DOUBLE=1 -DBUILD_COMPLEX=1 -DBUILD_COMPLEX16=1 -DVERSION=\"0.3.17.dev\" -msse3 -mssse3 -msse4.1 -mavx -mavx2 -mavx2 -UASMNAME -UASMFNAME -UNAME -UCNAME -UCHAR_NAME -UCHAR_CNAME -DASMNAME=ztrsm_outncopy -DASMFNAME=ztrsm_outncopy_ -DNAME=ztrsm_outncopy_ -DCNAME=ztrsm_outncopy -DCHAR_NAME=\"ztrsm_outncopy_\" -DCHAR_CNAME=\"ztrsm_outncopy\" -DNO_AFFINITY -I.. -DDOUBLE  -DCOMPLEX -Wno-uninitialized -DDOUBLE -DCOMPLEX -DOUTER -ULOWER -UUNIT generic/ztrsm_utcopy_2.c -o ztrsm_outncopy.o
cc -c -O2 -DMAX_STACK_ALLOC=2048 -Wall -m64 -DF_INTERFACE_GFORT -fPIC -DNO_LAPACK -DNO_LAPACKE -DSMP_SERVER -DNO_WARMUP -DMAX_CPU_NUMBER=4 -DMAX_PARALLEL_NUMBER=1 -DBUILD_SINGLE=1 -DBUILD_DOUBLE=1 -DBUILD_COMPLEX=1 -DBUILD_COMPLEX16=1 -DVERSION=\"0.3.17.dev\" -msse3 -mssse3 -msse4.1 -mavx -mavx2 -mavx2 -UASMNAME -UASMFNAME -UNAME -UCNAME -UCHAR_NAME -UCHAR_CNAME -DASMNAME=ztrsm_oltucopy -DASMFNAME=ztrsm_oltucopy_ -DNAME=ztrsm_oltucopy_ -DCNAME=ztrsm_oltucopy -DCHAR_NAME=\"ztrsm_oltucopy_\" -DCHAR_CNAME=\"ztrsm_oltucopy\" -DNO_AFFINITY -I.. -DDOUBLE  -DCOMPLEX -Wno-uninitialized -DDOUBLE -DCOMPLEX -DOUTER -DLOWER -DUNIT generic/ztrsm_ltcopy_2.c -o ztrsm_oltucopy.o
cc -c -O2 -DMAX_STACK_ALLOC=2048 -Wall -m64 -DF_INTERFACE_GFORT -fPIC -DNO_LAPACK -DNO_LAPACKE -DSMP_SERVER -DNO_WARMUP -DMAX_CPU_NUMBER=4 -DMAX_PARALLEL_NUMBER=1 -DBUILD_SINGLE=1 -DBUILD_DOUBLE=1 -DBUILD_COMPLEX=1 -DBUILD_COMPLEX16=1 -DVERSION=\"0.3.17.dev\" -msse3 -mssse3 -msse4.1 -mavx -mavx2 -mavx2 -UASMNAME -UASMFNAME -UNAME -UCNAME -UCHAR_NAME -UCHAR_CNAME -DASMNAME=ztrsm_oltncopy -DASMFNAME=ztrsm_oltncopy_ -DNAME=ztrsm_oltncopy_ -DCNAME=ztrsm_oltncopy -DCHAR_NAME=\"ztrsm_oltncopy_\" -DCHAR_CNAME=\"ztrsm_oltncopy\" -DNO_AFFINITY -I.. -DDOUBLE  -DCOMPLEX -Wno-uninitialized -DDOUBLE -DCOMPLEX -DOUTER -DLOWER -UUNIT generic/ztrsm_ltcopy_2.c -o ztrsm_oltncopy.o
cc -c -O2 -DMAX_STACK_ALLOC=2048 -Wall -m64 -DF_INTERFACE_GFORT -fPIC -DNO_LAPACK -DNO_LAPACKE -DSMP_SERVER -DNO_WARMUP -DMAX_CPU_NUMBER=4 -DMAX_PARALLEL_NUMBER=1 -DBUILD_SINGLE=1 -DBUILD_DOUBLE=1 -DBUILD_COMPLEX=1 -DBUILD_COMPLEX16=1 -DVERSION=\"0.3.17.dev\" -msse3 -mssse3 -msse4.1 -mavx -mavx2 -mavx2 -UASMNAME -UASMFNAME -UNAME -UCNAME -UCHAR_NAME -UCHAR_CNAME -DASMNAME=zsymm_iutcopy -DASMFNAME=zsymm_iutcopy_ -DNAME=zsymm_iutcopy_ -DCNAME=zsymm_iutcopy -DCHAR_NAME=\"zsymm_iutcopy_\" -DCHAR_CNAME=\"zsymm_iutcopy\" -DNO_AFFINITY -I.. -DDOUBLE  -DCOMPLEX -Wno-uninitialized -DDOUBLE -DCOMPLEX -UOUTER -ULOWER generic/zsymm_ucopy_4.c -o zsymm_iutcopy.o
cc -c -O2 -DMAX_STACK_ALLOC=2048 -Wall -m64 -DF_INTERFACE_GFORT -fPIC -DNO_LAPACK -DNO_LAPACKE -DSMP_SERVER -DNO_WARMUP -DMAX_CPU_NUMBER=4 -DMAX_PARALLEL_NUMBER=1 -DBUILD_SINGLE=1 -DBUILD_DOUBLE=1 -DBUILD_COMPLEX=1 -DBUILD_COMPLEX16=1 -DVERSION=\"0.3.17.dev\" -msse3 -mssse3 -msse4.1 -mavx -mavx2 -mavx2 -UASMNAME -UASMFNAME -UNAME -UCNAME -UCHAR_NAME -UCHAR_CNAME -DASMNAME=zsymm_iltcopy -DASMFNAME=zsymm_iltcopy_ -DNAME=zsymm_iltcopy_ -DCNAME=zsymm_iltcopy -DCHAR_NAME=\"zsymm_iltcopy_\" -DCHAR_CNAME=\"zsymm_iltcopy\" -DNO_AFFINITY -I.. -DDOUBLE  -DCOMPLEX -Wno-uninitialized -DDOUBLE -DCOMPLEX -UOUTER -DLOWER generic/zsymm_lcopy_4.c -o zsymm_iltcopy.o
cc -c -O2 -DMAX_STACK_ALLOC=2048 -Wall -m64 -DF_INTERFACE_GFORT -fPIC -DNO_LAPACK -DNO_LAPACKE -DSMP_SERVER -DNO_WARMUP -DMAX_CPU_NUMBER=4 -DMAX_PARALLEL_NUMBER=1 -DBUILD_SINGLE=1 -DBUILD_DOUBLE=1 -DBUILD_COMPLEX=1 -DBUILD_COMPLEX16=1 -DVERSION=\"0.3.17.dev\" -msse3 -mssse3 -msse4.1 -mavx -mavx2 -mavx2 -UASMNAME -UASMFNAME -UNAME -UCNAME -UCHAR_NAME -UCHAR_CNAME -DASMNAME=zsymm_outcopy -DASMFNAME=zsymm_outcopy_ -DNAME=zsymm_outcopy_ -DCNAME=zsymm_outcopy -DCHAR_NAME=\"zsymm_outcopy_\" -DCHAR_CNAME=\"zsymm_outcopy\" -DNO_AFFINITY -I.. -DDOUBLE  -DCOMPLEX -Wno-uninitialized -DDOUBLE -DCOMPLEX -DOUTER -ULOWER generic/zsymm_ucopy_2.c -o zsymm_outcopy.o
cc -c -O2 -DMAX_STACK_ALLOC=2048 -Wall -m64 -DF_INTERFACE_GFORT -fPIC -DNO_LAPACK -DNO_LAPACKE -DSMP_SERVER -DNO_WARMUP -DMAX_CPU_NUMBER=4 -DMAX_PARALLEL_NUMBER=1 -DBUILD_SINGLE=1 -DBUILD_DOUBLE=1 -DBUILD_COMPLEX=1 -DBUILD_COMPLEX16=1 -DVERSION=\"0.3.17.dev\" -msse3 -mssse3 -msse4.1 -mavx -mavx2 -mavx2 -UASMNAME -UASMFNAME -UNAME -UCNAME -UCHAR_NAME -UCHAR_CNAME -DASMNAME=zsymm_oltcopy -DASMFNAME=zsymm_oltcopy_ -DNAME=zsymm_oltcopy_ -DCNAME=zsymm_oltcopy -DCHAR_NAME=\"zsymm_oltcopy_\" -DCHAR_CNAME=\"zsymm_oltcopy\" -DNO_AFFINITY -I.. -DDOUBLE  -DCOMPLEX -Wno-uninitialized -DDOUBLE -DCOMPLEX -DOUTER -DLOWER generic/zsymm_lcopy_2.c -o zsymm_oltcopy.o
cc -c -O2 -DMAX_STACK_ALLOC=2048 -Wall -m64 -DF_INTERFACE_GFORT -fPIC -DNO_LAPACK -DNO_LAPACKE -DSMP_SERVER -DNO_WARMUP -DMAX_CPU_NUMBER=4 -DMAX_PARALLEL_NUMBER=1 -DBUILD_SINGLE=1 -DBUILD_DOUBLE=1 -DBUILD_COMPLEX=1 -DBUILD_COMPLEX16=1 -DVERSION=\"0.3.17.dev\" -msse3 -mssse3 -msse4.1 -mavx -mavx2 -mavx2 -UASMNAME -UASMFNAME -UNAME -UCNAME -UCHAR_NAME -UCHAR_CNAME -DASMNAME=zhemm_iutcopy -DASMFNAME=zhemm_iutcopy_ -DNAME=zhemm_iutcopy_ -DCNAME=zhemm_iutcopy -DCHAR_NAME=\"zhemm_iutcopy_\" -DCHAR_CNAME=\"zhemm_iutcopy\" -DNO_AFFINITY -I.. -DDOUBLE  -DCOMPLEX -Wno-uninitialized -DDOUBLE -DCOMPLEX -UOUTER generic/zhemm_utcopy_4.c -ULOWER -o zhemm_iutcopy.o
cc -c -O2 -DMAX_STACK_ALLOC=2048 -Wall -m64 -DF_INTERFACE_GFORT -fPIC -DNO_LAPACK -DNO_LAPACKE -DSMP_SERVER -DNO_WARMUP -DMAX_CPU_NUMBER=4 -DMAX_PARALLEL_NUMBER=1 -DBUILD_SINGLE=1 -DBUILD_DOUBLE=1 -DBUILD_COMPLEX=1 -DBUILD_COMPLEX16=1 -DVERSION=\"0.3.17.dev\" -msse3 -mssse3 -msse4.1 -mavx -mavx2 -mavx2 -UASMNAME -UASMFNAME -UNAME -UCNAME -UCHAR_NAME -UCHAR_CNAME -DASMNAME=zhemm_iltcopy -DASMFNAME=zhemm_iltcopy_ -DNAME=zhemm_iltcopy_ -DCNAME=zhemm_iltcopy -DCHAR_NAME=\"zhemm_iltcopy_\" -DCHAR_CNAME=\"zhemm_iltcopy\" -DNO_AFFINITY -I.. -DDOUBLE  -DCOMPLEX -Wno-uninitialized -DDOUBLE -DCOMPLEX -UOUTER generic/zhemm_ltcopy_4.c -DLOWER -o zhemm_iltcopy.o
cc -c -O2 -DMAX_STACK_ALLOC=2048 -Wall -m64 -DF_INTERFACE_GFORT -fPIC -DNO_LAPACK -DNO_LAPACKE -DSMP_SERVER -DNO_WARMUP -DMAX_CPU_NUMBER=4 -DMAX_PARALLEL_NUMBER=1 -DBUILD_SINGLE=1 -DBUILD_DOUBLE=1 -DBUILD_COMPLEX=1 -DBUILD_COMPLEX16=1 -DVERSION=\"0.3.17.dev\" -msse3 -mssse3 -msse4.1 -mavx -mavx2 -mavx2 -UASMNAME -UASMFNAME -UNAME -UCNAME -UCHAR_NAME -UCHAR_CNAME -DASMNAME=zhemm_outcopy -DASMFNAME=zhemm_outcopy_ -DNAME=zhemm_outcopy_ -DCNAME=zhemm_outcopy -DCHAR_NAME=\"zhemm_outcopy_\" -DCHAR_CNAME=\"zhemm_outcopy\" -DNO_AFFINITY -I.. -DDOUBLE  -DCOMPLEX -Wno-uninitialized -DDOUBLE -DCOMPLEX -DOUTER generic/zhemm_utcopy_2.c -ULOWER -o zhemm_outcopy.o
cc -c -O2 -DMAX_STACK_ALLOC=2048 -Wall -m64 -DF_INTERFACE_GFORT -fPIC -DNO_LAPACK -DNO_LAPACKE -DSMP_SERVER -DNO_WARMUP -DMAX_CPU_NUMBER=4 -DMAX_PARALLEL_NUMBER=1 -DBUILD_SINGLE=1 -DBUILD_DOUBLE=1 -DBUILD_COMPLEX=1 -DBUILD_COMPLEX16=1 -DVERSION=\"0.3.17.dev\" -msse3 -mssse3 -msse4.1 -mavx -mavx2 -mavx2 -UASMNAME -UASMFNAME -UNAME -UCNAME -UCHAR_NAME -UCHAR_CNAME -DASMNAME=zhemm_oltcopy -DASMFNAME=zhemm_oltcopy_ -DNAME=zhemm_oltcopy_ -DCNAME=zhemm_oltcopy -DCHAR_NAME=\"zhemm_oltcopy_\" -DCHAR_CNAME=\"zhemm_oltcopy\" -DNO_AFFINITY -I.. -DDOUBLE  -DCOMPLEX -Wno-uninitialized -DDOUBLE -DCOMPLEX -DOUTER generic/zhemm_ltcopy_2.c -DLOWER -o zhemm_oltcopy.o
cc -O2 -DMAX_STACK_ALLOC=2048 -Wall -m64 -DF_INTERFACE_GFORT -fPIC -DNO_LAPACK -DNO_LAPACKE -DSMP_SERVER -DNO_WARMUP -DMAX_CPU_NUMBER=4 -DMAX_PARALLEL_NUMBER=1 -DBUILD_SINGLE=1 -DBUILD_DOUBLE=1 -DBUILD_COMPLEX=1 -DBUILD_COMPLEX16=1 -DVERSION=\"0.3.17.dev\" -msse3 -mssse3 -msse4.1 -mavx -mavx2 -mavx2 -UASMNAME -UASMFNAME -UNAME -UCNAME -UCHAR_NAME -UCHAR_CNAME -DASMNAME=zgemm3m_incopyb -DASMFNAME=zgemm3m_incopyb_ -DNAME=zgemm3m_incopyb_ -DCNAME=zgemm3m_incopyb -DCHAR_NAME=\"zgemm3m_incopyb_\" -DCHAR_CNAME=\"zgemm3m_incopyb\" -DNO_AFFINITY -I.. -DDOUBLE  -DCOMPLEX -c -DDOUBLE -DCOMPLEX -DICOPY -UUSE_ALPHA generic/zgemm3m_ncopy_4.c -o zgemm3m_incopyb.o
cc -O2 -DMAX_STACK_ALLOC=2048 -Wall -m64 -DF_INTERFACE_GFORT -fPIC -DNO_LAPACK -DNO_LAPACKE -DSMP_SERVER -DNO_WARMUP -DMAX_CPU_NUMBER=4 -DMAX_PARALLEL_NUMBER=1 -DBUILD_SINGLE=1 -DBUILD_DOUBLE=1 -DBUILD_COMPLEX=1 -DBUILD_COMPLEX16=1 -DVERSION=\"0.3.17.dev\" -msse3 -mssse3 -msse4.1 -mavx -mavx2 -mavx2 -UASMNAME -UASMFNAME -UNAME -UCNAME -UCHAR_NAME -UCHAR_CNAME -DASMNAME=zgemm3m_itcopyb -DASMFNAME=zgemm3m_itcopyb_ -DNAME=zgemm3m_itcopyb_ -DCNAME=zgemm3m_itcopyb -DCHAR_NAME=\"zgemm3m_itcopyb_\" -DCHAR_CNAME=\"zgemm3m_itcopyb\" -DNO_AFFINITY -I.. -DDOUBLE  -DCOMPLEX -c -DDOUBLE -DCOMPLEX -DICOPY -UUSE_ALPHA generic/zgemm3m_tcopy_4.c -o zgemm3m_itcopyb.o
cc -O2 -DMAX_STACK_ALLOC=2048 -Wall -m64 -DF_INTERFACE_GFORT -fPIC -DNO_LAPACK -DNO_LAPACKE -DSMP_SERVER -DNO_WARMUP -DMAX_CPU_NUMBER=4 -DMAX_PARALLEL_NUMBER=1 -DBUILD_SINGLE=1 -DBUILD_DOUBLE=1 -DBUILD_COMPLEX=1 -DBUILD_COMPLEX16=1 -DVERSION=\"0.3.17.dev\" -msse3 -mssse3 -msse4.1 -mavx -mavx2 -mavx2 -UASMNAME -UASMFNAME -UNAME -UCNAME -UCHAR_NAME -UCHAR_CNAME -DASMNAME=zgemm3m_incopyr -DASMFNAME=zgemm3m_incopyr_ -DNAME=zgemm3m_incopyr_ -DCNAME=zgemm3m_incopyr -DCHAR_NAME=\"zgemm3m_incopyr_\" -DCHAR_CNAME=\"zgemm3m_incopyr\" -DNO_AFFINITY -I.. -DDOUBLE  -DCOMPLEX -c -DDOUBLE -DCOMPLEX -DICOPY -UUSE_ALPHA -DREAL_ONLY generic/zgemm3m_ncopy_4.c -o zgemm3m_incopyr.o
cc -O2 -DMAX_STACK_ALLOC=2048 -Wall -m64 -DF_INTERFACE_GFORT -fPIC -DNO_LAPACK -DNO_LAPACKE -DSMP_SERVER -DNO_WARMUP -DMAX_CPU_NUMBER=4 -DMAX_PARALLEL_NUMBER=1 -DBUILD_SINGLE=1 -DBUILD_DOUBLE=1 -DBUILD_COMPLEX=1 -DBUILD_COMPLEX16=1 -DVERSION=\"0.3.17.dev\" -msse3 -mssse3 -msse4.1 -mavx -mavx2 -mavx2 -UASMNAME -UASMFNAME -UNAME -UCNAME -UCHAR_NAME -UCHAR_CNAME -DASMNAME=zgemm3m_itcopyr -DASMFNAME=zgemm3m_itcopyr_ -DNAME=zgemm3m_itcopyr_ -DCNAME=zgemm3m_itcopyr -DCHAR_NAME=\"zgemm3m_itcopyr_\" -DCHAR_CNAME=\"zgemm3m_itcopyr\" -DNO_AFFINITY -I.. -DDOUBLE  -DCOMPLEX -c -DDOUBLE -DCOMPLEX -DICOPY -UUSE_ALPHA -DREAL_ONLY generic/zgemm3m_tcopy_4.c -o zgemm3m_itcopyr.o
cc -O2 -DMAX_STACK_ALLOC=2048 -Wall -m64 -DF_INTERFACE_GFORT -fPIC -DNO_LAPACK -DNO_LAPACKE -DSMP_SERVER -DNO_WARMUP -DMAX_CPU_NUMBER=4 -DMAX_PARALLEL_NUMBER=1 -DBUILD_SINGLE=1 -DBUILD_DOUBLE=1 -DBUILD_COMPLEX=1 -DBUILD_COMPLEX16=1 -DVERSION=\"0.3.17.dev\" -msse3 -mssse3 -msse4.1 -mavx -mavx2 -mavx2 -UASMNAME -UASMFNAME -UNAME -UCNAME -UCHAR_NAME -UCHAR_CNAME -DASMNAME=zgemm3m_incopyi -DASMFNAME=zgemm3m_incopyi_ -DNAME=zgemm3m_incopyi_ -DCNAME=zgemm3m_incopyi -DCHAR_NAME=\"zgemm3m_incopyi_\" -DCHAR_CNAME=\"zgemm3m_incopyi\" -DNO_AFFINITY -I.. -DDOUBLE  -DCOMPLEX -c -DDOUBLE -DCOMPLEX -DICOPY -UUSE_ALPHA -DIMAGE_ONLY generic/zgemm3m_ncopy_4.c -o zgemm3m_incopyi.o
cc -O2 -DMAX_STACK_ALLOC=2048 -Wall -m64 -DF_INTERFACE_GFORT -fPIC -DNO_LAPACK -DNO_LAPACKE -DSMP_SERVER -DNO_WARMUP -DMAX_CPU_NUMBER=4 -DMAX_PARALLEL_NUMBER=1 -DBUILD_SINGLE=1 -DBUILD_DOUBLE=1 -DBUILD_COMPLEX=1 -DBUILD_COMPLEX16=1 -DVERSION=\"0.3.17.dev\" -msse3 -mssse3 -msse4.1 -mavx -mavx2 -mavx2 -UASMNAME -UASMFNAME -UNAME -UCNAME -UCHAR_NAME -UCHAR_CNAME -DASMNAME=zgemm3m_itcopyi -DASMFNAME=zgemm3m_itcopyi_ -DNAME=zgemm3m_itcopyi_ -DCNAME=zgemm3m_itcopyi -DCHAR_NAME=\"zgemm3m_itcopyi_\" -DCHAR_CNAME=\"zgemm3m_itcopyi\" -DNO_AFFINITY -I.. -DDOUBLE  -DCOMPLEX -c -DDOUBLE -DCOMPLEX -DICOPY -UUSE_ALPHA -DIMAGE_ONLY generic/zgemm3m_tcopy_4.c -o zgemm3m_itcopyi.o
cc -O2 -DMAX_STACK_ALLOC=2048 -Wall -m64 -DF_INTERFACE_GFORT -fPIC -DNO_LAPACK -DNO_LAPACKE -DSMP_SERVER -DNO_WARMUP -DMAX_CPU_NUMBER=4 -DMAX_PARALLEL_NUMBER=1 -DBUILD_SINGLE=1 -DBUILD_DOUBLE=1 -DBUILD_COMPLEX=1 -DBUILD_COMPLEX16=1 -DVERSION=\"0.3.17.dev\" -msse3 -mssse3 -msse4.1 -mavx -mavx2 -mavx2 -UASMNAME -UASMFNAME -UNAME -UCNAME -UCHAR_NAME -UCHAR_CNAME -DASMNAME=zgemm3m_oncopyb -DASMFNAME=zgemm3m_oncopyb_ -DNAME=zgemm3m_oncopyb_ -DCNAME=zgemm3m_oncopyb -DCHAR_NAME=\"zgemm3m_oncopyb_\" -DCHAR_CNAME=\"zgemm3m_oncopyb\" -DNO_AFFINITY -I.. -DDOUBLE  -DCOMPLEX -c -DDOUBLE -DCOMPLEX -DUSE_ALPHA generic/zgemm3m_ncopy_4.c -o zgemm3m_oncopyb.o
cc -O2 -DMAX_STACK_ALLOC=2048 -Wall -m64 -DF_INTERFACE_GFORT -fPIC -DNO_LAPACK -DNO_LAPACKE -DSMP_SERVER -DNO_WARMUP -DMAX_CPU_NUMBER=4 -DMAX_PARALLEL_NUMBER=1 -DBUILD_SINGLE=1 -DBUILD_DOUBLE=1 -DBUILD_COMPLEX=1 -DBUILD_COMPLEX16=1 -DVERSION=\"0.3.17.dev\" -msse3 -mssse3 -msse4.1 -mavx -mavx2 -mavx2 -UASMNAME -UASMFNAME -UNAME -UCNAME -UCHAR_NAME -UCHAR_CNAME -DASMNAME=zgemm3m_otcopyb -DASMFNAME=zgemm3m_otcopyb_ -DNAME=zgemm3m_otcopyb_ -DCNAME=zgemm3m_otcopyb -DCHAR_NAME=\"zgemm3m_otcopyb_\" -DCHAR_CNAME=\"zgemm3m_otcopyb\" -DNO_AFFINITY -I.. -DDOUBLE  -DCOMPLEX -c -DDOUBLE -DCOMPLEX -DUSE_ALPHA generic/zgemm3m_tcopy_4.c -o zgemm3m_otcopyb.o
cc -O2 -DMAX_STACK_ALLOC=2048 -Wall -m64 -DF_INTERFACE_GFORT -fPIC -DNO_LAPACK -DNO_LAPACKE -DSMP_SERVER -DNO_WARMUP -DMAX_CPU_NUMBER=4 -DMAX_PARALLEL_NUMBER=1 -DBUILD_SINGLE=1 -DBUILD_DOUBLE=1 -DBUILD_COMPLEX=1 -DBUILD_COMPLEX16=1 -DVERSION=\"0.3.17.dev\" -msse3 -mssse3 -msse4.1 -mavx -mavx2 -mavx2 -UASMNAME -UASMFNAME -UNAME -UCNAME -UCHAR_NAME -UCHAR_CNAME -DASMNAME=zgemm3m_oncopyr -DASMFNAME=zgemm3m_oncopyr_ -DNAME=zgemm3m_oncopyr_ -DCNAME=zgemm3m_oncopyr -DCHAR_NAME=\"zgemm3m_oncopyr_\" -DCHAR_CNAME=\"zgemm3m_oncopyr\" -DNO_AFFINITY -I.. -DDOUBLE  -DCOMPLEX -c -DDOUBLE -DCOMPLEX -DUSE_ALPHA -DREAL_ONLY generic/zgemm3m_ncopy_4.c -o zgemm3m_oncopyr.o
cc -O2 -DMAX_STACK_ALLOC=2048 -Wall -m64 -DF_INTERFACE_GFORT -fPIC -DNO_LAPACK -DNO_LAPACKE -DSMP_SERVER -DNO_WARMUP -DMAX_CPU_NUMBER=4 -DMAX_PARALLEL_NUMBER=1 -DBUILD_SINGLE=1 -DBUILD_DOUBLE=1 -DBUILD_COMPLEX=1 -DBUILD_COMPLEX16=1 -DVERSION=\"0.3.17.dev\" -msse3 -mssse3 -msse4.1 -mavx -mavx2 -mavx2 -UASMNAME -UASMFNAME -UNAME -UCNAME -UCHAR_NAME -UCHAR_CNAME -DASMNAME=zgemm3m_otcopyr -DASMFNAME=zgemm3m_otcopyr_ -DNAME=zgemm3m_otcopyr_ -DCNAME=zgemm3m_otcopyr -DCHAR_NAME=\"zgemm3m_otcopyr_\" -DCHAR_CNAME=\"zgemm3m_otcopyr\" -DNO_AFFINITY -I.. -DDOUBLE  -DCOMPLEX -c -DDOUBLE -DCOMPLEX -DUSE_ALPHA -DREAL_ONLY generic/zgemm3m_tcopy_4.c -o zgemm3m_otcopyr.o
cc -O2 -DMAX_STACK_ALLOC=2048 -Wall -m64 -DF_INTERFACE_GFORT -fPIC -DNO_LAPACK -DNO_LAPACKE -DSMP_SERVER -DNO_WARMUP -DMAX_CPU_NUMBER=4 -DMAX_PARALLEL_NUMBER=1 -DBUILD_SINGLE=1 -DBUILD_DOUBLE=1 -DBUILD_COMPLEX=1 -DBUILD_COMPLEX16=1 -DVERSION=\"0.3.17.dev\" -msse3 -mssse3 -msse4.1 -mavx -mavx2 -mavx2 -UASMNAME -UASMFNAME -UNAME -UCNAME -UCHAR_NAME -UCHAR_CNAME -DASMNAME=zgemm3m_oncopyi -DASMFNAME=zgemm3m_oncopyi_ -DNAME=zgemm3m_oncopyi_ -DCNAME=zgemm3m_oncopyi -DCHAR_NAME=\"zgemm3m_oncopyi_\" -DCHAR_CNAME=\"zgemm3m_oncopyi\" -DNO_AFFINITY -I.. -DDOUBLE  -DCOMPLEX -c -DDOUBLE -DCOMPLEX -DUSE_ALPHA -DIMAGE_ONLY generic/zgemm3m_ncopy_4.c -o zgemm3m_oncopyi.o
cc -O2 -DMAX_STACK_ALLOC=2048 -Wall -m64 -DF_INTERFACE_GFORT -fPIC -DNO_LAPACK -DNO_LAPACKE -DSMP_SERVER -DNO_WARMUP -DMAX_CPU_NUMBER=4 -DMAX_PARALLEL_NUMBER=1 -DBUILD_SINGLE=1 -DBUILD_DOUBLE=1 -DBUILD_COMPLEX=1 -DBUILD_COMPLEX16=1 -DVERSION=\"0.3.17.dev\" -msse3 -mssse3 -msse4.1 -mavx -mavx2 -mavx2 -UASMNAME -UASMFNAME -UNAME -UCNAME -UCHAR_NAME -UCHAR_CNAME -DASMNAME=zgemm3m_otcopyi -DASMFNAME=zgemm3m_otcopyi_ -DNAME=zgemm3m_otcopyi_ -DCNAME=zgemm3m_otcopyi -DCHAR_NAME=\"zgemm3m_otcopyi_\" -DCHAR_CNAME=\"zgemm3m_otcopyi\" -DNO_AFFINITY -I.. -DDOUBLE  -DCOMPLEX -c -DDOUBLE -DCOMPLEX -DUSE_ALPHA -DIMAGE_ONLY generic/zgemm3m_tcopy_4.c -o zgemm3m_otcopyi.o
cc -O2 -DMAX_STACK_ALLOC=2048 -Wall -m64 -DF_INTERFACE_GFORT -fPIC -DNO_LAPACK -DNO_LAPACKE -DSMP_SERVER -DNO_WARMUP -DMAX_CPU_NUMBER=4 -DMAX_PARALLEL_NUMBER=1 -DBUILD_SINGLE=1 -DBUILD_DOUBLE=1 -DBUILD_COMPLEX=1 -DBUILD_COMPLEX16=1 -DVERSION=\"0.3.17.dev\" -msse3 -mssse3 -msse4.1 -mavx -mavx2 -mavx2 -UASMNAME -UASMFNAME -UNAME -UCNAME -UCHAR_NAME -UCHAR_CNAME -DASMNAME=zsymm3m_iucopyb -DASMFNAME=zsymm3m_iucopyb_ -DNAME=zsymm3m_iucopyb_ -DCNAME=zsymm3m_iucopyb -DCHAR_NAME=\"zsymm3m_iucopyb_\" -DCHAR_CNAME=\"zsymm3m_iucopyb\" -DNO_AFFINITY -I.. -DDOUBLE  -DCOMPLEX -Wno-uninitialized -c -DDOUBLE -DCOMPLEX -UUSE_ALPHA generic/zsymm3m_ucopy_4.c -o zsymm3m_iucopyb.o
cc -O2 -DMAX_STACK_ALLOC=2048 -Wall -m64 -DF_INTERFACE_GFORT -fPIC -DNO_LAPACK -DNO_LAPACKE -DSMP_SERVER -DNO_WARMUP -DMAX_CPU_NUMBER=4 -DMAX_PARALLEL_NUMBER=1 -DBUILD_SINGLE=1 -DBUILD_DOUBLE=1 -DBUILD_COMPLEX=1 -DBUILD_COMPLEX16=1 -DVERSION=\"0.3.17.dev\" -msse3 -mssse3 -msse4.1 -mavx -mavx2 -mavx2 -UASMNAME -UASMFNAME -UNAME -UCNAME -UCHAR_NAME -UCHAR_CNAME -DASMNAME=zsymm3m_oucopyb -DASMFNAME=zsymm3m_oucopyb_ -DNAME=zsymm3m_oucopyb_ -DCNAME=zsymm3m_oucopyb -DCHAR_NAME=\"zsymm3m_oucopyb_\" -DCHAR_CNAME=\"zsymm3m_oucopyb\" -DNO_AFFINITY -I.. -DDOUBLE  -DCOMPLEX -Wno-uninitialized -c -DDOUBLE -DCOMPLEX -DUSE_ALPHA generic/zsymm3m_ucopy_4.c -o zsymm3m_oucopyb.o
cc -O2 -DMAX_STACK_ALLOC=2048 -Wall -m64 -DF_INTERFACE_GFORT -fPIC -DNO_LAPACK -DNO_LAPACKE -DSMP_SERVER -DNO_WARMUP -DMAX_CPU_NUMBER=4 -DMAX_PARALLEL_NUMBER=1 -DBUILD_SINGLE=1 -DBUILD_DOUBLE=1 -DBUILD_COMPLEX=1 -DBUILD_COMPLEX16=1 -DVERSION=\"0.3.17.dev\" -msse3 -mssse3 -msse4.1 -mavx -mavx2 -mavx2 -UASMNAME -UASMFNAME -UNAME -UCNAME -UCHAR_NAME -UCHAR_CNAME -DASMNAME=zsymm3m_iucopyr -DASMFNAME=zsymm3m_iucopyr_ -DNAME=zsymm3m_iucopyr_ -DCNAME=zsymm3m_iucopyr -DCHAR_NAME=\"zsymm3m_iucopyr_\" -DCHAR_CNAME=\"zsymm3m_iucopyr\" -DNO_AFFINITY -I.. -DDOUBLE  -DCOMPLEX -Wno-uninitialized -c -DDOUBLE -DCOMPLEX -UUSE_ALPHA -DREAL_ONLY generic/zsymm3m_ucopy_4.c -o zsymm3m_iucopyr.o
cc -O2 -DMAX_STACK_ALLOC=2048 -Wall -m64 -DF_INTERFACE_GFORT -fPIC -DNO_LAPACK -DNO_LAPACKE -DSMP_SERVER -DNO_WARMUP -DMAX_CPU_NUMBER=4 -DMAX_PARALLEL_NUMBER=1 -DBUILD_SINGLE=1 -DBUILD_DOUBLE=1 -DBUILD_COMPLEX=1 -DBUILD_COMPLEX16=1 -DVERSION=\"0.3.17.dev\" -msse3 -mssse3 -msse4.1 -mavx -mavx2 -mavx2 -UASMNAME -UASMFNAME -UNAME -UCNAME -UCHAR_NAME -UCHAR_CNAME -DASMNAME=zsymm3m_oucopyr -DASMFNAME=zsymm3m_oucopyr_ -DNAME=zsymm3m_oucopyr_ -DCNAME=zsymm3m_oucopyr -DCHAR_NAME=\"zsymm3m_oucopyr_\" -DCHAR_CNAME=\"zsymm3m_oucopyr\" -DNO_AFFINITY -I.. -DDOUBLE  -DCOMPLEX -Wno-uninitialized -c -DDOUBLE -DCOMPLEX -DUSE_ALPHA -DREAL_ONLY generic/zsymm3m_ucopy_4.c -o zsymm3m_oucopyr.o
cc -O2 -DMAX_STACK_ALLOC=2048 -Wall -m64 -DF_INTERFACE_GFORT -fPIC -DNO_LAPACK -DNO_LAPACKE -DSMP_SERVER -DNO_WARMUP -DMAX_CPU_NUMBER=4 -DMAX_PARALLEL_NUMBER=1 -DBUILD_SINGLE=1 -DBUILD_DOUBLE=1 -DBUILD_COMPLEX=1 -DBUILD_COMPLEX16=1 -DVERSION=\"0.3.17.dev\" -msse3 -mssse3 -msse4.1 -mavx -mavx2 -mavx2 -UASMNAME -UASMFNAME -UNAME -UCNAME -UCHAR_NAME -UCHAR_CNAME -DASMNAME=zsymm3m_iucopyi -DASMFNAME=zsymm3m_iucopyi_ -DNAME=zsymm3m_iucopyi_ -DCNAME=zsymm3m_iucopyi -DCHAR_NAME=\"zsymm3m_iucopyi_\" -DCHAR_CNAME=\"zsymm3m_iucopyi\" -DNO_AFFINITY -I.. -DDOUBLE  -DCOMPLEX -Wno-uninitialized -c -DDOUBLE -DCOMPLEX -UUSE_ALPHA -DIMAGE_ONLY generic/zsymm3m_ucopy_4.c -o zsymm3m_iucopyi.o
cc -O2 -DMAX_STACK_ALLOC=2048 -Wall -m64 -DF_INTERFACE_GFORT -fPIC -DNO_LAPACK -DNO_LAPACKE -DSMP_SERVER -DNO_WARMUP -DMAX_CPU_NUMBER=4 -DMAX_PARALLEL_NUMBER=1 -DBUILD_SINGLE=1 -DBUILD_DOUBLE=1 -DBUILD_COMPLEX=1 -DBUILD_COMPLEX16=1 -DVERSION=\"0.3.17.dev\" -msse3 -mssse3 -msse4.1 -mavx -mavx2 -mavx2 -UASMNAME -UASMFNAME -UNAME -UCNAME -UCHAR_NAME -UCHAR_CNAME -DASMNAME=zsymm3m_oucopyi -DASMFNAME=zsymm3m_oucopyi_ -DNAME=zsymm3m_oucopyi_ -DCNAME=zsymm3m_oucopyi -DCHAR_NAME=\"zsymm3m_oucopyi_\" -DCHAR_CNAME=\"zsymm3m_oucopyi\" -DNO_AFFINITY -I.. -DDOUBLE  -DCOMPLEX -Wno-uninitialized -c -DDOUBLE -DCOMPLEX -DUSE_ALPHA -DIMAGE_ONLY generic/zsymm3m_ucopy_4.c -o zsymm3m_oucopyi.o
cc -O2 -DMAX_STACK_ALLOC=2048 -Wall -m64 -DF_INTERFACE_GFORT -fPIC -DNO_LAPACK -DNO_LAPACKE -DSMP_SERVER -DNO_WARMUP -DMAX_CPU_NUMBER=4 -DMAX_PARALLEL_NUMBER=1 -DBUILD_SINGLE=1 -DBUILD_DOUBLE=1 -DBUILD_COMPLEX=1 -DBUILD_COMPLEX16=1 -DVERSION=\"0.3.17.dev\" -msse3 -mssse3 -msse4.1 -mavx -mavx2 -mavx2 -UASMNAME -UASMFNAME -UNAME -UCNAME -UCHAR_NAME -UCHAR_CNAME -DASMNAME=zsymm3m_ilcopyb -DASMFNAME=zsymm3m_ilcopyb_ -DNAME=zsymm3m_ilcopyb_ -DCNAME=zsymm3m_ilcopyb -DCHAR_NAME=\"zsymm3m_ilcopyb_\" -DCHAR_CNAME=\"zsymm3m_ilcopyb\" -DNO_AFFINITY -I.. -DDOUBLE  -DCOMPLEX -Wno-uninitialized -c -DDOUBLE -DCOMPLEX -UUSE_ALPHA generic/zsymm3m_lcopy_4.c -o zsymm3m_ilcopyb.o
cc -O2 -DMAX_STACK_ALLOC=2048 -Wall -m64 -DF_INTERFACE_GFORT -fPIC -DNO_LAPACK -DNO_LAPACKE -DSMP_SERVER -DNO_WARMUP -DMAX_CPU_NUMBER=4 -DMAX_PARALLEL_NUMBER=1 -DBUILD_SINGLE=1 -DBUILD_DOUBLE=1 -DBUILD_COMPLEX=1 -DBUILD_COMPLEX16=1 -DVERSION=\"0.3.17.dev\" -msse3 -mssse3 -msse4.1 -mavx -mavx2 -mavx2 -UASMNAME -UASMFNAME -UNAME -UCNAME -UCHAR_NAME -UCHAR_CNAME -DASMNAME=zsymm3m_olcopyb -DASMFNAME=zsymm3m_olcopyb_ -DNAME=zsymm3m_olcopyb_ -DCNAME=zsymm3m_olcopyb -DCHAR_NAME=\"zsymm3m_olcopyb_\" -DCHAR_CNAME=\"zsymm3m_olcopyb\" -DNO_AFFINITY -I.. -DDOUBLE  -DCOMPLEX -Wno-uninitialized -c -DDOUBLE -DCOMPLEX -DUSE_ALPHA generic/zsymm3m_lcopy_4.c -o zsymm3m_olcopyb.o
cc -O2 -DMAX_STACK_ALLOC=2048 -Wall -m64 -DF_INTERFACE_GFORT -fPIC -DNO_LAPACK -DNO_LAPACKE -DSMP_SERVER -DNO_WARMUP -DMAX_CPU_NUMBER=4 -DMAX_PARALLEL_NUMBER=1 -DBUILD_SINGLE=1 -DBUILD_DOUBLE=1 -DBUILD_COMPLEX=1 -DBUILD_COMPLEX16=1 -DVERSION=\"0.3.17.dev\" -msse3 -mssse3 -msse4.1 -mavx -mavx2 -mavx2 -UASMNAME -UASMFNAME -UNAME -UCNAME -UCHAR_NAME -UCHAR_CNAME -DASMNAME=zsymm3m_ilcopyr -DASMFNAME=zsymm3m_ilcopyr_ -DNAME=zsymm3m_ilcopyr_ -DCNAME=zsymm3m_ilcopyr -DCHAR_NAME=\"zsymm3m_ilcopyr_\" -DCHAR_CNAME=\"zsymm3m_ilcopyr\" -DNO_AFFINITY -I.. -DDOUBLE  -DCOMPLEX -Wno-uninitialized -c -DDOUBLE -DCOMPLEX -UUSE_ALPHA -DREAL_ONLY generic/zsymm3m_lcopy_4.c -o zsymm3m_ilcopyr.o
cc -O2 -DMAX_STACK_ALLOC=2048 -Wall -m64 -DF_INTERFACE_GFORT -fPIC -DNO_LAPACK -DNO_LAPACKE -DSMP_SERVER -DNO_WARMUP -DMAX_CPU_NUMBER=4 -DMAX_PARALLEL_NUMBER=1 -DBUILD_SINGLE=1 -DBUILD_DOUBLE=1 -DBUILD_COMPLEX=1 -DBUILD_COMPLEX16=1 -DVERSION=\"0.3.17.dev\" -msse3 -mssse3 -msse4.1 -mavx -mavx2 -mavx2 -UASMNAME -UASMFNAME -UNAME -UCNAME -UCHAR_NAME -UCHAR_CNAME -DASMNAME=zsymm3m_olcopyr -DASMFNAME=zsymm3m_olcopyr_ -DNAME=zsymm3m_olcopyr_ -DCNAME=zsymm3m_olcopyr -DCHAR_NAME=\"zsymm3m_olcopyr_\" -DCHAR_CNAME=\"zsymm3m_olcopyr\" -DNO_AFFINITY -I.. -DDOUBLE  -DCOMPLEX -Wno-uninitialized -c -DDOUBLE -DCOMPLEX -DUSE_ALPHA -DREAL_ONLY generic/zsymm3m_lcopy_4.c -o zsymm3m_olcopyr.o
cc -O2 -DMAX_STACK_ALLOC=2048 -Wall -m64 -DF_INTERFACE_GFORT -fPIC -DNO_LAPACK -DNO_LAPACKE -DSMP_SERVER -DNO_WARMUP -DMAX_CPU_NUMBER=4 -DMAX_PARALLEL_NUMBER=1 -DBUILD_SINGLE=1 -DBUILD_DOUBLE=1 -DBUILD_COMPLEX=1 -DBUILD_COMPLEX16=1 -DVERSION=\"0.3.17.dev\" -msse3 -mssse3 -msse4.1 -mavx -mavx2 -mavx2 -UASMNAME -UASMFNAME -UNAME -UCNAME -UCHAR_NAME -UCHAR_CNAME -DASMNAME=zsymm3m_ilcopyi -DASMFNAME=zsymm3m_ilcopyi_ -DNAME=zsymm3m_ilcopyi_ -DCNAME=zsymm3m_ilcopyi -DCHAR_NAME=\"zsymm3m_ilcopyi_\" -DCHAR_CNAME=\"zsymm3m_ilcopyi\" -DNO_AFFINITY -I.. -DDOUBLE  -DCOMPLEX -Wno-uninitialized -c -DDOUBLE -DCOMPLEX -UUSE_ALPHA -DIMAGE_ONLY generic/zsymm3m_lcopy_4.c -o zsymm3m_ilcopyi.o
cc -O2 -DMAX_STACK_ALLOC=2048 -Wall -m64 -DF_INTERFACE_GFORT -fPIC -DNO_LAPACK -DNO_LAPACKE -DSMP_SERVER -DNO_WARMUP -DMAX_CPU_NUMBER=4 -DMAX_PARALLEL_NUMBER=1 -DBUILD_SINGLE=1 -DBUILD_DOUBLE=1 -DBUILD_COMPLEX=1 -DBUILD_COMPLEX16=1 -DVERSION=\"0.3.17.dev\" -msse3 -mssse3 -msse4.1 -mavx -mavx2 -mavx2 -UASMNAME -UASMFNAME -UNAME -UCNAME -UCHAR_NAME -UCHAR_CNAME -DASMNAME=zsymm3m_olcopyi -DASMFNAME=zsymm3m_olcopyi_ -DNAME=zsymm3m_olcopyi_ -DCNAME=zsymm3m_olcopyi -DCHAR_NAME=\"zsymm3m_olcopyi_\" -DCHAR_CNAME=\"zsymm3m_olcopyi\" -DNO_AFFINITY -I.. -DDOUBLE  -DCOMPLEX -Wno-uninitialized -c -DDOUBLE -DCOMPLEX -DUSE_ALPHA -DIMAGE_ONLY generic/zsymm3m_lcopy_4.c -o zsymm3m_olcopyi.o
cc -O2 -DMAX_STACK_ALLOC=2048 -Wall -m64 -DF_INTERFACE_GFORT -fPIC -DNO_LAPACK -DNO_LAPACKE -DSMP_SERVER -DNO_WARMUP -DMAX_CPU_NUMBER=4 -DMAX_PARALLEL_NUMBER=1 -DBUILD_SINGLE=1 -DBUILD_DOUBLE=1 -DBUILD_COMPLEX=1 -DBUILD_COMPLEX16=1 -DVERSION=\"0.3.17.dev\" -msse3 -mssse3 -msse4.1 -mavx -mavx2 -mavx2 -UASMNAME -UASMFNAME -UNAME -UCNAME -UCHAR_NAME -UCHAR_CNAME -DASMNAME=zhemm3m_iucopyb -DASMFNAME=zhemm3m_iucopyb_ -DNAME=zhemm3m_iucopyb_ -DCNAME=zhemm3m_iucopyb -DCHAR_NAME=\"zhemm3m_iucopyb_\" -DCHAR_CNAME=\"zhemm3m_iucopyb\" -DNO_AFFINITY -I.. -DDOUBLE  -DCOMPLEX -Wno-uninitialized -c -DDOUBLE -DCOMPLEX -UUSE_ALPHA generic/zhemm3m_ucopy_4.c -o zhemm3m_iucopyb.o
cc -O2 -DMAX_STACK_ALLOC=2048 -Wall -m64 -DF_INTERFACE_GFORT -fPIC -DNO_LAPACK -DNO_LAPACKE -DSMP_SERVER -DNO_WARMUP -DMAX_CPU_NUMBER=4 -DMAX_PARALLEL_NUMBER=1 -DBUILD_SINGLE=1 -DBUILD_DOUBLE=1 -DBUILD_COMPLEX=1 -DBUILD_COMPLEX16=1 -DVERSION=\"0.3.17.dev\" -msse3 -mssse3 -msse4.1 -mavx -mavx2 -mavx2 -UASMNAME -UASMFNAME -UNAME -UCNAME -UCHAR_NAME -UCHAR_CNAME -DASMNAME=zhemm3m_oucopyb -DASMFNAME=zhemm3m_oucopyb_ -DNAME=zhemm3m_oucopyb_ -DCNAME=zhemm3m_oucopyb -DCHAR_NAME=\"zhemm3m_oucopyb_\" -DCHAR_CNAME=\"zhemm3m_oucopyb\" -DNO_AFFINITY -I.. -DDOUBLE  -DCOMPLEX -Wno-uninitialized -c -DDOUBLE -DCOMPLEX -DUSE_ALPHA generic/zhemm3m_ucopy_4.c -o zhemm3m_oucopyb.o
cc -O2 -DMAX_STACK_ALLOC=2048 -Wall -m64 -DF_INTERFACE_GFORT -fPIC -DNO_LAPACK -DNO_LAPACKE -DSMP_SERVER -DNO_WARMUP -DMAX_CPU_NUMBER=4 -DMAX_PARALLEL_NUMBER=1 -DBUILD_SINGLE=1 -DBUILD_DOUBLE=1 -DBUILD_COMPLEX=1 -DBUILD_COMPLEX16=1 -DVERSION=\"0.3.17.dev\" -msse3 -mssse3 -msse4.1 -mavx -mavx2 -mavx2 -UASMNAME -UASMFNAME -UNAME -UCNAME -UCHAR_NAME -UCHAR_CNAME -DASMNAME=zhemm3m_iucopyr -DASMFNAME=zhemm3m_iucopyr_ -DNAME=zhemm3m_iucopyr_ -DCNAME=zhemm3m_iucopyr -DCHAR_NAME=\"zhemm3m_iucopyr_\" -DCHAR_CNAME=\"zhemm3m_iucopyr\" -DNO_AFFINITY -I.. -DDOUBLE  -DCOMPLEX -Wno-uninitialized -c -DDOUBLE -DCOMPLEX -UUSE_ALPHA -DREAL_ONLY generic/zhemm3m_ucopy_4.c -o zhemm3m_iucopyr.o
cc -O2 -DMAX_STACK_ALLOC=2048 -Wall -m64 -DF_INTERFACE_GFORT -fPIC -DNO_LAPACK -DNO_LAPACKE -DSMP_SERVER -DNO_WARMUP -DMAX_CPU_NUMBER=4 -DMAX_PARALLEL_NUMBER=1 -DBUILD_SINGLE=1 -DBUILD_DOUBLE=1 -DBUILD_COMPLEX=1 -DBUILD_COMPLEX16=1 -DVERSION=\"0.3.17.dev\" -msse3 -mssse3 -msse4.1 -mavx -mavx2 -mavx2 -UASMNAME -UASMFNAME -UNAME -UCNAME -UCHAR_NAME -UCHAR_CNAME -DASMNAME=zhemm3m_oucopyr -DASMFNAME=zhemm3m_oucopyr_ -DNAME=zhemm3m_oucopyr_ -DCNAME=zhemm3m_oucopyr -DCHAR_NAME=\"zhemm3m_oucopyr_\" -DCHAR_CNAME=\"zhemm3m_oucopyr\" -DNO_AFFINITY -I.. -DDOUBLE  -DCOMPLEX -Wno-uninitialized -c -DDOUBLE -DCOMPLEX -DUSE_ALPHA -DREAL_ONLY generic/zhemm3m_ucopy_4.c -o zhemm3m_oucopyr.o
cc -O2 -DMAX_STACK_ALLOC=2048 -Wall -m64 -DF_INTERFACE_GFORT -fPIC -DNO_LAPACK -DNO_LAPACKE -DSMP_SERVER -DNO_WARMUP -DMAX_CPU_NUMBER=4 -DMAX_PARALLEL_NUMBER=1 -DBUILD_SINGLE=1 -DBUILD_DOUBLE=1 -DBUILD_COMPLEX=1 -DBUILD_COMPLEX16=1 -DVERSION=\"0.3.17.dev\" -msse3 -mssse3 -msse4.1 -mavx -mavx2 -mavx2 -UASMNAME -UASMFNAME -UNAME -UCNAME -UCHAR_NAME -UCHAR_CNAME -DASMNAME=zhemm3m_iucopyi -DASMFNAME=zhemm3m_iucopyi_ -DNAME=zhemm3m_iucopyi_ -DCNAME=zhemm3m_iucopyi -DCHAR_NAME=\"zhemm3m_iucopyi_\" -DCHAR_CNAME=\"zhemm3m_iucopyi\" -DNO_AFFINITY -I.. -DDOUBLE  -DCOMPLEX -Wno-uninitialized -c -DDOUBLE -DCOMPLEX -UUSE_ALPHA -DIMAGE_ONLY generic/zhemm3m_ucopy_4.c -o zhemm3m_iucopyi.o
cc -O2 -DMAX_STACK_ALLOC=2048 -Wall -m64 -DF_INTERFACE_GFORT -fPIC -DNO_LAPACK -DNO_LAPACKE -DSMP_SERVER -DNO_WARMUP -DMAX_CPU_NUMBER=4 -DMAX_PARALLEL_NUMBER=1 -DBUILD_SINGLE=1 -DBUILD_DOUBLE=1 -DBUILD_COMPLEX=1 -DBUILD_COMPLEX16=1 -DVERSION=\"0.3.17.dev\" -msse3 -mssse3 -msse4.1 -mavx -mavx2 -mavx2 -UASMNAME -UASMFNAME -UNAME -UCNAME -UCHAR_NAME -UCHAR_CNAME -DASMNAME=zhemm3m_oucopyi -DASMFNAME=zhemm3m_oucopyi_ -DNAME=zhemm3m_oucopyi_ -DCNAME=zhemm3m_oucopyi -DCHAR_NAME=\"zhemm3m_oucopyi_\" -DCHAR_CNAME=\"zhemm3m_oucopyi\" -DNO_AFFINITY -I.. -DDOUBLE  -DCOMPLEX -Wno-uninitialized -c -DDOUBLE -DCOMPLEX -DUSE_ALPHA -DIMAGE_ONLY generic/zhemm3m_ucopy_4.c -o zhemm3m_oucopyi.o
cc -O2 -DMAX_STACK_ALLOC=2048 -Wall -m64 -DF_INTERFACE_GFORT -fPIC -DNO_LAPACK -DNO_LAPACKE -DSMP_SERVER -DNO_WARMUP -DMAX_CPU_NUMBER=4 -DMAX_PARALLEL_NUMBER=1 -DBUILD_SINGLE=1 -DBUILD_DOUBLE=1 -DBUILD_COMPLEX=1 -DBUILD_COMPLEX16=1 -DVERSION=\"0.3.17.dev\" -msse3 -mssse3 -msse4.1 -mavx -mavx2 -mavx2 -UASMNAME -UASMFNAME -UNAME -UCNAME -UCHAR_NAME -UCHAR_CNAME -DASMNAME=zhemm3m_ilcopyb -DASMFNAME=zhemm3m_ilcopyb_ -DNAME=zhemm3m_ilcopyb_ -DCNAME=zhemm3m_ilcopyb -DCHAR_NAME=\"zhemm3m_ilcopyb_\" -DCHAR_CNAME=\"zhemm3m_ilcopyb\" -DNO_AFFINITY -I.. -DDOUBLE  -DCOMPLEX -Wno-uninitialized -c -DDOUBLE -DCOMPLEX -UUSE_ALPHA generic/zhemm3m_lcopy_4.c -o zhemm3m_ilcopyb.o
cc -O2 -DMAX_STACK_ALLOC=2048 -Wall -m64 -DF_INTERFACE_GFORT -fPIC -DNO_LAPACK -DNO_LAPACKE -DSMP_SERVER -DNO_WARMUP -DMAX_CPU_NUMBER=4 -DMAX_PARALLEL_NUMBER=1 -DBUILD_SINGLE=1 -DBUILD_DOUBLE=1 -DBUILD_COMPLEX=1 -DBUILD_COMPLEX16=1 -DVERSION=\"0.3.17.dev\" -msse3 -mssse3 -msse4.1 -mavx -mavx2 -mavx2 -UASMNAME -UASMFNAME -UNAME -UCNAME -UCHAR_NAME -UCHAR_CNAME -DASMNAME=zhemm3m_olcopyb -DASMFNAME=zhemm3m_olcopyb_ -DNAME=zhemm3m_olcopyb_ -DCNAME=zhemm3m_olcopyb -DCHAR_NAME=\"zhemm3m_olcopyb_\" -DCHAR_CNAME=\"zhemm3m_olcopyb\" -DNO_AFFINITY -I.. -DDOUBLE  -DCOMPLEX -Wno-uninitialized -c -DDOUBLE -DCOMPLEX -DUSE_ALPHA generic/zhemm3m_lcopy_4.c -o zhemm3m_olcopyb.o
cc -O2 -DMAX_STACK_ALLOC=2048 -Wall -m64 -DF_INTERFACE_GFORT -fPIC -DNO_LAPACK -DNO_LAPACKE -DSMP_SERVER -DNO_WARMUP -DMAX_CPU_NUMBER=4 -DMAX_PARALLEL_NUMBER=1 -DBUILD_SINGLE=1 -DBUILD_DOUBLE=1 -DBUILD_COMPLEX=1 -DBUILD_COMPLEX16=1 -DVERSION=\"0.3.17.dev\" -msse3 -mssse3 -msse4.1 -mavx -mavx2 -mavx2 -UASMNAME -UASMFNAME -UNAME -UCNAME -UCHAR_NAME -UCHAR_CNAME -DASMNAME=zhemm3m_ilcopyr -DASMFNAME=zhemm3m_ilcopyr_ -DNAME=zhemm3m_ilcopyr_ -DCNAME=zhemm3m_ilcopyr -DCHAR_NAME=\"zhemm3m_ilcopyr_\" -DCHAR_CNAME=\"zhemm3m_ilcopyr\" -DNO_AFFINITY -I.. -DDOUBLE  -DCOMPLEX -Wno-uninitialized -c -DDOUBLE -DCOMPLEX -UUSE_ALPHA -DREAL_ONLY generic/zhemm3m_lcopy_4.c -o zhemm3m_ilcopyr.o
cc -O2 -DMAX_STACK_ALLOC=2048 -Wall -m64 -DF_INTERFACE_GFORT -fPIC -DNO_LAPACK -DNO_LAPACKE -DSMP_SERVER -DNO_WARMUP -DMAX_CPU_NUMBER=4 -DMAX_PARALLEL_NUMBER=1 -DBUILD_SINGLE=1 -DBUILD_DOUBLE=1 -DBUILD_COMPLEX=1 -DBUILD_COMPLEX16=1 -DVERSION=\"0.3.17.dev\" -msse3 -mssse3 -msse4.1 -mavx -mavx2 -mavx2 -UASMNAME -UASMFNAME -UNAME -UCNAME -UCHAR_NAME -UCHAR_CNAME -DASMNAME=zhemm3m_olcopyr -DASMFNAME=zhemm3m_olcopyr_ -DNAME=zhemm3m_olcopyr_ -DCNAME=zhemm3m_olcopyr -DCHAR_NAME=\"zhemm3m_olcopyr_\" -DCHAR_CNAME=\"zhemm3m_olcopyr\" -DNO_AFFINITY -I.. -DDOUBLE  -DCOMPLEX -Wno-uninitialized -c -DDOUBLE -DCOMPLEX -DUSE_ALPHA -DREAL_ONLY generic/zhemm3m_lcopy_4.c -o zhemm3m_olcopyr.o
cc -O2 -DMAX_STACK_ALLOC=2048 -Wall -m64 -DF_INTERFACE_GFORT -fPIC -DNO_LAPACK -DNO_LAPACKE -DSMP_SERVER -DNO_WARMUP -DMAX_CPU_NUMBER=4 -DMAX_PARALLEL_NUMBER=1 -DBUILD_SINGLE=1 -DBUILD_DOUBLE=1 -DBUILD_COMPLEX=1 -DBUILD_COMPLEX16=1 -DVERSION=\"0.3.17.dev\" -msse3 -mssse3 -msse4.1 -mavx -mavx2 -mavx2 -UASMNAME -UASMFNAME -UNAME -UCNAME -UCHAR_NAME -UCHAR_CNAME -DASMNAME=zhemm3m_ilcopyi -DASMFNAME=zhemm3m_ilcopyi_ -DNAME=zhemm3m_ilcopyi_ -DCNAME=zhemm3m_ilcopyi -DCHAR_NAME=\"zhemm3m_ilcopyi_\" -DCHAR_CNAME=\"zhemm3m_ilcopyi\" -DNO_AFFINITY -I.. -DDOUBLE  -DCOMPLEX -Wno-uninitialized -c -DDOUBLE -DCOMPLEX -UUSE_ALPHA -DIMAGE_ONLY generic/zhemm3m_lcopy_4.c -o zhemm3m_ilcopyi.o
cc -O2 -DMAX_STACK_ALLOC=2048 -Wall -m64 -DF_INTERFACE_GFORT -fPIC -DNO_LAPACK -DNO_LAPACKE -DSMP_SERVER -DNO_WARMUP -DMAX_CPU_NUMBER=4 -DMAX_PARALLEL_NUMBER=1 -DBUILD_SINGLE=1 -DBUILD_DOUBLE=1 -DBUILD_COMPLEX=1 -DBUILD_COMPLEX16=1 -DVERSION=\"0.3.17.dev\" -msse3 -mssse3 -msse4.1 -mavx -mavx2 -mavx2 -UASMNAME -UASMFNAME -UNAME -UCNAME -UCHAR_NAME -UCHAR_CNAME -DASMNAME=zhemm3m_olcopyi -DASMFNAME=zhemm3m_olcopyi_ -DNAME=zhemm3m_olcopyi_ -DCNAME=zhemm3m_olcopyi -DCHAR_NAME=\"zhemm3m_olcopyi_\" -DCHAR_CNAME=\"zhemm3m_olcopyi\" -DNO_AFFINITY -I.. -DDOUBLE  -DCOMPLEX -Wno-uninitialized -c -DDOUBLE -DCOMPLEX -DUSE_ALPHA -DIMAGE_ONLY generic/zhemm3m_lcopy_4.c -o zhemm3m_olcopyi.o
cc -O2 -DMAX_STACK_ALLOC=2048 -Wall -m64 -DF_INTERFACE_GFORT -fPIC -DNO_LAPACK -DNO_LAPACKE -DSMP_SERVER -DNO_WARMUP -DMAX_CPU_NUMBER=4 -DMAX_PARALLEL_NUMBER=1 -DBUILD_SINGLE=1 -DBUILD_DOUBLE=1 -DBUILD_COMPLEX=1 -DBUILD_COMPLEX16=1 -DVERSION=\"0.3.17.dev\" -msse3 -mssse3 -msse4.1 -mavx -mavx2 -mavx2 -UASMNAME -UASMFNAME -UNAME -UCNAME -UCHAR_NAME -UCHAR_CNAME -DASMNAME=zomatcopy_k_cn -DASMFNAME=zomatcopy_k_cn_ -DNAME=zomatcopy_k_cn_ -DCNAME=zomatcopy_k_cn -DCHAR_NAME=\"zomatcopy_k_cn_\" -DCHAR_CNAME=\"zomatcopy_k_cn\" -DNO_AFFINITY -I.. -DDOUBLE  -DCOMPLEX -c -DDOUBLE -DCOMPLEX -UROWM -UCONJ ../kernel/x86_64/../arm/zomatcopy_cn.c -o zomatcopy_k_cn.o
cc -O2 -DMAX_STACK_ALLOC=2048 -Wall -m64 -DF_INTERFACE_GFORT -fPIC -DNO_LAPACK -DNO_LAPACKE -DSMP_SERVER -DNO_WARMUP -DMAX_CPU_NUMBER=4 -DMAX_PARALLEL_NUMBER=1 -DBUILD_SINGLE=1 -DBUILD_DOUBLE=1 -DBUILD_COMPLEX=1 -DBUILD_COMPLEX16=1 -DVERSION=\"0.3.17.dev\" -msse3 -mssse3 -msse4.1 -mavx -mavx2 -mavx2 -UASMNAME -UASMFNAME -UNAME -UCNAME -UCHAR_NAME -UCHAR_CNAME -DASMNAME=zomatcopy_k_rn -DASMFNAME=zomatcopy_k_rn_ -DNAME=zomatcopy_k_rn_ -DCNAME=zomatcopy_k_rn -DCHAR_NAME=\"zomatcopy_k_rn_\" -DCHAR_CNAME=\"zomatcopy_k_rn\" -DNO_AFFINITY -I.. -DDOUBLE  -DCOMPLEX -c -DDOUBLE -DCOMPLEX -DROWM -UCONJ ../kernel/x86_64/../arm/zomatcopy_rn.c -o zomatcopy_k_rn.o
cc -O2 -DMAX_STACK_ALLOC=2048 -Wall -m64 -DF_INTERFACE_GFORT -fPIC -DNO_LAPACK -DNO_LAPACKE -DSMP_SERVER -DNO_WARMUP -DMAX_CPU_NUMBER=4 -DMAX_PARALLEL_NUMBER=1 -DBUILD_SINGLE=1 -DBUILD_DOUBLE=1 -DBUILD_COMPLEX=1 -DBUILD_COMPLEX16=1 -DVERSION=\"0.3.17.dev\" -msse3 -mssse3 -msse4.1 -mavx -mavx2 -mavx2 -UASMNAME -UASMFNAME -UNAME -UCNAME -UCHAR_NAME -UCHAR_CNAME -DASMNAME=zomatcopy_k_ct -DASMFNAME=zomatcopy_k_ct_ -DNAME=zomatcopy_k_ct_ -DCNAME=zomatcopy_k_ct -DCHAR_NAME=\"zomatcopy_k_ct_\" -DCHAR_CNAME=\"zomatcopy_k_ct\" -DNO_AFFINITY -I.. -DDOUBLE  -DCOMPLEX -c -DDOUBLE -DCOMPLEX -UROWM -UCONJ ../kernel/x86_64/../arm/zomatcopy_ct.c -o zomatcopy_k_ct.o
cc -O2 -DMAX_STACK_ALLOC=2048 -Wall -m64 -DF_INTERFACE_GFORT -fPIC -DNO_LAPACK -DNO_LAPACKE -DSMP_SERVER -DNO_WARMUP -DMAX_CPU_NUMBER=4 -DMAX_PARALLEL_NUMBER=1 -DBUILD_SINGLE=1 -DBUILD_DOUBLE=1 -DBUILD_COMPLEX=1 -DBUILD_COMPLEX16=1 -DVERSION=\"0.3.17.dev\" -msse3 -mssse3 -msse4.1 -mavx -mavx2 -mavx2 -UASMNAME -UASMFNAME -UNAME -UCNAME -UCHAR_NAME -UCHAR_CNAME -DASMNAME=zomatcopy_k_rt -DASMFNAME=zomatcopy_k_rt_ -DNAME=zomatcopy_k_rt_ -DCNAME=zomatcopy_k_rt -DCHAR_NAME=\"zomatcopy_k_rt_\" -DCHAR_CNAME=\"zomatcopy_k_rt\" -DNO_AFFINITY -I.. -DDOUBLE  -DCOMPLEX -c -DDOUBLE -DCOMPLEX -DROWM -UCONJ ../kernel/x86_64/../arm/zomatcopy_rt.c -o zomatcopy_k_rt.o
cc -O2 -DMAX_STACK_ALLOC=2048 -Wall -m64 -DF_INTERFACE_GFORT -fPIC -DNO_LAPACK -DNO_LAPACKE -DSMP_SERVER -DNO_WARMUP -DMAX_CPU_NUMBER=4 -DMAX_PARALLEL_NUMBER=1 -DBUILD_SINGLE=1 -DBUILD_DOUBLE=1 -DBUILD_COMPLEX=1 -DBUILD_COMPLEX16=1 -DVERSION=\"0.3.17.dev\" -msse3 -mssse3 -msse4.1 -mavx -mavx2 -mavx2 -UASMNAME -UASMFNAME -UNAME -UCNAME -UCHAR_NAME -UCHAR_CNAME -DASMNAME=zomatcopy_k_cnc -DASMFNAME=zomatcopy_k_cnc_ -DNAME=zomatcopy_k_cnc_ -DCNAME=zomatcopy_k_cnc -DCHAR_NAME=\"zomatcopy_k_cnc_\" -DCHAR_CNAME=\"zomatcopy_k_cnc\" -DNO_AFFINITY -I.. -DDOUBLE  -DCOMPLEX -c -DDOUBLE -DCOMPLEX -UROWM -DCONJ ../kernel/x86_64/../arm/zomatcopy_cnc.c -o zomatcopy_k_cnc.o
cc -O2 -DMAX_STACK_ALLOC=2048 -Wall -m64 -DF_INTERFACE_GFORT -fPIC -DNO_LAPACK -DNO_LAPACKE -DSMP_SERVER -DNO_WARMUP -DMAX_CPU_NUMBER=4 -DMAX_PARALLEL_NUMBER=1 -DBUILD_SINGLE=1 -DBUILD_DOUBLE=1 -DBUILD_COMPLEX=1 -DBUILD_COMPLEX16=1 -DVERSION=\"0.3.17.dev\" -msse3 -mssse3 -msse4.1 -mavx -mavx2 -mavx2 -UASMNAME -UASMFNAME -UNAME -UCNAME -UCHAR_NAME -UCHAR_CNAME -DASMNAME=zomatcopy_k_rnc -DASMFNAME=zomatcopy_k_rnc_ -DNAME=zomatcopy_k_rnc_ -DCNAME=zomatcopy_k_rnc -DCHAR_NAME=\"zomatcopy_k_rnc_\" -DCHAR_CNAME=\"zomatcopy_k_rnc\" -DNO_AFFINITY -I.. -DDOUBLE  -DCOMPLEX -c -DDOUBLE -DCOMPLEX -DROWM -DCONJ ../kernel/x86_64/../arm/zomatcopy_rnc.c -o zomatcopy_k_rnc.o
cc -O2 -DMAX_STACK_ALLOC=2048 -Wall -m64 -DF_INTERFACE_GFORT -fPIC -DNO_LAPACK -DNO_LAPACKE -DSMP_SERVER -DNO_WARMUP -DMAX_CPU_NUMBER=4 -DMAX_PARALLEL_NUMBER=1 -DBUILD_SINGLE=1 -DBUILD_DOUBLE=1 -DBUILD_COMPLEX=1 -DBUILD_COMPLEX16=1 -DVERSION=\"0.3.17.dev\" -msse3 -mssse3 -msse4.1 -mavx -mavx2 -mavx2 -UASMNAME -UASMFNAME -UNAME -UCNAME -UCHAR_NAME -UCHAR_CNAME -DASMNAME=zomatcopy_k_ctc -DASMFNAME=zomatcopy_k_ctc_ -DNAME=zomatcopy_k_ctc_ -DCNAME=zomatcopy_k_ctc -DCHAR_NAME=\"zomatcopy_k_ctc_\" -DCHAR_CNAME=\"zomatcopy_k_ctc\" -DNO_AFFINITY -I.. -DDOUBLE  -DCOMPLEX -c -DDOUBLE -DCOMPLEX -UROWM -DCONJ ../kernel/x86_64/../arm/zomatcopy_ctc.c -o zomatcopy_k_ctc.o
cc -O2 -DMAX_STACK_ALLOC=2048 -Wall -m64 -DF_INTERFACE_GFORT -fPIC -DNO_LAPACK -DNO_LAPACKE -DSMP_SERVER -DNO_WARMUP -DMAX_CPU_NUMBER=4 -DMAX_PARALLEL_NUMBER=1 -DBUILD_SINGLE=1 -DBUILD_DOUBLE=1 -DBUILD_COMPLEX=1 -DBUILD_COMPLEX16=1 -DVERSION=\"0.3.17.dev\" -msse3 -mssse3 -msse4.1 -mavx -mavx2 -mavx2 -UASMNAME -UASMFNAME -UNAME -UCNAME -UCHAR_NAME -UCHAR_CNAME -DASMNAME=zomatcopy_k_rtc -DASMFNAME=zomatcopy_k_rtc_ -DNAME=zomatcopy_k_rtc_ -DCNAME=zomatcopy_k_rtc -DCHAR_NAME=\"zomatcopy_k_rtc_\" -DCHAR_CNAME=\"zomatcopy_k_rtc\" -DNO_AFFINITY -I.. -DDOUBLE  -DCOMPLEX -c -DDOUBLE -DCOMPLEX -DROWM -DCONJ ../kernel/x86_64/../arm/zomatcopy_rtc.c -o zomatcopy_k_rtc.o
cc -O2 -DMAX_STACK_ALLOC=2048 -Wall -m64 -DF_INTERFACE_GFORT -fPIC -DNO_LAPACK -DNO_LAPACKE -DSMP_SERVER -DNO_WARMUP -DMAX_CPU_NUMBER=4 -DMAX_PARALLEL_NUMBER=1 -DBUILD_SINGLE=1 -DBUILD_DOUBLE=1 -DBUILD_COMPLEX=1 -DBUILD_COMPLEX16=1 -DVERSION=\"0.3.17.dev\" -msse3 -mssse3 -msse4.1 -mavx -mavx2 -mavx2 -UASMNAME -UASMFNAME -UNAME -UCNAME -UCHAR_NAME -UCHAR_CNAME -DASMNAME=zimatcopy_k_cn -DASMFNAME=zimatcopy_k_cn_ -DNAME=zimatcopy_k_cn_ -DCNAME=zimatcopy_k_cn -DCHAR_NAME=\"zimatcopy_k_cn_\" -DCHAR_CNAME=\"zimatcopy_k_cn\" -DNO_AFFINITY -I.. -DDOUBLE  -DCOMPLEX -c -DDOUBLE -DCOMPLEX -UROWM -UCONJ ../kernel/x86_64/../generic/zimatcopy_cn.c -o zimatcopy_k_cn.o
cc -O2 -DMAX_STACK_ALLOC=2048 -Wall -m64 -DF_INTERFACE_GFORT -fPIC -DNO_LAPACK -DNO_LAPACKE -DSMP_SERVER -DNO_WARMUP -DMAX_CPU_NUMBER=4 -DMAX_PARALLEL_NUMBER=1 -DBUILD_SINGLE=1 -DBUILD_DOUBLE=1 -DBUILD_COMPLEX=1 -DBUILD_COMPLEX16=1 -DVERSION=\"0.3.17.dev\" -msse3 -mssse3 -msse4.1 -mavx -mavx2 -mavx2 -UASMNAME -UASMFNAME -UNAME -UCNAME -UCHAR_NAME -UCHAR_CNAME -DASMNAME=zimatcopy_k_rn -DASMFNAME=zimatcopy_k_rn_ -DNAME=zimatcopy_k_rn_ -DCNAME=zimatcopy_k_rn -DCHAR_NAME=\"zimatcopy_k_rn_\" -DCHAR_CNAME=\"zimatcopy_k_rn\" -DNO_AFFINITY -I.. -DDOUBLE  -DCOMPLEX -c -DDOUBLE -DCOMPLEX -DROWM -UCONJ ../kernel/x86_64/../generic/zimatcopy_rn.c -o zimatcopy_k_rn.o
cc -O2 -DMAX_STACK_ALLOC=2048 -Wall -m64 -DF_INTERFACE_GFORT -fPIC -DNO_LAPACK -DNO_LAPACKE -DSMP_SERVER -DNO_WARMUP -DMAX_CPU_NUMBER=4 -DMAX_PARALLEL_NUMBER=1 -DBUILD_SINGLE=1 -DBUILD_DOUBLE=1 -DBUILD_COMPLEX=1 -DBUILD_COMPLEX16=1 -DVERSION=\"0.3.17.dev\" -msse3 -mssse3 -msse4.1 -mavx -mavx2 -mavx2 -UASMNAME -UASMFNAME -UNAME -UCNAME -UCHAR_NAME -UCHAR_CNAME -DASMNAME=zimatcopy_k_ct -DASMFNAME=zimatcopy_k_ct_ -DNAME=zimatcopy_k_ct_ -DCNAME=zimatcopy_k_ct -DCHAR_NAME=\"zimatcopy_k_ct_\" -DCHAR_CNAME=\"zimatcopy_k_ct\" -DNO_AFFINITY -I.. -DDOUBLE  -DCOMPLEX -c -DDOUBLE -DCOMPLEX -UROWM -UCONJ ../kernel/x86_64/../generic/zimatcopy_ct.c -o zimatcopy_k_ct.o
cc -O2 -DMAX_STACK_ALLOC=2048 -Wall -m64 -DF_INTERFACE_GFORT -fPIC -DNO_LAPACK -DNO_LAPACKE -DSMP_SERVER -DNO_WARMUP -DMAX_CPU_NUMBER=4 -DMAX_PARALLEL_NUMBER=1 -DBUILD_SINGLE=1 -DBUILD_DOUBLE=1 -DBUILD_COMPLEX=1 -DBUILD_COMPLEX16=1 -DVERSION=\"0.3.17.dev\" -msse3 -mssse3 -msse4.1 -mavx -mavx2 -mavx2 -UASMNAME -UASMFNAME -UNAME -UCNAME -UCHAR_NAME -UCHAR_CNAME -DASMNAME=zimatcopy_k_rt -DASMFNAME=zimatcopy_k_rt_ -DNAME=zimatcopy_k_rt_ -DCNAME=zimatcopy_k_rt -DCHAR_NAME=\"zimatcopy_k_rt_\" -DCHAR_CNAME=\"zimatcopy_k_rt\" -DNO_AFFINITY -I.. -DDOUBLE  -DCOMPLEX -c -DDOUBLE -DCOMPLEX -DROWM -UCONJ ../kernel/x86_64/../generic/zimatcopy_rt.c -o zimatcopy_k_rt.o
cc -O2 -DMAX_STACK_ALLOC=2048 -Wall -m64 -DF_INTERFACE_GFORT -fPIC -DNO_LAPACK -DNO_LAPACKE -DSMP_SERVER -DNO_WARMUP -DMAX_CPU_NUMBER=4 -DMAX_PARALLEL_NUMBER=1 -DBUILD_SINGLE=1 -DBUILD_DOUBLE=1 -DBUILD_COMPLEX=1 -DBUILD_COMPLEX16=1 -DVERSION=\"0.3.17.dev\" -msse3 -mssse3 -msse4.1 -mavx -mavx2 -mavx2 -UASMNAME -UASMFNAME -UNAME -UCNAME -UCHAR_NAME -UCHAR_CNAME -DASMNAME=zimatcopy_k_cnc -DASMFNAME=zimatcopy_k_cnc_ -DNAME=zimatcopy_k_cnc_ -DCNAME=zimatcopy_k_cnc -DCHAR_NAME=\"zimatcopy_k_cnc_\" -DCHAR_CNAME=\"zimatcopy_k_cnc\" -DNO_AFFINITY -I.. -DDOUBLE  -DCOMPLEX -c -DDOUBLE -DCOMPLEX -UROWM -DCONJ ../kernel/x86_64/../generic/zimatcopy_cnc.c -o zimatcopy_k_cnc.o
cc -O2 -DMAX_STACK_ALLOC=2048 -Wall -m64 -DF_INTERFACE_GFORT -fPIC -DNO_LAPACK -DNO_LAPACKE -DSMP_SERVER -DNO_WARMUP -DMAX_CPU_NUMBER=4 -DMAX_PARALLEL_NUMBER=1 -DBUILD_SINGLE=1 -DBUILD_DOUBLE=1 -DBUILD_COMPLEX=1 -DBUILD_COMPLEX16=1 -DVERSION=\"0.3.17.dev\" -msse3 -mssse3 -msse4.1 -mavx -mavx2 -mavx2 -UASMNAME -UASMFNAME -UNAME -UCNAME -UCHAR_NAME -UCHAR_CNAME -DASMNAME=zimatcopy_k_rnc -DASMFNAME=zimatcopy_k_rnc_ -DNAME=zimatcopy_k_rnc_ -DCNAME=zimatcopy_k_rnc -DCHAR_NAME=\"zimatcopy_k_rnc_\" -DCHAR_CNAME=\"zimatcopy_k_rnc\" -DNO_AFFINITY -I.. -DDOUBLE  -DCOMPLEX -c -DDOUBLE -DCOMPLEX -DROWM -DCONJ ../kernel/x86_64/../generic/zimatcopy_rnc.c -o zimatcopy_k_rnc.o
cc -O2 -DMAX_STACK_ALLOC=2048 -Wall -m64 -DF_INTERFACE_GFORT -fPIC -DNO_LAPACK -DNO_LAPACKE -DSMP_SERVER -DNO_WARMUP -DMAX_CPU_NUMBER=4 -DMAX_PARALLEL_NUMBER=1 -DBUILD_SINGLE=1 -DBUILD_DOUBLE=1 -DBUILD_COMPLEX=1 -DBUILD_COMPLEX16=1 -DVERSION=\"0.3.17.dev\" -msse3 -mssse3 -msse4.1 -mavx -mavx2 -mavx2 -UASMNAME -UASMFNAME -UNAME -UCNAME -UCHAR_NAME -UCHAR_CNAME -DASMNAME=zimatcopy_k_ctc -DASMFNAME=zimatcopy_k_ctc_ -DNAME=zimatcopy_k_ctc_ -DCNAME=zimatcopy_k_ctc -DCHAR_NAME=\"zimatcopy_k_ctc_\" -DCHAR_CNAME=\"zimatcopy_k_ctc\" -DNO_AFFINITY -I.. -DDOUBLE  -DCOMPLEX -c -DDOUBLE -DCOMPLEX -UROWM -DCONJ ../kernel/x86_64/../generic/zimatcopy_ctc.c -o zimatcopy_k_ctc.o
cc -O2 -DMAX_STACK_ALLOC=2048 -Wall -m64 -DF_INTERFACE_GFORT -fPIC -DNO_LAPACK -DNO_LAPACKE -DSMP_SERVER -DNO_WARMUP -DMAX_CPU_NUMBER=4 -DMAX_PARALLEL_NUMBER=1 -DBUILD_SINGLE=1 -DBUILD_DOUBLE=1 -DBUILD_COMPLEX=1 -DBUILD_COMPLEX16=1 -DVERSION=\"0.3.17.dev\" -msse3 -mssse3 -msse4.1 -mavx -mavx2 -mavx2 -UASMNAME -UASMFNAME -UNAME -UCNAME -UCHAR_NAME -UCHAR_CNAME -DASMNAME=zimatcopy_k_rtc -DASMFNAME=zimatcopy_k_rtc_ -DNAME=zimatcopy_k_rtc_ -DCNAME=zimatcopy_k_rtc -DCHAR_NAME=\"zimatcopy_k_rtc_\" -DCHAR_CNAME=\"zimatcopy_k_rtc\" -DNO_AFFINITY -I.. -DDOUBLE  -DCOMPLEX -c -DDOUBLE -DCOMPLEX -DROWM -DCONJ ../kernel/x86_64/../generic/zimatcopy_rtc.c -o zimatcopy_k_rtc.o
cc -O2 -DMAX_STACK_ALLOC=2048 -Wall -m64 -DF_INTERFACE_GFORT -fPIC -DNO_LAPACK -DNO_LAPACKE -DSMP_SERVER -DNO_WARMUP -DMAX_CPU_NUMBER=4 -DMAX_PARALLEL_NUMBER=1 -DBUILD_SINGLE=1 -DBUILD_DOUBLE=1 -DBUILD_COMPLEX=1 -DBUILD_COMPLEX16=1 -DVERSION=\"0.3.17.dev\" -msse3 -mssse3 -msse4.1 -mavx -mavx2 -mavx2 -UASMNAME -UASMFNAME -UNAME -UCNAME -UCHAR_NAME -UCHAR_CNAME -DASMNAME=zgeadd_k -DASMFNAME=zgeadd_k_ -DNAME=zgeadd_k_ -DCNAME=zgeadd_k -DCHAR_NAME=\"zgeadd_k_\" -DCHAR_CNAME=\"zgeadd_k\" -DNO_AFFINITY -I.. -DDOUBLE  -DCOMPLEX -c -DDOUBLE -DCOMPLEX -UROWM ../kernel/x86_64/../generic/zgeadd.c -o zgeadd_k.o
cc -c -O2 -DMAX_STACK_ALLOC=2048 -Wall -m64 -DF_INTERFACE_GFORT -fPIC -DNO_LAPACK -DNO_LAPACKE -DSMP_SERVER -DNO_WARMUP -DMAX_CPU_NUMBER=4 -DMAX_PARALLEL_NUMBER=1 -DBUILD_SINGLE=1 -DBUILD_DOUBLE=1 -DBUILD_COMPLEX=1 -DBUILD_COMPLEX16=1 -DVERSION=\"0.3.17.dev\" -msse3 -mssse3 -msse4.1 -mavx -mavx2 -mavx2 -UASMNAME -UASMFNAME -UNAME -UCNAME -UCHAR_NAME -UCHAR_CNAME -DASMNAME=lsame -DASMFNAME=lsame_ -DNAME=lsame_ -DCNAME=lsame -DCHAR_NAME=\"lsame_\" -DCHAR_CNAME=\"lsame\" -DNO_AFFINITY -I.. -DF_INTERFACE ../kernel/x86_64/lsame.S -o lsame.o
cc -c -O2 -DMAX_STACK_ALLOC=2048 -Wall -m64 -DF_INTERFACE_GFORT -fPIC -DNO_LAPACK -DNO_LAPACKE -DSMP_SERVER -DNO_WARMUP -DMAX_CPU_NUMBER=4 -DMAX_PARALLEL_NUMBER=1 -DBUILD_SINGLE=1 -DBUILD_DOUBLE=1 -DBUILD_COMPLEX=1 -DBUILD_COMPLEX16=1 -DVERSION=\"0.3.17.dev\" -msse3 -mssse3 -msse4.1 -mavx -mavx2 -mavx2 -UASMNAME -UASMFNAME -UNAME -UCNAME -UCHAR_NAME -UCHAR_CNAME -DASMNAME=scabs1 -DASMFNAME=scabs1_ -DNAME=scabs1_ -DCNAME=scabs1 -DCHAR_NAME=\"scabs1_\" -DCHAR_CNAME=\"scabs1\" -DNO_AFFINITY -I.. -DCOMPLEX -UDOUBLE -DF_INTERFACE ../kernel/x86_64/cabs.S -o scabs1.o
cc -c -O2 -DMAX_STACK_ALLOC=2048 -Wall -m64 -DF_INTERFACE_GFORT -fPIC -DNO_LAPACK -DNO_LAPACKE -DSMP_SERVER -DNO_WARMUP -DMAX_CPU_NUMBER=4 -DMAX_PARALLEL_NUMBER=1 -DBUILD_SINGLE=1 -DBUILD_DOUBLE=1 -DBUILD_COMPLEX=1 -DBUILD_COMPLEX16=1 -DVERSION=\"0.3.17.dev\" -msse3 -mssse3 -msse4.1 -mavx -mavx2 -mavx2 -UASMNAME -UASMFNAME -UNAME -UCNAME -UCHAR_NAME -UCHAR_CNAME -DASMNAME=dcabs1 -DASMFNAME=dcabs1_ -DNAME=dcabs1_ -DCNAME=dcabs1 -DCHAR_NAME=\"dcabs1_\" -DCHAR_CNAME=\"dcabs1\" -DNO_AFFINITY -I.. -DCOMPLEX -DDOUBLE -DF_INTERFACE ../kernel/x86_64/cabs.S -o dcabs1.o
ar  -ru ../libopenblas_haswellp-r0.3.17.dev.a samax_k.o samin_k.o smax_k.o smin_k.o isamax_k.o isamin_k.o ismax_k.o ismin_k.o sasum_k.o ssum_k.o saxpy_k.o scopy_k.o sdot_k.o sdsdot_k.o dsdot_k.o snrm2_k.o srot_k.o sscal_k.o sswap_k.o saxpby_k.o sgemv_n.o sgemv_t.o ssymv_U.o ssymv_L.o sger_k.o sgemm_kernel.o sgemm_beta.o sgemm_incopy.o sgemm_itcopy.o sgemm_oncopy.o sgemm_otcopy.o sgemm_direct.o sgemm_direct_performant.o strmm_kernel_LN.o strmm_kernel_LT.o strmm_kernel_RN.o strmm_kernel_RT.o strsm_kernel_LN.o strsm_kernel_LT.o strsm_kernel_RN.o strsm_kernel_RT.o strmm_iunucopy.o strmm_iunncopy.o strmm_ilnucopy.o strmm_ilnncopy.o strmm_iutucopy.o strmm_iutncopy.o strmm_iltucopy.o strmm_iltncopy.o strmm_ounucopy.o strmm_ounncopy.o strmm_olnucopy.o strmm_olnncopy.o strmm_outucopy.o strmm_outncopy.o strmm_oltucopy.o strmm_oltncopy.o strsm_iunucopy.o strsm_iunncopy.o strsm_ilnucopy.o strsm_ilnncopy.o strsm_iutucopy.o strsm_iutncopy.o strsm_iltucopy.o strsm_iltncopy.o strsm_ounucopy.o strsm_ounncopy.o strsm_olnucopy.o strsm_olnncopy.o strsm_outucopy.o strsm_outncopy.o strsm_oltucopy.o strsm_oltncopy.o ssymm_iutcopy.o ssymm_iltcopy.o ssymm_outcopy.o ssymm_oltcopy.o somatcopy_k_cn.o somatcopy_k_rn.o somatcopy_k_ct.o somatcopy_k_rt.o simatcopy_k_cn.o simatcopy_k_rn.o simatcopy_k_ct.o simatcopy_k_rt.o sgeadd_k.o damax_k.o damin_k.o dmax_k.o dmin_k.o idamax_k.o idamin_k.o idmax_k.o idmin_k.o dasum_k.o daxpy_k.o dcopy_k.o ddot_k.o dnrm2_k.o drot_k.o dscal_k.o dswap_k.o daxpby_k.o dsum_k.o dgemv_n.o dgemv_t.o dsymv_U.o dsymv_L.o dger_k.o dgemm_beta.o dgemm_kernel.o dgemm_incopy.o dgemm_itcopy.o dgemm_oncopy.o dgemm_otcopy.o dtrmm_kernel_LN.o dtrmm_kernel_LT.o dtrmm_kernel_RN.o dtrmm_kernel_RT.o dtrsm_kernel_LN.o dtrsm_kernel_LT.o dtrsm_kernel_RN.o dtrsm_kernel_RT.o dtrmm_iunucopy.o dtrmm_iunncopy.o dtrmm_ilnucopy.o dtrmm_ilnncopy.o dtrmm_iutucopy.o dtrmm_iutncopy.o dtrmm_iltucopy.o dtrmm_iltncopy.o dtrmm_ounucopy.o dtrmm_ounncopy.o dtrmm_olnucopy.o dtrmm_olnncopy.o dtrmm_outucopy.o dtrmm_outncopy.o dtrmm_oltucopy.o dtrmm_oltncopy.o dtrsm_iunucopy.o dtrsm_iunncopy.o dtrsm_ilnucopy.o dtrsm_ilnncopy.o dtrsm_iutucopy.o dtrsm_iutncopy.o dtrsm_iltucopy.o dtrsm_iltncopy.o dtrsm_ounucopy.o dtrsm_ounncopy.o dtrsm_olnucopy.o dtrsm_olnncopy.o dtrsm_outucopy.o dtrsm_outncopy.o dtrsm_oltucopy.o dtrsm_oltncopy.o dsymm_iutcopy.o dsymm_iltcopy.o dsymm_outcopy.o dsymm_oltcopy.o domatcopy_k_cn.o domatcopy_k_rn.o domatcopy_k_ct.o domatcopy_k_rt.o dimatcopy_k_cn.o dimatcopy_k_rn.o dimatcopy_k_ct.o dimatcopy_k_rt.o dgeadd_k.o camax_k.o camin_k.o icamax_k.o icamin_k.o casum_k.o caxpy_k.o caxpyc_k.o ccopy_k.o cdotc_k.o cdotu_k.o cnrm2_k.o csrot_k.o cscal_k.o cswap_k.o caxpby_k.o csum_k.o cgemv_n.o cgemv_t.o cgemv_r.o cgemv_c.o cgemv_o.o cgemv_u.o cgemv_s.o cgemv_d.o csymv_U.o csymv_L.o chemv_U.o chemv_L.o chemv_V.o chemv_M.o cgeru_k.o cgerc_k.o cgerv_k.o cgerd_k.o cgemm_kernel_n.o cgemm_kernel_r.o cgemm_kernel_l.o cgemm_kernel_b.o cgemm_incopy.o cgemm_itcopy.o cgemm_oncopy.o cgemm_otcopy.o ctrmm_kernel_LN.o ctrmm_kernel_LT.o ctrmm_kernel_LR.o ctrmm_kernel_LC.o ctrmm_kernel_RN.o ctrmm_kernel_RT.o ctrmm_kernel_RR.o ctrmm_kernel_RC.o cgemm_beta.o ctrsm_kernel_LN.o ctrsm_kernel_LT.o ctrsm_kernel_LR.o ctrsm_kernel_LC.o ctrsm_kernel_RN.o ctrsm_kernel_RT.o ctrsm_kernel_RR.o ctrsm_kernel_RC.o cgemm3m_kernel.o ctrmm_iunucopy.o ctrmm_iunncopy.o ctrmm_ilnucopy.o ctrmm_ilnncopy.o ctrmm_iutucopy.o ctrmm_iutncopy.o ctrmm_iltucopy.o ctrmm_iltncopy.o ctrmm_ounucopy.o ctrmm_ounncopy.o ctrmm_olnucopy.o ctrmm_olnncopy.o ctrmm_outucopy.o ctrmm_outncopy.o ctrmm_oltucopy.o ctrmm_oltncopy.o csymm_iutcopy.o csymm_iltcopy.o csymm_outcopy.o csymm_oltcopy.o chemm_iutcopy.o chemm_iltcopy.o chemm_outcopy.o chemm_oltcopy.o ctrsm_iunucopy.o ctrsm_iunncopy.o ctrsm_ilnucopy.o ctrsm_ilnncopy.o ctrsm_iutucopy.o ctrsm_iutncopy.o ctrsm_iltucopy.o ctrsm_iltncopy.o ctrsm_ounucopy.o ctrsm_ounncopy.o ctrsm_olnucopy.o ctrsm_olnncopy.o ctrsm_outucopy.o ctrsm_outncopy.o ctrsm_oltucopy.o ctrsm_oltncopy.o cgemm3m_incopyb.o cgemm3m_itcopyb.o cgemm3m_incopyr.o cgemm3m_itcopyr.o cgemm3m_incopyi.o cgemm3m_itcopyi.o cgemm3m_oncopyb.o cgemm3m_otcopyb.o cgemm3m_oncopyr.o cgemm3m_otcopyr.o cgemm3m_oncopyi.o cgemm3m_otcopyi.o csymm3m_iucopyb.o csymm3m_oucopyb.o csymm3m_iucopyr.o csymm3m_oucopyr.o csymm3m_iucopyi.o csymm3m_oucopyi.o csymm3m_ilcopyb.o csymm3m_olcopyb.o csymm3m_ilcopyr.o csymm3m_olcopyr.o csymm3m_ilcopyi.o csymm3m_olcopyi.o chemm3m_iucopyb.o chemm3m_oucopyb.o chemm3m_iucopyr.o chemm3m_oucopyr.o chemm3m_iucopyi.o chemm3m_oucopyi.o chemm3m_ilcopyb.o chemm3m_olcopyb.o chemm3m_ilcopyr.o chemm3m_olcopyr.o chemm3m_ilcopyi.o chemm3m_olcopyi.o comatcopy_k_cn.o comatcopy_k_rn.o comatcopy_k_ct.o comatcopy_k_rt.o comatcopy_k_cnc.o comatcopy_k_rnc.o comatcopy_k_ctc.o comatcopy_k_rtc.o cimatcopy_k_cn.o cimatcopy_k_rn.o cimatcopy_k_ct.o cimatcopy_k_rt.o cimatcopy_k_cnc.o cimatcopy_k_rnc.o cimatcopy_k_ctc.o cimatcopy_k_rtc.o cgeadd_k.o zamax_k.o zamin_k.o izamax_k.o izamin_k.o zasum_k.o zaxpy_k.o zaxpyc_k.o zcopy_k.o zdotc_k.o zdotu_k.o znrm2_k.o zdrot_k.o zscal_k.o zswap_k.o zaxpby_k.o zsum_k.o zgemv_n.o zgemv_t.o zgemv_r.o zgemv_c.o zgemv_o.o zgemv_u.o zgemv_s.o zgemv_d.o zsymv_U.o zsymv_L.o zhemv_U.o zhemv_L.o zhemv_V.o zhemv_M.o zgeru_k.o zgerc_k.o zgerv_k.o zgerd_k.o zgemm_kernel_n.o zgemm_kernel_r.o zgemm_kernel_l.o zgemm_kernel_b.o zgemm_incopy.o zgemm_itcopy.o zgemm_oncopy.o zgemm_otcopy.o zgemm_beta.o ztrmm_kernel_LN.o ztrmm_kernel_LT.o ztrmm_kernel_LR.o ztrmm_kernel_LC.o ztrmm_kernel_RN.o ztrmm_kernel_RT.o ztrmm_kernel_RR.o ztrmm_kernel_RC.o ztrsm_kernel_LN.o ztrsm_kernel_LT.o ztrsm_kernel_LR.o ztrsm_kernel_LC.o ztrsm_kernel_RN.o ztrsm_kernel_RT.o ztrsm_kernel_RR.o ztrsm_kernel_RC.o zgemm3m_kernel.o ztrmm_iunucopy.o ztrmm_iunncopy.o ztrmm_ilnucopy.o ztrmm_ilnncopy.o ztrmm_iutucopy.o ztrmm_iutncopy.o ztrmm_iltucopy.o ztrmm_iltncopy.o ztrmm_ounucopy.o ztrmm_ounncopy.o ztrmm_olnucopy.o ztrmm_olnncopy.o ztrmm_outucopy.o ztrmm_outncopy.o ztrmm_oltucopy.o ztrmm_oltncopy.o ztrsm_iunucopy.o ztrsm_iunncopy.o ztrsm_ilnucopy.o ztrsm_ilnncopy.o ztrsm_iutucopy.o ztrsm_iutncopy.o ztrsm_iltucopy.o ztrsm_iltncopy.o ztrsm_ounucopy.o ztrsm_ounncopy.o ztrsm_olnucopy.o ztrsm_olnncopy.o ztrsm_outucopy.o ztrsm_outncopy.o ztrsm_oltucopy.o ztrsm_oltncopy.o zsymm_iutcopy.o zsymm_iltcopy.o zsymm_outcopy.o zsymm_oltcopy.o zhemm_iutcopy.o zhemm_iltcopy.o zhemm_outcopy.o zhemm_oltcopy.o zgemm3m_incopyb.o zgemm3m_itcopyb.o zgemm3m_incopyr.o zgemm3m_itcopyr.o zgemm3m_incopyi.o zgemm3m_itcopyi.o zgemm3m_oncopyb.o zgemm3m_otcopyb.o zgemm3m_oncopyr.o zgemm3m_otcopyr.o zgemm3m_oncopyi.o zgemm3m_otcopyi.o zsymm3m_iucopyb.o zsymm3m_oucopyb.o zsymm3m_iucopyr.o zsymm3m_oucopyr.o zsymm3m_iucopyi.o zsymm3m_oucopyi.o zsymm3m_ilcopyb.o zsymm3m_olcopyb.o zsymm3m_ilcopyr.o zsymm3m_olcopyr.o zsymm3m_ilcopyi.o zsymm3m_olcopyi.o zhemm3m_iucopyb.o zhemm3m_oucopyb.o zhemm3m_iucopyr.o zhemm3m_oucopyr.o zhemm3m_iucopyi.o zhemm3m_oucopyi.o zhemm3m_ilcopyb.o zhemm3m_olcopyb.o zhemm3m_ilcopyr.o zhemm3m_olcopyr.o zhemm3m_ilcopyi.o zhemm3m_olcopyi.o zomatcopy_k_cn.o zomatcopy_k_rn.o zomatcopy_k_ct.o zomatcopy_k_rt.o zomatcopy_k_cnc.o zomatcopy_k_rnc.o zomatcopy_k_ctc.o zomatcopy_k_rtc.o zimatcopy_k_cn.o zimatcopy_k_rn.o zimatcopy_k_ct.o zimatcopy_k_rt.o zimatcopy_k_cnc.o zimatcopy_k_rnc.o zimatcopy_k_ctc.o zimatcopy_k_rtc.o zgeadd_k.o lsame.o scabs1.o dcabs1.o
make[1]: 离开目录“/home/gxw/Code/community/OpenBLAS/kernel”
make[1]: 进入目录“/home/gxw/Code/community/OpenBLAS/exports”
perl ./gensymbol linktest  x86_64 _ 0 0 1 1 0 0 "" "" 1 0 1 1 1 1 > linktest.c
cc -O2 -DMAX_STACK_ALLOC=2048 -Wall -m64 -DF_INTERFACE_GFORT -fPIC -DNO_LAPACK -DNO_LAPACKE -DSMP_SERVER -DNO_WARMUP -DMAX_CPU_NUMBER=4 -DMAX_PARALLEL_NUMBER=1 -DBUILD_SINGLE=1 -DBUILD_DOUBLE=1 -DBUILD_COMPLEX=1 -DBUILD_COMPLEX16=1 -DVERSION=\"0.3.17.dev\" -msse3 -mssse3 -msse4.1 -mavx -mavx2 -mavx2 -UASMNAME -UASMFNAME -UNAME -UCNAME -UCHAR_NAME -UCHAR_CNAME -DASMNAME= -DASMFNAME=_ -DNAME=_ -DCNAME= -DCHAR_NAME=\"_\" -DCHAR_CNAME=\"\" -DNO_AFFINITY -I..  -shared -o ../libopenblas_haswellp-r0.3.17.dev.so \
-Wl,--whole-archive ../libopenblas_haswellp-r0.3.17.dev.a -Wl,--no-whole-archive \
-Wl,-soname,libopenblas.so.0 -lm -lpthread -lm -lpthread
cc -O2 -DMAX_STACK_ALLOC=2048 -Wall -m64 -DF_INTERFACE_GFORT -fPIC -DNO_LAPACK -DNO_LAPACKE -DSMP_SERVER -DNO_WARMUP -DMAX_CPU_NUMBER=4 -DMAX_PARALLEL_NUMBER=1 -DBUILD_SINGLE=1 -DBUILD_DOUBLE=1 -DBUILD_COMPLEX=1 -DBUILD_COMPLEX16=1 -DVERSION=\"0.3.17.dev\" -msse3 -mssse3 -msse4.1 -mavx -mavx2 -mavx2 -UASMNAME -UASMFNAME -UNAME -UCNAME -UCHAR_NAME -UCHAR_CNAME -DASMNAME= -DASMFNAME=_ -DNAME=_ -DCNAME= -DCHAR_NAME=\"_\" -DCHAR_CNAME=\"\" -DNO_AFFINITY -I..  -w -o linktest linktest.c ../libopenblas_haswellp-r0.3.17.dev.so  && echo OK.
OK.
rm -f linktest
make[1]: 离开目录“/home/gxw/Code/community/OpenBLAS/exports”

 OpenBLAS build complete. (BLAS CBLAS)

  OS               ... Linux             
  Architecture     ... x86_64               
  BINARY           ... 64bit                 
  C compiler       ... GCC  (cmd & version : cc (Ubuntu 9.3.0-17ubuntu1~20.04) 9.3.0)
  Library Name     ... libopenblas_haswellp-r0.3.17.dev.a (Multi-threading; Max num-threads is 4)

To install the library, you can run "make PREFIX=/path/to/your/installation install".

